qload tag=1x900-t10-144k-w900-p5 loader=5/9 mode=batch rate=16000 msg/s batch=10 batch-max=0 max-inflight=5000 ramp=10s duration=1m10s report=10s drain=1m0s GOMAXPROCS=16 GOGC=400 seed=1790882949553668181
  offered: 16000 msg/s = 1600.0 units/s (avg 10.0 msgs/unit) across 33 pacer workers (48.48 units/s each)
  topics: 1 x 900 partitions (x1x900-t10-144k-w900..x1x900-t10-144k-w900), entities/topic=0 (explicit partition) | picker: topics=rr entities: rr over space=900 starting at 500
  payload: goload jsonEvent target 256 B, avg 289.7 B raw, ~320 B stamped ({"ts":µs,"src":5,...}), pool 64x10
  consumers: 100 here (ci 500..599 of 900), poll=1000 proc-us=0 ack=async ack-inflight=256 local-src=[3 4 5]
  queen: url=http://10.114.0.4:6632 (of 3) conns=2048 timeout=30s pop-width=10 pop-batch=1000 pop-timeout=2s lease=10s | configure: leaseTime=30 completedRetention=3600 dedup=0 retryLimit=1000000 | txn: x1x900-t10-144k-w900-in -> workers (txn-size 10, linger 1s, one /transaction = acks with leases + pushes) -> x1x900-t10-144k-w900-out, 100 read-committed readers
  [queen] http://10.114.0.4:6632 healthy: version 2.0.0-beta.2, this node follower
  [txn] 100 workers (ci 500..599 of 900): x1x900-t10-144k-w900-in -> x1x900-t10-144k-w900-out, txn-size 10, linger 1s, pop width 10, lease 10s
  [consume] 100 consumers of x1x900-t10-144k-w900-out: pop width 10, batch 1000, long poll 2s, lease 10s, async batch acks (ack-inflight 256)
READY 1790883187676
[start] waiting 9.312s for the common start 1790883201300
[start] GO 19:33:21.300 (unix ms 1790883201300)
[19:33:31] offered=     8005/s achieved=     7977/s shed=        0/s inflight=    28 | p50=  17.28 p99=   26.50 p999=   29.82 ms | push=79770 pop=55240 lag=24530 | errs push=0 pop=0 empty=877 gor=810 | ack=     5524/s ackErr=0 ackAvg=15.28ms | e2e p50=46.85 p99=1581.06 p999=1597.44 n=55240 | e2e_local p50=47.36 p99=1581.06 n=18350
[txn] 19:33:31 txn=     564/s msgs=     5643/s avg= 10.00 msg/txn | commit p50=13.25 p99=166.91 p999=175.10 ms | aborts=0 errs=0 open=99 | in=     5742/s | total txns=5643 msgs=56430 aborts=0 errs=0
[19:33:41] offered=    16000/s achieved=    16000/s shed=        0/s inflight=    29 | p50=  21.12 p99=   27.26 p999=   30.34 ms | push=239770 pop=107240 lag=132530 | errs push=0 pop=0 empty=877 gor=811 | ack=     5200/s ackErr=0 ackAvg=20.01ms | e2e p50=5079.04 p99=7962.62 p999=8028.16 n=52000 | e2e_local p50=5144.58 p99=7962.62 n=17500
[txn] 19:33:41 txn=     541/s msgs=     5415/s avg= 10.00 msg/txn | commit p50=158.72 p99=183.30 p999=189.44 ms | aborts=0 errs=0 open=97 | in=     5413/s | total txns=11058 msgs=110580 aborts=0 errs=0
[19:33:51] offered=    15998/s achieved=    15997/s shed=        0/s inflight=    30 | p50=  21.12 p99=   27.52 p999=   30.85 ms | push=399750 pop=161940 lag=237810 | errs push=0 pop=0 empty=877 gor=825 | ack=     5440/s ackErr=0 ackAvg=21.49ms | e2e p50=11337.73 p99=14614.53 p999=14614.53 n=54700 | e2e_local p50=11337.73 p99=14614.53 n=18500
[txn] 19:33:51 txn=     557/s msgs=     5567/s avg= 10.00 msg/txn | commit p50=154.62 p99=183.30 p999=193.54 ms | aborts=0 errs=0 open=94 | in=     5564/s | total txns=16625 msgs=166250 aborts=0 errs=0
[19:34:01] offered=    15997/s achieved=    15991/s shed=        0/s inflight=    37 | p50=  20.86 p99=   27.01 p999=   30.85 ms | push=559660 pop=217690 lag=341970 | errs push=0 pop=0 empty=877 gor=821 | ack=     5605/s ackErr=0 ackAvg=22.27ms | e2e p50=17956.86 p99=20840.45 p999=21102.59 n=55750 | e2e_local p50=17956.86 p99=20840.45 n=18780
[txn] 19:34:01 txn=     574/s msgs=     5743/s avg= 10.00 msg/txn | commit p50=150.53 p99=175.10 p999=183.30 ms | aborts=0 errs=0 open=94 | in=     5743/s | total txns=22368 msgs=223680 aborts=0 errs=0
[19:34:11] offered=    16001/s achieved=    16002/s shed=        0/s inflight=    30 | p50=  21.12 p99=   27.78 p999=   31.62 ms | push=719670 pop=269810 lag=449860 | errs push=0 pop=0 empty=877 gor=823 | ack=     5158/s ackErr=0 ackAvg=22.67ms | e2e p50=24248.32 p99=27394.05 p999=27656.19 n=52120 | e2e_local p50=24248.32 p99=27394.05 n=17220
[txn] 19:34:11 txn=     554/s msgs=     5538/s avg= 10.00 msg/txn | commit p50=154.62 p99=181.25 p999=189.44 ms | aborts=0 errs=0 open=82 | in=     5525/s | total txns=27905 msgs=279050 aborts=0 errs=0
[19:34:21] offered=    16002/s achieved=    16003/s shed=        0/s inflight=    33 | p50=  21.12 p99=   27.26 p999=   30.85 ms | push=879700 pop=330740 lag=548960 | errs push=0 pop=0 empty=877 gor=832 | ack=     6097/s ackErr=0 ackAvg=22.98ms | e2e p50=30801.92 p99=33816.58 p999=33816.58 n=60930 | e2e_local p50=30801.92 p99=33816.58 n=20060
[txn] 19:34:21 txn=     568/s msgs=     5684/s avg= 10.00 msg/txn | commit p50=150.53 p99=177.15 p999=179.20 ms | aborts=0 errs=0 open=95 | in=     5697/s | total txns=33589 msgs=335890 aborts=0 errs=0
[19:34:31] offered=    16001/s achieved=    16004/s shed=        0/s inflight=    30 | p50=  20.86 p99=   27.26 p999=   30.34 ms | push=1039750 pop=385530 lag=654220 | errs push=0 pop=0 empty=877 gor=782 | ack=     5519/s ackErr=0 ackAvg=23.22ms | e2e p50=37486.59 p99=40108.03 p999=40632.32 n=54790 | e2e_local p50=37486.59 p99=40108.03 n=18030
[txn] 19:34:31 txn=     569/s msgs=     5692/s avg= 10.00 msg/txn | commit p50=152.58 p99=179.20 p999=191.49 ms | aborts=0 errs=0 open=78 | in=     5675/s | total txns=39281 msgs=392810 aborts=0 errs=0
[drain] workers and readers keep going for up to 59.982s (ends early after 3s idle; lag now 654500)
[19:34:41] offered=        0/s achieved=       30/s shed=        0/s inflight=     0 | p50=  19.33 p99=   23.17 p999=   23.17 ms | push=1040050 pop=514960 lag=525090 | errs push=0 pop=0 empty=877 gor=767 | ack=    12872/s ackErr=0 ackAvg=23.22ms | e2e p50=41156.61 p99=42205.18 p999=42205.18 n=129430 | e2e_local p50=41156.61 p99=42205.18 n=43970
[txn] 19:34:41 txn=    1300/s msgs=    12999/s avg= 10.00 msg/txn | commit p50=54.53 p99=70.14 p999=150.53 ms | aborts=0 errs=0 open=80 | in=    13001/s | total txns=52279 msgs=522790 aborts=0 errs=0
[19:34:51] offered=        0/s achieved=        0/s shed=        0/s inflight=     0 | p50=   0.00 p99=    0.00 p999=    0.00 ms | push=1040050 pop=640340 lag=399710 | errs push=0 pop=0 empty=877 gor=768 | ack=    12546/s ackErr=0 ackAvg=23.25ms | e2e p50=43253.76 p99=44302.34 p999=44302.34 n=125380 | e2e_local p50=43253.76 p99=44302.34 n=42820
[txn] 19:34:51 txn=    1291/s msgs=    12906/s avg= 10.00 msg/txn | commit p50=55.04 p99=66.05 p999=72.19 ms | aborts=0 errs=0 open=65 | in=    12891/s | total txns=65186 msgs=651860 aborts=0 errs=0
[19:35:01] offered=        0/s achieved=        0/s shed=        0/s inflight=     0 | p50=   0.00 p99=    0.00 p999=    0.00 ms | push=1040050 pop=760840 lag=279210 | errs push=0 pop=0 empty=877 gor=766 | ack=    12095/s ackErr=0 ackAvg=23.28ms | e2e p50=45350.91 p99=46399.49 p999=46399.49 n=120500 | e2e_local p50=45350.91 p99=46399.49 n=40470
[txn] 19:35:01 txn=    1249/s msgs=    12489/s avg= 10.00 msg/txn | commit p50=59.14 p99=71.17 p999=76.29 ms | aborts=0 errs=0 open=69 | in=    12493/s | total txns=77675 msgs=776750 aborts=0 errs=0
[19:35:11] offered=        0/s achieved=        0/s shed=        0/s inflight=     0 | p50=   0.00 p99=    0.00 p999=    0.00 ms | push=1040050 pop=885210 lag=154840 | errs push=0 pop=0 empty=877 gor=763 | ack=    12418/s ackErr=0 ackAvg=23.32ms | e2e p50=47448.06 p99=48496.64 p999=49020.93 n=124380 | e2e_local p50=47448.06 p99=48496.64 n=41690
[txn] 19:35:11 txn=    1256/s msgs=    12557/s avg= 10.00 msg/txn | commit p50=58.62 p99=67.07 p999=71.17 ms | aborts=0 errs=0 open=78 | in=    12565/s | total txns=90231 msgs=902310 aborts=0 errs=0
[19:35:21] offered=        0/s achieved=        0/s shed=        0/s inflight=     0 | p50=   0.00 p99=    0.00 p999=    0.00 ms | push=1040050 pop=1005600 lag=34450 | errs push=0 pop=0 empty=877 gor=758 | ack=    12032/s ackErr=0 ackAvg=23.34ms | e2e p50=49545.22 p99=51118.08 p999=51118.08 n=120380 | e2e_local p50=49545.22 p99=51118.08 n=40090
[txn] 19:35:21 txn=    1243/s msgs=    12434/s avg= 10.00 msg/txn | commit p50=59.65 p99=69.12 p999=72.19 ms | aborts=0 errs=0 open=73 | in=    12430/s | total txns=102666 msgs=1026660 aborts=0 errs=0
[drain] idle for 3s after 55.1s: ending the drain (lag 23440)
[info] steady window 60s (after the ramp, before the producers stopped): offered 16000/s pushed 15999/s popped 5505/s cpu 79.0% = 4.94 cores per 100k msg/s (produce+consume)
[final] offered=104005 achieved=104005 shed=0 (msgs: offered=1040050 achieved=1040050 shed=0) pushErr=0 | pushed=1040050 popped=1016610 lag=23440 | popErr=0 empty=1176 | overall p50=20.86 p99=27.26 p999=30.85 ms | acked=1016610 ackErr=0 ackLag=23440 ackAvg=23.31ms | e2e p50=42205.18 p99=51118.08 p999=51118.08 ms
load_cpu=67.8%
[txn-final] txns=103840 msgs=1038400 aborts=0 errs=0 in=1038400 avg=10.00 msg/txn | commit p50=60.67 p99=175.10 p999=185.34 max=577.54 ms
[ids] ledger /root/bench/runs/txn/queen/1x900-t10-144k-w900/ids/p5.ids: 1040050 confirmed, 0 failed, 0 unanswered
