kload tag=c3-1x200-1000k-p6 loader=6/9 mode=batch rate=111111 msg/s batch=100 batch-max=0 max-inflight=5000 ramp=10s duration=1m10s report=10s drain=0s GOMAXPROCS=16 GOGC=400 seed=1790893988083599066
  offered: 111111 msg/s = 1111.1 units/s (avg 100.0 msgs/unit) across 23 pacer workers (48.31 units/s each)
  topics: 1 x 200 partitions (kc3-1x200-1000k..kc3-1x200-1000k), entities/topic=0 (explicit partition) | picker: topics=rr entities: rr over space=200 starting at 133
  payload: goload jsonEvent target 256 B, avg 289.5 B raw, ~319 B stamped ({"ts":µs,"src":6,...}), pool 64x100
  consumers: 22 here (ci 132..153 of 198), poll=1000 proc-us=0 ack=async ack-inflight=256 local-src=[6 7 8]
  kafka: brokers=10.114.0.2:9092,10.114.0.3:9092,10.114.0.4:9092 rf=3 min-isr=2 producers=4 linger=5ms compression=lz4 acks=all idempotent batch-max-bytes=1048576 | consumers: protocol=classic fetch-max-wait=500ms fetch-min-bytes=1 fetch-max-partition-bytes=1048576 session=45s
  [topic] READY after 0.0s: 1 topics x 200 partitions, leaders + full ISR
  [config] broker.compression.type = producer (DEFAULT_CONFIG)
  [config] broker.group.initial.rebalance.delay.ms = 3000 (STATIC_BROKER_CONFIG)
  [config] topic.min.insync.replicas = 1 (DYNAMIC_TOPIC_CONFIG)
  [config] topic.retention.ms = 600000 (DYNAMIC_TOPIC_CONFIG)
  [group] 22 consumers in 1 groups (kc3-1x200-1000k-g-t0 ... ), protocol classic
  [group] t=+0.0s waiting: kc3-1x200-1000k-g-t0: local members 22/198 hold 0/200 partitions (group-wide PreparingRebalance members=7 assigned=0)
  [group] t=+2.0s waiting: kc3-1x200-1000k-g-t0: local members 22/198 hold 0/200 partitions (group-wide PreparingRebalance members=198 assigned=0)
  [group] t=+4.0s waiting: kc3-1x200-1000k-g-t0: local members 22/198 hold 0/200 partitions (group-wide PreparingRebalance members=198 assigned=0)
  [group] t=+6.0s waiting: kc3-1x200-1000k-g-t0: local members 22/198 hold 22/200 partitions (group-wide Stable members=198 assigned=200)
  [group] t=+8.0s waiting: kc3-1x200-1000k-g-t0: local members 22/198 hold 22/200 partitions (group-wide Stable members=198 assigned=200)
  [group] STABLE after 9.0s: 1 groups, 22 local members holding 22 partitions, assignEv=22 revokeEv=0 lostEv=0
  [produce] 4 clients connected to every broker with producer IDs in 0.01s; max buffered 501024 records per client
READY 1790894175801
[start] waiting 9.372s for the common start 1790894191893
[start] GO 22:36:31.893 (unix ms 1790894191893)
[22:36:41] offered=    55564/s achieved=    55424/s shed=        0/s inflight=    14 | p50=  12.48 p99=   20.35 p999=   25.98 ms | push=554200 pop=548600 lag=5600 | errs push=0 pop=0 empty=0 gor=314 | ack=    54634/s ackErr=0 ackAvg=12.69ms | e2e p50=13.63 p99=23.42 p999=34.05 n=548600 | e2e_local p50=13.25 p99=22.40 n=184800
[22:36:51] offered=   111104/s achieved=   111104/s shed=        0/s inflight=    14 | p50=  14.66 p99=   37.12 p999=   49.41 ms | push=1665300 pop=1646031 lag=19269 | errs push=0 pop=0 empty=0 gor=507 | ack=   106886/s ackErr=0 ackAvg=148.28ms | e2e p50=34.05 p99=92.67 p999=114.18 n=1097431 | e2e_local p50=34.56 p99=89.60 n=363000
[22:37:01] offered=   111095/s achieved=   111075/s shed=        0/s inflight=    17 | p50=  14.53 p99=   33.54 p999=   43.78 ms | push=2776000 pop=2745200 lag=30800 | errs push=0 pop=0 empty=0 gor=524 | ack=   109713/s ackErr=0 ackAvg=191.10ms | e2e p50=40.70 p99=86.53 p999=110.08 n=1099169 | e2e_local p50=40.70 p99=82.43 n=369600
[22:37:11] offered=   111117/s achieved=   111147/s shed=        0/s inflight=    13 | p50=  15.04 p99=   34.56 p999=   45.82 ms | push=3887500 pop=3847700 lag=39800 | errs push=0 pop=0 empty=0 gor=521 | ack=   110257/s ackErr=0 ackAvg=211.17ms | e2e p50=44.29 p99=84.48 p999=96.77 n=1102500 | e2e_local p50=44.80 p99=81.41 n=364800
[22:37:21] offered=   111123/s achieved=   111113/s shed=        0/s inflight=    14 | p50=  15.17 p99=   41.22 p999=   60.67 ms | push=4998600 pop=4945600 lag=53000 | errs push=0 pop=0 empty=0 gor=505 | ack=   109663/s ackErr=0 ackAvg=223.35ms | e2e p50=44.29 p99=108.03 p999=140.29 n=1097900 | e2e_local p50=44.80 p99=108.03 n=367800
[22:37:31] offered=   111101/s achieved=   111141/s shed=        0/s inflight=    10 | p50=  14.02 p99=   27.01 p999=   35.07 ms | push=6110000 pop=6046900 lag=63100 | errs push=0 pop=0 empty=0 gor=502 | ack=   110511/s ackErr=0 ackAvg=227.68ms | e2e p50=36.10 p99=74.24 p999=89.60 n=1101300 | e2e_local p50=35.58 p99=71.17 n=366100
[22:37:41] offered=   111108/s achieved=   111068/s shed=        0/s inflight=    14 | p50=  14.14 p99=   30.34 p999=   39.68 ms | push=7220800 pop=7144600 lag=76200 | errs push=0 pop=0 empty=0 gor=484 | ack=   109089/s ackErr=0 ackAvg=231.17ms | e2e p50=38.14 p99=78.34 p999=91.65 n=1097700 | e2e_local p50=38.14 p99=78.34 n=366500
[info] steady window 60s (after the ramp, before the producers stopped): offered 111108/s pushed 111108/s popped 109931/s cpu 75.1% = 0.68 cores per 100k msg/s (produce+consume)
[final] offered=72222 achieved=72222 shed=0 (msgs: offered=7222200 achieved=7222200 shed=0) pushErr=0 | pushed=7222200 popped=7147500 lag=74700 | popErr=0 empty=0 | overall p50=14.40 p99=34.05 p999=48.90 ms | acked=7144700 ackErr=0 ackLag=77500 ackAvg=231.31ms | e2e p50=38.66 p99=88.58 p999=118.27 ms
load_cpu=52.6%
