qload tag= loader=0/1 mode=batch rate=20000 msg/s batch=1 batch-max=0 max-inflight=5000 ramp=5s duration=5m0s report=10s drain=0s GOMAXPROCS=10 GOGC=400(default) seed=1791598100587828678
  offered: 20000 msg/s = 20000.0 units/s (avg 1.0 msgs/unit) across 64 pacer workers (312.50 units/s each)
  topics: 1 x 2000 partitions (ram..ram), entities/topic=0 (explicit partition) | picker: topics=rr entities: rr over space=2000 starting at 0
  payload: goload jsonEvent target 256 B, avg 289.3 B raw, ~319 B stamped ({"ts":µs,"src":0,...}), pool 64x1
  consumers: 0 here (ci 0..-1 of 0), poll=1000 proc-us=0 ack=async ack-inflight=256 local-src=[0]
  queen: url=http://127.0.0.1:6632 (of 1) conns=2048 timeout=30s pop-width=10 pop-batch=1000 pop-timeout=2s lease=30s | configure: leaseTime=30 completedRetention=3600 dedup=0 retryLimit=1000000 | plain: consumers pop+ack the queue
  [queen] http://127.0.0.1:6632 healthy: version 2.2.0, this node leader
READY 1791597514888
[start] GO 01:58:34.888 (unix ms 1791597514888)
[01:58:44] offered=    14999/s achieved=    14997/s shed=        0/s inflight=    24 | p50=   1.74 p99=   40.19 p999=   92.67 ms | push=149966 pop=0 lag=149966 | errs push=0 pop=0 empty=0 gor=2817 | ack=        0/s ackErr=0 ackAvg=0.00ms | e2e p50=0.00 p99=0.00 p999=0.00 n=0 | e2e_local p50=0.00 p99=0.00 n=0
[01:58:54] offered=    20001/s achieved=    19999/s shed=        0/s inflight=    33 | p50=   1.69 p99=   22.66 p999=   75.26 ms | push=349959 pop=0 lag=349959 | errs push=0 pop=0 empty=0 gor=3336 | ack=        0/s ackErr=0 ackAvg=0.00ms | e2e p50=0.00 p99=0.00 p999=0.00 n=0 | e2e_local p50=0.00 p99=0.00 n=0
[01:59:04] offered=    20000/s achieved=    20000/s shed=        0/s inflight=    38 | p50=   1.86 p99=   22.40 p999=   30.59 ms | push=549956 pop=0 lag=549956 | errs push=0 pop=0 empty=0 gor=3341 | ack=        0/s ackErr=0 ackAvg=0.00ms | e2e p50=0.00 p99=0.00 p999=0.00 n=0 | e2e_local p50=0.00 p99=0.00 n=0
[01:59:14] offered=    20000/s achieved=    19416/s shed=      580/s inflight=    75 | p50=   1.93 p99=  464.90 p999=  544.77 ms | push=744117 pop=0 lag=744117 | errs push=0 pop=0 empty=0 gor=4240 | ack=        0/s ackErr=0 ackAvg=0.00ms | e2e p50=0.00 p99=0.00 p999=0.00 n=0 | e2e_local p50=0.00 p99=0.00 n=0
[01:59:24] offered=    20000/s achieved=    20005/s shed=        0/s inflight=    31 | p50=   1.80 p99=   21.12 p999=   30.08 ms | push=944164 pop=0 lag=944164 | errs push=0 pop=0 empty=0 gor=4196 | ack=        0/s ackErr=0 ackAvg=0.00ms | e2e p50=0.00 p99=0.00 p999=0.00 n=0 | e2e_local p50=0.00 p99=0.00 n=0
[01:59:34] offered=    20000/s achieved=    19999/s shed=        0/s inflight=    38 | p50=   1.72 p99=   22.66 p999=   49.41 ms | push=1144157 pop=0 lag=1144157 | errs push=0 pop=0 empty=0 gor=4203 | ack=        0/s ackErr=0 ackAvg=0.00ms | e2e p50=0.00 p99=0.00 p999=0.00 n=0 | e2e_local p50=0.00 p99=0.00 n=0
[01:59:44] offered=    20000/s achieved=    20000/s shed=        0/s inflight=    38 | p50=   1.80 p99=   31.10 p999=   45.82 ms | push=1344156 pop=0 lag=1344156 | errs push=0 pop=0 empty=0 gor=4203 | ack=        0/s ackErr=0 ackAvg=0.00ms | e2e p50=0.00 p99=0.00 p999=0.00 n=0 | e2e_local p50=0.00 p99=0.00 n=0
[01:59:54] offered=    19999/s achieved=    20001/s shed=        0/s inflight=    27 | p50=   1.98 p99=   46.34 p999=   66.05 ms | push=1544163 pop=0 lag=1544163 | errs push=0 pop=0 empty=0 gor=4192 | ack=        0/s ackErr=0 ackAvg=0.00ms | e2e p50=0.00 p99=0.00 p999=0.00 n=0 | e2e_local p50=0.00 p99=0.00 n=0
[02:00:04] offered=    20001/s achieved=    20000/s shed=        0/s inflight=    30 | p50=   1.83 p99=   43.26 p999=   63.74 ms | push=1744165 pop=0 lag=1744165 | errs push=0 pop=0 empty=0 gor=4195 | ack=        0/s ackErr=0 ackAvg=0.00ms | e2e p50=0.00 p99=0.00 p999=0.00 n=0 | e2e_local p50=0.00 p99=0.00 n=0
[02:00:14] offered=    20000/s achieved=    20001/s shed=        0/s inflight=    19 | p50=   1.82 p99=   75.26 p999=  102.91 ms | push=1944175 pop=0 lag=1944175 | errs push=0 pop=0 empty=0 gor=4184 | ack=        0/s ackErr=0 ackAvg=0.00ms | e2e p50=0.00 p99=0.00 p999=0.00 n=0 | e2e_local p50=0.00 p99=0.00 n=0
[02:00:24] offered=    20000/s achieved=    19998/s shed=        0/s inflight=    36 | p50=   1.83 p99=   41.73 p999=   52.48 ms | push=2144156 pop=0 lag=2144156 | errs push=0 pop=0 empty=0 gor=4201 | ack=        0/s ackErr=0 ackAvg=0.00ms | e2e p50=0.00 p99=0.00 p999=0.00 n=0 | e2e_local p50=0.00 p99=0.00 n=0
[02:00:34] offered=    19998/s achieved=    19997/s shed=        0/s inflight=    50 | p50=   1.83 p99=   52.99 p999=   72.19 ms | push=2344134 pop=0 lag=2344134 | errs push=0 pop=0 empty=0 gor=4217 | ack=        0/s ackErr=0 ackAvg=0.00ms | e2e p50=0.00 p99=0.00 p999=0.00 n=0 | e2e_local p50=0.00 p99=0.00 n=0
[02:00:44] offered=    20001/s achieved=    19993/s shed=        0/s inflight=   132 | p50=   1.78 p99=   40.70 p999=   52.48 ms | push=2544080 pop=0 lag=2544080 | errs push=0 pop=0 empty=0 gor=4298 | ack=        0/s ackErr=0 ackAvg=0.00ms | e2e p50=0.00 p99=0.00 p999=0.00 n=0 | e2e_local p50=0.00 p99=0.00 n=0
[02:00:54] offered=    20001/s achieved=    20010/s shed=        0/s inflight=    38 | p50=   1.80 p99=   58.11 p999=   75.26 ms | push=2744156 pop=0 lag=2744156 | errs push=0 pop=0 empty=0 gor=4203 | ack=        0/s ackErr=0 ackAvg=0.00ms | e2e p50=0.00 p99=0.00 p999=0.00 n=0 | e2e_local p50=0.00 p99=0.00 n=0
[02:01:04] offered=    20000/s achieved=    20000/s shed=        0/s inflight=    36 | p50=   1.85 p99=   50.94 p999=   66.05 ms | push=2944159 pop=0 lag=2944159 | errs push=0 pop=0 empty=0 gor=4201 | ack=        0/s ackErr=0 ackAvg=0.00ms | e2e p50=0.00 p99=0.00 p999=0.00 n=0 | e2e_local p50=0.00 p99=0.00 n=0
[02:01:14] offered=    20000/s achieved=    20002/s shed=        0/s inflight=    22 | p50=   1.99 p99=   39.17 p999=   59.14 ms | push=3144174 pop=0 lag=3144174 | errs push=0 pop=0 empty=0 gor=4187 | ack=        0/s ackErr=0 ackAvg=0.00ms | e2e p50=0.00 p99=0.00 p999=0.00 n=0 | e2e_local p50=0.00 p99=0.00 n=0
[02:01:24] offered=    20000/s achieved=    19996/s shed=        0/s inflight=    57 | p50=   1.99 p99=   51.46 p999=   64.77 ms | push=3344138 pop=0 lag=3344138 | errs push=0 pop=0 empty=0 gor=4222 | ack=        0/s ackErr=0 ackAvg=0.00ms | e2e p50=0.00 p99=0.00 p999=0.00 n=0 | e2e_local p50=0.00 p99=0.00 n=0
[02:01:34] offered=    19998/s achieved=    20000/s shed=        0/s inflight=    42 | p50=   1.96 p99=  111.10 p999=  191.49 ms | push=3544136 pop=0 lag=3544136 | errs push=0 pop=0 empty=0 gor=4207 | ack=        0/s ackErr=0 ackAvg=0.00ms | e2e p50=0.00 p99=0.00 p999=0.00 n=0 | e2e_local p50=0.00 p99=0.00 n=0
[02:01:44] offered=    20002/s achieved=    20003/s shed=        0/s inflight=    30 | p50=   1.88 p99=   44.80 p999=   61.18 ms | push=3744165 pop=0 lag=3744165 | errs push=0 pop=0 empty=0 gor=4196 | ack=        0/s ackErr=0 ackAvg=0.00ms | e2e p50=0.00 p99=0.00 p999=0.00 n=0 | e2e_local p50=0.00 p99=0.00 n=0
[02:01:54] offered=    20000/s achieved=    19999/s shed=        0/s inflight=    37 | p50=   2.19 p99=   48.38 p999=   63.74 ms | push=3944158 pop=0 lag=3944158 | errs push=0 pop=0 empty=0 gor=4202 | ack=        0/s ackErr=0 ackAvg=0.00ms | e2e p50=0.00 p99=0.00 p999=0.00 n=0 | e2e_local p50=0.00 p99=0.00 n=0
[02:02:04] offered=    19999/s achieved=    19996/s shed=        0/s inflight=    70 | p50=   2.10 p99=   63.74 p999=   73.22 ms | push=4144118 pop=0 lag=4144118 | errs push=0 pop=0 empty=0 gor=4235 | ack=        0/s ackErr=0 ackAvg=0.00ms | e2e p50=0.00 p99=0.00 p999=0.00 n=0 | e2e_local p50=0.00 p99=0.00 n=0
[02:02:14] offered=    20000/s achieved=    20005/s shed=        0/s inflight=    22 | p50=   1.91 p99=   92.67 p999=  166.91 ms | push=4344170 pop=0 lag=4344170 | errs push=0 pop=0 empty=0 gor=4186 | ack=        0/s ackErr=0 ackAvg=0.00ms | e2e p50=0.00 p99=0.00 p999=0.00 n=0 | e2e_local p50=0.00 p99=0.00 n=0
[02:02:24] offered=    20000/s achieved=    20001/s shed=        0/s inflight=    21 | p50=   1.86 p99=   44.29 p999=   71.17 ms | push=4544175 pop=0 lag=4544175 | errs push=0 pop=0 empty=0 gor=4187 | ack=        0/s ackErr=0 ackAvg=0.00ms | e2e p50=0.00 p99=0.00 p999=0.00 n=0 | e2e_local p50=0.00 p99=0.00 n=0
[02:02:34] offered=    20000/s achieved=    19998/s shed=        0/s inflight=    39 | p50=   1.86 p99=   36.61 p999=   44.80 ms | push=4744155 pop=0 lag=4744155 | errs push=0 pop=0 empty=0 gor=4204 | ack=        0/s ackErr=0 ackAvg=0.00ms | e2e p50=0.00 p99=0.00 p999=0.00 n=0 | e2e_local p50=0.00 p99=0.00 n=0
[02:02:44] offered=    19999/s achieved=    20000/s shed=        0/s inflight=    29 | p50=   1.96 p99=   38.14 p999=   46.34 ms | push=4944162 pop=0 lag=4944162 | errs push=0 pop=0 empty=0 gor=4196 | ack=        0/s ackErr=0 ackAvg=0.00ms | e2e p50=0.00 p99=0.00 p999=0.00 n=0 | e2e_local p50=0.00 p99=0.00 n=0
[02:02:54] offered=    20001/s achieved=    20000/s shed=        0/s inflight=    34 | p50=   1.93 p99=   40.19 p999=   47.87 ms | push=5144160 pop=0 lag=5144160 | errs push=0 pop=0 empty=0 gor=4199 | ack=        0/s ackErr=0 ackAvg=0.00ms | e2e p50=0.00 p99=0.00 p999=0.00 n=0 | e2e_local p50=0.00 p99=0.00 n=0
[02:03:04] offered=    19999/s achieved=    20000/s shed=        0/s inflight=    31 | p50=   1.88 p99=   39.17 p999=   46.85 ms | push=5344156 pop=0 lag=5344156 | errs push=0 pop=0 empty=0 gor=4196 | ack=        0/s ackErr=0 ackAvg=0.00ms | e2e p50=0.00 p99=0.00 p999=0.00 n=0 | e2e_local p50=0.00 p99=0.00 n=0
[02:03:14] offered=    20001/s achieved=    20002/s shed=        0/s inflight=    22 | p50=   1.90 p99=   43.26 p999=   52.99 ms | push=5544172 pop=0 lag=5544172 | errs push=0 pop=0 empty=0 gor=4187 | ack=        0/s ackErr=0 ackAvg=0.00ms | e2e p50=0.00 p99=0.00 p999=0.00 n=0 | e2e_local p50=0.00 p99=0.00 n=0
[02:03:24] offered=    20000/s achieved=    19998/s shed=        0/s inflight=    36 | p50=   1.83 p99=   39.17 p999=   51.97 ms | push=5744156 pop=0 lag=5744156 | errs push=0 pop=0 empty=0 gor=4202 | ack=        0/s ackErr=0 ackAvg=0.00ms | e2e p50=0.00 p99=0.00 p999=0.00 n=0 | e2e_local p50=0.00 p99=0.00 n=0
[02:03:34] offered=    19999/s achieved=    20000/s shed=        0/s inflight=    18 | p50=   1.88 p99=   39.68 p999=   47.36 ms | push=5944179 pop=0 lag=5944179 | errs push=0 pop=0 empty=0 gor=4119 | ack=        0/s ackErr=0 ackAvg=0.00ms | e2e p50=0.00 p99=0.00 p999=0.00 n=0 | e2e_local p50=0.00 p99=0.00 n=0
[info] steady window 290s (after the ramp, before the producers stopped): offered 20000/s pushed 19980/s popped 0/s cpu 169.6% = 8.49 cores per 100k msg/s (produce+consume)
[final] offered=5949997 achieved=5944197 shed=5800 (msgs: offered=5949997 achieved=5944197 shed=5800) pushErr=0 | pushed=5944197 popped=0 lag=5944197 | popErr=0 empty=0 | overall p50=1.88 p99=45.82 p999=189.44 ms | acked=0 ackErr=0 ackLag=5944197 ackAvg=0.00ms | e2e p50=0.00 p99=0.00 p999=0.00 ms
load_cpu=168.3%
