qload tag=b-rc7-completed loader=3/9 mode=batch rate=111111 msg/s batch=100 batch-max=0 max-inflight=5000 ramp=10s duration=5m0s report=10s drain=10s GOMAXPROCS=16 GOGC=400(default) seed=1791629146195303049
  offered: 111111 msg/s = 1111.1 units/s (avg 100.0 msgs/unit) across 23 pacer workers (48.31 units/s each)
  topics: 1 x 500000 partitions (bench..bench), entities/topic=0 (explicit partition) | picker: topics=rr entities: rr over space=500000 starting at 166666
  payload: goload jsonEvent target 256 B, avg 289.5 B raw, ~320 B stamped ({"ts":µs,"src":3,...}), pool 64x100
  consumers: 33 here (ci 99..131 of 297), poll=1000 proc-us=0 ack=async ack-inflight=256 local-src=[3 4 5]
  queen: url=http://10.114.0.14:6632 (of 3) conns=2048 timeout=30s pop-width=10 pop-batch=1000 pop-timeout=2s lease=30s | configure: leaseTime=30 completedRetention=3600 dedup=0 retryLimit=1000000 | plain: consumers pop+ack the queue
  [queen] http://10.114.0.14:6632 healthy: version 2.2.0, this node leader
  [consume] 33 consumers of bench: pop width 10, batch 1000, long poll 2s, lease 30s, async batch acks (ack-inflight 256)
READY 1791629142490
[start] waiting 19.102s for the common start 1791629161593
[start] GO 10:46:01.593 (unix ms 1791629161593)
[10:46:11] offered=    55560/s achieved=    55470/s shed=        0/s inflight=     9 | p50=   6.11 p99=   22.66 p999=   30.08 ms | push=554700 pop=548100 lag=6600 | errs push=0 pop=0 empty=363 gor=212 | ack=    54710/s ackErr=0 ackAvg=9.43ms | e2e p50=18.82 p99=55.04 p999=61.18 n=548100 | e2e_local p50=18.30 p99=55.04 n=182300
[10:46:21] offered=   111098/s achieved=   111098/s shed=        0/s inflight=     9 | p50=   8.10 p99=   42.75 p999=   58.11 ms | push=1665700 pop=1640600 lag=25100 | errs push=0 pop=0 empty=363 gor=284 | ack=   109218/s ackErr=0 ackAvg=11.88ms | e2e p50=24.70 p99=83.46 p999=100.86 n=1092500 | e2e_local p50=24.70 p99=82.43 n=364300
[10:46:31] offered=   111102/s achieved=   111122/s shed=        0/s inflight=     7 | p50=   8.26 p99=   49.92 p999=   58.11 ms | push=2776900 pop=2764400 lag=12500 | errs push=0 pop=0 empty=363 gor=284 | ack=   112362/s ackErr=0 ackAvg=12.59ms | e2e p50=24.70 p99=94.72 p999=114.18 n=1123800 | e2e_local p50=24.45 p99=92.67 n=379800
[10:46:41] offered=   111103/s achieved=   110933/s shed=        0/s inflight=    25 | p50=  10.05 p99=   86.53 p999=  102.91 ms | push=3886300 pop=3852200 lag=34100 | errs push=0 pop=0 empty=363 gor=415 | ack=   108543/s ackErr=0 ackAvg=13.81ms | e2e p50=47.36 p99=207.87 p999=226.30 n=1087800 | e2e_local p50=44.29 p99=207.87 n=344700
[10:46:51] offered=   111117/s achieved=   111277/s shed=        0/s inflight=     8 | p50=  10.82 p99=   82.43 p999=   95.74 ms | push=4999000 pop=4970900 lag=28100 | errs push=0 pop=0 empty=363 gor=399 | ack=   112037/s ackErr=0 ackAvg=14.68ms | e2e p50=77.31 p99=193.54 p999=234.50 n=1118700 | e2e_local p50=78.34 p99=191.49 n=369900
[10:47:01] offered=   111105/s achieved=   111105/s shed=        0/s inflight=    10 | p50=   8.64 p99=   51.46 p999=   59.65 ms | push=6110100 pop=6091600 lag=18500 | errs push=0 pop=0 empty=363 gor=398 | ack=   112135/s ackErr=0 ackAvg=14.68ms | e2e p50=25.98 p99=93.70 p999=105.98 n=1120700 | e2e_local p50=25.73 p99=92.67 n=373400
[10:47:11] offered=   111127/s achieved=   111117/s shed=        0/s inflight=     9 | p50=   8.77 p99=   59.14 p999=   76.29 ms | push=7221300 pop=7163400 lag=57900 | errs push=0 pop=0 empty=363 gor=400 | ack=   107107/s ackErr=0 ackAvg=14.66ms | e2e p50=26.50 p99=107.01 p999=127.49 n=1071800 | e2e_local p50=26.24 p99=109.06 n=360800
[10:47:21] offered=   111108/s achieved=   111088/s shed=        0/s inflight=     9 | p50=   9.41 p99=   60.67 p999=   82.43 ms | push=8332100 pop=8272400 lag=59700 | errs push=0 pop=0 empty=363 gor=398 | ack=   110818/s ackErr=0 ackAvg=14.86ms | e2e p50=30.08 p99=116.22 p999=154.62 n=1109000 | e2e_local p50=30.08 p99=117.25 n=366900
[10:47:31] offered=   111090/s achieved=   111050/s shed=        0/s inflight=    17 | p50=   9.92 p99=   67.07 p999=   78.34 ms | push=9442700 pop=9402900 lag=39800 | errs push=0 pop=0 empty=363 gor=407 | ack=   113280/s ackErr=0 ackAvg=15.08ms | e2e p50=32.64 p99=116.22 p999=134.14 n=1130500 | e2e_local p50=32.64 p99=115.20 n=377200
[10:47:41] offered=   111139/s achieved=   111179/s shed=        0/s inflight=    11 | p50=   9.66 p99=   57.09 p999=   71.17 ms | push=10554400 pop=10519700 lag=34700 | errs push=0 pop=0 empty=363 gor=399 | ack=   111629/s ackErr=0 ackAvg=15.21ms | e2e p50=31.10 p99=104.96 p999=115.20 n=1116800 | e2e_local p50=31.36 p99=103.94 n=372600
[10:47:51] offered=   111119/s achieved=   111119/s shed=        0/s inflight=    11 | p50=  10.18 p99=   62.72 p999=   77.31 ms | push=11665600 pop=11654300 lag=11300 | errs push=0 pop=0 empty=363 gor=401 | ack=   113109/s ackErr=0 ackAvg=15.36ms | e2e p50=31.87 p99=142.34 p999=175.10 n=1134600 | e2e_local p50=31.87 p99=148.48 n=380800
[10:48:01] offered=   111101/s achieved=   111101/s shed=        0/s inflight=    12 | p50=  10.18 p99=   61.18 p999=   77.31 ms | push=12776600 pop=12755300 lag=21300 | errs push=0 pop=0 empty=363 gor=399 | ack=   110471/s ackErr=0 ackAvg=15.48ms | e2e p50=33.02 p99=117.25 p999=144.38 n=1101000 | e2e_local p50=32.64 p99=114.18 n=370900
[10:48:11] offered=   111101/s achieved=   111121/s shed=        0/s inflight=    10 | p50=  10.05 p99=   61.18 p999=   73.22 ms | push=13887800 pop=13892600 lag=-4800 | errs push=0 pop=0 empty=363 gor=390 | ack=   113491/s ackErr=0 ackAvg=15.58ms | e2e p50=32.38 p99=111.10 p999=129.54 n=1137300 | e2e_local p50=32.38 p99=111.10 n=378000
[10:48:21] offered=   111120/s achieved=   111120/s shed=        0/s inflight=     9 | p50=  10.18 p99=   71.17 p999=   89.60 ms | push=14999000 pop=15010200 lag=-11200 | errs push=0 pop=0 empty=363 gor=354 | ack=   111950/s ackErr=0 ackAvg=15.69ms | e2e p50=33.02 p99=127.49 p999=150.53 n=1117600 | e2e_local p50=33.02 p99=127.49 n=377700
[10:48:31] offered=   111094/s achieved=   111124/s shed=        0/s inflight=     7 | p50=  10.05 p99=   60.67 p999=   74.24 ms | push=16110300 pop=16091000 lag=19300 | errs push=0 pop=0 empty=363 gor=356 | ack=   107854/s ackErr=0 ackAvg=15.78ms | e2e p50=31.62 p99=175.10 p999=199.68 n=1080800 | e2e_local p50=31.62 p99=173.06 n=359500
[10:48:41] offered=   111116/s achieved=   111026/s shed=        0/s inflight=    15 | p50=  10.43 p99=   56.58 p999=   87.55 ms | push=17220500 pop=17193800 lag=26700 | errs push=0 pop=0 empty=363 gor=365 | ack=   110546/s ackErr=0 ackAvg=15.85ms | e2e p50=33.54 p99=115.20 p999=158.72 n=1102800 | e2e_local p50=33.54 p99=119.30 n=368400
[10:48:51] offered=   111096/s achieved=   111156/s shed=        0/s inflight=     9 | p50=  10.30 p99=   59.14 p999=   77.31 ms | push=18332100 pop=18323700 lag=8400 | errs push=0 pop=0 empty=363 gor=361 | ack=   112926/s ackErr=0 ackAvg=15.94ms | e2e p50=34.05 p99=112.13 p999=140.29 n=1129900 | e2e_local p50=34.56 p99=113.15 n=377300
[10:49:01] offered=   111142/s achieved=   111082/s shed=        0/s inflight=    15 | p50=  10.05 p99=   61.70 p999=   78.34 ms | push=19443100 pop=19414300 lag=28800 | errs push=0 pop=0 empty=363 gor=360 | ack=   109162/s ackErr=0 ackAvg=16.00ms | e2e p50=31.87 p99=132.10 p999=179.20 n=1090600 | e2e_local p50=31.62 p99=132.10 n=367900
[10:49:11] offered=   111100/s achieved=   111190/s shed=        0/s inflight=     6 | p50=  10.69 p99=   52.99 p999=   63.23 ms | push=20554800 pop=20528200 lag=26600 | errs push=0 pop=0 empty=363 gor=351 | ack=   111400/s ackErr=0 ackAvg=16.08ms | e2e p50=34.56 p99=158.72 p999=187.39 n=1113900 | e2e_local p50=34.56 p99=154.62 n=367000
[10:49:21] offered=   111112/s achieved=   111022/s shed=        0/s inflight=    15 | p50=  10.05 p99=   50.43 p999=   67.07 ms | push=21665000 pop=21626000 lag=39000 | errs push=0 pop=0 empty=363 gor=363 | ack=   109632/s ackErr=0 ackAvg=16.11ms | e2e p50=32.38 p99=104.96 p999=120.32 n=1097800 | e2e_local p50=32.38 p99=104.96 n=362900
[10:49:31] offered=   111112/s achieved=   111152/s shed=        0/s inflight=    13 | p50=  10.18 p99=   52.99 p999=   69.12 ms | push=22776600 pop=22766600 lag=10000 | errs push=0 pop=0 empty=363 gor=356 | ack=   114272/s ackErr=0 ackAvg=16.14ms | e2e p50=33.02 p99=107.01 p999=120.32 n=1140600 | e2e_local p50=33.02 p99=104.96 n=375600
[10:49:41] offered=   111123/s achieved=   111073/s shed=        0/s inflight=    16 | p50=  10.43 p99=   57.09 p999=   77.31 ms | push=23887300 pop=23899900 lag=-12600 | errs push=0 pop=0 empty=363 gor=363 | ack=   113013/s ackErr=0 ackAvg=16.20ms | e2e p50=32.38 p99=205.82 p999=268.29 n=1133300 | e2e_local p50=32.64 p99=205.82 n=371300
[10:49:51] offered=   111116/s achieved=   111166/s shed=        0/s inflight=    11 | p50=   9.92 p99=   50.94 p999=   64.26 ms | push=24998900 pop=24989100 lag=9800 | errs push=0 pop=0 empty=363 gor=347 | ack=   109116/s ackErr=0 ackAvg=16.21ms | e2e p50=31.62 p99=113.15 p999=132.10 n=1089200 | e2e_local p50=31.36 p99=114.18 n=368000
[10:50:01] offered=   111101/s achieved=   111051/s shed=        0/s inflight=    16 | p50=  10.43 p99=   49.92 p999=   60.67 ms | push=26109500 pop=26106300 lag=3200 | errs push=0 pop=0 empty=363 gor=354 | ack=   111741/s ackErr=0 ackAvg=16.26ms | e2e p50=33.54 p99=116.22 p999=136.19 n=1117200 | e2e_local p50=33.54 p99=115.20 n=378700
[10:50:11] offered=   111109/s achieved=   111189/s shed=        0/s inflight=     8 | p50=  10.18 p99=   47.36 p999=   61.18 ms | push=27221300 pop=27228000 lag=-6700 | errs push=0 pop=0 empty=363 gor=344 | ack=   112149/s ackErr=0 ackAvg=16.27ms | e2e p50=32.38 p99=134.14 p999=146.43 n=1121700 | e2e_local p50=32.13 p99=134.14 n=379900
[10:50:21] offered=   111108/s achieved=   111118/s shed=        0/s inflight=     7 | p50=  10.43 p99=   49.92 p999=   63.74 ms | push=28332500 pop=28331300 lag=1200 | errs push=0 pop=0 empty=363 gor=338 | ack=   110438/s ackErr=0 ackAvg=16.30ms | e2e p50=33.02 p99=171.01 p999=199.68 n=1103300 | e2e_local p50=33.02 p99=168.96 n=366600
[10:50:31] offered=   111102/s achieved=   111102/s shed=        0/s inflight=     7 | p50=  10.30 p99=   46.34 p999=   57.09 ms | push=29443500 pop=29493400 lag=-49900 | errs push=0 pop=0 empty=363 gor=324 | ack=   116013/s ackErr=0 ackAvg=16.33ms | e2e p50=33.54 p99=99.84 p999=122.37 n=1162100 | e2e_local p50=34.05 p99=96.77 n=386100
[10:50:41] offered=   111123/s achieved=   111103/s shed=        0/s inflight=    10 | p50=  10.18 p99=   39.17 p999=   46.85 ms | push=30554600 pop=30571100 lag=-16500 | errs push=0 pop=0 empty=363 gor=322 | ack=   107663/s ackErr=0 ackAvg=16.33ms | e2e p50=32.38 p99=112.13 p999=146.43 n=1077700 | e2e_local p50=32.64 p99=117.25 n=353400
[10:50:51] offered=   111115/s achieved=   111085/s shed=        0/s inflight=    12 | p50=  10.30 p99=   47.36 p999=   55.55 ms | push=31665400 pop=31682700 lag=-17300 | errs push=0 pop=0 empty=363 gor=320 | ack=   111285/s ackErr=0 ackAvg=16.35ms | e2e p50=33.02 p99=179.20 p999=197.63 n=1111600 | e2e_local p50=33.54 p99=179.20 n=366900
[10:51:01] offered=   111106/s achieved=   111106/s shed=        0/s inflight=    11 | p50=  10.18 p99=   52.99 p999=   62.21 ms | push=32776500 pop=32809700 lag=-33200 | errs push=0 pop=0 empty=363 gor=298 | ack=   112656/s ackErr=0 ackAvg=16.38ms | e2e p50=31.36 p99=123.39 p999=152.58 n=1127000 | e2e_local p50=30.85 p99=122.37 n=378300
[drain] consumers keep going for 9.989s (lag now -33000)
[10:51:11] offered=        0/s achieved=      120/s shed=        0/s inflight=     0 | p50=   8.26 p99=   10.43 p999=   10.43 ms | push=32777700 pop=32814600 lag=-36900 | errs push=0 pop=0 empty=528 gor=272 | ack=      730/s ackErr=0 ackAvg=16.38ms | e2e p50=26.75 p99=33.02 p999=33.02 n=4900 | e2e_local p50=27.01 p99=33.02 n=2300
[info] steady window 290s (after the ramp, before the producers stopped): offered 111110/s pushed 111109/s popped 111247/s cpu 198.5% = 1.79 cores per 100k msg/s (produce+consume)
[final] offered=327777 achieved=327777 shed=0 (msgs: offered=32777700 achieved=32777700 shed=0) pushErr=0 | pushed=32777700 popped=32814600 lag=-36900 | popErr=0 empty=528 | overall p50=9.79 p99=57.09 p999=83.46 ms | acked=32814600 ackErr=0 ackLag=-36900 ackAvg=16.38ms | e2e p50=31.10 p99=158.72 p999=205.82 ms
load_cpu=178.1%
