qload tag=b-rc7-completed loader=4/9 mode=batch rate=111111 msg/s batch=100 batch-max=0 max-inflight=5000 ramp=10s duration=5m0s report=10s drain=10s GOMAXPROCS=16 GOGC=400(default) seed=1791629146196078685
  offered: 111111 msg/s = 1111.1 units/s (avg 100.0 msgs/unit) across 23 pacer workers (48.31 units/s each)
  topics: 1 x 500000 partitions (bench..bench), entities/topic=0 (explicit partition) | picker: topics=rr entities: rr over space=500000 starting at 222222
  payload: goload jsonEvent target 256 B, avg 289.5 B raw, ~319 B stamped ({"ts":µs,"src":4,...}), pool 64x100
  consumers: 33 here (ci 132..164 of 297), poll=1000 proc-us=0 ack=async ack-inflight=256 local-src=[3 4 5]
  queen: url=http://10.114.0.19:6632 (of 3) conns=2048 timeout=30s pop-width=10 pop-batch=1000 pop-timeout=2s lease=30s | configure: leaseTime=30 completedRetention=3600 dedup=0 retryLimit=1000000 | plain: consumers pop+ack the queue
  [queen] http://10.114.0.19:6632 healthy: version 2.2.0, this node follower
  [consume] 33 consumers of bench: pop width 10, batch 1000, long poll 2s, lease 30s, async batch acks (ack-inflight 256)
READY 1791629142490
[start] waiting 19.103s for the common start 1791629161593
[start] GO 10:46:01.593 (unix ms 1791629161593)
[10:46:11] offered=    55538/s achieved=    55478/s shed=        0/s inflight=     6 | p50=   6.82 p99=   21.38 p999=   32.38 ms | push=554800 pop=544700 lag=10100 | errs push=0 pop=0 empty=363 gor=214 | ack=    54378/s ackErr=0 ackAvg=9.67ms | e2e p50=18.82 p99=47.36 p999=59.14 n=544700 | e2e_local p50=19.07 p99=45.82 n=186500
[10:46:21] offered=   111114/s achieved=   111124/s shed=        0/s inflight=     3 | p50=   8.90 p99=   46.85 p999=   65.28 ms | push=1666000 pop=1642800 lag=23200 | errs push=0 pop=0 empty=363 gor=302 | ack=   109884/s ackErr=0 ackAvg=12.07ms | e2e p50=24.70 p99=83.46 p999=99.84 n=1098100 | e2e_local p50=24.96 p99=85.50 n=367100
[10:46:31] offered=   111086/s achieved=   111096/s shed=        0/s inflight=     6 | p50=   9.15 p99=   56.06 p999=   71.17 ms | push=2777000 pop=2746400 lag=30600 | errs push=0 pop=0 empty=363 gor=308 | ack=   110116/s ackErr=0 ackAvg=12.75ms | e2e p50=25.22 p99=90.62 p999=107.01 n=1103600 | e2e_local p50=25.22 p99=93.70 n=365600
[10:46:41] offered=   111118/s achieved=   110938/s shed=        0/s inflight=    25 | p50=  11.07 p99=   93.70 p999=  119.30 ms | push=3886400 pop=3834200 lag=52200 | errs push=0 pop=0 empty=363 gor=457 | ack=   108338/s ackErr=0 ackAvg=14.15ms | e2e p50=48.38 p99=214.02 p999=236.54 n=1087800 | e2e_local p50=49.41 p99=211.97 n=368100
[10:46:51] offered=   111136/s achieved=   111246/s shed=        0/s inflight=    12 | p50=  12.10 p99=   87.55 p999=   99.84 ms | push=4998900 pop=4940700 lag=58200 | errs push=0 pop=0 empty=363 gor=437 | ack=   111296/s ackErr=0 ackAvg=15.06ms | e2e p50=76.29 p99=183.30 p999=228.35 n=1106500 | e2e_local p50=77.31 p99=181.25 n=364000
[10:47:01] offered=   111122/s achieved=   111102/s shed=        0/s inflight=    12 | p50=   9.66 p99=   58.11 p999=   73.22 ms | push=6109800 pop=6023500 lag=86300 | errs push=0 pop=0 empty=363 gor=436 | ack=   108181/s ackErr=0 ackAvg=15.06ms | e2e p50=26.50 p99=92.67 p999=117.25 n=1082800 | e2e_local p50=26.24 p99=91.65 n=362900
[10:47:11] offered=   111106/s achieved=   111096/s shed=        0/s inflight=    13 | p50=   9.79 p99=   70.14 p999=   95.74 ms | push=7220800 pop=7145100 lag=75700 | errs push=0 pop=0 empty=363 gor=439 | ack=   112096/s ackErr=0 ackAvg=15.06ms | e2e p50=26.75 p99=101.89 p999=122.37 n=1121600 | e2e_local p50=26.75 p99=99.84 n=376300
[10:47:21] offered=   111114/s achieved=   111124/s shed=        0/s inflight=    14 | p50=  10.56 p99=   66.05 p999=   89.60 ms | push=8332100 pop=8242700 lag=89400 | errs push=0 pop=0 empty=363 gor=437 | ack=   109774/s ackErr=0 ackAvg=15.22ms | e2e p50=30.08 p99=119.30 p999=154.62 n=1097600 | e2e_local p50=29.82 p99=120.32 n=362400
[10:47:31] offered=   111139/s achieved=   111059/s shed=        0/s inflight=    21 | p50=  11.07 p99=   74.24 p999=   95.74 ms | push=9442600 pop=9334200 lag=108400 | errs push=0 pop=0 empty=363 gor=446 | ack=   109179/s ackErr=0 ackAvg=15.40ms | e2e p50=32.38 p99=120.32 p999=132.10 n=1091703 | e2e_local p50=31.87 p99=121.34 n=359700
[10:47:41] offered=   111086/s achieved=   111136/s shed=        0/s inflight=    13 | p50=  10.82 p99=   60.16 p999=   81.41 ms | push=10554100 pop=10453100 lag=101000 | errs push=0 pop=0 empty=363 gor=435 | ack=   111986/s ackErr=0 ackAvg=15.52ms | e2e p50=31.36 p99=105.98 p999=124.42 n=1118697 | e2e_local p50=31.36 p99=104.96 n=376300
[10:47:51] offered=   111104/s achieved=   111164/s shed=        0/s inflight=    10 | p50=  11.33 p99=   69.12 p999=   89.60 ms | push=11665600 pop=11570400 lag=95200 | errs push=0 pop=0 empty=363 gor=434 | ack=   111674/s ackErr=0 ackAvg=15.67ms | e2e p50=33.02 p99=146.43 p999=187.39 n=1117300 | e2e_local p50=32.64 p99=146.43 n=374200
[10:48:01] offered=   111102/s achieved=   111092/s shed=        0/s inflight=    11 | p50=  11.33 p99=   64.26 p999=   94.72 ms | push=12776600 pop=12686400 lag=90200 | errs push=0 pop=0 empty=363 gor=433 | ack=   111702/s ackErr=0 ackAvg=15.80ms | e2e p50=33.02 p99=113.15 p999=150.53 n=1116000 | e2e_local p50=33.02 p99=112.13 n=367300
[10:48:11] offered=   111107/s achieved=   111137/s shed=        0/s inflight=     8 | p50=  11.33 p99=   70.14 p999=   88.58 ms | push=13887900 pop=13772300 lag=115600 | errs push=0 pop=0 empty=363 gor=393 | ack=   108567/s ackErr=0 ackAvg=15.91ms | e2e p50=33.02 p99=112.13 p999=136.19 n=1085900 | e2e_local p50=33.02 p99=111.10 n=359800
[10:48:21] offered=   111100/s achieved=   111130/s shed=        0/s inflight=     5 | p50=  11.58 p99=   80.38 p999=   99.84 ms | push=14999200 pop=14899100 lag=100100 | errs push=0 pop=0 empty=363 gor=386 | ack=   112340/s ackErr=0 ackAvg=16.04ms | e2e p50=33.54 p99=134.14 p999=195.58 n=1126800 | e2e_local p50=33.54 p99=130.56 n=364500
[10:48:31] offered=   111117/s achieved=   111097/s shed=        0/s inflight=     9 | p50=  11.33 p99=   63.23 p999=   76.29 ms | push=16110200 pop=15983000 lag=127200 | errs push=0 pop=0 empty=363 gor=381 | ack=   108527/s ackErr=0 ackAvg=16.13ms | e2e p50=31.87 p99=160.77 p999=197.63 n=1083900 | e2e_local p50=31.87 p99=160.77 n=359200
[10:48:41] offered=   111114/s achieved=   111064/s shed=        0/s inflight=    14 | p50=  11.71 p99=   61.70 p999=   98.82 ms | push=17220800 pop=17112800 lag=108000 | errs push=0 pop=0 empty=363 gor=387 | ack=   113084/s ackErr=0 ackAvg=16.20ms | e2e p50=33.54 p99=113.15 p999=150.53 n=1129800 | e2e_local p50=34.05 p99=112.13 n=377300
[10:48:51] offered=   111082/s achieved=   111102/s shed=        0/s inflight=    10 | p50=  11.71 p99=   62.21 p999=   87.55 ms | push=18332000 pop=18191200 lag=140800 | errs push=0 pop=0 empty=363 gor=384 | ack=   107903/s ackErr=0 ackAvg=16.29ms | e2e p50=34.56 p99=111.10 p999=130.56 n=1078400 | e2e_local p50=34.05 p99=112.13 n=357000
[10:49:01] offered=   111157/s achieved=   111067/s shed=        0/s inflight=    19 | p50=  11.20 p99=   67.07 p999=   88.58 ms | push=19442500 pop=19300700 lag=141800 | errs push=0 pop=0 empty=363 gor=394 | ack=   110707/s ackErr=0 ackAvg=16.33ms | e2e p50=32.13 p99=136.19 p999=166.91 n=1109500 | e2e_local p50=31.62 p99=138.24 n=370600
[10:49:11] offered=   111122/s achieved=   111232/s shed=        0/s inflight=     7 | p50=  11.97 p99=   57.60 p999=   75.26 ms | push=20554800 pop=20417500 lag=137300 | errs push=0 pop=0 empty=363 gor=378 | ack=   111892/s ackErr=0 ackAvg=16.42ms | e2e p50=34.56 p99=158.72 p999=177.15 n=1116800 | e2e_local p50=34.56 p99=158.72 n=375200
[10:49:21] offered=   111128/s achieved=   110998/s shed=        0/s inflight=    21 | p50=  11.33 p99=   51.97 p999=   68.10 ms | push=21664800 pop=21533800 lag=131000 | errs push=0 pop=0 empty=363 gor=393 | ack=   111648/s ackErr=0 ackAvg=16.43ms | e2e p50=32.64 p99=102.91 p999=121.34 n=1116300 | e2e_local p50=32.64 p99=101.89 n=372400
[10:49:31] offered=   111091/s achieved=   111201/s shed=        0/s inflight=    11 | p50=  11.46 p99=   55.04 p999=   78.34 ms | push=22776800 pop=22640500 lag=136300 | errs push=0 pop=0 empty=363 gor=380 | ack=   110781/s ackErr=0 ackAvg=16.46ms | e2e p50=34.05 p99=105.98 p999=118.27 n=1106700 | e2e_local p50=34.05 p99=105.98 n=365800
[10:49:41] offered=   111101/s achieved=   111001/s shed=        0/s inflight=    19 | p50=  11.71 p99=   61.70 p999=   77.31 ms | push=23886800 pop=23733800 lag=153000 | errs push=0 pop=0 empty=363 gor=392 | ack=   109061/s ackErr=0 ackAvg=16.52ms | e2e p50=33.54 p99=203.78 p999=250.88 n=1093300 | e2e_local p50=33.54 p99=220.16 n=359700
[10:49:51] offered=   111097/s achieved=   111197/s shed=        0/s inflight=    10 | p50=  11.20 p99=   56.06 p999=   69.12 ms | push=24998800 pop=24849300 lag=149500 | errs push=0 pop=0 empty=363 gor=382 | ack=   111557/s ackErr=0 ackAvg=16.54ms | e2e p50=31.62 p99=117.25 p999=138.24 n=1115500 | e2e_local p50=31.62 p99=118.27 n=362100
[10:50:01] offered=   111100/s achieved=   111080/s shed=        0/s inflight=    13 | p50=  11.71 p99=   53.50 p999=   63.74 ms | push=26109600 pop=25969100 lag=140500 | errs push=0 pop=0 empty=363 gor=382 | ack=   112160/s ackErr=0 ackAvg=16.58ms | e2e p50=33.54 p99=113.15 p999=130.56 n=1119800 | e2e_local p50=33.54 p99=110.08 n=372200
[10:50:11] offered=   111112/s achieved=   111182/s shed=        0/s inflight=     5 | p50=  11.46 p99=   50.94 p999=   63.74 ms | push=27221400 pop=27095300 lag=126100 | errs push=0 pop=0 empty=363 gor=353 | ack=   112622/s ackErr=0 ackAvg=16.60ms | e2e p50=32.13 p99=140.29 p999=154.62 n=1126200 | e2e_local p50=31.87 p99=138.24 n=371200
[10:50:21] offered=   111131/s achieved=   111101/s shed=        0/s inflight=     9 | p50=  11.58 p99=   52.99 p999=   64.77 ms | push=28332400 pop=28187900 lag=144500 | errs push=0 pop=0 empty=363 gor=356 | ack=   109291/s ackErr=0 ackAvg=16.62ms | e2e p50=33.02 p99=171.01 p999=189.44 n=1092600 | e2e_local p50=33.02 p99=173.06 n=371000
[10:50:31] offered=   111118/s achieved=   111088/s shed=        0/s inflight=    11 | p50=  11.33 p99=   49.41 p999=   60.16 ms | push=29443300 pop=29276400 lag=166900 | errs push=0 pop=0 empty=363 gor=330 | ack=   108868/s ackErr=0 ackAvg=16.64ms | e2e p50=34.05 p99=108.03 p999=126.46 n=1088500 | e2e_local p50=34.05 p99=110.08 n=365400
[10:50:41] offered=   111105/s achieved=   111085/s shed=        0/s inflight=    14 | p50=  11.33 p99=   40.19 p999=   47.87 ms | push=30554200 pop=30380400 lag=173800 | errs push=0 pop=0 empty=363 gor=336 | ack=   110255/s ackErr=0 ackAvg=16.64ms | e2e p50=33.02 p99=127.49 p999=152.58 n=1104000 | e2e_local p50=32.64 p99=124.42 n=367500
[10:50:51] offered=   111113/s achieved=   111123/s shed=        0/s inflight=    13 | p50=  11.46 p99=   49.92 p999=   66.05 ms | push=31665400 pop=31522800 lag=142600 | errs push=0 pop=0 empty=363 gor=333 | ack=   114303/s ackErr=0 ackAvg=16.66ms | e2e p50=34.05 p99=179.20 p999=197.63 n=1142400 | e2e_local p50=34.56 p99=181.25 n=384500
[10:51:01] offered=   111113/s achieved=   111083/s shed=        0/s inflight=    15 | p50=  11.33 p99=   57.09 p999=   82.43 ms | push=32776300 pop=32617800 lag=158500 | errs push=0 pop=0 empty=363 gor=336 | ack=   109433/s ackErr=0 ackAvg=16.68ms | e2e p50=31.87 p99=126.46 p999=146.43 n=1095000 | e2e_local p50=31.62 p99=125.44 n=364800
[drain] consumers keep going for 9.989s (lag now 157900)
[10:51:11] offered=        0/s achieved=      150/s shed=        0/s inflight=     0 | p50=   9.66 p99=   14.14 p999=   14.14 ms | push=32777800 pop=32621600 lag=156200 | errs push=0 pop=0 empty=528 gor=318 | ack=      550/s ackErr=0 ackAvg=16.68ms | e2e p50=27.26 p99=35.58 p999=35.58 n=3800 | e2e_local p50=29.57 p99=35.07 n=1300
[info] steady window 290s (after the ramp, before the producers stopped): offered 111112/s pushed 111108/s popped 110597/s cpu 199.3% = 1.79 cores per 100k msg/s (produce+consume)
[final] offered=327778 achieved=327778 shed=0 (msgs: offered=32777800 achieved=32777800 shed=0) pushErr=0 | pushed=32777800 popped=32621600 lag=156200 | popErr=0 empty=528 | overall p50=10.94 p99=62.72 p999=92.67 ms | acked=32621600 ackErr=0 ackLag=156200 ackAvg=16.68ms | e2e p50=31.62 p99=158.72 p999=205.82 ms
load_cpu=178.8%
