{"role":"consumer","event":"start","queues":["bench-bp-1"],"queueCount":1,"consumerGroup":null,"numWorkers":1,"conns":50,"duration":300,"batchSize":100,"timestamp":"2026-06-07T09:37:00.404Z"}
(node:49601) [MODULE_TYPELESS_PACKAGE_JSON] Warning: Module type of file:///home/queen/examples/bench-consumer.js is not specified and it doesn't parse as CommonJS.
Reparsing as ES module because module syntax was detected. This incurs a performance overhead.
To eliminate this warning, add "type": "module" to /home/queen/examples/package.json.
(Use `node --trace-warnings ...` to show where the warning was created)
(node:49619) [MODULE_TYPELESS_PACKAGE_JSON] Warning: Module type of file:///home/queen/examples/bench-consumer.js is not specified and it doesn't parse as CommonJS.
Reparsing as ES module because module syntax was detected. This incurs a performance overhead.
To eliminate this warning, add "type": "module" to /home/queen/examples/package.json.
(Use `node --trace-warnings ...` to show where the warning was created)
{
  "role": "consumer",
  "event": "result",
  "consumerGroup": null,
  "totalRequests": 424230,
  "reqPerSec": 1414,
  "maxMsgPerSecCeiling": 141400,
  "latency": {
    "p50": 29,
    "p90": 41,
    "p99": 166,
    "avg": 34.86,
    "max": 1219
  },
  "errors": 0,
  "non2xx": 0,
  "timeouts": 0,
  "durationSec": 300
}
