kload tag=1x1000-1000k-e1m-p8 loader=8/9 mode=batch rate=111111 msg/s batch=100 batch-max=0 max-inflight=5000 ramp=10s duration=1m10s report=10s drain=0s GOMAXPROCS=16 GOGC=400 seed=1790761012686748826
  offered: 111111 msg/s = 1111.1 units/s (avg 100.0 msgs/unit) across 23 pacer workers (48.31 units/s each)
  topics: 1 x 1000 partitions (k1x1000-1000k-e1m..k1x1000-1000k-e1m), entities/topic=1000000 (key e<id>, system key partitioner) | picker: topics=rr entities: rr over space=1000000 starting at 888888
  payload: goload jsonEvent target 256 B, avg 289.6 B raw, ~320 B stamped ({"ts":µs,"src":8,...}), pool 64x100
  consumers: 33 here (ci 264..296 of 297), poll=1000 proc-us=0 ack=async ack-inflight=256 local-src=[6 7 8]
  kafka: brokers=10.114.0.2:9092,10.114.0.3:9092,10.114.0.4:9092 rf=3 min-isr=2 producers=4 linger=5ms compression=lz4 acks=all idempotent batch-max-bytes=1048576 | consumers: protocol=consumer fetch-max-wait=500ms fetch-min-bytes=1 fetch-max-partition-bytes=1048576 session=45s
  [topic] READY after 0.0s: 1 topics x 1000 partitions, leaders + full ISR
  [config] broker.compression.type = producer (STATIC_BROKER_CONFIG)
  [config] broker.default.replication.factor = 3 (STATIC_BROKER_CONFIG)
  [config] broker.group.consumer.assignors = uniform,range (DEFAULT_CONFIG)
  [config] broker.group.coordinator.rebalance.protocols = classic,consumer,streams (DEFAULT_CONFIG)
  [config] broker.group.initial.rebalance.delay.ms = 3000 (DEFAULT_CONFIG)
  [config] broker.log.flush.interval.messages = 9223372036854775807 (DEFAULT_CONFIG)
  [config] broker.log.flush.interval.ms = <nil> (DEFAULT_CONFIG)
  [config] broker.max.incremental.fetch.session.cache.slots = 4000 (STATIC_BROKER_CONFIG)
  [config] broker.min.insync.replicas = 2 (DYNAMIC_DEFAULT_BROKER_CONFIG)
  [config] broker.num.io.threads = 16 (STATIC_BROKER_CONFIG)
  [config] broker.num.network.threads = 8 (STATIC_BROKER_CONFIG)
  [config] broker.num.replica.fetchers = 8 (STATIC_BROKER_CONFIG)
  [config] topic.compression.type = producer (STATIC_BROKER_CONFIG)
  [config] topic.flush.messages = 9223372036854775807 (DEFAULT_CONFIG)
  [config] topic.flush.ms = 9223372036854775807 (DEFAULT_CONFIG)
  [config] topic.max.message.bytes = 16777216 (STATIC_BROKER_CONFIG)
  [config] topic.message.timestamp.type = CreateTime (DEFAULT_CONFIG)
  [config] topic.min.insync.replicas = 2 (DYNAMIC_TOPIC_CONFIG)
  [config] topic.retention.ms = 600000 (DYNAMIC_TOPIC_CONFIG)
  [config] topic.segment.bytes = 268435456 (DYNAMIC_TOPIC_CONFIG)
  [config] topic.unclean.leader.election.enable = false (STATIC_BROKER_CONFIG)
  [group] 33 consumers in 1 groups (k1x1000-1000k-e1m-g-t0 ... ), protocol consumer
  [group] t=+0.0s waiting: k1x1000-1000k-e1m-g-t0: local members 33/297 hold 0/1000 partitions (group-wide ? members=0 assigned=0)
  [group] t=+2.0s waiting: k1x1000-1000k-e1m-g-t0: local members 33/297 hold 1000/1000 partitions (group-wide Assigning members=297 assigned=1000)
  [group] t=+4.1s waiting: k1x1000-1000k-e1m-g-t0: local members 33/297 hold 1000/1000 partitions (group-wide Assigning members=297 assigned=1000)
  [group] t=+6.1s waiting: k1x1000-1000k-e1m-g-t0: local members 33/297 hold 4/1000 partitions (group-wide Reconciling members=297 assigned=4)
  [group] t=+8.1s waiting: k1x1000-1000k-e1m-g-t0: local members 33/297 hold 4/1000 partitions (group-wide Reconciling members=297 assigned=4)
  [group] t=+10.1s waiting: k1x1000-1000k-e1m-g-t0: local members 33/297 hold 4/1000 partitions (group-wide Reconciling members=297 assigned=4)
  [group] t=+12.1s waiting: k1x1000-1000k-e1m-g-t0: local members 33/297 hold 113/1000 partitions (group-wide Stable members=297 assigned=1000)
  [group] STABLE after 14.1s: 1 groups, 33 local members holding 113 partitions, assignEv=66 revokeEv=1 lostEv=0
  [produce] 4 clients connected to every broker with producer IDs in 0.31s; max buffered 501024 records per client
READY 1790761044523
[start] waiting 9.327s for the common start 1790761060073
[start] GO 09:37:40.073 (unix ms 1790761060073)
[09:37:50] offered=    55549/s achieved=    55499/s shed=        0/s inflight=     6 | p50=   8.51 p99=   30.59 p999=  103.94 ms | push=555000 pop=563300 lag=-8300 | errs push=0 pop=0 empty=0 gor=443 | ack=    56319/s ackErr=0 ackAvg=3.40ms | e2e p50=8.51 p99=31.36 p999=112.13 n=563300 | e2e_local p50=8.64 p99=31.36 n=184100
[09:38:00] offered=   111119/s achieved=   111079/s shed=        0/s inflight=     9 | p50=   8.16 p99=   13.63 p999=   35.58 ms | push=1665700 pop=1720000 lag=-54300 | errs push=0 pop=0 empty=0 gor=447 | ack=   115684/s ackErr=0 ackAvg=2.93ms | e2e p50=8.16 p99=13.38 p999=35.58 n=1156700 | e2e_local p50=8.16 p99=13.12 n=386200
[09:38:10] offered=   111111/s achieved=   111131/s shed=        0/s inflight=     7 | p50=   8.10 p99=   12.74 p999=   23.17 ms | push=2777000 pop=2867500 lag=-90500 | errs push=0 pop=0 empty=0 gor=444 | ack=   114746/s ackErr=0 ackAvg=2.83ms | e2e p50=8.16 p99=12.74 p999=21.63 n=1147600 | e2e_local p50=8.26 p99=12.22 n=379800
[09:38:20] offered=   111130/s achieved=   111100/s shed=        0/s inflight=    10 | p50=   8.10 p99=   13.25 p999=   23.17 ms | push=3888000 pop=3998400 lag=-110400 | errs push=0 pop=0 empty=0 gor=447 | ack=   113080/s ackErr=0 ackAvg=2.78ms | e2e p50=8.16 p99=11.71 p999=18.82 n=1130900 | e2e_local p50=8.16 p99=12.10 n=377200
[09:38:30] offered=   111099/s achieved=   111089/s shed=        0/s inflight=    11 | p50=   8.10 p99=   12.99 p999=   30.85 ms | push=4998900 pop=5118800 lag=-119900 | errs push=0 pop=0 empty=0 gor=456 | ack=   112029/s ackErr=0 ackAvg=2.77ms | e2e p50=8.16 p99=12.99 p999=27.52 n=1120300 | e2e_local p50=8.16 p99=13.25 n=373500
[09:38:40] offered=   111111/s achieved=   111141/s shed=        0/s inflight=     8 | p50=   8.10 p99=   10.69 p999=   16.51 ms | push=6110300 pop=6241100 lag=-130800 | errs push=0 pop=0 empty=0 gor=450 | ack=   112212/s ackErr=0 ackAvg=2.74ms | e2e p50=8.16 p99=10.69 p999=16.19 n=1122300 | e2e_local p50=8.16 p99=10.69 n=373300
[09:38:50] offered=   111099/s achieved=   111129/s shed=        0/s inflight=     5 | p50=   8.10 p99=   10.94 p999=   17.54 ms | push=7221700 pop=7334200 lag=-112500 | errs push=0 pop=0 empty=0 gor=419 | ack=   109329/s ackErr=0 ackAvg=2.72ms | e2e p50=8.10 p99=11.20 p999=17.54 n=1093100 | e2e_local p50=8.16 p99=11.58 n=371400
[info] steady window 60s (after the ramp, before the producers stopped): offered 111112/s pushed 111112/s popped 112848/s cpu 91.7% = 0.83 cores per 100k msg/s (produce+consume)
[final] offered=72222 achieved=72222 shed=0 (msgs: offered=7222200 achieved=7222200 shed=0) pushErr=0 | pushed=7222200 popped=7334700 lag=-112500 | popErr=0 empty=0 | overall p50=8.16 p99=14.27 p999=32.38 ms | acked=7334700 ackErr=0 ackLag=-112500 ackAvg=2.72ms | e2e p50=8.16 p99=14.02 p999=33.02 ms
load_cpu=61.2%
