pload tag=1x200-t1-9k-p8 loader=8/9 mode=batch rate=1000 msg/s batch=10 batch-max=0 max-inflight=5000 ramp=10s duration=1m10s report=10s drain=1m0s GOMAXPROCS=16 GOGC=400 seed=1790878393789729881
  offered: 1000 msg/s = 100.0 units/s (avg 10.0 msgs/unit) across 3 pacer workers (33.33 units/s each)
  topics: 1 x 200 partitions (x1x200-t1-9k..x1x200-t1-9k), entities/topic=0 (explicit partition) | picker: topics=rr entities: rr over space=22 starting at 0 [producer shard 8/9: partitions p % 9 == 8, entity j -> partition 8 + j*9]
  payload: goload jsonEvent target 256 B, avg 289.3 B raw, ~319 B stamped ({"ts":µs,"src":8,...}), pool 64x10
  consumers: 22 here (ci 176..197 of 198), poll=1000 proc-us=0 ack=async ack-inflight=256 local-src=[6 7 8]
  pulsar: url=pulsar://10.114.0.2:6650,10.114.0.3:6650,10.114.0.4:6650 admin=http://10.114.0.2:8080 ns=bench/ns sub=sub type=failover compression=lz4 batch=5ms/1 msgs/131072 B max-pending=100000/partition mem-limit=64 MB receiver-queue=1000 ack-group=100ms conns/broker=1 | feeder batches capped at -txn-size messages (whole entries per transaction) | txn: x1x200-t1-9k-in -> 22 workers (own client + TC each, NewTransaction timeout 10s, send+AckWithTxn on whole entries, txn-size 1, linger 1s) -> x1x200-t1-9k-out, 22 readers
  [admin] 2 topics with 200 partitions and subscription "sub" exist (checked in 0.0s)
  [txn] 22 workers (ci 176..197 of 198, 0 idle): each its own client + TC, a failover consumer on its partitions of x1x200-t1-9k-in, 22 producers on x1x200-t1-9k-out in all; txn-size 1, linger 1s, txn-timeout 10s; ready in 1.0s
  [consume] 22 consumers (ci 176..197 of 198), failover, partition slices (every partition exactly one consumer): 22 partition registrations here, 200 in total across all processes; idle 0 here, 0 in total; subscribed in 0.0s, settling 2s
  [produce] producer shard 8/9: 22 partitions per topic (p % 9 == 8) x 1 topics, per-partition producers created lazily on first use
READY 1790878119096
[start] waiting 9.292s for the common start 1790878133628
[start] GO 18:08:53.628 (unix ms 1790878133628)
[18:09:03] offered=      501/s achieved=      501/s shed=        0/s inflight=     0 | p50=   6.24 p99=   23.17 p999=   29.06 ms | push=5010 pop=4538 lag=472 | errs push=0 pop=0 empty=0 gor=5979 | ack=      454/s ackErr=0 ackAvg=0.00ms | e2e p50=173.06 p99=403.46 p999=477.18 n=4538 | e2e_local p50=175.10 p99=415.74 n=1864
[txn] 18:09:03 txn=     454/s msgs=      454/s avg=  1.00 msg/txn | commit p50=27.01 p99=42.24 p999=63.23 ms | aborts=0 errs=0 open=22 | in=      456/s | total txns=4537 msgs=4537 aborts=0 errs=0
[18:09:13] offered=      999/s achieved=      999/s shed=        0/s inflight=     0 | p50=   5.66 p99=    9.66 p999=   15.42 ms | push=15000 pop=12815 lag=2185 | errs push=0 pop=0 empty=0 gor=9672 | ack=      828/s ackErr=0 ackAvg=0.00ms | e2e p50=1187.84 p99=2244.61 p999=2408.45 n=8277 | e2e_local p50=1269.76 p99=2310.14 n=3379
[txn] 18:09:13 txn=     828/s msgs=      828/s avg=  1.00 msg/txn | commit p50=26.50 p99=35.58 p999=43.78 ms | aborts=0 errs=0 open=22 | in=      828/s | total txns=12814 msgs=12814 aborts=0 errs=0
[18:09:23] offered=     1000/s achieved=     1000/s shed=        0/s inflight=     1 | p50=   5.54 p99=    9.15 p999=   10.05 ms | push=25000 pop=21311 lag=3689 | errs push=0 pop=0 empty=0 gor=9885 | ack=      850/s ackErr=0 ackAvg=0.00ms | e2e p50=2670.59 p99=3981.31 p999=4112.38 n=8496 | e2e_local p50=2801.66 p99=4046.85 n=3469
[txn] 18:09:23 txn=     850/s msgs=      850/s avg=  1.00 msg/txn | commit p50=25.98 p99=32.64 p999=37.63 ms | aborts=0 errs=0 open=22 | in=      850/s | total txns=21312 msgs=21312 aborts=0 errs=0
[18:09:33] offered=     1001/s achieved=     1001/s shed=        0/s inflight=     0 | p50=   5.47 p99=    8.90 p999=    9.79 ms | push=35010 pop=29820 lag=5190 | errs push=0 pop=0 empty=0 gor=9912 | ack=      851/s ackErr=0 ackAvg=0.00ms | e2e p50=4177.92 p99=5668.86 p999=5865.47 n=8509 | e2e_local p50=4292.61 p99=5734.40 n=3480
[txn] 18:09:33 txn=     851/s msgs=      851/s avg=  1.00 msg/txn | commit p50=25.98 p99=31.87 p999=36.10 ms | aborts=0 errs=0 open=22 | in=      851/s | total txns=29818 msgs=29818 aborts=0 errs=0
[18:09:43] offered=      999/s achieved=      999/s shed=        0/s inflight=     0 | p50=   5.60 p99=    9.41 p999=   15.81 ms | push=45000 pop=38082 lag=6918 | errs push=0 pop=0 empty=0 gor=9654 | ack=      826/s ackErr=0 ackAvg=0.00ms | e2e p50=5799.94 p99=7569.41 p999=7831.55 n=8262 | e2e_local p50=5931.01 p99=7700.48 n=3376
[txn] 18:09:43 txn=     827/s msgs=      827/s avg=  1.00 msg/txn | commit p50=26.50 p99=34.05 p999=40.19 ms | aborts=0 errs=0 open=22 | in=      827/s | total txns=38083 msgs=38083 aborts=0 errs=0
[18:09:53] offered=     1000/s achieved=     1000/s shed=        0/s inflight=     0 | p50=   5.66 p99=    9.28 p999=   11.33 ms | push=55000 pop=46396 lag=8604 | errs push=0 pop=0 empty=0 gor=9711 | ack=      831/s ackErr=0 ackAvg=0.00ms | e2e p50=7503.87 p99=9371.65 p999=9764.86 n=8314 | e2e_local p50=7700.48 p99=9502.72 n=3394
[txn] 18:09:53 txn=     831/s msgs=      831/s avg=  1.00 msg/txn | commit p50=26.24 p99=34.05 p999=42.75 ms | aborts=0 errs=0 open=22 | in=      831/s | total txns=46397 msgs=46397 aborts=0 errs=0
[18:10:03] offered=     1001/s achieved=     1000/s shed=        0/s inflight=     1 | p50=   5.60 p99=    9.41 p999=   12.22 ms | push=65000 pop=54695 lag=10305 | errs push=0 pop=0 empty=0 gor=9695 | ack=      830/s ackErr=0 ackAvg=0.00ms | e2e p50=9371.65 p99=11337.73 p999=11599.87 n=8299 | e2e_local p50=9502.72 p99=11468.80 n=3385
[txn] 18:10:03 txn=     830/s msgs=      830/s avg=  1.00 msg/txn | commit p50=26.24 p99=34.56 p999=39.17 ms | aborts=0 errs=0 open=22 | in=      830/s | total txns=54695 msgs=54695 aborts=0 errs=0
[drain] workers and readers keep going for up to 59.994s (ends early after 3s idle; lag now 10306)
[18:10:13] offered=        0/s achieved=        1/s shed=        0/s inflight=     0 | p50=   5.92 p99=    5.92 p999=    5.92 ms | push=65010 pop=62907 lag=2103 | errs push=0 pop=0 empty=0 gor=9599 | ack=      821/s ackErr=0 ackAvg=0.00ms | e2e p50=11075.58 p99=13041.66 p999=13303.81 n=8212 | e2e_local p50=11075.58 p99=13172.74 n=3507
[txn] 18:10:13 txn=     821/s msgs=      821/s avg=  1.00 msg/txn | commit p50=25.73 p99=31.10 p999=34.56 ms | aborts=0 errs=0 open=18 | in=      821/s | total txns=62906 msgs=62906 aborts=0 errs=0
[drain] idle for 3s after 16.7s: ending the drain (lag 630)
[info] txn workers: 0 re-subscriptions after an abort, 0 messages held outside a transaction at the stop (left unacked)
[info] producers created: 22 per-partition producers (shard), 0 creation errors, avg creation 13.5 ms
[info] steady window 60s (after the ramp, before the producers stopped): offered 1000/s pushed 1000/s popped 836/s cpu 67.7% = 67.73 cores per 100k msg/s (produce+consume)
[final] offered=6501 achieved=6501 shed=0 (msgs: offered=65010 achieved=65010 shed=0) pushErr=0 | pushed=65010 popped=64380 lag=630 | popErr=0 empty=0 | overall p50=5.66 p99=9.79 p999=22.14 ms | acked=64380 ackErr=0 ackLag=630 ackAvg=0.00ms | e2e p50=5144.58 p99=12910.59 p999=13565.95 ms
load_cpu=50.2%
[txn-final] txns=64380 msgs=64380 aborts=0 errs=0 in=64380 avg=1.00 msg/txn | commit p50=26.24 p99=34.05 p999=43.26 max=67.07 ms
[ids] ledger /root/bench/runs/txn/pulsar/1x200-t1-9k/ids/p8.ids: 65010 confirmed, 0 failed, 0 unanswered
