kload tag=1000x100-1000k-p3 loader=3/9 mode=batch rate=111111 msg/s batch=100 batch-max=0 max-inflight=5000 ramp=10s duration=1m10s report=10s drain=0s GOMAXPROCS=16 GOGC=400 seed=1790760721523117389
  offered: 111111 msg/s = 1111.1 units/s (avg 100.0 msgs/unit) across 23 pacer workers (48.31 units/s each)
  topics: 1000 x 100 partitions (k1000x100-1000k-t0..k1000x100-1000k-t999), entities/topic=0 (explicit partition) | picker: topics=rr entities: rr over space=100 starting at 33
  payload: goload jsonEvent target 256 B, avg 289.5 B raw, ~319 B stamped ({"ts":µs,"src":3,...}), pool 64x100
  consumers: 33 here (ci 99..131 of 297), poll=1000 proc-us=0 ack=async ack-inflight=256 local-src=[3 4 5]
  kafka: brokers=10.114.0.2:9092,10.114.0.3:9092,10.114.0.4:9092 rf=3 min-isr=2 producers=4 linger=5ms compression=lz4 acks=all idempotent batch-max-bytes=1048576 | consumers: protocol=consumer fetch-max-wait=500ms fetch-min-bytes=1 fetch-max-partition-bytes=1048576 session=45s
  [topic] READY after 0.2s: 1000 topics x 100 partitions, leaders + full ISR
  [config] broker.compression.type = producer (STATIC_BROKER_CONFIG)
  [config] broker.default.replication.factor = 3 (STATIC_BROKER_CONFIG)
  [config] broker.group.consumer.assignors = uniform,range (DEFAULT_CONFIG)
  [config] broker.group.coordinator.rebalance.protocols = classic,consumer,streams (DEFAULT_CONFIG)
  [config] broker.group.initial.rebalance.delay.ms = 3000 (DEFAULT_CONFIG)
  [config] broker.log.flush.interval.messages = 9223372036854775807 (DEFAULT_CONFIG)
  [config] broker.log.flush.interval.ms = <nil> (DEFAULT_CONFIG)
  [config] broker.max.incremental.fetch.session.cache.slots = 4000 (STATIC_BROKER_CONFIG)
  [config] broker.min.insync.replicas = 2 (DYNAMIC_DEFAULT_BROKER_CONFIG)
  [config] broker.num.io.threads = 16 (STATIC_BROKER_CONFIG)
  [config] broker.num.network.threads = 8 (STATIC_BROKER_CONFIG)
  [config] broker.num.replica.fetchers = 8 (STATIC_BROKER_CONFIG)
  [config] topic.compression.type = producer (STATIC_BROKER_CONFIG)
  [config] topic.flush.messages = 9223372036854775807 (DEFAULT_CONFIG)
  [config] topic.flush.ms = 9223372036854775807 (DEFAULT_CONFIG)
  [config] topic.max.message.bytes = 16777216 (STATIC_BROKER_CONFIG)
  [config] topic.message.timestamp.type = CreateTime (DEFAULT_CONFIG)
  [config] topic.min.insync.replicas = 2 (DYNAMIC_TOPIC_CONFIG)
  [config] topic.retention.ms = 600000 (DYNAMIC_TOPIC_CONFIG)
  [config] topic.segment.bytes = 268435456 (DYNAMIC_TOPIC_CONFIG)
  [config] topic.unclean.leader.election.enable = false (STATIC_BROKER_CONFIG)
  [group] 33 consumers in 33 groups (k1000x100-1000k-g-c99 ... ), protocol consumer
  [group] t=+0.9s waiting: k1000x100-1000k-g-c99: local members 1/1 hold 0/400 partitions (group-wide ? members=0 assigned=0); k1000x100-1000k-g-c100: local members 1/1 hold 0/400 partitions (group-wide ? members=0 assigned=0); k1000x100-1000k-g-c101: local members 1/1 hold 400/400 partitions (group-wide ? members=0 assigned=0)
  [group] t=+3.0s waiting: k1000x100-1000k-g-c99: local members 1/1 hold 400/400 partitions (group-wide Stable members=1 assigned=400); k1000x100-1000k-g-c100: local members 1/1 hold 400/400 partitions (group-wide Stable members=1 assigned=400); k1000x100-1000k-g-c101: local members 1/1 hold 400/400 partitions (group-wide Stable members=1 assigned=400)
  [group] t=+5.0s waiting: k1000x100-1000k-g-c104: local members 1/1 hold 400/400 partitions (group-wide Stable members=1 assigned=400); k1000x100-1000k-g-c106: local members 1/1 hold 400/400 partitions (group-wide Stable members=1 assigned=400); k1000x100-1000k-g-c109: local members 1/1 hold 300/300 partitions (group-wide Stable members=1 assigned=300)
  [group] STABLE after 5.1s: 33 groups, 33 local members holding 10900 partitions, assignEv=33 revokeEv=0 lostEv=0
  [produce] 4 clients connected to every broker with producer IDs in 0.02s; max buffered 501024 records per client
READY 1790760750705
[start] waiting 9.235s for the common start 1790760766778
[start] GO 09:32:46.778 (unix ms 1790760766778)
[09:32:56] offered=    55525/s achieved=    42864/s shed=        0/s inflight=  1266 | p50=1019.90 p99= 1531.90 p999= 1597.44 ms | push=428600 pop=412600 lag=16000 | errs push=0 pop=0 empty=0 gor=730 | ack=    30473/s ackErr=0 ackAvg=815.94ms | e2e p50=1105.92 p99=1499.14 p999=1613.82 n=412600 | e2e_local p50=1089.54 p99=1499.14 n=138300
[09:33:06] offered=   111083/s achieved=   102584/s shed=        0/s inflight=  2117 | p50=1449.98 p99= 2244.61 p999= 2310.14 ms | push=1454500 pop=1395800 lag=58700 | errs push=0 pop=0 empty=0 gor=702 | ack=    89017/s ackErr=0 ackAvg=1161.55ms | e2e p50=1646.59 p99=2572.29 p999=2834.43 n=983200 | e2e_local p50=1662.98 p99=2539.52 n=325900
[09:33:16] offered=   111126/s achieved=   105256/s shed=        0/s inflight=  2703 | p50=2056.19 p99= 3063.81 p999= 3293.18 ms | push=2507000 pop=2314400 lag=192600 | errs push=0 pop=0 empty=0 gor=687 | ack=    84322/s ackErr=0 ackAvg=1413.92ms | e2e p50=2605.06 p99=4751.36 p999=5406.72 n=918600 | e2e_local p50=2637.82 p99=4751.36 n=305407
[09:33:26] offered=   111123/s achieved=   123822/s shed=        0/s inflight=  1434 | p50=1384.45 p99= 3129.34 p999= 3391.49 ms | push=3745300 pop=3643254 lag=102046 | errs push=0 pop=0 empty=0 gor=700 | ack=   141431/s ackErr=0 ackAvg=1484.02ms | e2e p50=2179.07 p99=5406.72 p999=5734.40 n=1328854 | e2e_local p50=2244.61 p99=5406.72 n=445093
[09:33:36] offered=   111131/s achieved=   111201/s shed=        0/s inflight=  1426 | p50=1335.30 p99= 2039.81 p999= 2179.07 ms | push=4857300 pop=4745800 lag=111500 | errs push=0 pop=0 empty=0 gor=704 | ack=   111211/s ackErr=0 ackAvg=1477.22ms | e2e p50=1548.29 p99=2244.61 p999=2441.22 n=1102546 | e2e_local p50=1548.29 p99=2244.61 n=366600
[09:33:46] offered=   111119/s achieved=   109819/s shed=        0/s inflight=  1556 | p50=1368.06 p99= 2310.14 p999= 2506.75 ms | push=5955500 pop=5827400 lag=128100 | errs push=0 pop=0 empty=0 gor=705 | ack=   107719/s ackErr=0 ackAvg=1480.90ms | e2e p50=1581.06 p99=2441.22 p999=2670.59 n=1081600 | e2e_local p50=1581.06 p99=2473.98 n=360700
[09:33:56] offered=   111101/s achieved=   112621/s shed=        0/s inflight=  1404 | p50=1286.14 p99= 1712.13 p999= 1810.43 ms | push=7081700 pop=6927600 lag=154100 | errs push=0 pop=0 empty=0 gor=683 | ack=   110201/s ackErr=0 ackAvg=1478.21ms | e2e p50=1515.52 p99=1941.50 p999=2113.54 n=1100200 | e2e_local p50=1515.52 p99=1941.50 n=367600
[info] steady window 60s (after the ramp, before the producers stopped): offered 111114/s pushed 110884/s popped 108582/s cpu 57.2% = 0.52 cores per 100k msg/s (produce+consume)
[info] 10900 warm-up messages (no "ts") received and not counted as load
[final] offered=72221 achieved=72221 shed=0 (msgs: offered=7222100 achieved=7222100 shed=0) pushErr=0 | pushed=7222100 popped=7086606 lag=135494 | popErr=0 empty=0 | overall p50=1400.83 p99=2932.74 p999=3260.42 ms | acked=7074806 ackErr=0 ackLag=147294 ackAvg=1505.83ms | e2e p50=1646.59 p99=4816.90 p999=5537.79 ms
load_cpu=45.4%
