kload tag=1000x100-1000k-p4 loader=4/9 mode=batch rate=111111 msg/s batch=100 batch-max=0 max-inflight=5000 ramp=10s duration=1m10s report=10s drain=0s GOMAXPROCS=16 GOGC=400 seed=1790760721525759547
  offered: 111111 msg/s = 1111.1 units/s (avg 100.0 msgs/unit) across 23 pacer workers (48.31 units/s each)
  topics: 1000 x 100 partitions (k1000x100-1000k-t0..k1000x100-1000k-t999), entities/topic=0 (explicit partition) | picker: topics=rr entities: rr over space=100 starting at 44
  payload: goload jsonEvent target 256 B, avg 289.5 B raw, ~319 B stamped ({"ts":µs,"src":4,...}), pool 64x100
  consumers: 33 here (ci 132..164 of 297), poll=1000 proc-us=0 ack=async ack-inflight=256 local-src=[3 4 5]
  kafka: brokers=10.114.0.2:9092,10.114.0.3:9092,10.114.0.4:9092 rf=3 min-isr=2 producers=4 linger=5ms compression=lz4 acks=all idempotent batch-max-bytes=1048576 | consumers: protocol=consumer fetch-max-wait=500ms fetch-min-bytes=1 fetch-max-partition-bytes=1048576 session=45s
  [topic] READY after 0.2s: 1000 topics x 100 partitions, leaders + full ISR
  [config] broker.compression.type = producer (STATIC_BROKER_CONFIG)
  [config] broker.default.replication.factor = 3 (STATIC_BROKER_CONFIG)
  [config] broker.group.consumer.assignors = uniform,range (DEFAULT_CONFIG)
  [config] broker.group.coordinator.rebalance.protocols = classic,consumer,streams (DEFAULT_CONFIG)
  [config] broker.group.initial.rebalance.delay.ms = 3000 (DEFAULT_CONFIG)
  [config] broker.log.flush.interval.messages = 9223372036854775807 (DEFAULT_CONFIG)
  [config] broker.log.flush.interval.ms = <nil> (DEFAULT_CONFIG)
  [config] broker.max.incremental.fetch.session.cache.slots = 4000 (STATIC_BROKER_CONFIG)
  [config] broker.min.insync.replicas = 2 (DYNAMIC_DEFAULT_BROKER_CONFIG)
  [config] broker.num.io.threads = 16 (STATIC_BROKER_CONFIG)
  [config] broker.num.network.threads = 8 (STATIC_BROKER_CONFIG)
  [config] broker.num.replica.fetchers = 8 (STATIC_BROKER_CONFIG)
  [config] topic.compression.type = producer (STATIC_BROKER_CONFIG)
  [config] topic.flush.messages = 9223372036854775807 (DEFAULT_CONFIG)
  [config] topic.flush.ms = 9223372036854775807 (DEFAULT_CONFIG)
  [config] topic.max.message.bytes = 16777216 (STATIC_BROKER_CONFIG)
  [config] topic.message.timestamp.type = CreateTime (DEFAULT_CONFIG)
  [config] topic.min.insync.replicas = 2 (DYNAMIC_TOPIC_CONFIG)
  [config] topic.retention.ms = 600000 (DYNAMIC_TOPIC_CONFIG)
  [config] topic.segment.bytes = 268435456 (DYNAMIC_TOPIC_CONFIG)
  [config] topic.unclean.leader.election.enable = false (STATIC_BROKER_CONFIG)
  [group] 33 consumers in 33 groups (k1000x100-1000k-g-c132 ... ), protocol consumer
  [group] t=+0.0s waiting: k1000x100-1000k-g-c132: local members 1/1 hold 0/300 partitions (group-wide ? members=0 assigned=0); k1000x100-1000k-g-c133: local members 1/1 hold 0/300 partitions (group-wide ? members=0 assigned=0); k1000x100-1000k-g-c134: local members 1/1 hold 0/300 partitions (group-wide ? members=0 assigned=0)
  [group] t=+2.1s waiting: k1000x100-1000k-g-c132: local members 1/1 hold 300/300 partitions (group-wide Stable members=1 assigned=300); k1000x100-1000k-g-c133: local members 1/1 hold 300/300 partitions (group-wide Stable members=1 assigned=300); k1000x100-1000k-g-c134: local members 1/1 hold 300/300 partitions (group-wide Stable members=1 assigned=300)
  [group] t=+4.1s waiting: k1000x100-1000k-g-c133: local members 1/1 hold 300/300 partitions (group-wide Stable members=1 assigned=300); k1000x100-1000k-g-c135: local members 1/1 hold 300/300 partitions (group-wide Stable members=1 assigned=300); k1000x100-1000k-g-c137: local members 1/1 hold 300/300 partitions (group-wide Stable members=1 assigned=300)
  [group] STABLE after 5.1s: 33 groups, 33 local members holding 9900 partitions, assignEv=33 revokeEv=0 lostEv=0
  [produce] 4 clients connected to every broker with producer IDs in 0.01s; max buffered 501024 records per client
READY 1790760750687
[start] waiting 9.254s for the common start 1790760766778
[start] GO 09:32:46.778 (unix ms 1790760766778)
[09:32:56] offered=    55568/s achieved=    43718/s shed=        0/s inflight=  1185 | p50=1019.90 p99= 1515.52 p999= 1630.21 ms | push=437200 pop=378000 lag=59200 | errs push=0 pop=0 empty=0 gor=739 | ack=    27819/s ackErr=0 ackAvg=815.24ms | e2e p50=1105.92 p99=1515.52 p999=1662.98 n=378000 | e2e_local p50=1105.92 p99=1499.14 n=126200
[09:33:06] offered=   111117/s achieved=   101887/s shed=        0/s inflight=  2108 | p50=1449.98 p99= 2277.38 p999= 2375.68 ms | push=1456000 pop=1274500 lag=181500 | errs push=0 pop=0 empty=0 gor=702 | ack=    81575/s ackErr=0 ackAvg=1169.27ms | e2e p50=1646.59 p99=2506.75 p999=2637.82 n=896500 | e2e_local p50=1646.59 p99=2473.98 n=297400
[09:33:16] offered=   111108/s achieved=   104268/s shed=        0/s inflight=  2792 | p50=2056.19 p99= 3227.65 p999= 3391.49 ms | push=2498700 pop=2151500 lag=347200 | errs push=0 pop=0 empty=0 gor=688 | ack=    78809/s ackErr=0 ackAvg=1426.81ms | e2e p50=2473.98 p99=3948.54 p999=4227.07 n=877000 | e2e_local p50=2506.75 p99=3948.54 n=292200
[09:33:26] offered=   111105/s achieved=   124914/s shed=        0/s inflight=  1412 | p50=1400.83 p99= 3260.42 p999= 3489.79 ms | push=3747900 pop=3314700 lag=433200 | errs push=0 pop=0 empty=0 gor=708 | ack=   128084/s ackErr=0 ackAvg=1498.85ms | e2e p50=1728.51 p99=3948.54 p999=4227.07 n=1163200 | e2e_local p50=1728.51 p99=3915.78 n=388500
[09:33:36] offered=   111125/s achieved=   110945/s shed=        0/s inflight=  1429 | p50=1335.30 p99= 2179.07 p999= 2408.45 ms | push=4857300 pop=4312000 lag=545300 | errs push=0 pop=0 empty=0 gor=697 | ack=    97984/s ackErr=0 ackAvg=1486.03ms | e2e p50=1531.90 p99=2211.84 p999=2375.68 n=997300 | e2e_local p50=1548.29 p99=2244.61 n=333000
[09:33:46] offered=   111094/s achieved=   110454/s shed=        0/s inflight=  1493 | p50=1351.68 p99= 2244.61 p999= 2506.75 ms | push=5961800 pop=5294800 lag=667000 | errs push=0 pop=0 empty=0 gor=706 | ack=    98603/s ackErr=0 ackAvg=1484.93ms | e2e p50=1564.67 p99=2408.45 p999=2605.06 n=982800 | e2e_local p50=1581.06 p99=2408.45 n=327300
[09:33:56] offered=   111103/s achieved=   112033/s shed=        0/s inflight=  1400 | p50=1302.53 p99= 1695.74 p999= 1777.66 ms | push=7082200 pop=6294000 lag=788200 | errs push=0 pop=0 empty=0 gor=678 | ack=    99844/s ackErr=0 ackAvg=1483.91ms | e2e p50=1515.52 p99=1941.50 p999=2072.58 n=999200 | e2e_local p50=1515.52 p99=1941.50 n=333300
[info] steady window 60s (after the ramp, before the producers stopped): offered 111109/s pushed 110750/s popped 98600/s cpu 57.1% = 0.52 cores per 100k msg/s (produce+consume)
[info] 9900 warm-up messages (no "ts") received and not counted as load
[final] offered=72222 achieved=72222 shed=0 (msgs: offered=7222200 achieved=7222200 shed=0) pushErr=0 | pushed=7222200 popped=6440900 lag=781300 | popErr=0 empty=0 | overall p50=1400.83 p99=3063.81 p999=3358.72 ms | acked=6432600 ackErr=0 ackLag=789600 ackAvg=1506.49ms | e2e p50=1613.82 p99=3719.17 p999=4145.15 ms
load_cpu=45.0%
