kload tag=1x50000-1000k-p6 loader=6/9 mode=batch rate=111111 msg/s batch=100 batch-max=0 max-inflight=5000 ramp=10s duration=1m10s report=10s drain=0s GOMAXPROCS=16 GOGC=400 seed=1790754870340628656
  offered: 111111 msg/s = 1111.1 units/s (avg 100.0 msgs/unit) across 23 pacer workers (48.31 units/s each)
  topics: 1 x 50000 partitions (k1x50000-1000k..k1x50000-1000k), entities/topic=0 (explicit partition) | picker: topics=rr entities: rr over space=50000 starting at 33333
  payload: goload jsonEvent target 256 B, avg 289.5 B raw, ~319 B stamped ({"ts":µs,"src":6,...}), pool 64x100
  consumers: 33 here (ci 198..230 of 297), poll=1000 proc-us=0 ack=async ack-inflight=256 local-src=[6 7 8]
  kafka: brokers=10.114.0.2:9092,10.114.0.3:9092,10.114.0.4:9092 rf=3 min-isr=2 producers=4 linger=5ms compression=lz4 acks=all idempotent batch-max-bytes=1048576 | consumers: protocol=consumer fetch-max-wait=500ms fetch-min-bytes=1 fetch-max-partition-bytes=1048576 session=45s
  [topic] READY after 0.1s: 1 topics x 50000 partitions, leaders + full ISR
  [config] broker.compression.type = producer (STATIC_BROKER_CONFIG)
  [config] broker.default.replication.factor = 3 (STATIC_BROKER_CONFIG)
  [config] broker.group.consumer.assignors = uniform,range (DEFAULT_CONFIG)
  [config] broker.group.coordinator.rebalance.protocols = classic,consumer,streams (DEFAULT_CONFIG)
  [config] broker.group.initial.rebalance.delay.ms = 3000 (DEFAULT_CONFIG)
  [config] broker.log.flush.interval.messages = 9223372036854775807 (DEFAULT_CONFIG)
  [config] broker.log.flush.interval.ms = <nil> (DEFAULT_CONFIG)
  [config] broker.max.incremental.fetch.session.cache.slots = 4000 (STATIC_BROKER_CONFIG)
  [config] broker.min.insync.replicas = 2 (DYNAMIC_DEFAULT_BROKER_CONFIG)
  [config] broker.num.io.threads = 16 (STATIC_BROKER_CONFIG)
  [config] broker.num.network.threads = 8 (STATIC_BROKER_CONFIG)
  [config] broker.num.replica.fetchers = 4 (STATIC_BROKER_CONFIG)
  [config] topic.compression.type = producer (STATIC_BROKER_CONFIG)
  [config] topic.flush.messages = 9223372036854775807 (DEFAULT_CONFIG)
  [config] topic.flush.ms = 9223372036854775807 (DEFAULT_CONFIG)
  [config] topic.max.message.bytes = 1048588 (DEFAULT_CONFIG)
  [config] topic.message.timestamp.type = CreateTime (DEFAULT_CONFIG)
  [config] topic.min.insync.replicas = 2 (DYNAMIC_TOPIC_CONFIG)
  [config] topic.retention.ms = 600000 (DYNAMIC_TOPIC_CONFIG)
  [config] topic.segment.bytes = 268435456 (DYNAMIC_TOPIC_CONFIG)
  [config] topic.unclean.leader.election.enable = false (STATIC_BROKER_CONFIG)
  [group] 33 consumers in 1 groups (k1x50000-1000k-g-t0 ... ), protocol consumer
  [group] t=+0.7s waiting: k1x50000-1000k-g-t0: local members 33/297 hold 0/50000 partitions (group-wide ? members=0 assigned=0)
  [group] t=+2.8s waiting: k1x50000-1000k-g-t0: local members 33/297 hold 0/50000 partitions (group-wide Assigning members=297 assigned=50000)
  [group] t=+4.8s waiting: k1x50000-1000k-g-t0: local members 33/297 hold 0/50000 partitions (group-wide Assigning members=297 assigned=50000)
  [group] t=+6.8s waiting: k1x50000-1000k-g-t0: local members 33/297 hold 0/50000 partitions (group-wide Reconciling members=297 assigned=50000)
  [group] t=+8.8s waiting: k1x50000-1000k-g-t0: local members 33/297 hold 0/50000 partitions (group-wide Reconciling members=297 assigned=169)
  [group] t=+10.8s waiting: k1x50000-1000k-g-t0: local members 33/297 hold 0/50000 partitions (group-wide Reconciling members=297 assigned=169)
  [group] t=+12.9s waiting: k1x50000-1000k-g-t0: local members 33/297 hold 5557/50000 partitions (group-wide Stable members=297 assigned=50000)
  [group] STABLE after 14.3s: 1 groups, 33 local members holding 5557 partitions, assignEv=66 revokeEv=0 lostEv=0
  [produce] 4 clients connected to every broker with producer IDs in 0.02s; max buffered 501024 records per client
READY 1790754904737
[start] waiting 8.878s for the common start 1790754921458
[start] GO 07:55:21.458 (unix ms 1790754921458)
[07:55:31] offered=    55531/s achieved=    51611/s shed=        0/s inflight=   392 | p50= 288.77 p99=  477.18 p999=  577.54 ms | push=516100 pop=501700 lag=14400 | errs push=0 pop=0 empty=0 gor=776 | ack=    41211/s ackErr=0 ackAvg=1259.83ms | e2e p50=342.02 p99=577.54 p999=618.50 n=501700 | e2e_local p50=358.40 p99=569.34 n=202700
[07:55:41] offered=   111098/s achieved=   108339/s shed=        0/s inflight=   668 | p50= 872.45 p99= 2539.52 p999= 2801.66 ms | push=1599600 pop=1562000 lag=37600 | errs push=0 pop=0 empty=0 gor=773 | ack=    99000/s ackErr=0 ackAvg=1493.40ms | e2e p50=1417.22 p99=4423.68 p999=4554.75 n=1060300 | e2e_local p50=1662.98 p99=4489.22 n=269500
[07:55:51] offered=   111103/s achieved=   110733/s shed=        0/s inflight=   708 | p50= 432.13 p99= 1171.46 p999= 1564.67 ms | push=2706800 pop=2698800 lag=8000 | errs push=0 pop=0 empty=0 gor=786 | ack=   119134/s ackErr=0 ackAvg=1447.19ms | e2e p50=505.86 p99=1417.22 p999=1728.51 n=1136800 | e2e_local p50=528.38 p99=1236.99 n=319500
[07:56:01] offered=   111139/s achieved=   112389/s shed=        0/s inflight=   580 | p50= 460.80 p99= 1433.60 p999= 1826.82 ms | push=3830700 pop=3825000 lag=5700 | errs push=0 pop=0 empty=0 gor=797 | ack=   111069/s ackErr=0 ackAvg=1345.05ms | e2e p50=593.92 p99=1433.60 p999=1662.98 n=1126200 | e2e_local p50=585.73 p99=1384.45 n=427000
[07:56:11] offered=   111090/s achieved=   108000/s shed=        0/s inflight=   890 | p50= 501.76 p99= 1318.91 p999= 1679.36 ms | push=4910700 pop=4876900 lag=33800 | errs push=0 pop=0 empty=0 gor=773 | ack=   101180/s ackErr=0 ackAvg=1350.54ms | e2e p50=659.46 p99=1384.45 p999=1679.36 n=1051900 | e2e_local p50=659.46 p99=1417.22 n=395800
[07:56:21] offered=   111101/s achieved=   113171/s shed=        0/s inflight=   683 | p50= 593.92 p99= 1499.14 p999= 1810.43 ms | push=6042400 pop=6020800 lag=21600 | errs push=0 pop=0 empty=0 gor=784 | ack=   111701/s ackErr=0 ackAvg=1395.49ms | e2e p50=1028.10 p99=2113.54 p999=2211.84 n=1144000 | e2e_local p50=978.94 p99=2088.96 n=404400
[07:56:31] offered=   111135/s achieved=   110975/s shed=        0/s inflight=   698 | p50= 569.34 p99= 1449.98 p999= 1630.21 ms | push=7152200 pop=7143900 lag=8300 | errs push=0 pop=0 empty=0 gor=764 | ack=   115755/s ackErr=0 ackAvg=1395.13ms | e2e p50=741.38 p99=1466.37 p999=1744.90 n=1123000 | e2e_local p50=757.76 p99=1449.98 n=255100
[info] steady window 60s (after the ramp, before the producers stopped): offered 111111/s pushed 110601/s popped 110703/s cpu 77.9% = 0.70 cores per 100k msg/s (produce+consume)
[final] offered=72220 achieved=72220 shed=0 (msgs: offered=7222000 achieved=7222000 shed=0) pushErr=0 | pushed=7222000 popped=7224100 lag=-2100 | popErr=0 empty=0 | overall p50=505.86 p99=2056.19 p999=2605.06 ms | acked=7224100 ackErr=0 ackLag=-2100 ackAvg=1401.40ms | e2e p50=667.65 p99=3948.54 p999=4489.22 ms
load_cpu=61.4%
