{"role":"consumer","event":"start","queues":["bench-cg10-0.15.5"],"queueCount":1,"consumerGroup":"cg-7","numWorkers":1,"conns":50,"duration":240,"batchSize":100,"timestamp":"2026-06-04T08:01:13.170Z"}
{
  "role": "consumer",
  "event": "result",
  "consumerGroup": "cg-7",
  "totalRequests": 75773,
  "reqPerSec": 316,
  "maxMsgPerSecCeiling": 31600,
  "latency": {
    "p50": 130,
    "p90": 283,
    "p99": 545,
    "avg": 157.85,
    "max": 8924
  },
  "errors": 0,
  "non2xx": 0,
  "timeouts": 0,
  "durationSec": 240
}
