{"role":"consumer","event":"start","queues":["bench-cg10-0.15.5"],"queueCount":1,"consumerGroup":"cg-9","numWorkers":1,"conns":50,"duration":240,"batchSize":100,"timestamp":"2026-06-04T08:01:13.198Z"}
{
  "role": "consumer",
  "event": "result",
  "consumerGroup": "cg-9",
  "totalRequests": 75803,
  "reqPerSec": 316,
  "maxMsgPerSecCeiling": 31600,
  "latency": {
    "p50": 131,
    "p90": 282,
    "p99": 540,
    "avg": 157.79,
    "max": 5496
  },
  "errors": 0,
  "non2xx": 0,
  "timeouts": 0,
  "durationSec": 240
}
