{"role":"consumer","event":"start","queues":["bench-cg10-0.15.5"],"queueCount":1,"consumerGroup":"cg-6","numWorkers":1,"conns":50,"duration":240,"batchSize":100,"timestamp":"2026-06-04T08:01:13.172Z"}
{
  "role": "consumer",
  "event": "result",
  "consumerGroup": "cg-6",
  "totalRequests": 75734,
  "reqPerSec": 316,
  "maxMsgPerSecCeiling": 31600,
  "latency": {
    "p50": 130,
    "p90": 282,
    "p99": 544,
    "avg": 157.93,
    "max": 7728
  },
  "errors": 0,
  "non2xx": 0,
  "timeouts": 0,
  "durationSec": 240
}
