{"role":"consumer","event":"start","queues":["bench-cg10-0.15.5"],"queueCount":1,"consumerGroup":"cg-1","numWorkers":1,"conns":50,"duration":240,"batchSize":100,"timestamp":"2026-06-04T08:01:13.174Z"}
{
  "role": "consumer",
  "event": "result",
  "consumerGroup": "cg-1",
  "totalRequests": 75416,
  "reqPerSec": 314,
  "maxMsgPerSecCeiling": 31400,
  "latency": {
    "p50": 131,
    "p90": 285,
    "p99": 540,
    "avg": 158.58,
    "max": 8801
  },
  "errors": 0,
  "non2xx": 0,
  "timeouts": 0,
  "durationSec": 240
}
