{"role":"consumer","event":"start","queues":["bench-cg10-0.15.5"],"queueCount":1,"consumerGroup":"cg-8","numWorkers":1,"conns":50,"duration":240,"batchSize":100,"timestamp":"2026-06-04T08:01:13.170Z"}
{
  "role": "consumer",
  "event": "result",
  "consumerGroup": "cg-8",
  "totalRequests": 76122,
  "reqPerSec": 317,
  "maxMsgPerSecCeiling": 31700,
  "latency": {
    "p50": 130,
    "p90": 282,
    "p99": 535,
    "avg": 157.13,
    "max": 8181
  },
  "errors": 0,
  "non2xx": 0,
  "timeouts": 0,
  "durationSec": 240
}
