qload tag= loader=0/1 mode=batch rate=0 msg/s batch=100 batch-max=0 max-inflight=5000 ramp=1s duration=1s report=2s drain=30s GOMAXPROCS=10 GOGC=400(default) seed=1791583724425561466
  topics: 1 x 2000 partitions (big..big), entities/topic=0 (explicit partition) | picker: topics=rr entities: rr over space=2000 starting at 0
  payload: goload jsonEvent target 256 B, avg 289.6 B raw, ~320 B stamped ({"ts":µs,"src":0,...}), pool 64x100
  consumers: 16 here (ci 0..15 of 16), poll=1000 proc-us=0 ack=async ack-inflight=256 local-src=[0]
  queen: url=http://127.0.0.1:6632 (of 1) conns=2048 timeout=30s pop-width=10 pop-batch=1000 pop-timeout=2s lease=30s | configure: leaseTime=30 completedRetention=3600 dedup=0 retryLimit=1000000 | plain: consumers pop+ack the queue
  [queen] http://127.0.0.1:6632 healthy: version 2.2.0, this node leader
  [consume] 16 consumers of big: pop width 10, batch 1000, long poll 2s, lease 30s, async batch acks (ack-inflight 256)
  [produce] -rate 0: no producers
READY 1791583622926
[start] GO 22:07:02.926 (unix ms 1791583622926)
[drain] consumers keep going for 30s (lag now -313000)
[22:07:04] offered=        0/s achieved=        0/s shed=        0/s inflight=     0 | p50=   0.00 p99=    0.00 p999=    0.00 ms | push=0 pop=656000 lag=-656000 | errs push=0 pop=0 empty=0 gor=86 | ack=   326347/s ackErr=0 ackAvg=14.51ms | e2e p50=133693.44 p99=133693.44 p999=133693.44 n=656000 | e2e_local p50=133693.44 p99=133693.44 n=656000
[22:07:06] offered=        0/s achieved=        0/s shed=        0/s inflight=     0 | p50=   0.00 p99=    0.00 p999=    0.00 ms | push=0 pop=1360000 lag=-1360000 | errs push=0 pop=0 empty=0 gor=85 | ack=   352625/s ackErr=0 ackAvg=14.32ms | e2e p50=133693.44 p99=133693.44 p999=133693.44 n=704000 | e2e_local p50=133693.44 p99=133693.44 n=704000
[22:07:08] offered=        0/s achieved=        0/s shed=        0/s inflight=     0 | p50=   0.00 p99=    0.00 p999=    0.00 ms | push=0 pop=2065000 lag=-2065000 | errs push=0 pop=0 empty=0 gor=84 | ack=   352736/s ackErr=0 ackAvg=14.22ms | e2e p50=133693.44 p99=133693.44 p999=133693.44 n=705000 | e2e_local p50=133693.44 p99=133693.44 n=705000
[22:07:10] offered=        0/s achieved=        0/s shed=        0/s inflight=     0 | p50=   0.00 p99=    0.00 p999=    0.00 ms | push=0 pop=2784000 lag=-2784000 | errs push=0 pop=0 empty=0 gor=91 | ack=   356294/s ackErr=0 ackAvg=14.08ms | e2e p50=133693.44 p99=133693.44 p999=133693.44 n=719000 | e2e_local p50=133693.44 p99=133693.44 n=719000
[22:07:12] offered=        0/s achieved=        0/s shed=        0/s inflight=     0 | p50=   0.00 p99=    0.00 p999=    0.00 ms | push=0 pop=3492000 lag=-3492000 | errs push=0 pop=0 empty=0 gor=87 | ack=   355999/s ackErr=0 ackAvg=14.02ms | e2e p50=133693.44 p99=133693.44 p999=133693.44 n=708000 | e2e_local p50=133693.44 p99=133693.44 n=708000
[22:07:14] offered=        0/s achieved=        0/s shed=        0/s inflight=     0 | p50=   0.00 p99=    0.00 p999=    0.00 ms | push=0 pop=4185000 lag=-4185000 | errs push=0 pop=0 empty=0 gor=85 | ack=   347497/s ackErr=0 ackAvg=14.10ms | e2e p50=133693.44 p99=133693.44 p999=133693.44 n=693000 | e2e_local p50=133693.44 p99=133693.44 n=693000
[22:07:16] offered=        0/s achieved=        0/s shed=        0/s inflight=     0 | p50=   0.00 p99=    0.00 p999=    0.00 ms | push=0 pop=4924000 lag=-4924000 | errs push=0 pop=0 empty=0 gor=88 | ack=   366847/s ackErr=0 ackAvg=13.97ms | e2e p50=133693.44 p99=133693.44 p999=133693.44 n=739000 | e2e_local p50=133693.44 p99=133693.44 n=739000
[22:07:18] offered=        0/s achieved=        0/s shed=        0/s inflight=     0 | p50=   0.00 p99=    0.00 p999=    0.00 ms | push=0 pop=5641000 lag=-5641000 | errs push=0 pop=0 empty=0 gor=87 | ack=   359744/s ackErr=0 ackAvg=13.93ms | e2e p50=133693.44 p99=133693.44 p999=133693.44 n=717167 | e2e_local p50=133693.44 p99=133693.44 n=717167
[22:07:20] offered=        0/s achieved=        0/s shed=        0/s inflight=     0 | p50=   0.00 p99=    0.00 p999=    0.00 ms | push=0 pop=6366000 lag=-6366000 | errs push=0 pop=0 empty=0 gor=85 | ack=   363632/s ackErr=0 ackAvg=13.91ms | e2e p50=133693.44 p99=133693.44 p999=133693.44 n=724833 | e2e_local p50=133693.44 p99=133693.44 n=724833
[22:07:22] offered=        0/s achieved=        0/s shed=        0/s inflight=     0 | p50=   0.00 p99=    0.00 p999=    0.00 ms | push=0 pop=7108000 lag=-7108000 | errs push=0 pop=0 empty=0 gor=89 | ack=   369263/s ackErr=0 ackAvg=13.90ms | e2e p50=133693.44 p99=133693.44 p999=133693.44 n=742000 | e2e_local p50=133693.44 p99=133693.44 n=742000
[22:07:24] offered=        0/s achieved=        0/s shed=        0/s inflight=     0 | p50=   0.00 p99=    0.00 p999=    0.00 ms | push=0 pop=7844000 lag=-7844000 | errs push=0 pop=0 empty=0 gor=85 | ack=   369750/s ackErr=0 ackAvg=13.92ms | e2e p50=133693.44 p99=133693.44 p999=133693.44 n=736000 | e2e_local p50=133693.44 p99=133693.44 n=736000
[22:07:26] offered=        0/s achieved=        0/s shed=        0/s inflight=     0 | p50=   0.00 p99=    0.00 p999=    0.00 ms | push=0 pop=8575000 lag=-8575000 | errs push=0 pop=0 empty=0 gor=91 | ack=   362488/s ackErr=0 ackAvg=13.95ms | e2e p50=133693.44 p99=133693.44 p999=133693.44 n=731000 | e2e_local p50=133693.44 p99=133693.44 n=731000
[22:07:28] offered=        0/s achieved=        0/s shed=        0/s inflight=     0 | p50=   0.00 p99=    0.00 p999=    0.00 ms | push=0 pop=9319000 lag=-9319000 | errs push=0 pop=0 empty=0 gor=85 | ack=   375269/s ackErr=0 ackAvg=13.99ms | e2e p50=133693.44 p99=133693.44 p999=133693.44 n=744000 | e2e_local p50=133693.44 p99=133693.44 n=744000
[22:07:30] offered=        0/s achieved=        0/s shed=        0/s inflight=     0 | p50=   0.00 p99=    0.00 p999=    0.00 ms | push=0 pop=10062000 lag=-10062000 | errs push=0 pop=0 empty=0 gor=93 | ack=   367445/s ackErr=0 ackAvg=14.06ms | e2e p50=133693.44 p99=133693.44 p999=133693.44 n=743000 | e2e_local p50=133693.44 p99=133693.44 n=743000
[22:07:32] offered=        0/s achieved=        0/s shed=        0/s inflight=     0 | p50=   0.00 p99=    0.00 p999=    0.00 ms | push=0 pop=10798000 lag=-10798000 | errs push=0 pop=0 empty=0 gor=87 | ack=   371067/s ackErr=0 ackAvg=14.13ms | e2e p50=133693.44 p99=133693.44 p999=133693.44 n=736000 | e2e_local p50=133693.44 p99=133693.44 n=736000
[final] offered=0 achieved=0 shed=0 (msgs: offered=0 achieved=0 shed=0) pushErr=0 | pushed=0 popped=11178000 lag=-11178000 | popErr=0 empty=0 | overall p50=0.00 p99=0.00 p999=0.00 ms | acked=11176000 ackErr=0 ackLag=-11176000 ackAvg=14.16ms | e2e p50=133693.44 p99=133693.44 p999=133693.44 ms
load_cpu=513.1%
