qload tag= loader=0/1 mode=batch rate=0 msg/s batch=100 batch-max=0 max-inflight=5000 ramp=1s duration=1s report=2s drain=1m0s GOMAXPROCS=10 GOGC=400(default) seed=1791583735056450997
  topics: 1 x 2000 partitions (big..big), entities/topic=0 (explicit partition) | picker: topics=rr entities: rr over space=2000 starting at 0
  payload: goload jsonEvent target 256 B, avg 289.5 B raw, ~320 B stamped ({"ts":µs,"src":0,...}), pool 64x100
  consumers: 16 here (ci 0..15 of 16), poll=1000 proc-us=0 ack=async ack-inflight=256 local-src=[0]
  queen: url=http://127.0.0.1:6632 (of 1) conns=2048 timeout=30s pop-width=10 pop-batch=1000 pop-timeout=2s lease=30s | configure: leaseTime=30 completedRetention=3600 dedup=0 retryLimit=1000000 | plain: consumers pop+ack the queue
  [queen] http://127.0.0.1:6632 healthy: version 2.2.0, this node leader
  [consume] 16 consumers of big: pop width 10, batch 1000, long poll 2s, lease 30s, async batch acks (ack-inflight 256)
  [produce] -rate 0: no producers
READY 1791583682073
[start] GO 22:08:02.073 (unix ms 1791583682073)
[drain] consumers keep going for 59.998s (lag now -129000)
[22:08:04] offered=        0/s achieved=        0/s shed=        0/s inflight=     0 | p50=   0.00 p99=    0.00 p999=    0.00 ms | push=0 pop=279000 lag=-279000 | errs push=0 pop=0 empty=0 gor=93 | ack=   135392/s ackErr=0 ackAvg=59.15ms | e2e p50=133693.44 p99=133693.44 p999=133693.44 n=279000 | e2e_local p50=133693.44 p99=133693.44 n=279000
[22:08:06] offered=        0/s achieved=        0/s shed=        0/s inflight=     0 | p50=   0.00 p99=    0.00 p999=    0.00 ms | push=0 pop=543000 lag=-543000 | errs push=0 pop=0 empty=0 gor=89 | ack=   134105/s ackErr=0 ackAvg=60.92ms | e2e p50=133693.44 p99=133693.44 p999=133693.44 n=264000 | e2e_local p50=133693.44 p99=133693.44 n=264000
[22:08:08] offered=        0/s achieved=        0/s shed=        0/s inflight=     0 | p50=   0.00 p99=    0.00 p999=    0.00 ms | push=0 pop=803000 lag=-803000 | errs push=0 pop=0 empty=0 gor=106 | ack=   125500/s ackErr=0 ackAvg=61.49ms | e2e p50=133693.44 p99=133693.44 p999=133693.44 n=260000 | e2e_local p50=133693.44 p99=133693.44 n=260000
[22:08:10] offered=        0/s achieved=        0/s shed=        0/s inflight=     0 | p50=   0.00 p99=    0.00 p999=    0.00 ms | push=0 pop=1074000 lag=-1074000 | errs push=0 pop=0 empty=0 gor=102 | ack=   136964/s ackErr=0 ackAvg=60.53ms | e2e p50=133693.44 p99=133693.44 p999=133693.44 n=271000 | e2e_local p50=133693.44 p99=133693.44 n=271000
[22:08:12] offered=        0/s achieved=        0/s shed=        0/s inflight=     0 | p50=   0.00 p99=    0.00 p999=    0.00 ms | push=0 pop=1354000 lag=-1354000 | errs push=0 pop=0 empty=0 gor=99 | ack=   141971/s ackErr=0 ackAvg=58.76ms | e2e p50=133693.44 p99=133693.44 p999=133693.44 n=280000 | e2e_local p50=133693.44 p99=133693.44 n=280000
[22:08:14] offered=        0/s achieved=        0/s shed=        0/s inflight=     0 | p50=   0.00 p99=    0.00 p999=    0.00 ms | push=0 pop=1626000 lag=-1626000 | errs push=0 pop=0 empty=0 gor=98 | ack=   136021/s ackErr=0 ackAvg=58.39ms | e2e p50=133693.44 p99=133693.44 p999=133693.44 n=272000 | e2e_local p50=133693.44 p99=133693.44 n=272000
[22:08:16] offered=        0/s achieved=        0/s shed=        0/s inflight=     0 | p50=   0.00 p99=    0.00 p999=    0.00 ms | push=0 pop=1912000 lag=-1912000 | errs push=0 pop=0 empty=0 gor=102 | ack=   141151/s ackErr=0 ackAvg=57.47ms | e2e p50=133693.44 p99=133693.44 p999=133693.44 n=286000 | e2e_local p50=133693.44 p99=133693.44 n=286000
[22:08:18] offered=        0/s achieved=        0/s shed=        0/s inflight=     0 | p50=   0.00 p99=    0.00 p999=    0.00 ms | push=0 pop=2185000 lag=-2185000 | errs push=0 pop=0 empty=0 gor=97 | ack=   139121/s ackErr=0 ackAvg=56.83ms | e2e p50=133693.44 p99=133693.44 p999=133693.44 n=273000 | e2e_local p50=133693.44 p99=133693.44 n=273000
[22:08:20] offered=        0/s achieved=        0/s shed=        0/s inflight=     0 | p50=   0.00 p99=    0.00 p999=    0.00 ms | push=0 pop=2465000 lag=-2465000 | errs push=0 pop=0 empty=0 gor=101 | ack=   138259/s ackErr=0 ackAvg=56.62ms | e2e p50=133693.44 p99=133693.44 p999=133693.44 n=280000 | e2e_local p50=133693.44 p99=133693.44 n=280000
[22:08:22] offered=        0/s achieved=        0/s shed=        0/s inflight=     0 | p50=   0.00 p99=    0.00 p999=    0.00 ms | push=0 pop=2748000 lag=-2748000 | errs push=0 pop=0 empty=0 gor=99 | ack=   142472/s ackErr=0 ackAvg=56.03ms | e2e p50=133693.44 p99=133693.44 p999=133693.44 n=283000 | e2e_local p50=133693.44 p99=133693.44 n=283000
[22:08:24] offered=        0/s achieved=        0/s shed=        0/s inflight=     0 | p50=   0.00 p99=    0.00 p999=    0.00 ms | push=0 pop=3034000 lag=-3034000 | errs push=0 pop=0 empty=0 gor=99 | ack=   143021/s ackErr=0 ackAvg=55.46ms | e2e p50=133693.44 p99=133693.44 p999=133693.44 n=286000 | e2e_local p50=133693.44 p99=133693.44 n=286000
[22:08:26] offered=        0/s achieved=        0/s shed=        0/s inflight=     0 | p50=   0.00 p99=    0.00 p999=    0.00 ms | push=0 pop=3306000 lag=-3306000 | errs push=0 pop=0 empty=0 gor=100 | ack=   135337/s ackErr=0 ackAvg=55.53ms | e2e p50=133693.44 p99=133693.44 p999=133693.44 n=272000 | e2e_local p50=133693.44 p99=133693.44 n=272000
[22:08:28] offered=        0/s achieved=        0/s shed=        0/s inflight=     0 | p50=   0.00 p99=    0.00 p999=    0.00 ms | push=0 pop=3582000 lag=-3582000 | errs push=0 pop=0 empty=0 gor=101 | ack=   137122/s ackErr=0 ackAvg=55.67ms | e2e p50=133693.44 p99=133693.44 p999=133693.44 n=276000 | e2e_local p50=133693.44 p99=133693.44 n=276000
[22:08:30] offered=        0/s achieved=        0/s shed=        0/s inflight=     0 | p50=   0.00 p99=    0.00 p999=    0.00 ms | push=0 pop=3896000 lag=-3896000 | errs push=0 pop=0 empty=0 gor=102 | ack=   157085/s ackErr=0 ackAvg=54.92ms | e2e p50=133693.44 p99=133693.44 p999=133693.44 n=314000 | e2e_local p50=133693.44 p99=133693.44 n=314000
[22:08:32] offered=        0/s achieved=        0/s shed=        0/s inflight=     0 | p50=   0.00 p99=    0.00 p999=    0.00 ms | push=0 pop=4185000 lag=-4185000 | errs push=0 pop=0 empty=0 gor=98 | ack=   145826/s ackErr=0 ackAvg=54.79ms | e2e p50=133693.44 p99=133693.44 p999=133693.44 n=289000 | e2e_local p50=133693.44 p99=133693.44 n=289000
[22:08:34] offered=        0/s achieved=        0/s shed=        0/s inflight=     0 | p50=   0.00 p99=    0.00 p999=    0.00 ms | push=0 pop=4462000 lag=-4462000 | errs push=0 pop=0 empty=0 gor=100 | ack=   138095/s ackErr=0 ackAvg=54.69ms | e2e p50=133693.44 p99=133693.44 p999=133693.44 n=277000 | e2e_local p50=133693.44 p99=133693.44 n=277000
[22:08:36] offered=        0/s achieved=        0/s shed=        0/s inflight=     0 | p50=   0.00 p99=    0.00 p999=    0.00 ms | push=0 pop=4749000 lag=-4749000 | errs push=0 pop=0 empty=0 gor=100 | ack=   143531/s ackErr=0 ackAvg=54.40ms | e2e p50=133693.44 p99=133693.44 p999=133693.44 n=287000 | e2e_local p50=133693.44 p99=133693.44 n=287000
[22:08:38] offered=        0/s achieved=        0/s shed=        0/s inflight=     0 | p50=   0.00 p99=    0.00 p999=    0.00 ms | push=0 pop=5026000 lag=-5026000 | errs push=0 pop=0 empty=0 gor=100 | ack=   138512/s ackErr=0 ackAvg=54.20ms | e2e p50=133693.44 p99=133693.44 p999=133693.44 n=277000 | e2e_local p50=133693.44 p99=133693.44 n=277000
[22:08:40] offered=        0/s achieved=        0/s shed=        0/s inflight=     0 | p50=   0.00 p99=    0.00 p999=    0.00 ms | push=0 pop=5299000 lag=-5299000 | errs push=0 pop=0 empty=0 gor=102 | ack=   135436/s ackErr=0 ackAvg=54.25ms | e2e p50=133693.44 p99=133693.44 p999=133693.44 n=273000 | e2e_local p50=133693.44 p99=133693.44 n=273000
[22:08:42] offered=        0/s achieved=        0/s shed=        0/s inflight=     0 | p50=   0.00 p99=    0.00 p999=    0.00 ms | push=0 pop=5570000 lag=-5570000 | errs push=0 pop=0 empty=0 gor=100 | ack=   136554/s ackErr=0 ackAvg=54.11ms | e2e p50=133693.44 p99=133693.44 p999=133693.44 n=271000 | e2e_local p50=133693.44 p99=133693.44 n=271000
[22:08:44] offered=        0/s achieved=        0/s shed=        0/s inflight=     0 | p50=   0.00 p99=    0.00 p999=    0.00 ms | push=0 pop=5847000 lag=-5847000 | errs push=0 pop=0 empty=0 gor=99 | ack=   139005/s ackErr=0 ackAvg=54.03ms | e2e p50=133693.44 p99=133693.44 p999=133693.44 n=277000 | e2e_local p50=133693.44 p99=133693.44 n=277000
[22:08:46] offered=        0/s achieved=        0/s shed=        0/s inflight=     0 | p50=   0.00 p99=    0.00 p999=    0.00 ms | push=0 pop=6125000 lag=-6125000 | errs push=0 pop=0 empty=0 gor=98 | ack=   139332/s ackErr=0 ackAvg=54.05ms | e2e p50=133693.44 p99=133693.44 p999=133693.44 n=278000 | e2e_local p50=133693.44 p99=133693.44 n=278000
[22:08:48] offered=        0/s achieved=        0/s shed=        0/s inflight=     0 | p50=   0.00 p99=    0.00 p999=    0.00 ms | push=0 pop=6403000 lag=-6403000 | errs push=0 pop=0 empty=0 gor=102 | ack=   137147/s ackErr=0 ackAvg=54.19ms | e2e p50=133693.44 p99=133693.44 p999=133693.44 n=278000 | e2e_local p50=133693.44 p99=133693.44 n=278000
[22:08:50] offered=        0/s achieved=        0/s shed=        0/s inflight=     0 | p50=   0.00 p99=    0.00 p999=    0.00 ms | push=0 pop=6681000 lag=-6681000 | errs push=0 pop=0 empty=0 gor=97 | ack=   141515/s ackErr=0 ackAvg=53.97ms | e2e p50=133693.44 p99=133693.44 p999=133693.44 n=278000 | e2e_local p50=133693.44 p99=133693.44 n=278000
[22:08:52] offered=        0/s achieved=        0/s shed=        0/s inflight=     0 | p50=   0.00 p99=    0.00 p999=    0.00 ms | push=0 pop=6951000 lag=-6951000 | errs push=0 pop=0 empty=0 gor=103 | ack=   131816/s ackErr=0 ackAvg=53.85ms | e2e p50=133693.44 p99=133693.44 p999=133693.44 n=270000 | e2e_local p50=133693.44 p99=133693.44 n=270000
[22:08:54] offered=        0/s achieved=        0/s shed=        0/s inflight=     0 | p50=   0.00 p99=    0.00 p999=    0.00 ms | push=0 pop=7230000 lag=-7230000 | errs push=0 pop=0 empty=0 gor=101 | ack=   140657/s ackErr=0 ackAvg=53.75ms | e2e p50=133693.44 p99=133693.44 p999=133693.44 n=279000 | e2e_local p50=133693.44 p99=133693.44 n=279000
[22:08:56] offered=        0/s achieved=        0/s shed=        0/s inflight=     0 | p50=   0.00 p99=    0.00 p999=    0.00 ms | push=0 pop=7516000 lag=-7516000 | errs push=0 pop=0 empty=0 gor=99 | ack=   143512/s ackErr=0 ackAvg=53.57ms | e2e p50=133693.44 p99=133693.44 p999=133693.44 n=286000 | e2e_local p50=133693.44 p99=133693.44 n=286000
[22:08:58] offered=        0/s achieved=        0/s shed=        0/s inflight=     0 | p50=   0.00 p99=    0.00 p999=    0.00 ms | push=0 pop=7791000 lag=-7791000 | errs push=0 pop=0 empty=0 gor=102 | ack=   136496/s ackErr=0 ackAvg=53.58ms | e2e p50=133693.44 p99=133693.44 p999=133693.44 n=275000 | e2e_local p50=133693.44 p99=133693.44 n=275000
[22:09:00] offered=        0/s achieved=        0/s shed=        0/s inflight=     0 | p50=   0.00 p99=    0.00 p999=    0.00 ms | push=0 pop=8054000 lag=-8054000 | errs push=0 pop=0 empty=0 gor=95 | ack=   134365/s ackErr=0 ackAvg=53.51ms | e2e p50=133693.44 p99=133693.44 p999=133693.44 n=263000 | e2e_local p50=133693.44 p99=133693.44 n=263000
[22:09:02] offered=        0/s achieved=        0/s shed=        0/s inflight=     0 | p50=   0.00 p99=    0.00 p999=    0.00 ms | push=0 pop=8333000 lag=-8333000 | errs push=0 pop=0 empty=0 gor=100 | ack=   137539/s ackErr=0 ackAvg=53.38ms | e2e p50=133693.44 p99=133693.44 p999=133693.44 n=279000 | e2e_local p50=133693.44 p99=133693.44 n=279000
[final] offered=0 achieved=0 shed=0 (msgs: offered=0 achieved=0 shed=0) pushErr=0 | pushed=0 popped=8477000 lag=-8477000 | popErr=0 empty=0 | overall p50=0.00 p99=0.00 p999=0.00 ms | acked=8474000 ackErr=0 ackLag=-8474000 ackAvg=53.30ms | e2e p50=133693.44 p99=133693.44 p999=133693.44 ms
load_cpu=200.0%
