qload tag= loader=0/1 mode=batch rate=300000 msg/s batch=100 batch-max=0 max-inflight=5000 ramp=10s duration=1m30s report=2s drain=10s GOMAXPROCS=10 GOGC=400(default) seed=1791583759165349095
  offered: 300000 msg/s = 3000.0 units/s (avg 100.0 msgs/unit) across 61 pacer workers (49.18 units/s each)
  topics: 1 x 200 partitions (mix..mix), entities/topic=0 (explicit partition) | picker: topics=rr entities: rr over space=200 starting at 0
  payload: goload jsonEvent target 256 B, avg 289.6 B raw, ~320 B stamped ({"ts":µs,"src":0,...}), pool 64x100
  consumers: 16 here (ci 0..15 of 16), poll=1000 proc-us=0 ack=async ack-inflight=256 local-src=[0]
  queen: url=http://127.0.0.1:6632 (of 1) conns=2048 timeout=30s pop-width=10 pop-batch=1000 pop-timeout=2s lease=30s | configure: leaseTime=30 completedRetention=3600 dedup=0 retryLimit=1000000 | plain: consumers pop+ack the queue
  [queen] http://127.0.0.1:6632 healthy: version 2.2.0, this node leader
  [consume] 16 consumers of mix: pop width 10, batch 1000, long poll 2s, lease 30s, async batch acks (ack-inflight 256)
READY 1791583657045
[start] GO 22:07:37.045 (unix ms 1791583657045)
[22:07:39] offered=    30490/s achieved=    30490/s shed=        0/s inflight=     0 | p50=   8.10 p99=   16.06 p999=   18.05 ms | push=61000 pop=61000 lag=0 | errs push=0 pop=0 empty=0 gor=206 | ack=    30490/s ackErr=0 ackAvg=8.36ms | e2e p50=19.33 p99=34.05 p999=37.12 n=61000 | e2e_local p50=19.33 p99=34.05 n=61000
[22:07:41] offered=    90980/s achieved=    90030/s shed=        0/s inflight=    17 | p50=   4.45 p99=   13.25 p999=   15.55 ms | push=241000 pop=239700 lag=1300 | errs push=0 pop=0 empty=0 gor=233 | ack=    88729/s ackErr=0 ackAvg=7.57ms | e2e p50=13.12 p99=25.73 p999=27.78 n=178700 | e2e_local p50=13.12 p99=25.73 n=178700
[22:07:43] offered=   149500/s achieved=   150100/s shed=        0/s inflight=     6 | p50=   4.38 p99=   15.94 p999=   27.26 ms | push=541200 pop=538400 lag=2800 | errs push=0 pop=0 empty=0 gor=214 | ack=   149650/s ackErr=0 ackAvg=7.58ms | e2e p50=12.86 p99=34.05 p999=46.85 n=298700 | e2e_local p50=12.86 p99=34.05 n=298700
[22:07:45] offered=   209243/s achieved=   208593/s shed=        0/s inflight=    20 | p50=   5.92 p99=   19.07 p999=   22.14 ms | push=958400 pop=954900 lag=3500 | errs push=0 pop=0 empty=0 gor=272 | ack=   207443/s ackErr=0 ackAvg=8.19ms | e2e p50=15.81 p99=41.73 p999=49.92 n=416500 | e2e_local p50=15.81 p99=41.73 n=416500
[22:07:47] offered=   269658/s achieved=   268758/s shed=        0/s inflight=    38 | p50=   7.78 p99=   35.07 p999=   41.73 ms | push=1495900 pop=1491200 lag=4700 | errs push=0 pop=0 empty=0 gor=434 | ack=   266658/s ackErr=0 ackAvg=9.18ms | e2e p50=20.86 p99=68.10 p999=75.26 n=536300 | e2e_local p50=20.86 p99=68.10 n=536300
[22:07:49] offered=   299881/s achieved=   300381/s shed=        0/s inflight=    31 | p50=   9.92 p99=   35.07 p999=   41.73 ms | push=2096900 pop=2093200 lag=3700 | errs push=0 pop=0 empty=0 gor=437 | ack=   301431/s ackErr=0 ackAvg=10.36ms | e2e p50=27.78 p99=73.22 p999=83.46 n=602293 | e2e_local p50=27.78 p99=73.22 n=603000
[22:07:51] offered=   300259/s achieved=   300509/s shed=        0/s inflight=    23 | p50=  10.05 p99=   38.66 p999=   46.85 ms | push=2697700 pop=2692300 lag=5400 | errs push=0 pop=0 empty=0 gor=455 | ack=   299959/s ackErr=0 ackAvg=11.15ms | e2e p50=28.29 p99=87.55 p999=95.74 n=598807 | e2e_local p50=28.29 p99=87.55 n=598300
[22:07:53] offered=   299955/s achieved=   299905/s shed=        0/s inflight=    24 | p50=   9.79 p99=   33.54 p999=   46.34 ms | push=3297500 pop=3292900 lag=4600 | errs push=0 pop=0 empty=0 gor=456 | ack=   299705/s ackErr=0 ackAvg=11.66ms | e2e p50=27.26 p99=76.29 p999=84.48 n=600600 | e2e_local p50=27.26 p99=76.29 n=600400
[22:07:55] offered=   300008/s achieved=   300008/s shed=        0/s inflight=    22 | p50=   9.92 p99=   31.10 p999=   40.19 ms | push=3897600 pop=3892300 lag=5300 | errs push=0 pop=0 empty=0 gor=460 | ack=   300258/s ackErr=0 ackAvg=12.08ms | e2e p50=27.01 p99=69.12 p999=82.43 n=600000 | e2e_local p50=27.01 p99=69.12 n=600400
[22:07:57] offered=   299990/s achieved=   300140/s shed=        0/s inflight=    22 | p50=  10.05 p99=   23.17 p999=   25.22 ms | push=4497800 pop=4493100 lag=4700 | errs push=0 pop=0 empty=0 gor=458 | ack=   299840/s ackErr=0 ackAvg=12.41ms | e2e p50=27.78 p99=55.55 p999=62.72 n=600200 | e2e_local p50=27.78 p99=55.55 n=599800
[22:07:59] offered=   299902/s achieved=   299652/s shed=        0/s inflight=    28 | p50=  10.82 p99=   32.13 p999=   38.66 ms | push=5097100 pop=5089900 lag=7200 | errs push=0 pop=0 empty=0 gor=452 | ack=   300152/s ackErr=0 ackAvg=12.72ms | e2e p50=29.06 p99=78.34 p999=90.62 n=596800 | e2e_local p50=29.06 p99=78.34 n=596800
[22:08:01] offered=   300086/s achieved=   300336/s shed=        0/s inflight=    21 | p50=  10.69 p99=   32.13 p999=   36.61 ms | push=5697800 pop=5693500 lag=4300 | errs push=0 pop=0 empty=0 gor=454 | ack=   300886/s ackErr=0 ackAvg=12.99ms | e2e p50=29.57 p99=75.26 p999=88.58 n=603600 | e2e_local p50=29.57 p99=75.26 n=603600
[22:08:03] offered=   300019/s achieved=   294718/s shed=        0/s inflight=   129 | p50=  25.47 p99=  125.44 p999=  156.67 ms | push=6287200 pop=6160000 lag=127200 | errs push=0 pop=0 empty=0 gor=837 | ack=   228814/s ackErr=0 ackAvg=13.65ms | e2e p50=47.87 p99=561.15 p999=667.65 n=466500 | e2e_local p50=47.87 p99=561.15 n=466500
[22:08:05] offered=   299900/s achieved=   301450/s shed=        0/s inflight=    96 | p50=  49.41 p99=  158.72 p999=  187.39 ms | push=6890100 pop=6539000 lag=351100 | errs push=0 pop=0 empty=0 gor=895 | ack=   188000/s ackErr=0 ackAvg=14.90ms | e2e p50=552.96 p99=1974.27 p999=2244.61 n=379000 | e2e_local p50=552.96 p99=1974.27 n=379000
[22:08:07] offered=   299701/s achieved=   297551/s shed=        0/s inflight=   138 | p50=  43.26 p99=  105.98 p999=  125.44 ms | push=7485200 pop=6961000 lag=524200 | errs push=0 pop=0 empty=0 gor=944 | ack=   207501/s ackErr=0 ackAvg=16.01ms | e2e p50=1368.06 p99=2965.50 p999=3260.42 n=422000 | e2e_local p50=1368.06 p99=2965.50 n=422000
[22:08:09] offered=   298722/s achieved=   302314/s shed=        0/s inflight=    67 | p50=  42.75 p99=  119.30 p999=  156.67 ms | push=8091200 pop=7380000 lag=711200 | errs push=0 pop=0 empty=0 gor=866 | ack=   212518/s ackErr=0 ackAvg=17.11ms | e2e p50=2023.42 p99=4079.62 p999=4554.75 n=419030 | e2e_local p50=2023.42 p99=4079.62 n=419030
[22:08:11] offered=   301759/s achieved=   299663/s shed=        0/s inflight=   109 | p50=  45.31 p99=  109.06 p999=  132.10 ms | push=8691500 pop=7767000 lag=924500 | errs push=0 pop=0 empty=0 gor=906 | ack=   194184/s ackErr=0 ackAvg=18.08ms | e2e p50=2736.13 p99=4882.43 p999=6324.22 n=387304 | e2e_local p50=2736.13 p99=4882.43 n=387304
[22:08:13] offered=   299532/s achieved=   300986/s shed=        0/s inflight=    82 | p50=  46.85 p99=  128.51 p999=  156.67 ms | push=9291900 pop=8162000 lag=1129900 | errs push=0 pop=0 empty=0 gor=879 | ack=   198017/s ackErr=0 ackAvg=19.01ms | e2e p50=3424.26 p99=6324.22 p999=6848.51 n=394666 | e2e_local p50=3424.26 p99=6324.22 n=394666
[22:08:15] offered=   300145/s achieved=   298793/s shed=        0/s inflight=   109 | p50=  41.22 p99=  116.22 p999=  144.38 ms | push=9888900 pop=8581000 lag=1307900 | errs push=0 pop=0 empty=0 gor=907 | ack=   209205/s ackErr=0 ackAvg=19.94ms | e2e p50=4177.92 p99=6979.58 p999=7372.80 n=419000 | e2e_local p50=4177.92 p99=6979.58 n=419000
[22:08:17] offered=   298941/s achieved=   298793/s shed=        0/s inflight=   111 | p50=  42.24 p99=  114.18 p999=  142.34 ms | push=10492500 pop=8989000 lag=1503500 | errs push=0 pop=0 empty=0 gor=908 | ack=   201967/s ackErr=0 ackAvg=20.77ms | e2e p50=4882.43 p99=7569.41 p999=8028.16 n=408000 | e2e_local p50=4882.43 p99=7569.41 n=408000
[22:08:19] offered=   300064/s achieved=   301826/s shed=        0/s inflight=    76 | p50=  41.22 p99=  132.10 p999=  175.10 ms | push=11092000 pop=9390000 lag=1702000 | errs push=0 pop=0 empty=0 gor=869 | ack=   204406/s ackErr=0 ackAvg=21.59ms | e2e p50=5472.26 p99=8224.77 p999=8716.29 n=401000 | e2e_local p50=5472.26 p99=8224.77 n=401000
[22:08:21] offered=   300793/s achieved=   301043/s shed=        0/s inflight=    70 | p50=  42.75 p99=  132.10 p999=  148.48 ms | push=11693500 pop=9775000 lag=1918500 | errs push=0 pop=0 empty=0 gor=998 | ack=   191186/s ackErr=0 ackAvg=22.32ms | e2e p50=6127.62 p99=8847.36 p999=9502.72 n=385000 | e2e_local p50=6127.62 p99=8847.36 n=385000
[22:08:23] offered=   298521/s achieved=   297721/s shed=        0/s inflight=    69 | p50=  45.82 p99=  138.24 p999=  185.34 ms | push=12289100 pop=10142000 lag=2147100 | errs push=0 pop=0 empty=0 gor=997 | ack=   184951/s ackErr=0 ackAvg=23.01ms | e2e p50=6914.05 p99=9502.72 p999=10027.01 n=367000 | e2e_local p50=6914.05 p99=9502.72 n=367000
[22:08:25] offered=   300902/s achieved=   301102/s shed=        0/s inflight=    81 | p50=  41.22 p99=  115.20 p999=  138.24 ms | push=12892300 pop=10532000 lag=2360300 | errs push=0 pop=0 empty=0 gor=1002 | ack=   196675/s ackErr=0 ackAvg=23.69ms | e2e p50=7700.48 p99=10289.15 p999=10813.44 n=390000 | e2e_local p50=7700.48 p99=10289.15 n=390000
[22:08:27] offered=   300222/s achieved=   299471/s shed=        0/s inflight=    96 | p50=  44.80 p99=  123.39 p999=  156.67 ms | push=13490000 pop=10895000 lag=2595000 | errs push=0 pop=0 empty=0 gor=1027 | ack=   176867/s ackErr=0 ackAvg=24.37ms | e2e p50=8454.14 p99=10813.44 p999=11337.73 n=363000 | e2e_local p50=8454.14 p99=10813.44 n=363000
[22:08:29] offered=   298034/s achieved=   295630/s shed=        0/s inflight=   144 | p50=  43.26 p99=  144.38 p999=  191.49 ms | push=14080500 pop=11270000 lag=2810500 | errs push=0 pop=0 empty=0 gor=1028 | ack=   190745/s ackErr=0 ackAvg=25.05ms | e2e p50=9240.58 p99=11468.80 p999=11862.02 n=375420 | e2e_local p50=9240.58 p99=11468.80 n=375420
[22:08:31] offered=   301956/s achieved=   300910/s shed=        0/s inflight=   165 | p50=  43.78 p99=  132.10 p999=  162.82 ms | push=14684600 pop=11652000 lag=3032600 | errs push=0 pop=0 empty=0 gor=1091 | ack=   188785/s ackErr=0 ackAvg=25.67ms | e2e p50=10027.01 p99=12255.23 p999=12648.45 n=381580 | e2e_local p50=10027.01 p99=12255.23 n=381580
[22:08:33] offered=   300685/s achieved=   303392/s shed=        0/s inflight=   114 | p50=  42.75 p99=  111.10 p999=  142.34 ms | push=15289800 pop=12048000 lag=3241800 | errs push=0 pop=0 empty=0 gor=1042 | ack=   198518/s ackErr=0 ackAvg=26.33ms | e2e p50=10682.37 p99=12910.59 p999=13303.81 n=396000 | e2e_local p50=10682.37 p99=12910.59 n=396000
[22:08:35] offered=   299970/s achieved=   300020/s shed=        0/s inflight=   111 | p50=  40.70 p99=  111.10 p999=  160.77 ms | push=15888600 pop=12459000 lag=3429600 | errs push=0 pop=0 empty=0 gor=1042 | ack=   204422/s ackErr=0 ackAvg=26.94ms | e2e p50=11468.80 p99=13565.95 p999=14090.24 n=411000 | e2e_local p50=11468.80 p99=13565.95 n=411000
[22:08:37] offered=   299857/s achieved=   298407/s shed=        0/s inflight=   139 | p50=  39.68 p99=  116.22 p999=  136.19 ms | push=16485300 pop=12861000 lag=3624300 | errs push=0 pop=0 empty=0 gor=1070 | ack=   201038/s ackErr=0 ackAvg=27.54ms | e2e p50=12124.16 p99=14221.31 p999=14614.53 n=402000 | e2e_local p50=12124.16 p99=14221.31 n=402000
[22:08:39] offered=   300237/s achieved=   300987/s shed=        0/s inflight=   111 | p50=  42.24 p99=  107.01 p999=  138.24 ms | push=17087600 pop=13269000 lag=3818600 | errs push=0 pop=0 empty=0 gor=1044 | ack=   202890/s ackErr=0 ackAvg=28.13ms | e2e p50=12779.52 p99=14745.60 p999=15138.82 n=408000 | e2e_local p50=12779.52 p99=14745.60 n=408000
[22:08:41] offered=   297815/s achieved=   300693/s shed=        0/s inflight=    69 | p50=  47.87 p99=  144.38 p999=  181.25 ms | push=17693600 pop=13630000 lag=4063600 | errs push=0 pop=0 empty=0 gor=998 | ack=   181110/s ackErr=0 ackAvg=28.72ms | e2e p50=13434.88 p99=15532.03 p999=16056.32 n=361000 | e2e_local p50=13434.88 p99=15532.03 n=361000
[22:08:43] offered=   300667/s achieved=   300566/s shed=        0/s inflight=    69 | p50=  43.26 p99=  110.08 p999=  162.82 ms | push=18291300 pop=14023000 lag=4268300 | errs push=0 pop=0 empty=0 gor=992 | ack=   200646/s ackErr=0 ackAvg=29.19ms | e2e p50=14221.31 p99=16187.39 p999=16711.68 n=393000 | e2e_local p50=14221.31 p99=16187.39 n=393000
[22:08:45] offered=   300695/s achieved=   299796/s shed=        0/s inflight=    86 | p50=  41.22 p99=  120.32 p999=  144.38 ms | push=18891100 pop=14412000 lag=4479100 | errs push=0 pop=0 empty=0 gor=1016 | ack=   190933/s ackErr=0 ackAvg=29.69ms | e2e p50=15007.74 p99=16908.29 p999=17432.58 n=389000 | e2e_local p50=15007.74 p99=16908.29 n=389000
[22:08:47] offered=   300808/s achieved=   300157/s shed=        0/s inflight=   101 | p50=  49.41 p99=  140.29 p999=  179.20 ms | push=19490100 pop=14771000 lag=4719100 | errs push=0 pop=0 empty=0 gor=1031 | ack=   179894/s ackErr=0 ackAvg=30.26ms | e2e p50=15794.18 p99=17694.72 p999=18219.01 n=359000 | e2e_local p50=15794.18 p99=17694.72 n=359000
[22:08:49] offered=   299701/s achieved=   298150/s shed=        0/s inflight=   134 | p50=  48.90 p99=  148.48 p999=  197.63 ms | push=20086300 pop=15132000 lag=4954300 | errs push=0 pop=0 empty=0 gor=1066 | ack=   179530/s ackErr=0 ackAvg=30.77ms | e2e p50=16580.61 p99=18481.15 p999=18743.30 n=361000 | e2e_local p50=16580.61 p99=18481.15 n=361000
[22:08:51] offered=   300434/s achieved=   301935/s shed=        0/s inflight=   101 | p50=  41.73 p99=  116.22 p999=  138.24 ms | push=20689900 pop=15543000 lag=5146900 | errs push=0 pop=0 empty=0 gor=1030 | ack=   207093/s ackErr=0 ackAvg=31.22ms | e2e p50=17432.58 p99=19267.58 p999=19529.73 n=411000 | e2e_local p50=17432.58 p99=19267.58 n=411000
[22:08:53] offered=   298328/s achieved=   298478/s shed=        0/s inflight=    98 | p50=  44.29 p99=  122.37 p999=  152.58 ms | push=21287900 pop=15940000 lag=5347900 | errs push=0 pop=0 empty=0 gor=1033 | ack=   195159/s ackErr=0 ackAvg=31.68ms | e2e p50=17956.86 p99=20054.02 p999=20316.16 n=397000 | e2e_local p50=17956.86 p99=20054.02 n=397000
[22:08:55] offered=   301415/s achieved=   300414/s shed=        0/s inflight=   118 | p50=  38.14 p99=  103.94 p999=  134.14 ms | push=21887900 pop=16363000 lag=5524900 | errs push=0 pop=0 empty=0 gor=1045 | ack=   215797/s ackErr=0 ackAvg=32.12ms | e2e p50=18743.30 p99=20578.30 p999=20840.45 n=423000 | e2e_local p50=18743.30 p99=20578.30 n=423000
[22:08:57] offered=   299265/s achieved=   299017/s shed=        0/s inflight=   123 | p50=  42.24 p99=  123.39 p999=  146.43 ms | push=22488900 pop=16758000 lag=5730900 | errs push=0 pop=0 empty=0 gor=1053 | ack=   195032/s ackErr=0 ackAvg=32.51ms | e2e p50=19267.58 p99=21364.74 p999=21626.88 n=395000 | e2e_local p50=19267.58 p99=21364.74 n=395000
[22:08:59] offered=   300830/s achieved=   301986/s shed=        0/s inflight=    99 | p50=  46.85 p99=  158.72 p999=  189.44 ms | push=23089700 pop=17134000 lag=5955700 | errs push=0 pop=0 empty=0 gor=1026 | ack=   190501/s ackErr=0 ackAvg=32.94ms | e2e p50=20054.02 p99=22151.17 p999=22413.31 n=376000 | e2e_local p50=20054.02 p99=22151.17 n=376000
[22:09:01] offered=   298775/s achieved=   295026/s shed=        0/s inflight=   175 | p50=  39.68 p99=  123.39 p999=  138.24 ms | push=23679900 pop=17538000 lag=6141900 | errs push=0 pop=0 empty=0 gor=1104 | ack=   200950/s ackErr=0 ackAvg=33.30ms | e2e p50=20840.45 p99=22937.60 p999=23199.74 n=404000 | e2e_local p50=20840.45 p99=22937.60 n=404000
[22:09:03] offered=   300503/s achieved=   305505/s shed=        0/s inflight=    76 | p50=  43.78 p99=  197.63 p999=  280.58 ms | push=24290700 pop=17929000 lag=6361700 | errs push=0 pop=0 empty=0 gor=1006 | ack=   195567/s ackErr=0 ackAvg=33.71ms | e2e p50=21626.88 p99=23724.03 p999=23986.18 n=391000 | e2e_local p50=21626.88 p99=23724.03 n=391000
[22:09:05] offered=   299715/s achieved=   301215/s shed=        0/s inflight=    44 | p50=  20.61 p99=   49.41 p999=   58.62 ms | push=24893400 pop=18696000 lag=6197400 | errs push=0 pop=0 empty=0 gor=974 | ack=   382828/s ackErr=0 ackAvg=33.60ms | e2e p50=21626.88 p99=23724.03 p999=23986.18 n=767000 | e2e_local p50=21626.88 p99=23724.03 n=767000
[22:09:07] offered=   300469/s achieved=   301118/s shed=        0/s inflight=    32 | p50=  19.58 p99=   46.85 p999=   55.55 ms | push=25496900 pop=19480000 lag=6016900 | errs push=0 pop=0 empty=0 gor=899 | ack=   392177/s ackErr=0 ackAvg=33.49ms | e2e p50=21102.59 p99=23199.74 p999=23461.89 n=784000 | e2e_local p50=21102.59 p99=23199.74 n=784000
[drain] consumers keep going for 9.978s (lag now 6013100)
[22:09:09] offered=        0/s achieved=     1604/s shed=        0/s inflight=     0 | p50=  17.28 p99=   25.22 p999=   25.22 ms | push=25500100 pop=20615000 lag=4885100 | errs push=0 pop=0 empty=0 gor=863 | ack=   570965/s ackErr=0 ackAvg=32.97ms | e2e p50=19791.87 p99=22413.31 p999=22937.60 n=1135000 | e2e_local p50=19791.87 p99=22413.31 n=1135000
[22:09:11] offered=        0/s achieved=        0/s shed=        0/s inflight=     0 | p50=   0.00 p99=    0.00 p999=    0.00 ms | push=25500100 pop=21771000 lag=3729100 | errs push=0 pop=0 empty=0 gor=862 | ack=   578412/s ackErr=0 ackAvg=32.48ms | e2e p50=17956.86 p99=20840.45 p999=21102.59 n=1156000 | e2e_local p50=17956.86 p99=20840.45 n=1156000
[22:09:13] offered=        0/s achieved=        0/s shed=        0/s inflight=     0 | p50=   0.00 p99=    0.00 p999=    0.00 ms | push=25500100 pop=22957000 lag=2543100 | errs push=0 pop=0 empty=0 gor=870 | ack=   588432/s ackErr=0 ackAvg=32.00ms | e2e p50=16187.39 p99=19005.44 p999=19529.73 n=1186000 | e2e_local p50=16187.39 p99=19005.44 n=1186000
[22:09:15] offered=        0/s achieved=        0/s shed=        0/s inflight=     0 | p50=   0.00 p99=    0.00 p999=    0.00 ms | push=25500100 pop=24177000 lag=1323100 | errs push=0 pop=0 empty=0 gor=865 | ack=   611371/s ackErr=0 ackAvg=31.54ms | e2e p50=14221.31 p99=17432.58 p999=17694.72 n=1220000 | e2e_local p50=14221.31 p99=17432.58 n=1220000
[22:09:17] offered=        0/s achieved=        0/s shed=        0/s inflight=     0 | p50=   0.00 p99=    0.00 p999=    0.00 ms | push=25500100 pop=25396000 lag=104100 | errs push=0 pop=0 empty=0 gor=866 | ack=   609937/s ackErr=0 ackAvg=31.16ms | e2e p50=12386.30 p99=15400.96 p999=15794.18 n=1219000 | e2e_local p50=12386.30 p99=15400.96 n=1219000
[info] steady window 80s (after the ramp, before the producers stopped): offered 299986/s pushed 299993/s popped 224846/s cpu 291.1% = 0.97 cores per 100k msg/s (produce+consume)
[final] offered=255001 achieved=255001 shed=0 (msgs: offered=25500100 achieved=25500100 shed=0) pushErr=0 | pushed=25500100 popped=25407000 lag=93100 | popErr=0 empty=0 | overall p50=35.58 p99=124.42 p999=171.01 ms | acked=25402000 ackErr=0 ackLag=98100 ackAvg=31.16ms | e2e p50=10682.37 p99=22675.46 p999=23461.89 ms
load_cpu=304.7%
