qload tag= loader=0/1 mode=batch rate=150000 msg/s batch=10 batch-max=0 max-inflight=5000 ramp=10s duration=5m30s report=10s drain=0s GOMAXPROCS=10 GOGC=400(default) seed=1791583116065848741
  offered: 150000 msg/s = 15000.0 units/s (avg 10.0 msgs/unit) across 64 pacer workers (234.38 units/s each)
  topics: 1 x 2000 partitions (big..big), entities/topic=0 (explicit partition) | picker: topics=rr entities: rr over space=2000 starting at 0
  payload: goload jsonEvent target 1024 B, avg 1027.1 B raw, ~1057 B stamped ({"ts":µs,"src":0,...}), pool 64x10
  consumers: 0 here (ci 0..-1 of 0), poll=1000 proc-us=0 ack=async ack-inflight=256 local-src=[0]
  queen: url=http://127.0.0.1:6632 (of 1) conns=2048 timeout=30s pop-width=10 pop-batch=1000 pop-timeout=2s lease=30s | configure: leaseTime=30 completedRetention=3600 dedup=0 retryLimit=1000000 | plain: consumers pop+ack the queue
  [queen] http://127.0.0.1:6632 healthy: version 2.2.0, this node leader
READY 1791583209865
[start] GO 22:00:09.865 (unix ms 1791583209865)
[22:00:19] offered=    74993/s achieved=    74709/s shed=        0/s inflight=   284 | p50=   5.02 p99=   41.22 p999=  104.96 ms | push=747090 pop=0 lag=747090 | errs push=0 pop=0 empty=0 gor=2051 | ack=        0/s ackErr=0 ackAvg=0.00ms | e2e p50=0.00 p99=0.00 p999=0.00 n=0 | e2e_local p50=0.00 p99=0.00 n=0
[22:00:29] offered=   149997/s achieved=   150170/s shed=        0/s inflight=   114 | p50=   6.94 p99=   35.07 p999=   41.22 ms | push=2248790 pop=0 lag=2248790 | errs push=0 pop=0 empty=0 gor=1881 | ack=        0/s ackErr=0 ackAvg=0.00ms | e2e p50=0.00 p99=0.00 p999=0.00 n=0 | e2e_local p50=0.00 p99=0.00 n=0
[22:00:39] offered=   149990/s achieved=   150049/s shed=        0/s inflight=    55 | p50=   7.65 p99=   36.10 p999=   44.80 ms | push=3749360 pop=0 lag=3749360 | errs push=0 pop=0 empty=0 gor=1822 | ack=        0/s ackErr=0 ackAvg=0.00ms | e2e p50=0.00 p99=0.00 p999=0.00 n=0 | e2e_local p50=0.00 p99=0.00 n=0
[22:00:49] offered=   150014/s achieved=   149842/s shed=        0/s inflight=   228 | p50=   7.14 p99=   33.02 p999=   41.73 ms | push=5247810 pop=0 lag=5247810 | errs push=0 pop=0 empty=0 gor=1996 | ack=        0/s ackErr=0 ackAvg=0.00ms | e2e p50=0.00 p99=0.00 p999=0.00 n=0 | e2e_local p50=0.00 p99=0.00 n=0
[22:00:59] offered=   149999/s achieved=   150110/s shed=        0/s inflight=   113 | p50=   7.14 p99=   31.36 p999=   40.70 ms | push=6748800 pop=0 lag=6748800 | errs push=0 pop=0 empty=0 gor=1880 | ack=        0/s ackErr=0 ackAvg=0.00ms | e2e p50=0.00 p99=0.00 p999=0.00 n=0 | e2e_local p50=0.00 p99=0.00 n=0
[22:01:09] offered=   149999/s achieved=   149950/s shed=        0/s inflight=   158 | p50=   8.90 p99=   43.26 p999=   53.50 ms | push=8248310 pop=0 lag=8248310 | errs push=0 pop=0 empty=0 gor=2031 | ack=        0/s ackErr=0 ackAvg=0.00ms | e2e p50=0.00 p99=0.00 p999=0.00 n=0 | e2e_local p50=0.00 p99=0.00 n=0
[22:01:19] offered=   149994/s achieved=   150041/s shed=        0/s inflight=   122 | p50=   7.52 p99=   37.63 p999=   52.48 ms | push=9748780 pop=0 lag=9748780 | errs push=0 pop=0 empty=0 gor=1995 | ack=        0/s ackErr=0 ackAvg=0.00ms | e2e p50=0.00 p99=0.00 p999=0.00 n=0 | e2e_local p50=0.00 p99=0.00 n=0
[22:01:29] offered=   149995/s achieved=   150035/s shed=        0/s inflight=    76 | p50=   7.39 p99=   39.17 p999=   45.82 ms | push=11249140 pop=0 lag=11249140 | errs push=0 pop=0 empty=0 gor=1950 | ack=        0/s ackErr=0 ackAvg=0.00ms | e2e p50=0.00 p99=0.00 p999=0.00 n=0 | e2e_local p50=0.00 p99=0.00 n=0
[22:01:39] offered=   149998/s achieved=   149933/s shed=        0/s inflight=   144 | p50=   8.16 p99=   42.75 p999=   49.92 ms | push=12748450 pop=0 lag=12748450 | errs push=0 pop=0 empty=0 gor=2017 | ack=        0/s ackErr=0 ackAvg=0.00ms | e2e p50=0.00 p99=0.00 p999=0.00 n=0 | e2e_local p50=0.00 p99=0.00 n=0
[22:01:49] offered=   150009/s achieved=   149993/s shed=        0/s inflight=   155 | p50=   7.46 p99=   42.24 p999=   56.06 ms | push=14248330 pop=0 lag=14248330 | errs push=0 pop=0 empty=0 gor=2027 | ack=        0/s ackErr=0 ackAvg=0.00ms | e2e p50=0.00 p99=0.00 p999=0.00 n=0 | e2e_local p50=0.00 p99=0.00 n=0
[22:01:59] offered=   149991/s achieved=   150090/s shed=        0/s inflight=    57 | p50=   7.58 p99=   45.31 p999=   59.65 ms | push=15749350 pop=0 lag=15749350 | errs push=0 pop=0 empty=0 gor=2040 | ack=        0/s ackErr=0 ackAvg=0.00ms | e2e p50=0.00 p99=0.00 p999=0.00 n=0 | e2e_local p50=0.00 p99=0.00 n=0
[22:02:09] offered=   150008/s achieved=   149994/s shed=        0/s inflight=    74 | p50=   7.97 p99=   46.85 p999=   63.74 ms | push=17249180 pop=0 lag=17249180 | errs push=0 pop=0 empty=0 gor=2097 | ack=        0/s ackErr=0 ackAvg=0.00ms | e2e p50=0.00 p99=0.00 p999=0.00 n=0 | e2e_local p50=0.00 p99=0.00 n=0
[22:02:19] offered=   149992/s achieved=   149983/s shed=        0/s inflight=    82 | p50=   8.77 p99=   49.92 p999=   76.29 ms | push=18749010 pop=0 lag=18749010 | errs push=0 pop=0 empty=0 gor=2419 | ack=        0/s ackErr=0 ackAvg=0.00ms | e2e p50=0.00 p99=0.00 p999=0.00 n=0 | e2e_local p50=0.00 p99=0.00 n=0
[22:02:29] offered=   150011/s achieved=   150033/s shed=        0/s inflight=    61 | p50=   9.02 p99=   38.66 p999=   46.34 ms | push=20249320 pop=0 lag=20249320 | errs push=0 pop=0 empty=0 gor=2398 | ack=        0/s ackErr=0 ackAvg=0.00ms | e2e p50=0.00 p99=0.00 p999=0.00 n=0 | e2e_local p50=0.00 p99=0.00 n=0
[22:02:39] offered=   150005/s achieved=   149716/s shed=        0/s inflight=   347 | p50=   8.10 p99=   42.24 p999=   55.04 ms | push=21746490 pop=0 lag=21746490 | errs push=0 pop=0 empty=0 gor=2684 | ack=        0/s ackErr=0 ackAvg=0.00ms | e2e p50=0.00 p99=0.00 p999=0.00 n=0 | e2e_local p50=0.00 p99=0.00 n=0
[22:02:49] offered=   149985/s achieved=   150220/s shed=        0/s inflight=   115 | p50=   7.58 p99=   47.36 p999=   57.09 ms | push=23248680 pop=0 lag=23248680 | errs push=0 pop=0 empty=0 gor=2452 | ack=        0/s ackErr=0 ackAvg=0.00ms | e2e p50=0.00 p99=0.00 p999=0.00 n=0 | e2e_local p50=0.00 p99=0.00 n=0
[22:02:59] offered=   150010/s achieved=   150035/s shed=        0/s inflight=    88 | p50=   7.20 p99=   44.29 p999=   59.14 ms | push=24749020 pop=0 lag=24749020 | errs push=0 pop=0 empty=0 gor=2426 | ack=        0/s ackErr=0 ackAvg=0.00ms | e2e p50=0.00 p99=0.00 p999=0.00 n=0 | e2e_local p50=0.00 p99=0.00 n=0
[22:03:09] offered=   150005/s achieved=   150030/s shed=        0/s inflight=    61 | p50=   7.71 p99=   42.24 p999=   49.41 ms | push=26249330 pop=0 lag=26249330 | errs push=0 pop=0 empty=0 gor=2398 | ack=        0/s ackErr=0 ackAvg=0.00ms | e2e p50=0.00 p99=0.00 p999=0.00 n=0 | e2e_local p50=0.00 p99=0.00 n=0
[22:03:19] offered=   150001/s achieved=   149934/s shed=        0/s inflight=   129 | p50=   8.51 p99=   48.38 p999=   59.65 ms | push=27748680 pop=0 lag=27748680 | errs push=0 pop=0 empty=0 gor=2466 | ack=        0/s ackErr=0 ackAvg=0.00ms | e2e p50=0.00 p99=0.00 p999=0.00 n=0 | e2e_local p50=0.00 p99=0.00 n=0
[22:03:29] offered=   149995/s achieved=   150047/s shed=        0/s inflight=    77 | p50=   6.75 p99=   33.54 p999=   44.80 ms | push=29249130 pop=0 lag=29249130 | errs push=0 pop=0 empty=0 gor=2414 | ack=        0/s ackErr=0 ackAvg=0.00ms | e2e p50=0.00 p99=0.00 p999=0.00 n=0 | e2e_local p50=0.00 p99=0.00 n=0
[22:03:39] offered=   149996/s achieved=   149951/s shed=        0/s inflight=   118 | p50=   7.14 p99=   44.29 p999=   53.50 ms | push=30748640 pop=0 lag=30748640 | errs push=0 pop=0 empty=0 gor=2455 | ack=        0/s ackErr=0 ackAvg=0.00ms | e2e p50=0.00 p99=0.00 p999=0.00 n=0 | e2e_local p50=0.00 p99=0.00 n=0
[22:03:49] offered=   150008/s achieved=   150003/s shed=        0/s inflight=   127 | p50=   7.90 p99=   43.78 p999=   57.09 ms | push=32248670 pop=0 lag=32248670 | errs push=0 pop=0 empty=0 gor=2124 | ack=        0/s ackErr=0 ackAvg=0.00ms | e2e p50=0.00 p99=0.00 p999=0.00 n=0 | e2e_local p50=0.00 p99=0.00 n=0
[22:03:59] offered=   149984/s achieved=   150027/s shed=        0/s inflight=    87 | p50=   7.39 p99=   43.26 p999=   50.94 ms | push=33749040 pop=0 lag=33749040 | errs push=0 pop=0 empty=0 gor=2084 | ack=        0/s ackErr=0 ackAvg=0.00ms | e2e p50=0.00 p99=0.00 p999=0.00 n=0 | e2e_local p50=0.00 p99=0.00 n=0
[22:04:09] offered=   150011/s achieved=   149999/s shed=        0/s inflight=    70 | p50=   8.26 p99=   55.55 p999=   78.34 ms | push=35248940 pop=0 lag=35248940 | errs push=0 pop=0 empty=0 gor=2685 | ack=        0/s ackErr=0 ackAvg=0.00ms | e2e p50=0.00 p99=0.00 p999=0.00 n=0 | e2e_local p50=0.00 p99=0.00 n=0
[22:04:19] offered=   150003/s achieved=   149983/s shed=        0/s inflight=   116 | p50=   8.77 p99=   43.26 p999=   56.06 ms | push=36748750 pop=0 lag=36748750 | errs push=0 pop=0 empty=0 gor=2731 | ack=        0/s ackErr=0 ackAvg=0.00ms | e2e p50=0.00 p99=0.00 p999=0.00 n=0 | e2e_local p50=0.00 p99=0.00 n=0
[22:04:29] offered=   149999/s achieved=   150017/s shed=        0/s inflight=    94 | p50=   8.16 p99=   43.78 p999=   93.70 ms | push=38249050 pop=0 lag=38249050 | errs push=0 pop=0 empty=0 gor=3139 | ack=        0/s ackErr=0 ackAvg=0.00ms | e2e p50=0.00 p99=0.00 p999=0.00 n=0 | e2e_local p50=0.00 p99=0.00 n=0
[22:04:39] offered=   150005/s achieved=   150050/s shed=        0/s inflight=    50 | p50=   7.71 p99=   34.56 p999=   45.82 ms | push=39749420 pop=0 lag=39749420 | errs push=0 pop=0 empty=0 gor=3095 | ack=        0/s ackErr=0 ackAvg=0.00ms | e2e p50=0.00 p99=0.00 p999=0.00 n=0 | e2e_local p50=0.00 p99=0.00 n=0
[22:04:49] offered=   149999/s achieved=   149927/s shed=        0/s inflight=   123 | p50=   8.51 p99=   42.75 p999=   57.60 ms | push=41248690 pop=0 lag=41248690 | errs push=0 pop=0 empty=0 gor=3168 | ack=        0/s ackErr=0 ackAvg=0.00ms | e2e p50=0.00 p99=0.00 p999=0.00 n=0 | e2e_local p50=0.00 p99=0.00 n=0
[22:04:59] offered=   149998/s achieved=   150063/s shed=        0/s inflight=    59 | p50=   7.26 p99=   37.12 p999=   44.29 ms | push=42749320 pop=0 lag=42749320 | errs push=0 pop=0 empty=0 gor=3104 | ack=        0/s ackErr=0 ackAvg=0.00ms | e2e p50=0.00 p99=0.00 p999=0.00 n=0 | e2e_local p50=0.00 p99=0.00 n=0
[22:05:09] offered=   150001/s achieved=   149962/s shed=        0/s inflight=   103 | p50=   7.33 p99=   38.66 p999=   47.87 ms | push=44248980 pop=0 lag=44248980 | errs push=0 pop=0 empty=0 gor=3148 | ack=        0/s ackErr=0 ackAvg=0.00ms | e2e p50=0.00 p99=0.00 p999=0.00 n=0 | e2e_local p50=0.00 p99=0.00 n=0
[22:05:19] offered=   150001/s achieved=   150009/s shed=        0/s inflight=    82 | p50=   9.15 p99=   42.24 p999=   56.06 ms | push=45749120 pop=0 lag=45749120 | errs push=0 pop=0 empty=0 gor=3127 | ack=        0/s ackErr=0 ackAvg=0.00ms | e2e p50=0.00 p99=0.00 p999=0.00 n=0 | e2e_local p50=0.00 p99=0.00 n=0
[22:05:29] offered=   150001/s achieved=   149972/s shed=        0/s inflight=   118 | p50=   7.46 p99=   35.07 p999=   43.78 ms | push=47248790 pop=0 lag=47248790 | errs push=0 pop=0 empty=0 gor=3163 | ack=        0/s ackErr=0 ackAvg=0.00ms | e2e p50=0.00 p99=0.00 p999=0.00 n=0 | e2e_local p50=0.00 p99=0.00 n=0
[22:05:39] offered=   149991/s achieved=   150027/s shed=        0/s inflight=    84 | p50=   7.07 p99=   38.14 p999=   48.38 ms | push=48749120 pop=0 lag=48749120 | errs push=0 pop=0 empty=0 gor=3065 | ack=        0/s ackErr=0 ackAvg=0.00ms | e2e p50=0.00 p99=0.00 p999=0.00 n=0 | e2e_local p50=0.00 p99=0.00 n=0
[info] steady window 320s (after the ramp, before the producers stopped): offered 150000/s pushed 150006/s popped 0/s cpu 172.0% = 1.15 cores per 100k msg/s (produce+consume)
[final] offered=4874996 achieved=4874996 shed=0 (msgs: offered=48749960 achieved=48749960 shed=0) pushErr=0 | pushed=48749960 popped=0 lag=48749960 | popErr=0 empty=0 | overall p50=7.71 p99=41.22 p999=59.14 ms | acked=0 ackErr=0 ackLag=48749960 ackAvg=0.00ms | e2e p50=0.00 p99=0.00 p999=0.00 ms
load_cpu=169.9%
