WARN max-pending 1000000 per partition producer would preallocate 503 MB over 22 partitions (24 B/slot); using 127100 (-pending-budget-mb 64)
pload tag=1x200-t100-576k-w198-b100-p6 loader=6/9 mode=batch rate=64000 msg/s batch=100 batch-max=0 max-inflight=5000 ramp=10s duration=1m10s report=10s drain=1m0s GOMAXPROCS=16 GOGC=400 seed=1790887910215297103
  offered: 64000 msg/s = 640.0 units/s (avg 100.0 msgs/unit) across 13 pacer workers (49.23 units/s each)
  topics: 1 x 200 partitions (x1x200-t100-576k-w198-b100..x1x200-t100-576k-w198-b100), entities/topic=0 (explicit partition) | picker: topics=rr entities: rr over space=22 starting at 0 [producer shard 6/9: partitions p % 9 == 6, entity j -> partition 6 + j*9]
  payload: goload jsonEvent target 256 B, avg 289.5 B raw, ~319 B stamped ({"ts":µs,"src":6,...}), pool 64x100
  consumers: 22 here (ci 132..153 of 198), poll=1000 proc-us=0 ack=async ack-inflight=256 local-src=[6 7 8]
  pulsar: url=pulsar://10.114.0.2:6650,10.114.0.3:6650,10.114.0.4:6650 admin=http://10.114.0.2:8080 ns=bench/ns sub=sub type=failover compression=lz4 batch=5ms/100 msgs/131072 B max-pending=127100/partition mem-limit=365 MB receiver-queue=1000 ack-group=100ms conns/broker=1 | feeder batches capped at -txn-size messages (whole entries per transaction) | txn: x1x200-t100-576k-w198-b100-in -> 22 workers (own client + TC each, NewTransaction timeout 10s, send+AckWithTxn on whole entries, txn-size 100, linger 1s) -> x1x200-t100-576k-w198-b100-out, 22 readers
  [admin] 2 topics with 200 partitions and subscription "sub" exist (checked in 0.0s)
  [txn] 22 workers (ci 132..153 of 198, 0 idle): each its own client + TC, a failover consumer on its partitions of x1x200-t100-576k-w198-b100-in, 22 producers on x1x200-t100-576k-w198-b100-out in all; txn-size 100, linger 1s, txn-timeout 10s; ready in 1.1s
  [consume] 22 consumers (ci 132..153 of 198), failover, partition slices (every partition exactly one consumer): 22 partition registrations here, 200 in total across all processes; idle 0 here, 0 in total; subscribed in 0.0s, settling 2s
  [produce] producer shard 6/9: 22 partitions per topic (p % 9 == 6) x 1 topics, per-partition producers created lazily on first use
READY 1790888243333
[start] waiting 9.266s for the common start 1790888257238
[start] GO 20:57:37.238 (unix ms 1790888257238)
[20:57:47] offered=    31998/s achieved=    31948/s shed=        0/s inflight=     6 | p50=   6.62 p99=   20.10 p999=   30.08 ms | push=319500 pop=313800 lag=5700 | errs push=0 pop=0 empty=0 gor=4571 | ack=    31378/s ackErr=0 ackAvg=0.01ms | e2e p50=37.12 p99=144.38 p999=164.86 n=313800 | e2e_local p50=36.10 p99=140.29 n=129600
[txn] 20:57:47 txn=     314/s msgs=    31378/s avg=100.00 msg/txn | commit p50=29.82 p99=75.26 p999=109.06 ms | aborts=0 errs=0 open=22 | in=    31598/s | total txns=3138 msgs=313800 aborts=0 errs=0
[20:57:57] offered=    64017/s achieved=    64017/s shed=        0/s inflight=     5 | p50=   6.94 p99=   16.77 p999=   20.61 ms | push=959600 pop=939700 lag=19900 | errs push=0 pop=0 empty=0 gor=7663 | ack=    62596/s ackErr=0 ackAvg=0.02ms | e2e p50=45.31 p99=226.30 p999=240.64 n=625900 | e2e_local p50=44.80 p99=228.35 n=258600
[txn] 20:57:57 txn=     626/s msgs=    62556/s avg=100.00 msg/txn | commit p50=30.85 p99=50.94 p999=59.65 ms | aborts=0 errs=0 open=22 | in=    62556/s | total txns=9393 msgs=939300 aborts=0 errs=0
[20:58:07] offered=    63982/s achieved=    64002/s shed=        0/s inflight=     3 | p50=   6.82 p99=   14.66 p999=   19.58 ms | push=1599600 pop=1577300 lag=22300 | errs push=0 pop=0 empty=0 gor=7785 | ack=    63762/s ackErr=0 ackAvg=0.02ms | e2e p50=42.24 p99=216.06 p999=232.45 n=637600 | e2e_local p50=41.73 p99=211.97 n=263400
[txn] 20:58:07 txn=     638/s msgs=    63802/s avg=100.00 msg/txn | commit p50=30.59 p99=49.92 p999=60.16 ms | aborts=0 errs=0 open=22 | in=    63802/s | total txns=15773 msgs=1577300 aborts=0 errs=0
[20:58:17] offered=    64010/s achieved=    63990/s shed=        0/s inflight=     5 | p50=   6.88 p99=   15.17 p999=   21.89 ms | push=2239500 pop=2212000 lag=27500 | errs push=0 pop=0 empty=0 gor=7754 | ack=    63470/s ackErr=0 ackAvg=0.02ms | e2e p50=41.73 p99=160.77 p999=177.15 n=634700 | e2e_local p50=42.75 p99=156.67 n=262400
[txn] 20:58:17 txn=     634/s msgs=    63450/s avg=100.00 msg/txn | commit p50=30.59 p99=47.36 p999=55.55 ms | aborts=0 errs=0 open=22 | in=    63450/s | total txns=22118 msgs=2211800 aborts=0 errs=0
[20:58:27] offered=    64009/s achieved=    64019/s shed=        0/s inflight=     4 | p50=   6.88 p99=   13.38 p999=   18.56 ms | push=2879700 pop=2848300 lag=31400 | errs push=0 pop=0 empty=0 gor=7790 | ack=    63629/s ackErr=0 ackAvg=0.02ms | e2e p50=43.78 p99=164.86 p999=179.20 n=636300 | e2e_local p50=44.29 p99=158.72 n=262900
[txn] 20:58:27 txn=     636/s msgs=    63649/s avg=100.00 msg/txn | commit p50=31.62 p99=46.85 p999=53.50 ms | aborts=0 errs=0 open=22 | in=    63649/s | total txns=28483 msgs=2848300 aborts=0 errs=0
[20:58:37] offered=    63990/s achieved=    64000/s shed=        0/s inflight=     3 | p50=   6.88 p99=   15.55 p999=   21.12 ms | push=3519700 pop=3482300 lag=37400 | errs push=0 pop=0 empty=0 gor=7729 | ack=    63400/s ackErr=0 ackAvg=0.02ms | e2e p50=41.22 p99=166.91 p999=181.25 n=634000 | e2e_local p50=40.70 p99=160.77 n=261900
[txn] 20:58:37 txn=     634/s msgs=    63410/s avg=100.00 msg/txn | commit p50=30.85 p99=46.85 p999=51.97 ms | aborts=0 errs=0 open=19 | in=    63360/s | total txns=34824 msgs=3482400 aborts=0 errs=0
[20:58:47] offered=    63999/s achieved=    63979/s shed=        0/s inflight=     5 | p50=   6.75 p99=   15.81 p999=   21.38 ms | push=4159500 pop=4115500 lag=44000 | errs push=0 pop=0 empty=0 gor=7722 | ack=    63319/s ackErr=0 ackAvg=0.02ms | e2e p50=42.24 p99=183.30 p999=203.78 n=633200 | e2e_local p50=41.73 p99=177.15 n=261900
[txn] 20:58:47 txn=     633/s msgs=    63309/s avg=100.00 msg/txn | commit p50=30.34 p99=49.41 p999=56.58 ms | aborts=0 errs=0 open=19 | in=    63329/s | total txns=41155 msgs=4115500 aborts=0 errs=0
[drain] workers and readers keep going for up to 59.989s (ends early after 3s idle; lag now 43900)
[drain] idle for 3s after 3.1s: ending the drain (lag 41100)
[info] txn workers: 0 re-subscriptions after an abort, 0 messages held outside a transaction at the stop (left unacked)
[info] producers created: 22 per-partition producers (shard), 0 creation errors, avg creation 17.4 ms
[info] steady window 60s (after the ramp, before the producers stopped): offered 64001/s pushed 64001/s popped 63363/s cpu 152.2% = 2.38 cores per 100k msg/s (produce+consume)
[final] offered=41600 achieved=41600 shed=0 (msgs: offered=4160000 achieved=4160000 shed=0) pushErr=0 | pushed=4160000 popped=4118900 lag=41100 | popErr=0 empty=0 | overall p50=6.82 p99=15.55 p999=22.14 ms | acked=4118900 ackErr=0 ackLag=41100 ackAvg=0.02ms | e2e p50=41.73 p99=203.78 p999=230.40 ms
load_cpu=111.1%
[txn-final] txns=41189 msgs=4118900 aborts=0 errs=0 in=4118900 avg=100.00 msg/txn | commit p50=30.59 p99=50.43 p999=71.17 max=117.25 ms
[ids] ledger /root/bench/runs/txn/pulsar/1x200-t100-576k-w198-b100/ids/p6.ids: 4160000 confirmed, 0 failed, 0 unanswered
