WARN max-pending 1000000 per partition producer would preallocate 503 MB over 22 partitions (24 B/slot); using 127100 (-pending-budget-mb 64)
pload tag=1x200-t100-576k-w198-b100-p7 loader=7/9 mode=batch rate=64000 msg/s batch=100 batch-max=0 max-inflight=5000 ramp=10s duration=1m10s report=10s drain=1m0s GOMAXPROCS=16 GOGC=400 seed=1790887910200116318
  offered: 64000 msg/s = 640.0 units/s (avg 100.0 msgs/unit) across 13 pacer workers (49.23 units/s each)
  topics: 1 x 200 partitions (x1x200-t100-576k-w198-b100..x1x200-t100-576k-w198-b100), entities/topic=0 (explicit partition) | picker: topics=rr entities: rr over space=22 starting at 0 [producer shard 7/9: partitions p % 9 == 7, entity j -> partition 7 + j*9]
  payload: goload jsonEvent target 256 B, avg 289.5 B raw, ~319 B stamped ({"ts":µs,"src":7,...}), pool 64x100
  consumers: 22 here (ci 154..175 of 198), poll=1000 proc-us=0 ack=async ack-inflight=256 local-src=[6 7 8]
  pulsar: url=pulsar://10.114.0.2:6650,10.114.0.3:6650,10.114.0.4:6650 admin=http://10.114.0.2:8080 ns=bench/ns sub=sub type=failover compression=lz4 batch=5ms/100 msgs/131072 B max-pending=127100/partition mem-limit=365 MB receiver-queue=1000 ack-group=100ms conns/broker=1 | feeder batches capped at -txn-size messages (whole entries per transaction) | txn: x1x200-t100-576k-w198-b100-in -> 22 workers (own client + TC each, NewTransaction timeout 10s, send+AckWithTxn on whole entries, txn-size 100, linger 1s) -> x1x200-t100-576k-w198-b100-out, 22 readers
  [admin] 2 topics with 200 partitions and subscription "sub" exist (checked in 0.0s)
  [txn] 22 workers (ci 154..175 of 198, 0 idle): each its own client + TC, a failover consumer on its partitions of x1x200-t100-576k-w198-b100-in, 22 producers on x1x200-t100-576k-w198-b100-out in all; txn-size 100, linger 1s, txn-timeout 10s; ready in 1.1s
  [consume] 22 consumers (ci 154..175 of 198), failover, partition slices (every partition exactly one consumer): 22 partition registrations here, 200 in total across all processes; idle 0 here, 0 in total; subscribed in 0.0s, settling 2s
  [produce] producer shard 7/9: 22 partitions per topic (p % 9 == 7) x 1 topics, per-partition producers created lazily on first use
READY 1790888243338
[start] waiting 9.176s for the common start 1790888257238
[start] GO 20:57:37.238 (unix ms 1790888257238)
[20:57:47] offered=    32010/s achieved=    31960/s shed=        0/s inflight=     6 | p50=   6.75 p99=   17.79 p999=   30.08 ms | push=319600 pop=313800 lag=5800 | errs push=0 pop=0 empty=0 gor=4583 | ack=    31380/s ackErr=0 ackAvg=0.01ms | e2e p50=36.61 p99=136.19 p999=160.77 n=313800 | e2e_local p50=36.10 p99=138.24 n=86400
[txn] 20:57:47 txn=     314/s msgs=    31380/s avg=100.00 msg/txn | commit p50=29.06 p99=74.24 p999=104.96 ms | aborts=0 errs=0 open=22 | in=    31600/s | total txns=3138 msgs=313800 aborts=0 errs=0
[20:57:57] offered=    64014/s achieved=    64004/s shed=        0/s inflight=     6 | p50=   6.94 p99=   16.32 p999=   20.61 ms | push=959600 pop=939700 lag=19900 | errs push=0 pop=0 empty=0 gor=7661 | ack=    62594/s ackErr=0 ackAvg=0.02ms | e2e p50=42.75 p99=224.26 p999=246.78 n=625900 | e2e_local p50=43.78 p99=224.26 n=172300
[txn] 20:57:57 txn=     626/s msgs=    62564/s avg=100.00 msg/txn | commit p50=30.59 p99=50.43 p999=61.18 ms | aborts=0 errs=0 open=22 | in=    62564/s | total txns=9394 msgs=939400 aborts=0 errs=0
[20:58:07] offered=    63991/s achieved=    64001/s shed=        0/s inflight=     5 | p50=   6.88 p99=   15.68 p999=   20.35 ms | push=1599600 pop=1577300 lag=22300 | errs push=0 pop=0 empty=0 gor=7787 | ack=    63761/s ackErr=0 ackAvg=0.02ms | e2e p50=40.70 p99=209.92 p999=232.45 n=637600 | e2e_local p50=41.73 p99=211.97 n=175600
[txn] 20:58:07 txn=     638/s msgs=    63791/s avg=100.00 msg/txn | commit p50=30.08 p99=48.90 p999=59.65 ms | aborts=0 errs=0 open=22 | in=    63791/s | total txns=15773 msgs=1577300 aborts=0 errs=0
[20:58:17] offered=    63990/s achieved=    64010/s shed=        0/s inflight=     3 | p50=   6.88 p99=   15.04 p999=   21.63 ms | push=2239700 pop=2212700 lag=27000 | errs push=0 pop=0 empty=0 gor=7750 | ack=    63540/s ackErr=0 ackAvg=0.02ms | e2e p50=40.19 p99=148.48 p999=158.72 n=635400 | e2e_local p50=41.22 p99=146.43 n=175200
[txn] 20:58:17 txn=     635/s msgs=    63530/s avg=100.00 msg/txn | commit p50=30.34 p99=46.85 p999=57.09 ms | aborts=0 errs=0 open=22 | in=    63530/s | total txns=22126 msgs=2212600 aborts=0 errs=0
[20:58:27] offered=    64019/s achieved=    63989/s shed=        0/s inflight=     6 | p50=   6.94 p99=   14.02 p999=   18.30 ms | push=2879600 pop=2848600 lag=31000 | errs push=0 pop=0 empty=0 gor=7760 | ack=    63589/s ackErr=0 ackAvg=0.02ms | e2e p50=42.24 p99=150.53 p999=177.15 n=635900 | e2e_local p50=43.78 p99=144.38 n=175200
[txn] 20:58:27 txn=     636/s msgs=    63599/s avg=100.00 msg/txn | commit p50=31.10 p99=46.85 p999=54.02 ms | aborts=0 errs=0 open=20 | in=    63579/s | total txns=28486 msgs=2848600 aborts=0 errs=0
[20:58:37] offered=    64000/s achieved=    64020/s shed=        0/s inflight=     4 | p50=   6.88 p99=   15.30 p999=   19.84 ms | push=3519800 pop=3482400 lag=37400 | errs push=0 pop=0 empty=0 gor=7731 | ack=    63380/s ackErr=0 ackAvg=0.02ms | e2e p50=40.19 p99=154.62 p999=162.82 n=633800 | e2e_local p50=40.19 p99=148.48 n=174700
[txn] 20:58:37 txn=     633/s msgs=    63330/s avg=100.00 msg/txn | commit p50=30.59 p99=46.34 p999=51.46 ms | aborts=0 errs=0 open=18 | in=    63310/s | total txns=34819 msgs=3481900 aborts=0 errs=0
[20:58:47] offered=    63974/s achieved=    63994/s shed=        0/s inflight=     2 | p50=   6.88 p99=   16.06 p999=   22.40 ms | push=4159800 pop=4115500 lag=44300 | errs push=0 pop=0 empty=0 gor=7714 | ack=    63304/s ackErr=0 ackAvg=0.02ms | e2e p50=40.70 p99=171.01 p999=191.49 n=633100 | e2e_local p50=41.22 p99=177.15 n=174400
[txn] 20:58:47 txn=     633/s msgs=    63344/s avg=100.00 msg/txn | commit p50=29.82 p99=48.90 p999=56.06 ms | aborts=0 errs=0 open=16 | in=    63324/s | total txns=41154 msgs=4115400 aborts=0 errs=0
[drain] workers and readers keep going for up to 59.994s (ends early after 3s idle; lag now 43800)
[drain] idle for 3s after 3.1s: ending the drain (lag 41300)
[info] txn workers: 0 re-subscriptions after an abort, 0 messages held outside a transaction at the stop (left unacked)
[info] producers created: 22 per-partition producers (shard), 0 creation errors, avg creation 17.0 ms
[info] steady window 60s (after the ramp, before the producers stopped): offered 63998/s pushed 64003/s popped 63362/s cpu 153.2% = 2.39 cores per 100k msg/s (produce+consume)
[final] offered=41600 achieved=41600 shed=0 (msgs: offered=4160000 achieved=4160000 shed=0) pushErr=0 | pushed=4160000 popped=4118700 lag=41300 | popErr=0 empty=0 | overall p50=6.88 p99=15.68 p999=21.89 ms | acked=4118700 ackErr=0 ackLag=41300 ackAvg=0.02ms | e2e p50=40.70 p99=199.68 p999=230.40 ms
load_cpu=111.9%
[txn-final] txns=41187 msgs=4118700 aborts=0 errs=0 in=4118700 avg=100.00 msg/txn | commit p50=30.34 p99=49.41 p999=70.14 max=111.10 ms
[ids] ledger /root/bench/runs/txn/pulsar/1x200-t100-576k-w198-b100/ids/p7.ids: 4160000 confirmed, 0 failed, 0 unanswered
