qload tag=b2-rc7-completed loader=2/9 mode=batch rate=111111 msg/s batch=100 batch-max=0 max-inflight=5000 ramp=10s duration=5m0s report=10s drain=10s GOMAXPROCS=16 GOGC=400(default) seed=1791630292676154588
  offered: 111111 msg/s = 1111.1 units/s (avg 100.0 msgs/unit) across 23 pacer workers (48.31 units/s each)
  topics: 1 x 500000 partitions (bench..bench), entities/topic=0 (explicit partition) | picker: topics=rr entities: rr over space=500000 starting at 111111
  payload: goload jsonEvent target 256 B, avg 289.5 B raw, ~319 B stamped ({"ts":µs,"src":2,...}), pool 64x100
  consumers: 33 here (ci 66..98 of 297), poll=1000 proc-us=0 ack=async ack-inflight=256 local-src=[0 1 2]
  queen: url=http://10.114.0.18:6632 (of 3) conns=2048 timeout=30s pop-width=10 pop-batch=1000 pop-timeout=2s lease=30s | configure: leaseTime=30 completedRetention=3600 dedup=0 retryLimit=1000000 | plain: consumers pop+ack the queue
  [queen] http://10.114.0.18:6632 healthy: version 2.2.0, this node follower
  [consume] 33 consumers of bench: pop width 10, batch 1000, long poll 2s, lease 30s, async batch acks (ack-inflight 256)
READY 1791630298947
[start] waiting 19.161s for the common start 1791630318109
[start] GO 11:05:18.109 (unix ms 1791630318109)
[11:05:28] offered=    55610/s achieved=    55530/s shed=        0/s inflight=     8 | p50=   6.88 p99=   29.82 p999=   47.36 ms | push=555300 pop=541400 lag=13900 | errs push=0 pop=0 empty=363 gor=243 | ack=    53940/s ackErr=0 ackAvg=9.82ms | e2e p50=20.35 p99=49.41 p999=74.24 n=541400 | e2e_local p50=20.10 p99=48.38 n=181700
[11:05:38] offered=   111111/s achieved=   111121/s shed=        0/s inflight=     7 | p50=   9.02 p99=   48.90 p999=   79.36 ms | push=1666400 pop=1638700 lag=27700 | errs push=0 pop=0 empty=363 gor=326 | ack=   109840/s ackErr=0 ackAvg=12.36ms | e2e p50=25.22 p99=87.55 p999=130.56 n=1097300 | e2e_local p50=24.70 p99=85.50 n=367300
[11:05:48] offered=   111098/s achieved=   111078/s shed=        0/s inflight=     7 | p50=   9.15 p99=   42.75 p999=   51.46 ms | push=2777200 pop=2755000 lag=22200 | errs push=0 pop=0 empty=363 gor=330 | ack=   111498/s ackErr=0 ackAvg=12.94ms | e2e p50=25.22 p99=71.17 p999=85.50 n=1116300 | e2e_local p50=24.96 p99=71.17 n=369000
[11:05:58] offered=   111091/s achieved=   110971/s shed=        0/s inflight=    21 | p50=  12.35 p99=   76.29 p999=  116.22 ms | push=3886900 pop=3869500 lag=17400 | errs push=0 pop=0 empty=363 gor=432 | ack=   111451/s ackErr=0 ackAvg=14.41ms | e2e p50=62.21 p99=234.50 p999=254.98 n=1114500 | e2e_local p50=60.67 p99=234.50 n=375400
[11:06:08] offered=   111099/s achieved=   111269/s shed=        0/s inflight=     4 | p50=  13.12 p99=   91.65 p999=  108.03 ms | push=4999600 pop=5005500 lag=-5900 | errs push=0 pop=0 empty=363 gor=413 | ack=   113749/s ackErr=0 ackAvg=15.61ms | e2e p50=75.26 p99=264.19 p999=288.77 n=1136000 | e2e_local p50=74.24 p99=264.19 n=376400
[11:06:18] offered=   111109/s achieved=   111099/s shed=        0/s inflight=     5 | p50=  10.05 p99=   60.16 p999=   75.26 ms | push=6110600 pop=6125300 lag=-14700 | errs push=0 pop=0 empty=363 gor=418 | ack=   111779/s ackErr=0 ackAvg=15.53ms | e2e p50=27.01 p99=96.77 p999=125.44 n=1119800 | e2e_local p50=26.75 p99=95.74 n=365000
[11:06:28] offered=   111119/s achieved=   111109/s shed=        0/s inflight=     8 | p50=  10.05 p99=   65.28 p999=   88.58 ms | push=7221700 pop=7257000 lag=-35300 | errs push=0 pop=0 empty=363 gor=419 | ack=   113169/s ackErr=0 ackAvg=15.52ms | e2e p50=27.52 p99=101.89 p999=119.30 n=1131700 | e2e_local p50=27.26 p99=98.82 n=371200
[11:06:38] offered=   111164/s achieved=   111084/s shed=        0/s inflight=    14 | p50=  10.56 p99=   78.34 p999=  105.98 ms | push=8332500 pop=8379800 lag=-47300 | errs push=0 pop=0 empty=363 gor=424 | ack=   112494/s ackErr=0 ackAvg=15.60ms | e2e p50=30.34 p99=123.39 p999=144.38 n=1122800 | e2e_local p50=29.82 p99=121.34 n=370700
[11:06:48] offered=   111087/s achieved=   111087/s shed=        0/s inflight=    14 | p50=  11.58 p99=   74.24 p999=   90.62 ms | push=9443500 pop=9478600 lag=-35100 | errs push=0 pop=0 empty=363 gor=421 | ack=   109907/s ackErr=0 ackAvg=15.86ms | e2e p50=33.54 p99=136.19 p999=156.67 n=1098800 | e2e_local p50=33.02 p99=134.14 n=370300
[11:06:58] offered=   111145/s achieved=   111125/s shed=        0/s inflight=    17 | p50=  11.58 p99=   68.10 p999=   84.48 ms | push=10554700 pop=10614500 lag=-59800 | errs push=0 pop=0 empty=363 gor=424 | ack=   113605/s ackErr=0 ackAvg=16.01ms | e2e p50=33.02 p99=114.18 p999=129.54 n=1135900 | e2e_local p50=32.64 p99=114.18 n=380700
[11:07:08] offered=   111115/s achieved=   111085/s shed=        0/s inflight=    17 | p50=  11.84 p99=   68.10 p999=   87.55 ms | push=11665500 pop=11758600 lag=-93100 | errs push=0 pop=0 empty=363 gor=424 | ack=   114355/s ackErr=0 ackAvg=16.17ms | e2e p50=35.58 p99=111.10 p999=118.27 n=1144100 | e2e_local p50=35.07 p99=110.08 n=382800
[11:07:18] offered=   111095/s achieved=   111105/s shed=        0/s inflight=    11 | p50=  11.97 p99=   53.50 p999=   66.05 ms | push=12776500 pop=12877900 lag=-101400 | errs push=0 pop=0 empty=363 gor=418 | ack=   111945/s ackErr=0 ackAvg=16.29ms | e2e p50=35.07 p99=136.19 p999=156.67 n=1119300 | e2e_local p50=35.07 p99=142.34 n=371000
[11:07:28] offered=   111089/s achieved=   111089/s shed=        0/s inflight=    19 | p50=  11.71 p99=   49.41 p999=   61.18 ms | push=13887400 pop=13963500 lag=-76100 | errs push=0 pop=0 empty=363 gor=416 | ack=   108289/s ackErr=0 ackAvg=16.34ms | e2e p50=33.02 p99=99.84 p999=125.44 n=1085600 | e2e_local p50=32.38 p99=102.91 n=366300
[11:07:38] offered=   111106/s achieved=   111216/s shed=        0/s inflight=     7 | p50=  11.97 p99=   70.14 p999=  142.34 ms | push=14999600 pop=15094800 lag=-95200 | errs push=0 pop=0 empty=363 gor=477 | ack=   113435/s ackErr=0 ackAvg=16.48ms | e2e p50=34.56 p99=118.27 p999=132.10 n=1131300 | e2e_local p50=34.05 p99=116.22 n=376000
[11:07:48] offered=   111089/s achieved=   110989/s shed=        0/s inflight=    17 | p50=  11.97 p99=   56.06 p999=   73.22 ms | push=16109500 pop=16197800 lag=-88300 | errs push=0 pop=0 empty=363 gor=488 | ack=   110259/s ackErr=0 ackAvg=16.56ms | e2e p50=34.56 p99=103.94 p999=132.10 n=1103000 | e2e_local p50=34.05 p99=104.96 n=368900
[11:07:58] offered=   111113/s achieved=   111243/s shed=        0/s inflight=     4 | p50=  11.97 p99=   66.05 p999=   88.58 ms | push=17221900 pop=17297000 lag=-75100 | errs push=0 pop=0 empty=363 gor=472 | ack=   109973/s ackErr=0 ackAvg=16.64ms | e2e p50=33.54 p99=122.37 p999=154.62 n=1099200 | e2e_local p50=34.05 p99=121.34 n=370700
[11:08:08] offered=   111102/s achieved=   111092/s shed=        0/s inflight=     5 | p50=  12.61 p99=   51.46 p999=   68.10 ms | push=18332800 pop=18407200 lag=-74400 | errs push=0 pop=0 empty=363 gor=477 | ack=   110892/s ackErr=0 ackAvg=16.72ms | e2e p50=35.58 p99=109.06 p999=129.54 n=1110200 | e2e_local p50=35.58 p99=111.10 n=364800
[11:08:18] offered=   111116/s achieved=   111106/s shed=        0/s inflight=    10 | p50=  12.48 p99=   45.31 p999=   58.11 ms | push=19443900 pop=19484500 lag=-40600 | errs push=0 pop=0 empty=363 gor=484 | ack=   107566/s ackErr=0 ackAvg=16.79ms | e2e p50=36.61 p99=113.15 p999=121.34 n=1077300 | e2e_local p50=35.58 p99=113.15 n=356600
[11:08:28] offered=   111149/s achieved=   111089/s shed=        0/s inflight=    13 | p50=  12.48 p99=   49.92 p999=   63.23 ms | push=20554800 pop=20564900 lag=-10100 | errs push=0 pop=0 empty=363 gor=487 | ack=   107929/s ackErr=0 ackAvg=16.87ms | e2e p50=35.58 p99=115.20 p999=142.34 n=1080400 | e2e_local p50=35.58 p99=115.20 n=372100
[11:08:38] offered=   111104/s achieved=   111094/s shed=        0/s inflight=    16 | p50=  12.74 p99=   52.99 p999=   68.10 ms | push=21665700 pop=21689300 lag=-23600 | errs push=0 pop=0 empty=363 gor=486 | ack=   112675/s ackErr=0 ackAvg=16.95ms | e2e p50=37.12 p99=116.22 p999=129.54 n=1124400 | e2e_local p50=36.61 p99=117.25 n=382200
[11:08:48] offered=   111144/s achieved=   111114/s shed=        0/s inflight=    15 | p50=  12.35 p99=   55.04 p999=   80.38 ms | push=22776900 pop=22792700 lag=-15800 | errs push=0 pop=0 empty=363 gor=492 | ack=   110154/s ackErr=0 ackAvg=17.02ms | e2e p50=36.10 p99=121.34 p999=148.48 n=1103400 | e2e_local p50=36.10 p99=120.32 n=364200
[11:08:58] offered=   111101/s achieved=   111061/s shed=        0/s inflight=    21 | p50=  12.61 p99=   49.92 p999=   71.17 ms | push=23887500 pop=23872300 lag=15200 | errs push=0 pop=0 empty=363 gor=495 | ack=   108111/s ackErr=0 ackAvg=17.07ms | e2e p50=36.61 p99=199.68 p999=232.45 n=1079600 | e2e_local p50=36.61 p99=201.73 n=357800
[11:09:08] offered=   111105/s achieved=   111145/s shed=        0/s inflight=    16 | p50=  12.10 p99=   48.90 p999=   73.22 ms | push=24998900 pop=24984300 lag=14600 | errs push=0 pop=0 empty=363 gor=382 | ack=   111395/s ackErr=0 ackAvg=17.09ms | e2e p50=34.56 p99=97.79 p999=121.34 n=1112000 | e2e_local p50=34.05 p99=96.77 n=374000
[11:09:18] offered=   111087/s achieved=   111067/s shed=        0/s inflight=    18 | p50=  12.35 p99=   49.92 p999=   62.72 ms | push=26109600 pop=26105800 lag=3800 | errs push=0 pop=0 empty=363 gor=385 | ack=   112127/s ackErr=0 ackAvg=17.14ms | e2e p50=35.58 p99=142.34 p999=164.86 n=1121500 | e2e_local p50=35.58 p99=140.29 n=376300
[11:09:28] offered=   111110/s achieved=   111180/s shed=        0/s inflight=    10 | p50=  12.48 p99=   46.34 p999=   61.18 ms | push=27221400 pop=27213600 lag=7800 | errs push=0 pop=0 empty=363 gor=342 | ack=   110570/s ackErr=0 ackAvg=17.18ms | e2e p50=37.12 p99=124.42 p999=136.19 n=1107800 | e2e_local p50=36.61 p99=121.34 n=364900
[11:09:38] offered=   111092/s achieved=   111162/s shed=        0/s inflight=     4 | p50=  12.22 p99=   43.26 p999=   59.14 ms | push=28333000 pop=28312800 lag=20200 | errs push=0 pop=0 empty=363 gor=331 | ack=   110182/s ackErr=0 ackAvg=17.21ms | e2e p50=35.58 p99=90.62 p999=104.96 n=1099200 | e2e_local p50=34.56 p99=87.55 n=367000
[11:09:48] offered=   111094/s achieved=   111034/s shed=        0/s inflight=    11 | p50=  12.10 p99=   43.26 p999=   52.48 ms | push=29443300 pop=29435500 lag=7800 | errs push=0 pop=0 empty=363 gor=350 | ack=   111704/s ackErr=0 ackAvg=17.23ms | e2e p50=34.05 p99=156.67 p999=173.06 n=1122700 | e2e_local p50=33.54 p99=160.77 n=376400
[11:09:58] offered=   111111/s achieved=   111171/s shed=        0/s inflight=     6 | p50=  12.22 p99=   39.17 p999=   47.36 ms | push=30555100 pop=30538300 lag=16800 | errs push=0 pop=0 empty=363 gor=339 | ack=   110581/s ackErr=0 ackAvg=17.24ms | e2e p50=35.07 p99=115.20 p999=132.10 n=1103100 | e2e_local p50=34.56 p99=113.15 n=362600
[11:10:08] offered=   111119/s achieved=   111099/s shed=        0/s inflight=     9 | p50=  12.61 p99=   38.66 p999=   51.97 ms | push=31666000 pop=31627200 lag=38800 | errs push=0 pop=0 empty=363 gor=339 | ack=   109059/s ackErr=0 ackAvg=17.28ms | e2e p50=36.61 p99=121.34 p999=140.29 n=1088600 | e2e_local p50=36.10 p99=121.34 n=352000
[11:10:18] offered=   111167/s achieved=   110997/s shed=        0/s inflight=    22 | p50=  12.61 p99=   44.29 p999=   56.58 ms | push=32776000 pop=32705300 lag=70700 | errs push=0 pop=0 empty=363 gor=330 | ack=   107587/s ackErr=0 ackAvg=17.31ms | e2e p50=35.58 p99=125.44 p999=138.24 n=1078100 | e2e_local p50=35.07 p99=126.46 n=362100
[drain] consumers keep going for 9.989s (lag now 70800)
[11:10:28] offered=        0/s achieved=      230/s shed=        0/s inflight=     0 | p50=  13.76 p99=   20.86 p999=   20.86 ms | push=32778300 pop=32710900 lag=67400 | errs push=0 pop=0 empty=528 gor=298 | ack=      880/s ackErr=0 ackAvg=17.31ms | e2e p50=43.78 p99=58.11 p999=58.11 n=5600 | e2e_local p50=40.70 p99=57.60 n=1600
[info] steady window 290s (after the ramp, before the producers stopped): offered 111111/s pushed 111106/s popped 110910/s cpu 193.0% = 1.74 cores per 100k msg/s (produce+consume)
[final] offered=327783 achieved=327783 shed=0 (msgs: offered=32778300 achieved=32778300 shed=0) pushErr=0 | pushed=32778300 popped=32710900 lag=67400 | popErr=0 empty=528 | overall p50=11.71 p99=58.11 p999=90.62 ms | acked=32710900 ackErr=0 ackLag=67400 ackAvg=17.31ms | e2e p50=33.54 p99=191.49 p999=252.93 ms
load_cpu=173.1%
