qload tag=b2-rc7-completed loader=4/9 mode=batch rate=111111 msg/s batch=100 batch-max=0 max-inflight=5000 ramp=10s duration=5m0s report=10s drain=10s GOMAXPROCS=16 GOGC=400(default) seed=1791630294442245925
  offered: 111111 msg/s = 1111.1 units/s (avg 100.0 msgs/unit) across 23 pacer workers (48.31 units/s each)
  topics: 1 x 500000 partitions (bench..bench), entities/topic=0 (explicit partition) | picker: topics=rr entities: rr over space=500000 starting at 222222
  payload: goload jsonEvent target 256 B, avg 289.5 B raw, ~320 B stamped ({"ts":µs,"src":4,...}), pool 64x100
  consumers: 33 here (ci 132..164 of 297), poll=1000 proc-us=0 ack=async ack-inflight=256 local-src=[3 4 5]
  queen: url=http://10.114.0.19:6632 (of 3) conns=2048 timeout=30s pop-width=10 pop-batch=1000 pop-timeout=2s lease=30s | configure: leaseTime=30 completedRetention=3600 dedup=0 retryLimit=1000000 | plain: consumers pop+ack the queue
  [queen] http://10.114.0.19:6632 healthy: version 2.2.0, this node follower
  [consume] 33 consumers of bench: pop width 10, batch 1000, long poll 2s, lease 30s, async batch acks (ack-inflight 256)
READY 1791630299392
[start] waiting 18.716s for the common start 1791630318109
[start] GO 11:05:18.109 (unix ms 1791630318109)
[11:05:28] offered=    55495/s achieved=    55445/s shed=        0/s inflight=     5 | p50=   7.33 p99=   31.36 p999=   51.97 ms | push=554400 pop=536900 lag=17500 | errs push=0 pop=0 empty=349 gor=269 | ack=    53364/s ackErr=0 ackAvg=10.04ms | e2e p50=19.33 p99=62.72 p999=78.34 n=536900 | e2e_local p50=19.58 p99=63.74 n=171300
[11:05:38] offered=   111134/s achieved=   111124/s shed=        0/s inflight=     5 | p50=   9.15 p99=   42.24 p999=   54.02 ms | push=1665600 pop=1649400 lag=16200 | errs push=0 pop=0 empty=349 gor=268 | ack=   111434/s ackErr=0 ackAvg=12.41ms | e2e p50=24.96 p99=74.24 p999=83.46 n=1112500 | e2e_local p50=24.96 p99=74.24 n=366800
[11:05:48] offered=   111130/s achieved=   111080/s shed=        0/s inflight=    13 | p50=   9.15 p99=   42.24 p999=   52.99 ms | push=2776400 pop=2795800 lag=-19400 | errs push=0 pop=0 empty=349 gor=285 | ack=   114380/s ackErr=0 ackAvg=13.00ms | e2e p50=24.96 p99=69.12 p999=78.34 n=1146400 | e2e_local p50=25.22 p99=69.12 n=375300
[11:05:58] offered=   111139/s achieved=   111059/s shed=        0/s inflight=    19 | p50=  12.48 p99=   74.24 p999=  114.18 ms | push=3887000 pop=3862200 lag=24800 | errs push=0 pop=0 empty=349 gor=414 | ack=   106819/s ackErr=0 ackAvg=14.50ms | e2e p50=59.65 p99=220.16 p999=246.78 n=1066400 | e2e_local p50=59.14 p99=222.21 n=352500
[11:06:08] offered=   111111/s achieved=   111131/s shed=        0/s inflight=    18 | p50=  12.99 p99=   94.72 p999=  118.27 ms | push=4998400 pop=4974900 lag=23500 | errs push=0 pop=0 empty=349 gor=419 | ack=   111321/s ackErr=0 ackAvg=15.52ms | e2e p50=60.67 p99=272.38 p999=317.44 n=1112700 | e2e_local p50=60.16 p99=280.58 n=368500
[11:06:18] offered=   111109/s achieved=   111119/s shed=        0/s inflight=    16 | p50=  10.05 p99=   61.18 p999=   73.22 ms | push=6109500 pop=6044000 lag=65500 | errs push=0 pop=0 empty=349 gor=415 | ack=   106969/s ackErr=0 ackAvg=15.42ms | e2e p50=26.75 p99=91.65 p999=108.03 n=1069100 | e2e_local p50=27.01 p99=92.67 n=352900
[11:06:28] offered=   111091/s achieved=   111141/s shed=        0/s inflight=     7 | p50=   9.92 p99=   62.72 p999=   76.29 ms | push=7220900 pop=7174200 lag=46700 | errs push=0 pop=0 empty=349 gor=404 | ack=   113121/s ackErr=0 ackAvg=15.38ms | e2e p50=27.26 p99=102.91 p999=115.20 n=1130200 | e2e_local p50=27.26 p99=102.91 n=369400
[11:06:38] offered=   111089/s achieved=   111059/s shed=        0/s inflight=     9 | p50=  10.56 p99=   76.29 p999=   98.82 ms | push=8331500 pop=8297700 lag=33800 | errs push=0 pop=0 empty=349 gor=405 | ack=   112249/s ackErr=0 ackAvg=15.50ms | e2e p50=30.59 p99=125.44 p999=138.24 n=1123500 | e2e_local p50=30.34 p99=127.49 n=376400
[11:06:48] offered=   111107/s achieved=   111127/s shed=        0/s inflight=    12 | p50=  11.58 p99=   74.24 p999=   92.67 ms | push=9442800 pop=9402000 lag=40800 | errs push=0 pop=0 empty=349 gor=411 | ack=   110347/s ackErr=0 ackAvg=15.76ms | e2e p50=34.05 p99=127.49 p999=142.34 n=1104300 | e2e_local p50=34.05 p99=126.46 n=358400
[11:06:58] offered=   111113/s achieved=   111193/s shed=        0/s inflight=     4 | p50=  11.71 p99=   68.10 p999=   87.55 ms | push=10554700 pop=10498600 lag=56100 | errs push=0 pop=0 empty=349 gor=402 | ack=   109713/s ackErr=0 ackAvg=15.89ms | e2e p50=33.02 p99=118.27 p999=129.54 n=1096600 | e2e_local p50=33.02 p99=118.27 n=359400
[11:07:08] offered=   111099/s achieved=   111079/s shed=        0/s inflight=     5 | p50=  11.71 p99=   69.12 p999=   91.65 ms | push=11665500 pop=11603500 lag=62000 | errs push=0 pop=0 empty=349 gor=402 | ack=   110529/s ackErr=0 ackAvg=16.04ms | e2e p50=34.05 p99=114.18 p999=134.14 n=1104900 | e2e_local p50=34.56 p99=116.22 n=363000
[11:07:18] offered=   111102/s achieved=   111102/s shed=        0/s inflight=     6 | p50=  11.97 p99=   52.48 p999=   66.05 ms | push=12776500 pop=12730300 lag=46200 | errs push=0 pop=0 empty=349 gor=405 | ack=   112712/s ackErr=0 ackAvg=16.19ms | e2e p50=34.56 p99=134.14 p999=152.58 n=1126800 | e2e_local p50=34.56 p99=132.10 n=376100
[11:07:28] offered=   111121/s achieved=   111051/s shed=        0/s inflight=    15 | p50=  11.58 p99=   49.41 p999=   64.26 ms | push=13887100 pop=13827700 lag=59400 | errs push=0 pop=0 empty=349 gor=423 | ack=   109242/s ackErr=0 ackAvg=16.26ms | e2e p50=33.02 p99=104.96 p999=120.32 n=1097400 | e2e_local p50=33.02 p99=104.96 n=357200
[11:07:38] offered=   111124/s achieved=   111164/s shed=        0/s inflight=    12 | p50=  11.84 p99=   57.60 p999=   93.70 ms | push=14998700 pop=14897000 lag=101700 | errs push=0 pop=0 empty=349 gor=383 | ack=   107234/s ackErr=0 ackAvg=16.36ms | e2e p50=34.05 p99=121.34 p999=134.14 n=1069300 | e2e_local p50=34.05 p99=122.37 n=356600
[11:07:48] offered=   111155/s achieved=   111055/s shed=        0/s inflight=    19 | p50=  12.10 p99=   55.55 p999=   70.14 ms | push=16109200 pop=16009800 lag=99400 | errs push=0 pop=0 empty=349 gor=394 | ack=   111365/s ackErr=0 ackAvg=16.48ms | e2e p50=35.07 p99=105.98 p999=125.44 n=1112800 | e2e_local p50=35.58 p99=104.96 n=360800
[11:07:58] offered=   111113/s achieved=   111143/s shed=        0/s inflight=    16 | p50=  12.10 p99=   63.74 p999=   86.53 ms | push=17220700 pop=17108500 lag=112200 | errs push=0 pop=0 empty=349 gor=385 | ack=   109844/s ackErr=0 ackAvg=16.55ms | e2e p50=34.56 p99=125.44 p999=140.29 n=1098700 | e2e_local p50=35.07 p99=126.46 n=365300
[11:08:08] offered=   111104/s achieved=   111104/s shed=        0/s inflight=    16 | p50=  12.61 p99=   51.46 p999=   71.17 ms | push=18331700 pop=18232700 lag=99000 | errs push=0 pop=0 empty=349 gor=388 | ack=   112344/s ackErr=0 ackAvg=16.64ms | e2e p50=35.58 p99=101.89 p999=126.46 n=1124200 | e2e_local p50=36.10 p99=105.98 n=365000
[11:08:18] offered=   111088/s achieved=   111158/s shed=        0/s inflight=     9 | p50=  12.61 p99=   46.34 p999=   58.62 ms | push=19443300 pop=19338300 lag=105000 | errs push=0 pop=0 empty=349 gor=383 | ack=   110608/s ackErr=0 ackAvg=16.71ms | e2e p50=36.10 p99=112.13 p999=122.37 n=1105600 | e2e_local p50=36.10 p99=114.18 n=364100
[11:08:28] offered=   111085/s achieved=   111085/s shed=        0/s inflight=     9 | p50=  12.35 p99=   48.90 p999=   62.21 ms | push=20554200 pop=20449900 lag=104300 | errs push=0 pop=0 empty=349 gor=381 | ack=   111295/s ackErr=0 ackAvg=16.78ms | e2e p50=35.07 p99=111.10 p999=134.14 n=1111600 | e2e_local p50=34.56 p99=110.08 n=378100
[11:08:38] offered=   111131/s achieved=   111151/s shed=        0/s inflight=     7 | p50=  12.74 p99=   50.43 p999=   71.17 ms | push=21665700 pop=21571300 lag=94400 | errs push=0 pop=0 empty=349 gor=378 | ack=   112071/s ackErr=0 ackAvg=16.86ms | e2e p50=35.58 p99=121.34 p999=134.14 n=1121400 | e2e_local p50=35.58 p99=119.30 n=370000
[11:08:48] offered=   111082/s achieved=   111122/s shed=        0/s inflight=     5 | p50=  12.22 p99=   56.58 p999=   73.22 ms | push=22776900 pop=22638100 lag=138800 | errs push=0 pop=0 empty=349 gor=377 | ack=   106742/s ackErr=0 ackAvg=16.91ms | e2e p50=35.07 p99=125.44 p999=148.48 n=1066800 | e2e_local p50=35.58 p99=124.42 n=345500
[11:08:58] offered=   111111/s achieved=   111071/s shed=        0/s inflight=     7 | p50=  12.61 p99=   48.38 p999=   65.28 ms | push=23887600 pop=23752400 lag=135200 | errs push=0 pop=0 empty=349 gor=379 | ack=   111341/s ackErr=0 ackAvg=16.97ms | e2e p50=37.12 p99=199.68 p999=226.30 n=1114300 | e2e_local p50=37.12 p99=201.73 n=368400
[11:09:08] offered=   111115/s achieved=   111115/s shed=        0/s inflight=     7 | p50=  12.10 p99=   52.48 p999=   89.60 ms | push=24998700 pop=24817600 lag=181100 | errs push=0 pop=0 empty=349 gor=361 | ack=   106695/s ackErr=0 ackAvg=17.00ms | e2e p50=33.54 p99=108.03 p999=134.14 n=1065200 | e2e_local p50=34.05 p99=107.01 n=362300
[11:09:18] offered=   111104/s achieved=   111084/s shed=        0/s inflight=    12 | p50=  12.22 p99=   50.43 p999=   64.26 ms | push=26109600 pop=25913500 lag=196100 | errs push=0 pop=0 empty=349 gor=371 | ack=   109324/s ackErr=0 ackAvg=17.05ms | e2e p50=35.58 p99=158.72 p999=168.96 n=1095900 | e2e_local p50=36.10 p99=158.72 n=359800
[11:09:28] offered=   111141/s achieved=   111091/s shed=        0/s inflight=    16 | p50=  12.48 p99=   45.82 p999=   59.65 ms | push=27220500 pop=27002200 lag=218300 | errs push=0 pop=0 empty=349 gor=375 | ack=   108921/s ackErr=0 ackAvg=17.09ms | e2e p50=35.58 p99=117.25 p999=132.10 n=1088700 | e2e_local p50=36.10 p99=118.27 n=360000
[11:09:38] offered=   111141/s achieved=   111141/s shed=        0/s inflight=    14 | p50=  12.22 p99=   45.31 p999=   54.02 ms | push=28331900 pop=28089900 lag=242000 | errs push=0 pop=0 empty=349 gor=369 | ack=   108961/s ackErr=0 ackAvg=17.10ms | e2e p50=34.05 p99=101.89 p999=120.32 n=1087700 | e2e_local p50=34.56 p99=101.89 n=366700
[11:09:48] offered=   111114/s achieved=   111034/s shed=        0/s inflight=    23 | p50=  12.10 p99=   41.73 p999=   50.43 ms | push=29442300 pop=29203100 lag=239200 | errs push=0 pop=0 empty=349 gor=384 | ack=   111004/s ackErr=0 ackAvg=17.11ms | e2e p50=33.02 p99=138.24 p999=164.86 n=1113200 | e2e_local p50=33.02 p99=146.43 n=381200
[11:09:58] offered=   111107/s achieved=   111187/s shed=        0/s inflight=    12 | p50=  12.22 p99=   39.17 p999=   46.85 ms | push=30554100 pop=30283800 lag=270300 | errs push=0 pop=0 empty=349 gor=369 | ack=   108287/s ackErr=0 ackAvg=17.14ms | e2e p50=34.05 p99=121.34 p999=144.38 n=1080700 | e2e_local p50=33.54 p99=121.34 n=362300
[11:10:08] offered=   111089/s achieved=   111109/s shed=        0/s inflight=    12 | p50=  12.48 p99=   39.68 p999=   49.41 ms | push=31665200 pop=31401700 lag=263500 | errs push=0 pop=0 empty=349 gor=369 | ack=   111719/s ackErr=0 ackAvg=17.18ms | e2e p50=36.10 p99=113.15 p999=144.38 n=1117900 | e2e_local p50=36.10 p99=111.10 n=377700
[11:10:18] offered=   111083/s achieved=   110993/s shed=        0/s inflight=    21 | p50=  12.48 p99=   42.75 p999=   58.11 ms | push=32775200 pop=32510900 lag=264300 | errs push=0 pop=0 empty=349 gor=360 | ack=   110814/s ackErr=0 ackAvg=17.22ms | e2e p50=35.58 p99=118.27 p999=132.10 n=1109200 | e2e_local p50=36.10 p99=119.30 n=373500
[drain] consumers keep going for 9.987s (lag now 264300)
[11:10:28] offered=        0/s achieved=      210/s shed=        0/s inflight=     0 | p50=  16.51 p99=   20.35 p999=   20.35 ms | push=32777300 pop=32517300 lag=260000 | errs push=0 pop=0 empty=514 gor=330 | ack=      960/s ackErr=0 ackAvg=17.22ms | e2e p50=39.17 p99=65.28 p999=65.28 n=6400 | e2e_local p50=37.12 p99=63.74 n=2400
[info] steady window 290s (after the ramp, before the producers stopped): offered 111112/s pushed 111106/s popped 110255/s cpu 198.8% = 1.79 cores per 100k msg/s (produce+consume)
[final] offered=327773 achieved=327773 shed=0 (msgs: offered=32777300 achieved=32777300 shed=0) pushErr=0 | pushed=32777300 popped=32517300 lag=260000 | popErr=0 empty=514 | overall p50=11.71 p99=57.09 p999=89.60 ms | acked=32517300 ackErr=0 ackLag=260000 ackAvg=17.22ms | e2e p50=33.02 p99=189.44 p999=254.98 ms
load_cpu=178.6%
