kload tag=1x200-600k-p6 loader=6/9 mode=batch rate=66666 msg/s batch=100 batch-max=0 max-inflight=5000 ramp=10s duration=1m10s report=10s drain=0s GOMAXPROCS=16 GOGC=400 seed=1790753494430284412
  offered: 66666 msg/s = 666.7 units/s (avg 100.0 msgs/unit) across 14 pacer workers (47.62 units/s each)
  topics: 1 x 200 partitions (k1x200-600k..k1x200-600k), entities/topic=0 (explicit partition) | picker: topics=rr entities: rr over space=200 starting at 133
  payload: goload jsonEvent target 256 B, avg 289.5 B raw, ~320 B stamped ({"ts":µs,"src":6,...}), pool 64x100
  consumers: 22 here (ci 132..153 of 198), poll=1000 proc-us=0 ack=async ack-inflight=256 local-src=[6 7 8]
  kafka: brokers=10.114.0.2:9092,10.114.0.3:9092,10.114.0.4:9092 rf=3 min-isr=2 producers=4 linger=5ms compression=lz4 acks=all idempotent batch-max-bytes=1048576 | consumers: protocol=consumer fetch-max-wait=500ms fetch-min-bytes=1 fetch-max-partition-bytes=1048576 session=45s
  [topic] READY after 0.0s: 1 topics x 200 partitions, leaders + full ISR
  [config] broker.compression.type = producer (STATIC_BROKER_CONFIG)
  [config] broker.default.replication.factor = 3 (STATIC_BROKER_CONFIG)
  [config] broker.group.consumer.assignors = uniform,range (DEFAULT_CONFIG)
  [config] broker.group.coordinator.rebalance.protocols = classic,consumer,streams (DEFAULT_CONFIG)
  [config] broker.group.initial.rebalance.delay.ms = 3000 (DEFAULT_CONFIG)
  [config] broker.log.flush.interval.messages = 9223372036854775807 (DEFAULT_CONFIG)
  [config] broker.log.flush.interval.ms = <nil> (DEFAULT_CONFIG)
  [config] broker.max.incremental.fetch.session.cache.slots = 4000 (STATIC_BROKER_CONFIG)
  [config] broker.min.insync.replicas = 2 (DYNAMIC_DEFAULT_BROKER_CONFIG)
  [config] broker.num.io.threads = 16 (STATIC_BROKER_CONFIG)
  [config] broker.num.network.threads = 8 (STATIC_BROKER_CONFIG)
  [config] broker.num.replica.fetchers = 4 (STATIC_BROKER_CONFIG)
  [config] topic.compression.type = producer (STATIC_BROKER_CONFIG)
  [config] topic.flush.messages = 9223372036854775807 (DEFAULT_CONFIG)
  [config] topic.flush.ms = 9223372036854775807 (DEFAULT_CONFIG)
  [config] topic.max.message.bytes = 1048588 (DEFAULT_CONFIG)
  [config] topic.message.timestamp.type = CreateTime (DEFAULT_CONFIG)
  [config] topic.min.insync.replicas = 2 (DYNAMIC_TOPIC_CONFIG)
  [config] topic.retention.ms = 600000 (DYNAMIC_TOPIC_CONFIG)
  [config] topic.segment.bytes = 268435456 (DYNAMIC_TOPIC_CONFIG)
  [config] topic.unclean.leader.election.enable = false (STATIC_BROKER_CONFIG)
  [group] 22 consumers in 1 groups (k1x200-600k-g-t0 ... ), protocol consumer
  [group] t=+0.0s waiting: k1x200-600k-g-t0: local members 22/198 hold 0/200 partitions (group-wide ? members=0 assigned=0)
  [group] t=+2.0s waiting: k1x200-600k-g-t0: local members 22/198 hold 0/200 partitions (group-wide Assigning members=198 assigned=200)
  [group] t=+4.0s waiting: k1x200-600k-g-t0: local members 22/198 hold 0/200 partitions (group-wide Assigning members=198 assigned=200)
  [group] t=+6.0s waiting: k1x200-600k-g-t0: local members 22/198 hold 0/200 partitions (group-wide Reconciling members=198 assigned=2)
  [group] t=+8.0s waiting: k1x200-600k-g-t0: local members 22/198 hold 0/200 partitions (group-wide Reconciling members=198 assigned=2)
  [group] t=+10.1s waiting: k1x200-600k-g-t0: local members 22/198 hold 0/200 partitions (group-wide Reconciling members=198 assigned=2)
  [group] t=+12.1s waiting: k1x200-600k-g-t0: local members 22/198 hold 22/200 partitions (group-wide Stable members=198 assigned=200)
  [group] STABLE after 14.1s: 1 groups, 22 local members holding 22 partitions, assignEv=44 revokeEv=0 lostEv=0
  [produce] 4 clients connected to every broker with producer IDs in 0.29s; max buffered 501024 records per client
READY 1790753511503
[start] waiting 4.322s for the common start 1790753520747
[start] GO 07:32:00.747 (unix ms 1790753520747)
[07:32:10] offered=    33342/s achieved=    33272/s shed=        0/s inflight=     7 | p50=   8.10 p99=   18.56 p999=   75.26 ms | push=332700 pop=329800 lag=2900 | errs push=0 pop=0 empty=0 gor=234 | ack=    32982/s ackErr=0 ackAvg=2.74ms | e2e p50=8.38 p99=21.89 p999=76.29 n=329800 | e2e_local p50=8.10 p99=17.54 n=109500
[07:32:20] offered=    66652/s achieved=    66672/s shed=        0/s inflight=     4 | p50=   7.71 p99=    9.41 p999=   10.94 ms | push=999400 pop=989800 lag=9600 | errs push=0 pop=0 empty=0 gor=233 | ack=    65992/s ackErr=0 ackAvg=2.29ms | e2e p50=8.03 p99=10.18 p999=11.71 n=660000 | e2e_local p50=7.84 p99=9.54 n=220400
[07:32:30] offered=    66650/s achieved=    66670/s shed=        0/s inflight=     4 | p50=   7.78 p99=   18.05 p999=   90.62 ms | push=1666100 pop=1649600 lag=16500 | errs push=0 pop=0 empty=0 gor=230 | ack=    65990/s ackErr=0 ackAvg=2.25ms | e2e p50=8.03 p99=17.02 p999=75.26 n=659800 | e2e_local p50=7.84 p99=24.19 n=219400
[07:32:40] offered=    66687/s achieved=    66647/s shed=        0/s inflight=     5 | p50=   7.78 p99=    9.66 p999=   10.94 ms | push=2332600 pop=2309800 lag=22800 | errs push=0 pop=0 empty=0 gor=230 | ack=    66007/s ackErr=0 ackAvg=2.20ms | e2e p50=8.03 p99=10.18 p999=11.58 n=660200 | e2e_local p50=7.84 p99=9.79 n=220200
[07:32:50] offered=    66670/s achieved=    66670/s shed=        0/s inflight=     7 | p50=   7.84 p99=   26.24 p999=   63.74 ms | push=2999300 pop=2969800 lag=29500 | errs push=0 pop=0 empty=0 gor=237 | ack=    66000/s ackErr=0 ackAvg=2.34ms | e2e p50=8.10 p99=24.19 p999=60.67 n=660000 | e2e_local p50=7.90 p99=24.19 n=220300
[07:33:00] offered=    66665/s achieved=    66695/s shed=        0/s inflight=     4 | p50=   7.84 p99=    9.66 p999=   22.40 ms | push=3666200 pop=3629800 lag=36400 | errs push=0 pop=0 empty=0 gor=233 | ack=    66015/s ackErr=0 ackAvg=2.31ms | e2e p50=8.10 p99=10.30 p999=13.63 n=660000 | e2e_local p50=7.84 p99=9.92 n=219600
[07:33:10] offered=    66656/s achieved=    66656/s shed=        0/s inflight=     4 | p50=   7.84 p99=   26.50 p999=   46.34 ms | push=4332800 pop=4289800 lag=43000 | errs push=0 pop=0 empty=0 gor=218 | ack=    65996/s ackErr=0 ackAvg=2.30ms | e2e p50=8.10 p99=25.73 p999=50.43 n=660000 | e2e_local p50=7.90 p99=28.03 n=220100
[info] steady window 60s (after the ramp, before the producers stopped): offered 66663/s pushed 66668/s popped 66000/s cpu 55.0% = 0.82 cores per 100k msg/s (produce+consume)
[final] offered=43332 achieved=43332 shed=0 (msgs: offered=4333200 achieved=4333200 shed=0) pushErr=0 | pushed=4333200 popped=4289900 lag=43300 | popErr=0 empty=0 | overall p50=7.84 p99=13.12 p999=52.48 ms | acked=4289900 ackErr=0 ackLag=43300 ackAvg=2.30ms | e2e p50=8.10 p99=13.12 p999=55.55 ms
load_cpu=39.1%
