kload tag=1x200-600k-p7 loader=7/9 mode=batch rate=66666 msg/s batch=100 batch-max=0 max-inflight=5000 ramp=10s duration=1m10s report=10s drain=0s GOMAXPROCS=16 GOGC=400 seed=1790753494418285806
  offered: 66666 msg/s = 666.7 units/s (avg 100.0 msgs/unit) across 14 pacer workers (47.62 units/s each)
  topics: 1 x 200 partitions (k1x200-600k..k1x200-600k), entities/topic=0 (explicit partition) | picker: topics=rr entities: rr over space=200 starting at 155
  payload: goload jsonEvent target 256 B, avg 289.5 B raw, ~320 B stamped ({"ts":µs,"src":7,...}), pool 64x100
  consumers: 22 here (ci 154..175 of 198), poll=1000 proc-us=0 ack=async ack-inflight=256 local-src=[6 7 8]
  kafka: brokers=10.114.0.2:9092,10.114.0.3:9092,10.114.0.4:9092 rf=3 min-isr=2 producers=4 linger=5ms compression=lz4 acks=all idempotent batch-max-bytes=1048576 | consumers: protocol=consumer fetch-max-wait=500ms fetch-min-bytes=1 fetch-max-partition-bytes=1048576 session=45s
  [topic] READY after 0.0s: 1 topics x 200 partitions, leaders + full ISR
  [config] broker.compression.type = producer (STATIC_BROKER_CONFIG)
  [config] broker.default.replication.factor = 3 (STATIC_BROKER_CONFIG)
  [config] broker.group.consumer.assignors = uniform,range (DEFAULT_CONFIG)
  [config] broker.group.coordinator.rebalance.protocols = classic,consumer,streams (DEFAULT_CONFIG)
  [config] broker.group.initial.rebalance.delay.ms = 3000 (DEFAULT_CONFIG)
  [config] broker.log.flush.interval.messages = 9223372036854775807 (DEFAULT_CONFIG)
  [config] broker.log.flush.interval.ms = <nil> (DEFAULT_CONFIG)
  [config] broker.max.incremental.fetch.session.cache.slots = 4000 (STATIC_BROKER_CONFIG)
  [config] broker.min.insync.replicas = 2 (DYNAMIC_DEFAULT_BROKER_CONFIG)
  [config] broker.num.io.threads = 16 (STATIC_BROKER_CONFIG)
  [config] broker.num.network.threads = 8 (STATIC_BROKER_CONFIG)
  [config] broker.num.replica.fetchers = 4 (STATIC_BROKER_CONFIG)
  [config] topic.compression.type = producer (STATIC_BROKER_CONFIG)
  [config] topic.flush.messages = 9223372036854775807 (DEFAULT_CONFIG)
  [config] topic.flush.ms = 9223372036854775807 (DEFAULT_CONFIG)
  [config] topic.max.message.bytes = 1048588 (DEFAULT_CONFIG)
  [config] topic.message.timestamp.type = CreateTime (DEFAULT_CONFIG)
  [config] topic.min.insync.replicas = 2 (DYNAMIC_TOPIC_CONFIG)
  [config] topic.retention.ms = 600000 (DYNAMIC_TOPIC_CONFIG)
  [config] topic.segment.bytes = 268435456 (DYNAMIC_TOPIC_CONFIG)
  [config] topic.unclean.leader.election.enable = false (STATIC_BROKER_CONFIG)
  [group] 22 consumers in 1 groups (k1x200-600k-g-t0 ... ), protocol consumer
  [group] t=+0.0s waiting: k1x200-600k-g-t0: local members 22/198 hold 0/200 partitions (group-wide ? members=0 assigned=0)
  [group] t=+2.0s waiting: k1x200-600k-g-t0: local members 22/198 hold 0/200 partitions (group-wide Assigning members=198 assigned=200)
  [group] t=+4.0s waiting: k1x200-600k-g-t0: local members 22/198 hold 0/200 partitions (group-wide Assigning members=198 assigned=200)
  [group] t=+6.0s waiting: k1x200-600k-g-t0: local members 22/198 hold 0/200 partitions (group-wide Reconciling members=198 assigned=2)
  [group] t=+8.0s waiting: k1x200-600k-g-t0: local members 22/198 hold 0/200 partitions (group-wide Reconciling members=198 assigned=2)
  [group] t=+10.1s waiting: k1x200-600k-g-t0: local members 22/198 hold 0/200 partitions (group-wide Reconciling members=198 assigned=2)
  [group] t=+12.1s waiting: k1x200-600k-g-t0: local members 22/198 hold 23/200 partitions (group-wide Stable members=198 assigned=200)
  [group] STABLE after 14.1s: 1 groups, 22 local members holding 23 partitions, assignEv=44 revokeEv=0 lostEv=0
  [produce] 4 clients connected to every broker with producer IDs in 0.30s; max buffered 501024 records per client
READY 1790753511517
[start] waiting 4.312s for the common start 1790753520747
[start] GO 07:32:00.747 (unix ms 1790753520747)
[07:32:10] offered=    33320/s achieved=    33290/s shed=        0/s inflight=     2 | p50=   8.10 p99=   18.56 p999=   77.31 ms | push=332900 pop=344084 lag=-11184 | errs push=0 pop=0 empty=0 gor=232 | ack=    34408/s ackErr=0 ackAvg=2.72ms | e2e p50=8.38 p99=17.02 p999=75.26 n=344084 | e2e_local p50=8.16 p99=16.51 n=114184
[07:32:20] offered=    66655/s achieved=    66655/s shed=        0/s inflight=     3 | p50=   7.78 p99=    9.54 p999=   11.46 ms | push=999400 pop=1033900 lag=-34500 | errs push=0 pop=0 empty=0 gor=237 | ack=    68977/s ackErr=0 ackAvg=2.31ms | e2e p50=8.03 p99=10.18 p999=12.61 n=689816 | e2e_local p50=7.84 p99=9.54 n=230516
[07:32:30] offered=    66646/s achieved=    66656/s shed=        0/s inflight=     4 | p50=   7.78 p99=   18.56 p999=   87.55 ms | push=1666000 pop=1724200 lag=-58200 | errs push=0 pop=0 empty=0 gor=239 | ack=    69006/s ackErr=0 ackAvg=2.27ms | e2e p50=8.10 p99=15.04 p999=80.38 n=690300 | e2e_local p50=7.84 p99=16.51 n=229700
[07:32:40] offered=    66683/s achieved=    66653/s shed=        0/s inflight=     5 | p50=   7.78 p99=    9.54 p999=   10.82 ms | push=2332500 pop=2414000 lag=-81500 | errs push=0 pop=0 empty=0 gor=241 | ack=    68983/s ackErr=0 ackAvg=2.22ms | e2e p50=8.10 p99=10.18 p999=11.71 n=689800 | e2e_local p50=7.84 p99=9.66 n=229700
[07:32:50] offered=    66697/s achieved=    66657/s shed=        0/s inflight=     8 | p50=   7.90 p99=   25.22 p999=   60.67 ms | push=2999100 pop=3104300 lag=-105200 | errs push=0 pop=0 empty=0 gor=239 | ack=    69037/s ackErr=0 ackAvg=2.35ms | e2e p50=8.16 p99=29.06 p999=70.14 n=690300 | e2e_local p50=7.90 p99=23.94 n=230700
[07:33:00] offered=    66663/s achieved=    66663/s shed=        0/s inflight=     9 | p50=   7.90 p99=    9.79 p999=   14.66 ms | push=3665700 pop=3794000 lag=-128300 | errs push=0 pop=0 empty=0 gor=242 | ack=    68973/s ackErr=0 ackAvg=2.32ms | e2e p50=8.16 p99=10.43 p999=23.17 n=689700 | e2e_local p50=7.90 p99=9.79 n=229500
[07:33:10] offered=    66640/s achieved=    66710/s shed=        0/s inflight=     2 | p50=   7.90 p99=   27.01 p999=   51.97 ms | push=4332800 pop=4483900 lag=-151100 | errs push=0 pop=0 empty=0 gor=227 | ack=    68990/s ackErr=0 ackAvg=2.31ms | e2e p50=8.16 p99=26.24 p999=47.87 n=690000 | e2e_local p50=7.90 p99=23.94 n=229800
[info] steady window 60s (after the ramp, before the producers stopped): offered 66664/s pushed 66666/s popped 68998/s cpu 56.6% = 0.85 cores per 100k msg/s (produce+consume)
[final] offered=43330 achieved=43330 shed=0 (msgs: offered=4333000 achieved=4333000 shed=0) pushErr=0 | pushed=4333000 popped=4484700 lag=-151700 | popErr=0 empty=0 | overall p50=7.84 p99=13.25 p999=54.02 ms | acked=4484700 ackErr=0 ackLag=-151700 ackAvg=2.31ms | e2e p50=8.10 p99=12.99 p999=51.97 ms
load_cpu=40.2%
