WARN max-pending 100000 per partition producer would preallocate 2542 MB over 1111 partitions (24 B/slot); using 2516 (-pending-budget-mb 64)
pload tag=1x10000-t10-9k-v120-p5 loader=5/9 mode=batch rate=1000 msg/s batch=10 batch-max=0 max-inflight=5000 ramp=10s duration=1m10s report=10s drain=1m0s GOMAXPROCS=16 GOGC=400 seed=1790888920094532899
  offered: 1000 msg/s = 100.0 units/s (avg 10.0 msgs/unit) across 3 pacer workers (33.33 units/s each)
  topics: 1 x 10000 partitions (x1x10000-t10-9k-v120..x1x10000-t10-9k-v120), entities/topic=0 (explicit partition) | picker: topics=rr entities: rr over space=1111 starting at 0 [producer shard 5/9: partitions p % 9 == 5, entity j -> partition 5 + j*9]
  payload: goload jsonEvent target 256 B, avg 289.7 B raw, ~320 B stamped ({"ts":µs,"src":5,...}), pool 64x10
  consumers: 33 here (ci 165..197 of 297), poll=1000 proc-us=0 ack=async ack-inflight=256 local-src=[3 4 5]
  pulsar: url=pulsar://10.114.0.2:6650,10.114.0.3:6650,10.114.0.4:6650 admin=http://10.114.0.2:8080 ns=bench/ns sub=sub type=failover compression=lz4 batch=5ms/10 msgs/131072 B max-pending=2516/partition mem-limit=64 MB receiver-queue=1000 ack-group=100ms conns/broker=1 | feeder batches capped at -txn-size messages (whole entries per transaction) | txn: x1x10000-t10-9k-v120-in -> 33 workers (own client + TC each, NewTransaction timeout 10s, send+AckWithTxn on whole entries, txn-size 10, linger 1s) -> x1x10000-t10-9k-v120-out, 33 readers
  [admin] 2 topics with 10000 partitions and subscription "sub" exist (checked in 0.0s)
  [txn] 33 workers (ci 165..197 of 297, 0 idle): each its own client + TC, a failover consumer on its partitions of x1x10000-t10-9k-v120-in, 1122 producers on x1x10000-t10-9k-v120-out in all; txn-size 10, linger 1s, txn-timeout 10s; ready in 2.4s
  [consume] 33 consumers (ci 165..197 of 297), failover, partition slices (every partition exactly one consumer): 1122 partition registrations here, 10000 in total across all processes; idle 0 here, 0 in total; subscribed in 0.2s, settling 2s
  [produce] producer shard 5/9: 1111 partitions per topic (p % 9 == 5) x 1 topics, per-partition producers created lazily on first use
READY 1790888622892
[start] waiting 9.331s for the common start 1790888639158
[start] GO 21:03:59.158 (unix ms 1790888639158)
[21:04:09] offered=      499/s achieved=      497/s shed=        0/s inflight=     2 | p50=  17.54 p99=   24.96 p999=   26.75 ms | push=4970 pop=4950 lag=20 | errs push=0 pop=0 empty=0 gor=19667 | ack=      495/s ackErr=0 ackAvg=0.00ms | e2e p50=75.26 p99=96.77 p999=97.79 n=4950 | e2e_local p50=75.26 p99=97.79 n=1800
[txn] 21:04:09 txn=      50/s msgs=      495/s avg= 10.00 msg/txn | commit p50=58.62 p99=68.10 p999=71.17 ms | aborts=0 errs=0 open=0 | in=      495/s | total txns=495 msgs=4950 aborts=0 errs=0
[21:04:19] offered=     1001/s achieved=     1002/s shed=        0/s inflight=     1 | p50=  15.17 p99=   25.22 p999=   26.75 ms | push=14990 pop=15180 lag=-190 | errs push=0 pop=0 empty=0 gor=22645 | ack=     1023/s ackErr=0 ackAvg=0.00ms | e2e p50=72.19 p99=96.77 p999=99.84 n=10230 | e2e_local p50=72.19 p99=97.79 n=3720
[txn] 21:04:19 txn=     102/s msgs=     1023/s avg= 10.00 msg/txn | commit p50=56.58 p99=69.12 p999=71.17 ms | aborts=0 errs=0 open=0 | in=     1023/s | total txns=1518 msgs=15180 aborts=0 errs=0
[21:04:29] offered=      999/s achieved=     1000/s shed=        0/s inflight=     1 | p50=   4.83 p99=    9.41 p999=   10.05 ms | push=24990 pop=25080 lag=-90 | errs push=0 pop=0 empty=0 gor=22612 | ack=      990/s ackErr=0 ackAvg=0.00ms | e2e p50=28.80 p99=43.26 p999=59.65 n=9900 | e2e_local p50=28.54 p99=42.75 n=3600
[txn] 21:04:29 txn=      99/s msgs=      990/s avg= 10.00 msg/txn | commit p50=23.17 p99=42.24 p999=47.36 ms | aborts=0 errs=0 open=0 | in=      990/s | total txns=2508 msgs=25080 aborts=0 errs=0
[21:04:39] offered=     1000/s achieved=     1000/s shed=        0/s inflight=     0 | p50=   4.64 p99=    9.54 p999=   10.05 ms | push=34990 pop=35310 lag=-320 | errs push=0 pop=0 empty=0 gor=22645 | ack=     1023/s ackErr=0 ackAvg=0.00ms | e2e p50=28.54 p99=38.66 p999=44.29 n=10230 | e2e_local p50=29.06 p99=40.19 n=3720
[txn] 21:04:39 txn=     102/s msgs=     1023/s avg= 10.00 msg/txn | commit p50=23.17 p99=29.57 p999=33.54 ms | aborts=0 errs=0 open=0 | in=     1023/s | total txns=3531 msgs=35310 aborts=0 errs=0
[21:04:49] offered=     1000/s achieved=     1000/s shed=        0/s inflight=     0 | p50=   5.60 p99=    9.66 p999=   10.30 ms | push=44990 pop=45340 lag=-350 | errs push=0 pop=0 empty=0 gor=22647 | ack=     1003/s ackErr=0 ackAvg=0.00ms | e2e p50=29.06 p99=40.70 p999=57.09 n=10030 | e2e_local p50=29.31 p99=41.22 n=3650
[txn] 21:04:49 txn=     100/s msgs=     1005/s avg= 10.00 msg/txn | commit p50=23.68 p99=31.10 p999=32.38 ms | aborts=0 errs=0 open=15 | in=     1020/s | total txns=4536 msgs=45360 aborts=0 errs=0
[21:04:59] offered=     1000/s achieved=     1000/s shed=        0/s inflight=     1 | p50=   5.34 p99=    9.41 p999=   10.05 ms | push=54990 pop=55440 lag=-450 | errs push=0 pop=0 empty=0 gor=22617 | ack=     1010/s ackErr=0 ackAvg=0.00ms | e2e p50=28.80 p99=40.19 p999=44.29 n=10100 | e2e_local p50=29.06 p99=40.19 n=3670
[txn] 21:04:59 txn=     101/s msgs=     1008/s avg= 10.00 msg/txn | commit p50=22.91 p99=29.57 p999=31.87 ms | aborts=0 errs=0 open=0 | in=      993/s | total txns=5544 msgs=55440 aborts=0 errs=0
[drain] workers and readers keep going for up to 59.999s (ends early after 3s idle; lag now -390)
[21:05:09] offered=     1000/s achieved=     1000/s shed=        0/s inflight=     0 | p50=   4.58 p99=    9.54 p999=   10.18 ms | push=64990 pop=65380 lag=-390 | errs push=0 pop=0 empty=0 gor=22640 | ack=      994/s ackErr=0 ackAvg=0.00ms | e2e p50=28.80 p99=38.66 p999=42.75 n=9940 | e2e_local p50=28.80 p99=38.66 n=3620
[txn] 21:05:09 txn=      99/s msgs=      994/s avg= 10.00 msg/txn | commit p50=23.17 p99=30.34 p999=32.13 ms | aborts=0 errs=0 open=20 | in=     1014/s | total txns=6538 msgs=65380 aborts=0 errs=0
[drain] idle for 3s after 3.1s: ending the drain (lag -600)
[info] txn workers: 0 re-subscriptions after an abort, 0 messages held outside a transaction at the stop (left unacked)
[info] producers created: 1111 per-partition producers (shard), 0 creation errors, avg creation 11.7 ms
[info] steady window 60s (after the ramp, before the producers stopped): offered 1000/s pushed 1000/s popped 1007/s cpu 102.5% = 102.49 cores per 100k msg/s (produce+consume)
[final] offered=6499 achieved=6499 shed=0 (msgs: offered=64990 achieved=64990 shed=0) pushErr=0 | pushed=64990 popped=65590 lag=-600 | popErr=0 empty=0 | overall p50=5.47 p99=23.42 p999=25.73 ms | acked=65590 ackErr=0 ackLag=-600 ackAvg=0.00ms | e2e p50=29.82 p99=90.62 p999=98.82 ms
load_cpu=79.1%
[txn-final] txns=6559 msgs=65590 aborts=0 errs=0 in=65590 avg=10.00 msg/txn | commit p50=23.94 p99=66.05 p999=70.14 max=71.17 ms
[ids] ledger /root/bench/runs/txn/pulsar/1x10000-t10-9k-v120/ids/p5.ids: 64990 confirmed, 0 failed, 0 unanswered
