qload tag=1x200-t10-144k-w198-pw1-b100-p5 loader=5/9 mode=batch rate=16000 msg/s batch=100 batch-max=0 max-inflight=5000 ramp=10s duration=1m10s report=10s drain=1m0s GOMAXPROCS=16 GOGC=400 seed=1790884014954975606
  offered: 16000 msg/s = 160.0 units/s (avg 100.0 msgs/unit) across 4 pacer workers (40.00 units/s each)
  topics: 1 x 200 partitions (x1x200-t10-144k-w198-pw1-b100..x1x200-t10-144k-w198-pw1-b100), entities/topic=0 (explicit partition) | picker: topics=rr entities: rr over space=200 starting at 111
  payload: goload jsonEvent target 256 B, avg 289.6 B raw, ~320 B stamped ({"ts":µs,"src":5,...}), pool 64x100
  consumers: 22 here (ci 110..131 of 198), poll=1000 proc-us=0 ack=async ack-inflight=256 local-src=[3 4 5]
  queen: url=http://10.114.0.4:6632 (of 3) conns=2048 timeout=30s pop-width=1 pop-batch=1000 pop-timeout=2s lease=10s | configure: leaseTime=30 completedRetention=3600 dedup=0 retryLimit=1000000 | txn: x1x200-t10-144k-w198-pw1-b100-in -> workers (txn-size 10, linger 1s, one /transaction = acks with leases + pushes) -> x1x200-t10-144k-w198-pw1-b100-out, 22 read-committed readers
  [queen] http://10.114.0.4:6632 healthy: version 2.0.0-beta.2, this node follower
  [txn] 22 workers (ci 110..131 of 198): x1x200-t10-144k-w198-pw1-b100-in -> x1x200-t10-144k-w198-pw1-b100-out, txn-size 10, linger 1s, pop width 1, lease 10s
  [consume] 22 consumers of x1x200-t10-144k-w198-pw1-b100-out: pop width 1, batch 1000, long poll 2s, lease 10s, async batch acks (ack-inflight 256)
READY 1790884332926
[start] waiting 9.209s for the common start 1790884346448
[start] GO 19:52:26.448 (unix ms 1790884346448)
[19:52:36] offered=     8000/s achieved=     7980/s shed=        0/s inflight=     2 | p50=   6.88 p99=   14.66 p999=   15.94 ms | push=79800 pop=69540 lag=10260 | errs push=0 pop=0 empty=154 gor=198 | ack=     6949/s ackErr=0 ackAvg=8.51ms | e2e p50=97.79 p99=577.54 p999=643.07 n=69540 | e2e_local p50=98.82 p99=577.54 n=23260
[txn] 19:52:36 txn=     698/s msgs=     6978/s avg= 10.00 msg/txn | commit p50=7.01 p99=16.19 p999=18.30 ms | aborts=0 errs=0 open=15 | in=     6993/s | total txns=6978 msgs=69780 aborts=0 errs=0
[19:52:46] offered=    16001/s achieved=    16011/s shed=        0/s inflight=     1 | p50=   8.90 p99=   15.55 p999=   17.02 ms | push=239900 pop=172000 lag=67900 | errs push=0 pop=0 empty=154 gor=197 | ack=    10249/s ackErr=0 ackAvg=10.30ms | e2e p50=2244.61 p99=4112.38 p999=4227.07 n=102460 | e2e_local p50=2244.61 p99=4112.38 n=34950
[txn] 19:52:46 txn=    1021/s msgs=    10211/s avg= 10.00 msg/txn | commit p50=10.18 p99=18.56 p999=21.12 ms | aborts=0 errs=0 open=17 | in=    10213/s | total txns=17188 msgs=171880 aborts=0 errs=0
[19:52:56] offered=    16000/s achieved=    15990/s shed=        0/s inflight=     2 | p50=   9.02 p99=   16.51 p999=   19.07 ms | push=399800 pop=270630 lag=129170 | errs push=0 pop=0 empty=154 gor=208 | ack=     9853/s ackErr=0 ackAvg=10.87ms | e2e p50=5931.01 p99=7897.09 p999=8028.16 n=98630 | e2e_local p50=5931.01 p99=7897.09 n=32780
[txn] 19:52:56 txn=     987/s msgs=     9872/s avg= 10.00 msg/txn | commit p50=10.56 p99=19.33 p999=22.66 ms | aborts=0 errs=0 open=5 | in=     9860/s | total txns=27060 msgs=270600 aborts=0 errs=0
[19:53:06] offered=    16000/s achieved=    16000/s shed=        0/s inflight=     2 | p50=   9.15 p99=   16.32 p999=   18.82 ms | push=559800 pop=368340 lag=191460 | errs push=0 pop=0 empty=154 gor=210 | ack=     9769/s ackErr=0 ackAvg=11.15ms | e2e p50=9764.86 p99=11730.94 p999=11862.02 n=97710 | e2e_local p50=9764.86 p99=11730.94 n=32580
[txn] 19:53:06 txn=     982/s msgs=     9823/s avg= 10.00 msg/txn | commit p50=10.56 p99=19.07 p999=24.45 ms | aborts=0 errs=0 open=8 | in=     9826/s | total txns=36883 msgs=368830 aborts=0 errs=0
[19:53:16] offered=    16000/s achieved=    16010/s shed=        0/s inflight=     1 | p50=   9.15 p99=   16.51 p999=   20.10 ms | push=719900 pop=465760 lag=254140 | errs push=0 pop=0 empty=154 gor=203 | ack=     9751/s ackErr=0 ackAvg=11.34ms | e2e p50=13565.95 p99=15532.03 p999=15794.18 n=97430 | e2e_local p50=13565.95 p99=15532.03 n=33350
[txn] 19:53:16 txn=     975/s msgs=     9747/s avg= 10.00 msg/txn | commit p50=10.94 p99=19.07 p999=22.66 ms | aborts=0 errs=0 open=22 | in=     9761/s | total txns=46630 msgs=466300 aborts=0 errs=0
[19:53:26] offered=    16000/s achieved=    15990/s shed=        0/s inflight=     2 | p50=   9.15 p99=   16.77 p999=   20.10 ms | push=879800 pop=562770 lag=317030 | errs push=0 pop=0 empty=154 gor=208 | ack=     9696/s ackErr=0 ackAvg=11.45ms | e2e p50=17432.58 p99=19529.73 p999=19529.73 n=97000 | e2e_local p50=17432.58 p99=19529.73 n=32110
[txn] 19:53:26 txn=     971/s msgs=     9712/s avg= 10.00 msg/txn | commit p50=10.69 p99=20.10 p999=31.36 ms | aborts=0 errs=0 open=5 | in=     9695/s | total txns=56342 msgs=563420 aborts=0 errs=0
[19:53:36] offered=    15999/s achieved=    15999/s shed=        0/s inflight=     2 | p50=   9.28 p99=   15.94 p999=   18.82 ms | push=1039800 pop=659970 lag=379830 | errs push=0 pop=0 empty=154 gor=208 | ack=     9716/s ackErr=0 ackAvg=11.53ms | e2e p50=21102.59 p99=23461.89 p999=23461.89 n=97200 | e2e_local p50=21102.59 p99=23461.89 n=32090
[txn] 19:53:36 txn=     975/s msgs=     9750/s avg= 10.00 msg/txn | commit p50=10.69 p99=19.84 p999=24.70 ms | aborts=0 errs=0 open=11 | in=     9756/s | total txns=66092 msgs=660920 aborts=0 errs=0
[drain] workers and readers keep going for up to 59.988s (ends early after 3s idle; lag now 380000)
[19:53:46] offered=        0/s achieved=       20/s shed=        0/s inflight=     0 | p50=   9.92 p99=   14.66 p999=   14.66 ms | push=1040000 pop=778800 lag=261200 | errs push=0 pop=0 empty=154 gor=200 | ack=    11890/s ackErr=0 ackAvg=11.30ms | e2e p50=24510.46 p99=25821.18 p999=26083.33 n=118830 | e2e_local p50=24510.46 p99=25821.18 n=40580
[txn] 19:53:46 txn=    1193/s msgs=    11935/s avg= 10.00 msg/txn | commit p50=8.64 p99=18.56 p999=98.82 ms | aborts=0 errs=0 open=8 | in=    11932/s | total txns=78026 msgs=780260 aborts=0 errs=0
[19:53:56] offered=        0/s achieved=        0/s shed=        0/s inflight=     0 | p50=   0.00 p99=    0.00 p999=    0.00 ms | push=1040000 pop=899100 lag=140900 | errs push=0 pop=0 empty=154 gor=201 | ack=    12029/s ackErr=0 ackAvg=11.14ms | e2e p50=26869.76 p99=28442.62 p999=28704.77 n=120300 | e2e_local p50=26869.76 p99=28442.62 n=40390
[txn] 19:53:56 txn=    1196/s msgs=    11956/s avg= 10.00 msg/txn | commit p50=8.51 p99=16.77 p999=124.42 ms | aborts=0 errs=0 open=11 | in=    11959/s | total txns=89982 msgs=899820 aborts=0 errs=0
[19:54:06] offered=        0/s achieved=        0/s shed=        0/s inflight=     0 | p50=   0.00 p99=    0.00 p999=    0.00 ms | push=1040000 pop=1018130 lag=21870 | errs push=0 pop=0 empty=154 gor=204 | ack=    11899/s ackErr=0 ackAvg=10.99ms | e2e p50=29229.06 p99=30801.92 p999=31064.06 n=119030 | e2e_local p50=29229.06 p99=30801.92 n=39570
[txn] 19:54:06 txn=    1191/s msgs=    11907/s avg= 10.00 msg/txn | commit p50=8.51 p99=16.32 p999=130.56 ms | aborts=0 errs=0 open=15 | in=    11911/s | total txns=101890 msgs=1018900 aborts=0 errs=0
[drain] idle for 3s after 33.8s: ending the drain (lag 15630)
[info] steady window 60s (after the ramp, before the producers stopped): offered 16000/s pushed 16000/s popped 9841/s cpu 95.9% = 5.99 cores per 100k msg/s (produce+consume)
[final] offered=10400 achieved=10400 shed=0 (msgs: offered=1040000 achieved=1040000 shed=0) pushErr=0 | pushed=1040000 popped=1024370 lag=15630 | popErr=0 empty=197 | overall p50=9.02 p99=16.19 p999=18.82 ms | acked=1024370 ackErr=0 ackLag=15630 ackAvg=10.97ms | e2e p50=17170.43 p99=30539.78 p999=30801.92 ms
load_cpu=82.0%
[txn-final] txns=102526 msgs=1025260 aborts=0 errs=0 in=1025260 avg=10.00 msg/txn | commit p50=9.66 p99=18.82 p999=31.36 max=142.34 ms
[ids] ledger /root/bench/runs/txn/queen/1x200-t10-144k-w198-pw1-b100/ids/p5.ids: 1040000 confirmed, 0 failed, 0 unanswered
