[2026-07-17T19:44:31Z] recreate Postgres (soak/April tuning, max_wal_size=96GB)
[2026-07-17T19:44:40Z] queue soaklong26590 retention: true comp=120
[2026-07-17T19:44:40Z] === Rust soak (fusion500, retParallel=8, completedRet=120s) :6671 bp-100 for 720s ===
  time  | push/s  pop/s | bCPU   pgCPU | msgsTbl  liveTup   deadTup commits/s
  1m0s  | 114590 114880 | 115.39% 1309.37% |    4737         0   6791748 438
  1m30s | 114153 114063 | 94.64% 1287.11% |    7089         0  10221474 433
  2m0s  | 111313 111810 | 116.03% 1339.21% |    9387         0  13652565 389
  2m30s | 113850 113397 | 131.84% 1295.00% |      11         0  17008686 447
  3m0s  | 112217 112543 | 103.67% 1290.83% |      14         0  20375262 431
  3m30s | 113133 112817 | 124.75% 1285.44% |      16         0  23799823 447
  4m0s  | 107717 107630 | 119.02% 934.94% |      18         0  26939221 390
  4m30s | 112157 111967 | 134.25% 1313.34% |      20         0  30362083 491
  5m0s  | 110110 110863 | 91.76% 1409.37% |      23         0  33711757 487
  5m30s | 111897 111697 | 121.30% 1265.95% |      25         0  37008367 522
  6m0s  | 107657 106420 | 138.62% 1318.89% |      27         0  40234858 450
  6m30s | 109390 110523 | 107.38% 1370.39% |      29         0  43539456 408
  7m0s  | 107690 107363 | 102.15% 1256.21% |      31         0  46728057 419
  7m30s | 108000 108690 | 90.66% 1237.32% |      34         0  49978912 485
  8m0s  | 111680 111330 | 119.05% 1457.19% |      36         0  53367925 510
  8m30s | 109403 108407 | 126.18% 1277.29% |      38         0  56616730 543
  9m0s  | 109740 111007 | 116.31% 1488.81% |      40         0  59911574 484
  9m30s | 111630 111370 | 108.77% 1279.23% |      42         0  63239326 520
  10m0s | 109813 109417 | 119.87% 1391.69% |      45         0  66549466 391
  10m30s | 110490 111003 | 112.28% 1341.79% |      47         0  69464236 470
  11m0s |  73213  72370 |  0.13%   6.67% |      48         0  71404355 309
  11m30s |      0      0 |  0.14%   2.56% |      48         0  71404355 13
  12m0s |      0      0 |  0.11%   3.20% |      48         0  71404355 27
[2026-07-17T19:58:01Z] final load: [final] pushed=71830100 popped=71781860 pushErr=0 popErr=0 emptyPops=101
[2026-07-17T19:58:01Z] final msgs table: 48 GB live=71404355
[2026-07-17T19:58:02Z] ###### soaklong done ######
