qload tag= loader=0/1 mode=batch rate=20000 msg/s batch=1 batch-max=0 max-inflight=5000 ramp=5s duration=5m0s report=10s drain=0s GOMAXPROCS=10 GOGC=400(default) seed=1791592199442721966
  offered: 20000 msg/s = 20000.0 units/s (avg 1.0 msgs/unit) across 64 pacer workers (312.50 units/s each)
  topics: 1 x 2000 partitions (ram..ram), entities/topic=0 (explicit partition) | picker: topics=rr entities: rr over space=2000 starting at 0
  payload: goload jsonEvent target 256 B, avg 289.2 B raw, ~319 B stamped ({"ts":µs,"src":0,...}), pool 64x1
  consumers: 0 here (ci 0..-1 of 0), poll=1000 proc-us=0 ack=async ack-inflight=256 local-src=[0]
  queen: url=http://127.0.0.1:6632 (of 1) conns=2048 timeout=30s pop-width=10 pop-batch=1000 pop-timeout=2s lease=30s | configure: leaseTime=30 completedRetention=3600 dedup=0 retryLimit=1000000 | plain: consumers pop+ack the queue
  [queen] http://127.0.0.1:6632 healthy: version 2.1.0, this node leader
READY 1791592522677
[start] GO 00:35:22.677 (unix ms 1791592522677)
[00:35:32] offered=    14999/s achieved=    14984/s shed=        0/s inflight=   153 | p50=   1.75 p99=   18.56 p999=   29.06 ms | push=149863 pop=0 lag=149863 | errs push=0 pop=0 empty=0 gor=1354 | ack=        0/s ackErr=0 ackAvg=0.00ms | e2e p50=0.00 p99=0.00 p999=0.00 n=0 | e2e_local p50=0.00 p99=0.00 n=0
[00:35:42] offered=    20000/s achieved=    20012/s shed=        0/s inflight=    24 | p50=   1.74 p99=   20.35 p999=   32.64 ms | push=349968 pop=0 lag=349968 | errs push=0 pop=0 empty=0 gor=1563 | ack=        0/s ackErr=0 ackAvg=0.00ms | e2e p50=0.00 p99=0.00 p999=0.00 n=0 | e2e_local p50=0.00 p99=0.00 n=0
[00:35:52] offered=    20001/s achieved=    20000/s shed=        0/s inflight=    37 | p50=   1.75 p99=   22.14 p999=   44.29 ms | push=549956 pop=0 lag=549956 | errs push=0 pop=0 empty=0 gor=2042 | ack=        0/s ackErr=0 ackAvg=0.00ms | e2e p50=0.00 p99=0.00 p999=0.00 n=0 | e2e_local p50=0.00 p99=0.00 n=0
[00:36:02] offered=    20001/s achieved=    19995/s shed=        0/s inflight=    84 | p50=   1.80 p99=   21.63 p999=   36.10 ms | push=749917 pop=0 lag=749917 | errs push=0 pop=0 empty=0 gor=2089 | ack=        0/s ackErr=0 ackAvg=0.00ms | e2e p50=0.00 p99=0.00 p999=0.00 n=0 | e2e_local p50=0.00 p99=0.00 n=0
[00:36:12] offered=    19999/s achieved=    20005/s shed=        0/s inflight=    25 | p50=   1.88 p99=   21.38 p999=   29.31 ms | push=949966 pop=0 lag=949966 | errs push=0 pop=0 empty=0 gor=2030 | ack=        0/s ackErr=0 ackAvg=0.00ms | e2e p50=0.00 p99=0.00 p999=0.00 n=0 | e2e_local p50=0.00 p99=0.00 n=0
[00:36:22] offered=    19999/s achieved=    19994/s shed=        0/s inflight=    80 | p50=   1.93 p99=   32.38 p999=   69.12 ms | push=1149898 pop=0 lag=1149898 | errs push=0 pop=0 empty=0 gor=2995 | ack=        0/s ackErr=0 ackAvg=0.00ms | e2e p50=0.00 p99=0.00 p999=0.00 n=0 | e2e_local p50=0.00 p99=0.00 n=0
[00:36:32] offered=    20001/s achieved=    20004/s shed=        0/s inflight=    46 | p50=   1.85 p99=   31.10 p999=   49.41 ms | push=1349940 pop=0 lag=1349940 | errs push=0 pop=0 empty=0 gor=2959 | ack=        0/s ackErr=0 ackAvg=0.00ms | e2e p50=0.00 p99=0.00 p999=0.00 n=0 | e2e_local p50=0.00 p99=0.00 n=0
[00:36:42] offered=    19998/s achieved=    20001/s shed=        0/s inflight=    26 | p50=   1.83 p99=   37.63 p999=   51.97 ms | push=1549954 pop=0 lag=1549954 | errs push=0 pop=0 empty=0 gor=2940 | ack=        0/s ackErr=0 ackAvg=0.00ms | e2e p50=0.00 p99=0.00 p999=0.00 n=0 | e2e_local p50=0.00 p99=0.00 n=0
[00:36:52] offered=    20002/s achieved=    20001/s shed=        0/s inflight=    31 | p50=   1.85 p99=   25.47 p999=   34.56 ms | push=1749955 pop=0 lag=1749955 | errs push=0 pop=0 empty=0 gor=2944 | ack=        0/s ackErr=0 ackAvg=0.00ms | e2e p50=0.00 p99=0.00 p999=0.00 n=0 | e2e_local p50=0.00 p99=0.00 n=0
[00:37:02] offered=    20000/s achieved=    19999/s shed=        0/s inflight=    46 | p50=   1.82 p99=   36.61 p999=   44.80 ms | push=1949954 pop=0 lag=1949954 | errs push=0 pop=0 empty=0 gor=2959 | ack=        0/s ackErr=0 ackAvg=0.00ms | e2e p50=0.00 p99=0.00 p999=0.00 n=0 | e2e_local p50=0.00 p99=0.00 n=0
[00:37:12] offered=    20000/s achieved=    20001/s shed=        0/s inflight=    24 | p50=   1.82 p99=   36.61 p999=   52.99 ms | push=2149959 pop=0 lag=2149959 | errs push=0 pop=0 empty=0 gor=2937 | ack=        0/s ackErr=0 ackAvg=0.00ms | e2e p50=0.00 p99=0.00 p999=0.00 n=0 | e2e_local p50=0.00 p99=0.00 n=0
[00:37:22] offered=    19998/s achieved=    20000/s shed=        0/s inflight=    19 | p50=   1.83 p99=   41.22 p999=   64.77 ms | push=2349966 pop=0 lag=2349966 | errs push=0 pop=0 empty=0 gor=2954 | ack=        0/s ackErr=0 ackAvg=0.00ms | e2e p50=0.00 p99=0.00 p999=0.00 n=0 | e2e_local p50=0.00 p99=0.00 n=0
[00:37:32] offered=    20001/s achieved=    20000/s shed=        0/s inflight=    43 | p50=   1.85 p99=   42.24 p999=   51.97 ms | push=2549966 pop=0 lag=2549966 | errs push=0 pop=0 empty=0 gor=2978 | ack=        0/s ackErr=0 ackAvg=0.00ms | e2e p50=0.00 p99=0.00 p999=0.00 n=0 | e2e_local p50=0.00 p99=0.00 n=0
[00:37:42] offered=    20000/s achieved=    20001/s shed=        0/s inflight=    24 | p50=   1.93 p99=   39.17 p999=   49.92 ms | push=2749965 pop=0 lag=2749965 | errs push=0 pop=0 empty=0 gor=2959 | ack=        0/s ackErr=0 ackAvg=0.00ms | e2e p50=0.00 p99=0.00 p999=0.00 n=0 | e2e_local p50=0.00 p99=0.00 n=0
[00:37:52] offered=    20000/s achieved=    20000/s shed=        0/s inflight=    21 | p50=   1.83 p99=   36.10 p999=   44.80 ms | push=2949971 pop=0 lag=2949971 | errs push=0 pop=0 empty=0 gor=2957 | ack=        0/s ackErr=0 ackAvg=0.00ms | e2e p50=0.00 p99=0.00 p999=0.00 n=0 | e2e_local p50=0.00 p99=0.00 n=0
[00:38:02] offered=    20000/s achieved=    19999/s shed=        0/s inflight=    36 | p50=   1.82 p99=   41.22 p999=   52.99 ms | push=3149967 pop=0 lag=3149967 | errs push=0 pop=0 empty=0 gor=2971 | ack=        0/s ackErr=0 ackAvg=0.00ms | e2e p50=0.00 p99=0.00 p999=0.00 n=0 | e2e_local p50=0.00 p99=0.00 n=0
[00:38:12] offered=    20000/s achieved=    20000/s shed=        0/s inflight=    27 | p50=   1.83 p99=   37.63 p999=   52.48 ms | push=3349964 pop=0 lag=3349964 | errs push=0 pop=0 empty=0 gor=2962 | ack=        0/s ackErr=0 ackAvg=0.00ms | e2e p50=0.00 p99=0.00 p999=0.00 n=0 | e2e_local p50=0.00 p99=0.00 n=0
[00:38:22] offered=    19999/s achieved=    19997/s shed=        0/s inflight=    41 | p50=   1.83 p99=   30.08 p999=   41.73 ms | push=3549944 pop=0 lag=3549944 | errs push=0 pop=0 empty=0 gor=2976 | ack=        0/s ackErr=0 ackAvg=0.00ms | e2e p50=0.00 p99=0.00 p999=0.00 n=0 | e2e_local p50=0.00 p99=0.00 n=0
[00:38:32] offered=    20001/s achieved=    20003/s shed=        0/s inflight=    17 | p50=   1.94 p99=   76.29 p999=  148.48 ms | push=3749970 pop=0 lag=3749970 | errs push=0 pop=0 empty=0 gor=4182 | ack=        0/s ackErr=0 ackAvg=0.00ms | e2e p50=0.00 p99=0.00 p999=0.00 n=0 | e2e_local p50=0.00 p99=0.00 n=0
[00:38:42] offered=    19999/s achieved=    20000/s shed=        0/s inflight=    16 | p50=   2.02 p99=   37.63 p999=   48.90 ms | push=3949972 pop=0 lag=3949972 | errs push=0 pop=0 empty=0 gor=4181 | ack=        0/s ackErr=0 ackAvg=0.00ms | e2e p50=0.00 p99=0.00 p999=0.00 n=0 | e2e_local p50=0.00 p99=0.00 n=0
[00:38:52] offered=    19998/s achieved=    19999/s shed=        0/s inflight=    17 | p50=   1.88 p99=   41.22 p999=   53.50 ms | push=4149967 pop=0 lag=4149967 | errs push=0 pop=0 empty=0 gor=4184 | ack=        0/s ackErr=0 ackAvg=0.00ms | e2e p50=0.00 p99=0.00 p999=0.00 n=0 | e2e_local p50=0.00 p99=0.00 n=0
[00:39:02] offered=    20002/s achieved=    20000/s shed=        0/s inflight=    35 | p50=   1.93 p99=   29.31 p999=   38.14 ms | push=4349954 pop=0 lag=4349954 | errs push=0 pop=0 empty=0 gor=4200 | ack=        0/s ackErr=0 ackAvg=0.00ms | e2e p50=0.00 p99=0.00 p999=0.00 n=0 | e2e_local p50=0.00 p99=0.00 n=0
[00:39:12] offered=    20000/s achieved=    20001/s shed=        0/s inflight=    26 | p50=   1.91 p99=   36.61 p999=   46.34 ms | push=4549964 pop=0 lag=4549964 | errs push=0 pop=0 empty=0 gor=4190 | ack=        0/s ackErr=0 ackAvg=0.00ms | e2e p50=0.00 p99=0.00 p999=0.00 n=0 | e2e_local p50=0.00 p99=0.00 n=0
[00:39:22] offered=    19999/s achieved=    19999/s shed=        0/s inflight=    26 | p50=   1.85 p99=   35.58 p999=   48.38 ms | push=4749957 pop=0 lag=4749957 | errs push=0 pop=0 empty=0 gor=4190 | ack=        0/s ackErr=0 ackAvg=0.00ms | e2e p50=0.00 p99=0.00 p999=0.00 n=0 | e2e_local p50=0.00 p99=0.00 n=0
[00:39:32] offered=    20000/s achieved=    20001/s shed=        0/s inflight=    17 | p50=   1.90 p99=   34.56 p999=   45.31 ms | push=4949969 pop=0 lag=4949969 | errs push=0 pop=0 empty=0 gor=4182 | ack=        0/s ackErr=0 ackAvg=0.00ms | e2e p50=0.00 p99=0.00 p999=0.00 n=0 | e2e_local p50=0.00 p99=0.00 n=0
[00:39:42] offered=    20001/s achieved=    19998/s shed=        0/s inflight=    39 | p50=   1.88 p99=   32.64 p999=   39.68 ms | push=5149954 pop=0 lag=5149954 | errs push=0 pop=0 empty=0 gor=4204 | ack=        0/s ackErr=0 ackAvg=0.00ms | e2e p50=0.00 p99=0.00 p999=0.00 n=0 | e2e_local p50=0.00 p99=0.00 n=0
[00:39:52] offered=    20000/s achieved=    20002/s shed=        0/s inflight=    20 | p50=   1.86 p99=   36.61 p999=   46.34 ms | push=5349967 pop=0 lag=5349967 | errs push=0 pop=0 empty=0 gor=4185 | ack=        0/s ackErr=0 ackAvg=0.00ms | e2e p50=0.00 p99=0.00 p999=0.00 n=0 | e2e_local p50=0.00 p99=0.00 n=0
[00:40:02] offered=    20000/s achieved=    20000/s shed=        0/s inflight=    21 | p50=   1.88 p99=   34.05 p999=   57.60 ms | push=5549967 pop=0 lag=5549967 | errs push=0 pop=0 empty=0 gor=2616 | ack=        0/s ackErr=0 ackAvg=0.00ms | e2e p50=0.00 p99=0.00 p999=0.00 n=0 | e2e_local p50=0.00 p99=0.00 n=0
[00:40:12] offered=    20000/s achieved=    19999/s shed=        0/s inflight=    26 | p50=   1.85 p99=   27.78 p999=   35.07 ms | push=5749966 pop=0 lag=5749966 | errs push=0 pop=0 empty=0 gor=2621 | ack=        0/s ackErr=0 ackAvg=0.00ms | e2e p50=0.00 p99=0.00 p999=0.00 n=0 | e2e_local p50=0.00 p99=0.00 n=0
[00:40:22] offered=    19999/s achieved=    19995/s shed=        0/s inflight=    60 | p50=   1.86 p99=   32.38 p999=   40.70 ms | push=5949933 pop=0 lag=5949933 | errs push=0 pop=0 empty=0 gor=2591 | ack=        0/s ackErr=0 ackAvg=0.00ms | e2e p50=0.00 p99=0.00 p999=0.00 n=0 | e2e_local p50=0.00 p99=0.00 n=0
[info] steady window 290s (after the ramp, before the producers stopped): offered 20000/s pushed 20000/s popped 0/s cpu 167.1% = 8.35 cores per 100k msg/s (produce+consume)
[final] offered=5949993 achieved=5949993 shed=0 (msgs: offered=5949993 achieved=5949993 shed=0) pushErr=0 | pushed=5949993 popped=0 lag=5949993 | popErr=0 empty=0 | overall p50=1.86 p99=34.56 p999=57.09 ms | acked=0 ackErr=0 ackLag=5949993 ackAvg=0.00ms | e2e p50=0.00 p99=0.00 p999=0.00 ms
load_cpu=165.8%
