WARN max-pending 100000 per partition producer would preallocate 228 MB over 100 partitions (24 B/slot); using 27962 (-pending-budget-mb 64)
pload tag=1x900-t10-144k-w900-p8 loader=8/9 mode=batch rate=16000 msg/s batch=10 batch-max=0 max-inflight=5000 ramp=10s duration=1m10s report=10s drain=1m0s GOMAXPROCS=16 GOGC=400 seed=1790883849966175467
  offered: 16000 msg/s = 1600.0 units/s (avg 10.0 msgs/unit) across 33 pacer workers (48.48 units/s each)
  topics: 1 x 900 partitions (x1x900-t10-144k-w900..x1x900-t10-144k-w900), entities/topic=0 (explicit partition) | picker: topics=rr entities: rr over space=100 starting at 0 [producer shard 8/9: partitions p % 9 == 8, entity j -> partition 8 + j*9]
  payload: goload jsonEvent target 256 B, avg 289.4 B raw, ~319 B stamped ({"ts":µs,"src":8,...}), pool 64x10
  consumers: 100 here (ci 800..899 of 900), poll=1000 proc-us=0 ack=async ack-inflight=256 local-src=[6 7 8]
  pulsar: url=pulsar://10.114.0.2:6650,10.114.0.3:6650,10.114.0.4:6650 admin=http://10.114.0.2:8080 ns=bench/ns sub=sub type=failover compression=lz4 batch=5ms/10 msgs/131072 B max-pending=27962/partition mem-limit=64 MB receiver-queue=1000 ack-group=100ms conns/broker=1 | feeder batches capped at -txn-size messages (whole entries per transaction) | txn: x1x900-t10-144k-w900-in -> 100 workers (own client + TC each, NewTransaction timeout 10s, send+AckWithTxn on whole entries, txn-size 10, linger 1s) -> x1x900-t10-144k-w900-out, 100 readers
  [admin] 2 topics with 900 partitions and subscription "sub" exist (checked in 0.0s)
  [txn] 100 workers (ci 800..899 of 900, 0 idle): each its own client + TC, a failover consumer on its partitions of x1x900-t10-144k-w900-in, 100 producers on x1x900-t10-144k-w900-out in all; txn-size 10, linger 1s, txn-timeout 10s; ready in 1.3s
  [consume] 100 consumers (ci 800..899 of 900), failover, partition slices (every partition exactly one consumer): 100 partition registrations here, 900 in total across all processes; idle 0 here, 0 in total; subscribed in 0.1s, settling 2s
  [produce] producer shard 8/9: 100 partitions per topic (p % 9 == 8) x 1 topics, per-partition producers created lazily on first use
READY 1790883545358
[start] waiting 9.272s for the common start 1790883577153
[start] GO 19:39:37.153 (unix ms 1790883577153)
[19:39:47] offered=     8001/s achieved=     7990/s shed=        0/s inflight=    14 | p50=   7.26 p99=   27.52 p999=   46.34 ms | push=79900 pop=77810 lag=2090 | errs push=0 pop=0 empty=0 gor=14177 | ack=     7781/s ackErr=0 ackAvg=0.00ms | e2e p50=75.26 p99=201.73 p999=230.40 n=77820 | e2e_local p50=77.31 p99=207.87 n=26430
[txn] 19:39:47 txn=     777/s msgs=     7768/s avg= 10.00 msg/txn | commit p50=47.36 p99=207.87 p999=232.45 ms | aborts=0 errs=0 open=100 | in=     7868/s | total txns=7768 msgs=77680 aborts=0 errs=0
[19:39:57] offered=    15999/s achieved=    15995/s shed=        0/s inflight=    14 | p50=   7.78 p99=   22.14 p999=   35.07 ms | push=239850 pop=235460 lag=4390 | errs push=0 pop=0 empty=0 gor=22062 | ack=    15765/s ackErr=0 ackAvg=0.00ms | e2e p50=118.27 p99=329.73 p999=370.69 n=157640 | e2e_local p50=126.46 p99=342.02 n=53510
[txn] 19:39:57 txn=    1576/s msgs=    15763/s avg= 10.00 msg/txn | commit p50=56.58 p99=121.34 p999=140.29 ms | aborts=0 errs=0 open=100 | in=    15763/s | total txns=23531 msgs=235310 aborts=0 errs=0
[19:40:07] offered=    16000/s achieved=    16003/s shed=        0/s inflight=    13 | p50=   8.16 p99=   25.22 p999=   37.63 ms | push=399880 pop=398420 lag=1460 | errs push=0 pop=0 empty=0 gor=22562 | ack=    16296/s ackErr=0 ackAvg=0.00ms | e2e p50=201.73 p99=749.57 p999=806.91 n=162960 | e2e_local p50=248.83 p99=765.95 n=55480
[txn] 19:40:07 txn=    1631/s msgs=    16308/s avg= 10.00 msg/txn | commit p50=51.97 p99=173.06 p999=232.45 ms | aborts=0 errs=0 open=66 | in=    16274/s | total txns=39839 msgs=398390 aborts=0 errs=0
[19:40:17] offered=    15998/s achieved=    15999/s shed=        0/s inflight=    11 | p50=   7.65 p99=   19.58 p999=   25.98 ms | push=559870 pop=557210 lag=2660 | errs push=0 pop=0 empty=0 gor=22172 | ack=    15879/s ackErr=0 ackAvg=0.00ms | e2e p50=119.30 p99=325.63 p999=346.11 n=158790 | e2e_local p50=129.54 p99=329.73 n=54000
[txn] 19:40:17 txn=    1585/s msgs=    15848/s avg= 10.00 msg/txn | commit p50=56.58 p99=128.51 p999=146.43 ms | aborts=0 errs=0 open=98 | in=    15880/s | total txns=55687 msgs=556870 aborts=0 errs=0
[19:40:27] offered=    15997/s achieved=    16003/s shed=        0/s inflight=     8 | p50=   8.03 p99=   21.89 p999=   31.10 ms | push=719900 pop=716660 lag=3240 | errs push=0 pop=0 empty=0 gor=22271 | ack=    15945/s ackErr=0 ackAvg=0.00ms | e2e p50=158.72 p99=757.76 p999=798.72 n=159460 | e2e_local p50=183.30 p99=765.95 n=54200
[txn] 19:40:27 txn=    1596/s msgs=    15964/s avg= 10.00 msg/txn | commit p50=54.53 p99=140.29 p999=203.78 ms | aborts=0 errs=0 open=99 | in=    15965/s | total txns=71651 msgs=716510 aborts=0 errs=0
[19:40:37] offered=    16004/s achieved=    15999/s shed=        0/s inflight=     9 | p50=   7.78 p99=   20.61 p999=   29.57 ms | push=879890 pop=877480 lag=2410 | errs push=0 pop=0 empty=0 gor=22409 | ack=    16082/s ackErr=0 ackAvg=0.00ms | e2e p50=136.19 p99=382.98 p999=419.84 n=160810 | e2e_local p50=150.53 p99=391.17 n=54670
[txn] 19:40:37 txn=    1609/s msgs=    16085/s avg= 10.00 msg/txn | commit p50=54.02 p99=140.29 p999=156.67 ms | aborts=0 errs=0 open=99 | in=    16085/s | total txns=87736 msgs=877360 aborts=0 errs=0
[19:40:47] offered=    16003/s achieved=    15999/s shed=        0/s inflight=    12 | p50=   7.71 p99=   22.14 p999=   33.02 ms | push=1039880 pop=1036190 lag=3690 | errs push=0 pop=0 empty=0 gor=22201 | ack=    15871/s ackErr=0 ackAvg=0.00ms | e2e p50=129.54 p99=329.73 p999=366.59 n=158710 | e2e_local p50=144.38 p99=342.02 n=53930
[txn] 19:40:47 txn=    1588/s msgs=    15882/s avg= 10.00 msg/txn | commit p50=55.55 p99=148.48 p999=173.06 ms | aborts=0 errs=0 open=100 | in=    15883/s | total txns=103618 msgs=1036180 aborts=0 errs=0
[drain] workers and readers keep going for up to 59.99s (ends early after 3s idle; lag now 3590)
[drain] idle for 3s after 3.2s: ending the drain (lag 70)
[info] txn workers: 0 re-subscriptions after an abort, 0 messages held outside a transaction at the stop (left unacked)
[info] producers created: 100 per-partition producers (shard), 0 creation errors, avg creation 18.3 ms
[info] steady window 60s (after the ramp, before the producers stopped): offered 16000/s pushed 16000/s popped 15973/s cpu 181.8% = 11.36 cores per 100k msg/s (produce+consume)
[final] offered=104002 achieved=104002 shed=0 (msgs: offered=1040020 achieved=1040020 shed=0) pushErr=0 | pushed=1040020 popped=1039950 lag=70 | popErr=0 empty=0 | overall p50=7.84 p99=22.40 p999=34.05 ms | acked=1039950 ackErr=0 ackLag=70 ackAvg=0.00ms | e2e p50=129.54 p99=667.65 p999=790.53 ms
load_cpu=113.2%
[txn-final] txns=103995 msgs=1039950 aborts=0 errs=0 in=1039950 avg=10.00 msg/txn | commit p50=54.02 p99=148.48 p999=218.11 max=272.38 ms
[ids] ledger /root/bench/runs/txn/pulsar/1x900-t10-144k-w900/ids/p8.ids: 1040020 confirmed, 0 failed, 0 unanswered
