kload tag=100x100-1000k-p2 loader=2/9 mode=batch rate=111111 msg/s batch=100 batch-max=0 max-inflight=5000 ramp=10s duration=1m10s report=10s drain=0s GOMAXPROCS=16 GOGC=400 seed=1790758663067958635
  offered: 111111 msg/s = 1111.1 units/s (avg 100.0 msgs/unit) across 23 pacer workers (48.31 units/s each)
  topics: 100 x 100 partitions (k100x100-1000k-t0..k100x100-1000k-t99), entities/topic=0 (explicit partition) | picker: topics=rr entities: rr over space=100 starting at 22
  payload: goload jsonEvent target 256 B, avg 289.6 B raw, ~320 B stamped ({"ts":µs,"src":2,...}), pool 64x100
  consumers: 33 here (ci 66..98 of 297), poll=1000 proc-us=0 ack=async ack-inflight=256 local-src=[0 1 2]
  kafka: brokers=10.114.0.2:9092,10.114.0.3:9092,10.114.0.4:9092 rf=3 min-isr=2 producers=4 linger=5ms compression=lz4 acks=all idempotent batch-max-bytes=1048576 | consumers: protocol=consumer fetch-max-wait=500ms fetch-min-bytes=1 fetch-max-partition-bytes=1048576 session=45s
  [topic] READY after 0.0s: 100 topics x 100 partitions, leaders + full ISR
  [config] broker.compression.type = producer (STATIC_BROKER_CONFIG)
  [config] broker.default.replication.factor = 3 (STATIC_BROKER_CONFIG)
  [config] broker.group.consumer.assignors = uniform,range (DEFAULT_CONFIG)
  [config] broker.group.coordinator.rebalance.protocols = classic,consumer,streams (DEFAULT_CONFIG)
  [config] broker.group.initial.rebalance.delay.ms = 3000 (DEFAULT_CONFIG)
  [config] broker.log.flush.interval.messages = 9223372036854775807 (DEFAULT_CONFIG)
  [config] broker.log.flush.interval.ms = <nil> (DEFAULT_CONFIG)
  [config] broker.max.incremental.fetch.session.cache.slots = 4000 (STATIC_BROKER_CONFIG)
  [config] broker.min.insync.replicas = 2 (DYNAMIC_DEFAULT_BROKER_CONFIG)
  [config] broker.num.io.threads = 16 (STATIC_BROKER_CONFIG)
  [config] broker.num.network.threads = 8 (STATIC_BROKER_CONFIG)
  [config] broker.num.replica.fetchers = 8 (STATIC_BROKER_CONFIG)
  [config] topic.compression.type = producer (STATIC_BROKER_CONFIG)
  [config] topic.flush.messages = 9223372036854775807 (DEFAULT_CONFIG)
  [config] topic.flush.ms = 9223372036854775807 (DEFAULT_CONFIG)
  [config] topic.max.message.bytes = 16777216 (STATIC_BROKER_CONFIG)
  [config] topic.message.timestamp.type = CreateTime (DEFAULT_CONFIG)
  [config] topic.min.insync.replicas = 2 (DYNAMIC_TOPIC_CONFIG)
  [config] topic.retention.ms = 600000 (DYNAMIC_TOPIC_CONFIG)
  [config] topic.segment.bytes = 268435456 (DYNAMIC_TOPIC_CONFIG)
  [config] topic.unclean.leader.election.enable = false (STATIC_BROKER_CONFIG)
  [group] 33 consumers in 33 groups (k100x100-1000k-g-t66 ... ), protocol consumer
  [group] t=+0.0s waiting: k100x100-1000k-g-t66: local members 1/3 hold 0/100 partitions (group-wide ? members=0 assigned=0); k100x100-1000k-g-t67: local members 1/3 hold 0/100 partitions (group-wide ? members=0 assigned=0); k100x100-1000k-g-t68: local members 1/3 hold 0/100 partitions (group-wide ? members=0 assigned=0)
  [group] t=+2.0s waiting: k100x100-1000k-g-t66: local members 1/3 hold 0/100 partitions (group-wide Assigning members=3 assigned=100); k100x100-1000k-g-t67: local members 1/3 hold 0/100 partitions (group-wide Assigning members=3 assigned=100); k100x100-1000k-g-t68: local members 1/3 hold 0/100 partitions (group-wide Assigning members=3 assigned=100)
  [group] t=+4.0s waiting: k100x100-1000k-g-t66: local members 1/3 hold 0/100 partitions (group-wide Assigning members=3 assigned=100); k100x100-1000k-g-t67: local members 1/3 hold 0/100 partitions (group-wide Assigning members=3 assigned=100); k100x100-1000k-g-t68: local members 1/3 hold 0/100 partitions (group-wide Assigning members=3 assigned=100)
  [group] t=+6.0s waiting: k100x100-1000k-g-t66: local members 1/3 hold 0/100 partitions (group-wide Reconciling members=3 assigned=34); k100x100-1000k-g-t67: local members 1/3 hold 0/100 partitions (group-wide Reconciling members=3 assigned=34); k100x100-1000k-g-t68: local members 1/3 hold 0/100 partitions (group-wide Reconciling members=3 assigned=34)
  [group] t=+8.1s waiting: k100x100-1000k-g-t66: local members 1/3 hold 0/100 partitions (group-wide Reconciling members=3 assigned=34); k100x100-1000k-g-t67: local members 1/3 hold 0/100 partitions (group-wide Reconciling members=3 assigned=34); k100x100-1000k-g-t68: local members 1/3 hold 0/100 partitions (group-wide Reconciling members=3 assigned=34)
  [group] t=+10.1s waiting: k100x100-1000k-g-t66: local members 1/3 hold 0/100 partitions (group-wide Reconciling members=3 assigned=34); k100x100-1000k-g-t67: local members 1/3 hold 0/100 partitions (group-wide Reconciling members=3 assigned=34); k100x100-1000k-g-t68: local members 1/3 hold 0/100 partitions (group-wide Reconciling members=3 assigned=34)
  [group] t=+12.1s waiting: k100x100-1000k-g-t66: local members 1/3 hold 33/100 partitions (group-wide Stable members=3 assigned=100); k100x100-1000k-g-t67: local members 1/3 hold 33/100 partitions (group-wide Stable members=3 assigned=100); k100x100-1000k-g-t68: local members 1/3 hold 33/100 partitions (group-wide Stable members=3 assigned=100)
  [group] STABLE after 14.1s: 33 groups, 33 local members holding 1131 partitions, assignEv=66 revokeEv=8 lostEv=0
  [produce] 4 clients connected to every broker with producer IDs in 0.02s; max buffered 501024 records per client
READY 1790758697256
[start] waiting 9.261s for the common start 1790758712753
[start] GO 08:58:32.753 (unix ms 1790758712753)
[08:58:42] offered=    55615/s achieved=    55385/s shed=        0/s inflight=    23 | p50=  17.02 p99=   41.73 p999=   56.58 ms | push=553800 pop=560600 lag=-6800 | errs push=0 pop=0 empty=0 gor=496 | ack=    56025/s ackErr=0 ackAvg=16.39ms | e2e p50=17.02 p99=43.26 p999=57.60 n=560600 | e2e_local p50=16.77 p99=42.75 n=163800
[08:58:52] offered=   111112/s achieved=   111142/s shed=        0/s inflight=    20 | p50=  18.30 p99=   85.50 p999=  107.01 ms | push=1665300 pop=1690400 lag=-25100 | errs push=0 pop=0 empty=0 gor=488 | ack=   113002/s ackErr=0 ackAvg=16.46ms | e2e p50=18.30 p99=91.65 p999=122.37 n=1129800 | e2e_local p50=17.79 p99=85.50 n=385200
[08:59:02] offered=   111100/s achieved=   110970/s shed=        0/s inflight=    31 | p50=  18.30 p99=   68.10 p999=   88.58 ms | push=2775000 pop=2820100 lag=-45100 | errs push=0 pop=0 empty=0 gor=508 | ack=   112920/s ackErr=0 ackAvg=16.43ms | e2e p50=18.30 p99=70.14 p999=87.55 n=1129700 | e2e_local p50=18.05 p99=71.17 n=388400
[08:59:12] offered=   111095/s achieved=   111155/s shed=        0/s inflight=    28 | p50=  18.56 p99=   79.36 p999=  102.91 ms | push=3886500 pop=3951100 lag=-64600 | errs push=0 pop=0 empty=0 gor=519 | ack=   113015/s ackErr=0 ackAvg=16.40ms | e2e p50=18.56 p99=78.34 p999=100.86 n=1131000 | e2e_local p50=18.82 p99=81.41 n=382100
[08:59:22] offered=   111100/s achieved=   111070/s shed=        0/s inflight=    30 | p50=  18.30 p99=   63.23 p999=   83.46 ms | push=4997200 pop=5082600 lag=-85400 | errs push=0 pop=0 empty=0 gor=549 | ack=   113050/s ackErr=0 ackAvg=16.40ms | e2e p50=18.05 p99=65.28 p999=85.50 n=1131500 | e2e_local p50=18.05 p99=65.28 n=374700
[08:59:32] offered=   111093/s achieved=   111103/s shed=        0/s inflight=    29 | p50=  18.30 p99=   71.17 p999=   96.77 ms | push=6108200 pop=6212100 lag=-103900 | errs push=0 pop=0 empty=0 gor=541 | ack=   112973/s ackErr=0 ackAvg=16.42ms | e2e p50=18.56 p99=73.22 p999=94.72 n=1129500 | e2e_local p50=18.30 p99=71.17 n=366600
[08:59:42] offered=   111136/s achieved=   111156/s shed=        0/s inflight=    25 | p50=  18.56 p99=   68.10 p999=   91.65 ms | push=7219900 pop=7347414 lag=-127514 | errs push=0 pop=0 empty=0 gor=526 | ack=   113475/s ackErr=0 ackAvg=16.39ms | e2e p50=18.56 p99=74.24 p999=96.77 n=1135314 | e2e_local p50=18.30 p99=72.19 n=368800
[info] steady window 60s (after the ramp, before the producers stopped): offered 111106/s pushed 111099/s popped 113111/s cpu 89.0% = 0.80 cores per 100k msg/s (produce+consume)
[info] 800 warm-up messages (no "ts") received and not counted as load
[final] offered=72226 achieved=72226 shed=0 (msgs: offered=7222600 achieved=7222600 shed=0) pushErr=0 | pushed=7222600 popped=7349200 lag=-126600 | popErr=0 empty=0 | overall p50=18.30 p99=74.24 p999=97.79 ms | acked=7349200 ackErr=0 ackLag=-126600 ackAvg=16.39ms | e2e p50=18.30 p99=76.29 p999=100.86 ms
load_cpu=60.0%
