qload tag=1x200-t1-9k-p0 loader=0/9 mode=batch rate=1000 msg/s batch=10 batch-max=0 max-inflight=5000 ramp=10s duration=1m10s report=10s drain=1m0s GOMAXPROCS=16 GOGC=400 seed=1790881172886780089
  offered: 1000 msg/s = 100.0 units/s (avg 10.0 msgs/unit) across 3 pacer workers (33.33 units/s each)
  topics: 1 x 200 partitions (x1x200-t1-9k..x1x200-t1-9k), entities/topic=0 (explicit partition) | picker: topics=rr entities: rr over space=200 starting at 0
  payload: goload jsonEvent target 256 B, avg 289.3 B raw, ~319 B stamped ({"ts":µs,"src":0,...}), pool 64x10
  consumers: 22 here (ci 0..21 of 198), poll=1000 proc-us=0 ack=async ack-inflight=256 local-src=[0 1 2]
  queen: url=http://10.114.0.2:6632 (of 3) conns=2048 timeout=30s pop-width=10 pop-batch=1000 pop-timeout=2s lease=10s | configure: leaseTime=30 completedRetention=3600 dedup=0 retryLimit=1000000 | txn: x1x200-t1-9k-in -> workers (txn-size 1, linger 1s, one /transaction = acks with leases + pushes) -> x1x200-t1-9k-out, 22 read-committed readers
  [queen] http://10.114.0.2:6632 healthy: version 2.0.0-beta.2, this node leader
  [txn] 22 workers (ci 0..21 of 198): x1x200-t1-9k-in -> x1x200-t1-9k-out, txn-size 1, linger 1s, pop width 10, lease 10s
  [consume] 22 consumers of x1x200-t1-9k-out: pop width 10, batch 1000, long poll 2s, lease 10s, async batch acks (ack-inflight 256)
READY 1790880794772
[start] waiting 9.255s for the common start 1790880807238
[start] GO 18:53:27.238 (unix ms 1790880807238)
[18:53:37] offered=      499/s achieved=      499/s shed=        0/s inflight=     0 | p50=   2.54 p99=    4.13 p999=    5.34 ms | push=4990 pop=4996 lag=-6 | errs push=0 pop=0 empty=154 gor=165 | ack=      499/s ackErr=0 ackAvg=4.79ms | e2e p50=41.73 p99=93.70 p999=107.01 n=4996 | e2e_local p50=42.24 p99=93.70 n=1654
[txn] 18:53:37 txn=     536/s msgs=      536/s avg=  1.00 msg/txn | commit p50=2.64 p99=4.96 p999=6.24 ms | aborts=0 errs=0 open=4 | in=      536/s | total txns=5359 msgs=5359 aborts=0 errs=0
[18:53:47] offered=     1001/s achieved=     1000/s shed=        0/s inflight=     0 | p50=   2.77 p99=    4.70 p999=    5.28 ms | push=14990 pop=14947 lag=43 | errs push=0 pop=0 empty=154 gor=162 | ack=      996/s ackErr=0 ackAvg=4.83ms | e2e p50=55.55 p99=105.98 p999=111.10 n=9951 | e2e_local p50=55.55 p99=105.98 n=3338
[txn] 18:53:47 txn=    1095/s msgs=     1095/s avg=  1.00 msg/txn | commit p50=3.60 p99=5.73 p999=12.22 ms | aborts=0 errs=0 open=1 | in=     1095/s | total txns=16310 msgs=16310 aborts=0 errs=0
[18:53:57] offered=      999/s achieved=     1000/s shed=        0/s inflight=     0 | p50=   2.83 p99=    4.83 p999=    8.51 ms | push=24990 pop=25038 lag=-48 | errs push=0 pop=0 empty=154 gor=164 | ack=     1009/s ackErr=0 ackAvg=4.84ms | e2e p50=55.55 p99=107.01 p999=112.13 n=10091 | e2e_local p50=55.55 p99=107.01 n=3352
[txn] 18:53:57 txn=    1092/s msgs=     1092/s avg=  1.00 msg/txn | commit p50=3.60 p99=6.05 p999=7.01 ms | aborts=0 errs=0 open=0 | in=     1092/s | total txns=27232 msgs=27232 aborts=0 errs=0
[18:54:07] offered=     1000/s achieved=     1000/s shed=        0/s inflight=     0 | p50=   2.77 p99=    4.64 p999=    5.41 ms | push=34990 pop=35369 lag=-379 | errs push=0 pop=0 empty=154 gor=164 | ack=     1033/s ackErr=0 ackAvg=4.85ms | e2e p50=56.06 p99=107.01 p999=112.13 n=10331 | e2e_local p50=55.55 p99=107.01 n=3391
[txn] 18:54:07 txn=    1082/s msgs=     1082/s avg=  1.00 msg/txn | commit p50=3.57 p99=6.05 p999=11.20 ms | aborts=0 errs=0 open=0 | in=     1082/s | total txns=38052 msgs=38052 aborts=0 errs=0
[18:54:17] offered=     1001/s achieved=     1001/s shed=        0/s inflight=     0 | p50=   2.80 p99=    4.64 p999=    6.37 ms | push=45000 pop=45517 lag=-517 | errs push=0 pop=0 empty=154 gor=164 | ack=     1015/s ackErr=0 ackAvg=4.86ms | e2e p50=55.55 p99=107.01 p999=112.13 n=10148 | e2e_local p50=55.55 p99=105.98 n=3359
[txn] 18:54:17 txn=    1099/s msgs=     1099/s avg=  1.00 msg/txn | commit p50=3.54 p99=5.92 p999=7.20 ms | aborts=0 errs=0 open=0 | in=     1099/s | total txns=49045 msgs=49045 aborts=0 errs=0
[18:54:27] offered=      999/s achieved=      999/s shed=        0/s inflight=     0 | p50=   2.80 p99=    5.02 p999=    8.51 ms | push=54990 pop=55607 lag=-617 | errs push=0 pop=0 empty=154 gor=165 | ack=     1009/s ackErr=0 ackAvg=4.86ms | e2e p50=55.55 p99=105.98 p999=111.10 n=10090 | e2e_local p50=56.06 p99=105.98 n=3345
[txn] 18:54:27 txn=    1095/s msgs=     1095/s avg=  1.00 msg/txn | commit p50=3.60 p99=5.92 p999=6.56 ms | aborts=0 errs=0 open=0 | in=     1095/s | total txns=59996 msgs=59996 aborts=0 errs=0
[drain] workers and readers keep going for up to 59.999s (ends early after 3s idle; lag now -478)
[18:54:37] offered=     1000/s achieved=     1000/s shed=        0/s inflight=     0 | p50=   2.77 p99=    4.96 p999=    5.86 ms | push=64990 pop=65468 lag=-478 | errs push=0 pop=0 empty=154 gor=161 | ack=      986/s ackErr=0 ackAvg=4.86ms | e2e p50=52.99 p99=105.98 p999=112.13 n=9861 | e2e_local p50=52.99 p99=105.98 n=3323
[txn] 18:54:37 txn=    1091/s msgs=     1091/s avg=  1.00 msg/txn | commit p50=3.50 p99=5.92 p999=8.38 ms | aborts=0 errs=0 open=0 | in=     1091/s | total txns=70906 msgs=70906 aborts=0 errs=0
[drain] idle for 3s after 3.1s: ending the drain (lag -541)
[info] steady window 60s (after the ramp, before the producers stopped): offered 1000/s pushed 1000/s popped 1008/s cpu 39.7% = 39.74 cores per 100k msg/s (produce+consume)
[final] offered=6499 achieved=6499 shed=0 (msgs: offered=64990 achieved=64990 shed=0) pushErr=0 | pushed=64990 popped=65531 lag=-541 | popErr=0 empty=198 | overall p50=2.77 p99=4.70 p999=7.58 ms | acked=65531 ackErr=0 ackLag=-541 ackAvg=4.86ms | e2e p50=52.99 p99=107.01 p999=112.13 ms
load_cpu=30.7%
[txn-final] txns=70965 msgs=70965 aborts=0 errs=0 in=70965 avg=1.00 msg/txn | commit p50=3.50 p99=5.92 p999=7.71 max=14.40 ms
[ids] ledger /root/bench/runs/txn/queen/1x200-t1-9k/ids/p0.ids: 64990 confirmed, 0 failed, 0 unanswered
