WARN max-pending 100000 per partition producer would preallocate 2542 MB over 1111 partitions (24 B/slot); using 2516 (-pending-budget-mb 64)
pload tag=1x10000-t10-9k-v120-p7 loader=7/9 mode=batch rate=1000 msg/s batch=10 batch-max=0 max-inflight=5000 ramp=10s duration=1m10s report=10s drain=1m0s GOMAXPROCS=16 GOGC=400 seed=1790888904098635373
  offered: 1000 msg/s = 100.0 units/s (avg 10.0 msgs/unit) across 3 pacer workers (33.33 units/s each)
  topics: 1 x 10000 partitions (x1x10000-t10-9k-v120..x1x10000-t10-9k-v120), entities/topic=0 (explicit partition) | picker: topics=rr entities: rr over space=1111 starting at 0 [producer shard 7/9: partitions p % 9 == 7, entity j -> partition 7 + j*9]
  payload: goload jsonEvent target 256 B, avg 289.4 B raw, ~319 B stamped ({"ts":µs,"src":7,...}), pool 64x10
  consumers: 33 here (ci 231..263 of 297), poll=1000 proc-us=0 ack=async ack-inflight=256 local-src=[6 7 8]
  pulsar: url=pulsar://10.114.0.2:6650,10.114.0.3:6650,10.114.0.4:6650 admin=http://10.114.0.2:8080 ns=bench/ns sub=sub type=failover compression=lz4 batch=5ms/10 msgs/131072 B max-pending=2516/partition mem-limit=64 MB receiver-queue=1000 ack-group=100ms conns/broker=1 | feeder batches capped at -txn-size messages (whole entries per transaction) | txn: x1x10000-t10-9k-v120-in -> 33 workers (own client + TC each, NewTransaction timeout 10s, send+AckWithTxn on whole entries, txn-size 10, linger 1s) -> x1x10000-t10-9k-v120-out, 33 readers
  [admin] 2 topics with 10000 partitions and subscription "sub" exist (checked in 0.0s)
  [txn] 33 workers (ci 231..263 of 297, 0 idle): each its own client + TC, a failover consumer on its partitions of x1x10000-t10-9k-v120-in, 1089 producers on x1x10000-t10-9k-v120-out in all; txn-size 10, linger 1s, txn-timeout 10s; ready in 2.4s
  [consume] 33 consumers (ci 231..263 of 297), failover, partition slices (every partition exactly one consumer): 1089 partition registrations here, 10000 in total across all processes; idle 0 here, 0 in total; subscribed in 0.2s, settling 2s
  [produce] producer shard 7/9: 1111 partitions per topic (p % 9 == 7) x 1 topics, per-partition producers created lazily on first use
READY 1790888622836
[start] waiting 9.379s for the common start 1790888639158
[start] GO 21:03:59.158 (unix ms 1790888639158)
[21:04:09] offered=      501/s achieved=      499/s shed=        0/s inflight=     2 | p50=  17.02 p99=   25.22 p999=   26.75 ms | push=4990 pop=4950 lag=40 | errs push=0 pop=0 empty=0 gor=19210 | ack=      495/s ackErr=0 ackAvg=0.00ms | e2e p50=77.31 p99=93.70 p999=96.77 n=4950 | e2e_local p50=76.29 p99=92.67 n=1800
[txn] 21:04:09 txn=      49/s msgs=      495/s avg= 10.00 msg/txn | commit p50=59.14 p99=66.05 p999=68.10 ms | aborts=0 errs=0 open=0 | in=      495/s | total txns=495 msgs=4950 aborts=0 errs=0
[21:04:19] offered=      999/s achieved=     1001/s shed=        0/s inflight=     0 | p50=  12.99 p99=   25.73 p999=   26.75 ms | push=15000 pop=14520 lag=480 | errs push=0 pop=0 empty=0 gor=22123 | ack=      957/s ackErr=0 ackAvg=0.00ms | e2e p50=72.19 p99=95.74 p999=104.96 n=9570 | e2e_local p50=72.19 p99=94.72 n=3480
[txn] 21:04:19 txn=      96/s msgs=      957/s avg= 10.00 msg/txn | commit p50=57.09 p99=67.07 p999=73.22 ms | aborts=0 errs=0 open=2 | in=      959/s | total txns=1452 msgs=14520 aborts=0 errs=0
[21:04:29] offered=     1000/s achieved=      999/s shed=        0/s inflight=     1 | p50=   6.43 p99=    8.90 p999=    9.66 ms | push=24990 pop=24420 lag=570 | errs push=0 pop=0 empty=0 gor=22148 | ack=      990/s ackErr=0 ackAvg=0.00ms | e2e p50=29.57 p99=40.70 p999=45.31 n=9900 | e2e_local p50=29.57 p99=40.19 n=3600
[txn] 21:04:29 txn=      99/s msgs=      990/s avg= 10.00 msg/txn | commit p50=23.42 p99=30.08 p999=33.02 ms | aborts=0 errs=0 open=0 | in=      988/s | total txns=2442 msgs=24420 aborts=0 errs=0
[21:04:39] offered=     1001/s achieved=     1001/s shed=        0/s inflight=     1 | p50=   6.43 p99=    8.64 p999=    9.02 ms | push=35000 pop=34320 lag=680 | errs push=0 pop=0 empty=0 gor=22150 | ack=      990/s ackErr=0 ackAvg=0.00ms | e2e p50=29.06 p99=39.17 p999=43.78 n=9900 | e2e_local p50=29.31 p99=39.17 n=3600
[txn] 21:04:39 txn=      99/s msgs=      990/s avg= 10.00 msg/txn | commit p50=23.17 p99=30.08 p999=34.05 ms | aborts=0 errs=0 open=0 | in=      990/s | total txns=3432 msgs=34320 aborts=0 errs=0
[21:04:49] offered=      999/s achieved=     1000/s shed=        0/s inflight=     0 | p50=   6.30 p99=    8.64 p999=   10.05 ms | push=45000 pop=43890 lag=1110 | errs push=0 pop=0 empty=0 gor=22117 | ack=      957/s ackErr=0 ackAvg=0.00ms | e2e p50=29.57 p99=39.68 p999=44.29 n=9570 | e2e_local p50=29.31 p99=38.14 n=3480
[txn] 21:04:49 txn=      96/s msgs=      957/s avg= 10.00 msg/txn | commit p50=23.17 p99=30.08 p999=34.05 ms | aborts=0 errs=0 open=0 | in=      957/s | total txns=4389 msgs=43890 aborts=0 errs=0
[21:04:59] offered=     1000/s achieved=     1000/s shed=        0/s inflight=     0 | p50=   6.43 p99=    8.90 p999=    9.79 ms | push=55000 pop=54100 lag=900 | errs push=0 pop=0 empty=0 gor=22181 | ack=     1021/s ackErr=0 ackAvg=0.00ms | e2e p50=29.31 p99=40.19 p999=45.31 n=10210 | e2e_local p50=29.31 p99=38.66 n=3720
[txn] 21:04:59 txn=     102/s msgs=     1021/s avg= 10.00 msg/txn | commit p50=23.42 p99=30.08 p999=31.87 ms | aborts=0 errs=0 open=0 | in=     1021/s | total txns=5410 msgs=54100 aborts=0 errs=0
[21:05:09] offered=     1001/s achieved=     1000/s shed=        0/s inflight=     1 | p50=   6.43 p99=    8.64 p999=    9.15 ms | push=65000 pop=63690 lag=1310 | errs push=0 pop=0 empty=0 gor=22116 | ack=      959/s ackErr=0 ackAvg=0.00ms | e2e p50=29.06 p99=44.29 p999=48.38 n=9590 | e2e_local p50=29.06 p99=44.29 n=3480
[txn] 21:05:09 txn=      96/s msgs=      959/s avg= 10.00 msg/txn | commit p50=22.91 p99=35.58 p999=47.87 ms | aborts=0 errs=0 open=0 | in=      959/s | total txns=6369 msgs=63690 aborts=0 errs=0
[drain] workers and readers keep going for up to 59.993s (ends early after 3s idle; lag now 1320)
[drain] idle for 3s after 3.0s: ending the drain (lag 1320)
[info] txn workers: 0 re-subscriptions after an abort, 0 messages held outside a transaction at the stop (left unacked)
[info] producers created: 1111 per-partition producers (shard), 0 creation errors, avg creation 10.9 ms
[info] steady window 60s (after the ramp, before the producers stopped): offered 1000/s pushed 1000/s popped 979/s cpu 94.9% = 94.90 cores per 100k msg/s (produce+consume)
[final] offered=6501 achieved=6501 shed=0 (msgs: offered=65010 achieved=65010 shed=0) pushErr=0 | pushed=65010 popped=63690 lag=1320 | popErr=0 empty=0 | overall p50=6.75 p99=23.68 p999=26.24 ms | acked=63690 ackErr=0 ackLag=1320 ackAvg=0.00ms | e2e p50=30.34 p99=89.60 p999=96.77 ms
load_cpu=73.4%
[txn-final] txns=6369 msgs=63690 aborts=0 errs=0 in=63690 avg=10.00 msg/txn | commit p50=23.94 p99=64.77 p999=68.10 max=73.22 ms
[ids] ledger /root/bench/runs/txn/pulsar/1x10000-t10-9k-v120/ids/p7.ids: 65010 confirmed, 0 failed, 0 unanswered
