qload tag=1x200-t10-144k-p0 loader=0/9 mode=batch rate=16000 msg/s batch=10 batch-max=0 max-inflight=5000 ramp=10s duration=1m10s report=10s drain=1m0s GOMAXPROCS=16 GOGC=400 seed=1790882310972749183
  offered: 16000 msg/s = 1600.0 units/s (avg 10.0 msgs/unit) across 33 pacer workers (48.48 units/s each)
  topics: 1 x 200 partitions (x1x200-t10-144k..x1x200-t10-144k), entities/topic=0 (explicit partition) | picker: topics=rr entities: rr over space=200 starting at 0
  payload: goload jsonEvent target 256 B, avg 289.5 B raw, ~319 B stamped ({"ts":µs,"src":0,...}), pool 64x10
  consumers: 22 here (ci 0..21 of 198), poll=1000 proc-us=0 ack=async ack-inflight=256 local-src=[0 1 2]
  queen: url=http://10.114.0.2:6632 (of 3) conns=2048 timeout=30s pop-width=10 pop-batch=1000 pop-timeout=2s lease=10s | configure: leaseTime=30 completedRetention=3600 dedup=0 retryLimit=1000000 | txn: x1x200-t10-144k-in -> workers (txn-size 10, linger 1s, one /transaction = acks with leases + pushes) -> x1x200-t10-144k-out, 22 read-committed readers
  [queen] http://10.114.0.2:6632 healthy: version 2.0.0-beta.2, this node leader
  [txn] 22 workers (ci 0..21 of 198): x1x200-t10-144k-in -> x1x200-t10-144k-out, txn-size 10, linger 1s, pop width 10, lease 10s
  [consume] 22 consumers of x1x200-t10-144k-out: pop width 10, batch 1000, long poll 2s, lease 10s, async batch acks (ack-inflight 256)
READY 1790881870341
[start] waiting 9.265s for the common start 1790881882918
[start] GO 19:11:22.918 (unix ms 1790881882918)
[19:11:32] offered=     8004/s achieved=     7988/s shed=        0/s inflight=    14 | p50=   6.82 p99=   15.68 p999=   18.05 ms | push=79880 pop=64530 lag=15350 | errs push=0 pop=0 empty=154 gor=260 | ack=     6425/s ackErr=0 ackAvg=9.84ms | e2e p50=43.26 p99=921.60 p999=970.75 n=64630 | e2e_local p50=41.22 p99=913.41 n=21660
[txn] 19:11:32 txn=     694/s msgs=     6940/s avg= 10.00 msg/txn | commit p50=8.51 p99=18.82 p999=21.38 ms | aborts=0 errs=0 open=12 | in=     6952/s | total txns=6940 msgs=69400 aborts=0 errs=0
[19:11:42] offered=    15999/s achieved=    15989/s shed=        0/s inflight=    28 | p50=   9.54 p99=   17.54 p999=   19.84 ms | push=239780 pop=147850 lag=91930 | errs push=0 pop=0 empty=154 gor=279 | ack=     8333/s ackErr=0 ackAvg=12.15ms | e2e p50=3260.42 p99=5668.86 p999=5799.94 n=83220 | e2e_local p50=3227.65 p99=5668.86 n=28070
[txn] 19:11:42 txn=     853/s msgs=     8530/s avg= 10.00 msg/txn | commit p50=12.86 p99=22.14 p999=24.19 ms | aborts=0 errs=0 open=12 | in=     8530/s | total txns=15470 msgs=154700 aborts=0 errs=0
[19:11:52] offered=    16001/s achieved=    16009/s shed=        0/s inflight=    18 | p50=   9.92 p99=   18.56 p999=   20.35 ms | push=399860 pop=226540 lag=173320 | errs push=0 pop=0 empty=154 gor=274 | ack=     7892/s ackErr=0 ackAvg=12.90ms | e2e p50=8159.23 p99=10682.37 p999=10813.44 n=78690 | e2e_local p50=8224.77 p99=10682.37 n=27000
[txn] 19:11:52 txn=     800/s msgs=     7998/s avg= 10.00 msg/txn | commit p50=13.50 p99=25.22 p999=61.18 ms | aborts=0 errs=0 open=13 | in=     7999/s | total txns=23468 msgs=234680 aborts=0 errs=0
[19:12:02] offered=    15997/s achieved=    15993/s shed=        0/s inflight=    23 | p50=  10.30 p99=   19.84 p999=   22.40 ms | push=559800 pop=302790 lag=257010 | errs push=0 pop=0 empty=154 gor=282 | ack=     7622/s ackErr=0 ackAvg=13.40ms | e2e p50=13303.81 p99=16056.32 p999=16056.32 n=76250 | e2e_local p50=13303.81 p99=16056.32 n=25360
[txn] 19:12:02 txn=     768/s msgs=     7675/s avg= 10.00 msg/txn | commit p50=14.40 p99=25.47 p999=31.36 ms | aborts=0 errs=0 open=8 | in=     7670/s | total txns=31144 msgs=311440 aborts=0 errs=0
[19:12:12] offered=    15999/s achieved=    16007/s shed=        0/s inflight=    11 | p50=  10.94 p99=   20.35 p999=   26.50 ms | push=719850 pop=375100 lag=344750 | errs push=0 pop=0 empty=154 gor=287 | ack=     7238/s ackErr=0 ackAvg=13.79ms | e2e p50=19005.44 p99=21364.74 p999=21626.88 n=72310 | e2e_local p50=19005.44 p99=21364.74 n=24710
[txn] 19:12:12 txn=     731/s msgs=     7315/s avg= 10.00 msg/txn | commit p50=15.30 p99=26.24 p999=33.54 ms | aborts=0 errs=0 open=9 | in=     7316/s | total txns=38458 msgs=384580 aborts=0 errs=0
[19:12:22] offered=    16001/s achieved=    15989/s shed=        0/s inflight=    28 | p50=  10.69 p99=   19.58 p999=   28.03 ms | push=879750 pop=450950 lag=428800 | errs push=0 pop=0 empty=154 gor=308 | ack=     7574/s ackErr=0 ackAvg=14.02ms | e2e p50=23986.18 p99=26869.76 p999=26869.76 n=75850 | e2e_local p50=23986.18 p99=26869.76 n=25300
[txn] 19:12:22 txn=     752/s msgs=     7516/s avg= 10.00 msg/txn | commit p50=14.66 p99=25.73 p999=34.56 ms | aborts=0 errs=0 open=8 | in=     7515/s | total txns=45974 msgs=459740 aborts=0 errs=0
[19:12:32] offered=    16000/s achieved=    16016/s shed=        0/s inflight=    10 | p50=  10.30 p99=   19.58 p999=   22.40 ms | push=1039920 pop=528510 lag=511410 | errs push=0 pop=0 empty=154 gor=255 | ack=     7766/s ackErr=0 ackAvg=14.13ms | e2e p50=29229.06 p99=32112.64 p999=32112.64 n=77560 | e2e_local p50=29491.20 p99=32112.64 n=25550
[txn] 19:12:32 txn=     777/s msgs=     7774/s avg= 10.00 msg/txn | commit p50=13.89 p99=27.01 p999=32.38 ms | aborts=0 errs=0 open=14 | in=     7780/s | total txns=53749 msgs=537490 aborts=0 errs=0
[drain] workers and readers keep going for up to 59.988s (ends early after 3s idle; lag now 511510)
[19:12:42] offered=        0/s achieved=       10/s shed=        0/s inflight=     0 | p50=  14.91 p99=   17.54 p999=   17.54 ms | push=1040020 pop=655040 lag=384980 | errs push=0 pop=0 empty=154 gor=248 | ack=    12650/s ackErr=0 ackAvg=13.14ms | e2e p50=32899.07 p99=34340.86 p999=34340.86 n=126530 | e2e_local p50=32899.07 p99=34340.86 n=41200
[txn] 19:12:42 txn=    1294/s msgs=    12937/s avg= 10.00 msg/txn | commit p50=7.71 p99=14.40 p999=193.54 ms | aborts=0 errs=0 open=8 | in=    12931/s | total txns=66685 msgs=666850 aborts=0 errs=0
[19:12:52] offered=        0/s achieved=        0/s shed=        0/s inflight=     0 | p50=   0.00 p99=    0.00 p999=    0.00 ms | push=1040020 pop=783450 lag=256570 | errs push=0 pop=0 empty=154 gor=249 | ack=    12838/s ackErr=0 ackAvg=12.48ms | e2e p50=34865.15 p99=36438.02 p999=36438.02 n=128410 | e2e_local p50=34865.15 p99=36438.02 n=42880
[txn] 19:12:52 txn=    1296/s msgs=    12960/s avg= 10.00 msg/txn | commit p50=7.71 p99=15.30 p999=207.87 ms | aborts=0 errs=0 open=10 | in=    12963/s | total txns=79645 msgs=796450 aborts=0 errs=0
[19:13:02] offered=        0/s achieved=        0/s shed=        0/s inflight=     0 | p50=   0.00 p99=    0.00 p999=    0.00 ms | push=1040020 pop=911570 lag=128450 | errs push=0 pop=0 empty=154 gor=247 | ack=    12818/s ackErr=0 ackAvg=12.02ms | e2e p50=36962.30 p99=38535.17 p999=38535.17 n=128120 | e2e_local p50=36962.30 p99=38535.17 n=43030
[txn] 19:13:02 txn=    1294/s msgs=    12945/s avg= 10.00 msg/txn | commit p50=7.71 p99=14.02 p999=148.48 ms | aborts=0 errs=0 open=8 | in=    12942/s | total txns=92589 msgs=925890 aborts=0 errs=0
[19:13:12] offered=        0/s achieved=        0/s shed=        0/s inflight=     0 | p50=   0.00 p99=    0.00 p999=    0.00 ms | push=1040020 pop=1038160 lag=1860 | errs push=0 pop=0 empty=154 gor=248 | ack=    12645/s ackErr=0 ackAvg=11.69ms | e2e p50=39583.74 p99=40632.32 p999=41156.61 n=126590 | e2e_local p50=39583.74 p99=40632.32 n=41690
[txn] 19:13:12 txn=    1271/s msgs=    12715/s avg= 10.00 msg/txn | commit p50=7.90 p99=15.81 p999=209.92 ms | aborts=0 errs=0 open=11 | in=    12718/s | total txns=105304 msgs=1053040 aborts=0 errs=0
[drain] idle for 3s after 44.0s: ending the drain (lag -8280)
[info] steady window 60s (after the ramp, before the producers stopped): offered 15999/s pushed 16000/s popped 7733/s cpu 84.1% = 5.26 cores per 100k msg/s (produce+consume)
[final] offered=104002 achieved=104002 shed=0 (msgs: offered=1040020 achieved=1040020 shed=0) pushErr=0 | pushed=1040020 popped=1048300 lag=-8280 | popErr=0 empty=196 | overall p50=10.05 p99=19.33 p999=22.66 ms | acked=1048300 ackErr=0 ackLag=-8280 ackAvg=11.65ms | e2e p50=31850.50 p99=40632.32 p999=41156.61 ms
load_cpu=69.3%
[txn-final] txns=106377 msgs=1063770 aborts=0 errs=0 in=1063770 avg=10.00 msg/txn | commit p50=9.79 p99=23.94 p999=146.43 max=248.83 ms
[ids] ledger /root/bench/runs/txn/queen/1x200-t10-144k/ids/p0.ids: 1040020 confirmed, 0 failed, 0 unanswered
