{"role":"producer","event":"start","queues":["bench-hi-part-10000"],"queueCount":1,"numWorkers":5,"conns":100,"duration":300,"maxPartition":10000,"msgsPerPush":1,"timestamp":"2026-06-07T07:54:38.985Z"}
(node:25966) [MODULE_TYPELESS_PACKAGE_JSON] Warning: Module type of file:///home/queen/examples/bench-producer.js is not specified and it doesn't parse as CommonJS.
Reparsing as ES module because module syntax was detected. This incurs a performance overhead.
To eliminate this warning, add "type": "module" to /home/queen/examples/package.json.
(Use `node --trace-warnings ...` to show where the warning was created)
(node:26003) [MODULE_TYPELESS_PACKAGE_JSON] Warning: Module type of file:///home/queen/examples/bench-producer.js is not specified and it doesn't parse as CommonJS.
Reparsing as ES module because module syntax was detected. This incurs a performance overhead.
To eliminate this warning, add "type": "module" to /home/queen/examples/package.json.
(Use `node --trace-warnings ...` to show where the warning was created)
(node:26011) [MODULE_TYPELESS_PACKAGE_JSON] Warning: Module type of file:///home/queen/examples/bench-producer.js is not specified and it doesn't parse as CommonJS.
Reparsing as ES module because module syntax was detected. This incurs a performance overhead.
To eliminate this warning, add "type": "module" to /home/queen/examples/package.json.
(Use `node --trace-warnings ...` to show where the warning was created)
(node:26005) [MODULE_TYPELESS_PACKAGE_JSON] Warning: Module type of file:///home/queen/examples/bench-producer.js is not specified and it doesn't parse as CommonJS.
Reparsing as ES module because module syntax was detected. This incurs a performance overhead.
To eliminate this warning, add "type": "module" to /home/queen/examples/package.json.
(Use `node --trace-warnings ...` to show where the warning was created)
(node:26004) [MODULE_TYPELESS_PACKAGE_JSON] Warning: Module type of file:///home/queen/examples/bench-producer.js is not specified and it doesn't parse as CommonJS.
Reparsing as ES module because module syntax was detected. This incurs a performance overhead.
To eliminate this warning, add "type": "module" to /home/queen/examples/package.json.
(Use `node --trace-warnings ...` to show where the warning was created)
(node:26014) [MODULE_TYPELESS_PACKAGE_JSON] Warning: Module type of file:///home/queen/examples/bench-producer.js is not specified and it doesn't parse as CommonJS.
Reparsing as ES module because module syntax was detected. This incurs a performance overhead.
To eliminate this warning, add "type": "module" to /home/queen/examples/package.json.
(Use `node --trace-warnings ...` to show where the warning was created)
{
  "role": "producer",
  "event": "result",
  "totalRequests": 9642973,
  "totalMessages": 9642973,
  "reqPerSec": 32146,
  "msgPerSec": 32146,
  "latency": {
    "p50": 13.6,
    "p90": 20.8,
    "p99": 50,
    "avg": 15.312000000000001,
    "max": 9860
  },
  "errors": 0,
  "non2xx": 0,
  "timeouts": 0,
  "durationSec": 300
}
