=== CM-BENCH  system=queen  R=3000 ev/s  P=1000  duration=300s ===
invariants: 18000 deliveries/s, 488 ordered lanes, publishes/s native=6000 copied=18000
started 12 stages, lane budget 737 (headroom 1.50x)
warmup: 1000 properties x 2 flows in 8.246s, pipeline drained=true (12000/12000)
t=   1  off=    76 pub=    76 der=    18 del=     30 proc=     28 ack=     28  lag=     138  shed=0 pushErr=0 ackErr=0  e2eA p50=5932 p99=7692  e2eB p50=5932 p99=8389
t=   2  off=   225 pub=   224 der=    73 del=    157 proc=    150 ack=    148  lag=     577  shed=0 pushErr=0 ackErr=0  e2eA p50=5932 p99=7692  e2eB p50=5932 p99=8389
t=   3  off=   375 pub=   374 der=   144 del=    561 proc=    550 ack=    550  lag=    1121  shed=0 pushErr=0 ackErr=0  e2eA p50=5439 p99=7692  e2eB p50=5439 p99=8389
t=   4  off=   526 pub=   524 der=   265 del=    938 proc=    929 ack=    918  lag=    2041  shed=0 pushErr=0 ackErr=0  e2eA p50=5439 p99=7692  e2eB p50=5439 p99=8389
t=   5  off=   674 pub=   672 der=   420 del=   1718 proc=   1688 ack=   1693  lag=    3125  shed=0 pushErr=0 ackErr=0  e2eA p50=4988 p99=7692  e2eB p50=5439 p99=8389
t=   6  off=   825 pub=   827 der=   640 del=   2775 proc=   2748 ack=   2740  lag=    4404  shed=0 pushErr=0 ackErr=0  e2eA p50=4574 p99=7692  e2eB p50=4988 p99=8389
t=   7  off=   975 pub=   973 der=   829 del=   3230 proc=   3221 ack=   3216  lag=    6301  shed=0 pushErr=0 ackErr=0  e2eA p50=4194 p99=7692  e2eB p50=4574 p99=8389
t=   8  off=  1125 pub=  1122 der=   898 del=   3573 proc=   3566 ack=   3572  lag=    8347  shed=0 pushErr=0 ackErr=0  e2eA p50=4194 p99=7692  e2eB p50=4194 p99=7692
t=   9  off=  1275 pub=  1271 der=  1065 del=   3950 proc=   3935 ack=   3933  lag=   11008  shed=0 pushErr=0 ackErr=0  e2eA p50=3846 p99=7692  e2eB p50=3846 p99=7692
t=  10  off=  1424 pub=  1430 der=  1159 del=   4844 proc=   4795 ack=   4807  lag=   13438  shed=0 pushErr=0 ackErr=0  e2eA p50=3846 p99=7692  e2eB p50=3846 p99=7692
t=  11  off=  1576 pub=  1570 der=  1275 del=   6252 proc=   6214 ack=   6200  lag=   15169  shed=0 pushErr=0 ackErr=0  e2eA p50=3846 p99=7692  e2eB p50=3527 p99=7692
t=  12  off=  1725 pub=  1724 der=  1343 del=   6684 proc=   6689 ack=   6670  lag=   16919  shed=0 pushErr=0 ackErr=0  e2eA p50=3846 p99=7692  e2eB p50=3527 p99=7692
t=  13  off=  1875 pub=  1877 der=  1591 del=   7802 proc=   7751 ack=   7765  lag=   19000  shed=0 pushErr=0 ackErr=0  e2eA p50=3846 p99=7692  e2eB p50=3527 p99=7692
t=  14  off=  2026 pub=  2022 der=  1739 del=   8067 proc=   8071 ack=   8079  lag=   21646  shed=0 pushErr=0 ackErr=0  e2eA p50=3846 p99=7692  e2eB p50=3527 p99=7692
t=  15  off=  2174 pub=  2168 der=  1902 del=   8253 proc=   8296 ack=   8217  lag=   25028  shed=0 pushErr=0 ackErr=0  e2eA p50=3846 p99=7692  e2eB p50=3527 p99=7692
t=  16  off=  2324 pub=  2329 der=  2032 del=   8849 proc=   8792 ack=   8846  lag=   28725  shed=0 pushErr=0 ackErr=0  e2eA p50=4194 p99=7692  e2eB p50=3527 p99=7692
t=  17  off=  2477 pub=  2455 der=  2094 del=   9473 proc=   9437 ack=   9429  lag=   32213  shed=0 pushErr=0 ackErr=0  e2eA p50=4194 p99=7692  e2eB p50=3527 p99=7692
t=  18  off=  2622 pub=  2640 der=  2213 del=  10866 proc=  10818 ack=  10799  lag=   35100  shed=0 pushErr=0 ackErr=0  e2eA p50=4194 p99=7692  e2eB p50=3527 p99=7692
t=  19  off=  2778 pub=  2770 der=  2502 del=  13403 proc=  13296 ack=  13334  lag=   37084  shed=0 pushErr=0 ackErr=0  e2eA p50=4574 p99=7692  e2eB p50=3527 p99=7692
t=  20  off=  2925 pub=  2909 der=  2490 del=  14565 proc=  14549 ack=  14472  lag=   37894  shed=0 pushErr=0 ackErr=0  e2eA p50=4574 p99=7692  e2eB p50=3527 p99=7692
t=  21  off=  2999 pub=  2990 der=  2627 del=  16005 proc=  15969 ack=  16005  lag=   38050  shed=0 pushErr=0 ackErr=0  e2eA p50=4574 p99=7692  e2eB p50=3527 p99=7692
t=  22  off=  2999 pub=  2948 der=  2406 del=  15737 proc=  15748 ack=  15712  lag=   37280  shed=0 pushErr=0 ackErr=0  e2eA p50=4574 p99=7692  e2eB p50=3527 p99=7692
t=  23  off=  3001 pub=  3053 der=  2689 del=  15538 proc=  15548 ack=  15587  lag=   38230  shed=0 pushErr=0 ackErr=0  e2eA p50=4574 p99=7692  e2eB p50=3527 p99=7692
t=  24  off=  3000 pub=  3010 der=  3157 del=  16139 proc=  16203 ack=  16122  lag=   40822  shed=0 pushErr=0 ackErr=0  e2eA p50=4988 p99=7692  e2eB p50=3527 p99=7692
t=  25  off=  3000 pub=  2991 der=  3188 del=  16429 proc=  16381 ack=  16405  lag=   43372  shed=0 pushErr=0 ackErr=0  e2eA p50=4988 p99=7692  e2eB p50=3527 p99=7692
t=  26  off=  2999 pub=  3009 der=  3121 del=  17124 proc=  17126 ack=  17106  lag=   44860  shed=0 pushErr=0 ackErr=0  e2eA p50=4988 p99=7692  e2eB p50=3527 p99=7692
t=  27  off=  3001 pub=  2970 der=  2810 del=  17341 proc=  17271 ack=  17349  lag=   44609  shed=0 pushErr=0 ackErr=0  e2eA p50=4988 p99=8389  e2eB p50=3527 p99=7054
t=  28  off=  3000 pub=  3037 der=  2853 del=  16836 proc=  16830 ack=  16834  lag=   45081  shed=0 pushErr=0 ackErr=0  e2eA p50=4988 p99=8389  e2eB p50=3527 p99=7054
t=  29  off=  3000 pub=  2999 der=  3047 del=  17685 proc=  17681 ack=  17624  lag=   45634  shed=0 pushErr=0 ackErr=0  e2eA p50=4988 p99=8389  e2eB p50=3846 p99=7692
t=  30  off=  3000 pub=  3008 der=  3118 del=  18173 proc=  18151 ack=  18186  lag=   46081  shed=0 pushErr=0 ackErr=0  e2eA p50=4988 p99=8389  e2eB p50=3846 p99=7692
t=  31  off=  3000 pub=  2996 der=  3139 del=  17989 proc=  18035 ack=  18009  lag=   46737  shed=0 pushErr=0 ackErr=0  e2eA p50=4988 p99=8389  e2eB p50=3846 p99=7692
t=  32  off=  3000 pub=  2888 der=  2556 del=  17320 proc=  17283 ack=  17262  lag=   45122  shed=0 pushErr=0 ackErr=0  e2eA p50=4988 p99=8389  e2eB p50=3846 p99=7692
t=  33  off=  3001 pub=  3106 der=  2837 del=  17752 proc=  17697 ack=  17787  lag=   44716  shed=0 pushErr=0 ackErr=0  e2eA p50=5439 p99=8389  e2eB p50=3846 p99=7692
t=  34  off=  2999 pub=  2998 der=  3089 del=  17546 proc=  17625 ack=  17611  lag=   45534  shed=0 pushErr=0 ackErr=0  e2eA p50=5439 p99=8389  e2eB p50=3846 p99=7692
t=  35  off=  3000 pub=  3006 der=  2996 del=  16939 proc=  17004 ack=  16933  lag=   46516  shed=0 pushErr=0 ackErr=0  e2eA p50=5439 p99=8389  e2eB p50=3846 p99=7692
t=  36  off=  3000 pub=  2992 der=  3084 del=  17968 proc=  17961 ack=  17930  lag=   46967  shed=0 pushErr=0 ackErr=0  e2eA p50=4988 p99=8389  e2eB p50=3846 p99=7692
t=  37  off=  3000 pub=  2989 der=  3074 del=  19447 proc=  19324 ack=  19368  lag=   46002  shed=0 pushErr=0 ackErr=0  e2eA p50=4988 p99=8389  e2eB p50=4194 p99=7692
t=  38  off=  3000 pub=  3015 der=  2812 del=  19090 proc=  19103 ack=  19114  lag=   43974  shed=0 pushErr=0 ackErr=0  e2eA p50=4988 p99=8389  e2eB p50=4194 p99=7692
t=  39  off=  3000 pub=  2991 der=  2993 del=  19878 proc=  19845 ack=  19841  lag=   42085  shed=0 pushErr=0 ackErr=0  e2eA p50=4988 p99=8389  e2eB p50=4194 p99=7692
t=  40  off=  3000 pub=  3000 der=  3011 del=  19707 proc=  19691 ack=  19738  lag=   40449  shed=0 pushErr=0 ackErr=0  e2eA p50=4988 p99=8389  e2eB p50=4194 p99=7692
t=  41  off=  3001 pub=  2979 der=  3066 del=  19760 proc=  19799 ack=  19751  lag=   38959  shed=0 pushErr=0 ackErr=0  e2eA p50=4988 p99=8389  e2eB p50=4194 p99=7692
t=  42  off=  2999 pub=  3002 der=  2842 del=  18780 proc=  18778 ack=  18739  lag=   37393  shed=0 pushErr=0 ackErr=0  e2eA p50=4988 p99=8389  e2eB p50=4194 p99=7692
t=  43  off=  3003 pub=  3042 der=  2999 del=  19599 proc=  19548 ack=  19617  lag=   35882  shed=0 pushErr=0 ackErr=0  e2eA p50=4988 p99=8389  e2eB p50=4194 p99=7692
t=  44  off=  2995 pub=  2978 der=  3234 del=  21022 proc=  21073 ack=  20954  lag=   33957  shed=0 pushErr=0 ackErr=0  e2eA p50=4988 p99=8389  e2eB p50=4194 p99=7692
t=  45  off=  3002 pub=  3000 der=  3106 del=  20749 proc=  20800 ack=  20835  lag=   31687  shed=0 pushErr=0 ackErr=0  e2eA p50=4988 p99=8389  e2eB p50=4194 p99=7692
t=  46  off=  2999 pub=  3004 der=  3053 del=  20664 proc=  20544 ack=  20568  lag=   29412  shed=0 pushErr=0 ackErr=0  e2eA p50=4988 p99=8389  e2eB p50=4194 p99=7692
t=  47  off=  3001 pub=  2998 der=  2946 del=  19859 proc=  19883 ack=  19966  lag=   27257  shed=0 pushErr=0 ackErr=0  e2eA p50=4988 p99=8389  e2eB p50=4194 p99=7692
t=  48  off=  3000 pub=  3003 der=  2836 del=  19174 proc=  19188 ack=  19208  lag=   25252  shed=0 pushErr=0 ackErr=0  e2eA p50=4988 p99=8389  e2eB p50=4194 p99=7692
t=  49  off=  3002 pub=  3010 der=  3077 del=  18417 proc=  18513 ack=  18427  lag=   25134  shed=0 pushErr=0 ackErr=0  e2eA p50=4988 p99=8389  e2eB p50=4194 p99=7692
t=  50  off=  2999 pub=  3008 der=  3257 del=  17991 proc=  18016 ack=  17970  lag=   26411  shed=0 pushErr=0 ackErr=0  e2eA p50=4988 p99=7692  e2eB p50=4194 p99=7692
t=  51  off=  2998 pub=  2997 der=  3124 del=  17669 proc=  17666 ack=  17737  lag=   27362  shed=0 pushErr=0 ackErr=0  e2eA p50=4988 p99=7692  e2eB p50=4194 p99=7692
t=  52  off=  3002 pub=  2882 der=  2818 del=  16963 proc=  16924 ack=  16890  lag=   27410  shed=0 pushErr=0 ackErr=0  e2eA p50=4574 p99=7692  e2eB p50=4194 p99=7692
t=  53  off=  2996 pub=  3106 der=  2744 del=  16392 proc=  16437 ack=  16462  lag=   27799  shed=0 pushErr=0 ackErr=0  e2eA p50=4574 p99=7692  e2eB p50=4194 p99=7692
t=  54  off=  3003 pub=  2985 der=  2900 del=  16954 proc=  16986 ack=  16930  lag=   28298  shed=0 pushErr=0 ackErr=0  e2eA p50=4574 p99=7692  e2eB p50=4194 p99=7692
t=  55  off=  3002 pub=  3009 der=  2773 del=  16552 proc=  16529 ack=  16572  lag=   28643  shed=0 pushErr=0 ackErr=0  e2eA p50=4574 p99=7692  e2eB p50=4194 p99=7692
t=  56  off=  2997 pub=  2963 der=  2652 del=  16203 proc=  16276 ack=  16285  lag=   28590  shed=0 pushErr=0 ackErr=0  e2eA p50=4574 p99=7692  e2eB p50=4194 p99=7692
t=  57  off=  3004 pub=  2989 der=  2672 del=  16293 proc=  16224 ack=  16230  lag=   28715  shed=0 pushErr=0 ackErr=0  e2eA p50=4574 p99=7692  e2eB p50=4194 p99=7692
t=  58  off=  2998 pub=  2980 der=  2663 del=  14548 proc=  14512 ack=  14482  lag=   30498  shed=0 pushErr=0 ackErr=0  e2eA p50=4574 p99=7692  e2eB p50=4194 p99=7692
t=  59  off=  2999 pub=  3050 der=  3002 del=  17822 proc=  17753 ack=  17830  lag=   30805  shed=0 pushErr=0 ackErr=0  e2eA p50=4574 p99=7692  e2eB p50=4194 p99=7692
t=  60  off=  3001 pub=  2968 der=  3080 del=  18305 proc=  18343 ack=  18277  lag=   30830  shed=0 pushErr=0 ackErr=0  e2eA p50=4574 p99=7692  e2eB p50=4194 p99=7692
t=  61  off=  2997 pub=  2985 der=  2757 del=  16885 proc=  16947 ack=  16934  lag=   30653  shed=0 pushErr=0 ackErr=0  e2eA p50=4574 p99=7692  e2eB p50=4194 p99=7692
t=  62  off=  3001 pub=  2881 der=  2811 del=  17617 proc=  17535 ack=  17584  lag=   30054  shed=0 pushErr=0 ackErr=0  e2eA p50=4574 p99=7692  e2eB p50=4194 p99=7692
t=  63  off=  3002 pub=  3125 der=  2573 del=  15732 proc=  15808 ack=  15757  lag=   30236  shed=0 pushErr=0 ackErr=0  e2eA p50=4574 p99=7692  e2eB p50=4194 p99=7692
t=  64  off=  2998 pub=  3032 der=  2829 del=  16234 proc=  16065 ack=  16084  lag=   31348  shed=0 pushErr=0 ackErr=0  e2eA p50=4574 p99=7692  e2eB p50=4194 p99=7692
t=  65  off=  3001 pub=  2997 der=  3334 del=  21609 proc=  21614 ack=  21538  lag=   29401  shed=0 pushErr=0 ackErr=0  e2eA p50=4574 p99=7692  e2eB p50=4194 p99=7692
t=  66  off=  3000 pub=  2971 der=  2890 del=  18926 proc=  19032 ack=  19078  lag=   27790  shed=0 pushErr=0 ackErr=0  e2eA p50=4574 p99=7692  e2eB p50=4194 p99=7692
t=  67  off=  3000 pub=  3013 der=  3231 del=  19728 proc=  19714 ack=  19740  lag=   27244  shed=0 pushErr=0 ackErr=0  e2eA p50=4574 p99=7692  e2eB p50=4574 p99=8389
t=  68  off=  2999 pub=  2994 der=  2899 del=  18278 proc=  18209 ack=  18226  lag=   26524  shed=0 pushErr=0 ackErr=0  e2eA p50=4574 p99=7692  e2eB p50=4574 p99=8389
t=  69  off=  2999 pub=  2980 der=  2947 del=  19661 proc=  19675 ack=  19697  lag=   24564  shed=0 pushErr=0 ackErr=0  e2eA p50=4194 p99=7692  e2eB p50=4574 p99=8389
t=  70  off=  3002 pub=  3015 der=  2938 del=  18846 proc=  18949 ack=  18936  lag=   23320  shed=0 pushErr=0 ackErr=0  e2eA p50=4194 p99=7692  e2eB p50=4574 p99=8389
t=  71  off=  3000 pub=  2995 der=  2771 del=  15591 proc=  15540 ack=  15523  lag=   24630  shed=0 pushErr=0 ackErr=0  e2eA p50=4194 p99=7692  e2eB p50=4574 p99=8389
t=  72  off=  2999 pub=  2864 der=  2647 del=  18289 proc=  18269 ack=  18252  lag=   22460  shed=0 pushErr=0 ackErr=0  e2eA p50=4194 p99=7692  e2eB p50=4574 p99=8389
t=  73  off=  3001 pub=  3122 der=  2825 del=  17997 proc=  18048 ack=  18083  lag=   21659  shed=0 pushErr=0 ackErr=0  e2eA p50=4194 p99=7692  e2eB p50=4574 p99=8389
t=  74  off=  2998 pub=  3000 der=  2957 del=  16113 proc=  16246 ack=  16182  lag=   23198  shed=0 pushErr=0 ackErr=0  e2eA p50=4194 p99=7692  e2eB p50=4574 p99=8389
t=  75  off=  3003 pub=  3037 der=  3258 del=  20990 proc=  20706 ack=  20750  lag=   21819  shed=0 pushErr=0 ackErr=0  e2eA p50=4194 p99=7692  e2eB p50=4574 p99=8389
t=  76  off=  2998 pub=  2946 der=  3217 del=  21247 proc=  21265 ack=  21264  lag=   19585  shed=0 pushErr=0 ackErr=0  e2eA p50=4194 p99=7692  e2eB p50=4574 p99=8389
t=  77  off=  3001 pub=  3012 der=  3056 del=  19755 proc=  19900 ack=  19942  lag=   17977  shed=0 pushErr=0 ackErr=0  e2eA p50=4194 p99=7692  e2eB p50=4574 p99=8389
t=  78  off=  2999 pub=  3045 der=  3140 del=  16126 proc=  16103 ack=  16024  lag=   20619  shed=0 pushErr=0 ackErr=0  e2eA p50=4194 p99=7692  e2eB p50=4574 p99=8389
t=  79  off=  3000 pub=  2996 der=  3069 del=  20406 proc=  20241 ack=  20313  lag=   18719  shed=0 pushErr=0 ackErr=0  e2eA p50=4194 p99=7692  e2eB p50=4194 p99=8389
t=  80  off=  3002 pub=  3002 der=  3233 del=  21155 proc=  21210 ack=  21100  lag=   16676  shed=0 pushErr=0 ackErr=0  e2eA p50=4194 p99=7692  e2eB p50=4194 p99=8389
t=  81  off=  2999 pub=  2960 der=  3517 del=  21395 proc=  21495 ack=  21574  lag=   15726  shed=0 pushErr=0 ackErr=0  e2eA p50=4194 p99=7692  e2eB p50=4194 p99=8389
t=  82  off=  2998 pub=  2953 der=  2632 del=  15333 proc=  15413 ack=  15473  lag=   16426  shed=0 pushErr=0 ackErr=0  e2eA p50=4194 p99=7692  e2eB p50=4194 p99=8389
t=  83  off=  3003 pub=  3006 der=  2646 del=  14428 proc=  14412 ack=  14275  lag=   18250  shed=0 pushErr=0 ackErr=0  e2eA p50=4194 p99=7692  e2eB p50=4194 p99=8389
t=  84  off=  2998 pub=  2958 der=  2557 del=  17530 proc=  17487 ack=  17567  lag=   16506  shed=0 pushErr=0 ackErr=0  e2eA p50=4194 p99=7692  e2eB p50=4194 p99=8389
t=  85  off=  3001 pub=  3125 der=  2945 del=  16440 proc=  16438 ack=  16415  lag=   17918  shed=0 pushErr=0 ackErr=0  e2eA p50=4194 p99=7692  e2eB p50=4194 p99=8389
t=  86  off=  3000 pub=  3006 der=  3067 del=  18603 proc=  18455 ack=  18509  lag=   17804  shed=0 pushErr=0 ackErr=0  e2eA p50=4194 p99=7692  e2eB p50=4194 p99=8389
t=  87  off=  3000 pub=  2925 der=  3122 del=  20330 proc=  20293 ack=  20210  lag=   16046  shed=0 pushErr=0 ackErr=0  e2eA p50=4194 p99=7692  e2eB p50=4194 p99=7692
t=  88  off=  2998 pub=  3040 der=  3289 del=  21398 proc=  21515 ack=  21575  lag=   14016  shed=0 pushErr=0 ackErr=0  e2eA p50=4194 p99=7692  e2eB p50=4194 p99=7692
t=  89  off=  3002 pub=  2954 der=  2931 del=  15867 proc=  16008 ack=  16052  lag=   15617  shed=0 pushErr=0 ackErr=0  e2eA p50=4194 p99=7692  e2eB p50=4194 p99=7692
t=  90  off=  2999 pub=  3099 der=  3100 del=  17460 proc=  17339 ack=  17227  lag=   16877  shed=0 pushErr=0 ackErr=0  e2eA p50=4194 p99=7692  e2eB p50=4194 p99=7692
t=  91  off=  3000 pub=  2917 der=  2737 del=  18534 proc=  18451 ack=  18526  lag=   15028  shed=0 pushErr=0 ackErr=0  e2eA p50=4194 p99=7692  e2eB p50=4194 p99=7692
t=  92  off=  3001 pub=  2937 der=  2971 del=  18228 proc=  18340 ack=  18343  lag=   14480  shed=0 pushErr=0 ackErr=0  e2eA p50=4194 p99=7692  e2eB p50=4194 p99=7692
t=  93  off=  2998 pub=  3100 der=  2704 del=  15022 proc=  15084 ack=  15089  lag=   16016  shed=0 pushErr=0 ackErr=0  e2eA p50=4194 p99=7692  e2eB p50=4194 p99=7692
t=  94  off=  3001 pub=  3023 der=  2787 del=  15804 proc=  15858 ack=  15855  lag=   17116  shed=0 pushErr=0 ackErr=0  e2eA p50=4194 p99=7692  e2eB p50=4194 p99=7692
t=  95  off=  3000 pub=  3005 der=  2838 del=  17481 proc=  17371 ack=  17312  lag=   16940  shed=0 pushErr=0 ackErr=0  e2eA p50=4194 p99=7692  e2eB p50=4194 p99=7692
t=  96  off=  2999 pub=  2931 der=  2898 del=  18549 proc=  18457 ack=  18522  lag=   15904  shed=0 pushErr=0 ackErr=0  e2eA p50=4194 p99=7692  e2eB p50=4194 p99=7692
t=  97  off=  3002 pub=  3085 der=  3115 del=  16104 proc=  16347 ack=  16281  lag=   18217  shed=0 pushErr=0 ackErr=0  e2eA p50=4194 p99=7692  e2eB p50=4194 p99=7692
t=  98  off=  2998 pub=  2926 der=  2934 del=  16286 proc=  16025 ack=  16054  lag=   19788  shed=0 pushErr=0 ackErr=0  e2eA p50=4194 p99=7692  e2eB p50=4194 p99=7692
t=  99  off=  3002 pub=  3031 der=  3142 del=  20825 proc=  20904 ack=  20902  lag=   17625  shed=0 pushErr=0 ackErr=0  e2eA p50=4194 p99=7692  e2eB p50=4194 p99=7692
t= 100  off=  2999 pub=  3018 der=  3090 del=  19537 proc=  19525 ack=  19624  lag=   16568  shed=0 pushErr=0 ackErr=0  e2eA p50=4194 p99=7692  e2eB p50=4194 p99=7692
t= 101  off=  2998 pub=  2981 der=  3167 del=  18161 proc=  18130 ack=  18011  lag=   17254  shed=0 pushErr=0 ackErr=0  e2eA p50=4194 p99=7692  e2eB p50=4194 p99=7692
t= 102  off=  3003 pub=  2944 der=  3007 del=  19812 proc=  19843 ack=  19856  lag=   15390  shed=0 pushErr=0 ackErr=0  e2eA p50=4194 p99=7692  e2eB p50=4194 p99=7692
t= 103  off=  2999 pub=  3028 der=  2725 del=  15822 proc=  16005 ack=  16012  lag=   16038  shed=0 pushErr=0 ackErr=0  e2eA p50=4194 p99=7692  e2eB p50=4194 p99=7692
t= 104  off=  3000 pub=  3052 der=  3034 del=  14927 proc=  14826 ack=  14858  lag=   19434  shed=0 pushErr=0 ackErr=0  e2eA p50=4194 p99=7692  e2eB p50=4194 p99=7692
t= 105  off=  3003 pub=  2946 der=  2963 del=  17755 proc=  17661 ack=  17646  lag=   19534  shed=0 pushErr=0 ackErr=0  e2eA p50=4194 p99=7692  e2eB p50=4194 p99=7692
t= 106  off=  2996 pub=  3082 der=  3470 del=  22667 proc=  22569 ack=  22431  lag=   17397  shed=0 pushErr=0 ackErr=0  e2eA p50=4194 p99=7692  e2eB p50=4194 p99=7692
t= 107  off=  3001 pub=  2997 der=  3566 del=  23744 proc=  23723 ack=  23830  lag=   14501  shed=0 pushErr=0 ackErr=0  e2eA p50=4194 p99=7692  e2eB p50=4194 p99=7692
t= 108  off=  3002 pub=  2988 der=  3220 del=  18644 proc=  18882 ack=  19001  lag=   14707  shed=0 pushErr=0 ackErr=0  e2eA p50=4194 p99=7692  e2eB p50=4194 p99=7692
t= 109  off=  2999 pub=  2977 der=  2909 del=  13052 proc=  13019 ack=  12902  lag=   19210  shed=0 pushErr=0 ackErr=0  e2eA p50=4194 p99=7692  e2eB p50=4194 p99=7692
t= 110  off=  2998 pub=  3029 der=  3023 del=  20088 proc=  19984 ack=  19970  lag=   17370  shed=0 pushErr=0 ackErr=0  e2eA p50=4194 p99=7692  e2eB p50=4194 p99=7692
t= 111  off=  3002 pub=  3023 der=  3386 del=  21515 proc=  21494 ack=  21553  lag=   15829  shed=0 pushErr=0 ackErr=0  e2eA p50=4194 p99=7692  e2eB p50=4194 p99=7692
t= 112  off=  3000 pub=  2947 der=  3075 del=  20054 proc=  20001 ack=  20036  lag=   14150  shed=0 pushErr=0 ackErr=0  e2eA p50=4194 p99=7692  e2eB p50=4194 p99=7692
t= 113  off=  3000 pub=  3029 der=  2780 del=  16367 proc=  16647 ack=  16618  lag=   14432  shed=0 pushErr=0 ackErr=0  e2eA p50=4194 p99=7692  e2eB p50=4194 p99=7692
t= 114  off=  3000 pub=  2969 der=  2740 del=  14895 proc=  14804 ack=  14753  lag=   16297  shed=0 pushErr=0 ackErr=0  e2eA p50=4194 p99=7692  e2eB p50=4194 p99=7692
t= 115  off=  2999 pub=  2986 der=  3024 del=  19544 proc=  19398 ack=  19469  lag=   15005  shed=0 pushErr=0 ackErr=0  e2eA p50=4194 p99=7692  e2eB p50=4194 p99=7692
t= 116  off=  2997 pub=  2961 der=  2877 del=  19407 proc=  19489 ack=  19495  lag=   12862  shed=0 pushErr=0 ackErr=0  e2eA p50=4194 p99=7692  e2eB p50=4194 p99=7692
t= 117  off=  3003 pub=  3094 der=  2884 del=  13541 proc=  13711 ack=  13708  lag=   16665  shed=0 pushErr=0 ackErr=0  e2eA p50=4194 p99=7692  e2eB p50=4194 p99=7692
t= 118  off=  3000 pub=  2955 der=  3079 del=  14780 proc=  14613 ack=  14544  lag=   20402  shed=0 pushErr=0 ackErr=0  e2eA p50=4194 p99=7692  e2eB p50=4194 p99=7692
t= 119  off=  3000 pub=  3030 der=  3272 del=  21163 proc=  21000 ack=  21070  lag=   18792  shed=0 pushErr=0 ackErr=0  e2eA p50=4194 p99=7692  e2eB p50=4194 p99=7692
t= 120  off=  3001 pub=  3000 der=  3362 del=  21637 proc=  21777 ack=  21676  lag=   16825  shed=0 pushErr=0 ackErr=0  e2eA p50=4194 p99=7692  e2eB p50=4194 p99=7692
t= 121  off=  3001 pub=  2932 der=  3196 del=  20425 proc=  20413 ack=  20497  lag=   15324  shed=0 pushErr=0 ackErr=0  e2eA p50=4194 p99=7692  e2eB p50=4194 p99=7692
t= 122  off=  2999 pub=  2998 der=  2805 del=  17410 proc=  17644 ack=  17561  lag=   14703  shed=0 pushErr=0 ackErr=0  e2eA p50=4194 p99=7692  e2eB p50=3846 p99=7692
t= 123  off=  2999 pub=  3057 der=  2325 del=  12515 proc=  12471 ack=  12559  lag=   16914  shed=0 pushErr=0 ackErr=0  e2eA p50=4194 p99=7692  e2eB p50=3846 p99=7692
t= 124  off=  3001 pub=  2993 der=  2862 del=  17441 proc=  17280 ack=  17193  lag=   16937  shed=0 pushErr=0 ackErr=0  e2eA p50=4194 p99=7692  e2eB p50=3846 p99=7692
t= 125  off=  3000 pub=  2958 der=  2829 del=  19294 proc=  19220 ack=  19289  lag=   14820  shed=0 pushErr=0 ackErr=0  e2eA p50=4194 p99=7692  e2eB p50=3846 p99=7692
t= 126  off=  3000 pub=  2945 der=  2584 del=  14534 proc=  14646 ack=  14727  lag=   16039  shed=0 pushErr=0 ackErr=0  e2eA p50=4194 p99=7692  e2eB p50=3846 p99=7692
t= 127  off=  3001 pub=  3100 der=  2841 del=  16153 proc=  16064 ack=  16000  lag=   17280  shed=0 pushErr=0 ackErr=0  e2eA p50=4194 p99=7692  e2eB p50=3846 p99=7692
t= 128  off=  2998 pub=  2991 der=  3166 del=  20196 proc=  20277 ack=  20134  lag=   15824  shed=0 pushErr=0 ackErr=0  e2eA p50=4194 p99=7692  e2eB p50=3846 p99=7692
t= 129  off=  3001 pub=  2944 der=  3116 del=  20020 proc=  20090 ack=  20157  lag=   14258  shed=0 pushErr=0 ackErr=0  e2eA p50=4194 p99=7692  e2eB p50=3846 p99=7692
t= 130  off=  3005 pub=  3075 der=  2933 del=  16931 proc=  16783 ack=  16831  lag=   15215  shed=0 pushErr=0 ackErr=0  e2eA p50=4194 p99=7692  e2eB p50=3846 p99=7692
t= 131  off=  2992 pub=  2982 der=  2914 del=  16256 proc=  16436 ack=  16447  lag=   16331  shed=0 pushErr=0 ackErr=0  e2eA p50=4194 p99=7692  e2eB p50=3846 p99=7692
t= 132  off=  3004 pub=  2934 der=  2781 del=  14445 proc=  14442 ack=  14302  lag=   18728  shed=0 pushErr=0 ackErr=0  e2eA p50=4194 p99=7692  e2eB p50=3846 p99=7692
t= 133  off=  2997 pub=  3025 der=  2710 del=  16029 proc=  15951 ack=  16075  lag=   19352  shed=0 pushErr=0 ackErr=0  e2eA p50=4194 p99=7692  e2eB p50=3846 p99=7692
t= 134  off=  3003 pub=  3008 der=  3039 del=  19861 proc=  19567 ack=  19532  lag=   17988  shed=0 pushErr=0 ackErr=0  e2eA p50=4194 p99=7692  e2eB p50=3846 p99=7692
t= 135  off=  2999 pub=  3030 der=  3466 del=  22905 proc=  22982 ack=  22983  lag=   15366  shed=0 pushErr=0 ackErr=0  e2eA p50=4194 p99=7692  e2eB p50=3846 p99=7692
t= 136  off=  2999 pub=  2989 der=  3126 del=  19008 proc=  19284 ack=  19360  lag=   14701  shed=0 pushErr=0 ackErr=0  e2eA p50=4194 p99=7692  e2eB p50=3846 p99=7692
t= 137  off=  3001 pub=  2978 der=  2929 del=  13244 proc=  13282 ack=  13261  lag=   19042  shed=0 pushErr=0 ackErr=0  e2eA p50=4194 p99=7692  e2eB p50=3846 p99=7692
t= 138  off=  3000 pub=  3055 der=  3318 del=  19467 proc=  19219 ack=  19136  lag=   19468  shed=0 pushErr=0 ackErr=0  e2eA p50=4194 p99=7692  e2eB p50=3846 p99=7692
t= 139  off=  3000 pub=  2985 der=  3280 del=  22262 proc=  22260 ack=  22318  lag=   16593  shed=0 pushErr=0 ackErr=0  e2eA p50=4194 p99=7692  e2eB p50=3846 p99=7692
t= 140  off=  2999 pub=  2961 der=  2983 del=  20111 proc=  20184 ack=  20243  lag=   14285  shed=0 pushErr=0 ackErr=0  e2eA p50=4194 p99=7692  e2eB p50=3846 p99=7692
t= 141  off=  3000 pub=  3067 der=  2985 del=  15600 proc=  15681 ack=  15615  lag=   16596  shed=0 pushErr=0 ackErr=0  e2eA p50=4194 p99=7692  e2eB p50=3846 p99=7692
t= 142  off=  3001 pub=  2919 der=  2455 del=  15578 proc=  15599 ack=  15614  lag=   16191  shed=0 pushErr=0 ackErr=0  e2eA p50=4194 p99=7692  e2eB p50=3846 p99=7692
t= 143  off=  2999 pub=  3048 der=  2778 del=  16360 proc=  16287 ack=  16319  lag=   16842  shed=0 pushErr=0 ackErr=0  e2eA p50=4194 p99=7692  e2eB p50=3846 p99=7692
t= 144  off=  3001 pub=  3014 der=  3049 del=  17700 proc=  17678 ack=  17694  lag=   17423  shed=0 pushErr=0 ackErr=0  e2eA p50=4194 p99=7692  e2eB p50=3846 p99=7692
t= 145  off=  3002 pub=  3016 der=  3035 del=  18435 proc=  18351 ack=  18300  lag=   17263  shed=0 pushErr=0 ackErr=0  e2eA p50=4194 p99=7692  e2eB p50=3846 p99=7692
t= 146  off=  2999 pub=  3000 der=  2913 del=  18724 proc=  18873 ack=  18830  lag=   15955  shed=0 pushErr=0 ackErr=0  e2eA p50=4194 p99=7692  e2eB p50=3846 p99=7692
t= 147  off=  2999 pub=  2948 der=  3217 del=  19571 proc=  19656 ack=  19776  lag=   15332  shed=0 pushErr=0 ackErr=0  e2eA p50=4194 p99=7692  e2eB p50=3846 p99=7692
t= 148  off=  2999 pub=  3046 der=  3124 del=  17678 proc=  17499 ack=  17438  lag=   16499  shed=0 pushErr=0 ackErr=0  e2eA p50=4194 p99=7692  e2eB p50=3846 p99=7692
t= 149  off=  3000 pub=  2983 der=  3153 del=  19249 proc=  19268 ack=  19212  lag=   15979  shed=0 pushErr=0 ackErr=0  e2eA p50=4194 p99=7692  e2eB p50=3846 p99=7692
t= 150  off=  3000 pub=  2986 der=  3257 del=  20444 proc=  20422 ack=  20460  lag=   14828  shed=0 pushErr=0 ackErr=0  e2eA p50=4194 p99=7692  e2eB p50=3846 p99=7692
t= 151  off=  2999 pub=  2950 der=  2949 del=  18258 proc=  18423 ack=  18417  lag=   14100  shed=0 pushErr=0 ackErr=0  e2eA p50=4194 p99=7692  e2eB p50=3846 p99=7692
t= 152  off=  3001 pub=  2986 der=  2812 del=  14871 proc=  14883 ack=  14962  lag=   16263  shed=0 pushErr=0 ackErr=0  e2eA p50=4194 p99=7692  e2eB p50=3846 p99=7692
t= 153  off=  3001 pub=  3048 der=  2768 del=  15183 proc=  15090 ack=  15037  lag=   18061  shed=0 pushErr=0 ackErr=0  e2eA p50=4194 p99=7692  e2eB p50=3846 p99=7692
t= 154  off=  3003 pub=  3003 der=  3035 del=  18451 proc=  18460 ack=  18342  lag=   17779  shed=0 pushErr=0 ackErr=0  e2eA p50=4194 p99=7692  e2eB p50=3846 p99=7692
t= 155  off=  2997 pub=  2996 der=  3001 del=  20058 proc=  19872 ack=  20017  lag=   15908  shed=0 pushErr=0 ackErr=0  e2eA p50=4194 p99=7692  e2eB p50=3846 p99=7692
t= 156  off=  2999 pub=  2930 der=  2826 del=  18014 proc=  18178 ack=  18121  lag=   14790  shed=0 pushErr=0 ackErr=0  e2eA p50=4194 p99=7692  e2eB p50=3846 p99=7692
t= 157  off=  3001 pub=  3073 der=  2984 del=  15724 proc=  15799 ack=  15758  lag=   16984  shed=0 pushErr=0 ackErr=0  e2eA p50=4194 p99=7692  e2eB p50=3846 p99=7692
t= 158  off=  2998 pub=  3022 der=  3016 del=  19565 proc=  19442 ack=  19416  lag=   15644  shed=0 pushErr=0 ackErr=0  e2eA p50=4194 p99=7692  e2eB p50=3846 p99=7692
t= 159  off=  3003 pub=  3036 der=  3076 del=  18129 proc=  18197 ack=  18272  lag=   15863  shed=0 pushErr=0 ackErr=0  e2eA p50=4194 p99=7692  e2eB p50=3846 p99=7692
t= 160  off=  3000 pub=  2962 der=  3002 del=  16499 proc=  16655 ack=  16640  lag=   17180  shed=0 pushErr=0 ackErr=0  e2eA p50=4194 p99=7692  e2eB p50=3846 p99=7692
t= 161  off=  2999 pub=  2982 der=  2924 del=  15721 proc=  15413 ack=  15456  lag=   19369  shed=0 pushErr=0 ackErr=0  e2eA p50=4194 p99=7692  e2eB p50=3846 p99=7692
t= 162  off=  3000 pub=  2979 der=  2982 del=  20618 proc=  20794 ack=  20736  lag=   16464  shed=0 pushErr=0 ackErr=0  e2eA p50=4194 p99=7692  e2eB p50=3846 p99=7692
t= 163  off=  3001 pub=  3064 der=  2992 del=  19585 proc=  19432 ack=  19434  lag=   15056  shed=0 pushErr=0 ackErr=0  e2eA p50=4194 p99=7692  e2eB p50=3846 p99=7692
t= 164  off=  2998 pub=  2943 der=  3115 del=  18484 proc=  18681 ack=  18633  lag=   14893  shed=0 pushErr=0 ackErr=0  e2eA p50=4194 p99=7692  e2eB p50=3846 p99=7692
t= 165  off=  3001 pub=  3029 der=  2704 del=  14144 proc=  14252 ack=  14327  lag=   17190  shed=0 pushErr=0 ackErr=0  e2eA p50=4194 p99=7692  e2eB p50=3846 p99=7692
t= 166  off=  2998 pub=  2979 der=  2814 del=  15912 proc=  15643 ack=  15629  lag=   18596  shed=0 pushErr=0 ackErr=0  e2eA p50=4194 p99=7692  e2eB p50=3846 p99=7692
t= 167  off=  3001 pub=  2986 der=  2819 del=  17719 proc=  17765 ack=  17822  lag=   17912  shed=0 pushErr=0 ackErr=0  e2eA p50=4194 p99=7692  e2eB p50=3846 p99=7692
t= 168  off=  3001 pub=  2895 der=  3008 del=  19723 proc=  19739 ack=  19684  lag=   16108  shed=0 pushErr=0 ackErr=0  e2eA p50=4194 p99=7692  e2eB p50=3846 p99=7692
t= 169  off=  3001 pub=  3176 der=  3157 del=  18007 proc=  17998 ack=  18007  lag=   17071  shed=0 pushErr=0 ackErr=0  e2eA p50=4194 p99=7692  e2eB p50=3846 p99=7692
t= 170  off=  2998 pub=  2920 der=  3184 del=  18622 proc=  18575 ack=  18668  lag=   17336  shed=0 pushErr=0 ackErr=0  e2eA p50=4194 p99=7692  e2eB p50=3846 p99=7692
t= 171  off=  3000 pub=  3084 der=  3261 del=  19244 proc=  19267 ack=  19121  lag=   17458  shed=0 pushErr=0 ackErr=0  e2eA p50=4194 p99=7692  e2eB p50=3846 p99=7692
t= 172  off=  3000 pub=  2883 der=  2990 del=  19780 proc=  19813 ack=  19875  lag=   15478  shed=0 pushErr=0 ackErr=0  e2eA p50=4194 p99=7692  e2eB p50=3846 p99=7692
t= 173  off=  3003 pub=  3076 der=  2906 del=  17719 proc=  17645 ack=  17584  lag=   15439  shed=0 pushErr=0 ackErr=0  e2eA p50=4194 p99=7692  e2eB p50=3846 p99=7692
t= 174  off=  2998 pub=  3020 der=  3035 del=  17234 proc=  17470 ack=  17509  lag=   16164  shed=0 pushErr=0 ackErr=0  e2eA p50=4194 p99=7692  e2eB p50=3846 p99=7692
t= 175  off=  2999 pub=  2991 der=  3074 del=  16777 proc=  16582 ack=  16549  lag=   17943  shed=0 pushErr=0 ackErr=0  e2eA p50=4194 p99=7692  e2eB p50=3846 p99=7692
t= 176  off=  3001 pub=  2964 der=  3076 del=  18981 proc=  18961 ack=  19062  lag=   17326  shed=0 pushErr=0 ackErr=0  e2eA p50=4194 p99=7692  e2eB p50=3846 p99=7692
t= 177  off=  2999 pub=  3043 der=  3027 del=  19867 proc=  19836 ack=  19683  lag=   15668  shed=0 pushErr=0 ackErr=0  e2eA p50=4194 p99=7692  e2eB p50=3846 p99=7692
t= 178  off=  3001 pub=  2997 der=  3024 del=  18701 proc=  18870 ack=  18953  lag=   14915  shed=0 pushErr=0 ackErr=0  e2eA p50=4194 p99=7692  e2eB p50=3846 p99=7692
t= 179  off=  3000 pub=  2995 der=  3144 del=  17543 proc=  17410 ack=  17476  lag=   16220  shed=0 pushErr=0 ackErr=0  e2eA p50=4194 p99=7692  e2eB p50=3846 p99=7692
t= 180  off=  3000 pub=  3007 der=  3187 del=  18968 proc=  19118 ack=  19002  lag=   16044  shed=0 pushErr=0 ackErr=0  e2eA p50=4194 p99=7692  e2eB p50=3846 p99=7692
t= 181  off=  3002 pub=  2958 der=  3122 del=  19300 proc=  19241 ack=  19269  lag=   15371  shed=0 pushErr=0 ackErr=0  e2eA p50=4194 p99=7692  e2eB p50=3846 p99=7692
t= 182  off=  3000 pub=  2974 der=  2844 del=  17200 proc=  17344 ack=  17326  lag=   15221  shed=0 pushErr=0 ackErr=0  e2eA p50=4194 p99=7692  e2eB p50=3846 p99=7692
t= 183  off=  2998 pub=  3037 der=  2506 del=  13001 proc=  12913 ack=  13029  lag=   17875  shed=0 pushErr=0 ackErr=0  e2eA p50=4194 p99=7692  e2eB p50=3846 p99=7692
t= 184  off=  2999 pub=  2991 der=  3077 del=  17687 proc=  17530 ack=  17506  lag=   18721  shed=0 pushErr=0 ackErr=0  e2eA p50=4194 p99=7692  e2eB p50=3846 p99=7692
t= 185  off=  3002 pub=  2938 der=  3100 del=  20681 proc=  20608 ack=  20539  lag=   16551  shed=0 pushErr=0 ackErr=0  e2eA p50=4194 p99=7692  e2eB p50=3846 p99=7692
t= 186  off=  2999 pub=  3092 der=  3121 del=  20998 proc=  21007 ack=  21151  lag=   14241  shed=0 pushErr=0 ackErr=0  e2eA p50=4194 p99=7692  e2eB p50=3846 p99=7692
t= 187  off=  3000 pub=  2974 der=  2702 del=  14468 proc=  14768 ack=  14743  lag=   15957  shed=0 pushErr=0 ackErr=0  e2eA p50=4194 p99=7692  e2eB p50=3846 p99=7692
t= 188  off=  3001 pub=  3041 der=  3056 del=  15433 proc=  15224 ack=  15130  lag=   19054  shed=0 pushErr=0 ackErr=0  e2eA p50=4194 p99=7692  e2eB p50=3846 p99=7692
t= 189  off=  3002 pub=  2988 der=  3108 del=  20101 proc=  20070 ack=  20053  lag=   17512  shed=0 pushErr=0 ackErr=0  e2eA p50=4194 p99=7692  e2eB p50=3846 p99=7692
t= 190  off=  2996 pub=  3016 der=  3176 del=  20995 proc=  20918 ack=  20959  lag=   15490  shed=0 pushErr=0 ackErr=0  e2eA p50=4194 p99=7692  e2eB p50=3846 p99=7692
t= 191  off=  3000 pub=  2990 der=  3112 del=  18345 proc=  18630 ack=  18667  lag=   15410  shed=0 pushErr=0 ackErr=0  e2eA p50=4194 p99=7692  e2eB p50=3846 p99=7692
t= 192  off=  3001 pub=  2940 der=  3045 del=  16084 proc=  16017 ack=  15879  lag=   17558  shed=0 pushErr=0 ackErr=0  e2eA p50=4194 p99=7692  e2eB p50=3846 p99=7692
t= 193  off=  3001 pub=  3071 der=  2707 del=  17474 proc=  17354 ack=  17439  lag=   16810  shed=0 pushErr=0 ackErr=0  e2eA p50=4194 p99=7692  e2eB p50=3846 p99=7692
t= 194  off=  2998 pub=  2995 der=  3208 del=  20444 proc=  20465 ack=  20461  lag=   15380  shed=0 pushErr=0 ackErr=0  e2eA p50=4194 p99=7692  e2eB p50=3846 p99=7692
t= 195  off=  3000 pub=  2996 der=  3129 del=  20162 proc=  20213 ack=  20198  lag=   13808  shed=0 pushErr=0 ackErr=0  e2eA p50=4194 p99=7692  e2eB p50=3846 p99=7692
t= 196  off=  3000 pub=  2993 der=  2948 del=  16972 proc=  17054 ack=  17117  lag=   14487  shed=0 pushErr=0 ackErr=0  e2eA p50=4194 p99=7692  e2eB p50=3846 p99=7692
t= 197  off=  3001 pub=  2953 der=  2898 del=  15269 proc=  15249 ack=  15199  lag=   16681  shed=0 pushErr=0 ackErr=0  e2eA p50=4194 p99=7692  e2eB p50=3846 p99=7692
t= 198  off=  3002 pub=  3053 der=  2982 del=  18414 proc=  18245 ack=  18227  lag=   16399  shed=0 pushErr=0 ackErr=0  e2eA p50=4194 p99=7692  e2eB p50=3846 p99=7692
t= 199  off=  2999 pub=  3008 der=  3290 del=  21548 proc=  21513 ack=  21563  lag=   14344  shed=0 pushErr=0 ackErr=0  e2eA p50=4194 p99=7692  e2eB p50=3846 p99=7692
t= 200  off=  2999 pub=  2944 der=  2827 del=  17287 proc=  17510 ack=  17523  lag=   13913  shed=0 pushErr=0 ackErr=0  e2eA p50=4194 p99=7692  e2eB p50=3846 p99=7692
t= 201  off=  2997 pub=  2984 der=  2797 del=  13165 proc=  13115 ack=  13138  lag=   17767  shed=0 pushErr=0 ackErr=0  e2eA p50=4194 p99=7692  e2eB p50=3846 p99=7692
t= 202  off=  3002 pub=  3040 der=  3108 del=  18970 proc=  19014 ack=  18792  lag=   17333  shed=0 pushErr=0 ackErr=0  e2eA p50=4194 p99=7692  e2eB p50=3846 p99=7692
t= 203  off=  2998 pub=  3045 der=  3146 del=  18973 proc=  18819 ack=  18899  lag=   17289  shed=0 pushErr=0 ackErr=0  e2eA p50=4194 p99=7692  e2eB p50=3846 p99=7692
t= 204  off=  3006 pub=  3026 der=  3600 del=  21903 proc=  21821 ack=  21912  lag=   16494  shed=0 pushErr=0 ackErr=0  e2eA p50=4194 p99=7692  e2eB p50=3846 p99=7692
t= 205  off=  2997 pub=  2993 der=  3514 del=  21199 proc=  21273 ack=  21293  lag=   15784  shed=0 pushErr=0 ackErr=0  e2eA p50=4194 p99=7692  e2eB p50=3846 p99=7692
t= 206  off=  3002 pub=  2949 der=  2907 del=  18272 proc=  18354 ack=  18350  lag=   14914  shed=0 pushErr=0 ackErr=0  e2eA p50=4194 p99=7692  e2eB p50=3846 p99=7692
t= 207  off=  2997 pub=  3017 der=  2920 del=  18750 proc=  18767 ack=  18720  lag=   13764  shed=0 pushErr=0 ackErr=0  e2eA p50=4194 p99=7692  e2eB p50=3846 p99=7692
t= 208  off=  3001 pub=  2984 der=  2487 del=  15169 proc=  15304 ack=  15336  lag=   13879  shed=0 pushErr=0 ackErr=0  e2eA p50=4194 p99=7692  e2eB p50=3846 p99=7692
t= 209  off=  3001 pub=  2966 der=  2633 del=  13671 proc=  13527 ack=  13579  lag=   16483  shed=0 pushErr=0 ackErr=0  e2eA p50=4194 p99=7692  e2eB p50=3846 p99=7692
t= 210  off=  2998 pub=  3055 der=  3084 del=  19839 proc=  19773 ack=  19684  lag=   15185  shed=0 pushErr=0 ackErr=0  e2eA p50=4194 p99=7692  e2eB p50=3846 p99=7692
t= 211  off=  3001 pub=  2964 der=  3037 del=  19347 proc=  19389 ack=  19373  lag=   13945  shed=0 pushErr=0 ackErr=0  e2eA p50=4194 p99=7692  e2eB p50=3846 p99=7692
t= 212  off=  3003 pub=  3014 der=  2852 del=  15179 proc=  15380 ack=  15449  lag=   15839  shed=0 pushErr=0 ackErr=0  e2eA p50=4194 p99=7692  e2eB p50=3846 p99=7692
t= 213  off=  2996 pub=  3011 der=  2615 del=  12477 proc=  12348 ack=  12363  lag=   19577  shed=0 pushErr=0 ackErr=0  e2eA p50=4194 p99=7692  e2eB p50=3846 p99=7692
t= 214  off=  3000 pub=  3021 der=  3118 del=  17779 proc=  17583 ack=  17544  lag=   20605  shed=0 pushErr=0 ackErr=0  e2eA p50=4194 p99=7692  e2eB p50=3846 p99=7692
t= 215  off=  3000 pub=  2999 der=  3296 del=  22178 proc=  22173 ack=  22171  lag=   17911  shed=0 pushErr=0 ackErr=0  e2eA p50=4194 p99=7692  e2eB p50=3846 p99=7692
t= 216  off=  3001 pub=  2973 der=  3356 del=  22158 proc=  22249 ack=  22158  lag=   15415  shed=0 pushErr=0 ackErr=0  e2eA p50=4194 p99=7692  e2eB p50=3846 p99=7692
t= 217  off=  3000 pub=  2935 der=  2784 del=  18442 proc=  18502 ack=  18643  lag=   13768  shed=0 pushErr=0 ackErr=0  e2eA p50=4194 p99=7692  e2eB p50=3846 p99=7692
t= 218  off=  3000 pub=  3019 der=  2527 del=  14055 proc=  14202 ack=  14158  lag=   15220  shed=0 pushErr=0 ackErr=0  e2eA p50=4194 p99=7692  e2eB p50=3846 p99=7692
t= 219  off=  3001 pub=  3083 der=  2946 del=  14646 proc=  14531 ack=  14525  lag=   18502  shed=0 pushErr=0 ackErr=0  e2eA p50=4194 p99=7692  e2eB p50=3846 p99=7692
t= 220  off=  2999 pub=  2967 der=  2837 del=  18194 proc=  18069 ack=  18106  lag=   17585  shed=0 pushErr=0 ackErr=0  e2eA p50=4194 p99=7692  e2eB p50=3846 p99=7692
t= 221  off=  2999 pub=  3011 der=  3001 del=  18942 proc=  18897 ack=  18871  lag=   16704  shed=0 pushErr=0 ackErr=0  e2eA p50=4194 p99=7692  e2eB p50=3846 p99=7692
t= 222  off=  3003 pub=  2963 der=  3155 del=  20001 proc=  20130 ack=  20030  lag=   15312  shed=0 pushErr=0 ackErr=0  e2eA p50=4194 p99=7692  e2eB p50=3846 p99=7692
t= 223  off=  2998 pub=  3065 der=  2896 del=  16662 proc=  16740 ack=  16840  lag=   16117  shed=0 pushErr=0 ackErr=0  e2eA p50=4194 p99=7692  e2eB p50=3846 p99=7692
t= 224  off=  2999 pub=  3005 der=  3020 del=  15061 proc=  15105 ack=  15079  lag=   19117  shed=0 pushErr=0 ackErr=0  e2eA p50=4194 p99=7692  e2eB p50=3846 p99=7692
t= 225  off=  3000 pub=  2945 der=  3077 del=  18900 proc=  18656 ack=  18610  lag=   18791  shed=0 pushErr=0 ackErr=0  e2eA p50=4194 p99=7692  e2eB p50=3846 p99=7692
t= 226  off=  3000 pub=  2991 der=  3217 del=  21538 proc=  21584 ack=  21629  lag=   16283  shed=0 pushErr=0 ackErr=0  e2eA p50=4194 p99=7692  e2eB p50=3846 p99=7692
t= 227  off=  3001 pub=  3004 der=  2966 del=  17776 proc=  17844 ack=  17879  lag=   16273  shed=0 pushErr=0 ackErr=0  e2eA p50=4194 p99=7692  e2eB p50=3846 p99=7692
t= 228  off=  2999 pub=  2987 der=  2988 del=  17016 proc=  17093 ack=  17105  lag=   17107  shed=0 pushErr=0 ackErr=0  e2eA p50=4194 p99=7692  e2eB p50=3846 p99=7692
t= 229  off=  3003 pub=  3037 der=  2921 del=  18990 proc=  18885 ack=  18776  lag=   15864  shed=0 pushErr=0 ackErr=0  e2eA p50=4194 p99=7692  e2eB p50=3846 p99=7692
t= 230  off=  2999 pub=  3001 der=  2986 del=  19142 proc=  19214 ack=  19276  lag=   14581  shed=0 pushErr=0 ackErr=0  e2eA p50=4194 p99=7692  e2eB p50=3846 p99=7692
t= 231  off=  2998 pub=  3004 der=  3057 del=  16419 proc=  16432 ack=  16488  lag=   16438  shed=0 pushErr=0 ackErr=0  e2eA p50=4194 p99=7692  e2eB p50=3846 p99=7692
t= 232  off=  3000 pub=  2939 der=  2922 del=  19352 proc=  19301 ack=  19223  lag=   14686  shed=0 pushErr=0 ackErr=0  e2eA p50=4194 p99=7692  e2eB p50=3846 p99=7692
t= 233  off=  3000 pub=  3030 der=  2832 del=  17226 proc=  17302 ack=  17336  lag=   14574  shed=0 pushErr=0 ackErr=0  e2eA p50=4194 p99=7692  e2eB p50=3846 p99=7692
t= 234  off=  3003 pub=  2997 der=  2971 del=  13641 proc=  13658 ack=  13666  lag=   18768  shed=0 pushErr=0 ackErr=0  e2eA p50=4194 p99=7692  e2eB p50=3846 p99=7692
t= 235  off=  2998 pub=  3014 der=  3144 del=  17932 proc=  17685 ack=  17649  lag=   19817  shed=0 pushErr=0 ackErr=0  e2eA p50=4194 p99=7692  e2eB p50=3846 p99=7692
t= 236  off=  2999 pub=  3025 der=  3243 del=  21962 proc=  21946 ack=  21955  lag=   17111  shed=0 pushErr=0 ackErr=0  e2eA p50=4194 p99=7692  e2eB p50=3846 p99=7692
t= 237  off=  3000 pub=  2986 der=  3449 del=  22800 proc=  22796 ack=  22833  lag=   14546  shed=0 pushErr=0 ackErr=0  e2eA p50=4194 p99=7692  e2eB p50=3846 p99=7692
t= 238  off=  3001 pub=  3010 der=  3069 del=  18090 proc=  18409 ack=  18406  lag=   14492  shed=0 pushErr=0 ackErr=0  e2eA p50=4194 p99=7692  e2eB p50=3846 p99=7692
t= 239  off=  3001 pub=  2994 der=  2864 del=  15064 proc=  14912 ack=  14888  lag=   16894  shed=0 pushErr=0 ackErr=0  e2eA p50=4194 p99=7692  e2eB p50=3846 p99=7692
t= 240  off=  2998 pub=  3024 der=  3281 del=  20962 proc=  20849 ack=  20862  lag=   15474  shed=0 pushErr=0 ackErr=0  e2eA p50=4194 p99=7692  e2eB p50=3846 p99=7692
t= 241  off=  3001 pub=  2983 der=  3331 del=  21106 proc=  21128 ack=  21131  lag=   13984  shed=0 pushErr=0 ackErr=0  e2eA p50=4194 p99=7692  e2eB p50=3846 p99=7692
t= 242  off=  3000 pub=  2950 der=  2924 del=  19030 proc=  19274 ack=  19123  lag=   12280  shed=0 pushErr=0 ackErr=0  e2eA p50=4194 p99=7692  e2eB p50=3846 p99=7692
t= 243  off=  3002 pub=  3027 der=  2314 del=  12961 proc=  13079 ack=  13237  lag=   13798  shed=0 pushErr=0 ackErr=0  e2eA p50=4194 p99=7692  e2eB p50=3846 p99=7692
t= 244  off=  2997 pub=  2964 der=  2725 del=  12997 proc=  12853 ack=  12889  lag=   17534  shed=0 pushErr=0 ackErr=0  e2eA p50=4194 p99=7692  e2eB p50=3846 p99=7692
t= 245  off=  3002 pub=  3027 der=  2971 del=  18051 proc=  17890 ack=  17790  lag=   17526  shed=0 pushErr=0 ackErr=0  e2eA p50=4194 p99=7692  e2eB p50=3846 p99=7692
t= 246  off=  2998 pub=  3045 der=  2937 del=  19543 proc=  19488 ack=  19523  lag=   15768  shed=0 pushErr=0 ackErr=0  e2eA p50=4194 p99=7692  e2eB p50=3846 p99=7692
t= 247  off=  3000 pub=  2936 der=  2805 del=  15938 proc=  16125 ack=  16116  lag=   16604  shed=0 pushErr=0 ackErr=0  e2eA p50=4194 p99=7692  e2eB p50=3846 p99=7692
t= 248  off=  3000 pub=  2941 der=  2925 del=  18621 proc=  18382 ack=  18445  lag=   15788  shed=0 pushErr=0 ackErr=0  e2eA p50=4194 p99=7692  e2eB p50=3846 p99=7692
t= 249  off=  3001 pub=  3086 der=  3100 del=  19355 proc=  19451 ack=  19483  lag=   14923  shed=0 pushErr=0 ackErr=0  e2eA p50=4194 p99=7692  e2eB p50=3846 p99=7692
t= 250  off=  3000 pub=  2990 der=  2815 del=  13988 proc=  14204 ack=  14112  lag=   17784  shed=0 pushErr=0 ackErr=0  e2eA p50=4194 p99=7692  e2eB p50=3846 p99=7692
t= 251  off=  2998 pub=  3003 der=  3144 del=  17224 proc=  16961 ack=  17010  lag=   19546  shed=0 pushErr=0 ackErr=0  e2eA p50=4194 p99=7692  e2eB p50=3846 p99=7692
t= 252  off=  3002 pub=  2987 der=  3300 del=  21666 proc=  21598 ack=  21518  lag=   17435  shed=0 pushErr=0 ackErr=0  e2eA p50=4194 p99=7692  e2eB p50=3846 p99=7692
t= 253  off=  3000 pub=  2954 der=  2687 del=  18872 proc=  18983 ack=  19064  lag=   14841  shed=0 pushErr=0 ackErr=0  e2eA p50=4194 p99=7692  e2eB p50=3846 p99=7692
t= 254  off=  2999 pub=  3069 der=  3324 del=  19108 proc=  19155 ack=  19158  lag=   15375  shed=0 pushErr=0 ackErr=0  e2eA p50=4194 p99=7692  e2eB p50=3846 p99=7692
t= 255  off=  3001 pub=  3021 der=  2780 del=  15577 proc=  15698 ack=  15648  lag=   16598  shed=0 pushErr=0 ackErr=0  e2eA p50=4194 p99=7692  e2eB p50=3846 p99=7692
t= 256  off=  3000 pub=  2962 der=  3142 del=  18290 proc=  18055 ack=  18087  lag=   17215  shed=0 pushErr=0 ackErr=0  e2eA p50=4194 p99=7692  e2eB p50=3846 p99=7692
t= 257  off=  3004 pub=  2977 der=  3087 del=  20443 proc=  20470 ack=  20499  lag=   15157  shed=0 pushErr=0 ackErr=0  e2eA p50=4194 p99=7692  e2eB p50=3846 p99=7692
t= 258  off=  2998 pub=  3040 der=  2932 del=  17716 proc=  17791 ack=  17806  lag=   15066  shed=0 pushErr=0 ackErr=0  e2eA p50=4194 p99=7692  e2eB p50=3846 p99=7692
t= 259  off=  2997 pub=  2998 der=  2768 del=  15359 proc=  15459 ack=  15436  lag=   16445  shed=0 pushErr=0 ackErr=0  e2eA p50=4194 p99=7692  e2eB p50=3846 p99=7692
t= 260  off=  3002 pub=  2979 der=  2968 del=  15842 proc=  15672 ack=  15687  lag=   18592  shed=0 pushErr=0 ackErr=0  e2eA p50=4194 p99=7692  e2eB p50=3527 p99=7692
t= 261  off=  2998 pub=  3045 der=  3092 del=  19744 proc=  19868 ack=  19722  lag=   17229  shed=0 pushErr=0 ackErr=0  e2eA p50=4194 p99=7692  e2eB p50=3527 p99=7692
t= 262  off=  3001 pub=  2964 der=  2698 del=  18191 proc=  18106 ack=  18225  lag=   15577  shed=0 pushErr=0 ackErr=0  e2eA p50=4194 p99=7692  e2eB p50=3527 p99=7692
t= 263  off=  2999 pub=  3002 der=  2689 del=  14355 proc=  14510 ack=  14510  lag=   17514  shed=0 pushErr=0 ackErr=0  e2eA p50=4194 p99=7692  e2eB p50=3527 p99=7692
t= 264  off=  3001 pub=  2959 der=  2972 del=  16200 proc=  16243 ack=  16195  lag=   19090  shed=0 pushErr=0 ackErr=0  e2eA p50=4194 p99=7692  e2eB p50=3527 p99=7692
t= 265  off=  3000 pub=  3035 der=  3176 del=  18787 proc=  18397 ack=  18451  lag=   19608  shed=0 pushErr=0 ackErr=0  e2eA p50=4194 p99=7692  e2eB p50=3527 p99=7692
t= 266  off=  3000 pub=  3039 der=  3358 del=  22102 proc=  22264 ack=  22218  lag=   17173  shed=0 pushErr=0 ackErr=0  e2eA p50=4194 p99=7692  e2eB p50=3527 p99=7692
t= 267  off=  2999 pub=  2968 der=  3175 del=  20493 proc=  20573 ack=  20604  lag=   15443  shed=0 pushErr=0 ackErr=0  e2eA p50=4194 p99=7692  e2eB p50=3527 p99=7692
t= 268  off=  3000 pub=  2965 der=  2998 del=  17758 proc=  17807 ack=  17648  lag=   15591  shed=0 pushErr=0 ackErr=0  e2eA p50=4194 p99=7692  e2eB p50=3527 p99=7692
t= 269  off=  3001 pub=  3012 der=  3207 del=  19356 proc=  19262 ack=  19425  lag=   15376  shed=0 pushErr=0 ackErr=0  e2eA p50=4194 p99=7692  e2eB p50=3527 p99=7692
t= 270  off=  2999 pub=  3031 der=  2926 del=  18050 proc=  18092 ack=  18069  lag=   14945  shed=0 pushErr=0 ackErr=0  e2eA p50=4194 p99=7692  e2eB p50=3527 p99=7692
t= 271  off=  2999 pub=  2987 der=  2941 del=  16571 proc=  16629 ack=  16636  lag=   16008  shed=0 pushErr=0 ackErr=0  e2eA p50=4194 p99=7692  e2eB p50=3527 p99=7692
t= 272  off=  3004 pub=  3006 der=  2821 del=  14786 proc=  14826 ack=  14835  lag=   18293  shed=0 pushErr=0 ackErr=0  e2eA p50=4194 p99=7692  e2eB p50=3527 p99=7692
t= 273  off=  2998 pub=  2966 der=  2725 del=  16298 proc=  16325 ack=  16273  lag=   18559  shed=0 pushErr=0 ackErr=0  e2eA p50=4194 p99=7692  e2eB p50=3527 p99=7692
t= 274  off=  3000 pub=  3047 der=  2918 del=  18906 proc=  18719 ack=  18772  lag=   17477  shed=0 pushErr=0 ackErr=0  e2eA p50=4194 p99=7692  e2eB p50=3527 p99=7692
t= 275  off=  3001 pub=  2971 der=  3046 del=  19707 proc=  19642 ack=  19591  lag=   16036  shed=0 pushErr=0 ackErr=0  e2eA p50=4194 p99=7692  e2eB p50=3527 p99=7692
t= 276  off=  2999 pub=  3001 der=  3042 del=  18363 proc=  18569 ack=  18545  lag=   15678  shed=0 pushErr=0 ackErr=0  e2eA p50=4194 p99=7692  e2eB p50=3527 p99=7692
t= 277  off=  2999 pub=  2968 der=  2905 del=  16956 proc=  16833 ack=  16896  lag=   16338  shed=0 pushErr=0 ackErr=0  e2eA p50=4194 p99=7692  e2eB p50=3527 p99=7692
t= 278  off=  3000 pub=  3022 der=  3115 del=  17048 proc=  17184 ack=  17136  lag=   17751  shed=0 pushErr=0 ackErr=0  e2eA p50=4194 p99=7692  e2eB p50=3527 p99=7692
t= 279  off=  3003 pub=  2997 der=  2937 del=  18264 proc=  18152 ack=  18116  lag=   17281  shed=0 pushErr=0 ackErr=0  e2eA p50=4194 p99=7692  e2eB p50=3527 p99=7692
t= 280  off=  2999 pub=  3019 der=  3164 del=  20786 proc=  20763 ack=  20862  lag=   15357  shed=0 pushErr=0 ackErr=0  e2eA p50=4194 p99=7692  e2eB p50=3527 p99=7692
t= 281  off=  2999 pub=  3022 der=  2887 del=  15982 proc=  16137 ack=  16174  lag=   16677  shed=0 pushErr=0 ackErr=0  e2eA p50=4194 p99=7692  e2eB p50=3527 p99=7692
t= 282  off=  3000 pub=  3008 der=  2888 del=  14865 proc=  14855 ack=  14845  lag=   19270  shed=0 pushErr=0 ackErr=0  e2eA p50=4194 p99=7692  e2eB p50=3527 p99=7692
t= 283  off=  2999 pub=  2954 der=  2895 del=  19024 proc=  18766 ack=  18739  lag=   17933  shed=0 pushErr=0 ackErr=0  e2eA p50=4194 p99=7692  e2eB p50=3527 p99=7692
t= 284  off=  3001 pub=  3069 der=  3465 del=  22471 proc=  22413 ack=  22445  lag=   15914  shed=0 pushErr=0 ackErr=0  e2eA p50=4194 p99=7692  e2eB p50=3527 p99=7692
t= 285  off=  3000 pub=  2951 der=  3106 del=  19975 proc=  20149 ack=  20110  lag=   14246  shed=0 pushErr=0 ackErr=0  e2eA p50=4194 p99=7692  e2eB p50=3527 p99=7692
t= 286  off=  3000 pub=  3052 der=  2928 del=  13962 proc=  14103 ack=  14159  lag=   17835  shed=0 pushErr=0 ackErr=0  e2eA p50=4194 p99=7692  e2eB p50=3527 p99=7692
t= 287  off=  3000 pub=  2955 der=  3126 del=  17350 proc=  17105 ack=  17055  lag=   19315  shed=0 pushErr=0 ackErr=0  e2eA p50=4194 p99=7692  e2eB p50=3527 p99=7692
t= 288  off=  2999 pub=  3009 der=  3191 del=  21479 proc=  21566 ack=  21440  lag=   16713  shed=0 pushErr=0 ackErr=0  e2eA p50=4194 p99=7692  e2eB p50=3527 p99=7692
t= 289  off=  3001 pub=  2967 der=  3348 del=  22255 proc=  22180 ack=  22285  lag=   14240  shed=0 pushErr=0 ackErr=0  e2eA p50=4194 p99=7692  e2eB p50=3527 p99=7692
t= 290  off=  3000 pub=  3048 der=  2959 del=  17244 proc=  17459 ack=  17504  lag=   14624  shed=0 pushErr=0 ackErr=0  e2eA p50=4194 p99=7692  e2eB p50=3527 p99=7692
t= 291  off=  2997 pub=  2959 der=  2869 del=  14501 proc=  14443 ack=  14443  lag=   17485  shed=0 pushErr=0 ackErr=0  e2eA p50=4194 p99=7692  e2eB p50=3527 p99=7692
t= 292  off=  3002 pub=  3028 der=  2756 del=  17940 proc=  17971 ack=  17960  lag=   16322  shed=0 pushErr=0 ackErr=0  e2eA p50=4194 p99=7692  e2eB p50=3527 p99=7692
t= 293  off=  3000 pub=  2916 der=  2565 del=  15563 proc=  15518 ack=  15540  lag=   16545  shed=0 pushErr=0 ackErr=0  e2eA p50=4194 p99=7692  e2eB p50=3527 p99=7692
t= 294  off=  3001 pub=  3076 der=  2955 del=  17538 proc=  17632 ack=  17571  lag=   16764  shed=0 pushErr=0 ackErr=0  e2eA p50=4194 p99=7692  e2eB p50=3527 p99=7692
t= 295  off=  3000 pub=  3023 der=  2935 del=  15756 proc=  15691 ack=  15725  lag=   18771  shed=0 pushErr=0 ackErr=0  e2eA p50=4194 p99=7692  e2eB p50=3527 p99=7692
t= 296  off=  3000 pub=  2966 der=  3039 del=  19918 proc=  19774 ack=  19738  lag=   17158  shed=0 pushErr=0 ackErr=0  e2eA p50=4194 p99=7692  e2eB p50=3527 p99=7692
t= 297  off=  3001 pub=  3009 der=  3667 del=  23534 proc=  23548 ack=  23439  lag=   14954  shed=0 pushErr=0 ackErr=0  e2eA p50=4194 p99=7692  e2eB p50=3527 p99=7692
t= 298  off=  2998 pub=  3046 der=  3276 del=  19666 proc=  19914 ack=  20039  lag=   14466  shed=0 pushErr=0 ackErr=0  e2eA p50=4194 p99=7692  e2eB p50=3527 p99=7692
t= 299  off=  3001 pub=  2940 der=  2784 del=  15139 proc=  15053 ack=  15042  lag=   16273  shed=0 pushErr=0 ackErr=0  e2eA p50=4194 p99=7692  e2eB p50=3527 p99=7692
t= 300  off=  3000 pub=  3055 der=  3057 del=  17910 proc=  17673 ack=  17728  lag=   16940  shed=0 pushErr=0 ackErr=0  e2eA p50=4194 p99=7692  e2eB p50=3527 p99=7692
draining up to 60s...

=== VERIFIER (dir=results/ceil-queen-tg-r3000, ackErr=0, baseSeq=0) ===
stage(topic_group)                   msgs     unique     dups     gaps    viols   inflight  verdict
cm-avail_cm-db                     435997     435997        0        0        0          4  PASS
cm-prices_cm-cal                   435998     435998        0        0        0          2  PASS
cm-ota-sync_ota-1                  435997     435997        0        0        0          4  PASS
cm-ota-sync_ota-2                  435997     435997        0        0        0          4  PASS
cm-ota-sync_ota-3                  435997     435997        0        0        0          4  PASS
cm-ota-sync_ota-4                  435997     435997        0        0        0          4  PASS
cm-ota-sync_ota-5                  435997     435997        0        0        0          4  PASS
cm-ota-prices_otap-1               435998     435998        0        0        0          2  PASS
cm-ota-prices_otap-2               435998     435998        0        0        0          2  PASS
cm-ota-prices_otap-3               435998     435998        0        0        0          2  PASS
cm-ota-prices_otap-4               435998     435998        0        0        0          2  PASS
cm-ota-prices_otap-5               435998     435998        0        0        0          2  PASS
TOTAL                             5231970    5231970        0        0        0         36
VERDICT: PASS  (0 gaps below frontier, 0 order-violations, 0 dups, 36 in-flight at cutoff)

=== SUMMARY  system=queen  R=3000  P=1000  elapsed=5m0s ===

-- workload demand (broker-independent) --
  deliveries/s required      18000
  ordered lanes required     488

-- what actually flowed --
  offered              870001  (2900/s)
  published            871946  (2906/s)
  derived              871995  (2907/s)
  delivered           5231970  (17440/s)
  processed           5231970  (17440/s)
  shed                      0
  pushErr                  49   pushRetry 0
  acked               5231970   ackErr 0
  broker-reported redeliveries 0

-- end-to-end latency (CO-corrected, terminal stages) --
  flow A  p50 4194.3 ms   p95 7054.0 ms   p99 7692.4 ms
  flow B  p50 3527.0 ms   p95 6468.5 ms   p99 7692.4 ms

-- cost to serve: what this system needed --
  ordered lanes provisioned  4000
  physical queues/topics     4
  consumer members           96
  connections                1
  publishes / ingress event  2.0
  semantics built in the app:
      - consumption mode: TARGETED pops with static partition ownership
      - static partition-to-worker map owned by the application: the key space must be known up front and re-sharded when it changes (Queen's counterpart of Kafka's static assignment)
      - consumers are not elastic in this mode: adding or removing workers means recomputing ownership
      - sweep pacing owned by the application: without a floor an idle worker spins the broker at full request rate

-- adapter counters --
  queen_ack_errors           0
  queen_acked                5231970
  queen_batched_pushes       115892
  queen_dedup_window         0
  queen_empty_pops           687460
  queen_lanes_per_queue      1000
  queen_lease_seconds        60
  queen_messages_popped      5231970
  queen_messages_pushed      1743941
  queen_mode                 targeted
  queen_pop_workers          96
  queen_pops                 1367952
  queen_props_per_lane       1
  queen_redelivered          0

-- per-stage entry age (ms from producer schedule; decomposes e2e) --
  stage                                p50       p95       p99
  cm-avail/cm-db                    3234.3    6468.5    7054.0
  cm-prices/cm-cal                  2493.9    5439.3    5931.6
  cm-ota-sync/ota-1                 3846.2    7054.0    7692.4
  cm-ota-sync/ota-2                 3846.2    7054.0    7692.4
  cm-ota-sync/ota-3                 3846.2    7054.0    7692.4
  cm-ota-sync/ota-4                 3846.2    7054.0    7692.4
  cm-ota-sync/ota-5                 3846.2    7054.0    7692.4
  cm-ota-prices/otap-1              3527.0    6468.5    7054.0
  cm-ota-prices/otap-2              3527.0    6468.5    7692.4
  cm-ota-prices/otap-3              3527.0    6468.5    7692.4
  cm-ota-prices/otap-4              3527.0    6468.5    7054.0
  cm-ota-prices/otap-5              3527.0    6468.5    7692.4

-- worker cycle phases, p50/p95 ms (popRTT + barrier + push + ackDisp ~= cycle) --
  stage                                   popRTT         barrier            push         ackDisp
  cm-avail/cm-db                    0.0 /    0.0   21.2 /   27.6   11.6 /   65.5    0.0 /    0.0
  cm-prices/cm-cal                  0.0 /    0.0   10.6 /   19.5   11.6 /   65.5    0.0 /    0.0
  cm-ota-sync/ota-1                 0.0 /    0.0   32.8 /   32.8    0.0 /    0.0    0.0 /    0.0
  cm-ota-sync/ota-2                 0.0 /    0.0   32.8 /   32.8    0.0 /    0.0    0.0 /    0.0
  cm-ota-sync/ota-3                 0.0 /    0.0   32.8 /   32.8    0.0 /    0.0    0.0 /    0.0
  cm-ota-sync/ota-4                 0.0 /    0.0   32.8 /   32.8    0.0 /    0.0    0.0 /    0.0
  cm-ota-sync/ota-5                 0.0 /    0.0   32.8 /   32.8    0.0 /    0.0    0.0 /    0.0
  cm-ota-prices/otap-1              0.0 /    0.0   32.8 /   32.8    0.0 /    0.0    0.0 /    0.0
  cm-ota-prices/otap-2              0.0 /    0.0   32.8 /   32.8    0.0 /    0.0    0.0 /    0.0
  cm-ota-prices/otap-3              0.0 /    0.0   32.8 /   32.8    0.0 /    0.0    0.0 /    0.0
  cm-ota-prices/otap-4              0.0 /    0.0   32.8 /   32.8    0.0 /    0.0    0.0 /    0.0
  cm-ota-prices/otap-5              0.0 /    0.0   32.8 /   32.8    0.0 /    0.0    0.0 /    0.0

-- correctness --
  gaps 0   order violations 0   dups 0   in-flight at cutoff 36
  VERDICT: PASS
