kload tag=1x100000-1000k-p0 loader=0/9 mode=batch rate=111111 msg/s batch=100 batch-max=0 max-inflight=5000 ramp=10s duration=1m10s report=10s drain=0s GOMAXPROCS=16 GOGC=400 seed=1790758112296478482
  offered: 111111 msg/s = 1111.1 units/s (avg 100.0 msgs/unit) across 23 pacer workers (48.31 units/s each)
  topics: 1 x 100000 partitions (k1x100000-1000k..k1x100000-1000k), entities/topic=0 (explicit partition) | picker: topics=rr entities: rr over space=100000 starting at 0
  payload: goload jsonEvent target 256 B, avg 289.5 B raw, ~320 B stamped ({"ts":µs,"src":0,...}), pool 64x100
  consumers: 33 here (ci 0..32 of 297), poll=1000 proc-us=0 ack=async ack-inflight=256 local-src=[0 1 2]
  kafka: brokers=10.114.0.2:9092,10.114.0.3:9092,10.114.0.4:9092 rf=3 min-isr=2 producers=4 linger=5ms compression=lz4 acks=all idempotent batch-max-bytes=1048576 | consumers: protocol=consumer fetch-max-wait=500ms fetch-min-bytes=1 fetch-max-partition-bytes=1048576 session=45s
  [topic] READY after 0.2s: 1 topics x 100000 partitions, leaders + full ISR
  [config] broker.compression.type = producer (STATIC_BROKER_CONFIG)
  [config] broker.default.replication.factor = 3 (STATIC_BROKER_CONFIG)
  [config] broker.group.consumer.assignors = uniform,range (DEFAULT_CONFIG)
  [config] broker.group.coordinator.rebalance.protocols = classic,consumer,streams (DEFAULT_CONFIG)
  [config] broker.group.initial.rebalance.delay.ms = 3000 (DEFAULT_CONFIG)
  [config] broker.log.flush.interval.messages = 9223372036854775807 (DEFAULT_CONFIG)
  [config] broker.log.flush.interval.ms = <nil> (DEFAULT_CONFIG)
  [config] broker.max.incremental.fetch.session.cache.slots = 4000 (STATIC_BROKER_CONFIG)
  [config] broker.min.insync.replicas = 2 (DYNAMIC_DEFAULT_BROKER_CONFIG)
  [config] broker.num.io.threads = 16 (STATIC_BROKER_CONFIG)
  [config] broker.num.network.threads = 8 (STATIC_BROKER_CONFIG)
  [config] broker.num.replica.fetchers = 8 (STATIC_BROKER_CONFIG)
  [config] topic.compression.type = producer (STATIC_BROKER_CONFIG)
  [config] topic.flush.messages = 9223372036854775807 (DEFAULT_CONFIG)
  [config] topic.flush.ms = 9223372036854775807 (DEFAULT_CONFIG)
  [config] topic.max.message.bytes = 16777216 (STATIC_BROKER_CONFIG)
  [config] topic.message.timestamp.type = CreateTime (DEFAULT_CONFIG)
  [config] topic.min.insync.replicas = 2 (DYNAMIC_TOPIC_CONFIG)
  [config] topic.retention.ms = 600000 (DYNAMIC_TOPIC_CONFIG)
  [config] topic.segment.bytes = 268435456 (DYNAMIC_TOPIC_CONFIG)
  [config] topic.unclean.leader.election.enable = false (STATIC_BROKER_CONFIG)
  [group] 33 consumers in 1 groups (k1x100000-1000k-g-t0 ... ), protocol consumer
  [group] t=+1.1s waiting: k1x100000-1000k-g-t0: local members 33/297 hold 0/100000 partitions (group-wide ? members=0 assigned=0)
  [group] t=+3.1s waiting: k1x100000-1000k-g-t0: local members 33/297 hold 0/100000 partitions (group-wide Assigning members=297 assigned=100000)
  [group] t=+5.1s waiting: k1x100000-1000k-g-t0: local members 33/297 hold 0/100000 partitions (group-wide Assigning members=297 assigned=100000)
  [group] t=+7.2s waiting: k1x100000-1000k-g-t0: local members 33/297 hold 0/100000 partitions (group-wide Assigning members=297 assigned=100000)
  [group] t=+9.2s waiting: k1x100000-1000k-g-t0: local members 33/297 hold 0/100000 partitions (group-wide Reconciling members=297 assigned=100000)
  [group] t=+11.2s waiting: k1x100000-1000k-g-t0: local members 33/297 hold 0/100000 partitions (group-wide Reconciling members=297 assigned=337)
  [group] t=+13.2s waiting: k1x100000-1000k-g-t0: local members 33/297 hold 11113/100000 partitions (group-wide Reconciling members=297 assigned=56229)
  [group] t=+15.3s waiting: k1x100000-1000k-g-t0: local members 33/297 hold 11113/100000 partitions (group-wide Stable members=297 assigned=100000)
  [group] STABLE after 16.7s: 1 groups, 33 local members holding 11113 partitions, assignEv=66 revokeEv=0 lostEv=0
  [produce] 4 clients connected to every broker with producer IDs in 0.01s; max buffered 501024 records per client
READY 1790758147955
[start] waiting 9.111s for the common start 1790758165713
[start] GO 08:49:25.713 (unix ms 1790758165713)
[08:49:35] offered=    55521/s achieved=    48691/s shed=        0/s inflight=   683 | p50= 585.73 p99=  937.98 p999= 1089.54 ms | push=486900 pop=596600 lag=-109700 | errs push=0 pop=0 empty=0 gor=768 | ack=    43901/s ackErr=0 ackAvg=1603.22ms | e2e p50=1187.84 p99=2244.61 p999=2342.91 n=596600 | e2e_local p50=1171.46 p99=2277.38 n=197100
[08:49:45] offered=   111107/s achieved=   103447/s shed=        0/s inflight=  1449 | p50=1036.29 p99= 2211.84 p999= 2539.52 ms | push=1521300 pop=1382000 lag=139300 | errs push=0 pop=0 empty=0 gor=736 | ack=    68974/s ackErr=0 ackAvg=2447.72ms | e2e p50=1908.74 p99=4292.61 p999=4882.43 n=785400 | e2e_local p50=1974.27 p99=4292.61 n=173900
[08:49:55] offered=   111123/s achieved=   100514/s shed=        0/s inflight=  2510 | p50=1875.97 p99= 4227.07 p999= 4816.90 ms | push=2526500 pop=2409900 lag=116600 | errs push=0 pop=0 empty=0 gor=740 | ack=   101264/s ackErr=0 ackAvg=2573.76ms | e2e p50=3915.78 p99=6979.58 p999=7241.73 n=1027900 | e2e_local p50=4014.08 p99=7110.66 n=296400
[08:50:05] offered=   111107/s achieved=   126817/s shed=        0/s inflight=   940 | p50= 978.94 p99= 3751.94 p999= 4177.92 ms | push=3794700 pop=3833700 lag=-39000 | errs push=0 pop=0 empty=0 gor=768 | ack=   143576/s ackErr=0 ackAvg=2311.29ms | e2e p50=2506.75 p99=6389.76 p999=6717.44 n=1423800 | e2e_local p50=2736.13 p99=6193.15 n=418200
