kload tag=1x1000-1000k-e10m-p8 loader=8/9 mode=batch rate=111111 msg/s batch=100 batch-max=0 max-inflight=5000 ramp=10s duration=1m10s report=10s drain=0s GOMAXPROCS=16 GOGC=400 seed=1790761250826362621
  offered: 111111 msg/s = 1111.1 units/s (avg 100.0 msgs/unit) across 23 pacer workers (48.31 units/s each)
  topics: 1 x 1000 partitions (k1x1000-1000k-e10m..k1x1000-1000k-e10m), entities/topic=10000000 (key e<id>, system key partitioner) | picker: topics=rr entities: rr over space=10000000 starting at 8888888
  payload: goload jsonEvent target 256 B, avg 289.5 B raw, ~320 B stamped ({"ts":µs,"src":8,...}), pool 64x100
  consumers: 33 here (ci 264..296 of 297), poll=1000 proc-us=0 ack=async ack-inflight=256 local-src=[6 7 8]
  kafka: brokers=10.114.0.2:9092,10.114.0.3:9092,10.114.0.4:9092 rf=3 min-isr=2 producers=4 linger=5ms compression=lz4 acks=all idempotent batch-max-bytes=1048576 | consumers: protocol=consumer fetch-max-wait=500ms fetch-min-bytes=1 fetch-max-partition-bytes=1048576 session=45s
  [topic] READY after 0.0s: 1 topics x 1000 partitions, leaders + full ISR
  [config] broker.compression.type = producer (STATIC_BROKER_CONFIG)
  [config] broker.default.replication.factor = 3 (STATIC_BROKER_CONFIG)
  [config] broker.group.consumer.assignors = uniform,range (DEFAULT_CONFIG)
  [config] broker.group.coordinator.rebalance.protocols = classic,consumer,streams (DEFAULT_CONFIG)
  [config] broker.group.initial.rebalance.delay.ms = 3000 (DEFAULT_CONFIG)
  [config] broker.log.flush.interval.messages = 9223372036854775807 (DEFAULT_CONFIG)
  [config] broker.log.flush.interval.ms = <nil> (DEFAULT_CONFIG)
  [config] broker.max.incremental.fetch.session.cache.slots = 4000 (STATIC_BROKER_CONFIG)
  [config] broker.min.insync.replicas = 2 (DYNAMIC_DEFAULT_BROKER_CONFIG)
  [config] broker.num.io.threads = 16 (STATIC_BROKER_CONFIG)
  [config] broker.num.network.threads = 8 (STATIC_BROKER_CONFIG)
  [config] broker.num.replica.fetchers = 8 (STATIC_BROKER_CONFIG)
  [config] topic.compression.type = producer (STATIC_BROKER_CONFIG)
  [config] topic.flush.messages = 9223372036854775807 (DEFAULT_CONFIG)
  [config] topic.flush.ms = 9223372036854775807 (DEFAULT_CONFIG)
  [config] topic.max.message.bytes = 16777216 (STATIC_BROKER_CONFIG)
  [config] topic.message.timestamp.type = CreateTime (DEFAULT_CONFIG)
  [config] topic.min.insync.replicas = 2 (DYNAMIC_TOPIC_CONFIG)
  [config] topic.retention.ms = 600000 (DYNAMIC_TOPIC_CONFIG)
  [config] topic.segment.bytes = 268435456 (DYNAMIC_TOPIC_CONFIG)
  [config] topic.unclean.leader.election.enable = false (STATIC_BROKER_CONFIG)
  [group] 33 consumers in 1 groups (k1x1000-1000k-e10m-g-t0 ... ), protocol consumer
  [group] t=+0.3s waiting: k1x1000-1000k-e10m-g-t0: local members 33/297 hold 0/1000 partitions (group-wide ? members=0 assigned=0)
  [group] t=+2.3s waiting: k1x1000-1000k-e10m-g-t0: local members 33/297 hold 0/1000 partitions (group-wide Assigning members=297 assigned=1000)
  [group] t=+4.3s waiting: k1x1000-1000k-e10m-g-t0: local members 33/297 hold 0/1000 partitions (group-wide Assigning members=297 assigned=1000)
  [group] t=+6.3s waiting: k1x1000-1000k-e10m-g-t0: local members 33/297 hold 0/1000 partitions (group-wide Reconciling members=297 assigned=4)
  [group] t=+8.3s waiting: k1x1000-1000k-e10m-g-t0: local members 33/297 hold 0/1000 partitions (group-wide Reconciling members=297 assigned=4)
  [group] t=+10.3s waiting: k1x1000-1000k-e10m-g-t0: local members 33/297 hold 0/1000 partitions (group-wide Reconciling members=297 assigned=4)
  [group] t=+12.3s waiting: k1x1000-1000k-e10m-g-t0: local members 33/297 hold 114/1000 partitions (group-wide Stable members=297 assigned=1000)
  [group] STABLE after 14.1s: 1 groups, 33 local members holding 114 partitions, assignEv=66 revokeEv=0 lostEv=0
  [produce] 4 clients connected to every broker with producer IDs in 0.01s; max buffered 501024 records per client
READY 1790761214424
[start] waiting 9.27s for the common start 1790761229113
[start] GO 09:40:29.113 (unix ms 1790761229113)
[09:40:39] offered=    55605/s achieved=    55535/s shed=        0/s inflight=     7 | p50=   8.51 p99=   25.73 p999=  108.03 ms | push=555300 pop=561300 lag=-6000 | errs push=0 pop=0 empty=0 gor=462 | ack=    56075/s ackErr=0 ackAvg=3.37ms | e2e p50=8.51 p99=23.68 p999=94.72 n=561300 | e2e_local p50=8.51 p99=23.68 n=189500
[09:40:49] offered=   111091/s achieved=   111101/s shed=        0/s inflight=     4 | p50=   8.16 p99=   14.66 p999=   91.65 ms | push=1666300 pop=1690500 lag=-24200 | errs push=0 pop=0 empty=0 gor=456 | ack=   112941/s ackErr=0 ackAvg=2.96ms | e2e p50=8.10 p99=14.66 p999=94.72 n=1129200 | e2e_local p50=8.16 p99=14.14 n=378300
[09:40:59] offered=   111115/s achieved=   111115/s shed=        0/s inflight=     6 | p50=   8.10 p99=   11.46 p999=   20.61 ms | push=2777500 pop=2852200 lag=-74700 | errs push=0 pop=0 empty=0 gor=464 | ack=   116144/s ackErr=0 ackAvg=2.87ms | e2e p50=8.03 p99=11.33 p999=20.10 n=1161700 | e2e_local p50=8.03 p99=11.84 n=387100
[09:41:09] offered=   111091/s achieved=   111131/s shed=        0/s inflight=     2 | p50=   8.10 p99=   12.10 p999=   23.68 ms | push=3888800 pop=3993400 lag=-104600 | errs push=0 pop=0 empty=0 gor=447 | ack=   114171/s ackErr=0 ackAvg=2.83ms | e2e p50=8.10 p99=11.84 p999=22.14 n=1141200 | e2e_local p50=8.10 p99=12.10 n=381200
[09:41:19] offered=   111085/s achieved=   111085/s shed=        0/s inflight=     4 | p50=   8.10 p99=   13.12 p999=   35.58 ms | push=4999700 pop=5118400 lag=-118700 | errs push=0 pop=0 empty=0 gor=457 | ack=   112475/s ackErr=0 ackAvg=2.84ms | e2e p50=8.10 p99=11.84 p999=31.87 n=1125000 | e2e_local p50=8.10 p99=12.10 n=370900
[09:41:29] offered=   111128/s achieved=   111108/s shed=        0/s inflight=     5 | p50=   8.10 p99=   12.48 p999=   23.94 ms | push=6110700 pop=6245100 lag=-134400 | errs push=0 pop=0 empty=0 gor=455 | ack=   112678/s ackErr=0 ackAvg=2.83ms | e2e p50=8.03 p99=11.97 p999=24.96 n=1126700 | e2e_local p50=8.10 p99=12.48 n=374100
[09:41:39] offered=   111125/s achieved=   111095/s shed=        0/s inflight=     7 | p50=   8.10 p99=   15.30 p999=   37.12 ms | push=7221700 pop=7399000 lag=-177300 | errs push=0 pop=0 empty=0 gor=439 | ack=   115346/s ackErr=0 ackAvg=2.82ms | e2e p50=8.10 p99=17.54 p999=38.14 n=1153900 | e2e_local p50=8.10 p99=18.56 n=389000
[info] steady window 60s (after the ramp, before the producers stopped): offered 111106/s pushed 111106/s popped 113961/s cpu 91.3% = 0.82 cores per 100k msg/s (produce+consume)
[final] offered=72224 achieved=72224 shed=0 (msgs: offered=7222400 achieved=7222400 shed=0) pushErr=0 | pushed=7222400 popped=7399900 lag=-177500 | popErr=0 empty=0 | overall p50=8.16 p99=14.78 p999=44.80 ms | acked=7399900 ackErr=0 ackLag=-177500 ackAvg=2.82ms | e2e p50=8.10 p99=14.66 p999=38.66 ms
load_cpu=61.8%
