kload tag=100x1000-1000k-p2 loader=2/9 mode=batch rate=111111 msg/s batch=100 batch-max=0 max-inflight=5000 ramp=10s duration=1m10s report=10s drain=0s GOMAXPROCS=16 GOGC=400 seed=1790857531045114759
  offered: 111111 msg/s = 1111.1 units/s (avg 100.0 msgs/unit) across 23 pacer workers (48.31 units/s each)
  topics: 100 x 1000 partitions (r100x1000-1000k-t0..r100x1000-1000k-t99), entities/topic=0 (explicit partition) | picker: topics=rr entities: rr over space=1000 starting at 222
  payload: goload jsonEvent target 256 B, avg 289.6 B raw, ~320 B stamped ({"ts":µs,"src":2,...}), pool 64x100
  consumers: 33 here (ci 66..98 of 297), poll=1000 proc-us=0 ack=async ack-inflight=256 local-src=[0 1 2]
  kafka: brokers=10.114.0.2:9092,10.114.0.3:9092,10.114.0.4:9092 rf=3 min-isr=0 producers=4 linger=5ms compression=lz4 acks=all idempotent batch-max-bytes=1048576 | consumers: protocol=classic fetch-max-wait=500ms fetch-min-bytes=1 fetch-max-partition-bytes=1048576 session=45s
  [topic] READY after 0.2s: 100 topics x 1000 partitions, leaders + full ISR
  [config] broker.default.replication.factor = 3 (STATIC_BROKER_CONFIG)
  [config] topic.compression.type = producer (DEFAULT_CONFIG)
  [config] topic.flush.ms = 100 (DEFAULT_CONFIG)
  [config] topic.max.message.bytes = 16777216 (DEFAULT_CONFIG)
  [config] topic.message.timestamp.type = CreateTime (DEFAULT_CONFIG)
  [config] topic.retention.ms = 600000 (DYNAMIC_TOPIC_CONFIG)
  [config] topic.segment.bytes = 268435456 (DYNAMIC_TOPIC_CONFIG)
  [group] 33 consumers in 33 groups (r100x1000-1000k-g-t66 ... ), protocol classic
  [group] t=+2.3s waiting: r100x1000-1000k-g-t66: local members 1/3 hold 0/1000 partitions (group-wide PreparingRebalance members=3 assigned=0); r100x1000-1000k-g-t67: local members 1/3 hold 0/1000 partitions (group-wide PreparingRebalance members=3 assigned=0); r100x1000-1000k-g-t68: local members 1/3 hold 0/1000 partitions (group-wide PreparingRebalance members=3 assigned=0)
  [group] t=+4.3s waiting: r100x1000-1000k-g-t66: local members 1/3 hold 0/1000 partitions (group-wide PreparingRebalance members=3 assigned=0); r100x1000-1000k-g-t67: local members 1/3 hold 0/1000 partitions (group-wide PreparingRebalance members=3 assigned=0); r100x1000-1000k-g-t68: local members 1/3 hold 0/1000 partitions (group-wide PreparingRebalance members=3 assigned=0)
  [group] t=+6.3s waiting: r100x1000-1000k-g-t66: local members 1/3 hold 0/1000 partitions (group-wide PreparingRebalance members=3 assigned=0); r100x1000-1000k-g-t67: local members 1/3 hold 0/1000 partitions (group-wide PreparingRebalance members=3 assigned=0); r100x1000-1000k-g-t68: local members 1/3 hold 334/1000 partitions (group-wide PreparingRebalance members=3 assigned=0)
  [group] t=+8.3s waiting: r100x1000-1000k-g-t66: local members 1/3 hold 334/1000 partitions (group-wide PreparingRebalance members=3 assigned=0); r100x1000-1000k-g-t67: local members 1/3 hold 334/1000 partitions (group-wide Stable members=3 assigned=1000); r100x1000-1000k-g-t68: local members 1/3 hold 334/1000 partitions (group-wide Stable members=3 assigned=1000)
  [group] t=+10.3s waiting: r100x1000-1000k-g-t66: local members 1/3 hold 334/1000 partitions (group-wide Stable members=3 assigned=1000); r100x1000-1000k-g-t69: local members 1/3 hold 334/1000 partitions (group-wide Stable members=3 assigned=1000); r100x1000-1000k-g-t70: local members 1/3 hold 334/1000 partitions (group-wide Stable members=3 assigned=1000)
  [group] STABLE after 11.4s: 33 groups, 33 local members holding 11354 partitions, assignEv=33 revokeEv=0 lostEv=0
  [produce] 4 clients connected to every broker with producer IDs in 0.02s; max buffered 501024 records per client
READY 1790857426488
[start] waiting 9.441s for the common start 1790857497773
[start] GO 12:24:57.773 (unix ms 1790857497773)
[12:25:07] offered=    55611/s achieved=    51491/s shed=        0/s inflight=   412 | p50=  37.12 p99=  423.94 p999=  610.30 ms | push=514900 pop=513600 lag=1300 | errs push=0 pop=0 empty=0 gor=653 | ack=    46981/s ackErr=0 ackAvg=77.36ms | e2e p50=53.50 p99=544.77 p999=757.76 n=513600 | e2e_local p50=55.55 p99=518.14 n=170800
[12:25:17] offered=   111090/s achieved=    99870/s shed=        0/s inflight=  1535 | p50= 342.02 p99= 6651.90 p999= 7110.66 ms | push=1513600 pop=903700 lag=609900 | errs push=0 pop=0 empty=0 gor=654 | ack=    30210/s ackErr=0 ackAvg=225.25ms | e2e p50=4816.90 p99=8585.22 p999=9895.94 n=390100 | e2e_local p50=4751.36 p99=8847.36 n=135700
[12:25:27] offered=   111112/s achieved=   124852/s shed=        0/s inflight=   160 | p50= 268.29 p99= 4685.82 p999= 4947.97 ms | push=2762100 pop=2676300 lag=85800 | errs push=0 pop=0 empty=0 gor=720 | ack=   161783/s ackErr=0 ackAvg=840.21ms | e2e p50=5603.33 p99=13434.88 p999=15663.10 n=1772600 | e2e_local p50=5537.79 p99=13041.66 n=584500
[12:25:37] offered=   111093/s achieved=    99624/s shed=        0/s inflight=  1307 | p50= 240.64 p99= 2023.42 p999= 2342.91 ms | push=3758400 pop=3788000 lag=-29600 | errs push=0 pop=0 empty=0 gor=758 | ack=   123932/s ackErr=0 ackAvg=870.44ms | e2e p50=675.84 p99=9240.58 p999=13565.95 n=1111700 | e2e_local p50=659.46 p99=8978.43 n=370600
[12:25:47] offered=   111110/s achieved=    93230/s shed=        0/s inflight=  3095 | p50= 436.22 p99= 3653.63 p999=11075.58 ms | push=4690700 pop=4498900 lag=191800 | errs push=0 pop=0 empty=3 gor=645 | ack=    68480/s ackErr=0 ackAvg=910.68ms | e2e p50=880.64 p99=3391.49 p999=11337.73 n=710900 | e2e_local p50=913.41 p99=3031.04 n=242900
[12:25:57] offered=   111074/s achieved=    74063/s shed=    19551/s inflight=  4843 | p50= 189.44 p99=23199.74 p999=23986.18 ms | push=5431300 pop=5095200 lag=336100 | errs push=0 pop=0 empty=3 gor=674 | ack=    54982/s ackErr=0 ackAvg=1007.34ms | e2e p50=6520.83 p99=20840.45 p999=23199.74 n=596300 | e2e_local p50=6455.30 p99=20840.45 n=193900
[12:26:07] offered=   111145/s achieved=   120685/s shed=     6170/s inflight=  3270 | p50= 733.18 p99=23199.74 p999=25559.04 ms | push=6638200 pop=5272200 lag=1366000 | errs push=0 pop=0 empty=3 gor=628 | ack=    17239/s ackErr=0 ackAvg=1058.17ms | e2e p50=7766.02 p99=30801.92 p999=33816.58 n=177000 | e2e_local p50=11337.73 p99=30801.92 n=46800
[12:26:17] offered=        0/s achieved=    31472/s shed=        0/s inflight=   123 | p50=10420.22 p99=27656.19 p999=33816.58 ms | push=6952900 pop=6912600 lag=40300 | errs push=0 pop=0 empty=3 gor=629 | ack=   174053/s ackErr=0 ackAvg=1432.62ms | e2e p50=13565.95 p99=37486.59 p999=41680.90 n=1640400 | e2e_local p50=14352.38 p99=37486.59 n=582600
[info] steady window 60s (after the ramp, before the producers stopped): offered 111104/s pushed 102054/s popped 79309/s cpu 67.1% = 0.66 cores per 100k msg/s (produce+consume)
[info] 11354 warm-up messages (no "ts") received and not counted as load
[final] offered=72224 achieved=69652 shed=2572 (msgs: offered=7222400 achieved=6965200 shed=257200) pushErr=0 | pushed=6965200 popped=6939000 lag=26200 | popErr=0 empty=3 | overall p50=366.59 p99=20840.45 p999=25559.04 ms | acked=6939000 ackErr=0 ackLag=26200 ackAvg=1451.41ms | e2e p50=4751.36 p99=31326.21 p999=39583.74 ms
load_cpu=34.8%
