WARN max-pending 1000000 per partition producer would preallocate 503 MB over 22 partitions (24 B/slot); using 127100 (-pending-budget-mb 64)
pload tag=pA-r600k loader=7/9 mode=batch rate=66666 msg/s batch=100 batch-max=0 max-inflight=5000 ramp=10s duration=1m10s report=10s drain=0s GOMAXPROCS=16 GOGC=400(default) seed=1790837547513109369
  offered: 66666 msg/s = 666.7 units/s (avg 100.0 msgs/unit) across 14 pacer workers (47.62 units/s each)
  topics: 1 x 200 partitions (load..load), entities/topic=0 (explicit partition) | picker: topics=rr entities: rr over space=22 starting at 0 [producer shard 7/9: partitions p % 9 == 7, entity j -> partition 7 + j*9]
  payload: goload jsonEvent target 256 B, avg 289.5 B raw, ~320 B stamped ({"ts":µs,"src":7,...}), pool 64x100
  consumers: 22 here (ci 154..175 of 198), poll=1000 proc-us=0 ack=async ack-inflight=256 local-src=[6 7 8]
  pulsar: url=pulsar://10.114.0.2:6650,10.114.0.3:6650,10.114.0.4:6650 admin=http://10.114.0.2:8080 ns=bench/ns sub=sub type=failover compression=lz4 batch=5ms/1000 msgs/131072 B key-batching=false max-pending=127100/partition mem-limit=365 MB receiver-queue=1000 ack-group=100ms conns/broker=1
  [admin] 1 topics with 200 partitions and subscription "sub" exist (checked in 0.1s)
  [consume] 22 consumers (ci 154..175 of 198), failover, partition slices (every partition exactly one consumer): 22 partition registrations here, 200 in total across all processes; idle 0 here, 0 in total; subscribed in 0.0s, settling 2s
  [produce] producer shard 7/9: 22 partitions per topic (p % 9 == 7) x 1 topics, per-partition producers created lazily on first use
READY 1790837685099
[start] waiting 8.381s for the common start 1790837703213
[start] GO 06:55:03.213 (unix ms 1790837703213)
[06:55:13] offered=    33329/s achieved=    33309/s shed=        0/s inflight=     3 | p50=   6.43 p99=   10.05 p999=   31.10 ms | push=333100 pop=328700 lag=4400 | errs push=0 pop=0 empty=0 gor=249 | ack=    32869/s ackErr=0 ackAvg=0.01ms | e2e p50=6.82 p99=15.17 p999=37.63 n=328800 | e2e_local p50=6.62 p99=14.78 n=90600
[06:55:23] offered=    66666/s achieved=    66656/s shed=        0/s inflight=     3 | p50=   6.37 p99=   16.77 p999=   22.14 ms | push=999700 pop=988800 lag=10900 | errs push=0 pop=0 empty=0 gor=249 | ack=    66006/s ackErr=0 ackAvg=0.01ms | e2e p50=6.75 p99=18.05 p999=22.91 n=660000 | e2e_local p50=6.56 p99=18.05 n=181800
[06:55:33] offered=    66674/s achieved=    66664/s shed=        0/s inflight=     5 | p50=   6.37 p99=   19.07 p999=   24.19 ms | push=1666300 pop=1648900 lag=17400 | errs push=0 pop=0 empty=0 gor=249 | ack=    66014/s ackErr=0 ackAvg=0.01ms | e2e p50=6.82 p99=20.61 p999=27.26 n=660100 | e2e_local p50=6.50 p99=19.33 n=181800
[06:55:43] offered=    66680/s achieved=    66650/s shed=        0/s inflight=     7 | p50=   6.24 p99=   15.68 p999=   21.12 ms | push=2332800 pop=2309000 lag=23800 | errs push=0 pop=0 empty=0 gor=249 | ack=    66010/s ackErr=0 ackAvg=0.01ms | e2e p50=6.75 p99=15.68 p999=21.38 n=660100 | e2e_local p50=6.37 p99=15.55 n=181800
[06:55:53] offered=    66662/s achieved=    66722/s shed=        0/s inflight=     1 | p50=   6.24 p99=   17.02 p999=   22.40 ms | push=3000000 pop=2969100 lag=30900 | errs push=0 pop=0 empty=0 gor=249 | ack=    66012/s ackErr=0 ackAvg=0.01ms | e2e p50=6.75 p99=17.02 p999=24.19 n=660100 | e2e_local p50=6.43 p99=17.28 n=181800
[06:56:03] offered=    66650/s achieved=    66650/s shed=        0/s inflight=     1 | p50=   6.24 p99=   16.32 p999=   20.35 ms | push=3666500 pop=3629200 lag=37300 | errs push=0 pop=0 empty=0 gor=249 | ack=    66010/s ackErr=0 ackAvg=0.01ms | e2e p50=6.75 p99=16.51 p999=21.12 n=660100 | e2e_local p50=6.43 p99=16.32 n=181800
[06:56:13] offered=    66672/s achieved=    66642/s shed=        0/s inflight=     3 | p50=   6.24 p99=   17.28 p999=   22.91 ms | push=4333000 pop=4289200 lag=43800 | errs push=0 pop=0 empty=0 gor=235 | ack=    65992/s ackErr=0 ackAvg=0.01ms | e2e p50=6.75 p99=17.28 p999=24.45 n=660000 | e2e_local p50=6.50 p99=17.02 n=181800
[info] producers created: 22 per-partition producers (shard), 0 creation errors, avg creation 18.7 ms
[info] steady window 60s (after the ramp, before the producers stopped): offered 66667/s pushed 66664/s popped 66007/s cpu 61.2% = 0.92 cores per 100k msg/s (produce+consume)
[final] offered=43334 achieved=43334 shed=0 (msgs: offered=4333400 achieved=4333400 shed=0) pushErr=0 | pushed=4333400 popped=4289300 lag=44100 | popErr=0 empty=0 | overall p50=6.30 p99=17.02 p999=23.42 ms | acked=4289300 ackErr=0 ackLag=44100 ackAvg=0.01ms | e2e p50=6.75 p99=17.28 p999=25.22 ms
load_cpu=45.3%
