pload tag=1x200-t100-9k-p3 loader=3/9 mode=batch rate=1000 msg/s batch=10 batch-max=0 max-inflight=5000 ramp=10s duration=1m10s report=10s drain=1m0s GOMAXPROCS=16 GOGC=400 seed=1790878214098878670
  offered: 1000 msg/s = 100.0 units/s (avg 10.0 msgs/unit) across 3 pacer workers (33.33 units/s each)
  topics: 1 x 200 partitions (x1x200-t100-9k..x1x200-t100-9k), entities/topic=0 (explicit partition) | picker: topics=rr entities: rr over space=22 starting at 0 [producer shard 3/9: partitions p % 9 == 3, entity j -> partition 3 + j*9]
  payload: goload jsonEvent target 256 B, avg 289.5 B raw, ~319 B stamped ({"ts":µs,"src":3,...}), pool 64x10
  consumers: 22 here (ci 66..87 of 198), poll=1000 proc-us=0 ack=async ack-inflight=256 local-src=[3 4 5]
  pulsar: url=pulsar://10.114.0.2:6650,10.114.0.3:6650,10.114.0.4:6650 admin=http://10.114.0.2:8080 ns=bench/ns sub=sub type=failover compression=lz4 batch=5ms/100 msgs/131072 B max-pending=100000/partition mem-limit=64 MB receiver-queue=1000 ack-group=100ms conns/broker=1 | feeder batches capped at -txn-size messages (whole entries per transaction) | txn: x1x200-t100-9k-in -> 22 workers (own client + TC each, NewTransaction timeout 10s, send+AckWithTxn on whole entries, txn-size 100, linger 3s) -> x1x200-t100-9k-out, 22 readers
  [admin] 2 topics with 200 partitions and subscription "sub" exist (checked in 0.0s)
  [txn] 22 workers (ci 66..87 of 198, 0 idle): each its own client + TC, a failover consumer on its partitions of x1x200-t100-9k-in, 22 producers on x1x200-t100-9k-out in all; txn-size 100, linger 3s, txn-timeout 10s; ready in 1.1s
  [consume] 22 consumers (ci 66..87 of 198), failover, partition slices (every partition exactly one consumer): 22 partition registrations here, 200 in total across all processes; idle 0 here, 0 in total; subscribed in 0.0s, settling 2s
  [produce] producer shard 3/9: 22 partitions per topic (p % 9 == 3) x 1 topics, per-partition producers created lazily on first use
READY 1790878483437
[start] waiting 9.389s for the common start 1790878497448
[start] GO 18:14:57.448 (unix ms 1790878497448)
[18:15:07] offered=      499/s achieved=      499/s shed=        0/s inflight=     0 | p50=   6.11 p99=   22.66 p999=   24.70 ms | push=4990 pop=4560 lag=430 | errs push=0 pop=0 empty=0 gor=1458 | ack=      456/s ackErr=0 ackAvg=0.01ms | e2e p50=1302.53 p99=3096.58 p999=3096.58 n=4560 | e2e_local p50=1286.14 p99=3096.58 n=1940
[txn] 18:15:07 txn=       6/s msgs=      476/s avg= 74.38 msg/txn | commit p50=59.14 p99=85.50 p999=85.50 ms | aborts=0 errs=0 open=2 | in=      496/s | total txns=64 msgs=4760 aborts=0 errs=0
[18:15:17] offered=     1001/s achieved=     1000/s shed=        0/s inflight=     1 | p50=   5.22 p99=    9.54 p999=    9.79 ms | push=14990 pop=13760 lag=1230 | errs push=0 pop=0 empty=0 gor=1470 | ack=      920/s ackErr=0 ackAvg=0.01ms | e2e p50=1019.90 p99=2113.54 p999=2342.91 n=9200 | e2e_local p50=1011.71 p99=2056.19 n=3700
[txn] 18:15:17 txn=       9/s msgs=      900/s avg=100.00 msg/txn | commit p50=57.60 p99=79.36 p999=79.36 ms | aborts=0 errs=0 open=0 | in=      880/s | total txns=154 msgs=13760 aborts=0 errs=0
[18:15:27] offered=     1000/s achieved=     1001/s shed=        0/s inflight=     0 | p50=   5.15 p99=    9.54 p999=   10.05 ms | push=25000 pop=24360 lag=640 | errs push=0 pop=0 empty=0 gor=1488 | ack=     1060/s ackErr=0 ackAvg=0.01ms | e2e p50=987.14 p99=2113.54 p999=2146.30 n=10600 | e2e_local p50=962.56 p99=2056.19 n=4500
[txn] 18:15:27 txn=      11/s msgs=     1060/s avg=100.00 msg/txn | commit p50=54.02 p99=63.23 p999=64.77 ms | aborts=0 errs=0 open=0 | in=     1060/s | total txns=260 msgs=24360 aborts=0 errs=0
[18:15:37] offered=      999/s achieved=      999/s shed=        0/s inflight=     0 | p50=   5.15 p99=    9.54 p999=    9.79 ms | push=34990 pop=33560 lag=1430 | errs push=0 pop=0 empty=0 gor=1474 | ack=      920/s ackErr=0 ackAvg=0.01ms | e2e p50=1003.52 p99=2113.54 p999=2146.30 n=9200 | e2e_local p50=962.56 p99=2039.81 n=3600
[txn] 18:15:37 txn=       9/s msgs=      920/s avg=100.00 msg/txn | commit p50=51.46 p99=68.10 p999=68.10 ms | aborts=0 errs=0 open=0 | in=      920/s | total txns=352 msgs=33560 aborts=0 errs=0
[18:15:47] offered=     1001/s achieved=     1000/s shed=        0/s inflight=     1 | p50=   5.09 p99=    9.54 p999=   10.69 ms | push=44990 pop=44160 lag=830 | errs push=0 pop=0 empty=0 gor=1488 | ack=     1060/s ackErr=0 ackAvg=0.01ms | e2e p50=995.33 p99=2113.54 p999=2146.30 n=10600 | e2e_local p50=962.56 p99=2056.19 n=4500
[txn] 18:15:47 txn=      11/s msgs=     1060/s avg=100.00 msg/txn | commit p50=52.48 p99=68.10 p999=70.14 ms | aborts=0 errs=0 open=0 | in=     1060/s | total txns=458 msgs=44160 aborts=0 errs=0
[18:15:57] offered=     1000/s achieved=     1000/s shed=        0/s inflight=     1 | p50=   5.15 p99=    9.41 p999=    9.79 ms | push=54990 pop=52960 lag=2030 | errs push=0 pop=0 empty=0 gor=1470 | ack=      880/s ackErr=0 ackAvg=0.01ms | e2e p50=1003.52 p99=2113.54 p999=2146.30 n=8800 | e2e_local p50=962.56 p99=2056.19 n=3600
[txn] 18:15:57 txn=       9/s msgs=      880/s avg=100.00 msg/txn | commit p50=51.97 p99=71.17 p999=71.17 ms | aborts=0 errs=0 open=0 | in=      880/s | total txns=546 msgs=52960 aborts=0 errs=0
[drain] workers and readers keep going for up to 1m0s (ends early after 3s idle; lag now 1030)
[18:16:07] offered=      999/s achieved=     1000/s shed=        0/s inflight=     0 | p50=   5.15 p99=    9.41 p999=    9.79 ms | push=64990 pop=63960 lag=1030 | errs push=0 pop=0 empty=0 gor=1489 | ack=     1100/s ackErr=0 ackAvg=0.01ms | e2e p50=1003.52 p99=2113.54 p999=2146.30 n=11000 | e2e_local p50=962.56 p99=2039.81 n=4500
[txn] 18:16:07 txn=      11/s msgs=     1100/s avg=100.00 msg/txn | commit p50=51.97 p99=65.28 p999=68.10 ms | aborts=0 errs=0 open=0 | in=     1100/s | total txns=656 msgs=63960 aborts=0 errs=0
[drain] idle for 3s after 6.0s: ending the drain (lag 400)
[info] txn workers: 0 re-subscriptions after an abort, 0 messages held outside a transaction at the stop (left unacked)
[info] producers created: 22 per-partition producers (shard), 0 creation errors, avg creation 11.7 ms
[info] steady window 60s (after the ramp, before the producers stopped): offered 1000/s pushed 1000/s popped 990/s cpu 13.9% = 13.90 cores per 100k msg/s (produce+consume)
[final] offered=6499 achieved=6499 shed=0 (msgs: offered=64990 achieved=64990 shed=0) pushErr=0 | pushed=64990 popped=64590 lag=400 | popErr=0 empty=0 | overall p50=5.22 p99=9.66 p999=20.61 ms | acked=64590 ackErr=0 ackLag=400 ackAvg=0.01ms | e2e p50=1155.07 p99=3031.04 p999=3096.58 ms
load_cpu=11.2%
[txn-final] txns=678 msgs=64590 aborts=0 errs=0 in=64590 avg=95.27 msg/txn | commit p50=53.50 p99=78.34 p999=85.50 max=85.50 ms
[ids] ledger /root/bench/runs/txn/pulsar/1x200-t100-9k/ids/p3.ids: 64990 confirmed, 0 failed, 0 unanswered
