qload tag=1x200-t10-144k-w396-pw1-b100-p6 loader=6/9 mode=batch rate=16000 msg/s batch=100 batch-max=0 max-inflight=5000 ramp=10s duration=1m10s report=10s drain=1m0s GOMAXPROCS=16 GOGC=400 seed=1790885572870785751
  offered: 16000 msg/s = 160.0 units/s (avg 100.0 msgs/unit) across 4 pacer workers (40.00 units/s each)
  topics: 1 x 200 partitions (x1x200-t10-144k-w396-pw1-b100..x1x200-t10-144k-w396-pw1-b100), entities/topic=0 (explicit partition) | picker: topics=rr entities: rr over space=200 starting at 133
  payload: goload jsonEvent target 256 B, avg 289.5 B raw, ~320 B stamped ({"ts":µs,"src":6,...}), pool 64x100
  consumers: 44 here (ci 264..307 of 396), poll=1000 proc-us=0 ack=async ack-inflight=256 local-src=[6 7 8]
  queen: url=http://10.114.0.2:6632 (of 3) conns=2048 timeout=30s pop-width=1 pop-batch=1000 pop-timeout=2s lease=10s | configure: leaseTime=30 completedRetention=3600 dedup=0 retryLimit=1000000 | txn: x1x200-t10-144k-w396-pw1-b100-in -> workers (txn-size 10, linger 1s, one /transaction = acks with leases + pushes) -> x1x200-t10-144k-w396-pw1-b100-out, 44 read-committed readers
  [queen] http://10.114.0.2:6632 healthy: version 2.0.0-beta.2, this node leader
  [txn] 44 workers (ci 264..307 of 396): x1x200-t10-144k-w396-pw1-b100-in -> x1x200-t10-144k-w396-pw1-b100-out, txn-size 10, linger 1s, pop width 1, lease 10s
  [consume] 44 consumers of x1x200-t10-144k-w396-pw1-b100-out: pop width 1, batch 1000, long poll 2s, lease 10s, async batch acks (ack-inflight 256)
READY 1790885344783
[start] waiting 9.344s for the common start 1790885374888
[start] GO 20:09:34.888 (unix ms 1790885374888)
[20:09:44] offered=     8001/s achieved=     7981/s shed=        0/s inflight=     2 | p50=   7.26 p99=   17.54 p999=   23.42 ms | push=79800 pop=68610 lag=11190 | errs push=0 pop=0 empty=748 gor=358 | ack=     6852/s ackErr=0 ackAvg=9.37ms | e2e p50=107.01 p99=798.72 p999=864.26 n=68610 | e2e_local p50=109.06 p99=798.72 n=23000
[txn] 20:09:44 txn=     702/s msgs=     7023/s avg= 10.00 msg/txn | commit p50=7.26 p99=21.38 p999=24.70 ms | aborts=0 errs=0 open=8 | in=     7033/s | total txns=7023 msgs=70230 aborts=0 errs=0
[20:09:54] offered=    15999/s achieved=    15999/s shed=        0/s inflight=     2 | p50=  10.30 p99=   18.30 p999=   20.86 ms | push=239800 pop=162370 lag=77430 | errs push=0 pop=0 empty=748 gor=374 | ack=     9359/s ackErr=0 ackAvg=11.93ms | e2e p50=2834.43 p99=5013.50 p999=5144.58 n=93760 | e2e_local p50=2867.20 p99=5013.50 n=31460
[txn] 20:09:54 txn=     953/s msgs=     9526/s avg= 10.00 msg/txn | commit p50=12.61 p99=22.40 p999=24.45 ms | aborts=0 errs=0 open=2 | in=     9518/s | total txns=16550 msgs=165500 aborts=0 errs=0
[20:10:04] offered=    16001/s achieved=    16001/s shed=        0/s inflight=     2 | p50=  10.43 p99=   18.30 p999=   20.35 ms | push=399800 pop=252430 lag=147370 | errs push=0 pop=0 empty=748 gor=371 | ack=     9009/s ackErr=0 ackAvg=12.63ms | e2e p50=7110.66 p99=9371.65 p999=9633.79 n=90060 | e2e_local p50=7045.12 p99=9371.65 n=29590
[txn] 20:10:04 txn=     925/s msgs=     9250/s avg= 10.00 msg/txn | commit p50=12.99 p99=22.40 p999=24.96 ms | aborts=0 errs=0 open=23 | in=     9271/s | total txns=25800 msgs=258000 aborts=0 errs=0
[20:10:14] offered=    16001/s achieved=    16011/s shed=        0/s inflight=     1 | p50=  10.30 p99=   18.30 p999=   21.12 ms | push=559900 pop=342510 lag=217390 | errs push=0 pop=0 empty=748 gor=360 | ack=     9021/s ackErr=0 ackAvg=13.00ms | e2e p50=11599.87 p99=13959.17 p999=14090.24 n=90090 | e2e_local p50=11599.87 p99=13959.17 n=30000
[txn] 20:10:14 txn=     916/s msgs=     9162/s avg= 10.00 msg/txn | commit p50=12.99 p99=23.42 p999=28.29 ms | aborts=0 errs=0 open=14 | in=     9152/s | total txns=34962 msgs=349620 aborts=0 errs=0
[20:10:24] offered=    16000/s achieved=    15990/s shed=        0/s inflight=     2 | p50=  10.43 p99=   17.54 p999=   19.84 ms | push=719800 pop=434020 lag=285780 | errs push=0 pop=0 empty=748 gor=355 | ack=     9154/s ackErr=0 ackAvg=13.17ms | e2e p50=16056.32 p99=18219.01 p999=18481.15 n=91500 | e2e_local p50=16056.32 p99=18219.01 n=31050
[txn] 20:10:24 txn=     935/s msgs=     9352/s avg= 10.00 msg/txn | commit p50=12.86 p99=22.14 p999=25.98 ms | aborts=0 errs=0 open=14 | in=     9353/s | total txns=44314 msgs=443140 aborts=0 errs=0
[20:10:34] offered=    15999/s achieved=    15999/s shed=        0/s inflight=     2 | p50=  10.18 p99=   18.30 p999=   21.38 ms | push=879800 pop=525750 lag=354050 | errs push=0 pop=0 empty=748 gor=360 | ack=     9168/s ackErr=0 ackAvg=13.29ms | e2e p50=20316.16 p99=22675.46 p999=22937.60 n=91730 | e2e_local p50=20316.16 p99=22675.46 n=30160
[txn] 20:10:34 txn=     924/s msgs=     9236/s avg= 10.00 msg/txn | commit p50=12.86 p99=22.40 p999=24.45 ms | aborts=0 errs=0 open=13 | in=     9235/s | total txns=53550 msgs=535500 aborts=0 errs=0
[20:10:44] offered=    16000/s achieved=    16000/s shed=        0/s inflight=     2 | p50=  10.43 p99=   18.56 p999=   21.12 ms | push=1039800 pop=615570 lag=424230 | errs push=0 pop=0 empty=748 gor=363 | ack=     8975/s ackErr=0 ackAvg=13.38ms | e2e p50=24510.46 p99=27131.90 p999=27394.05 n=89820 | e2e_local p50=24510.46 p99=27131.90 n=29930
[txn] 20:10:44 txn=     916/s msgs=     9165/s avg= 10.00 msg/txn | commit p50=12.99 p99=24.96 p999=37.63 ms | aborts=0 errs=0 open=18 | in=     9172/s | total txns=62715 msgs=627150 aborts=0 errs=0
[drain] workers and readers keep going for up to 59.994s (ends early after 3s idle; lag now 424410)
[20:10:54] offered=        0/s achieved=       20/s shed=        0/s inflight=     0 | p50=   7.71 p99=    9.28 p999=    9.28 ms | push=1040000 pop=731400 lag=308600 | errs push=0 pop=0 empty=748 gor=355 | ack=    11590/s ackErr=0 ackAvg=12.98ms | e2e p50=28180.48 p99=30015.49 p999=30277.63 n=115830 | e2e_local p50=28180.48 p99=30015.49 n=37950
[txn] 20:10:54 txn=    1192/s msgs=    11920/s avg= 10.00 msg/txn | commit p50=9.54 p99=18.30 p999=88.58 ms | aborts=0 errs=0 open=9 | in=    11909/s | total txns=74634 msgs=746340 aborts=0 errs=0
[20:11:04] offered=        0/s achieved=        0/s shed=        0/s inflight=     0 | p50=   0.00 p99=    0.00 p999=    0.00 ms | push=1040000 pop=848620 lag=191380 | errs push=0 pop=0 empty=748 gor=350 | ack=    11727/s ackErr=0 ackAvg=12.65ms | e2e p50=31064.06 p99=32636.93 p999=33161.22 n=117220 | e2e_local p50=31064.06 p99=32636.93 n=38450
[txn] 20:11:04 txn=    1209/s msgs=    12087/s avg= 10.00 msg/txn | commit p50=9.41 p99=19.07 p999=83.46 ms | aborts=0 errs=0 open=12 | in=    12090/s | total txns=86721 msgs=867210 aborts=0 errs=0
[20:11:14] offered=        0/s achieved=        0/s shed=        0/s inflight=     0 | p50=   0.00 p99=    0.00 p999=    0.00 ms | push=1040000 pop=963670 lag=76330 | errs push=0 pop=0 empty=748 gor=351 | ack=    11499/s ackErr=0 ackAvg=12.43ms | e2e p50=33816.58 p99=35389.44 p999=35913.73 n=115050 | e2e_local p50=33816.58 p99=35389.44 n=38760
[txn] 20:11:14 txn=    1186/s msgs=    11857/s avg= 10.00 msg/txn | commit p50=9.54 p99=18.05 p999=116.22 ms | aborts=0 errs=0 open=15 | in=    11860/s | total txns=98579 msgs=985790 aborts=0 errs=0
[20:11:24] offered=        0/s achieved=        0/s shed=        0/s inflight=     0 | p50=   0.00 p99=    0.00 p999=    0.00 ms | push=1040000 pop=1044400 lag=-4400 | errs push=0 pop=0 empty=792 gor=339 | ack=     8085/s ackErr=0 ackAvg=12.26ms | e2e p50=36438.02 p99=37486.59 p999=37486.59 n=80730 | e2e_local p50=36438.02 p99=37486.59 n=27340
[txn] 20:11:24 txn=     838/s msgs=     8383/s avg= 10.00 msg/txn | commit p50=8.77 p99=17.02 p999=21.63 ms | aborts=0 errs=0 open=0 | in=     8368/s | total txns=106962 msgs=1069620 aborts=0 errs=0
[drain] idle for 3s after 40.3s: ending the drain (lag -4400)
[info] steady window 60s (after the ramp, before the producers stopped): offered 16000/s pushed 16000/s popped 9116/s cpu 87.5% = 5.47 cores per 100k msg/s (produce+consume)
[final] offered=10400 achieved=10400 shed=0 (msgs: offered=1040000 achieved=1040000 shed=0) pushErr=0 | pushed=1040000 popped=1044400 lag=-4400 | popErr=0 empty=836 | overall p50=10.18 p99=18.30 p999=20.86 ms | acked=1044400 ackErr=0 ackLag=-4400 ackAvg=12.26ms | e2e p50=22151.17 p99=36962.30 p999=37486.59 ms
load_cpu=68.0%
[txn-final] txns=106962 msgs=1069620 aborts=0 errs=0 in=1069620 avg=10.00 msg/txn | commit p50=10.94 p99=22.14 p999=48.38 max=127.49 ms
[ids] ledger /root/bench/runs/txn/queen/1x200-t10-144k-w396-pw1-b100/ids/p6.ids: 1040000 confirmed, 0 failed, 0 unanswered
