pload tag=1x200-t10-144k-p1 loader=1/9 mode=batch rate=16000 msg/s batch=10 batch-max=0 max-inflight=5000 ramp=10s duration=1m10s report=10s drain=1m0s GOMAXPROCS=16 GOGC=400 seed=1790879893530113672
  offered: 16000 msg/s = 1600.0 units/s (avg 10.0 msgs/unit) across 33 pacer workers (48.48 units/s each)
  topics: 1 x 200 partitions (x1x200-t10-144k..x1x200-t10-144k), entities/topic=0 (explicit partition) | picker: topics=rr entities: rr over space=23 starting at 0 [producer shard 1/9: partitions p % 9 == 1, entity j -> partition 1 + j*9]
  payload: goload jsonEvent target 256 B, avg 289.5 B raw, ~320 B stamped ({"ts":µs,"src":1,...}), pool 64x10
  consumers: 22 here (ci 22..43 of 198), poll=1000 proc-us=0 ack=async ack-inflight=256 local-src=[0 1 2]
  pulsar: url=pulsar://10.114.0.2:6650,10.114.0.3:6650,10.114.0.4:6650 admin=http://10.114.0.2:8080 ns=bench/ns sub=sub type=failover compression=lz4 batch=5ms/10 msgs/131072 B max-pending=100000/partition mem-limit=64 MB receiver-queue=1000 ack-group=100ms conns/broker=1 | feeder batches capped at -txn-size messages (whole entries per transaction) | txn: x1x200-t10-144k-in -> 22 workers (own client + TC each, NewTransaction timeout 10s, send+AckWithTxn on whole entries, txn-size 10, linger 1s) -> x1x200-t10-144k-out, 22 readers
  [admin] 2 topics with 200 partitions and subscription "sub" exist (checked in 0.0s)
  [txn] 22 workers (ci 22..43 of 198, 0 idle): each its own client + TC, a failover consumer on its partitions of x1x200-t10-144k-in, 22 producers on x1x200-t10-144k-out in all; txn-size 10, linger 1s, txn-timeout 10s; ready in 1.1s
  [consume] 22 consumers (ci 22..43 of 198), failover, partition slices (every partition exactly one consumer): 22 partition registrations here, 200 in total across all processes; idle 0 here, 0 in total; subscribed in 0.0s, settling 2s
  [produce] producer shard 1/9: 23 partitions per topic (p % 9 == 1) x 1 topics, per-partition producers created lazily on first use
READY 1790879746228
[start] waiting 9.37s for the common start 1790879760428
[start] GO 18:36:00.428 (unix ms 1790879760428)
[18:36:10] offered=     8006/s achieved=     7994/s shed=        0/s inflight=    12 | p50=   6.43 p99=   16.77 p999=   33.54 ms | push=79940 pop=57280 lag=22660 | errs push=0 pop=0 empty=0 gor=7188 | ack=     5728/s ackErr=0 ackAvg=0.00ms | e2e p50=268.29 p99=1515.52 p999=1679.36 n=57280 | e2e_local p50=226.30 p99=1384.45 n=15690
[txn] 18:36:10 txn=     573/s msgs=     5726/s avg=  9.99 msg/txn | commit p50=28.80 p99=69.12 p999=254.98 ms | aborts=0 errs=0 open=22 | in=     5748/s | total txns=5730 msgs=57260 aborts=0 errs=0
[18:36:20] offered=    16001/s achieved=    15996/s shed=        0/s inflight=    17 | p50=   6.18 p99=   11.33 p999=   19.84 ms | push=239900 pop=136490 lag=103410 | errs push=0 pop=0 empty=0 gor=9348 | ack=     7920/s ackErr=0 ackAvg=0.00ms | e2e p50=3948.54 p99=6520.83 p999=6782.98 n=79210 | e2e_local p50=3784.70 p99=6258.69 n=21770
[txn] 18:36:20 txn=     792/s msgs=     7923/s avg= 10.00 msg/txn | commit p50=27.52 p99=41.22 p999=52.99 ms | aborts=0 errs=0 open=22 | in=     7923/s | total txns=13653 msgs=136490 aborts=0 errs=0
[18:36:30] offered=    15998/s achieved=    16002/s shed=        0/s inflight=    13 | p50=   6.30 p99=   12.48 p999=   19.07 ms | push=399920 pop=214250 lag=185670 | errs push=0 pop=0 empty=0 gor=9201 | ack=     7777/s ackErr=0 ackAvg=0.00ms | e2e p50=8847.36 p99=11730.94 p999=12124.16 n=77760 | e2e_local p50=8585.22 p99=11337.73 n=21440
[txn] 18:36:30 txn=     777/s msgs=     7774/s avg= 10.00 msg/txn | commit p50=27.78 p99=40.70 p999=57.60 ms | aborts=0 errs=0 open=22 | in=     7774/s | total txns=21427 msgs=214230 aborts=0 errs=0
[18:36:40] offered=    15993/s achieved=    16002/s shed=        0/s inflight=     7 | p50=   6.11 p99=   10.05 p999=   13.50 ms | push=559940 pop=294700 lag=265240 | errs push=0 pop=0 empty=0 gor=9489 | ack=     8045/s ackErr=0 ackAvg=0.00ms | e2e p50=13959.17 p99=16908.29 p999=17170.43 n=80450 | e2e_local p50=13434.88 p99=16187.39 n=22070
[txn] 18:36:40 txn=     805/s msgs=     8047/s avg= 10.00 msg/txn | commit p50=27.26 p99=35.07 p999=40.70 ms | aborts=0 errs=0 open=22 | in=     8047/s | total txns=29474 msgs=294700 aborts=0 errs=0
[18:36:50] offered=    16002/s achieved=    16000/s shed=        0/s inflight=     7 | p50=   6.50 p99=   11.97 p999=   20.35 ms | push=719940 pop=369310 lag=350630 | errs push=0 pop=0 empty=0 gor=8884 | ack=     7461/s ackErr=0 ackAvg=0.00ms | e2e p50=19267.58 p99=22413.31 p999=22675.46 n=74610 | e2e_local p50=18481.15 p99=21626.88 n=20510
[txn] 18:36:50 txn=     746/s msgs=     7462/s avg= 10.00 msg/txn | commit p50=28.80 p99=43.26 p999=51.46 ms | aborts=0 errs=0 open=22 | in=     7462/s | total txns=36936 msgs=369320 aborts=0 errs=0
[18:37:00] offered=    16004/s achieved=    16005/s shed=        0/s inflight=     5 | p50=   6.24 p99=   10.18 p999=   12.61 ms | push=879980 pop=448200 lag=431780 | errs push=0 pop=0 empty=0 gor=9323 | ack=     7889/s ackErr=0 ackAvg=0.00ms | e2e p50=24248.32 p99=27656.19 p999=28180.48 n=78890 | e2e_local p50=23461.89 p99=26607.62 n=21700
[txn] 18:37:00 txn=     789/s msgs=     7888/s avg= 10.00 msg/txn | commit p50=27.78 p99=36.10 p999=40.70 ms | aborts=0 errs=0 open=22 | in=     7888/s | total txns=44824 msgs=448200 aborts=0 errs=0
[18:37:10] offered=    16000/s achieved=    15999/s shed=        0/s inflight=     6 | p50=   6.24 p99=   11.33 p999=   17.79 ms | push=1039980 pop=526470 lag=513510 | errs push=0 pop=0 empty=0 gor=9234 | ack=     7826/s ackErr=0 ackAvg=0.00ms | e2e p50=29491.20 p99=32899.07 p999=33423.36 n=78270 | e2e_local p50=28442.62 p99=31588.35 n=21480
[txn] 18:37:10 txn=     783/s msgs=     7826/s avg= 10.00 msg/txn | commit p50=27.78 p99=39.17 p999=46.34 ms | aborts=0 errs=0 open=22 | in=     7826/s | total txns=52651 msgs=526470 aborts=0 errs=0
[drain] workers and readers keep going for up to 59.989s (ends early after 3s idle; lag now 513520)
[18:37:20] offered=        0/s achieved=        6/s shed=        0/s inflight=     0 | p50=   7.33 p99=    8.51 p999=    8.51 ms | push=1040040 pop=611330 lag=428710 | errs push=0 pop=0 empty=0 gor=9878 | ack=     8487/s ackErr=0 ackAvg=0.00ms | e2e p50=34340.86 p99=38010.88 p999=38010.88 n=84860 | e2e_local p50=33161.22 p99=36438.02 n=23170
[txn] 18:37:20 txn=     849/s msgs=     8488/s avg= 10.00 msg/txn | commit p50=25.98 p99=31.10 p999=33.54 ms | aborts=0 errs=0 open=22 | in=     8488/s | total txns=61138 msgs=611340 aborts=0 errs=0
[18:37:30] offered=        0/s achieved=        0/s shed=        0/s inflight=     0 | p50=   0.00 p99=    0.00 p999=    0.00 ms | push=1040040 pop=696640 lag=343400 | errs push=0 pop=0 empty=0 gor=9927 | ack=     8531/s ackErr=0 ackAvg=0.00ms | e2e p50=38535.17 p99=42729.47 p999=42729.47 n=85310 | e2e_local p50=37486.59 p99=40632.32 n=23330
[txn] 18:37:30 txn=     853/s msgs=     8529/s avg= 10.00 msg/txn | commit p50=25.98 p99=30.85 p999=33.02 ms | aborts=0 errs=0 open=22 | in=     8529/s | total txns=69667 msgs=696630 aborts=0 errs=0
[18:37:40] offered=        0/s achieved=        0/s shed=        0/s inflight=     0 | p50=   0.00 p99=    0.00 p999=    0.00 ms | push=1040040 pop=781090 lag=258950 | errs push=0 pop=0 empty=0 gor=9847 | ack=     8444/s ackErr=0 ackAvg=0.00ms | e2e p50=43253.76 p99=47448.06 p999=47972.35 n=84450 | e2e_local p50=42205.18 p99=45350.91 n=23050
[txn] 18:37:40 txn=     844/s msgs=     8443/s avg= 10.00 msg/txn | commit p50=26.24 p99=31.10 p999=33.54 ms | aborts=0 errs=0 open=22 | in=     8443/s | total txns=78111 msgs=781070 aborts=0 errs=0
[18:37:50] offered=        0/s achieved=        0/s shed=        0/s inflight=     0 | p50=   0.00 p99=    0.00 p999=    0.00 ms | push=1040040 pop=865290 lag=174750 | errs push=0 pop=0 empty=0 gor=9813 | ack=     8421/s ackErr=0 ackAvg=0.00ms | e2e p50=47972.35 p99=52166.66 p999=52690.94 n=84200 | e2e_local p50=46923.78 p99=50069.50 n=23020
[txn] 18:37:50 txn=     842/s msgs=     8423/s avg= 10.00 msg/txn | commit p50=26.24 p99=31.87 p999=35.58 ms | aborts=0 errs=0 open=22 | in=     8423/s | total txns=86533 msgs=865290 aborts=0 errs=0
[18:38:00] offered=        0/s achieved=        0/s shed=        0/s inflight=     0 | p50=   0.00 p99=    0.00 p999=    0.00 ms | push=1040040 pop=950450 lag=89590 | errs push=0 pop=0 empty=0 gor=9914 | ack=     8516/s ackErr=0 ackAvg=0.00ms | e2e p50=52690.94 p99=56885.25 p999=57409.54 n=85160 | e2e_local p50=51118.08 p99=54788.10 n=23280
[txn] 18:38:00 txn=     852/s msgs=     8517/s avg= 10.00 msg/txn | commit p50=25.98 p99=31.10 p999=33.54 ms | aborts=0 errs=0 open=22 | in=     8517/s | total txns=95050 msgs=950460 aborts=0 errs=0
[18:38:10] offered=        0/s achieved=        0/s shed=        0/s inflight=     0 | p50=   0.00 p99=    0.00 p999=    0.00 ms | push=1040040 pop=1025300 lag=14740 | errs push=0 pop=0 empty=0 gor=8869 | ack=     7485/s ackErr=0 ackAvg=0.00ms | e2e p50=57409.54 p99=61603.84 p999=62128.13 n=74850 | e2e_local p50=55836.67 p99=58458.11 n=14910
[txn] 18:38:10 txn=     748/s msgs=     7483/s avg= 10.00 msg/txn | commit p50=25.73 p99=31.62 p999=36.10 ms | aborts=0 errs=0 open=11 | in=     7472/s | total txns=102533 msgs=1025290 aborts=0 errs=0
[info] txn workers: 0 re-subscriptions after an abort, 420 messages held outside a transaction at the stop (left unacked)
[info] producers created: 23 per-partition producers (shard), 0 creation errors, avg creation 21.1 ms
[info] steady window 60s (after the ramp, before the producers stopped): offered 15999/s pushed 16000/s popped 7820/s cpu 99.0% = 6.19 cores per 100k msg/s (produce+consume)
[final] offered=104004 achieved=104004 shed=0 (msgs: offered=1040040 achieved=1040040 shed=0) pushErr=0 | pushed=1040040 popped=1025570 lag=14470 | popErr=0 empty=0 | overall p50=6.30 p99=11.58 p999=20.35 ms | acked=1025570 ackErr=0 ackLag=14470 ackAvg=0.00ms | e2e p50=31064.06 p99=60030.98 p999=61603.84 ms
load_cpu=73.6%
[txn-final] txns=102561 msgs=1025570 aborts=0 errs=0 in=1025570 avg=10.00 msg/txn | commit p50=26.75 p99=39.17 p999=62.21 max=276.48 ms
[ids] ledger /root/bench/runs/txn/pulsar/1x200-t10-144k/ids/p1.ids: 1040040 confirmed, 0 failed, 0 unanswered
