pload tag=1x200-t10-144k-p7 loader=7/9 mode=batch rate=16000 msg/s batch=10 batch-max=0 max-inflight=5000 ramp=10s duration=1m10s report=10s drain=1m0s GOMAXPROCS=16 GOGC=400 seed=1790880007174109212
  offered: 16000 msg/s = 1600.0 units/s (avg 10.0 msgs/unit) across 33 pacer workers (48.48 units/s each)
  topics: 1 x 200 partitions (x1x200-t10-144k..x1x200-t10-144k), entities/topic=0 (explicit partition) | picker: topics=rr entities: rr over space=22 starting at 0 [producer shard 7/9: partitions p % 9 == 7, entity j -> partition 7 + j*9]
  payload: goload jsonEvent target 256 B, avg 289.4 B raw, ~319 B stamped ({"ts":µs,"src":7,...}), pool 64x10
  consumers: 22 here (ci 154..175 of 198), poll=1000 proc-us=0 ack=async ack-inflight=256 local-src=[6 7 8]
  pulsar: url=pulsar://10.114.0.2:6650,10.114.0.3:6650,10.114.0.4:6650 admin=http://10.114.0.2:8080 ns=bench/ns sub=sub type=failover compression=lz4 batch=5ms/10 msgs/131072 B max-pending=100000/partition mem-limit=64 MB receiver-queue=1000 ack-group=100ms conns/broker=1 | feeder batches capped at -txn-size messages (whole entries per transaction) | txn: x1x200-t10-144k-in -> 22 workers (own client + TC each, NewTransaction timeout 10s, send+AckWithTxn on whole entries, txn-size 10, linger 1s) -> x1x200-t10-144k-out, 22 readers
  [admin] 2 topics with 200 partitions and subscription "sub" exist (checked in 0.0s)
  [txn] 22 workers (ci 154..175 of 198, 0 idle): each its own client + TC, a failover consumer on its partitions of x1x200-t10-144k-in, 22 producers on x1x200-t10-144k-out in all; txn-size 10, linger 1s, txn-timeout 10s; ready in 1.1s
  [consume] 22 consumers (ci 154..175 of 198), failover, partition slices (every partition exactly one consumer): 22 partition registrations here, 200 in total across all processes; idle 0 here, 0 in total; subscribed in 0.0s, settling 2s
  [produce] producer shard 7/9: 22 partitions per topic (p % 9 == 7) x 1 topics, per-partition producers created lazily on first use
READY 1790879746232
[start] waiting 9.366s for the common start 1790879760428
[start] GO 18:36:00.428 (unix ms 1790879760428)
[18:36:10] offered=     7997/s achieved=     7986/s shed=        0/s inflight=    12 | p50=   6.69 p99=   19.07 p999=   31.62 ms | push=79860 pop=57130 lag=22730 | errs push=0 pop=0 empty=0 gor=7162 | ack=     5713/s ackErr=0 ackAvg=0.00ms | e2e p50=264.19 p99=1499.14 p999=1646.59 n=57130 | e2e_local p50=284.67 p99=1515.52 n=15620
[txn] 18:36:10 txn=     571/s msgs=     5711/s avg= 10.00 msg/txn | commit p50=29.06 p99=72.19 p999=242.69 ms | aborts=0 errs=0 open=22 | in=     5733/s | total txns=5711 msgs=57110 aborts=0 errs=0
[18:36:20] offered=    16000/s achieved=    16004/s shed=        0/s inflight=     8 | p50=   6.37 p99=   11.58 p999=   20.10 ms | push=239900 pop=136450 lag=103450 | errs push=0 pop=0 empty=0 gor=9362 | ack=     7932/s ackErr=0 ackAvg=0.00ms | e2e p50=3948.54 p99=6455.30 p999=6717.44 n=79320 | e2e_local p50=4014.08 p99=6520.83 n=21580
[txn] 18:36:20 txn=     793/s msgs=     7932/s avg= 10.00 msg/txn | commit p50=27.26 p99=41.22 p999=54.02 ms | aborts=0 errs=0 open=22 | in=     7932/s | total txns=13643 msgs=136430 aborts=0 errs=0
[18:36:30] offered=    16002/s achieved=    16002/s shed=        0/s inflight=     7 | p50=   6.50 p99=   12.22 p999=   18.56 ms | push=399910 pop=214250 lag=185660 | errs push=0 pop=0 empty=0 gor=9210 | ack=     7780/s ackErr=0 ackAvg=0.00ms | e2e p50=8847.36 p99=11730.94 p999=12124.16 n=77800 | e2e_local p50=8978.43 p99=11862.02 n=21200
[txn] 18:36:30 txn=     778/s msgs=     7784/s avg= 10.00 msg/txn | commit p50=27.78 p99=40.19 p999=51.97 ms | aborts=0 errs=0 open=22 | in=     7784/s | total txns=21427 msgs=214270 aborts=0 errs=0
[18:36:40] offered=    16003/s achieved=    15999/s shed=        0/s inflight=    10 | p50=   6.37 p99=   10.30 p999=   13.50 ms | push=559900 pop=294680 lag=265220 | errs push=0 pop=0 empty=0 gor=9470 | ack=     8043/s ackErr=0 ackAvg=0.00ms | e2e p50=13828.10 p99=16908.29 p999=17170.43 n=80430 | e2e_local p50=14090.24 p99=16908.29 n=21890
[txn] 18:36:40 txn=     804/s msgs=     8042/s avg= 10.00 msg/txn | commit p50=27.26 p99=35.07 p999=39.68 ms | aborts=0 errs=0 open=22 | in=     8042/s | total txns=29469 msgs=294690 aborts=0 errs=0
[18:36:50] offered=    16000/s achieved=    15996/s shed=        0/s inflight=    14 | p50=   6.62 p99=   13.12 p999=   20.86 ms | push=719860 pop=369340 lag=350520 | errs push=0 pop=0 empty=0 gor=8891 | ack=     7466/s ackErr=0 ackAvg=0.00ms | e2e p50=19267.58 p99=22413.31 p999=22937.60 n=74660 | e2e_local p50=19267.58 p99=22675.46 n=20350
[txn] 18:36:50 txn=     747/s msgs=     7465/s avg= 10.00 msg/txn | commit p50=28.80 p99=42.24 p999=50.43 ms | aborts=0 errs=0 open=22 | in=     7465/s | total txns=36934 msgs=369340 aborts=0 errs=0
[18:37:00] offered=    16000/s achieved=    15998/s shed=        0/s inflight=    16 | p50=   6.37 p99=   10.30 p999=   12.86 ms | push=879840 pop=448420 lag=431420 | errs push=0 pop=0 empty=0 gor=9338 | ack=     7908/s ackErr=0 ackAvg=0.00ms | e2e p50=24248.32 p99=27656.19 p999=28180.48 n=79080 | e2e_local p50=24510.46 p99=27918.34 n=21530
[txn] 18:37:00 txn=     791/s msgs=     7908/s avg= 10.00 msg/txn | commit p50=27.78 p99=35.58 p999=40.70 ms | aborts=0 errs=0 open=22 | in=     7908/s | total txns=44842 msgs=448420 aborts=0 errs=0
[18:37:10] offered=    15995/s achieved=    16003/s shed=        0/s inflight=     9 | p50=   6.43 p99=   11.84 p999=   18.56 ms | push=1039890 pop=526560 lag=513330 | errs push=0 pop=0 empty=0 gor=9212 | ack=     7813/s ackErr=0 ackAvg=0.00ms | e2e p50=29229.06 p99=32899.07 p999=33423.36 n=78140 | e2e_local p50=29753.34 p99=33161.22 n=21320
[txn] 18:37:10 txn=     781/s msgs=     7813/s avg= 10.00 msg/txn | commit p50=27.78 p99=39.17 p999=46.34 ms | aborts=0 errs=0 open=22 | in=     7813/s | total txns=52656 msgs=526560 aborts=0 errs=0
[drain] workers and readers keep going for up to 59.994s (ends early after 3s idle; lag now 513390)
[18:37:20] offered=        0/s achieved=        9/s shed=        0/s inflight=     0 | p50=   6.69 p99=    7.90 p999=    7.90 ms | push=1039980 pop=611580 lag=428400 | errs push=0 pop=0 empty=0 gor=9898 | ack=     8503/s ackErr=0 ackAvg=0.00ms | e2e p50=33816.58 p99=37486.59 p999=38010.88 n=85020 | e2e_local p50=34340.86 p99=38010.88 n=23060
[txn] 18:37:20 txn=     850/s msgs=     8502/s avg= 10.00 msg/txn | commit p50=25.98 p99=31.10 p999=35.58 ms | aborts=0 errs=0 open=22 | in=     8502/s | total txns=61157 msgs=611570 aborts=0 errs=0
[18:37:30] offered=        0/s achieved=        0/s shed=        0/s inflight=     0 | p50=   0.00 p99=    0.00 p999=    0.00 ms | push=1039980 pop=696980 lag=343000 | errs push=0 pop=0 empty=0 gor=9932 | ack=     8540/s ackErr=0 ackAvg=0.00ms | e2e p50=38535.17 p99=42205.18 p999=43253.76 n=85400 | e2e_local p50=39059.46 p99=42729.47 n=23220
[txn] 18:37:30 txn=     854/s msgs=     8541/s avg= 10.00 msg/txn | commit p50=25.98 p99=30.59 p999=32.38 ms | aborts=0 errs=0 open=22 | in=     8541/s | total txns=69698 msgs=696980 aborts=0 errs=0
[18:37:40] offered=        0/s achieved=        0/s shed=        0/s inflight=     0 | p50=   0.00 p99=    0.00 p999=    0.00 ms | push=1039980 pop=781490 lag=258490 | errs push=0 pop=0 empty=0 gor=9843 | ack=     8451/s ackErr=0 ackAvg=0.00ms | e2e p50=43253.76 p99=47448.06 p999=47972.35 n=84510 | e2e_local p50=43778.05 p99=47448.06 n=22980
[txn] 18:37:40 txn=     845/s msgs=     8451/s avg= 10.00 msg/txn | commit p50=26.24 p99=31.10 p999=33.54 ms | aborts=0 errs=0 open=22 | in=     8451/s | total txns=78149 msgs=781490 aborts=0 errs=0
[18:37:50] offered=        0/s achieved=        0/s shed=        0/s inflight=     0 | p50=   0.00 p99=    0.00 p999=    0.00 ms | push=1039980 pop=865810 lag=174170 | errs push=0 pop=0 empty=0 gor=9830 | ack=     8432/s ackErr=0 ackAvg=0.00ms | e2e p50=47972.35 p99=52166.66 p999=52690.94 n=84320 | e2e_local p50=48496.64 p99=52690.94 n=22870
[txn] 18:37:50 txn=     843/s msgs=     8432/s avg= 10.00 msg/txn | commit p50=26.24 p99=31.62 p999=35.07 ms | aborts=0 errs=0 open=22 | in=     8432/s | total txns=86581 msgs=865810 aborts=0 errs=0
[18:38:00] offered=        0/s achieved=        0/s shed=        0/s inflight=     0 | p50=   0.00 p99=    0.00 p999=    0.00 ms | push=1039980 pop=951020 lag=88960 | errs push=0 pop=0 empty=0 gor=9907 | ack=     8521/s ackErr=0 ackAvg=0.00ms | e2e p50=52690.94 p99=56885.25 p999=57409.54 n=85210 | e2e_local p50=53215.23 p99=57409.54 n=23110
[txn] 18:38:00 txn=     852/s msgs=     8520/s avg= 10.00 msg/txn | commit p50=25.98 p99=30.85 p999=33.02 ms | aborts=0 errs=0 open=22 | in=     8520/s | total txns=95101 msgs=951010 aborts=0 errs=0
[18:38:10] offered=        0/s achieved=        0/s shed=        0/s inflight=     0 | p50=   0.00 p99=    0.00 p999=    0.00 ms | push=1039980 pop=1023380 lag=16600 | errs push=0 pop=0 empty=0 gor=8613 | ack=     7236/s ackErr=0 ackAvg=0.00ms | e2e p50=57409.54 p99=61603.84 p999=62128.13 n=72360 | e2e_local p50=57933.82 p99=62128.13 n=22600
[txn] 18:38:10 txn=     724/s msgs=     7237/s avg= 10.00 msg/txn | commit p50=25.98 p99=31.62 p999=35.58 ms | aborts=0 errs=0 open=10 | in=     7225/s | total txns=102338 msgs=1023380 aborts=0 errs=0
[info] txn workers: 0 re-subscriptions after an abort, 390 messages held outside a transaction at the stop (left unacked)
[info] producers created: 22 per-partition producers (shard), 0 creation errors, avg creation 20.2 ms
[info] steady window 60s (after the ramp, before the producers stopped): offered 16000/s pushed 16000/s popped 7824/s cpu 103.6% = 6.47 cores per 100k msg/s (produce+consume)
[final] offered=103998 achieved=103998 shed=0 (msgs: offered=1039980 achieved=1039980 shed=0) pushErr=0 | pushed=1039980 popped=1023610 lag=16370 | popErr=0 empty=0 | overall p50=6.43 p99=12.10 p999=20.61 ms | acked=1023610 ackErr=0 ackLag=16370 ackAvg=0.00ms | e2e p50=30801.92 p99=59506.69 p999=61603.84 ms
load_cpu=76.3%
[txn-final] txns=102361 msgs=1023610 aborts=0 errs=0 in=1023610 avg=10.00 msg/txn | commit p50=26.75 p99=39.17 p999=61.70 max=254.98 ms
[ids] ledger /root/bench/runs/txn/pulsar/1x200-t10-144k/ids/p7.ids: 1039980 confirmed, 0 failed, 0 unanswered
