pload tag=1x200-t10-144k-p8 loader=8/9 mode=batch rate=16000 msg/s batch=10 batch-max=0 max-inflight=5000 ramp=10s duration=1m10s report=10s drain=1m0s GOMAXPROCS=16 GOGC=400 seed=1790880007180822600
  offered: 16000 msg/s = 1600.0 units/s (avg 10.0 msgs/unit) across 33 pacer workers (48.48 units/s each)
  topics: 1 x 200 partitions (x1x200-t10-144k..x1x200-t10-144k), entities/topic=0 (explicit partition) | picker: topics=rr entities: rr over space=22 starting at 0 [producer shard 8/9: partitions p % 9 == 8, entity j -> partition 8 + j*9]
  payload: goload jsonEvent target 256 B, avg 289.6 B raw, ~320 B stamped ({"ts":µs,"src":8,...}), pool 64x10
  consumers: 22 here (ci 176..197 of 198), poll=1000 proc-us=0 ack=async ack-inflight=256 local-src=[6 7 8]
  pulsar: url=pulsar://10.114.0.2:6650,10.114.0.3:6650,10.114.0.4:6650 admin=http://10.114.0.2:8080 ns=bench/ns sub=sub type=failover compression=lz4 batch=5ms/10 msgs/131072 B max-pending=100000/partition mem-limit=64 MB receiver-queue=1000 ack-group=100ms conns/broker=1 | feeder batches capped at -txn-size messages (whole entries per transaction) | txn: x1x200-t10-144k-in -> 22 workers (own client + TC each, NewTransaction timeout 10s, send+AckWithTxn on whole entries, txn-size 10, linger 1s) -> x1x200-t10-144k-out, 22 readers
  [admin] 2 topics with 200 partitions and subscription "sub" exist (checked in 0.0s)
  [txn] 22 workers (ci 176..197 of 198, 0 idle): each its own client + TC, a failover consumer on its partitions of x1x200-t10-144k-in, 22 producers on x1x200-t10-144k-out in all; txn-size 10, linger 1s, txn-timeout 10s; ready in 1.1s
  [consume] 22 consumers (ci 176..197 of 198), failover, partition slices (every partition exactly one consumer): 22 partition registrations here, 200 in total across all processes; idle 0 here, 0 in total; subscribed in 0.0s, settling 2s
  [produce] producer shard 8/9: 22 partitions per topic (p % 9 == 8) x 1 topics, per-partition producers created lazily on first use
READY 1790879746227
[start] waiting 9.274s for the common start 1790879760428
[start] GO 18:36:00.428 (unix ms 1790879760428)
[18:36:10] offered=     8000/s achieved=     7986/s shed=        0/s inflight=    14 | p50=   6.43 p99=   16.32 p999=   28.03 ms | push=79850 pop=57010 lag=22840 | errs push=0 pop=0 empty=0 gor=7150 | ack=     5702/s ackErr=0 ackAvg=0.00ms | e2e p50=261.12 p99=1499.14 p999=1662.98 n=57010 | e2e_local p50=272.38 p99=1548.29 n=23410
[txn] 18:36:10 txn=     570/s msgs=     5701/s avg= 10.00 msg/txn | commit p50=29.31 p99=68.10 p999=242.69 ms | aborts=0 errs=0 open=22 | in=     5723/s | total txns=5700 msgs=57000 aborts=0 errs=0
[18:36:20] offered=    16005/s achieved=    16005/s shed=        0/s inflight=    14 | p50=   6.11 p99=   10.30 p999=   14.66 ms | push=239900 pop=135840 lag=104060 | errs push=0 pop=0 empty=0 gor=9306 | ack=     7883/s ackErr=0 ackAvg=0.00ms | e2e p50=3981.31 p99=6520.83 p999=6782.98 n=78830 | e2e_local p50=4014.08 p99=6651.90 n=32300
[txn] 18:36:20 txn=     788/s msgs=     7884/s avg= 10.00 msg/txn | commit p50=27.52 p99=42.24 p999=55.04 ms | aborts=0 errs=0 open=22 | in=     7884/s | total txns=13584 msgs=135840 aborts=0 errs=0
[18:36:30] offered=    15995/s achieved=    16000/s shed=        0/s inflight=    10 | p50=   6.24 p99=   11.33 p999=   16.06 ms | push=399900 pop=213340 lag=186560 | errs push=0 pop=0 empty=0 gor=9188 | ack=     7750/s ackErr=0 ackAvg=0.00ms | e2e p50=8978.43 p99=11862.02 p999=12124.16 n=77500 | e2e_local p50=8978.43 p99=11993.09 n=31700
[txn] 18:36:30 txn=     775/s msgs=     7749/s avg= 10.00 msg/txn | commit p50=27.78 p99=40.19 p999=52.99 ms | aborts=0 errs=0 open=22 | in=     7749/s | total txns=21333 msgs=213330 aborts=0 errs=0
[18:36:40] offered=    16001/s achieved=    16002/s shed=        0/s inflight=     8 | p50=   6.05 p99=    9.79 p999=   11.97 ms | push=559920 pop=293460 lag=266460 | errs push=0 pop=0 empty=0 gor=9449 | ack=     8012/s ackErr=0 ackAvg=0.00ms | e2e p50=13959.17 p99=16908.29 p999=17432.58 n=80120 | e2e_local p50=14090.24 p99=17170.43 n=32760
[txn] 18:36:40 txn=     801/s msgs=     8013/s avg= 10.00 msg/txn | commit p50=27.26 p99=35.07 p999=39.68 ms | aborts=0 errs=0 open=22 | in=     8013/s | total txns=29346 msgs=293460 aborts=0 errs=0
[18:36:50] offered=    16000/s achieved=    15997/s shed=        0/s inflight=    11 | p50=   6.43 p99=   12.35 p999=   19.07 ms | push=719900 pop=367720 lag=352180 | errs push=0 pop=0 empty=0 gor=8851 | ack=     7426/s ackErr=0 ackAvg=0.00ms | e2e p50=19267.58 p99=22413.31 p999=22937.60 n=74260 | e2e_local p50=19529.73 p99=22675.46 n=30300
[txn] 18:36:50 txn=     742/s msgs=     7424/s avg= 10.00 msg/txn | commit p50=29.06 p99=42.75 p999=52.48 ms | aborts=0 errs=0 open=22 | in=     7424/s | total txns=36770 msgs=367700 aborts=0 errs=0
[18:37:00] offered=    16002/s achieved=    16002/s shed=        0/s inflight=    11 | p50=   6.11 p99=    9.79 p999=   11.46 ms | push=879920 pop=446370 lag=433550 | errs push=0 pop=0 empty=0 gor=9297 | ack=     7865/s ackErr=0 ackAvg=0.00ms | e2e p50=24248.32 p99=27656.19 p999=28180.48 n=78650 | e2e_local p50=24510.46 p99=28180.48 n=32170
[txn] 18:37:00 txn=     787/s msgs=     7866/s avg= 10.00 msg/txn | commit p50=27.78 p99=36.10 p999=41.73 ms | aborts=0 errs=0 open=22 | in=     7866/s | total txns=44636 msgs=446360 aborts=0 errs=0
[18:37:10] offered=    15997/s achieved=    15999/s shed=        0/s inflight=     8 | p50=   6.18 p99=   10.43 p999=   16.77 ms | push=1039910 pop=524420 lag=515490 | errs push=0 pop=0 empty=0 gor=9202 | ack=     7805/s ackErr=0 ackAvg=0.00ms | e2e p50=29491.20 p99=33161.22 p999=33816.58 n=78050 | e2e_local p50=29753.34 p99=33423.36 n=31950
[txn] 18:37:10 txn=     781/s msgs=     7805/s avg= 10.00 msg/txn | commit p50=27.78 p99=39.17 p999=47.87 ms | aborts=0 errs=0 open=22 | in=     7805/s | total txns=52441 msgs=524410 aborts=0 errs=0
[drain] workers and readers keep going for up to 59.99s (ends early after 3s idle; lag now 515530)
[18:37:20] offered=        0/s achieved=        9/s shed=        0/s inflight=     0 | p50=   7.39 p99=    8.77 p999=    8.77 ms | push=1040000 pop=608910 lag=431090 | errs push=0 pop=0 empty=0 gor=9847 | ack=     8449/s ackErr=0 ackAvg=0.00ms | e2e p50=34340.86 p99=38010.88 p999=38535.17 n=84490 | e2e_local p50=34340.86 p99=38010.88 n=34600
[txn] 18:37:20 txn=     845/s msgs=     8450/s avg= 10.00 msg/txn | commit p50=26.24 p99=31.36 p999=33.02 ms | aborts=0 errs=0 open=22 | in=     8450/s | total txns=60891 msgs=608910 aborts=0 errs=0
[18:37:30] offered=        0/s achieved=        0/s shed=        0/s inflight=     0 | p50=   0.00 p99=    0.00 p999=    0.00 ms | push=1040000 pop=693800 lag=346200 | errs push=0 pop=0 empty=0 gor=9875 | ack=     8489/s ackErr=0 ackAvg=0.00ms | e2e p50=39059.46 p99=42729.47 p999=43253.76 n=84890 | e2e_local p50=39059.46 p99=43253.76 n=34730
[txn] 18:37:30 txn=     849/s msgs=     8488/s avg= 10.00 msg/txn | commit p50=25.98 p99=30.85 p999=33.02 ms | aborts=0 errs=0 open=22 | in=     8488/s | total txns=69379 msgs=693790 aborts=0 errs=0
[18:37:40] offered=        0/s achieved=        0/s shed=        0/s inflight=     0 | p50=   0.00 p99=    0.00 p999=    0.00 ms | push=1040000 pop=777950 lag=262050 | errs push=0 pop=0 empty=0 gor=9814 | ack=     8415/s ackErr=0 ackAvg=0.00ms | e2e p50=43778.05 p99=47448.06 p999=47972.35 n=84150 | e2e_local p50=43778.05 p99=47972.35 n=34420
[txn] 18:37:40 txn=     842/s msgs=     8416/s avg= 10.00 msg/txn | commit p50=26.24 p99=31.36 p999=33.02 ms | aborts=0 errs=0 open=22 | in=     8416/s | total txns=77795 msgs=777950 aborts=0 errs=0
[18:37:50] offered=        0/s achieved=        0/s shed=        0/s inflight=     0 | p50=   0.00 p99=    0.00 p999=    0.00 ms | push=1040000 pop=862040 lag=177960 | errs push=0 pop=0 empty=0 gor=9805 | ack=     8410/s ackErr=0 ackAvg=0.00ms | e2e p50=48496.64 p99=52690.94 p999=53215.23 n=84090 | e2e_local p50=48496.64 p99=52690.94 n=34430
[txn] 18:37:50 txn=     841/s msgs=     8410/s avg= 10.00 msg/txn | commit p50=26.24 p99=31.87 p999=36.10 ms | aborts=0 errs=0 open=22 | in=     8410/s | total txns=86204 msgs=862040 aborts=0 errs=0
[18:38:00] offered=        0/s achieved=        0/s shed=        0/s inflight=     0 | p50=   0.00 p99=    0.00 p999=    0.00 ms | push=1040000 pop=946920 lag=93080 | errs push=0 pop=0 empty=0 gor=9880 | ack=     8488/s ackErr=0 ackAvg=0.00ms | e2e p50=53215.23 p99=57409.54 p999=57933.82 n=84880 | e2e_local p50=53215.23 p99=57409.54 n=34740
[txn] 18:38:00 txn=     849/s msgs=     8488/s avg= 10.00 msg/txn | commit p50=25.98 p99=31.10 p999=34.56 ms | aborts=0 errs=0 open=22 | in=     8488/s | total txns=94692 msgs=946920 aborts=0 errs=0
[18:38:10] offered=        0/s achieved=        0/s shed=        0/s inflight=     0 | p50=   0.00 p99=    0.00 p999=    0.00 ms | push=1040000 pop=1023830 lag=16170 | errs push=0 pop=0 empty=0 gor=9069 | ack=     7691/s ackErr=0 ackAvg=0.00ms | e2e p50=57409.54 p99=62128.13 p999=62652.42 n=76910 | e2e_local p50=57933.82 p99=62652.42 n=32390
[txn] 18:38:10 txn=     769/s msgs=     7691/s avg= 10.00 msg/txn | commit p50=25.98 p99=31.36 p999=35.58 ms | aborts=0 errs=0 open=10 | in=     7679/s | total txns=102383 msgs=1023830 aborts=0 errs=0
[info] txn workers: 0 re-subscriptions after an abort, 495 messages held outside a transaction at the stop (left unacked)
[info] producers created: 22 per-partition producers (shard), 0 creation errors, avg creation 19.4 ms
[info] steady window 60s (after the ramp, before the producers stopped): offered 16000/s pushed 16001/s popped 7790/s cpu 103.6% = 6.48 cores per 100k msg/s (produce+consume)
[final] offered=104000 achieved=104000 shed=0 (msgs: offered=1040000 achieved=1040000 shed=0) pushErr=0 | pushed=1040000 popped=1024100 lag=15900 | popErr=0 empty=0 | overall p50=6.24 p99=11.07 p999=18.30 ms | acked=1024100 ackErr=0 ackLag=15900 ackAvg=0.00ms | e2e p50=31064.06 p99=60030.98 p999=62128.13 ms
load_cpu=76.5%
[txn-final] txns=102410 msgs=1024100 aborts=0 errs=0 in=1024100 avg=10.00 msg/txn | commit p50=27.01 p99=39.17 p999=60.67 max=248.83 ms
[ids] ledger /root/bench/runs/txn/pulsar/1x200-t10-144k/ids/p8.ids: 1040000 confirmed, 0 failed, 0 unanswered
