kload tag=1x200-t10-9k-p1 loader=1/9 mode=batch rate=1000 msg/s batch=10 batch-max=0 max-inflight=5000 ramp=10s duration=1m10s report=10s drain=1m0s GOMAXPROCS=16 GOGC=400 seed=1790872296571365887
  offered: 1000 msg/s = 100.0 units/s (avg 10.0 msgs/unit) across 3 pacer workers (33.33 units/s each)
  topics: 1 x 200 partitions (x1x200-t10-9k..x1x200-t10-9k), entities/topic=0 (explicit partition) | picker: topics=rr entities: rr over space=200 starting at 22
  payload: goload jsonEvent target 256 B, avg 289.6 B raw, ~320 B stamped ({"ts":µs,"src":1,...}), pool 64x10
  consumers: 22 here (ci 22..43 of 198), poll=1000 proc-us=0 ack=async ack-inflight=256 local-src=[0 1 2]
  kafka: brokers=10.114.0.2:9092,10.114.0.3:9092,10.114.0.4:9092 rf=3 min-isr=0 producers=4 linger=5ms compression=lz4 acks=all idempotent batch-max-bytes=1048576 | consumers: protocol=classic fetch-max-wait=500ms fetch-min-bytes=1 fetch-max-partition-bytes=1048576 session=45s | txn: x1x200-t10-9k-in -> 22 workers (GroupTransactSession, transactional.id per worker, txn-timeout 10s, concurrent-txn backoff 20ms, metadata-min-age 250ms, txn-size 10, linger 1s, read_committed) -> x1x200-t10-9k-out, 22 read_committed readers
  [topic] READY after 0.0s: 2 topics x 200 partitions, leaders + full ISR
  [config] broker.default.replication.factor = 3 (STATIC_BROKER_CONFIG)
  [config] topic.compression.type = producer (DEFAULT_CONFIG)
  [config] topic.flush.ms = 100 (DEFAULT_CONFIG)
  [config] topic.max.message.bytes = 16777216 (DEFAULT_CONFIG)
  [config] topic.message.timestamp.type = CreateTime (DEFAULT_CONFIG)
  [config] topic.retention.ms = 600000 (DYNAMIC_TOPIC_CONFIG)
  [config] topic.segment.bytes = 268435456 (DYNAMIC_TOPIC_CONFIG)
  [group] 22 txn workers (GroupTransactSession) in 1 groups (x1x200-t10-9k-in-g-t0 ... ), protocol classic
  [group] 22 consumers in 1 groups (x1x200-t10-9k-out-g-t0 ... ), protocol classic
  [group] t=+2.3s waiting: x1x200-t10-9k-in-g-t0: local members 22/198 hold 0/200 partitions (group-wide PreparingRebalance members=171 assigned=0)
  [group] t=+4.3s waiting: x1x200-t10-9k-in-g-t0: local members 22/198 hold 0/200 partitions (group-wide PreparingRebalance members=198 assigned=0)
  [group] t=+6.3s waiting: x1x200-t10-9k-in-g-t0: local members 22/198 hold 0/200 partitions (group-wide PreparingRebalance members=198 assigned=0)
  [group] t=+8.4s waiting: x1x200-t10-9k-in-g-t0: local members 22/198 hold 22/200 partitions (group-wide PreparingRebalance members=198 assigned=0)
  [group] t=+10.4s waiting: x1x200-t10-9k-in-g-t0: local members 22/198 hold 22/200 partitions (group-wide Stable members=198 assigned=200)
  [group] STABLE after 11.5s: 1 groups, 22 local members holding 22 partitions, assignEv=22 revokeEv=0 lostEv=0
  [group] t=+0.0s waiting: x1x200-t10-9k-out-g-t0: local members 22/198 hold 22/200 partitions (group-wide Stable members=198 assigned=200)
  [group] t=+2.0s waiting: x1x200-t10-9k-out-g-t0: local members 22/198 hold 22/200 partitions (group-wide Stable members=198 assigned=200)
  [group] STABLE after 3.0s: 1 groups, 22 local members holding 22 partitions, assignEv=22 revokeEv=0 lostEv=0
  [produce] 4 clients connected to every broker with producer IDs in 0.01s; max buffered 51024 records per client
READY 1790871990058
[start] waiting 9.304s for the common start 1790872030221
[start] GO 16:27:10.221 (unix ms 1790872030221)
[16:27:20] offered=      500/s achieved=      499/s shed=        0/s inflight=     1 | p50=   7.84 p99=   44.29 p999=   59.65 ms | push=4990 pop=4720 lag=270 | errs push=0 pop=0 empty=0 gor=417 | ack=      472/s ackErr=0 ackAvg=2.11ms | e2e p50=288.77 p99=497.66 p999=528.38 n=4720 | e2e_local p50=292.86 p99=485.38 n=1590
[txn] 16:27:20 txn=      49/s msgs=      492/s avg= 10.00 msg/txn | commit p50=12.74 p99=68.10 p999=130.56 ms | aborts=0 errs=0 open=1 | in=      493/s | total txns=514 msgs=4942 aborts=0 errs=0
[16:27:30] offered=      999/s achieved=     1000/s shed=        0/s inflight=     1 | p50=   8.03 p99=   58.62 p999=   98.82 ms | push=14990 pop=14610 lag=380 | errs push=0 pop=0 empty=0 gor=419 | ack=      989/s ackErr=0 ackAvg=2.11ms | e2e p50=240.64 p99=342.02 p999=407.55 n=9890 | e2e_local p50=242.69 p99=346.11 n=3290
[txn] 16:27:30 txn=      99/s msgs=      990/s avg= 10.00 msg/txn | commit p50=14.78 p99=116.22 p999=195.58 ms | aborts=0 errs=0 open=1 | in=      990/s | total txns=1504 msgs=14842 aborts=0 errs=0
[16:27:40] offered=     1001/s achieved=     1000/s shed=        0/s inflight=     1 | p50=   7.97 p99=   47.87 p999=   87.55 ms | push=24990 pop=24510 lag=480 | errs push=0 pop=0 empty=0 gor=419 | ack=      990/s ackErr=0 ackAvg=2.09ms | e2e p50=238.59 p99=346.11 p999=518.14 n=9900 | e2e_local p50=240.64 p99=350.21 n=3310
[txn] 16:27:40 txn=      99/s msgs=      990/s avg= 10.00 msg/txn | commit p50=13.50 p99=116.22 p999=313.34 ms | aborts=0 errs=0 open=1 | in=      990/s | total txns=2494 msgs=24742 aborts=0 errs=0
[16:27:50] offered=     1000/s achieved=     1000/s shed=        0/s inflight=     1 | p50=   7.90 p99=   38.14 p999=   68.10 ms | push=34990 pop=34410 lag=580 | errs push=0 pop=0 empty=0 gor=416 | ack=      990/s ackErr=0 ackAvg=2.09ms | e2e p50=238.59 p99=305.15 p999=514.05 n=9900 | e2e_local p50=238.59 p99=288.77 n=3300
[txn] 16:27:50 txn=      99/s msgs=      990/s avg= 10.00 msg/txn | commit p50=13.63 p99=107.01 p999=309.25 ms | aborts=0 errs=0 open=1 | in=      990/s | total txns=3484 msgs=34642 aborts=0 errs=0
[16:28:00] offered=     1000/s achieved=     1000/s shed=        0/s inflight=     1 | p50=   8.03 p99=   57.09 p999=   91.65 ms | push=44990 pop=44290 lag=700 | errs push=0 pop=0 empty=0 gor=425 | ack=      988/s ackErr=0 ackAvg=2.12ms | e2e p50=240.64 p99=337.92 p999=522.24 n=9880 | e2e_local p50=242.69 p99=346.11 n=3290
[txn] 16:28:00 txn=      99/s msgs=      987/s avg= 10.00 msg/txn | commit p50=14.14 p99=132.10 p999=337.92 ms | aborts=0 errs=0 open=4 | in=      990/s | total txns=4471 msgs=44512 aborts=0 errs=0
[16:28:10] offered=     1000/s achieved=     1000/s shed=        0/s inflight=     1 | p50=   7.97 p99=   38.14 p999=   72.19 ms | push=54990 pop=54210 lag=780 | errs push=0 pop=0 empty=0 gor=419 | ack=      992/s ackErr=0 ackAvg=2.10ms | e2e p50=238.59 p99=337.92 p999=561.15 n=9920 | e2e_local p50=240.64 p99=321.54 n=3310
[txn] 16:28:10 txn=      99/s msgs=      993/s avg= 10.00 msg/txn | commit p50=13.63 p99=121.34 p999=325.63 ms | aborts=0 errs=0 open=1 | in=      990/s | total txns=5464 msgs=54442 aborts=0 errs=0
[16:28:20] offered=     1000/s achieved=     1000/s shed=        0/s inflight=     1 | p50=   7.90 p99=   25.73 p999=   53.50 ms | push=64990 pop=64100 lag=890 | errs push=0 pop=0 empty=0 gor=415 | ack=      989/s ackErr=0 ackAvg=2.07ms | e2e p50=238.59 p99=309.25 p999=370.69 n=9890 | e2e_local p50=238.59 p99=317.44 n=3290
[txn] 16:28:20 txn=      99/s msgs=      989/s avg= 10.00 msg/txn | commit p50=13.12 p99=99.84 p999=168.96 ms | aborts=0 errs=0 open=2 | in=      990/s | total txns=6453 msgs=64332 aborts=0 errs=0
[drain] workers and readers keep going for up to 59.989s (ends early after 3s idle; lag now 890)
[drain] idle for 3s after 3.5s: ending the drain (lag 660)
[info] txn workers began 6456 transactions
[info] steady window 60s (after the ramp, before the producers stopped): offered 1000/s pushed 1000/s popped 990/s cpu 21.0% = 20.99 cores per 100k msg/s (produce+consume)
[info] 44 warm-up messages (no "ts") received and not counted as load
[final] offered=6500 achieved=6500 shed=0 (msgs: offered=65000 achieved=65000 shed=0) pushErr=0 | pushed=65000 popped=64340 lag=660 | popErr=0 empty=0 | overall p50=7.97 p99=47.36 p999=92.67 ms | acked=64340 ackErr=0 ackLag=660 ackAvg=2.07ms | e2e p50=240.64 p99=428.03 p999=536.58 ms
load_cpu=11.9%
[txn-final] txns=6456 msgs=64362 aborts=0 errs=0 in=64362 avg=9.97 msg/txn | commit p50=13.76 p99=125.44 p999=1810.43 max=2211.84 ms
[ids] ledger /root/bench/runs/txn/redpanda/1x200-t10-9k/ids/p1.ids: 65000 confirmed, 0 failed, 0 unanswered
