WARN max-pending 100000 per partition producer would preallocate 2545 MB over 1112 partitions (24 B/slot); using 2514 (-pending-budget-mb 64)
pload tag=1x10000-t10-9k-p0 loader=0/9 mode=batch rate=1000 msg/s batch=10 batch-max=0 max-inflight=5000 ramp=10s duration=1m10s report=10s drain=1m0s GOMAXPROCS=16 GOGC=400 seed=1790884601868275986
  offered: 1000 msg/s = 100.0 units/s (avg 10.0 msgs/unit) across 3 pacer workers (33.33 units/s each)
  topics: 1 x 10000 partitions (x1x10000-t10-9k..x1x10000-t10-9k), entities/topic=0 (explicit partition) | picker: topics=rr entities: rr over space=1112 starting at 0 [producer shard 0/9: partitions p % 9 == 0, entity j -> partition 0 + j*9]
  payload: goload jsonEvent target 256 B, avg 289.7 B raw, ~320 B stamped ({"ts":µs,"src":0,...}), pool 64x10
  consumers: 33 here (ci 0..32 of 297), poll=1000 proc-us=0 ack=async ack-inflight=256 local-src=[0 1 2]
  pulsar: url=pulsar://10.114.0.2:6650,10.114.0.3:6650,10.114.0.4:6650 admin=http://10.114.0.2:8080 ns=bench/ns sub=sub type=failover compression=lz4 batch=5ms/10 msgs/131072 B max-pending=2514/partition mem-limit=64 MB receiver-queue=1000 ack-group=100ms conns/broker=1 | feeder batches capped at -txn-size messages (whole entries per transaction) | txn: x1x10000-t10-9k-in -> 33 workers (own client + TC each, NewTransaction timeout 10s, send+AckWithTxn on whole entries, txn-size 10, linger 1s) -> x1x10000-t10-9k-out, 33 readers
  [admin] 2 topics with 10000 partitions and subscription "sub" exist (checked in 0.0s)
  [txn] 33 workers (ci 0..32 of 297, 0 idle): each its own client + TC, a failover consumer on its partitions of x1x10000-t10-9k-in, 1122 producers on x1x10000-t10-9k-out in all; txn-size 10, linger 1s, txn-timeout 10s; ready in 2.3s
  [consume] 33 consumers (ci 0..32 of 297), failover, partition slices (every partition exactly one consumer): 1122 partition registrations here, 10000 in total across all processes; idle 0 here, 0 in total; subscribed in 0.2s, settling 2s
  [produce] producer shard 0/9: 1112 partitions per topic (p % 9 == 0) x 1 topics, per-partition producers created lazily on first use
READY 1790885080064
[start] waiting 9.311s for the common start 1790885093298
[start] GO 20:04:53.298 (unix ms 1790885093298)
[20:05:03] offered=      501/s achieved=      498/s shed=        0/s inflight=     3 | p50=  16.51 p99=   24.96 p999=   25.98 ms | push=4980 pop=4950 lag=30 | errs push=0 pop=0 empty=0 gor=19748 | ack=      495/s ackErr=0 ackAvg=0.01ms | e2e p50=76.29 p99=128.51 p999=138.24 n=4950 | e2e_local p50=75.26 p99=126.46 n=1800
[txn] 20:05:03 txn=      50/s msgs=      495/s avg= 10.00 msg/txn | commit p50=59.14 p99=114.18 p999=120.32 ms | aborts=0 errs=0 open=28 | in=      523/s | total txns=495 msgs=4950 aborts=0 errs=0
[20:05:13] offered=      999/s achieved=     1002/s shed=        0/s inflight=     0 | p50=  13.12 p99=   23.68 p999=   24.70 ms | push=15000 pop=15180 lag=-180 | errs push=0 pop=0 empty=0 gor=22623 | ack=     1023/s ackErr=0 ackAvg=0.00ms | e2e p50=72.19 p99=93.70 p999=97.79 n=10230 | e2e_local p50=73.22 p99=94.72 n=3720
[txn] 20:05:13 txn=     102/s msgs=     1023/s avg= 10.00 msg/txn | commit p50=57.09 p99=68.10 p999=71.17 ms | aborts=0 errs=0 open=0 | in=      995/s | total txns=1518 msgs=15180 aborts=0 errs=0
[20:05:23] offered=      999/s achieved=      999/s shed=        0/s inflight=     0 | p50=   6.24 p99=    9.02 p999=   10.43 ms | push=24990 pop=25410 lag=-420 | errs push=0 pop=0 empty=0 gor=22649 | ack=     1023/s ackErr=0 ackAvg=0.00ms | e2e p50=29.57 p99=39.68 p999=43.78 n=10230 | e2e_local p50=29.57 p99=38.66 n=3720
[txn] 20:05:23 txn=     102/s msgs=     1023/s avg= 10.00 msg/txn | commit p50=23.94 p99=30.08 p999=33.02 ms | aborts=0 errs=0 open=0 | in=     1023/s | total txns=2541 msgs=25410 aborts=0 errs=0
[20:05:33] offered=     1002/s achieved=     1001/s shed=        0/s inflight=     1 | p50=   6.43 p99=    8.77 p999=    9.02 ms | push=35000 pop=35310 lag=-310 | errs push=0 pop=0 empty=0 gor=22644 | ack=      990/s ackErr=0 ackAvg=0.00ms | e2e p50=29.06 p99=43.78 p999=52.99 n=9900 | e2e_local p50=29.06 p99=42.24 n=3600
[txn] 20:05:33 txn=      99/s msgs=      990/s avg= 10.00 msg/txn | commit p50=22.91 p99=36.10 p999=41.73 ms | aborts=0 errs=0 open=12 | in=     1002/s | total txns=3531 msgs=35310 aborts=0 errs=0
[20:05:43] offered=      999/s achieved=     1000/s shed=        0/s inflight=     0 | p50=   6.30 p99=    8.77 p999=    9.66 ms | push=45000 pop=45540 lag=-540 | errs push=0 pop=0 empty=0 gor=22638 | ack=     1023/s ackErr=0 ackAvg=0.00ms | e2e p50=29.06 p99=39.68 p999=43.78 n=10230 | e2e_local p50=28.54 p99=39.68 n=3720
[txn] 20:05:43 txn=     102/s msgs=     1023/s avg= 10.00 msg/txn | commit p50=23.17 p99=30.85 p999=32.38 ms | aborts=0 errs=0 open=0 | in=     1011/s | total txns=4554 msgs=45540 aborts=0 errs=0
[20:05:53] offered=     1001/s achieved=      999/s shed=        0/s inflight=     2 | p50=   5.98 p99=    8.77 p999=   10.56 ms | push=54990 pop=55440 lag=-450 | errs push=0 pop=0 empty=0 gor=22616 | ack=      990/s ackErr=0 ackAvg=0.00ms | e2e p50=29.57 p99=42.24 p999=45.82 n=9900 | e2e_local p50=29.31 p99=44.29 n=3600
[txn] 20:05:53 txn=      99/s msgs=      990/s avg= 10.00 msg/txn | commit p50=23.17 p99=35.58 p999=40.70 ms | aborts=0 errs=0 open=0 | in=      990/s | total txns=5544 msgs=55440 aborts=0 errs=0
[20:06:03] offered=     1000/s achieved=     1001/s shed=        0/s inflight=     1 | p50=   6.37 p99=    8.90 p999=   13.50 ms | push=65000 pop=65670 lag=-670 | errs push=0 pop=0 empty=0 gor=22646 | ack=     1023/s ackErr=0 ackAvg=0.00ms | e2e p50=28.54 p99=38.66 p999=41.22 n=10230 | e2e_local p50=28.54 p99=39.17 n=3720
[txn] 20:06:03 txn=     102/s msgs=     1023/s avg= 10.00 msg/txn | commit p50=22.66 p99=29.06 p999=31.62 ms | aborts=0 errs=0 open=0 | in=     1023/s | total txns=6567 msgs=65670 aborts=0 errs=0
[drain] workers and readers keep going for up to 59.994s (ends early after 3s idle; lag now -660)
[drain] idle for 3s after 3.0s: ending the drain (lag -660)
[info] txn workers: 0 re-subscriptions after an abort, 0 messages held outside a transaction at the stop (left unacked)
[info] producers created: 1112 per-partition producers (shard), 0 creation errors, avg creation 10.6 ms
[info] steady window 60s (after the ramp, before the producers stopped): offered 1000/s pushed 1000/s popped 1012/s cpu 92.8% = 92.81 cores per 100k msg/s (produce+consume)
[final] offered=6501 achieved=6501 shed=0 (msgs: offered=65010 achieved=65010 shed=0) pushErr=0 | pushed=65010 popped=65670 lag=-660 | popErr=0 empty=0 | overall p50=6.62 p99=22.66 p999=24.70 ms | acked=65670 ackErr=0 ackLag=-660 ackAvg=0.00ms | e2e p50=30.08 p99=91.65 p999=126.46 ms
load_cpu=74.1%
[txn-final] txns=6567 msgs=65670 aborts=0 errs=0 in=65670 avg=10.00 msg/txn | commit p50=23.94 p99=69.12 p999=113.15 max=120.32 ms
[ids] ledger /root/bench/runs/txn/pulsar/1x10000-t10-9k/ids/p0.ids: 65010 confirmed, 0 failed, 0 unanswered
