WARN max-pending 1000000 per partition producer would preallocate 526 MB over 23 partitions (24 B/slot); using 121574 (-pending-budget-mb 64)
pload tag=1x200-t100-1152k-w198-b100-p1 loader=1/9 mode=batch rate=128000 msg/s batch=100 batch-max=0 max-inflight=5000 ramp=10s duration=1m10s report=10s drain=1m0s GOMAXPROCS=16 GOGC=400 seed=1790889245309317665
  offered: 128000 msg/s = 1280.0 units/s (avg 100.0 msgs/unit) across 26 pacer workers (49.23 units/s each)
  topics: 1 x 200 partitions (x1x200-t100-1152k-w198-b100..x1x200-t100-1152k-w198-b100), entities/topic=0 (explicit partition) | picker: topics=rr entities: rr over space=23 starting at 0 [producer shard 1/9: partitions p % 9 == 1, entity j -> partition 1 + j*9]
  payload: goload jsonEvent target 256 B, avg 289.6 B raw, ~320 B stamped ({"ts":µs,"src":1,...}), pool 64x100
  consumers: 22 here (ci 22..43 of 198), poll=1000 proc-us=0 ack=async ack-inflight=256 local-src=[0 1 2]
  pulsar: url=pulsar://10.114.0.2:6650,10.114.0.3:6650,10.114.0.4:6650 admin=http://10.114.0.2:8080 ns=bench/ns sub=sub type=failover compression=lz4 batch=5ms/100 msgs/131072 B max-pending=121574/partition mem-limit=365 MB receiver-queue=1000 ack-group=100ms conns/broker=1 | feeder batches capped at -txn-size messages (whole entries per transaction) | txn: x1x200-t100-1152k-w198-b100-in -> 22 workers (own client + TC each, NewTransaction timeout 10s, send+AckWithTxn on whole entries, txn-size 100, linger 1s) -> x1x200-t100-1152k-w198-b100-out, 22 readers
  [admin] 2 topics with 200 partitions and subscription "sub" exist (checked in 0.0s)
  [txn] 22 workers (ci 22..43 of 198, 0 idle): each its own client + TC, a failover consumer on its partitions of x1x200-t100-1152k-w198-b100-in, 22 producers on x1x200-t100-1152k-w198-b100-out in all; txn-size 100, linger 1s, txn-timeout 10s; ready in 0.1s
  [consume] 22 consumers (ci 22..43 of 198), failover, partition slices (every partition exactly one consumer): 22 partition registrations here, 200 in total across all processes; idle 0 here, 0 in total; subscribed in 0.0s, settling 2s
  [produce] producer shard 1/9: 23 partitions per topic (p % 9 == 1) x 1 topics, per-partition producers created lazily on first use
READY 1790889200683
[start] waiting 9.322s for the common start 1790889247748
[start] GO 21:14:07.748 (unix ms 1790889247748)
[21:14:17] offered=    64013/s achieved=    63903/s shed=        0/s inflight=    11 | p50=   7.33 p99=   20.61 p999=   35.58 ms | push=639000 pop=459000 lag=180000 | errs push=0 pop=0 empty=0 gor=6042 | ack=    45902/s ackErr=0 ackAvg=0.02ms | e2e p50=226.30 p99=1564.67 p999=1646.59 n=459000 | e2e_local p50=228.35 p99=1548.29 n=123300
[txn] 21:14:17 txn=     460/s msgs=    45902/s avg= 99.78 msg/txn | commit p50=33.02 p99=76.29 p999=254.98 ms | aborts=0 errs=0 open=22 | in=    46122/s | total txns=4600 msgs=459000 aborts=0 errs=0
[21:14:27] offered=   127960/s achieved=   127990/s shed=        0/s inflight=     8 | p50=   7.58 p99=   19.58 p999=   24.45 ms | push=1918900 pop=1056300 lag=862600 | errs push=0 pop=0 empty=0 gor=7402 | ack=    59730/s ackErr=0 ackAvg=0.02ms | e2e p50=4112.38 p99=6782.98 p999=6914.05 n=597300 | e2e_local p50=4046.85 p99=6651.90 n=162200
[txn] 21:14:27 txn=     597/s msgs=    59750/s avg=100.00 msg/txn | commit p50=35.07 p99=62.21 p999=77.31 ms | aborts=0 errs=0 open=22 | in=    59750/s | total txns=10575 msgs=1056500 aborts=0 errs=0
[21:14:37] offered=   128016/s achieved=   127986/s shed=        0/s inflight=    11 | p50=   7.46 p99=   19.07 p999=   26.50 ms | push=3198800 pop=1665100 lag=1533700 | errs push=0 pop=0 empty=0 gor=7504 | ack=    60878/s ackErr=0 ackAvg=0.02ms | e2e p50=9240.58 p99=12124.16 p999=12386.30 n=608800 | e2e_local p50=9109.50 p99=11993.09 n=165600
[txn] 21:14:37 txn=     608/s msgs=    60848/s avg=100.00 msg/txn | commit p50=35.07 p99=57.09 p999=68.10 ms | aborts=0 errs=0 open=22 | in=    60848/s | total txns=16660 msgs=1665000 aborts=0 errs=0
[21:14:47] offered=   128004/s achieved=   128014/s shed=        0/s inflight=    10 | p50=   7.39 p99=   19.58 p999=   24.19 ms | push=4478900 pop=2289700 lag=2189200 | errs push=0 pop=0 empty=0 gor=7672 | ack=    62462/s ackErr=0 ackAvg=0.02ms | e2e p50=14352.38 p99=17432.58 p999=17694.72 n=624600 | e2e_local p50=13959.17 p99=17170.43 n=170000
[txn] 21:14:47 txn=     625/s msgs=    62472/s avg= 99.97 msg/txn | commit p50=34.05 p99=59.65 p999=72.19 ms | aborts=0 errs=0 open=22 | in=    62472/s | total txns=22909 msgs=2289700 aborts=0 errs=0
[21:14:57] offered=   127980/s achieved=   128020/s shed=        0/s inflight=     6 | p50=   7.52 p99=   18.05 p999=   22.66 ms | push=5759100 pop=2894600 lag=2864500 | errs push=0 pop=0 empty=0 gor=7471 | ack=    60490/s ackErr=0 ackAvg=0.02ms | e2e p50=19529.73 p99=22675.46 p999=23199.74 n=604900 | e2e_local p50=19267.58 p99=22675.46 n=164700
[txn] 21:14:57 txn=     605/s msgs=    60480/s avg= 99.98 msg/txn | commit p50=35.58 p99=56.58 p999=69.12 ms | aborts=0 errs=0 open=22 | in=    60480/s | total txns=28958 msgs=2894500 aborts=0 errs=0
[21:15:07] offered=   128018/s achieved=   127998/s shed=        0/s inflight=     7 | p50=   7.52 p99=   18.56 p999=   25.73 ms | push=7039100 pop=3497500 lag=3541600 | errs push=0 pop=0 empty=0 gor=7450 | ack=    60289/s ackErr=0 ackAvg=0.02ms | e2e p50=24772.61 p99=28180.48 p999=28704.77 n=602900 | e2e_local p50=24510.46 p99=27918.34 n=164500
[txn] 21:15:07 txn=     602/s msgs=    60249/s avg=100.00 msg/txn | commit p50=35.07 p99=59.65 p999=70.14 ms | aborts=0 errs=0 open=22 | in=    60249/s | total txns=34983 msgs=3497000 aborts=0 errs=0
[21:15:17] offered=   128002/s achieved=   128002/s shed=        0/s inflight=     8 | p50=   7.39 p99=   18.30 p999=   25.98 ms | push=8319200 pop=4119900 lag=4199300 | errs push=0 pop=0 empty=0 gor=7626 | ack=    62236/s ackErr=0 ackAvg=0.02ms | e2e p50=30015.49 p99=33423.36 p999=33816.58 n=622400 | e2e_local p50=29491.20 p99=33161.22 n=169700
[txn] 21:15:17 txn=     623/s msgs=    62276/s avg= 99.98 msg/txn | commit p50=34.05 p99=56.06 p999=67.07 ms | aborts=0 errs=0 open=22 | in=    62276/s | total txns=41212 msgs=4119800 aborts=0 errs=0
[drain] workers and readers keep going for up to 59.989s (ends early after 3s idle; lag now 4199600)
[21:15:27] offered=        0/s achieved=       80/s shed=        0/s inflight=     0 | p50=   5.92 p99=    8.10 p999=    8.10 ms | push=8320000 pop=4849200 lag=3470800 | errs push=0 pop=0 empty=0 gor=8687 | ack=    72930/s ackErr=0 ackAvg=0.02ms | e2e p50=34865.15 p99=38010.88 p999=38535.17 n=729300 | e2e_local p50=33816.58 p99=37486.59 n=198800
[txn] 21:15:27 txn=     729/s msgs=    72940/s avg=100.00 msg/txn | commit p50=29.31 p99=44.29 p999=53.50 ms | aborts=0 errs=0 open=22 | in=    72940/s | total txns=48506 msgs=4849200 aborts=0 errs=0
[21:15:37] offered=        0/s achieved=        0/s shed=        0/s inflight=     0 | p50=   0.00 p99=    0.00 p999=    0.00 ms | push=8320000 pop=5589600 lag=2730400 | errs push=0 pop=0 empty=0 gor=8799 | ack=    74046/s ackErr=0 ackAvg=0.02ms | e2e p50=38535.17 p99=42205.18 p999=42729.47 n=740400 | e2e_local p50=38010.88 p99=41680.90 n=202300
[txn] 21:15:37 txn=     740/s msgs=    74046/s avg=100.00 msg/txn | commit p50=28.80 p99=43.78 p999=50.43 ms | aborts=0 errs=0 open=22 | in=    74046/s | total txns=55910 msgs=5589600 aborts=0 errs=0
[21:15:47] offered=        0/s achieved=        0/s shed=        0/s inflight=     0 | p50=   0.00 p99=    0.00 p999=    0.00 ms | push=8320000 pop=6339200 lag=1980800 | errs push=0 pop=0 empty=0 gor=8890 | ack=    74951/s ackErr=0 ackAvg=0.02ms | e2e p50=42729.47 p99=46399.49 p999=46923.78 n=749600 | e2e_local p50=42205.18 p99=45875.20 n=204200
[txn] 21:15:47 txn=     750/s msgs=    74951/s avg= 99.99 msg/txn | commit p50=28.80 p99=41.73 p999=47.87 ms | aborts=0 errs=0 open=22 | in=    74951/s | total txns=63407 msgs=6339200 aborts=0 errs=0
[21:15:57] offered=        0/s achieved=        0/s shed=        0/s inflight=     0 | p50=   0.00 p99=    0.00 p999=    0.00 ms | push=8320000 pop=7091300 lag=1228700 | errs push=0 pop=0 empty=0 gor=8919 | ack=    75219/s ackErr=0 ackAvg=0.02ms | e2e p50=46923.78 p99=51118.08 p999=51118.08 n=752100 | e2e_local p50=45875.20 p99=50069.50 n=204700
[txn] 21:15:57 txn=     752/s msgs=    75209/s avg=100.00 msg/txn | commit p50=28.54 p99=43.78 p999=57.60 ms | aborts=0 errs=0 open=22 | in=    75209/s | total txns=70927 msgs=7091200 aborts=0 errs=0
[21:16:07] offered=        0/s achieved=        0/s shed=        0/s inflight=     0 | p50=   0.00 p99=    0.00 p999=    0.00 ms | push=8320000 pop=7817300 lag=502700 | errs push=0 pop=0 empty=0 gor=8661 | ack=    72600/s ackErr=0 ackAvg=0.02ms | e2e p50=51118.08 p99=55312.38 p999=55836.67 n=726000 | e2e_local p50=50069.50 p99=54263.81 n=196900
[txn] 21:16:07 txn=     726/s msgs=    72610/s avg=100.00 msg/txn | commit p50=29.31 p99=46.85 p999=61.18 ms | aborts=0 errs=0 open=21 | in=    72600/s | total txns=78188 msgs=7817300 aborts=0 errs=0
[21:16:17] offered=        0/s achieved=        0/s shed=        0/s inflight=     0 | p50=   0.00 p99=    0.00 p999=    0.00 ms | push=8320000 pop=8254800 lag=65200 | errs push=0 pop=0 empty=0 gor=5741 | ack=    43749/s ackErr=0 ackAvg=0.02ms | e2e p50=55836.67 p99=58982.40 p999=58982.40 n=437500 | e2e_local p50=54788.10 p99=57409.54 n=76700
[txn] 21:16:17 txn=     438/s msgs=    43749/s avg= 99.98 msg/txn | commit p50=27.01 p99=37.63 p999=44.80 ms | aborts=0 errs=0 open=0 | in=    43539/s | total txns=82564 msgs=8254800 aborts=0 errs=0
[info] txn workers: 0 re-subscriptions after an abort, 0 messages held outside a transaction at the stop (left unacked)
[info] producers created: 23 per-partition producers (shard), 0 creation errors, avg creation 21.7 ms
[info] steady window 60s (after the ramp, before the producers stopped): offered 127997/s pushed 128002/s popped 61014/s cpu 185.8% = 1.45 cores per 100k msg/s (produce+consume)
[final] offered=83200 achieved=83200 shed=0 (msgs: offered=8320000 achieved=8320000 shed=0) pushErr=0 | pushed=8320000 popped=8254800 lag=65200 | popErr=0 empty=0 | overall p50=7.46 p99=19.07 p999=25.73 ms | acked=8254800 ackErr=0 ackLag=65200 ackAvg=0.02ms | e2e p50=32636.93 p99=57409.54 p999=58458.11 ms
load_cpu=107.8%
[txn-final] txns=82564 msgs=8254800 aborts=0 errs=0 in=8254800 avg=99.98 msg/txn | commit p50=30.85 p99=56.06 p999=73.22 max=261.12 ms
[ids] ledger /root/bench/runs/txn/pulsar/1x200-t100-1152k-w198-b100/ids/p1.ids: 8320000 confirmed, 0 failed, 0 unanswered
