qload tag= loader=0/1 mode=batch rate=20000 msg/s batch=1 batch-max=0 max-inflight=5000 ramp=5s duration=5m0s report=10s drain=0s GOMAXPROCS=10 GOGC=400(default) seed=1791591618864268488
  offered: 20000 msg/s = 20000.0 units/s (avg 1.0 msgs/unit) across 64 pacer workers (312.50 units/s each)
  topics: 1 x 2000 partitions (ram..ram), entities/topic=0 (explicit partition) | picker: topics=rr entities: rr over space=2000 starting at 0
  payload: goload jsonEvent target 256 B, avg 289.6 B raw, ~320 B stamped ({"ts":µs,"src":0,...}), pool 64x1
  consumers: 0 here (ci 0..-1 of 0), poll=1000 proc-us=0 ack=async ack-inflight=256 local-src=[0]
  queen: url=http://127.0.0.1:6632 (of 1) conns=2048 timeout=30s pop-width=10 pop-batch=1000 pop-timeout=2s lease=30s | configure: leaseTime=30 completedRetention=3600 dedup=0 retryLimit=1000000 | plain: consumers pop+ack the queue
  [queen] http://127.0.0.1:6632 healthy: version 2.2.0, this node leader
READY 1791591969801
[start] GO 00:26:09.801 (unix ms 1791591969801)
[00:26:19] offered=    15000/s achieved=    14993/s shed=        0/s inflight=    66 | p50=   1.67 p99=   18.82 p999=   37.12 ms | push=149940 pop=0 lag=149940 | errs push=0 pop=0 empty=0 gor=1471 | ack=        0/s ackErr=0 ackAvg=0.00ms | e2e p50=0.00 p99=0.00 p999=0.00 n=0 | e2e_local p50=0.00 p99=0.00 n=0
[00:26:29] offered=    20001/s achieved=    20003/s shed=        0/s inflight=    42 | p50=   1.69 p99=   18.30 p999=   25.98 ms | push=349955 pop=0 lag=349955 | errs push=0 pop=0 empty=0 gor=1447 | ack=        0/s ackErr=0 ackAvg=0.00ms | e2e p50=0.00 p99=0.00 p999=0.00 n=0 | e2e_local p50=0.00 p99=0.00 n=0
[00:26:39] offered=    20000/s achieved=    20000/s shed=        0/s inflight=    36 | p50=   1.67 p99=   19.58 p999=   28.80 ms | push=549961 pop=0 lag=549961 | errs push=0 pop=0 empty=0 gor=1441 | ack=        0/s ackErr=0 ackAvg=0.00ms | e2e p50=0.00 p99=0.00 p999=0.00 n=0 | e2e_local p50=0.00 p99=0.00 n=0
[00:26:49] offered=    20000/s achieved=    20001/s shed=        0/s inflight=    24 | p50=   1.67 p99=   24.96 p999=   54.53 ms | push=749973 pop=0 lag=749973 | errs push=0 pop=0 empty=0 gor=2315 | ack=        0/s ackErr=0 ackAvg=0.00ms | e2e p50=0.00 p99=0.00 p999=0.00 n=0 | e2e_local p50=0.00 p99=0.00 n=0
[00:26:59] offered=    20001/s achieved=    20001/s shed=        0/s inflight=    26 | p50=   1.74 p99=   19.33 p999=   25.47 ms | push=949973 pop=0 lag=949973 | errs push=0 pop=0 empty=0 gor=2317 | ack=        0/s ackErr=0 ackAvg=0.00ms | e2e p50=0.00 p99=0.00 p999=0.00 n=0 | e2e_local p50=0.00 p99=0.00 n=0
[00:27:09] offered=    20000/s achieved=    19999/s shed=        0/s inflight=    26 | p50=   1.80 p99=   21.12 p999=   35.07 ms | push=1149967 pop=0 lag=1149967 | errs push=0 pop=0 empty=0 gor=2317 | ack=        0/s ackErr=0 ackAvg=0.00ms | e2e p50=0.00 p99=0.00 p999=0.00 n=0 | e2e_local p50=0.00 p99=0.00 n=0
[00:27:19] offered=    20000/s achieved=    19995/s shed=        0/s inflight=    83 | p50=   2.02 p99=   31.62 p999=   43.78 ms | push=1349916 pop=0 lag=1349916 | errs push=0 pop=0 empty=0 gor=2374 | ack=        0/s ackErr=0 ackAvg=0.00ms | e2e p50=0.00 p99=0.00 p999=0.00 n=0 | e2e_local p50=0.00 p99=0.00 n=0
[00:27:29] offered=    20000/s achieved=    20005/s shed=        0/s inflight=    36 | p50=   1.90 p99=   36.61 p999=   50.94 ms | push=1549962 pop=0 lag=1549962 | errs push=0 pop=0 empty=0 gor=2327 | ack=        0/s ackErr=0 ackAvg=0.00ms | e2e p50=0.00 p99=0.00 p999=0.00 n=0 | e2e_local p50=0.00 p99=0.00 n=0
[00:27:39] offered=    19999/s achieved=    19999/s shed=        0/s inflight=    30 | p50=   1.85 p99=   54.53 p999=   70.14 ms | push=1749955 pop=0 lag=1749955 | errs push=0 pop=0 empty=0 gor=2977 | ack=        0/s ackErr=0 ackAvg=0.00ms | e2e p50=0.00 p99=0.00 p999=0.00 n=0 | e2e_local p50=0.00 p99=0.00 n=0
[00:27:49] offered=    20001/s achieved=    20001/s shed=        0/s inflight=    37 | p50=   1.83 p99=   46.34 p999=   60.16 ms | push=1949962 pop=0 lag=1949962 | errs push=0 pop=0 empty=0 gor=2984 | ack=        0/s ackErr=0 ackAvg=0.00ms | e2e p50=0.00 p99=0.00 p999=0.00 n=0 | e2e_local p50=0.00 p99=0.00 n=0
[00:27:59] offered=    19999/s achieved=    20000/s shed=        0/s inflight=    26 | p50=   1.80 p99=   41.22 p999=   54.53 ms | push=2149972 pop=0 lag=2149972 | errs push=0 pop=0 empty=0 gor=2973 | ack=        0/s ackErr=0 ackAvg=0.00ms | e2e p50=0.00 p99=0.00 p999=0.00 n=0 | e2e_local p50=0.00 p99=0.00 n=0
[00:28:09] offered=    20001/s achieved=    20000/s shed=        0/s inflight=    32 | p50=   1.78 p99=   31.10 p999=   51.97 ms | push=2349968 pop=0 lag=2349968 | errs push=0 pop=0 empty=0 gor=2979 | ack=        0/s ackErr=0 ackAvg=0.00ms | e2e p50=0.00 p99=0.00 p999=0.00 n=0 | e2e_local p50=0.00 p99=0.00 n=0
[00:28:19] offered=    20000/s achieved=    19999/s shed=        0/s inflight=    36 | p50=   1.82 p99=   42.75 p999=   57.60 ms | push=2549961 pop=0 lag=2549961 | errs push=0 pop=0 empty=0 gor=2984 | ack=        0/s ackErr=0 ackAvg=0.00ms | e2e p50=0.00 p99=0.00 p999=0.00 n=0 | e2e_local p50=0.00 p99=0.00 n=0
[00:28:29] offered=    20000/s achieved=    19999/s shed=        0/s inflight=    40 | p50=   1.86 p99=   65.28 p999=  114.18 ms | push=2749954 pop=0 lag=2749954 | errs push=0 pop=0 empty=0 gor=4205 | ack=        0/s ackErr=0 ackAvg=0.00ms | e2e p50=0.00 p99=0.00 p999=0.00 n=0 | e2e_local p50=0.00 p99=0.00 n=0
[00:28:39] offered=    20000/s achieved=    20001/s shed=        0/s inflight=    28 | p50=   1.82 p99=   40.70 p999=   51.46 ms | push=2949966 pop=0 lag=2949966 | errs push=0 pop=0 empty=0 gor=4192 | ack=        0/s ackErr=0 ackAvg=0.00ms | e2e p50=0.00 p99=0.00 p999=0.00 n=0 | e2e_local p50=0.00 p99=0.00 n=0
[00:28:49] offered=    19999/s achieved=    19999/s shed=        0/s inflight=    27 | p50=   1.82 p99=   39.68 p999=   60.16 ms | push=3149955 pop=0 lag=3149955 | errs push=0 pop=0 empty=0 gor=4191 | ack=        0/s ackErr=0 ackAvg=0.00ms | e2e p50=0.00 p99=0.00 p999=0.00 n=0 | e2e_local p50=0.00 p99=0.00 n=0
[00:28:59] offered=    20002/s achieved=    20002/s shed=        0/s inflight=    27 | p50=   1.82 p99=   47.36 p999=   55.55 ms | push=3349973 pop=0 lag=3349973 | errs push=0 pop=0 empty=0 gor=4192 | ack=        0/s ackErr=0 ackAvg=0.00ms | e2e p50=0.00 p99=0.00 p999=0.00 n=0 | e2e_local p50=0.00 p99=0.00 n=0
[00:29:09] offered=    20000/s achieved=    19997/s shed=        0/s inflight=    54 | p50=   1.83 p99=   34.05 p999=   44.29 ms | push=3549942 pop=0 lag=3549942 | errs push=0 pop=0 empty=0 gor=4219 | ack=        0/s ackErr=0 ackAvg=0.00ms | e2e p50=0.00 p99=0.00 p999=0.00 n=0 | e2e_local p50=0.00 p99=0.00 n=0
[00:29:19] offered=    19999/s achieved=    20000/s shed=        0/s inflight=    56 | p50=   1.91 p99=  171.01 p999=  238.59 ms | push=3749938 pop=0 lag=3749938 | errs push=0 pop=0 empty=0 gor=4220 | ack=        0/s ackErr=0 ackAvg=0.00ms | e2e p50=0.00 p99=0.00 p999=0.00 n=0 | e2e_local p50=0.00 p99=0.00 n=0
[00:29:29] offered=    20000/s achieved=    20003/s shed=        0/s inflight=    28 | p50=   1.83 p99=   43.26 p999=   69.12 ms | push=3949973 pop=0 lag=3949973 | errs push=0 pop=0 empty=0 gor=4193 | ack=        0/s ackErr=0 ackAvg=0.00ms | e2e p50=0.00 p99=0.00 p999=0.00 n=0 | e2e_local p50=0.00 p99=0.00 n=0
[00:29:39] offered=    19999/s achieved=    19982/s shed=        0/s inflight=   200 | p50=   1.83 p99=   30.85 p999=   38.14 ms | push=4149800 pop=0 lag=4149800 | errs push=0 pop=0 empty=0 gor=4365 | ack=        0/s ackErr=0 ackAvg=0.00ms | e2e p50=0.00 p99=0.00 p999=0.00 n=0 | e2e_local p50=0.00 p99=0.00 n=0
[00:29:49] offered=    20002/s achieved=    20019/s shed=        0/s inflight=    27 | p50=   1.86 p99=   43.26 p999=   54.02 ms | push=4349972 pop=0 lag=4349972 | errs push=0 pop=0 empty=0 gor=4192 | ack=        0/s ackErr=0 ackAvg=0.00ms | e2e p50=0.00 p99=0.00 p999=0.00 n=0 | e2e_local p50=0.00 p99=0.00 n=0
[00:29:59] offered=    19998/s achieved=    19951/s shed=        0/s inflight=   499 | p50=   1.83 p99=   39.68 p999=   46.85 ms | push=4549498 pop=0 lag=4549498 | errs push=0 pop=0 empty=0 gor=4665 | ack=        0/s ackErr=0 ackAvg=0.00ms | e2e p50=0.00 p99=0.00 p999=0.00 n=0 | e2e_local p50=0.00 p99=0.00 n=0
[00:30:09] offered=    20001/s achieved=    20046/s shed=        0/s inflight=    49 | p50=   1.82 p99=   31.10 p999=   38.66 ms | push=4749949 pop=0 lag=4749949 | errs push=0 pop=0 empty=0 gor=4214 | ack=        0/s ackErr=0 ackAvg=0.00ms | e2e p50=0.00 p99=0.00 p999=0.00 n=0 | e2e_local p50=0.00 p99=0.00 n=0
[00:30:19] offered=    19999/s achieved=    19983/s shed=        0/s inflight=   212 | p50=   1.90 p99=   37.63 p999=   45.82 ms | push=4949771 pop=0 lag=4949771 | errs push=0 pop=0 empty=0 gor=4377 | ack=        0/s ackErr=0 ackAvg=0.00ms | e2e p50=0.00 p99=0.00 p999=0.00 n=0 | e2e_local p50=0.00 p99=0.00 n=0
[00:30:29] offered=    20002/s achieved=    20019/s shed=        0/s inflight=    42 | p50=   1.99 p99=   50.43 p999=   85.50 ms | push=5149958 pop=0 lag=5149958 | errs push=0 pop=0 empty=0 gor=4206 | ack=        0/s ackErr=0 ackAvg=0.00ms | e2e p50=0.00 p99=0.00 p999=0.00 n=0 | e2e_local p50=0.00 p99=0.00 n=0
[00:30:39] offered=    19999/s achieved=    20001/s shed=        0/s inflight=    18 | p50=   2.04 p99=   54.02 p999=   62.21 ms | push=5349972 pop=0 lag=5349972 | errs push=0 pop=0 empty=0 gor=4184 | ack=        0/s ackErr=0 ackAvg=0.00ms | e2e p50=0.00 p99=0.00 p999=0.00 n=0 | e2e_local p50=0.00 p99=0.00 n=0
[00:30:49] offered=    20000/s achieved=    19999/s shed=        0/s inflight=    20 | p50=   1.86 p99=   35.07 p999=   45.31 ms | push=5549965 pop=0 lag=5549965 | errs push=0 pop=0 empty=0 gor=3506 | ack=        0/s ackErr=0 ackAvg=0.00ms | e2e p50=0.00 p99=0.00 p999=0.00 n=0 | e2e_local p50=0.00 p99=0.00 n=0
[00:30:59] offered=    20000/s achieved=    19999/s shed=        0/s inflight=    32 | p50=   1.90 p99=   36.10 p999=   47.87 ms | push=5749973 pop=0 lag=5749973 | errs push=0 pop=0 empty=0 gor=3518 | ack=        0/s ackErr=0 ackAvg=0.00ms | e2e p50=0.00 p99=0.00 p999=0.00 n=0 | e2e_local p50=0.00 p99=0.00 n=0
[00:31:09] offered=    19999/s achieved=    20000/s shed=        0/s inflight=     2 | p50=   1.88 p99=   39.17 p999=   46.85 ms | push=5949982 pop=0 lag=5949982 | errs push=0 pop=0 empty=0 gor=3422 | ack=        0/s ackErr=0 ackAvg=0.00ms | e2e p50=0.00 p99=0.00 p999=0.00 n=0 | e2e_local p50=0.00 p99=0.00 n=0
[info] steady window 290s (after the ramp, before the producers stopped): offered 20000/s pushed 20000/s popped 0/s cpu 169.4% = 8.47 cores per 100k msg/s (produce+consume)
[final] offered=5950000 achieved=5950000 shed=0 (msgs: offered=5950000 achieved=5950000 shed=0) pushErr=0 | pushed=5950000 popped=0 lag=5950000 | popErr=0 empty=0 | overall p50=1.83 p99=40.70 p999=80.38 ms | acked=0 ackErr=0 ackLag=5950000 ackAvg=0.00ms | e2e p50=0.00 p99=0.00 p999=0.00 ms
load_cpu=168.1%
