kload tag=c3-1x200-300k-p6 loader=6/9 mode=batch rate=33333 msg/s batch=100 batch-max=0 max-inflight=5000 ramp=10s duration=1m10s report=10s drain=0s GOMAXPROCS=16 GOGC=400 seed=1790896994401173873
  offered: 33333 msg/s = 333.3 units/s (avg 100.0 msgs/unit) across 7 pacer workers (47.62 units/s each)
  topics: 1 x 200 partitions (kc3-1x200-300k..kc3-1x200-300k), entities/topic=0 (explicit partition) | picker: topics=rr entities: rr over space=200 starting at 133
  payload: goload jsonEvent target 256 B, avg 289.6 B raw, ~320 B stamped ({"ts":µs,"src":6,...}), pool 64x100
  consumers: 22 here (ci 132..153 of 198), poll=1000 proc-us=0 ack=async ack-inflight=256 local-src=[6 7 8]
  kafka: brokers=10.114.0.2:9092,10.114.0.3:9092,10.114.0.4:9092 rf=3 min-isr=2 producers=4 linger=5ms compression=lz4 acks=all idempotent batch-max-bytes=1048576 | consumers: protocol=classic fetch-max-wait=500ms fetch-min-bytes=1 fetch-max-partition-bytes=1048576 session=45s
  [topic] READY after 0.0s: 1 topics x 200 partitions, leaders + full ISR
  [config] broker.compression.type = producer (DEFAULT_CONFIG)
  [config] broker.group.initial.rebalance.delay.ms = 3000 (STATIC_BROKER_CONFIG)
  [config] topic.min.insync.replicas = 1 (DYNAMIC_TOPIC_CONFIG)
  [config] topic.retention.ms = 600000 (DYNAMIC_TOPIC_CONFIG)
  [group] 22 consumers in 1 groups (kc3-1x200-300k-g-t0 ... ), protocol classic
  [group] t=+0.0s waiting: kc3-1x200-300k-g-t0: local members 22/198 hold 0/200 partitions (group-wide Dead members=0 assigned=0)
  [group] t=+2.0s waiting: kc3-1x200-300k-g-t0: local members 22/198 hold 0/200 partitions (group-wide PreparingRebalance members=198 assigned=0)
  [group] t=+4.0s waiting: kc3-1x200-300k-g-t0: local members 22/198 hold 0/200 partitions (group-wide PreparingRebalance members=198 assigned=0)
  [group] t=+6.0s waiting: kc3-1x200-300k-g-t0: local members 22/198 hold 22/200 partitions (group-wide Stable members=198 assigned=200)
  [group] t=+8.0s waiting: kc3-1x200-300k-g-t0: local members 22/198 hold 22/200 partitions (group-wide Stable members=198 assigned=200)
  [group] STABLE after 9.0s: 1 groups, 22 local members holding 22 partitions, assignEv=22 revokeEv=0 lostEv=0
  [produce] 4 clients connected to every broker with producer IDs in 0.01s; max buffered 501024 records per client
READY 1790896685026
[start] waiting 9.374s for the common start 1790896701023
[start] GO 23:18:21.023 (unix ms 1790896701023)
[23:18:31] offered=    16659/s achieved=    16639/s shed=        0/s inflight=     2 | p50=   9.02 p99=   11.07 p999=   13.50 ms | push=166400 pop=164800 lag=1600 | errs push=0 pop=0 empty=0 gor=224 | ack=    16469/s ackErr=0 ackAvg=3.14ms | e2e p50=9.66 p99=12.22 p999=16.77 n=164800 | e2e_local p50=9.28 p99=11.33 n=54400
[23:18:41] offered=    33342/s achieved=    33332/s shed=        0/s inflight=     4 | p50=   8.90 p99=   12.35 p999=   20.35 ms | push=499700 pop=494600 lag=5100 | errs push=0 pop=0 empty=0 gor=226 | ack=    32982/s ackErr=0 ackAvg=3.23ms | e2e p50=9.54 p99=12.74 p999=19.84 n=329800 | e2e_local p50=9.15 p99=12.22 n=110600
[23:18:51] offered=    33337/s achieved=    33327/s shed=        0/s inflight=     4 | p50=   8.90 p99=   14.27 p999=   20.86 ms | push=833000 pop=824700 lag=8300 | errs push=0 pop=0 empty=0 gor=228 | ack=    33008/s ackErr=0 ackAvg=3.27ms | e2e p50=9.54 p99=14.27 p999=23.42 n=330100 | e2e_local p50=9.28 p99=13.63 n=112200
[23:19:01] offered=    33333/s achieved=    33343/s shed=        0/s inflight=     3 | p50=   8.90 p99=   13.50 p999=   21.12 ms | push=1166400 pop=1154700 lag=11700 | errs push=0 pop=0 empty=0 gor=234 | ack=    32993/s ackErr=0 ackAvg=3.29ms | e2e p50=9.66 p99=14.53 p999=22.66 n=330100 | e2e_local p50=9.28 p99=14.66 n=107200
[23:19:11] offered=    33318/s achieved=    33338/s shed=        0/s inflight=     1 | p50=   8.90 p99=   16.51 p999=   22.66 ms | push=1499800 pop=1484800 lag=15000 | errs push=0 pop=0 empty=0 gor=221 | ack=    33028/s ackErr=0 ackAvg=3.36ms | e2e p50=9.66 p99=17.79 p999=24.45 n=330000 | e2e_local p50=9.28 p99=13.12 n=110600
[23:19:21] offered=    33340/s achieved=    33330/s shed=        0/s inflight=     2 | p50=   8.90 p99=   15.68 p999=   22.40 ms | push=1833100 pop=1814800 lag=18300 | errs push=0 pop=0 empty=0 gor=224 | ack=    32990/s ackErr=0 ackAvg=3.38ms | e2e p50=9.66 p99=17.02 p999=26.75 n=330000 | e2e_local p50=9.28 p99=18.30 n=112200
[23:19:31] offered=    33339/s achieved=    33319/s shed=        0/s inflight=     4 | p50=   8.90 p99=   12.48 p999=   18.30 ms | push=2166300 pop=2144700 lag=21600 | errs push=0 pop=0 empty=0 gor=224 | ack=    32979/s ackErr=0 ackAvg=3.39ms | e2e p50=9.66 p99=13.63 p999=21.12 n=329900 | e2e_local p50=9.28 p99=13.63 n=107100
[info] steady window 60s (after the ramp, before the producers stopped): offered 33335/s pushed 33332/s popped 32998/s cpu 29.6% = 0.89 cores per 100k msg/s (produce+consume)
[final] offered=21667 achieved=21667 shed=0 (msgs: offered=2166700 achieved=2166700 shed=0) pushErr=0 | pushed=2166700 popped=2145100 lag=21600 | popErr=0 empty=0 | overall p50=8.90 p99=13.89 p999=21.38 ms | acked=2145100 ackErr=0 ackLag=21600 ackAvg=3.39ms | e2e p50=9.66 p99=14.66 p999=23.17 ms
load_cpu=21.1%
