kload tag=1x200-t10-36k-p5 loader=5/9 mode=batch rate=4000 msg/s batch=10 batch-max=0 max-inflight=5000 ramp=10s duration=1m10s report=10s drain=1m0s GOMAXPROCS=16 GOGC=400 seed=1790871879314813558
  offered: 4000 msg/s = 400.0 units/s (avg 10.0 msgs/unit) across 9 pacer workers (44.44 units/s each)
  topics: 1 x 200 partitions (x1x200-t10-36k..x1x200-t10-36k), entities/topic=0 (explicit partition) | picker: topics=rr entities: rr over space=200 starting at 111
  payload: goload jsonEvent target 256 B, avg 289.5 B raw, ~319 B stamped ({"ts":µs,"src":5,...}), pool 64x10
  consumers: 22 here (ci 110..131 of 198), poll=1000 proc-us=0 ack=async ack-inflight=256 local-src=[3 4 5]
  kafka: brokers=10.114.0.2:9092,10.114.0.3:9092,10.114.0.4:9092 rf=3 min-isr=2 producers=4 linger=5ms compression=lz4 acks=all idempotent batch-max-bytes=1048576 | consumers: protocol=classic fetch-max-wait=500ms fetch-min-bytes=1 fetch-max-partition-bytes=1048576 session=45s | txn: x1x200-t10-36k-in -> 22 workers (GroupTransactSession, transactional.id per worker, txn-timeout 10s, concurrent-txn backoff 20ms, metadata-min-age 250ms, txn-size 10, linger 1s, read_committed) -> x1x200-t10-36k-out, 22 read_committed readers
  [topic] READY after 0.0s: 2 topics x 200 partitions, leaders + full ISR
  [config] broker.compression.type = producer (STATIC_BROKER_CONFIG)
  [config] broker.default.replication.factor = 3 (STATIC_BROKER_CONFIG)
  [config] broker.group.consumer.assignors = uniform,range (DEFAULT_CONFIG)
  [config] broker.group.coordinator.rebalance.protocols = classic,consumer,streams (DEFAULT_CONFIG)
  [config] broker.group.initial.rebalance.delay.ms = 3000 (DEFAULT_CONFIG)
  [config] broker.log.flush.interval.messages = 9223372036854775807 (DEFAULT_CONFIG)
  [config] broker.log.flush.interval.ms = <nil> (DEFAULT_CONFIG)
  [config] broker.max.incremental.fetch.session.cache.slots = 4000 (STATIC_BROKER_CONFIG)
  [config] broker.min.insync.replicas = 2 (DYNAMIC_DEFAULT_BROKER_CONFIG)
  [config] broker.num.io.threads = 16 (STATIC_BROKER_CONFIG)
  [config] broker.num.network.threads = 8 (STATIC_BROKER_CONFIG)
  [config] broker.num.replica.fetchers = 8 (STATIC_BROKER_CONFIG)
  [config] topic.compression.type = producer (STATIC_BROKER_CONFIG)
  [config] topic.flush.messages = 9223372036854775807 (DEFAULT_CONFIG)
  [config] topic.flush.ms = 9223372036854775807 (DEFAULT_CONFIG)
  [config] topic.max.message.bytes = 16777216 (STATIC_BROKER_CONFIG)
  [config] topic.message.timestamp.type = CreateTime (DEFAULT_CONFIG)
  [config] topic.min.insync.replicas = 2 (DYNAMIC_TOPIC_CONFIG)
  [config] topic.retention.ms = 600000 (DYNAMIC_TOPIC_CONFIG)
  [config] topic.segment.bytes = 268435456 (DYNAMIC_TOPIC_CONFIG)
  [config] topic.unclean.leader.election.enable = false (STATIC_BROKER_CONFIG)
  [group] 22 txn workers (GroupTransactSession) in 1 groups (x1x200-t10-36k-in-g-t0 ... ), protocol classic
  [group] 22 consumers in 1 groups (x1x200-t10-36k-out-g-t0 ... ), protocol classic
  [group] t=+0.2s waiting: x1x200-t10-36k-in-g-t0: local members 22/198 hold 0/200 partitions (group-wide PreparingRebalance members=21 assigned=0)
  [group] t=+2.2s waiting: x1x200-t10-36k-in-g-t0: local members 22/198 hold 0/200 partitions (group-wide PreparingRebalance members=198 assigned=0)
  [group] t=+4.3s waiting: x1x200-t10-36k-in-g-t0: local members 22/198 hold 0/200 partitions (group-wide PreparingRebalance members=198 assigned=0)
  [group] t=+6.3s waiting: x1x200-t10-36k-in-g-t0: local members 22/198 hold 23/200 partitions (group-wide PreparingRebalance members=198 assigned=0)
  [group] t=+8.3s waiting: x1x200-t10-36k-in-g-t0: local members 22/198 hold 23/200 partitions (group-wide Stable members=198 assigned=200)
  [group] STABLE after 10.1s: 1 groups, 22 local members holding 23 partitions, assignEv=22 revokeEv=0 lostEv=0
  [group] t=+0.0s waiting: x1x200-t10-36k-out-g-t0: local members 22/198 hold 23/200 partitions (group-wide Stable members=198 assigned=200)
  [group] t=+2.0s waiting: x1x200-t10-36k-out-g-t0: local members 22/198 hold 23/200 partitions (group-wide Stable members=198 assigned=200)
  [group] STABLE after 3.0s: 1 groups, 22 local members holding 23 partitions, assignEv=22 revokeEv=0 lostEv=0
  [produce] 4 clients connected to every broker with producer IDs in 0.01s; max buffered 51024 records per client
READY 1790871639332
[start] waiting 9.254s for the common start 1790871652708
[start] GO 16:20:52.708 (unix ms 1790871652708)
[16:21:02] offered=     2002/s achieved=     1997/s shed=        0/s inflight=     5 | p50=   8.10 p99=   14.27 p999=   34.56 ms | push=19970 pop=9980 lag=9990 | errs push=0 pop=0 empty=0 gor=438 | ack=      998/s ackErr=0 ackAvg=3.33ms | e2e p50=782.34 p99=3588.10 p999=4947.97 n=9980 | e2e_local p50=897.02 p99=3719.17 n=3340
[txn] 16:21:02 txn=     100/s msgs=     1004/s avg= 10.00 msg/txn | commit p50=129.54 p99=259.07 p999=261.12 ms | aborts=0 errs=0 open=22 | in=     1026/s | total txns=1026 msgs=10063 aborts=0 errs=0
[16:21:12] offered=     3998/s achieved=     4003/s shed=        0/s inflight=     0 | p50=   7.84 p99=    9.92 p999=   13.89 ms | push=60000 pop=24210 lag=35790 | errs push=0 pop=0 empty=0 gor=444 | ack=     1423/s ackErr=0 ackAvg=2.56ms | e2e p50=5799.94 p99=10158.08 p999=11337.73 n=14230 | e2e_local p50=5865.47 p99=10158.08 n=4730
[txn] 16:21:12 txn=     143/s msgs=     1426/s avg= 10.00 msg/txn | commit p50=142.34 p99=254.98 p999=259.07 ms | aborts=0 errs=0 open=22 | in=     1426/s | total txns=2452 msgs=24323 aborts=0 errs=0
[16:21:22] offered=     4001/s achieved=     3998/s shed=        0/s inflight=     3 | p50=   7.78 p99=    9.79 p999=   16.51 ms | push=99980 pop=38790 lag=61190 | errs push=0 pop=0 empty=0 gor=432 | ack=     1458/s ackErr=0 ackAvg=2.34ms | e2e p50=11993.09 p99=17956.86 p999=19267.58 n=14580 | e2e_local p50=11993.09 p99=17956.86 n=4850
[txn] 16:21:22 txn=     145/s msgs=     1454/s avg= 10.00 msg/txn | commit p50=134.14 p99=254.98 p999=257.02 ms | aborts=0 errs=0 open=22 | in=     1454/s | total txns=3906 msgs=38863 aborts=0 errs=0
[16:21:32] offered=     4000/s achieved=     4000/s shed=        0/s inflight=     2 | p50=   7.84 p99=    9.79 p999=   15.30 ms | push=139980 pop=53370 lag=86610 | errs push=0 pop=0 empty=0 gor=434 | ack=     1458/s ackErr=0 ackAvg=2.24ms | e2e p50=18481.15 p99=24510.46 p999=30015.49 n=14580 | e2e_local p50=18481.15 p99=24510.46 n=4860
[txn] 16:21:32 txn=     146/s msgs=     1456/s avg= 10.00 msg/txn | commit p50=132.10 p99=254.98 p999=259.07 ms | aborts=0 errs=0 open=22 | in=     1456/s | total txns=5362 msgs=53423 aborts=0 errs=0
[16:21:42] offered=     3999/s achieved=     3999/s shed=        0/s inflight=     3 | p50=   7.84 p99=    9.79 p999=   16.32 ms | push=179970 pop=67980 lag=111990 | errs push=0 pop=0 empty=0 gor=448 | ack=     1461/s ackErr=0 ackAvg=2.18ms | e2e p50=24510.46 p99=35389.44 p999=36962.30 n=14610 | e2e_local p50=24510.46 p99=35389.44 n=4890
[txn] 16:21:42 txn=     147/s msgs=     1467/s avg= 10.00 msg/txn | commit p50=142.34 p99=254.98 p999=257.02 ms | aborts=0 errs=0 open=22 | in=     1467/s | total txns=6829 msgs=68093 aborts=0 errs=0
[16:21:52] offered=     4002/s achieved=     4003/s shed=        0/s inflight=     2 | p50=   7.78 p99=    9.66 p999=   14.02 ms | push=220000 pop=82680 lag=137320 | errs push=0 pop=0 empty=0 gor=426 | ack=     1470/s ackErr=0 ackAvg=2.14ms | e2e p50=30801.92 p99=42205.18 p999=43778.05 n=14700 | e2e_local p50=30801.92 p99=42205.18 n=4930
[txn] 16:21:52 txn=     146/s msgs=     1464/s avg= 10.00 msg/txn | commit p50=128.51 p99=254.98 p999=261.12 ms | aborts=0 errs=0 open=22 | in=     1464/s | total txns=8293 msgs=82733 aborts=0 errs=0
[16:22:02] offered=     3998/s achieved=     3998/s shed=        0/s inflight=     2 | p50=   7.84 p99=    9.66 p999=   27.52 ms | push=259980 pop=97480 lag=162500 | errs push=0 pop=0 empty=0 gor=427 | ack=     1480/s ackErr=0 ackAvg=2.12ms | e2e p50=36962.30 p99=49020.93 p999=50593.79 n=14800 | e2e_local p50=36962.30 p99=49545.22 n=4880
[txn] 16:22:02 txn=     148/s msgs=     1484/s avg= 10.00 msg/txn | commit p50=130.56 p99=254.98 p999=261.12 ms | aborts=0 errs=0 open=22 | in=     1484/s | total txns=9777 msgs=97573 aborts=0 errs=0
[drain] workers and readers keep going for up to 59.994s (ends early after 3s idle; lag now 162520)
[16:22:12] offered=        0/s achieved=        2/s shed=        0/s inflight=     0 | p50=   7.20 p99=    7.33 p999=    7.33 ms | push=260000 pop=112740 lag=147260 | errs push=0 pop=0 empty=0 gor=438 | ack=     1526/s ackErr=0 ackAvg=2.08ms | e2e p50=42729.47 p99=63700.99 p999=64749.57 n=15261 | e2e_local p50=42729.47 p99=63700.99 n=5100
[txn] 16:22:12 txn=     153/s msgs=     1528/s avg= 10.00 msg/txn | commit p50=124.42 p99=254.98 p999=257.02 ms | aborts=0 errs=0 open=22 | in=     1528/s | total txns=11305 msgs=112853 aborts=0 errs=0
[16:22:22] offered=        0/s achieved=        0/s shed=        0/s inflight=     0 | p50=   0.00 p99=    0.00 p999=    0.00 ms | push=260000 pop=128050 lag=131950 | errs push=0 pop=0 empty=0 gor=423 | ack=     1531/s ackErr=0 ackAvg=2.05ms | e2e p50=49020.93 p99=69730.30 p999=71827.46 n=15309 | e2e_local p50=49020.93 p99=69730.30 n=5130
[txn] 16:22:22 txn=     153/s msgs=     1526/s avg= 10.00 msg/txn | commit p50=123.39 p99=254.98 p999=272.38 ms | aborts=0 errs=0 open=22 | in=     1526/s | total txns=12831 msgs=128113 aborts=0 errs=0
[16:22:32] offered=        0/s achieved=        0/s shed=        0/s inflight=     0 | p50=   0.00 p99=    0.00 p999=    0.00 ms | push=260000 pop=143610 lag=116390 | errs push=0 pop=0 empty=0 gor=430 | ack=     1556/s ackErr=0 ackAvg=2.03ms | e2e p50=54788.10 p99=76021.76 p999=78118.91 n=15560 | e2e_local p50=54788.10 p99=76021.76 n=5150
[txn] 16:22:32 txn=     156/s msgs=     1559/s avg= 10.00 msg/txn | commit p50=123.39 p99=254.98 p999=259.07 ms | aborts=0 errs=0 open=22 | in=     1559/s | total txns=14390 msgs=143703 aborts=0 errs=0
[16:22:42] offered=        0/s achieved=        0/s shed=        0/s inflight=     0 | p50=   0.00 p99=    0.00 p999=    0.00 ms | push=260000 pop=159050 lag=100950 | errs push=0 pop=0 empty=0 gor=435 | ack=     1544/s ackErr=0 ackAvg=2.01ms | e2e p50=60555.26 p99=82313.22 p999=84410.37 n=15440 | e2e_local p50=61079.55 p99=82313.22 n=5130
[txn] 16:22:42 txn=     154/s msgs=     1544/s avg= 10.00 msg/txn | commit p50=123.39 p99=254.98 p999=261.12 ms | aborts=0 errs=0 open=22 | in=     1544/s | total txns=15934 msgs=159143 aborts=0 errs=0
[16:22:52] offered=        0/s achieved=        0/s shed=        0/s inflight=     0 | p50=   0.00 p99=    0.00 p999=    0.00 ms | push=260000 pop=174510 lag=85490 | errs push=0 pop=0 empty=0 gor=426 | ack=     1546/s ackErr=0 ackAvg=1.99ms | e2e p50=66846.72 p99=88604.67 p999=90701.82 n=15460 | e2e_local p50=66322.43 p99=89653.25 n=5270
[txn] 16:22:52 txn=     155/s msgs=     1547/s avg= 10.00 msg/txn | commit p50=123.39 p99=254.98 p999=257.02 ms | aborts=0 errs=0 open=22 | in=     1547/s | total txns=17481 msgs=174613 aborts=0 errs=0
[16:23:02] offered=        0/s achieved=        0/s shed=        0/s inflight=     0 | p50=   0.00 p99=    0.00 p999=    0.00 ms | push=260000 pop=189790 lag=70210 | errs push=0 pop=0 empty=0 gor=436 | ack=     1528/s ackErr=0 ackAvg=1.98ms | e2e p50=72876.03 p99=95944.70 p999=96993.28 n=15290 | e2e_local p50=72876.03 p99=94896.13 n=5050
[txn] 16:23:02 txn=     153/s msgs=     1527/s avg= 10.00 msg/txn | commit p50=123.39 p99=254.98 p999=261.12 ms | aborts=0 errs=0 open=22 | in=     1527/s | total txns=19008 msgs=189883 aborts=0 errs=0
[info] txn workers began 19032 transactions
[info] steady window 60s (after the ramp, before the producers stopped): offered 4000/s pushed 4000/s popped 1458/s cpu 37.8% = 9.44 cores per 100k msg/s (produce+consume)
[info] 46 warm-up messages (no "ts") received and not counted as load
[final] offered=26000 achieved=26000 shed=0 (msgs: offered=260000 achieved=260000 shed=0) pushErr=0 | pushed=260000 popped=190070 lag=69930 | popErr=0 empty=0 | overall p50=7.84 p99=10.43 p999=17.28 ms | acked=190070 ackErr=0 ackLag=69930 ackAvg=1.98ms | e2e p50=39059.46 p99=84410.37 p999=94896.13 ms
load_cpu=25.8%
[txn-final] txns=19032 msgs=190123 aborts=0 errs=0 in=190123 avg=9.99 msg/txn | commit p50=126.46 p99=254.98 p999=552.96 max=831.49 ms
[ids] ledger /root/bench/runs/txn/kafka/1x200-t10-36k/ids/p5.ids: 260000 confirmed, 0 failed, 0 unanswered
