qload tag=1x200-t10-9k-p6 loader=6/9 mode=batch rate=1000 msg/s batch=10 batch-max=0 max-inflight=5000 ramp=10s duration=1m10s report=10s drain=1m0s GOMAXPROCS=16 GOGC=400 seed=1790879767234636409
  offered: 1000 msg/s = 100.0 units/s (avg 10.0 msgs/unit) across 3 pacer workers (33.33 units/s each)
  topics: 1 x 200 partitions (x1x200-t10-9k..x1x200-t10-9k), entities/topic=0 (explicit partition) | picker: topics=rr entities: rr over space=200 starting at 133
  payload: goload jsonEvent target 256 B, avg 289.6 B raw, ~320 B stamped ({"ts":µs,"src":6,...}), pool 64x10
  consumers: 22 here (ci 132..153 of 198), poll=1000 proc-us=0 ack=async ack-inflight=256 local-src=[6 7 8]
  queen: url=http://10.114.0.2:6632 (of 3) conns=2048 timeout=30s pop-width=10 pop-batch=1000 pop-timeout=2s lease=10s | configure: leaseTime=30 completedRetention=3600 dedup=0 retryLimit=1000000 | txn: x1x200-t10-9k-in -> workers (txn-size 10, linger 1s, one /transaction = acks with leases + pushes) -> x1x200-t10-9k-out, 22 read-committed readers
  [queen] http://10.114.0.2:6632 healthy: version 2.0.0-beta.2, this node leader
  [txn] 22 workers (ci 132..153 of 198): x1x200-t10-9k-in -> x1x200-t10-9k-out, txn-size 10, linger 1s, pop width 10, lease 10s
  [consume] 22 consumers of x1x200-t10-9k-out: pop width 10, batch 1000, long poll 2s, lease 10s, async batch acks (ack-inflight 256)
READY 1790880059150
[start] waiting 9.356s for the common start 1790880072118
[start] GO 18:41:12.118 (unix ms 1790880072118)
[18:41:22] offered=      499/s achieved=      499/s shed=        0/s inflight=     0 | p50=   2.26 p99=    3.73 p999=    5.02 ms | push=4990 pop=5480 lag=-490 | errs push=0 pop=0 empty=154 gor=160 | ack=      548/s ackErr=0 ackAvg=4.68ms | e2e p50=11.46 p99=19.58 p999=20.61 n=5480 | e2e_local p50=11.71 p99=19.84 n=1730
[txn] 18:41:22 txn=      53/s msgs=      531/s avg= 10.00 msg/txn | commit p50=2.32 p99=3.73 p999=5.54 ms | aborts=0 errs=0 open=0 | in=      531/s | total txns=531 msgs=5310 aborts=0 errs=0
[18:41:32] offered=     1001/s achieved=     1001/s shed=        0/s inflight=     0 | p50=   2.22 p99=    3.44 p999=    3.86 ms | push=15000 pop=15400 lag=-400 | errs push=0 pop=0 empty=154 gor=160 | ack=      992/s ackErr=0 ackAvg=4.69ms | e2e p50=11.20 p99=15.17 p999=19.58 n=9920 | e2e_local p50=11.07 p99=15.04 n=3350
[txn] 18:41:32 txn=     100/s msgs=     1002/s avg= 10.00 msg/txn | commit p50=2.19 p99=3.02 p999=4.08 ms | aborts=0 errs=0 open=0 | in=     1002/s | total txns=1533 msgs=15330 aborts=0 errs=0
[18:41:42] offered=      999/s achieved=      999/s shed=        0/s inflight=     0 | p50=   2.19 p99=    3.44 p999=    5.54 ms | push=24990 pop=25190 lag=-200 | errs push=0 pop=0 empty=154 gor=160 | ack=      979/s ackErr=0 ackAvg=4.71ms | e2e p50=11.20 p99=15.30 p999=21.12 n=9790 | e2e_local p50=11.20 p99=15.04 n=3450
[txn] 18:41:42 txn=     100/s msgs=     1003/s avg= 10.00 msg/txn | commit p50=2.19 p99=3.12 p999=3.50 ms | aborts=0 errs=0 open=2 | in=     1004/s | total txns=2536 msgs=25360 aborts=0 errs=0
[18:41:52] offered=     1000/s achieved=     1000/s shed=        0/s inflight=     0 | p50=   2.16 p99=    3.34 p999=    3.70 ms | push=34990 pop=35440 lag=-450 | errs push=0 pop=0 empty=154 gor=161 | ack=     1025/s ackErr=0 ackAvg=4.72ms | e2e p50=11.33 p99=15.17 p999=17.79 n=10250 | e2e_local p50=11.46 p99=15.94 n=3260
[txn] 18:41:52 txn=     100/s msgs=     1001/s avg= 10.00 msg/txn | commit p50=2.19 p99=2.96 p999=3.50 ms | aborts=0 errs=0 open=0 | in=     1000/s | total txns=3537 msgs=35370 aborts=0 errs=0
[18:42:02] offered=     1001/s achieved=     1001/s shed=        0/s inflight=     0 | p50=   2.22 p99=    3.60 p999=    4.70 ms | push=45000 pop=45400 lag=-400 | errs push=0 pop=0 empty=154 gor=162 | ack=      994/s ackErr=0 ackAvg=4.71ms | e2e p50=11.33 p99=15.42 p999=19.33 n=9960 | e2e_local p50=11.71 p99=15.17 n=3460
[txn] 18:42:02 txn=     100/s msgs=     1004/s avg= 10.00 msg/txn | commit p50=2.26 p99=3.18 p999=4.26 ms | aborts=0 errs=0 open=0 | in=     1004/s | total txns=4541 msgs=45410 aborts=0 errs=0
[18:42:12] offered=      999/s achieved=      999/s shed=        0/s inflight=     0 | p50=   2.19 p99=    3.47 p999=    7.46 ms | push=54990 pop=55440 lag=-450 | errs push=0 pop=0 empty=154 gor=161 | ack=     1001/s ackErr=0 ackAvg=4.72ms | e2e p50=11.46 p99=15.42 p999=19.33 n=10040 | e2e_local p50=11.71 p99=15.94 n=3240
[txn] 18:42:12 txn=     100/s msgs=      995/s avg= 10.00 msg/txn | commit p50=2.26 p99=3.12 p999=5.54 ms | aborts=0 errs=0 open=0 | in=      995/s | total txns=5536 msgs=55360 aborts=0 errs=0
[drain] workers and readers keep going for up to 1m0s (ends early after 3s idle; lag now -630)
[18:42:22] offered=     1000/s achieved=     1000/s shed=        0/s inflight=     0 | p50=   2.19 p99=    3.44 p999=    4.05 ms | push=64990 pop=65630 lag=-640 | errs push=0 pop=0 empty=154 gor=158 | ack=     1023/s ackErr=0 ackAvg=4.71ms | e2e p50=11.33 p99=15.55 p999=18.82 n=10190 | e2e_local p50=11.20 p99=16.19 n=3120
[txn] 18:42:22 txn=     100/s msgs=      999/s avg= 10.00 msg/txn | commit p50=2.22 p99=3.22 p999=4.70 ms | aborts=0 errs=0 open=1 | in=     1000/s | total txns=6535 msgs=65350 aborts=0 errs=0
[drain] idle for 3s after 3.0s: ending the drain (lag -660)
[info] steady window 60s (after the ramp, before the producers stopped): offered 1000/s pushed 1000/s popped 1003/s cpu 14.5% = 14.52 cores per 100k msg/s (produce+consume)
[final] offered=6499 achieved=6499 shed=0 (msgs: offered=64990 achieved=64990 shed=0) pushErr=0 | pushed=64990 popped=65650 lag=-660 | popErr=0 empty=198 | overall p50=2.22 p99=3.47 p999=4.64 ms | acked=65650 ackErr=0 ackLag=-660 ackAvg=4.71ms | e2e p50=11.33 p99=15.68 p999=19.58 ms
load_cpu=11.3%
[txn-final] txns=6536 msgs=65360 aborts=0 errs=0 in=65360 avg=10.00 msg/txn | commit p50=2.22 p99=3.15 p999=4.70 max=5.54 ms
[ids] ledger /root/bench/runs/txn/queen/1x200-t10-9k/ids/p6.ids: 64990 confirmed, 0 failed, 0 unanswered
