qload tag=1x200-t10-9k-p8 loader=8/9 mode=batch rate=1000 msg/s batch=10 batch-max=0 max-inflight=5000 ramp=10s duration=1m10s report=10s drain=1m0s GOMAXPROCS=16 GOGC=400 seed=1790879767242935521
  offered: 1000 msg/s = 100.0 units/s (avg 10.0 msgs/unit) across 3 pacer workers (33.33 units/s each)
  topics: 1 x 200 partitions (x1x200-t10-9k..x1x200-t10-9k), entities/topic=0 (explicit partition) | picker: topics=rr entities: rr over space=200 starting at 177
  payload: goload jsonEvent target 256 B, avg 289.6 B raw, ~320 B stamped ({"ts":µs,"src":8,...}), pool 64x10
  consumers: 22 here (ci 176..197 of 198), poll=1000 proc-us=0 ack=async ack-inflight=256 local-src=[6 7 8]
  queen: url=http://10.114.0.4:6632 (of 3) conns=2048 timeout=30s pop-width=10 pop-batch=1000 pop-timeout=2s lease=10s | configure: leaseTime=30 completedRetention=3600 dedup=0 retryLimit=1000000 | txn: x1x200-t10-9k-in -> workers (txn-size 10, linger 1s, one /transaction = acks with leases + pushes) -> x1x200-t10-9k-out, 22 read-committed readers
  [queen] http://10.114.0.4:6632 healthy: version 2.0.0-beta.2, this node follower
  [txn] 22 workers (ci 176..197 of 198): x1x200-t10-9k-in -> x1x200-t10-9k-out, txn-size 10, linger 1s, pop width 10, lease 10s
  [consume] 22 consumers of x1x200-t10-9k-out: pop width 10, batch 1000, long poll 2s, lease 10s, async batch acks (ack-inflight 256)
READY 1790880059151
[start] waiting 9.357s for the common start 1790880072118
[start] GO 18:41:12.118 (unix ms 1790880072118)
[18:41:22] offered=      500/s achieved=      500/s shed=        0/s inflight=     0 | p50=   2.48 p99=    3.47 p999=    4.13 ms | push=5000 pop=5120 lag=-120 | errs push=0 pop=0 empty=176 gor=152 | ack=      512/s ackErr=0 ackAvg=4.70ms | e2e p50=11.20 p99=16.77 p999=20.10 n=5120 | e2e_local p50=11.33 p99=18.30 n=1720
[txn] 18:41:22 txn=      49/s msgs=      494/s avg= 10.00 msg/txn | commit p50=2.35 p99=3.70 p999=4.05 ms | aborts=0 errs=0 open=0 | in=      494/s | total txns=494 msgs=4940 aborts=0 errs=0
[18:41:32] offered=     1000/s achieved=     1000/s shed=        0/s inflight=     0 | p50=   2.42 p99=    3.50 p999=    4.32 ms | push=15000 pop=14970 lag=30 | errs push=0 pop=0 empty=176 gor=154 | ack=      983/s ackErr=0 ackAvg=4.72ms | e2e p50=11.20 p99=15.04 p999=19.07 n=9850 | e2e_local p50=11.33 p99=14.91 n=3300
[txn] 18:41:32 txn=     101/s msgs=     1008/s avg= 10.00 msg/txn | commit p50=2.29 p99=3.18 p999=3.47 ms | aborts=0 errs=0 open=0 | in=     1008/s | total txns=1502 msgs=15020 aborts=0 errs=0
[18:41:42] offered=     1000/s achieved=      999/s shed=        0/s inflight=     0 | p50=   2.45 p99=    3.44 p999=    7.01 ms | push=24990 pop=25380 lag=-390 | errs push=0 pop=0 empty=176 gor=152 | ack=     1043/s ackErr=0 ackAvg=4.74ms | e2e p50=11.33 p99=15.42 p999=18.05 n=10410 | e2e_local p50=11.33 p99=15.42 n=3710
[txn] 18:41:42 txn=      99/s msgs=      989/s avg= 10.00 msg/txn | commit p50=2.29 p99=2.99 p999=3.54 ms | aborts=0 errs=0 open=0 | in=      989/s | total txns=2491 msgs=24910 aborts=0 errs=0
[18:41:52] offered=     1000/s achieved=     1001/s shed=        0/s inflight=     0 | p50=   2.45 p99=    3.41 p999=    4.26 ms | push=35000 pop=35320 lag=-320 | errs push=0 pop=0 empty=176 gor=153 | ack=      994/s ackErr=0 ackAvg=4.74ms | e2e p50=11.20 p99=15.17 p999=19.07 n=9950 | e2e_local p50=11.20 p99=15.17 n=3270
[txn] 18:41:52 txn=      99/s msgs=      993/s avg= 10.00 msg/txn | commit p50=2.26 p99=3.12 p999=4.05 ms | aborts=0 errs=0 open=0 | in=      993/s | total txns=3484 msgs=34840 aborts=0 errs=0
[18:42:02] offered=     1000/s achieved=     1000/s shed=        0/s inflight=     0 | p50=   2.48 p99=    3.54 p999=    4.05 ms | push=45000 pop=45370 lag=-370 | errs push=0 pop=0 empty=176 gor=152 | ack=     1005/s ackErr=0 ackAvg=4.74ms | e2e p50=11.58 p99=15.04 p999=18.56 n=10040 | e2e_local p50=11.46 p99=14.78 n=3420
[txn] 18:42:02 txn=      99/s msgs=      993/s avg= 10.00 msg/txn | commit p50=2.32 p99=3.12 p999=4.08 ms | aborts=0 errs=0 open=1 | in=      994/s | total txns=4477 msgs=44770 aborts=0 errs=0
[18:42:12] offered=     1000/s achieved=     1000/s shed=        0/s inflight=     0 | p50=   2.48 p99=    3.47 p999=    4.08 ms | push=55000 pop=55710 lag=-710 | errs push=0 pop=0 empty=176 gor=152 | ack=     1033/s ackErr=0 ackAvg=4.74ms | e2e p50=11.46 p99=17.28 p999=20.35 n=10340 | e2e_local p50=11.46 p99=18.30 n=3490
[txn] 18:42:12 txn=      99/s msgs=      992/s avg= 10.00 msg/txn | commit p50=2.35 p99=3.18 p999=10.05 ms | aborts=0 errs=0 open=0 | in=      991/s | total txns=5469 msgs=54690 aborts=0 errs=0
[drain] workers and readers keep going for up to 1m0s (ends early after 3s idle; lag now -560)
[18:42:22] offered=     1000/s achieved=     1000/s shed=        0/s inflight=     0 | p50=   2.48 p99=    3.54 p999=    3.98 ms | push=65000 pop=65570 lag=-570 | errs push=0 pop=0 empty=176 gor=151 | ack=      985/s ackErr=0 ackAvg=4.74ms | e2e p50=11.58 p99=17.54 p999=19.07 n=9860 | e2e_local p50=11.71 p99=17.54 n=3290
[txn] 18:42:22 txn=      99/s msgs=      994/s avg= 10.00 msg/txn | commit p50=2.29 p99=3.09 p999=11.20 ms | aborts=0 errs=0 open=0 | in=      994/s | total txns=6463 msgs=64630 aborts=0 errs=0
[drain] idle for 3s after 3.0s: ending the drain (lag -580)
[info] steady window 60s (after the ramp, before the producers stopped): offered 1000/s pushed 1000/s popped 1008/s cpu 14.4% = 14.42 cores per 100k msg/s (produce+consume)
[final] offered=6500 achieved=6500 shed=0 (msgs: offered=65000 achieved=65000 shed=0) pushErr=0 | pushed=65000 popped=65580 lag=-580 | popErr=0 empty=220 | overall p50=2.45 p99=3.50 p999=4.32 ms | acked=65580 ackErr=0 ackLag=-580 ackAvg=4.74ms | e2e p50=11.33 p99=15.55 p999=19.07 ms
load_cpu=11.3%
[txn-final] txns=6465 msgs=64650 aborts=0 errs=0 in=64650 avg=10.00 msg/txn | commit p50=2.29 p99=3.15 p999=4.05 max=11.20 ms
[ids] ledger /root/bench/runs/txn/queen/1x200-t10-9k/ids/p8.ids: 65000 confirmed, 0 failed, 0 unanswered
