kload tag=1x200-1500k-p8 loader=8/9 mode=batch rate=166666 msg/s batch=100 batch-max=0 max-inflight=5000 ramp=10s duration=1m10s report=10s drain=0s GOMAXPROCS=16 GOGC=400 seed=1790854155004590894
  offered: 166666 msg/s = 1666.7 units/s (avg 100.0 msgs/unit) across 34 pacer workers (49.02 units/s each)
  topics: 1 x 200 partitions (r1x200-1500k..r1x200-1500k), entities/topic=0 (explicit partition) | picker: topics=rr entities: rr over space=200 starting at 177
  payload: goload jsonEvent target 256 B, avg 289.5 B raw, ~320 B stamped ({"ts":µs,"src":8,...}), pool 64x100
  consumers: 22 here (ci 176..197 of 198), poll=1000 proc-us=0 ack=async ack-inflight=256 local-src=[6 7 8]
  kafka: brokers=10.114.0.2:9092,10.114.0.3:9092,10.114.0.4:9092 rf=3 min-isr=0 producers=4 linger=5ms compression=lz4 acks=all idempotent batch-max-bytes=1048576 | consumers: protocol=classic fetch-max-wait=500ms fetch-min-bytes=1 fetch-max-partition-bytes=1048576 session=45s
  [topic] READY after 0.0s: 1 topics x 200 partitions, leaders + full ISR
  [config] broker.default.replication.factor = 3 (STATIC_BROKER_CONFIG)
  [config] topic.compression.type = producer (DEFAULT_CONFIG)
  [config] topic.flush.ms = 100 (DEFAULT_CONFIG)
  [config] topic.max.message.bytes = 16777216 (DEFAULT_CONFIG)
  [config] topic.message.timestamp.type = CreateTime (DEFAULT_CONFIG)
  [config] topic.retention.ms = 600000 (DYNAMIC_TOPIC_CONFIG)
  [config] topic.segment.bytes = 268435456 (DYNAMIC_TOPIC_CONFIG)
  [group] 22 consumers in 1 groups (r1x200-1500k-g-t0 ... ), protocol classic
  [group] t=+2.2s waiting: r1x200-1500k-g-t0: local members 22/198 hold 0/200 partitions (group-wide PreparingRebalance members=155 assigned=0)
  [group] t=+4.2s waiting: r1x200-1500k-g-t0: local members 22/198 hold 0/200 partitions (group-wide PreparingRebalance members=198 assigned=0)
  [group] t=+6.2s waiting: r1x200-1500k-g-t0: local members 22/198 hold 0/200 partitions (group-wide PreparingRebalance members=198 assigned=0)
  [group] t=+8.2s waiting: r1x200-1500k-g-t0: local members 22/198 hold 23/200 partitions (group-wide PreparingRebalance members=198 assigned=0)
  [group] t=+10.2s waiting: r1x200-1500k-g-t0: local members 22/198 hold 23/200 partitions (group-wide Stable members=198 assigned=200)
  [group] STABLE after 11.4s: 1 groups, 22 local members holding 23 partitions, assignEv=22 revokeEv=0 lostEv=0
  [produce] 4 clients connected to every broker with producer IDs in 0.02s; max buffered 501024 records per client
READY 1790854256524
[start] waiting 9.376s for the common start 1790854297526
[start] GO 11:31:37.526 (unix ms 1790854297526)
[11:31:47] offered=    83337/s achieved=    83107/s shed=        0/s inflight=    23 | p50=  13.25 p99=   80.38 p999=  104.96 ms | push=831000 pop=859300 lag=-28300 | errs push=0 pop=0 empty=0 gor=370 | ack=    85207/s ackErr=0 ackAvg=10.71ms | e2e p50=17.02 p99=84.48 p999=110.08 n=859300 | e2e_local p50=17.54 p99=84.48 n=283900
[11:31:57] offered=   166676/s achieved=   166606/s shed=        0/s inflight=    30 | p50=  14.40 p99=  104.96 p999=  150.53 ms | push=2497100 pop=2584400 lag=-87300 | errs push=0 pop=0 empty=0 gor=533 | ack=   168876/s ackErr=0 ackAvg=71.74ms | e2e p50=22.40 p99=115.20 p999=162.82 n=1725100 | e2e_local p50=21.89 p99=122.37 n=576200
[11:32:07] offered=   166674/s achieved=   166534/s shed=        0/s inflight=    45 | p50=  13.89 p99=  111.10 p999=  193.54 ms | push=4162400 pop=4305700 lag=-143300 | errs push=0 pop=0 empty=0 gor=533 | ack=   172294/s ackErr=0 ackAvg=115.30ms | e2e p50=26.50 p99=114.18 p999=187.39 n=1721400 | e2e_local p50=26.75 p99=114.18 n=574300
[11:32:17] offered=   166665/s achieved=   166895/s shed=        0/s inflight=    21 | p50=  14.91 p99=  259.07 p999=  456.70 ms | push=5831400 pop=6032500 lag=-201100 | errs push=0 pop=0 empty=0 gor=512 | ack=   172958/s ackErr=0 ackAvg=138.51ms | e2e p50=32.13 p99=321.54 p999=456.70 n=1726700 | e2e_local p50=32.38 p99=321.54 n=574500
[11:32:27] offered=   166659/s achieved=   166369/s shed=        0/s inflight=    50 | p50=  14.02 p99=  118.27 p999=  160.77 ms | push=7495100 pop=7756300 lag=-261200 | errs push=0 pop=0 empty=0 gor=544 | ack=   172526/s ackErr=0 ackAvg=149.40ms | e2e p50=27.78 p99=116.22 p999=150.53 n=1723800 | e2e_local p50=28.29 p99=120.32 n=575200
[11:32:37] offered=   166665/s achieved=   166725/s shed=        0/s inflight=    44 | p50=  14.66 p99=  238.59 p999=  370.69 ms | push=9162400 pop=9481200 lag=-318800 | errs push=0 pop=0 empty=0 gor=540 | ack=   171965/s ackErr=0 ackAvg=157.22ms | e2e p50=30.85 p99=288.77 p999=366.59 n=1724900 | e2e_local p50=31.62 p99=280.58 n=575000
[11:32:47] offered=   166657/s achieved=   166487/s shed=        0/s inflight=    61 | p50=  14.78 p99=  162.82 p999=  301.06 ms | push=10827200 pop=11203800 lag=-376600 | errs push=0 pop=0 empty=0 gor=509 | ack=   171987/s ackErr=0 ackAvg=162.57ms | e2e p50=30.34 p99=175.10 p999=309.25 n=1722600 | e2e_local p50=29.82 p99=162.82 n=573400
[info] steady window 60s (after the ramp, before the producers stopped): offered 166666/s pushed 166603/s popped 172408/s cpu 107.1% = 0.64 cores per 100k msg/s (produce+consume)
[final] offered=108333 achieved=108333 shed=0 (msgs: offered=10833300 achieved=10833300 shed=0) pushErr=0 | pushed=10833300 popped=11212600 lag=-379300 | popErr=0 empty=0 | overall p50=14.40 p99=148.48 p999=366.59 ms | acked=11212600 ackErr=0 ackLag=-379300 ackAvg=166.14ms | e2e p50=27.01 p99=207.87 p999=374.78 ms
load_cpu=58.5%
