qload tag= loader=0/1 mode=batch rate=20000 msg/s batch=1 batch-max=0 max-inflight=5000 ramp=5s duration=5m0s report=10s drain=0s GOMAXPROCS=16 GOGC=400(default) seed=1791560194000381849
  offered: 20000 msg/s = 20000.0 units/s (avg 1.0 msgs/unit) across 64 pacer workers (312.50 units/s each)
  topics: 1 x 2000 partitions (ram..ram), entities/topic=0 (explicit partition) | picker: topics=rr entities: rr over space=2000 starting at 0
  payload: goload jsonEvent target 256 B, avg 289.6 B raw, ~320 B stamped ({"ts":µs,"src":0,...}), pool 64x1
  consumers: 0 here (ci 0..-1 of 0), poll=1000 proc-us=0 ack=async ack-inflight=256 local-src=[0]
  queen: url=http://127.0.0.1:6632 (of 1) conns=2048 timeout=30s pop-width=10 pop-batch=1000 pop-timeout=2s lease=30s | configure: leaseTime=30 completedRetention=3600 dedup=0 retryLimit=1000000 | plain: consumers pop+ack the queue
  [queen] http://127.0.0.1:6632 healthy: version 2.1.0, this node leader
READY 1791560252146
[start] GO 15:37:32.146 (unix ms 1791560252146)
[15:37:42] offered=    14999/s achieved=    14996/s shed=        0/s inflight=    37 | p50=   1.48 p99=   14.78 p999=   43.78 ms | push=149959 pop=0 lag=149959 | errs push=0 pop=0 empty=0 gor=1184 | ack=        0/s ackErr=0 ackAvg=0.00ms | e2e p50=0.00 p99=0.00 p999=0.00 n=0 | e2e_local p50=0.00 p99=0.00 n=0
[15:37:52] offered=    19999/s achieved=    19999/s shed=        0/s inflight=    40 | p50=   1.56 p99=   21.38 p999=   41.22 ms | push=349957 pop=0 lag=349957 | errs push=0 pop=0 empty=0 gor=1971 | ack=        0/s ackErr=0 ackAvg=0.00ms | e2e p50=0.00 p99=0.00 p999=0.00 n=0 | e2e_local p50=0.00 p99=0.00 n=0
[15:38:02] offered=    20001/s achieved=    19997/s shed=        0/s inflight=    77 | p50=   1.51 p99=   22.14 p999=   67.07 ms | push=549917 pop=0 lag=549917 | errs push=0 pop=0 empty=0 gor=3028 | ack=        0/s ackErr=0 ackAvg=0.00ms | e2e p50=0.00 p99=0.00 p999=0.00 n=0 | e2e_local p50=0.00 p99=0.00 n=0
[15:38:12] offered=    20000/s achieved=    20004/s shed=        0/s inflight=    33 | p50=   1.51 p99=   18.56 p999=   24.96 ms | push=749961 pop=0 lag=749961 | errs push=0 pop=0 empty=0 gor=2984 | ack=        0/s ackErr=0 ackAvg=0.00ms | e2e p50=0.00 p99=0.00 p999=0.00 n=0 | e2e_local p50=0.00 p99=0.00 n=0
[15:38:22] offered=    20000/s achieved=    20001/s shed=        0/s inflight=    18 | p50=   1.58 p99=   21.38 p999=   34.56 ms | push=949975 pop=0 lag=949975 | errs push=0 pop=0 empty=0 gor=2968 | ack=        0/s ackErr=0 ackAvg=0.00ms | e2e p50=0.00 p99=0.00 p999=0.00 n=0 | e2e_local p50=0.00 p99=0.00 n=0
[15:38:32] offered=    20000/s achieved=    20000/s shed=        0/s inflight=    20 | p50=   1.50 p99=   16.51 p999=   25.22 ms | push=1149976 pop=0 lag=1149976 | errs push=0 pop=0 empty=0 gor=2971 | ack=        0/s ackErr=0 ackAvg=0.00ms | e2e p50=0.00 p99=0.00 p999=0.00 n=0 | e2e_local p50=0.00 p99=0.00 n=0
[15:38:42] offered=    20000/s achieved=    19999/s shed=        0/s inflight=    30 | p50=   1.64 p99=   28.29 p999=   45.31 ms | push=1349964 pop=0 lag=1349964 | errs push=0 pop=0 empty=0 gor=2981 | ack=        0/s ackErr=0 ackAvg=0.00ms | e2e p50=0.00 p99=0.00 p999=0.00 n=0 | e2e_local p50=0.00 p99=0.00 n=0
[15:38:52] offered=    20000/s achieved=    19994/s shed=        0/s inflight=    89 | p50=   1.54 p99=   36.61 p999=   48.38 ms | push=1549909 pop=0 lag=1549909 | errs push=0 pop=0 empty=0 gor=3040 | ack=        0/s ackErr=0 ackAvg=0.00ms | e2e p50=0.00 p99=0.00 p999=0.00 n=0 | e2e_local p50=0.00 p99=0.00 n=0
[15:39:02] offered=    20000/s achieved=    20007/s shed=        0/s inflight=    21 | p50=   1.58 p99=   35.58 p999=   48.38 ms | push=1749974 pop=0 lag=1749974 | errs push=0 pop=0 empty=0 gor=2972 | ack=        0/s ackErr=0 ackAvg=0.00ms | e2e p50=0.00 p99=0.00 p999=0.00 n=0 | e2e_local p50=0.00 p99=0.00 n=0
[15:39:12] offered=    20000/s achieved=    20000/s shed=        0/s inflight=    21 | p50=   1.66 p99=   34.05 p999=   56.06 ms | push=1949974 pop=0 lag=1949974 | errs push=0 pop=0 empty=0 gor=2972 | ack=        0/s ackErr=0 ackAvg=0.00ms | e2e p50=0.00 p99=0.00 p999=0.00 n=0 | e2e_local p50=0.00 p99=0.00 n=0
[15:39:22] offered=    20000/s achieved=    19999/s shed=        0/s inflight=    27 | p50=   1.56 p99=   31.62 p999=   48.90 ms | push=2149966 pop=0 lag=2149966 | errs push=0 pop=0 empty=0 gor=2977 | ack=        0/s ackErr=0 ackAvg=0.00ms | e2e p50=0.00 p99=0.00 p999=0.00 n=0 | e2e_local p50=0.00 p99=0.00 n=0
[15:39:32] offered=    20000/s achieved=    20001/s shed=        0/s inflight=    20 | p50=   1.64 p99=   35.58 p999=   51.46 ms | push=2349975 pop=0 lag=2349975 | errs push=0 pop=0 empty=0 gor=2417 | ack=        0/s ackErr=0 ackAvg=0.00ms | e2e p50=0.00 p99=0.00 p999=0.00 n=0 | e2e_local p50=0.00 p99=0.00 n=0
[15:39:42] offered=    20000/s achieved=    20000/s shed=        0/s inflight=    19 | p50=   1.56 p99=   31.10 p999=   52.48 ms | push=2549976 pop=0 lag=2549976 | errs push=0 pop=0 empty=0 gor=2416 | ack=        0/s ackErr=0 ackAvg=0.00ms | e2e p50=0.00 p99=0.00 p999=0.00 n=0 | e2e_local p50=0.00 p99=0.00 n=0
[15:39:52] offered=    19999/s achieved=    20000/s shed=        0/s inflight=    16 | p50=   1.62 p99=   30.34 p999=   38.14 ms | push=2749974 pop=0 lag=2749974 | errs push=0 pop=0 empty=0 gor=2413 | ack=        0/s ackErr=0 ackAvg=0.00ms | e2e p50=0.00 p99=0.00 p999=0.00 n=0 | e2e_local p50=0.00 p99=0.00 n=0
[15:40:02] offered=    20000/s achieved=    20000/s shed=        0/s inflight=    19 | p50=   1.58 p99=   38.66 p999=   52.99 ms | push=2949976 pop=0 lag=2949976 | errs push=0 pop=0 empty=0 gor=2416 | ack=        0/s ackErr=0 ackAvg=0.00ms | e2e p50=0.00 p99=0.00 p999=0.00 n=0 | e2e_local p50=0.00 p99=0.00 n=0
[15:40:12] offered=    20000/s achieved=    19999/s shed=        0/s inflight=    36 | p50=   1.59 p99=   38.66 p999=   61.18 ms | push=3149961 pop=0 lag=3149961 | errs push=0 pop=0 empty=0 gor=2627 | ack=        0/s ackErr=0 ackAvg=0.00ms | e2e p50=0.00 p99=0.00 p999=0.00 n=0 | e2e_local p50=0.00 p99=0.00 n=0
[15:40:22] offered=    20000/s achieved=    19996/s shed=        0/s inflight=    79 | p50=   1.77 p99=   33.54 p999=   43.78 ms | push=3349917 pop=0 lag=3349917 | errs push=0 pop=0 empty=0 gor=2670 | ack=        0/s ackErr=0 ackAvg=0.00ms | e2e p50=0.00 p99=0.00 p999=0.00 n=0 | e2e_local p50=0.00 p99=0.00 n=0
[15:40:32] offered=    20000/s achieved=    20006/s shed=        0/s inflight=    22 | p50=   1.56 p99=   29.57 p999=   38.14 ms | push=3549974 pop=0 lag=3549974 | errs push=0 pop=0 empty=0 gor=2613 | ack=        0/s ackErr=0 ackAvg=0.00ms | e2e p50=0.00 p99=0.00 p999=0.00 n=0 | e2e_local p50=0.00 p99=0.00 n=0
[15:40:42] offered=    19999/s achieved=    19999/s shed=        0/s inflight=    27 | p50=   1.66 p99=   32.64 p999=   49.41 ms | push=3749967 pop=0 lag=3749967 | errs push=0 pop=0 empty=0 gor=2618 | ack=        0/s ackErr=0 ackAvg=0.00ms | e2e p50=0.00 p99=0.00 p999=0.00 n=0 | e2e_local p50=0.00 p99=0.00 n=0
[15:40:52] offered=    20000/s achieved=    20000/s shed=        0/s inflight=    24 | p50=   1.58 p99=   34.05 p999=   52.48 ms | push=3949968 pop=0 lag=3949968 | errs push=0 pop=0 empty=0 gor=2612 | ack=        0/s ackErr=0 ackAvg=0.00ms | e2e p50=0.00 p99=0.00 p999=0.00 n=0 | e2e_local p50=0.00 p99=0.00 n=0
[15:41:02] offered=    20000/s achieved=    19999/s shed=        0/s inflight=    39 | p50=   1.58 p99=   34.56 p999=   43.78 ms | push=4149957 pop=0 lag=4149957 | errs push=0 pop=0 empty=0 gor=2630 | ack=        0/s ackErr=0 ackAvg=0.00ms | e2e p50=0.00 p99=0.00 p999=0.00 n=0 | e2e_local p50=0.00 p99=0.00 n=0
[15:41:12] offered=    19999/s achieved=    19999/s shed=        0/s inflight=    34 | p50=   1.66 p99=   30.59 p999=   42.24 ms | push=4349963 pop=0 lag=4349963 | errs push=0 pop=0 empty=0 gor=2623 | ack=        0/s ackErr=0 ackAvg=0.00ms | e2e p50=0.00 p99=0.00 p999=0.00 n=0 | e2e_local p50=0.00 p99=0.00 n=0
[15:41:22] offered=    20000/s achieved=    20002/s shed=        0/s inflight=    22 | p50=   1.58 p99=   31.87 p999=   43.78 ms | push=4549976 pop=0 lag=4549976 | errs push=0 pop=0 empty=0 gor=2613 | ack=        0/s ackErr=0 ackAvg=0.00ms | e2e p50=0.00 p99=0.00 p999=0.00 n=0 | e2e_local p50=0.00 p99=0.00 n=0
[15:41:32] offered=    20000/s achieved=    20001/s shed=        0/s inflight=    14 | p50=   1.61 p99=   29.31 p999=   38.66 ms | push=4749979 pop=0 lag=4749979 | errs push=0 pop=0 empty=0 gor=2605 | ack=        0/s ackErr=0 ackAvg=0.00ms | e2e p50=0.00 p99=0.00 p999=0.00 n=0 | e2e_local p50=0.00 p99=0.00 n=0
[15:41:42] offered=    20000/s achieved=    20000/s shed=        0/s inflight=    21 | p50=   1.61 p99=   28.54 p999=   39.17 ms | push=4949975 pop=0 lag=4949975 | errs push=0 pop=0 empty=0 gor=2476 | ack=        0/s ackErr=0 ackAvg=0.00ms | e2e p50=0.00 p99=0.00 p999=0.00 n=0 | e2e_local p50=0.00 p99=0.00 n=0
[15:41:52] offered=    20000/s achieved=    20000/s shed=        0/s inflight=    20 | p50=   1.58 p99=   38.66 p999=   53.50 ms | push=5149976 pop=0 lag=5149976 | errs push=0 pop=0 empty=0 gor=2475 | ack=        0/s ackErr=0 ackAvg=0.00ms | e2e p50=0.00 p99=0.00 p999=0.00 n=0 | e2e_local p50=0.00 p99=0.00 n=0
[15:42:02] offered=    19999/s achieved=    20000/s shed=        0/s inflight=    16 | p50=   1.66 p99=   29.31 p999=   38.66 ms | push=5349974 pop=0 lag=5349974 | errs push=0 pop=0 empty=0 gor=2471 | ack=        0/s ackErr=0 ackAvg=0.00ms | e2e p50=0.00 p99=0.00 p999=0.00 n=0 | e2e_local p50=0.00 p99=0.00 n=0
[15:42:12] offered=    20001/s achieved=    20000/s shed=        0/s inflight=    19 | p50=   1.58 p99=   27.26 p999=   34.56 ms | push=5549970 pop=0 lag=5549970 | errs push=0 pop=0 empty=0 gor=2473 | ack=        0/s ackErr=0 ackAvg=0.00ms | e2e p50=0.00 p99=0.00 p999=0.00 n=0 | e2e_local p50=0.00 p99=0.00 n=0
[15:42:22] offered=    20000/s achieved=    19999/s shed=        0/s inflight=    35 | p50=   1.59 p99=   29.06 p999=   42.75 ms | push=5749959 pop=0 lag=5749959 | errs push=0 pop=0 empty=0 gor=2282 | ack=        0/s ackErr=0 ackAvg=0.00ms | e2e p50=0.00 p99=0.00 p999=0.00 n=0 | e2e_local p50=0.00 p99=0.00 n=0
[15:42:32] offered=    19998/s achieved=    20002/s shed=        0/s inflight=     0 | p50=   1.66 p99=   45.82 p999=   55.04 ms | push=5949997 pop=0 lag=5949997 | errs push=0 pop=0 empty=0 gor=2311 | ack=        0/s ackErr=0 ackAvg=0.00ms | e2e p50=0.00 p99=0.00 p999=0.00 n=0 | e2e_local p50=0.00 p99=0.00 n=0
[info] steady window 290s (after the ramp, before the producers stopped): offered 20000/s pushed 20000/s popped 0/s cpu 185.9% = 9.29 cores per 100k msg/s (produce+consume)
[final] offered=5949997 achieved=5949997 shed=0 (msgs: offered=5949997 achieved=5949997 shed=0) pushErr=0 | pushed=5949997 popped=0 lag=5949997 | popErr=0 empty=0 | overall p50=1.59 p99=31.10 p999=49.41 ms | acked=0 ackErr=0 ackLag=5949997 ackAvg=0.00ms | e2e p50=0.00 p99=0.00 p999=0.00 ms
load_cpu=184.5%
