{"role":"producer","event":"start","queues":["bench-q-10-1","bench-q-10-2","bench-q-10-3","bench-q-10-4","bench-q-10-5","bench-q-10-6","bench-q-10-7","bench-q-10-8","bench-q-10-9","bench-q-10-10"],"queueCount":10,"numWorkers":1,"conns":50,"duration":300,"maxPartition":1000,"msgsPerPush":10,"timestamp":"2026-06-04T10:01:36.883Z"}
{
  "role": "producer",
  "event": "result",
  "totalRequests": 1426279,
  "totalMessages": 14262790,
  "reqPerSec": 4755,
  "msgPerSec": 47550,
  "latency": {
    "p50": 9,
    "p90": 12,
    "p99": 32,
    "avg": 10.12,
    "max": 6139
  },
  "errors": 0,
  "non2xx": 0,
  "timeouts": 0,
  "durationSec": 300
}
