pload tag=1x200-t10-18k-p4 loader=4/9 mode=batch rate=2000 msg/s batch=10 batch-max=0 max-inflight=5000 ramp=10s duration=1m10s report=10s drain=1m0s GOMAXPROCS=16 GOGC=400 seed=1790878532343598826
  offered: 2000 msg/s = 200.0 units/s (avg 10.0 msgs/unit) across 5 pacer workers (40.00 units/s each)
  topics: 1 x 200 partitions (x1x200-t10-18k..x1x200-t10-18k), entities/topic=0 (explicit partition) | picker: topics=rr entities: rr over space=22 starting at 0 [producer shard 4/9: partitions p % 9 == 4, entity j -> partition 4 + j*9]
  payload: goload jsonEvent target 256 B, avg 289.5 B raw, ~319 B stamped ({"ts":µs,"src":4,...}), pool 64x10
  consumers: 22 here (ci 88..109 of 198), poll=1000 proc-us=0 ack=async ack-inflight=256 local-src=[3 4 5]
  pulsar: url=pulsar://10.114.0.2:6650,10.114.0.3:6650,10.114.0.4:6650 admin=http://10.114.0.2:8080 ns=bench/ns sub=sub type=failover compression=lz4 batch=5ms/10 msgs/131072 B max-pending=100000/partition mem-limit=64 MB receiver-queue=1000 ack-group=100ms conns/broker=1 | feeder batches capped at -txn-size messages (whole entries per transaction) | txn: x1x200-t10-18k-in -> 22 workers (own client + TC each, NewTransaction timeout 10s, send+AckWithTxn on whole entries, txn-size 10, linger 1s) -> x1x200-t10-18k-out, 22 readers
  [admin] 2 topics with 200 partitions and subscription "sub" exist (checked in 0.0s)
  [txn] 22 workers (ci 88..109 of 198, 0 idle): each its own client + TC, a failover consumer on its partitions of x1x200-t10-18k-in, 22 producers on x1x200-t10-18k-out in all; txn-size 10, linger 1s, txn-timeout 10s; ready in 1.1s
  [consume] 22 consumers (ci 88..109 of 198), failover, partition slices (every partition exactly one consumer): 22 partition registrations here, 200 in total across all processes; idle 0 here, 0 in total; subscribed in 0.0s, settling 2s
  [produce] producer shard 4/9: 22 partitions per topic (p % 9 == 4) x 1 topics, per-partition producers created lazily on first use
READY 1790878817779
[start] waiting 9.263s for the common start 1790878831878
[start] GO 18:20:31.878 (unix ms 1790878831878)
[18:20:41] offered=     1000/s achieved=     1000/s shed=        0/s inflight=     0 | p50=   5.92 p99=   18.30 p999=   22.91 ms | push=10000 pop=9780 lag=220 | errs push=0 pop=0 empty=0 gor=2370 | ack=      978/s ackErr=0 ackAvg=0.00ms | e2e p50=30.34 p99=92.67 p999=103.94 n=9780 | e2e_local p50=30.59 p99=95.74 n=2700
[txn] 18:20:41 txn=      98/s msgs=      978/s avg= 10.00 msg/txn | commit p50=24.70 p99=73.22 p999=78.34 ms | aborts=0 errs=0 open=1 | in=      979/s | total txns=978 msgs=9780 aborts=0 errs=0
[18:20:51] offered=     2000/s achieved=     2000/s shed=        0/s inflight=     0 | p50=   5.98 p99=    8.16 p999=    8.77 ms | push=30000 pop=29560 lag=440 | errs push=0 pop=0 empty=0 gor=3362 | ack=     1978/s ackErr=0 ackAvg=0.00ms | e2e p50=29.82 p99=38.66 p999=44.29 n=19780 | e2e_local p50=30.08 p99=39.17 n=5460
[txn] 18:20:51 txn=     198/s msgs=     1978/s avg= 10.00 msg/txn | commit p50=23.68 p99=28.54 p999=30.59 ms | aborts=0 errs=0 open=0 | in=     1977/s | total txns=2956 msgs=29560 aborts=0 errs=0
[18:21:01] offered=     2000/s achieved=     2000/s shed=        0/s inflight=     0 | p50=   5.92 p99=    8.26 p999=    8.90 ms | push=50000 pop=49340 lag=660 | errs push=0 pop=0 empty=0 gor=3362 | ack=     1978/s ackErr=0 ackAvg=0.00ms | e2e p50=29.31 p99=39.17 p999=43.78 n=19780 | e2e_local p50=29.57 p99=39.17 n=5460
[txn] 18:21:01 txn=     198/s msgs=     1978/s avg= 10.00 msg/txn | commit p50=23.17 p99=28.29 p999=29.57 ms | aborts=0 errs=0 open=0 | in=     1978/s | total txns=4934 msgs=49340 aborts=0 errs=0
[18:21:11] offered=     2000/s achieved=     2000/s shed=        0/s inflight=     0 | p50=   5.98 p99=    8.16 p999=    8.64 ms | push=70000 pop=69120 lag=880 | errs push=0 pop=0 empty=0 gor=3362 | ack=     1978/s ackErr=0 ackAvg=0.00ms | e2e p50=29.06 p99=38.14 p999=43.26 n=19780 | e2e_local p50=29.31 p99=38.14 n=5460
[txn] 18:21:11 txn=     198/s msgs=     1978/s avg= 10.00 msg/txn | commit p50=23.17 p99=27.78 p999=29.57 ms | aborts=0 errs=0 open=0 | in=     1978/s | total txns=6912 msgs=69120 aborts=0 errs=0
[18:21:21] offered=     2000/s achieved=     2000/s shed=        0/s inflight=     0 | p50=   5.98 p99=    8.26 p999=    8.77 ms | push=90000 pop=88900 lag=1100 | errs push=0 pop=0 empty=0 gor=3362 | ack=     1978/s ackErr=0 ackAvg=0.00ms | e2e p50=29.57 p99=38.66 p999=42.75 n=19780 | e2e_local p50=30.08 p99=39.17 n=5460
[txn] 18:21:21 txn=     198/s msgs=     1978/s avg= 10.00 msg/txn | commit p50=23.42 p99=28.54 p999=30.08 ms | aborts=0 errs=0 open=0 | in=     1978/s | total txns=8890 msgs=88900 aborts=0 errs=0
[18:21:31] offered=     2000/s achieved=     2000/s shed=        0/s inflight=     0 | p50=   5.92 p99=    8.26 p999=    8.64 ms | push=110000 pop=108680 lag=1320 | errs push=0 pop=0 empty=0 gor=3362 | ack=     1978/s ackErr=0 ackAvg=0.00ms | e2e p50=29.06 p99=38.66 p999=45.31 n=19780 | e2e_local p50=29.31 p99=38.66 n=5460
[txn] 18:21:31 txn=     198/s msgs=     1978/s avg= 10.00 msg/txn | commit p50=22.91 p99=28.29 p999=31.36 ms | aborts=0 errs=0 open=0 | in=     1978/s | total txns=10868 msgs=108680 aborts=0 errs=0
[drain] workers and readers keep going for up to 59.999s (ends early after 3s idle; lag now 1540)
[18:21:41] offered=     2000/s achieved=     2000/s shed=        0/s inflight=     0 | p50=   5.92 p99=    8.16 p999=    8.64 ms | push=130000 pop=128460 lag=1540 | errs push=0 pop=0 empty=0 gor=3357 | ack=     1978/s ackErr=0 ackAvg=0.00ms | e2e p50=28.80 p99=38.14 p999=44.29 n=19780 | e2e_local p50=29.06 p99=38.66 n=5460
[txn] 18:21:41 txn=     198/s msgs=     1978/s avg= 10.00 msg/txn | commit p50=22.66 p99=27.52 p999=29.06 ms | aborts=0 errs=0 open=0 | in=     1978/s | total txns=12846 msgs=128460 aborts=0 errs=0
[drain] idle for 3s after 3.0s: ending the drain (lag 1540)
[info] txn workers: 0 re-subscriptions after an abort, 0 messages held outside a transaction at the stop (left unacked)
[info] producers created: 22 per-partition producers (shard), 0 creation errors, avg creation 11.6 ms
[info] steady window 60s (after the ramp, before the producers stopped): offered 2000/s pushed 2000/s popped 1978/s cpu 29.9% = 14.96 cores per 100k msg/s (produce+consume)
[final] offered=13000 achieved=13000 shed=0 (msgs: offered=130000 achieved=130000 shed=0) pushErr=0 | pushed=130000 popped=128460 lag=1540 | popErr=0 empty=0 | overall p50=5.92 p99=8.38 p999=17.54 ms | acked=128460 ackErr=0 ackLag=1540 ackAvg=0.00ms | e2e p50=29.31 p99=39.17 p999=90.62 ms
load_cpu=23.0%
[txn-final] txns=12846 msgs=128460 aborts=0 errs=0 in=128460 avg=10.00 msg/txn | commit p50=23.42 p99=28.80 p999=70.14 max=78.34 ms
[ids] ledger /root/bench/runs/txn/pulsar/1x200-t10-18k/ids/p4.ids: 130000 confirmed, 0 failed, 0 unanswered
