kload tag=100x100-1000k-p3 loader=3/9 mode=batch rate=111111 msg/s batch=100 batch-max=0 max-inflight=5000 ramp=10s duration=1m10s report=10s drain=0s GOMAXPROCS=16 GOGC=400 seed=1790758650553825229
  offered: 111111 msg/s = 1111.1 units/s (avg 100.0 msgs/unit) across 23 pacer workers (48.31 units/s each)
  topics: 100 x 100 partitions (k100x100-1000k-t0..k100x100-1000k-t99), entities/topic=0 (explicit partition) | picker: topics=rr entities: rr over space=100 starting at 33
  payload: goload jsonEvent target 256 B, avg 289.5 B raw, ~320 B stamped ({"ts":µs,"src":3,...}), pool 64x100
  consumers: 33 here (ci 99..131 of 297), poll=1000 proc-us=0 ack=async ack-inflight=256 local-src=[3 4 5]
  kafka: brokers=10.114.0.2:9092,10.114.0.3:9092,10.114.0.4:9092 rf=3 min-isr=2 producers=4 linger=5ms compression=lz4 acks=all idempotent batch-max-bytes=1048576 | consumers: protocol=consumer fetch-max-wait=500ms fetch-min-bytes=1 fetch-max-partition-bytes=1048576 session=45s
  [topic] READY after 0.0s: 100 topics x 100 partitions, leaders + full ISR
  [config] broker.compression.type = producer (STATIC_BROKER_CONFIG)
  [config] broker.default.replication.factor = 3 (STATIC_BROKER_CONFIG)
  [config] broker.group.consumer.assignors = uniform,range (DEFAULT_CONFIG)
  [config] broker.group.coordinator.rebalance.protocols = classic,consumer,streams (DEFAULT_CONFIG)
  [config] broker.group.initial.rebalance.delay.ms = 3000 (DEFAULT_CONFIG)
  [config] broker.log.flush.interval.messages = 9223372036854775807 (DEFAULT_CONFIG)
  [config] broker.log.flush.interval.ms = <nil> (DEFAULT_CONFIG)
  [config] broker.max.incremental.fetch.session.cache.slots = 4000 (STATIC_BROKER_CONFIG)
  [config] broker.min.insync.replicas = 2 (DYNAMIC_DEFAULT_BROKER_CONFIG)
  [config] broker.num.io.threads = 16 (STATIC_BROKER_CONFIG)
  [config] broker.num.network.threads = 8 (STATIC_BROKER_CONFIG)
  [config] broker.num.replica.fetchers = 8 (STATIC_BROKER_CONFIG)
  [config] topic.compression.type = producer (STATIC_BROKER_CONFIG)
  [config] topic.flush.messages = 9223372036854775807 (DEFAULT_CONFIG)
  [config] topic.flush.ms = 9223372036854775807 (DEFAULT_CONFIG)
  [config] topic.max.message.bytes = 16777216 (STATIC_BROKER_CONFIG)
  [config] topic.message.timestamp.type = CreateTime (DEFAULT_CONFIG)
  [config] topic.min.insync.replicas = 2 (DYNAMIC_TOPIC_CONFIG)
  [config] topic.retention.ms = 600000 (DYNAMIC_TOPIC_CONFIG)
  [config] topic.segment.bytes = 268435456 (DYNAMIC_TOPIC_CONFIG)
  [config] topic.unclean.leader.election.enable = false (STATIC_BROKER_CONFIG)
  [group] 33 consumers in 33 groups (k100x100-1000k-g-t99 ... ), protocol consumer
  [group] t=+0.0s waiting: k100x100-1000k-g-t99: local members 1/2 hold 0/100 partitions (group-wide ? members=0 assigned=0); k100x100-1000k-g-t0: local members 1/3 hold 0/100 partitions (group-wide ? members=0 assigned=0); k100x100-1000k-g-t1: local members 1/3 hold 0/100 partitions (group-wide ? members=0 assigned=0)
  [group] t=+2.0s waiting: k100x100-1000k-g-t99: local members 1/2 hold 0/100 partitions (group-wide Assigning members=2 assigned=100); k100x100-1000k-g-t0: local members 1/3 hold 0/100 partitions (group-wide Assigning members=3 assigned=100); k100x100-1000k-g-t1: local members 1/3 hold 0/100 partitions (group-wide Assigning members=3 assigned=100)
  [group] t=+4.0s waiting: k100x100-1000k-g-t99: local members 1/2 hold 0/100 partitions (group-wide Assigning members=2 assigned=100); k100x100-1000k-g-t0: local members 1/3 hold 0/100 partitions (group-wide Assigning members=3 assigned=100); k100x100-1000k-g-t1: local members 1/3 hold 0/100 partitions (group-wide Assigning members=3 assigned=100)
  [group] t=+6.0s waiting: k100x100-1000k-g-t99: local members 1/2 hold 0/100 partitions (group-wide Reconciling members=2 assigned=50); k100x100-1000k-g-t0: local members 1/3 hold 0/100 partitions (group-wide Reconciling members=3 assigned=34); k100x100-1000k-g-t1: local members 1/3 hold 0/100 partitions (group-wide Reconciling members=3 assigned=34)
  [group] t=+8.1s waiting: k100x100-1000k-g-t99: local members 1/2 hold 0/100 partitions (group-wide Reconciling members=2 assigned=50); k100x100-1000k-g-t0: local members 1/3 hold 0/100 partitions (group-wide Reconciling members=3 assigned=34); k100x100-1000k-g-t1: local members 1/3 hold 0/100 partitions (group-wide Reconciling members=3 assigned=34)
  [group] t=+10.1s waiting: k100x100-1000k-g-t99: local members 1/2 hold 0/100 partitions (group-wide Reconciling members=2 assigned=50); k100x100-1000k-g-t0: local members 1/3 hold 0/100 partitions (group-wide Reconciling members=3 assigned=34); k100x100-1000k-g-t1: local members 1/3 hold 0/100 partitions (group-wide Reconciling members=3 assigned=34)
  [group] t=+12.1s waiting: k100x100-1000k-g-t99: local members 1/2 hold 50/100 partitions (group-wide Stable members=2 assigned=100); k100x100-1000k-g-t0: local members 1/3 hold 33/100 partitions (group-wide Stable members=3 assigned=100); k100x100-1000k-g-t1: local members 1/3 hold 33/100 partitions (group-wide Stable members=3 assigned=100)
  [group] STABLE after 14.1s: 33 groups, 33 local members holding 1117 partitions, assignEv=66 revokeEv=11 lostEv=0
  [produce] 4 clients connected to every broker with producer IDs in 0.32s; max buffered 501024 records per client
READY 1790758697548
[start] waiting 9.275s for the common start 1790758712753
[start] GO 08:58:32.753 (unix ms 1790758712753)
[08:58:42] offered=    55571/s achieved=    55281/s shed=        0/s inflight=    29 | p50=  17.28 p99=   45.31 p999=   59.65 ms | push=552800 pop=561200 lag=-8400 | errs push=0 pop=0 empty=0 gor=538 | ack=    55901/s ackErr=0 ackAvg=16.65ms | e2e p50=16.51 p99=48.38 p999=63.74 n=561400 | e2e_local p50=16.51 p99=48.90 n=190800
[08:58:52] offered=   111093/s achieved=   111163/s shed=        0/s inflight=    22 | p50=  19.33 p99=   94.72 p999=  132.10 ms | push=1664400 pop=1678100 lag=-13700 | errs push=0 pop=0 empty=0 gor=506 | ack=   111804/s ackErr=0 ackAvg=16.44ms | e2e p50=18.05 p99=92.67 p999=117.25 n=1116700 | e2e_local p50=18.30 p99=95.74 n=372800
[08:59:02] offered=   111100/s achieved=   110970/s shed=        0/s inflight=    30 | p50=  19.07 p99=   72.19 p999=   90.62 ms | push=2774100 pop=2793400 lag=-19300 | errs push=0 pop=0 empty=0 gor=558 | ack=   111379/s ackErr=0 ackAvg=16.46ms | e2e p50=18.05 p99=71.17 p999=89.60 n=1115300 | e2e_local p50=18.30 p99=72.19 n=371300
[08:59:12] offered=   111103/s achieved=   111183/s shed=        0/s inflight=    25 | p50=  19.58 p99=   79.36 p999=  105.98 ms | push=3885900 pop=3909900 lag=-24000 | errs push=0 pop=0 empty=0 gor=505 | ack=   111843/s ackErr=0 ackAvg=16.29ms | e2e p50=18.30 p99=76.29 p999=96.77 n=1116500 | e2e_local p50=18.30 p99=77.31 n=370700
[08:59:22] offered=   111128/s achieved=   111018/s shed=        0/s inflight=    39 | p50=  18.82 p99=   66.05 p999=   88.58 ms | push=4996100 pop=5025600 lag=-29500 | errs push=0 pop=0 empty=0 gor=518 | ack=   111538/s ackErr=0 ackAvg=16.30ms | e2e p50=18.05 p99=65.28 p999=90.62 n=1115700 | e2e_local p50=18.05 p99=66.05 n=369700
[08:59:32] offered=   111122/s achieved=   111082/s shed=        0/s inflight=    42 | p50=  19.07 p99=   75.26 p999=   92.67 ms | push=6106900 pop=6141800 lag=-34900 | errs push=0 pop=0 empty=0 gor=509 | ack=   111662/s ackErr=0 ackAvg=16.23ms | e2e p50=18.30 p99=72.19 p999=94.72 n=1116200 | e2e_local p50=18.30 p99=72.19 n=369800
[08:59:42] offered=   111093/s achieved=   111313/s shed=        0/s inflight=    20 | p50=  19.07 p99=   78.34 p999=  101.89 ms | push=7220100 pop=7259600 lag=-39500 | errs push=0 pop=0 empty=0 gor=505 | ack=   111653/s ackErr=0 ackAvg=16.24ms | e2e p50=18.05 p99=73.22 p999=93.70 n=1117800 | e2e_local p50=18.30 p99=75.26 n=372400
[info] steady window 60s (after the ramp, before the producers stopped): offered 111106/s pushed 111121/s popped 111640/s cpu 92.6% = 0.83 cores per 100k msg/s (produce+consume)
[info] 1100 warm-up messages (no "ts") received and not counted as load
[final] offered=72221 achieved=72221 shed=0 (msgs: offered=7222100 achieved=7222100 shed=0) pushErr=0 | pushed=7222100 popped=7264200 lag=-42100 | popErr=0 empty=0 | overall p50=19.07 p99=78.34 p999=105.98 ms | acked=7264200 ackErr=0 ackLag=-42100 ackAvg=16.24ms | e2e p50=18.05 p99=76.29 p999=102.91 ms
load_cpu=62.4%
