kload tag=c3-1x100k-1000k-p2 loader=2/9 mode=batch rate=111111 msg/s batch=100 batch-max=0 max-inflight=5000 ramp=10s duration=1m10s report=10s drain=0s GOMAXPROCS=16 GOGC=400 seed=1790895284376138951
  offered: 111111 msg/s = 1111.1 units/s (avg 100.0 msgs/unit) across 23 pacer workers (48.31 units/s each)
  topics: 1 x 100000 partitions (kc3-1x100k-1000k..kc3-1x100k-1000k), entities/topic=0 (explicit partition) | picker: topics=rr entities: rr over space=100000 starting at 22222
  payload: goload jsonEvent target 256 B, avg 289.6 B raw, ~320 B stamped ({"ts":µs,"src":2,...}), pool 64x100
  consumers: 33 here (ci 66..98 of 297), poll=1000 proc-us=0 ack=async ack-inflight=256 local-src=[0 1 2]
  kafka: brokers=10.114.0.2:9092,10.114.0.3:9092,10.114.0.4:9092 rf=3 min-isr=2 producers=4 linger=5ms compression=lz4 acks=all idempotent batch-max-bytes=1048576 | consumers: protocol=classic fetch-max-wait=500ms fetch-min-bytes=1 fetch-max-partition-bytes=1048576 session=45s
  [topic] READY after 0.2s: 1 topics x 100000 partitions, leaders + full ISR
  [config] broker.compression.type = producer (DEFAULT_CONFIG)
  [config] broker.group.initial.rebalance.delay.ms = 3000 (STATIC_BROKER_CONFIG)
  [config] topic.min.insync.replicas = 1 (DYNAMIC_TOPIC_CONFIG)
  [config] topic.retention.ms = 600000 (DYNAMIC_TOPIC_CONFIG)
  [group] 33 consumers in 1 groups (kc3-1x100k-1000k-g-t0 ... ), protocol classic
  [group] t=+0.1s waiting: kc3-1x100k-1000k-g-t0: local members 33/297 hold 0/100000 partitions (group-wide PreparingRebalance members=2 assigned=0)
  [group] t=+2.1s waiting: kc3-1x100k-1000k-g-t0: local members 33/297 hold 0/100000 partitions (group-wide PreparingRebalance members=297 assigned=0)
  [group] t=+4.1s waiting: kc3-1x100k-1000k-g-t0: local members 33/297 hold 0/100000 partitions (group-wide PreparingRebalance members=297 assigned=0)
  [group] t=+6.4s waiting: kc3-1x100k-1000k-g-t0: local members 33/297 hold 11118/100000 partitions (group-wide Stable members=297 assigned=100000)
  [group] t=+8.5s waiting: kc3-1x100k-1000k-g-t0: local members 33/297 hold 11118/100000 partitions (group-wide Stable members=297 assigned=100000)
  [group] STABLE after 9.5s: 1 groups, 33 local members holding 11118 partitions, assignEv=33 revokeEv=0 lostEv=0
  [produce] 4 clients connected to every broker with producer IDs in 0.01s; max buffered 501024 records per client
READY 1790894733826
[start] waiting 9.367s for the common start 1790894749028
[start] GO 22:45:49.028 (unix ms 1790894749028)
[22:45:59] offered=    55559/s achieved=    54909/s shed=        0/s inflight=    66 | p50=  18.82 p99=   79.36 p999=  259.07 ms | push=549100 pop=543300 lag=5800 | errs push=0 pop=0 empty=0 gor=740 | ack=    50909/s ackErr=0 ackAvg=54.57ms | e2e p50=20.86 p99=120.32 p999=280.58 n=543300 | e2e_local p50=20.86 p99=122.37 n=180700
[22:46:09] offered=   111114/s achieved=   111214/s shed=        0/s inflight=    56 | p50=  51.97 p99=  111.10 p999=  272.38 ms | push=1661300 pop=1652000 lag=9300 | errs push=0 pop=0 empty=0 gor=724 | ack=   106474/s ackErr=0 ackAvg=283.56ms | e2e p50=112.13 p99=276.48 p999=366.59 n=1108700 | e2e_local p50=114.18 p99=284.67 n=368900
[22:46:19] offered=   111138/s achieved=   110938/s shed=        0/s inflight=    75 | p50=  48.38 p99=   90.62 p999=  111.10 ms | push=2770600 pop=2765945 lag=4655 | errs push=0 pop=0 empty=0 gor=752 | ack=   113098/s ackErr=0 ackAvg=357.20ms | e2e p50=102.91 p99=195.58 p999=220.16 n=1113945 | e2e_local p50=104.96 p99=193.54 n=370145
[22:46:29] offered=   111107/s achieved=   111077/s shed=        0/s inflight=    78 | p50=  54.53 p99=  110.08 p999=  134.14 ms | push=3881400 pop=3875200 lag=6200 | errs push=0 pop=0 empty=0 gor=729 | ack=   109675/s ackErr=0 ackAvg=404.20ms | e2e p50=121.34 p99=238.59 p999=276.48 n=1109255 | e2e_local p50=122.37 p99=244.74 n=370255
[22:46:39] offered=   111075/s achieved=   111265/s shed=        0/s inflight=    59 | p50=  59.65 p99=  116.22 p999=  140.29 ms | push=4994100 pop=4990982 lag=3118 | errs push=0 pop=0 empty=0 gor=738 | ack=   111867/s ackErr=0 ackAvg=438.16ms | e2e p50=132.10 p99=246.78 p999=288.77 n=1115782 | e2e_local p50=132.10 p99=246.78 n=372700
[22:46:49] offered=   111111/s achieved=   110641/s shed=        0/s inflight=   106 | p50=  55.55 p99=  104.96 p999=  124.42 ms | push=6100600 pop=6099500 lag=1100 | errs push=0 pop=0 empty=0 gor=749 | ack=   110691/s ackErr=0 ackAvg=459.20ms | e2e p50=125.44 p99=230.40 p999=254.98 n=1108518 | e2e_local p50=123.39 p99=230.40 n=368800
[22:46:59] offered=   111124/s achieved=   111354/s shed=        0/s inflight=    83 | p50=  56.58 p99=  119.30 p999=  144.38 ms | push=7214000 pop=7206400 lag=7600 | errs push=0 pop=0 empty=0 gor=705 | ack=   111064/s ackErr=0 ackAvg=475.19ms | e2e p50=126.46 p99=248.83 p999=276.48 n=1106900 | e2e_local p50=122.37 p99=244.74 n=370300
[info] steady window 60s (after the ramp, before the producers stopped): offered 111111/s pushed 111081/s popped 111051/s cpu 317.6% = 2.86 cores per 100k msg/s (produce+consume)
[info] 11118 warm-up messages (no "ts") received and not counted as load
[final] offered=72223 achieved=72223 shed=0 (msgs: offered=7222300 achieved=7222300 shed=0) pushErr=0 | pushed=7222300 popped=7215500 lag=6800 | popErr=0 empty=0 | overall p50=52.48 p99=110.08 p999=152.58 ms | acked=7206800 ackErr=0 ackLag=15500 ackAvg=475.73ms | e2e p50=115.20 p99=238.59 p999=309.25 ms
load_cpu=239.6%
