kload tag=1x200-t10-18k-p7 loader=7/9 mode=batch rate=2000 msg/s batch=10 batch-max=0 max-inflight=5000 ramp=10s duration=1m10s report=10s drain=1m0s GOMAXPROCS=16 GOGC=400 seed=1790873530449922396
  offered: 2000 msg/s = 200.0 units/s (avg 10.0 msgs/unit) across 5 pacer workers (40.00 units/s each)
  topics: 1 x 200 partitions (x1x200-t10-18k..x1x200-t10-18k), entities/topic=0 (explicit partition) | picker: topics=rr entities: rr over space=200 starting at 155
  payload: goload jsonEvent target 256 B, avg 289.4 B raw, ~319 B stamped ({"ts":µs,"src":7,...}), pool 64x10
  consumers: 22 here (ci 154..175 of 198), poll=1000 proc-us=0 ack=async ack-inflight=256 local-src=[6 7 8]
  kafka: brokers=10.114.0.2:9092,10.114.0.3:9092,10.114.0.4:9092 rf=3 min-isr=0 producers=4 linger=5ms compression=lz4 acks=all idempotent batch-max-bytes=1048576 | consumers: protocol=classic fetch-max-wait=500ms fetch-min-bytes=1 fetch-max-partition-bytes=1048576 session=45s | txn: x1x200-t10-18k-in -> 22 workers (GroupTransactSession, transactional.id per worker, txn-timeout 10s, concurrent-txn backoff 20ms, metadata-min-age 250ms, txn-size 10, linger 1s, read_committed) -> x1x200-t10-18k-out, 22 read_committed readers
  [topic] READY after 0.0s: 2 topics x 200 partitions, leaders + full ISR
  [config] broker.default.replication.factor = 3 (STATIC_BROKER_CONFIG)
  [config] topic.compression.type = producer (DEFAULT_CONFIG)
  [config] topic.flush.ms = 100 (DEFAULT_CONFIG)
  [config] topic.max.message.bytes = 16777216 (DEFAULT_CONFIG)
  [config] topic.message.timestamp.type = CreateTime (DEFAULT_CONFIG)
  [config] topic.retention.ms = 600000 (DYNAMIC_TOPIC_CONFIG)
  [config] topic.segment.bytes = 268435456 (DYNAMIC_TOPIC_CONFIG)
  [group] 22 txn workers (GroupTransactSession) in 1 groups (x1x200-t10-18k-in-g-t0 ... ), protocol classic
  [group] 22 consumers in 1 groups (x1x200-t10-18k-out-g-t0 ... ), protocol classic
  [group] t=+0.5s waiting: x1x200-t10-18k-in-g-t0: local members 22/198 hold 0/200 partitions (group-wide PreparingRebalance members=197 assigned=0)
  [group] t=+2.5s waiting: x1x200-t10-18k-in-g-t0: local members 22/198 hold 0/200 partitions (group-wide PreparingRebalance members=198 assigned=0)
  [group] t=+4.5s waiting: x1x200-t10-18k-in-g-t0: local members 22/198 hold 0/200 partitions (group-wide PreparingRebalance members=198 assigned=0)
  [group] t=+6.5s waiting: x1x200-t10-18k-in-g-t0: local members 22/198 hold 22/200 partitions (group-wide PreparingRebalance members=198 assigned=0)
  [group] t=+8.5s waiting: x1x200-t10-18k-in-g-t0: local members 22/198 hold 22/200 partitions (group-wide Stable members=198 assigned=200)
  [group] STABLE after 10.1s: 1 groups, 22 local members holding 22 partitions, assignEv=22 revokeEv=0 lostEv=0
  [group] t=+0.0s waiting: x1x200-t10-18k-out-g-t0: local members 22/198 hold 22/200 partitions (group-wide Stable members=198 assigned=200)
  [group] t=+2.0s waiting: x1x200-t10-18k-out-g-t0: local members 22/198 hold 22/200 partitions (group-wide Stable members=198 assigned=200)
  [group] STABLE after 3.0s: 1 groups, 22 local members holding 22 partitions, assignEv=22 revokeEv=0 lostEv=0
  [produce] 4 clients connected to every broker with producer IDs in 0.03s; max buffered 51024 records per client
READY 1790873296932
[start] waiting 9.274s for the common start 1790873333346
[start] GO 16:48:53.346 (unix ms 1790873333346)
[16:49:03] offered=     1000/s achieved=      996/s shed=        0/s inflight=     4 | p50=   8.51 p99=   65.28 p999=   95.74 ms | push=9960 pop=9630 lag=330 | errs push=0 pop=0 empty=0 gor=454 | ack=      961/s ackErr=0 ackAvg=2.49ms | e2e p50=197.63 p99=456.70 p999=522.24 n=9630 | e2e_local p50=199.68 p99=387.07 n=3300
[txn] 16:49:03 txn=      98/s msgs=      978/s avg= 10.00 msg/txn | commit p50=31.10 p99=162.82 p999=214.02 ms | aborts=0 errs=0 open=12 | in=      990/s | total txns=1000 msgs=9802 aborts=0 errs=0
[16:49:13] offered=     2000/s achieved=     1998/s shed=        0/s inflight=     5 | p50=   8.77 p99=   57.09 p999=   85.50 ms | push=29940 pop=29400 lag=540 | errs push=0 pop=0 empty=0 gor=445 | ack=     1979/s ackErr=0 ackAvg=2.85ms | e2e p50=142.34 p99=248.83 p999=309.25 n=19770 | e2e_local p50=140.29 p99=250.88 n=6600
[txn] 16:49:13 txn=     198/s msgs=     1980/s avg= 10.00 msg/txn | commit p50=44.29 p99=144.38 p999=187.39 ms | aborts=0 errs=0 open=8 | in=     1976/s | total txns=2980 msgs=29602 aborts=0 errs=0
[16:49:23] offered=     2000/s achieved=     2002/s shed=        0/s inflight=     4 | p50=   8.77 p99=   54.53 p999=   75.26 ms | push=49960 pop=49210 lag=750 | errs push=0 pop=0 empty=0 gor=445 | ack=     1981/s ackErr=0 ackAvg=2.91ms | e2e p50=142.34 p99=228.35 p999=264.19 n=19810 | e2e_local p50=142.34 p99=232.45 n=6590
[txn] 16:49:23 txn=     198/s msgs=     1977/s avg= 10.00 msg/txn | commit p50=44.80 p99=140.29 p999=164.86 ms | aborts=0 errs=0 open=12 | in=     1981/s | total txns=4957 msgs=49372 aborts=0 errs=0
[16:49:33] offered=     2000/s achieved=     2000/s shed=        0/s inflight=     2 | p50=   8.77 p99=   44.80 p999=   73.22 ms | push=69960 pop=68970 lag=990 | errs push=0 pop=0 empty=0 gor=438 | ack=     1976/s ackErr=0 ackAvg=2.96ms | e2e p50=140.29 p99=226.30 p999=261.12 n=19770 | e2e_local p50=140.29 p99=230.40 n=6600
[txn] 16:49:33 txn=     198/s msgs=     1980/s avg= 10.00 msg/txn | commit p50=41.73 p99=136.19 p999=166.91 ms | aborts=0 errs=0 open=9 | in=     1977/s | total txns=6937 msgs=69172 aborts=0 errs=0
[16:49:43] offered=     2000/s achieved=     1999/s shed=        0/s inflight=     5 | p50=   8.90 p99=   45.31 p999=   69.12 ms | push=89950 pop=88760 lag=1190 | errs push=0 pop=0 empty=0 gor=460 | ack=     1979/s ackErr=0 ackAvg=2.96ms | e2e p50=140.29 p99=252.93 p999=317.44 n=19780 | e2e_local p50=140.29 p99=268.29 n=6580
[txn] 16:49:43 txn=     198/s msgs=     1981/s avg= 10.00 msg/txn | commit p50=42.75 p99=142.34 p999=181.25 ms | aborts=0 errs=0 open=12 | in=     1984/s | total txns=8918 msgs=88982 aborts=0 errs=0
[16:49:53] offered=     2000/s achieved=     2001/s shed=        0/s inflight=     4 | p50=   8.77 p99=   47.36 p999=   64.26 ms | push=109960 pop=108590 lag=1370 | errs push=0 pop=0 empty=0 gor=451 | ack=     1983/s ackErr=0 ackAvg=2.96ms | e2e p50=140.29 p99=218.11 p999=250.88 n=19830 | e2e_local p50=140.29 p99=209.92 n=6630
[txn] 16:49:53 txn=     198/s msgs=     1980/s avg= 10.00 msg/txn | commit p50=42.75 p99=134.14 p999=156.67 ms | aborts=0 errs=0 open=11 | in=     1979/s | total txns=10898 msgs=108782 aborts=0 errs=0
[16:50:03] offered=     2000/s achieved=     2002/s shed=        0/s inflight=     2 | p50=   8.77 p99=   45.31 p999=   56.58 ms | push=129980 pop=128440 lag=1540 | errs push=0 pop=0 empty=0 gor=435 | ack=     1985/s ackErr=0 ackAvg=2.98ms | e2e p50=140.29 p99=226.30 p999=264.19 n=19850 | e2e_local p50=142.34 p99=230.40 n=6600
[txn] 16:50:03 txn=     199/s msgs=     1985/s avg= 10.00 msg/txn | commit p50=43.78 p99=136.19 p999=160.77 ms | aborts=0 errs=0 open=9 | in=     1982/s | total txns=12883 msgs=128632 aborts=0 errs=0
[drain] workers and readers keep going for up to 59.989s (ends early after 3s idle; lag now 1530)
[drain] idle for 3s after 3.5s: ending the drain (lag 1300)
[info] txn workers began 12892 transactions
[info] steady window 60s (after the ramp, before the producers stopped): offered 2000/s pushed 2000/s popped 1980/s cpu 38.8% = 19.38 cores per 100k msg/s (produce+consume)
[info] 44 warm-up messages (no "ts") received and not counted as load
[final] offered=13000 achieved=13000 shed=0 (msgs: offered=130000 achieved=130000 shed=0) pushErr=0 | pushed=130000 popped=128700 lag=1300 | popErr=0 empty=0 | overall p50=8.77 p99=50.94 p999=74.24 ms | acked=128700 ackErr=0 ackLag=1300 ackAvg=2.98ms | e2e p50=142.34 p99=309.25 p999=522.24 ms
load_cpu=21.9%
[txn-final] txns=12892 msgs=128722 aborts=0 errs=0 in=128722 avg=9.98 msg/txn | commit p50=42.75 p99=144.38 p999=333.82 max=2441.22 ms
[ids] ledger /root/bench/runs/txn/redpanda/1x200-t10-18k/ids/p7.ids: 130000 confirmed, 0 failed, 0 unanswered
