qload tag=1x200-t10-144k-p5 loader=5/9 mode=batch rate=16000 msg/s batch=10 batch-max=0 max-inflight=5000 ramp=10s duration=1m10s report=10s drain=1m0s GOMAXPROCS=16 GOGC=400 seed=1790882159517091367
  offered: 16000 msg/s = 1600.0 units/s (avg 10.0 msgs/unit) across 33 pacer workers (48.48 units/s each)
  topics: 1 x 200 partitions (x1x200-t10-144k..x1x200-t10-144k), entities/topic=0 (explicit partition) | picker: topics=rr entities: rr over space=200 starting at 111
  payload: goload jsonEvent target 256 B, avg 289.4 B raw, ~319 B stamped ({"ts":µs,"src":5,...}), pool 64x10
  consumers: 22 here (ci 110..131 of 198), poll=1000 proc-us=0 ack=async ack-inflight=256 local-src=[3 4 5]
  queen: url=http://10.114.0.4:6632 (of 3) conns=2048 timeout=30s pop-width=10 pop-batch=1000 pop-timeout=2s lease=10s | configure: leaseTime=30 completedRetention=3600 dedup=0 retryLimit=1000000 | txn: x1x200-t10-144k-in -> workers (txn-size 10, linger 1s, one /transaction = acks with leases + pushes) -> x1x200-t10-144k-out, 22 read-committed readers
  [queen] http://10.114.0.4:6632 healthy: version 2.0.0-beta.2, this node follower
  [txn] 22 workers (ci 110..131 of 198): x1x200-t10-144k-in -> x1x200-t10-144k-out, txn-size 10, linger 1s, pop width 10, lease 10s
  [consume] 22 consumers of x1x200-t10-144k-out: pop width 10, batch 1000, long poll 2s, lease 10s, async batch acks (ack-inflight 256)
READY 1790881870283
[start] waiting 9.326s for the common start 1790881882918
[start] GO 19:11:22.918 (unix ms 1790881882918)
[19:11:32] offered=     7994/s achieved=     7985/s shed=        0/s inflight=     7 | p50=   7.65 p99=   17.02 p999=   20.10 ms | push=79850 pop=63180 lag=16670 | errs push=0 pop=0 empty=154 gor=265 | ack=     6298/s ackErr=0 ackAvg=9.80ms | e2e p50=38.66 p99=897.02 p999=962.56 n=63180 | e2e_local p50=41.22 p99=897.02 n=21290
[txn] 19:11:32 txn=     644/s msgs=     6437/s avg= 10.00 msg/txn | commit p50=9.28 p99=19.84 p999=21.63 ms | aborts=0 errs=0 open=22 | in=     6459/s | total txns=6437 msgs=64370 aborts=0 errs=0
[19:11:42] offered=    16002/s achieved=    15988/s shed=        0/s inflight=    23 | p50=  10.18 p99=   18.56 p999=   20.86 ms | push=239740 pop=147100 lag=92640 | errs push=0 pop=0 empty=154 gor=283 | ack=     8398/s ackErr=0 ackAvg=12.32ms | e2e p50=3194.88 p99=5668.86 p999=5799.94 n=83920 | e2e_local p50=3162.11 p99=5668.86 n=27480
[txn] 19:11:42 txn=     816/s msgs=     8157/s avg= 10.00 msg/txn | commit p50=13.76 p99=22.91 p999=25.98 ms | aborts=0 errs=0 open=4 | in=     8139/s | total txns=14595 msgs=145950 aborts=0 errs=0
[19:11:52] offered=    16003/s achieved=    16005/s shed=        0/s inflight=    21 | p50=  10.43 p99=   19.07 p999=   21.63 ms | push=399790 pop=227860 lag=171930 | errs push=0 pop=0 empty=154 gor=282 | ack=     8079/s ackErr=0 ackAvg=13.06ms | e2e p50=8159.23 p99=10813.44 p999=10813.44 n=80760 | e2e_local p50=8290.30 p99=10813.44 n=26760
[txn] 19:11:52 txn=     788/s msgs=     7885/s avg= 10.00 msg/txn | commit p50=14.02 p99=24.19 p999=61.18 ms | aborts=0 errs=0 open=11 | in=     7892/s | total txns=22480 msgs=224800 aborts=0 errs=0
[19:12:02] offered=    16002/s achieved=    15994/s shed=        0/s inflight=    29 | p50=  10.82 p99=   20.35 p999=   23.68 ms | push=559720 pop=301860 lag=257860 | errs push=0 pop=0 empty=154 gor=295 | ack=     7399/s ackErr=0 ackAvg=13.57ms | e2e p50=13303.81 p99=16056.32 p999=16056.32 n=74000 | e2e_local p50=13303.81 p99=16056.32 n=24860
[txn] 19:12:02 txn=     757/s msgs=     7568/s avg= 10.00 msg/txn | commit p50=14.66 p99=25.73 p999=30.59 ms | aborts=0 errs=0 open=16 | in=     7573/s | total txns=30048 msgs=300480 aborts=0 errs=0
[19:12:12] offered=    15995/s achieved=    16007/s shed=        0/s inflight=    20 | p50=  11.20 p99=   21.38 p999=   29.31 ms | push=719790 pop=373980 lag=345810 | errs push=0 pop=0 empty=154 gor=308 | ack=     7223/s ackErr=0 ackAvg=13.99ms | e2e p50=18743.30 p99=21626.88 p999=21626.88 n=72120 | e2e_local p50=18743.30 p99=21626.88 n=23710
[txn] 19:12:12 txn=     724/s msgs=     7238/s avg= 10.00 msg/txn | commit p50=15.55 p99=27.01 p999=33.54 ms | aborts=0 errs=0 open=7 | in=     7229/s | total txns=37286 msgs=372860 aborts=0 errs=0
[19:12:22] offered=    16000/s achieved=    15991/s shed=        0/s inflight=    26 | p50=  11.07 p99=   20.10 p999=   25.73 ms | push=879710 pop=448580 lag=431130 | errs push=0 pop=0 empty=154 gor=318 | ack=     7440/s ackErr=0 ackAvg=14.20ms | e2e p50=24248.32 p99=26869.76 p999=26869.76 n=74600 | e2e_local p50=24248.32 p99=26869.76 n=25200
[txn] 19:12:22 txn=     737/s msgs=     7368/s avg= 10.00 msg/txn | commit p50=15.30 p99=25.98 p999=34.56 ms | aborts=0 errs=0 open=9 | in=     7370/s | total txns=44654 msgs=446540 aborts=0 errs=0
[19:12:32] offered=    15998/s achieved=    16016/s shed=        0/s inflight=     8 | p50=  10.82 p99=   20.10 p999=   23.17 ms | push=1039870 pop=524800 lag=515070 | errs push=0 pop=0 empty=154 gor=264 | ack=     7641/s ackErr=0 ackAvg=14.31ms | e2e p50=29229.06 p99=32112.64 p999=32112.64 n=76220 | e2e_local p50=29229.06 p99=32112.64 n=25350
[txn] 19:12:32 txn=     768/s msgs=     7676/s avg= 10.00 msg/txn | commit p50=14.40 p99=26.50 p999=33.54 ms | aborts=0 errs=0 open=10 | in=     7677/s | total txns=52330 msgs=523300 aborts=0 errs=0
[drain] workers and readers keep going for up to 59.988s (ends early after 3s idle; lag now 515090)
[19:12:42] offered=        0/s achieved=        8/s shed=        0/s inflight=     0 | p50=  12.10 p99=   15.81 p999=   15.81 ms | push=1039950 pop=651450 lag=388500 | errs push=0 pop=0 empty=154 gor=256 | ack=    12666/s ackErr=0 ackAvg=13.30ms | e2e p50=32899.07 p99=34340.86 p999=34340.86 n=126650 | e2e_local p50=32899.07 p99=34340.86 n=42480
[txn] 19:12:42 txn=    1241/s msgs=    12414/s avg= 10.00 msg/txn | commit p50=8.26 p99=14.66 p999=195.58 ms | aborts=0 errs=0 open=5 | in=    12407/s | total txns=64743 msgs=647430 aborts=0 errs=0
[19:12:52] offered=        0/s achieved=        0/s shed=        0/s inflight=     0 | p50=   0.00 p99=    0.00 p999=    0.00 ms | push=1039950 pop=776800 lag=263150 | errs push=0 pop=0 empty=154 gor=258 | ack=    12516/s ackErr=0 ackAvg=12.64ms | e2e p50=34865.15 p99=36438.02 p999=36438.02 n=125350 | e2e_local p50=34865.15 p99=36438.02 n=42800
[txn] 19:12:52 txn=    1244/s msgs=    12444/s avg= 10.00 msg/txn | commit p50=8.26 p99=15.94 p999=211.97 ms | aborts=0 errs=0 open=13 | in=    12454/s | total txns=77187 msgs=771870 aborts=0 errs=0
[19:13:02] offered=        0/s achieved=        0/s shed=        0/s inflight=     0 | p50=   0.00 p99=    0.00 p999=    0.00 ms | push=1039950 pop=903660 lag=136290 | errs push=0 pop=0 empty=154 gor=257 | ack=    12702/s ackErr=0 ackAvg=12.19ms | e2e p50=36962.30 p99=38535.17 p999=38535.17 n=126860 | e2e_local p50=36962.30 p99=38535.17 n=42530
[txn] 19:13:02 txn=    1246/s msgs=    12455/s avg= 10.00 msg/txn | commit p50=8.16 p99=14.53 p999=150.53 ms | aborts=0 errs=0 open=11 | in=    12453/s | total txns=89643 msgs=896430 aborts=0 errs=0
[19:13:12] offered=        0/s achieved=        0/s shed=        0/s inflight=     0 | p50=   0.00 p99=    0.00 p999=    0.00 ms | push=1039950 pop=1024710 lag=15240 | errs push=0 pop=0 empty=154 gor=256 | ack=    12103/s ackErr=0 ackAvg=11.87ms | e2e p50=39583.74 p99=40632.32 p999=41156.61 n=121050 | e2e_local p50=39583.74 p99=40632.32 n=40650
[txn] 19:13:12 txn=    1237/s msgs=    12369/s avg= 10.00 msg/txn | commit p50=8.16 p99=15.94 p999=209.92 ms | aborts=0 errs=0 open=12 | in=    12370/s | total txns=102011 msgs=1020110 aborts=0 errs=0
[drain] idle for 3s after 44.0s: ending the drain (lag 4640)
[info] steady window 60s (after the ramp, before the producers stopped): offered 16000/s pushed 16000/s popped 7694/s cpu 91.4% = 5.71 cores per 100k msg/s (produce+consume)
[final] offered=103995 achieved=103995 shed=0 (msgs: offered=1039950 achieved=1039950 shed=0) pushErr=0 | pushed=1039950 popped=1035310 lag=4640 | popErr=0 empty=198 | overall p50=10.56 p99=19.84 p999=23.68 ms | acked=1035310 ackErr=0 ackLag=4640 ackAvg=11.84ms | e2e p50=31588.35 p99=40632.32 p999=41156.61 ms
load_cpu=74.8%
[txn-final] txns=103037 msgs=1030370 aborts=0 errs=0 in=1030370 avg=10.00 msg/txn | commit p50=10.30 p99=24.19 p999=140.29 max=252.93 ms
[ids] ledger /root/bench/runs/txn/queen/1x200-t10-144k/ids/p5.ids: 1039950 confirmed, 0 failed, 0 unanswered
