kload tag=1x50000-1000k-p1 loader=1/9 mode=batch rate=111111 msg/s batch=100 batch-max=0 max-inflight=5000 ramp=10s duration=1m10s report=10s drain=0s GOMAXPROCS=16 GOGC=400 seed=1790754882258463355
  offered: 111111 msg/s = 1111.1 units/s (avg 100.0 msgs/unit) across 23 pacer workers (48.31 units/s each)
  topics: 1 x 50000 partitions (k1x50000-1000k..k1x50000-1000k), entities/topic=0 (explicit partition) | picker: topics=rr entities: rr over space=50000 starting at 5555
  payload: goload jsonEvent target 256 B, avg 289.6 B raw, ~320 B stamped ({"ts":µs,"src":1,...}), pool 64x100
  consumers: 33 here (ci 33..65 of 297), poll=1000 proc-us=0 ack=async ack-inflight=256 local-src=[0 1 2]
  kafka: brokers=10.114.0.2:9092,10.114.0.3:9092,10.114.0.4:9092 rf=3 min-isr=2 producers=4 linger=5ms compression=lz4 acks=all idempotent batch-max-bytes=1048576 | consumers: protocol=consumer fetch-max-wait=500ms fetch-min-bytes=1 fetch-max-partition-bytes=1048576 session=45s
  [topic] READY after 0.1s: 1 topics x 50000 partitions, leaders + full ISR
  [config] broker.compression.type = producer (STATIC_BROKER_CONFIG)
  [config] broker.default.replication.factor = 3 (STATIC_BROKER_CONFIG)
  [config] broker.group.consumer.assignors = uniform,range (DEFAULT_CONFIG)
  [config] broker.group.coordinator.rebalance.protocols = classic,consumer,streams (DEFAULT_CONFIG)
  [config] broker.group.initial.rebalance.delay.ms = 3000 (DEFAULT_CONFIG)
  [config] broker.log.flush.interval.messages = 9223372036854775807 (DEFAULT_CONFIG)
  [config] broker.log.flush.interval.ms = <nil> (DEFAULT_CONFIG)
  [config] broker.max.incremental.fetch.session.cache.slots = 4000 (STATIC_BROKER_CONFIG)
  [config] broker.min.insync.replicas = 2 (DYNAMIC_DEFAULT_BROKER_CONFIG)
  [config] broker.num.io.threads = 16 (STATIC_BROKER_CONFIG)
  [config] broker.num.network.threads = 8 (STATIC_BROKER_CONFIG)
  [config] broker.num.replica.fetchers = 4 (STATIC_BROKER_CONFIG)
  [config] topic.compression.type = producer (STATIC_BROKER_CONFIG)
  [config] topic.flush.messages = 9223372036854775807 (DEFAULT_CONFIG)
  [config] topic.flush.ms = 9223372036854775807 (DEFAULT_CONFIG)
  [config] topic.max.message.bytes = 1048588 (DEFAULT_CONFIG)
  [config] topic.message.timestamp.type = CreateTime (DEFAULT_CONFIG)
  [config] topic.min.insync.replicas = 2 (DYNAMIC_TOPIC_CONFIG)
  [config] topic.retention.ms = 600000 (DYNAMIC_TOPIC_CONFIG)
  [config] topic.segment.bytes = 268435456 (DYNAMIC_TOPIC_CONFIG)
  [config] topic.unclean.leader.election.enable = false (STATIC_BROKER_CONFIG)
  [group] 33 consumers in 1 groups (k1x50000-1000k-g-t0 ... ), protocol consumer
  [group] t=+0.0s waiting: k1x50000-1000k-g-t0: local members 33/297 hold 0/50000 partitions (group-wide ? members=0 assigned=0)
  [group] t=+2.1s waiting: k1x50000-1000k-g-t0: local members 33/297 hold 50000/50000 partitions (group-wide Assigning members=297 assigned=50000)
  [group] t=+4.1s waiting: k1x50000-1000k-g-t0: local members 33/297 hold 50000/50000 partitions (group-wide Assigning members=297 assigned=50000)
  [group] t=+6.1s waiting: k1x50000-1000k-g-t0: local members 33/297 hold 50000/50000 partitions (group-wide Assigning members=297 assigned=50000)
  [group] t=+8.2s waiting: k1x50000-1000k-g-t0: local members 33/297 hold 169/50000 partitions (group-wide Reconciling members=297 assigned=169)
  [group] t=+10.2s waiting: k1x50000-1000k-g-t0: local members 33/297 hold 169/50000 partitions (group-wide Reconciling members=297 assigned=169)
  [group] t=+12.4s waiting: k1x50000-1000k-g-t0: local members 33/297 hold 5557/50000 partitions (group-wide Stable members=297 assigned=50000)
  [group] t=+14.4s waiting: k1x50000-1000k-g-t0: local members 33/297 hold 5557/50000 partitions (group-wide Stable members=297 assigned=50000)
  [group] STABLE after 15.4s: 1 groups, 33 local members holding 5557 partitions, assignEv=66 revokeEv=1 lostEv=0
  [produce] 4 clients connected to every broker with producer IDs in 0.01s; max buffered 501024 records per client
READY 1790754905751
[start] waiting 8.878s for the common start 1790754921458
[start] GO 07:55:21.458 (unix ms 1790754921458)
[07:55:31] offered=    55545/s achieved=    51695/s shed=        0/s inflight=   388 | p50= 292.86 p99=  468.99 p999=  544.77 ms | push=516900 pop=523100 lag=-6200 | errs push=0 pop=0 empty=0 gor=777 | ack=    39784/s ackErr=0 ackAvg=1329.40ms | e2e p50=309.25 p99=518.14 p999=569.34 n=523100 | e2e_local p50=333.82 p99=514.05 n=134100
[07:55:41] offered=   111109/s achieved=   108149/s shed=        0/s inflight=   682 | p50= 872.45 p99= 2572.29 p999= 2768.90 ms | push=1598500 pop=1570476 lag=28024 | errs push=0 pop=0 empty=0 gor=759 | ack=   104290/s ackErr=0 ackAvg=1471.37ms | e2e p50=1171.46 p99=3948.54 p999=4112.38 n=1047376 | e2e_local p50=1204.22 p99=3948.54 n=435876
[07:55:51] offered=   111106/s achieved=   110626/s shed=        0/s inflight=   730 | p50= 432.13 p99= 1171.46 p999= 1564.67 ms | push=2704700 pop=2703100 lag=1600 | errs push=0 pop=0 empty=0 gor=769 | ack=   115417/s ackErr=0 ackAvg=1337.21ms | e2e p50=518.14 p99=1400.83 p999=1728.51 n=1132624 | e2e_local p50=518.14 p99=1400.83 n=403624
[07:56:01] offered=   111137/s achieved=   112797/s shed=        0/s inflight=   565 | p50= 460.80 p99= 1449.98 p999= 1810.43 ms | push=3832700 pop=3823500 lag=9200 | errs push=0 pop=0 empty=0 gor=774 | ack=   110447/s ackErr=0 ackAvg=1286.04ms | e2e p50=610.30 p99=1433.60 p999=1728.51 n=1120400 | e2e_local p50=585.73 p99=1253.38 n=322400
[07:56:11] offered=   111116/s achieved=   108386/s shed=        0/s inflight=   836 | p50= 509.95 p99= 1269.76 p999= 1662.98 ms | push=4916600 pop=4873600 lag=43000 | errs push=0 pop=0 empty=0 gor=759 | ack=   105452/s ackErr=0 ackAvg=1285.19ms | e2e p50=593.92 p99=1400.83 p999=1581.06 n=1050100 | e2e_local p50=626.69 p99=1499.14 n=323000
[07:56:21] offered=   111100/s achieved=   112011/s shed=        0/s inflight=   740 | p50= 593.92 p99= 1400.83 p999= 1613.82 ms | push=6036600 pop=6035900 lag=700 | errs push=0 pop=0 empty=0 gor=785 | ack=   111115/s ackErr=0 ackAvg=1328.54ms | e2e p50=987.14 p99=2244.61 p999=2342.91 n=1162300 | e2e_local p50=987.14 p99=2244.61 n=374100
[07:56:31] offered=   111123/s achieved=   111743/s shed=        0/s inflight=   683 | p50= 577.54 p99= 1499.14 p999= 1679.36 ms | push=7154100 pop=7135400 lag=18700 | errs push=0 pop=0 empty=0 gor=741 | ack=   114193/s ackErr=0 ackAvg=1333.30ms | e2e p50=733.18 p99=1433.60 p999=1581.06 n=1099500 | e2e_local p50=733.18 p99=1482.75 n=453300
[info] steady window 60s (after the ramp, before the producers stopped): offered 111115/s pushed 110619/s popped 110204/s cpu 78.8% = 0.71 cores per 100k msg/s (produce+consume)
[info] 50000 warm-up messages (no "ts") received and not counted as load
[final] offered=72224 achieved=72224 shed=0 (msgs: offered=7222400 achieved=7222400 shed=0) pushErr=0 | pushed=7222400 popped=7215500 lag=6900 | popErr=0 empty=0 | overall p50=509.95 p99=2113.54 p999=2637.82 ms | acked=7212400 ackErr=0 ackLag=10000 ackAvg=1355.07ms | e2e p50=659.46 p99=3227.65 p999=3981.31 ms
load_cpu=63.9%
