kload tag=1x200-t10-36k-p0 loader=0/9 mode=batch rate=4000 msg/s batch=10 batch-max=0 max-inflight=5000 ramp=10s duration=1m10s report=10s drain=1m0s GOMAXPROCS=16 GOGC=400 seed=1790873921946375179
  offered: 4000 msg/s = 400.0 units/s (avg 10.0 msgs/unit) across 9 pacer workers (44.44 units/s each)
  topics: 1 x 200 partitions (x1x200-t10-36k..x1x200-t10-36k), entities/topic=0 (explicit partition) | picker: topics=rr entities: rr over space=200 starting at 0
  payload: goload jsonEvent target 256 B, avg 289.3 B raw, ~319 B stamped ({"ts":µs,"src":0,...}), pool 64x10
  consumers: 22 here (ci 0..21 of 198), poll=1000 proc-us=0 ack=async ack-inflight=256 local-src=[0 1 2]
  kafka: brokers=10.114.0.2:9092,10.114.0.3:9092,10.114.0.4:9092 rf=3 min-isr=0 producers=4 linger=5ms compression=lz4 acks=all idempotent batch-max-bytes=1048576 | consumers: protocol=classic fetch-max-wait=500ms fetch-min-bytes=1 fetch-max-partition-bytes=1048576 session=45s | txn: x1x200-t10-36k-in -> 22 workers (GroupTransactSession, transactional.id per worker, txn-timeout 10s, concurrent-txn backoff 20ms, metadata-min-age 250ms, txn-size 10, linger 1s, read_committed) -> x1x200-t10-36k-out, 22 read_committed readers
  [topic] READY after 0.0s: 2 topics x 200 partitions, leaders + full ISR
  [config] broker.default.replication.factor = 3 (STATIC_BROKER_CONFIG)
  [config] topic.compression.type = producer (DEFAULT_CONFIG)
  [config] topic.flush.ms = 100 (DEFAULT_CONFIG)
  [config] topic.max.message.bytes = 16777216 (DEFAULT_CONFIG)
  [config] topic.message.timestamp.type = CreateTime (DEFAULT_CONFIG)
  [config] topic.retention.ms = 600000 (DYNAMIC_TOPIC_CONFIG)
  [config] topic.segment.bytes = 268435456 (DYNAMIC_TOPIC_CONFIG)
  [group] 22 txn workers (GroupTransactSession) in 1 groups (x1x200-t10-36k-in-g-t0 ... ), protocol classic
  [group] 22 consumers in 1 groups (x1x200-t10-36k-out-g-t0 ... ), protocol classic
  [group] t=+0.5s waiting: x1x200-t10-36k-in-g-t0: local members 22/198 hold 0/200 partitions (group-wide PreparingRebalance members=163 assigned=0)
  [group] t=+2.5s waiting: x1x200-t10-36k-in-g-t0: local members 22/198 hold 0/200 partitions (group-wide PreparingRebalance members=198 assigned=0)
  [group] t=+4.5s waiting: x1x200-t10-36k-in-g-t0: local members 22/198 hold 0/200 partitions (group-wide PreparingRebalance members=198 assigned=0)
  [group] t=+6.5s waiting: x1x200-t10-36k-in-g-t0: local members 22/198 hold 22/200 partitions (group-wide PreparingRebalance members=198 assigned=0)
  [group] t=+8.5s waiting: x1x200-t10-36k-in-g-t0: local members 22/198 hold 22/200 partitions (group-wide Stable members=198 assigned=200)
  [group] STABLE after 10.1s: 1 groups, 22 local members holding 22 partitions, assignEv=22 revokeEv=0 lostEv=0
  [group] t=+0.0s waiting: x1x200-t10-36k-out-g-t0: local members 22/198 hold 22/200 partitions (group-wide Stable members=198 assigned=200)
  [group] t=+2.0s waiting: x1x200-t10-36k-out-g-t0: local members 22/198 hold 22/200 partitions (group-wide Stable members=198 assigned=200)
  [group] STABLE after 3.0s: 1 groups, 22 local members holding 22 partitions, assignEv=22 revokeEv=0 lostEv=0
  [produce] 4 clients connected to every broker with producer IDs in 0.01s; max buffered 51024 records per client
READY 1790873576941
[start] waiting 9.231s for the common start 1790873649117
[start] GO 16:54:09.117 (unix ms 1790873649117)
[16:54:19] offered=     1999/s achieved=     1996/s shed=        0/s inflight=     3 | p50=   8.77 p99=   88.58 p999=  103.94 ms | push=19960 pop=10510 lag=9450 | errs push=0 pop=0 empty=0 gor=471 | ack=     1049/s ackErr=0 ackAvg=33.68ms | e2e p50=864.26 p99=2965.50 p999=3260.42 n=10510 | e2e_local p50=864.26 p99=3096.58 n=3540
[txn] 16:54:19 txn=     107/s msgs=     1065/s avg= 10.00 msg/txn | commit p50=156.67 p99=337.92 p999=378.88 ms | aborts=0 errs=0 open=22 | in=     1087/s | total txns=1087 msgs=10672 aborts=0 errs=0
[16:54:29] offered=     4004/s achieved=     4001/s shed=        0/s inflight=     6 | p50=   9.02 p99=   64.77 p999=  102.91 ms | push=59970 pop=25500 lag=34470 | errs push=0 pop=0 empty=0 gor=475 | ack=     1493/s ackErr=0 ackAvg=31.71ms | e2e p50=5013.50 p99=8978.43 p999=9502.72 n=14990 | e2e_local p50=4947.97 p99=8978.43 n=4930
[txn] 16:54:29 txn=     149/s msgs=     1491/s avg= 10.00 msg/txn | commit p50=144.38 p99=288.77 p999=321.54 ms | aborts=0 errs=0 open=22 | in=     1491/s | total txns=2578 msgs=25582 aborts=0 errs=0
[16:54:39] offered=     3996/s achieved=     4002/s shed=        0/s inflight=     1 | p50=   9.02 p99=   60.67 p999=   99.84 ms | push=99990 pop=40340 lag=59650 | errs push=0 pop=0 empty=0 gor=458 | ack=     1491/s ackErr=0 ackAvg=31.28ms | e2e p50=11862.02 p99=15794.18 p999=16318.46 n=14840 | e2e_local p50=11862.02 p99=15794.18 n=4980
[txn] 16:54:39 txn=     149/s msgs=     1489/s avg= 10.00 msg/txn | commit p50=142.34 p99=280.58 p999=342.02 ms | aborts=0 errs=0 open=22 | in=     1489/s | total txns=4067 msgs=40472 aborts=0 errs=0
[16:54:49] offered=     4005/s achieved=     3997/s shed=        0/s inflight=     8 | p50=   9.02 p99=   67.07 p999=  109.06 ms | push=139960 pop=56100 lag=83860 | errs push=0 pop=0 empty=0 gor=485 | ack=     1574/s ackErr=0 ackAvg=30.65ms | e2e p50=17432.58 p99=22151.17 p999=22937.60 n=15760 | e2e_local p50=17432.58 p99=22151.17 n=5210
[txn] 16:54:49 txn=     158/s msgs=     1579/s avg= 10.00 msg/txn | commit p50=130.56 p99=272.38 p999=325.63 ms | aborts=0 errs=0 open=22 | in=     1579/s | total txns=5646 msgs=56262 aborts=0 errs=0
[16:54:59] offered=     3996/s achieved=     3997/s shed=        0/s inflight=     7 | p50=   9.02 p99=   59.14 p999=  124.42 ms | push=179930 pop=70840 lag=109090 | errs push=0 pop=0 empty=0 gor=476 | ack=     1471/s ackErr=0 ackAvg=30.85ms | e2e p50=23724.03 p99=28966.91 p999=29753.34 n=14740 | e2e_local p50=23724.03 p99=28966.91 n=4940
[txn] 16:54:59 txn=     147/s msgs=     1467/s avg= 10.00 msg/txn | commit p50=146.43 p99=292.86 p999=337.92 ms | aborts=0 errs=0 open=22 | in=     1467/s | total txns=7113 msgs=70932 aborts=0 errs=0
[16:55:09] offered=     4004/s achieved=     4004/s shed=        0/s inflight=     8 | p50=   8.90 p99=   75.26 p999=  146.43 ms | push=219970 pop=85230 lag=134740 | errs push=0 pop=0 empty=0 gor=479 | ack=     1441/s ackErr=0 ackAvg=31.04ms | e2e p50=30015.49 p99=35913.73 p999=36962.30 n=14390 | e2e_local p50=30015.49 p99=35913.73 n=4800
[txn] 16:55:09 txn=     144/s msgs=     1442/s avg= 10.00 msg/txn | commit p50=144.38 p99=321.54 p999=374.78 ms | aborts=0 errs=0 open=22 | in=     1442/s | total txns=8555 msgs=85352 aborts=0 errs=0
[16:55:19] offered=     3997/s achieved=     4001/s shed=        0/s inflight=     3 | p50=   9.02 p99=   52.48 p999=   74.24 ms | push=259980 pop=102470 lag=157510 | errs push=0 pop=0 empty=0 gor=456 | ack=     1724/s ackErr=0 ackAvg=30.08ms | e2e p50=35913.73 p99=42205.18 p999=43253.76 n=17240 | e2e_local p50=35913.73 p99=42205.18 n=5730
[txn] 16:55:19 txn=     172/s msgs=     1721/s avg= 10.00 msg/txn | commit p50=123.39 p99=242.69 p999=288.77 ms | aborts=0 errs=0 open=22 | in=     1721/s | total txns=10276 msgs=102562 aborts=0 errs=0
[drain] workers and readers keep going for up to 59.957s (ends early after 3s idle; lag now 157500)
[16:55:29] offered=        0/s achieved=        3/s shed=        0/s inflight=     0 | p50=  51.46 p99=   54.02 p999=   54.02 ms | push=260010 pop=117970 lag=142040 | errs push=0 pop=0 empty=0 gor=431 | ack=     1553/s ackErr=0 ackAvg=29.78ms | e2e p50=41680.90 p99=49020.93 p999=49545.22 n=15500 | e2e_local p50=41680.90 p99=49020.93 n=5250
[txn] 16:55:29 txn=     155/s msgs=     1548/s avg= 10.00 msg/txn | commit p50=134.14 p99=257.02 p999=309.25 ms | aborts=0 errs=0 open=22 | in=     1548/s | total txns=11824 msgs=118042 aborts=0 errs=0
[16:55:39] offered=        0/s achieved=        0/s shed=        0/s inflight=     0 | p50=   0.00 p99=    0.00 p999=    0.00 ms | push=260010 pop=131770 lag=128240 | errs push=0 pop=0 empty=0 gor=442 | ack=     1380/s ackErr=0 ackAvg=30.19ms | e2e p50=47972.35 p99=55836.67 p999=56360.96 n=13800 | e2e_local p50=47972.35 p99=56360.96 n=4560
[txn] 16:55:39 txn=     138/s msgs=     1382/s avg= 10.00 msg/txn | commit p50=148.48 p99=342.02 p999=403.46 ms | aborts=0 errs=0 open=22 | in=     1382/s | total txns=13206 msgs=131862 aborts=0 errs=0
[16:55:49] offered=        0/s achieved=        0/s shed=        0/s inflight=     0 | p50=   0.00 p99=    0.00 p999=    0.00 ms | push=260010 pop=145110 lag=114900 | errs push=0 pop=0 empty=0 gor=452 | ack=     1332/s ackErr=0 ackAvg=30.66ms | e2e p50=54788.10 p99=62652.42 p999=63700.99 n=13340 | e2e_local p50=54788.10 p99=62652.42 n=4450
[txn] 16:55:49 txn=     134/s msgs=     1336/s avg= 10.00 msg/txn | commit p50=164.86 p99=325.63 p999=358.40 ms | aborts=0 errs=0 open=22 | in=     1336/s | total txns=14542 msgs=145222 aborts=0 errs=0
[16:55:59] offered=        0/s achieved=        0/s shed=        0/s inflight=     0 | p50=   0.00 p99=    0.00 p999=    0.00 ms | push=260010 pop=157880 lag=102130 | errs push=0 pop=0 empty=0 gor=448 | ack=     1276/s ackErr=0 ackAvg=31.03ms | e2e p50=61079.55 p99=69730.30 p999=70778.88 n=12770 | e2e_local p50=61079.55 p99=69730.30 n=4200
[txn] 16:55:59 txn=     128/s msgs=     1280/s avg= 10.00 msg/txn | commit p50=166.91 p99=321.54 p999=374.78 ms | aborts=0 errs=0 open=22 | in=     1280/s | total txns=15822 msgs=158022 aborts=0 errs=0
[16:56:09] offered=        0/s achieved=        0/s shed=        0/s inflight=     0 | p50=   0.00 p99=    0.00 p999=    0.00 ms | push=260010 pop=170630 lag=89380 | errs push=0 pop=0 empty=0 gor=456 | ack=     1276/s ackErr=0 ackAvg=31.36ms | e2e p50=68681.73 p99=77070.34 p999=78118.91 n=12750 | e2e_local p50=68681.73 p99=78118.91 n=4310
[txn] 16:56:09 txn=     127/s msgs=     1272/s avg= 10.00 msg/txn | commit p50=166.91 p99=333.82 p999=415.74 ms | aborts=0 errs=0 open=22 | in=     1272/s | total txns=17094 msgs=170742 aborts=0 errs=0
[16:56:19] offered=        0/s achieved=        0/s shed=        0/s inflight=     0 | p50=   0.00 p99=    0.00 p999=    0.00 ms | push=260010 pop=182910 lag=77100 | errs push=0 pop=0 empty=0 gor=444 | ack=     1231/s ackErr=0 ackAvg=31.65ms | e2e p50=74973.18 p99=84410.37 p999=85458.94 n=12280 | e2e_local p50=74973.18 p99=85458.94 n=4110
[txn] 16:56:19 txn=     123/s msgs=     1228/s avg= 10.00 msg/txn | commit p50=177.15 p99=354.30 p999=423.94 ms | aborts=0 errs=0 open=22 | in=     1228/s | total txns=18322 msgs=183022 aborts=0 errs=0
[info] txn workers began 18345 transactions
[info] steady window 60s (after the ramp, before the producers stopped): offered 4000/s pushed 4000/s popped 1533/s cpu 33.4% = 8.35 cores per 100k msg/s (produce+consume)
[info] 44 warm-up messages (no "ts") received and not counted as load
[final] offered=26001 achieved=26001 shed=0 (msgs: offered=260010 achieved=260010 shed=0) pushErr=0 | pushed=260010 popped=183020 lag=76990 | popErr=0 empty=0 | overall p50=9.02 p99=66.05 p999=109.06 ms | acked=183020 ackErr=0 ackLag=76990 ackAvg=31.64ms | e2e p50=34865.15 p99=80216.06 p999=84410.37 ms
load_cpu=16.2%
[txn-final] txns=18345 msgs=183252 aborts=0 errs=0 in=183252 avg=9.99 msg/txn | commit p50=146.43 p99=317.44 p999=387.07 max=2310.14 ms
[ids] ledger /root/bench/runs/txn/redpanda/1x200-t10-36k/ids/p0.ids: 260010 confirmed, 0 failed, 0 unanswered
