kload tag=10x10000-1000k-p1 loader=1/9 mode=batch rate=111111 msg/s batch=100 batch-max=0 max-inflight=5000 ramp=10s duration=1m10s report=10s drain=0s GOMAXPROCS=16 GOGC=400 seed=1790856853783731581
  offered: 111111 msg/s = 1111.1 units/s (avg 100.0 msgs/unit) across 23 pacer workers (48.31 units/s each)
  topics: 10 x 10000 partitions (r10x10000-1000k-t0..r10x10000-1000k-t9), entities/topic=0 (explicit partition) | picker: topics=rr entities: rr over space=10000 starting at 1111
  payload: goload jsonEvent target 256 B, avg 289.5 B raw, ~319 B stamped ({"ts":µs,"src":1,...}), pool 64x100
  consumers: 33 here (ci 33..65 of 297), poll=1000 proc-us=0 ack=async ack-inflight=256 local-src=[0 1 2]
  kafka: brokers=10.114.0.2:9092,10.114.0.3:9092,10.114.0.4:9092 rf=3 min-isr=0 producers=4 linger=5ms compression=lz4 acks=all idempotent batch-max-bytes=1048576 | consumers: protocol=classic fetch-max-wait=500ms fetch-min-bytes=1 fetch-max-partition-bytes=1048576 session=45s
  [topic] READY after 0.2s: 10 topics x 10000 partitions, leaders + full ISR
  [config] broker.default.replication.factor = 3 (STATIC_BROKER_CONFIG)
  [config] topic.compression.type = producer (DEFAULT_CONFIG)
  [config] topic.flush.ms = 100 (DEFAULT_CONFIG)
  [config] topic.max.message.bytes = 16777216 (DEFAULT_CONFIG)
  [config] topic.message.timestamp.type = CreateTime (DEFAULT_CONFIG)
  [config] topic.retention.ms = 600000 (DYNAMIC_TOPIC_CONFIG)
  [config] topic.segment.bytes = 268435456 (DYNAMIC_TOPIC_CONFIG)
  [group] 33 consumers in 10 groups (r10x10000-1000k-g-t3 ... ), protocol classic
  [group] t=+2.6s waiting: r10x10000-1000k-g-t3: local members 4/30 hold 0/10000 partitions (group-wide PreparingRebalance members=14 assigned=0); r10x10000-1000k-g-t4: local members 4/30 hold 0/10000 partitions (group-wide PreparingRebalance members=30 assigned=0); r10x10000-1000k-g-t5: local members 4/30 hold 0/10000 partitions (group-wide PreparingRebalance members=20 assigned=0)
  [group] t=+4.6s waiting: r10x10000-1000k-g-t3: local members 4/30 hold 0/10000 partitions (group-wide PreparingRebalance members=30 assigned=0); r10x10000-1000k-g-t4: local members 4/30 hold 0/10000 partitions (group-wide PreparingRebalance members=30 assigned=0); r10x10000-1000k-g-t5: local members 4/30 hold 0/10000 partitions (group-wide PreparingRebalance members=30 assigned=0)
  [group] t=+6.6s waiting: r10x10000-1000k-g-t3: local members 4/30 hold 0/10000 partitions (group-wide PreparingRebalance members=30 assigned=0); r10x10000-1000k-g-t4: local members 4/30 hold 1334/10000 partitions (group-wide PreparingRebalance members=30 assigned=0); r10x10000-1000k-g-t5: local members 4/30 hold 0/10000 partitions (group-wide PreparingRebalance members=30 assigned=0)
  [group] t=+8.7s waiting: r10x10000-1000k-g-t3: local members 4/30 hold 1334/10000 partitions (group-wide PreparingRebalance members=30 assigned=0); r10x10000-1000k-g-t4: local members 4/30 hold 1334/10000 partitions (group-wide Stable members=30 assigned=10000); r10x10000-1000k-g-t5: local members 4/30 hold 1334/10000 partitions (group-wide PreparingRebalance members=30 assigned=0)
  [group] t=+10.8s waiting: r10x10000-1000k-g-t3: local members 4/30 hold 1334/10000 partitions (group-wide Stable members=30 assigned=10000); r10x10000-1000k-g-t5: local members 4/30 hold 1334/10000 partitions (group-wide Stable members=30 assigned=10000)
  [group] STABLE after 11.9s: 10 groups, 33 local members holding 11107 partitions, assignEv=33 revokeEv=0 lostEv=0
  [produce] 4 clients connected to every broker with producer IDs in 0.01s; max buffered 501024 records per client
READY 1790856975570
[start] waiting 9.411s for the common start 1790857002578
[start] GO 12:16:42.578 (unix ms 1790857002578)
[12:16:52] offered=    55535/s achieved=    43976/s shed=        0/s inflight=  1160 | p50=  32.64 p99= 2539.52 p999= 3063.81 ms | push=439800 pop=244000 lag=195800 | errs push=0 pop=0 empty=0 gor=657 | ack=    16139/s ackErr=0 ackAvg=266.29ms | e2e p50=104.96 p99=3260.42 p999=3719.17 n=244000 | e2e_local p50=78.34 p99=3227.65 n=81700
[12:17:02] offered=   111134/s achieved=    79573/s shed=        0/s inflight=  4312 | p50=  72.19 p99=10027.01 p999=11075.58 ms | push=1235500 pop=288700 lag=946800 | errs push=0 pop=0 empty=0 gor=670 | ack=     2480/s ackErr=0 ackAvg=427.29ms | e2e p50=8159.23 p99=12910.59 p999=13172.74 n=44700 | e2e_local p50=7831.55 p99=12779.52 n=16000
[12:17:12] offered=   111092/s achieved=   117632/s shed=     2810/s inflight=  3377 | p50= 585.73 p99=15269.89 p999=16908.29 ms | push=2411800 pop=1006700 lag=1405100 | errs push=0 pop=0 empty=0 gor=703 | ack=    53151/s ackErr=0 ackAvg=2686.87ms | e2e p50=11599.87 p99=20316.16 p999=21889.02 n=718000 | e2e_local p50=11075.58 p99=20578.30 n=290700
[12:17:22] offered=   111090/s achieved=    99800/s shed=        0/s inflight=  4503 | p50= 387.07 p99=23199.74 p999=27656.19 ms | push=3409800 pop=1873700 lag=1536100 | errs push=0 pop=0 empty=0 gor=692 | ack=    86700/s ackErr=0 ackAvg=2670.44ms | e2e p50=12910.59 p99=28180.48 p999=31064.06 n=867000 | e2e_local p50=12779.52 p99=28180.48 n=309700
[12:17:32] offered=   111141/s achieved=    79131/s shed=    27070/s inflight=  5000 | p50= 489.47 p99=27131.90 p999=33161.22 ms | push=4201100 pop=2070700 lag=2130400 | errs push=0 pop=0 empty=0 gor=656 | ack=    19700/s ackErr=0 ackAvg=2702.80ms | e2e p50=10289.15 p99=32374.78 p999=34340.86 n=197000 | e2e_local p50=11599.87 p99=31326.21 n=65500
[12:17:42] offered=   111126/s achieved=    97025/s shed=    24761/s inflight=  3934 | p50= 403.46 p99=33161.22 p999=43253.76 ms | push=5171300 pop=2251700 lag=2919600 | errs push=0 pop=0 empty=0 gor=687 | ack=    18101/s ackErr=0 ackAvg=2895.81ms | e2e p50=15925.25 p99=43253.76 p999=47448.06 n=181000 | e2e_local p50=19791.87 p99=43253.76 n=42700
