[2026-10-01T16:25:15Z] txn redpanda/1x200-t10-9k: start: redpanda, rate=9000 over N=9 processes (3 loader hosts x 3) = 1000 msg/s each; in 200 x out 200 partitions; txn-size 10 (linger 1s); feeder units of 10; 22 workers + 22 readers per process (198 each in total); out=/Users/alice/Work/queen/benchmark-queen/2026-09-30-kafka-pulsar/runs/txn/redpanda/1x200-t10-9k
[2026-10-01T16:25:15Z] txn redpanda/1x200-t10-9k: durability: RF 3 raft, acks=all acknowledged after a majority (2 of 3) fsynced (write_caching off), idempotent + transactional producers; tx coordinator topic RF 3 (internal_topic_replication_factor); read_committed
[2026-10-01T16:25:21Z] txn redpanda/1x200-t10-9k: 1. cluster reset
      n1 [2026-10-01T16:25:26Z] rc.sh n1: tuners applied (rc=0): 56 values differ from the OS baseline, 1 refused by the kernel (state/tune.txt)
      n2 [2026-10-01T16:25:26Z] rc.sh n2: tuners applied (rc=0): 56 values differ from the OS baseline, 1 refused by the kernel (state/tune.txt)
      n3 [2026-10-01T16:25:25Z] rc.sh n3: tuners applied (rc=0): 56 values differ from the OS baseline, 1 refused by the kernel (state/tune.txt)
    [2026-10-01T16:25:35Z] cluster: healthy in 14s
      produced: Produced to partition 0 at offset 9999 with timestamp 1790871948146.
    enable_transactions internal_topic_replication_factor transaction_coordinator_partitions = true 3 50
[2026-10-01T16:25:55Z] txn redpanda/1x200-t10-9k: 2. samplers start (txn-redpanda-1x200-t10-9k, every 2s) on 3 brokers + 3 loader hosts
[2026-10-01T16:25:55Z] txn redpanda/1x200-t10-9k: 3. create x1x200-t10-9k-in (200) + x1x200-t10-9k-out (200), warm on loader 1
    kload tag=1x200-t10-9k-create loader=0/1 mode=batch rate=0 msg/s batch=100 batch-max=0 max-inflight=5000 ramp=10s duration=1m10s report=10s drain=0s GOMAXPROCS=16 GOGC=400 seed=1790872176799421917
      topics: 1 x 200 partitions (x1x200-t10-9k..x1x200-t10-9k), entities/topic=0 (explicit partition) | picker: topics=rr entities: rr over space=200 starting at 0
      payload: goload jsonEvent target 256 B, avg 289.5 B raw, ~320 B stamped ({"ts":µs,"src":0,...}), pool 64x100
      consumers: 4 here (ci 0..3 of 4), poll=1000 proc-us=0 ack=async ack-inflight=256 local-src=[0]
      kafka: brokers=10.114.0.2:9092,10.114.0.3:9092,10.114.0.4:9092 rf=3 min-isr=0 producers=4 linger=5ms compression=lz4 acks=all idempotent batch-max-bytes=1048576 | consumers: protocol=classic fetch-max-wait=500ms fetch-min-bytes=1 fetch-max-partition-bytes=1048576 session=45s | txn: x1x200-t10-9k-in -> 4 workers (GroupTransactSession, transactional.id per worker, txn-timeout 10s, concurrent-txn backoff 20ms, metadata-min-age 250ms, txn-size 10, linger 1s, read_committed) -> x1x200-t10-9k-out, 4 read_committed readers
      [topic] 2 topics created, 0 grown, 200 partitions each x RF 3 accepted by the controller in 2.5s (1 requests of <= 5000 partitions)
      [topic] t=+0s 2 topics missing, 0 with != 200 partitions, 0 partitions without leader, 0 with ISR < replicas
      [topic] READY after 5.1s: 2 topics x 200 partitions, leaders + full ISR + every replica log on disk
      [warm] one record (no "ts") into each of 400 partitions, acks=all, in 0.1s; READY again after 0.0s
    [create] done: x1x200-t10-9k-in, x1x200-t10-9k-out x 200 partitions ready
[2026-10-01T16:26:05Z] txn redpanda/1x200-t10-9k:    topics ready after 50s since start
    node=1 rss_MB=4042 threads=33 fds=610 data_MB=14079 part_dirs=400 disk_free_GB=365 busy_s=4.837 errors=0 warns=20 errors_since_mark=0 warns_since_mark=0 transfers=0 transfers_since_mark=0 elections_won=142 elections_
    node=2 rss_MB=4645 threads=33 fds=610 data_MB=14079 part_dirs=400 disk_free_GB=361 busy_s=4.089 errors=0 warns=20 errors_since_mark=0 warns_since_mark=0 transfers=0 transfers_since_mark=0 elections_won=126 elections_
    node=3 rss_MB=4244 threads=33 fds=610 data_MB=14079 part_dirs=400 disk_free_GB=366 busy_s=3.382 errors=0 warns=22 errors_since_mark=0 warns_since_mark=0 transfers=0 transfers_since_mark=0 elections_won=135 elections_
[2026-10-01T16:26:06Z] txn redpanda/1x200-t10-9k: 4. launch 9 kload processes
    launched 3 4 5 on queen-loader-02
    launched 0 1 2 on queen-loader-01
    launched 6 7 8 on queen-loader-03
[2026-10-01T16:26:17Z] txn redpanda/1x200-t10-9k:    READY 0/9
[2026-10-01T16:26:30Z] txn redpanda/1x200-t10-9k:    READY 4/9
[2026-10-01T16:26:34Z] txn redpanda/1x200-t10-9k:    all 9 READY after 79s since start
[2026-10-01T16:26:58Z] txn redpanda/1x200-t10-9k:    leader balancer quiet for 26s (62 transfers so far), 53 s after the topics were ready
[2026-10-01T16:27:00Z] txn redpanda/1x200-t10-9k: 5. start instant 1790872030221 (loader-1 clock + 10s) written to 9 start files; producing 70s (ramp 10s), drain <= 60s
[2026-10-01T16:27:08Z] txn redpanda/1x200-t10-9k:    0/9 exited | p0: 
[2026-10-01T16:27:37Z] txn redpanda/1x200-t10-9k:    0/9 exited | p0: [16:27:30] offered=     1000/s achieved=     1000/s shed=        0/s inflight=     1 | p50=   8.03 p99=   63.74 p999=  109.06 ms | push=14990 pop=1463 [txn] 16:27:30 txn=      99/s msgs=      992/s avg= 10.00 msg/txn | commit p50=16.51 p99=142.34 p999=321.54 ms | aborts=0 errs=0 open=1 | in=      991 
[2026-10-01T16:28:14Z] txn redpanda/1x200-t10-9k:    0/9 exited | p0: [16:28:10] offered=     1000/s achieved=     1001/s shed=        0/s inflight=     0 | p50=   7.97 p99=   45.31 p999=   98.82 ms | push=55000 pop=5423 [txn] 16:28:10 txn=      99/s msgs=      994/s avg= 10.00 msg/txn | commit p50=14.14 p99=126.46 p999=154.62 ms | aborts=0 errs=0 open=1 | in=      990 
[2026-10-01T16:28:29Z] txn redpanda/1x200-t10-9k:    load finished after 194s since start
[2026-10-01T16:28:30Z] txn redpanda/1x200-t10-9k: 6. verifier: collect the 9 id ledgers, run kload -verify on loader 1
    [verify] kafka 10.114.0.2:9092,10.114.0.3:9092,10.114.0.4:9092: 9 ledgers from /root/bench/runs/txn/redpanda/1x200-t10-9k/verify-ids; reading x1x200-t10-9k-out from offset 0 (read_committed), then x1x200-t10-9k-in from group x1x200-t10-9k-in-g-t0's committed offsets
    [verify] out x1x200-t10-9k-out: 585430 records after 10s
    [verify] out x1x200-t10-9k-out: 585430 records, idle 10s: scan complete after 10.4s
    [verify] x1x200-t10-9k-in-g-t0: committed offsets on 200 of 200 partitions (the rest from the start)
    [verify] rest of x1x200-t10-9k-in: 0 records, idle 10s: scan complete after 10.0s
    [verify] system=kafka ledgers=9 produced=585030 ambiguous=0 out_records=585430 out_unique=585030 duplicates=0 dup_records=0 missing=0 pending_in=0 in_and_out=0 extra=0 ambiguous_in_out=0 rereads=0 unparsed=0 warm=400 scan=20.5s | VERDICT PASS
[2026-10-01T16:29:17Z] txn redpanda/1x200-t10-9k:    verifier: PASS: duplicates=0 dup_records=0 missing=0 pending_in=0 in_and_out=0 extra=0
[2026-10-01T16:29:17Z] txn redpanda/1x200-t10-9k: 7. collect
    node=1 rss_MB=5948 threads=33 fds=675 data_MB=16221 part_dirs=416 disk_free_GB=363 busy_s=177.407 errors=0 warns=41 errors_since_mark=0 warns_since_mark=0 transfers=44 transfers_since_mark=4 elections_won=200 electio
    node=2 rss_MB=5940 threads=33 fds=675 data_MB=16221 part_dirs=416 disk_free_GB=359 busy_s=129.494 errors=0 warns=44 errors_since_mark=0 warns_since_mark=0 transfers=24 transfers_since_mark=15 elections_won=181 electi
    node=3 rss_MB=5947 threads=33 fds=675 data_MB=16221 part_dirs=416 disk_free_GB=363 busy_s=121.177 errors=0 warns=44 errors_since_mark=0 warns_since_mark=0 transfers=34 transfers_since_mark=21 elections_won=190 electi
[2026-10-01T16:29:35Z] txn redpanda/1x200-t10-9k:    collected 1.3M into /Users/alice/Work/queen/benchmark-queen/2026-09-30-kafka-pulsar/runs/txn/redpanda/1x200-t10-9k
    p0: in offered=65000 achieved=65000 shed=0 | out consumed=64350 errs push=0 pop=0 ack=0 | produce p99=50.94 ms | e2e p50/p99/p999=240.64/432.13/544.77 ms | txns=6457 msgs=64372 aborts=0 errs=0 avg=9.97 commit p50/p99/p999=14.40/136.19/2072.58 ms | cpu=12.0%
    p1: in offered=65000 achieved=65000 shed=0 | out consumed=64340 errs push=0 pop=0 ack=0 | produce p99=47.36 ms | e2e p50/p99/p999=240.64/428.03/536.58 ms | txns=6456 msgs=64362 aborts=0 errs=0 avg=9.97 commit p50/p99/p999=13.76/125.44/1810.43 ms | cpu=11.9%
    p2: in offered=65000 achieved=65000 shed=0 | out consumed=64360 errs push=0 pop=0 ack=0 | produce p99=46.34 ms | e2e p50/p99/p999=240.64/403.46/536.58 ms | txns=6458 msgs=64382 aborts=0 errs=0 avg=9.97 commit p50/p99/p999=14.66/152.58/321.54 ms | cpu=11.9%
    p3: in offered=65010 achieved=65010 shed=0 | out consumed=64350 errs push=0 pop=0 ack=0 | produce p99=48.90 ms | e2e p50/p99/p999=240.64/415.74/544.77 ms | txns=6457 msgs=64372 aborts=0 errs=0 avg=9.97 commit p50/p99/p999=14.40/142.34/1843.20 ms | cpu=13.4%
    p4: in offered=65010 achieved=65010 shed=0 | out consumed=64370 errs push=0 pop=0 ack=0 | produce p99=50.94 ms | e2e p50/p99/p999=240.64/399.36/528.38 ms | txns=6459 msgs=64392 aborts=0 errs=0 avg=9.97 commit p50/p99/p999=13.76/129.54/1908.74 ms | cpu=13.2%
    p5: in offered=65000 achieved=65000 shed=0 | out consumed=67260 errs push=0 pop=0 ack=0 | produce p99=48.90 ms | e2e p50/p99/p999=240.64/403.46/536.58 ms | txns=6748 msgs=67283 aborts=0 errs=0 avg=9.97 commit p50/p99/p999=13.25/134.14/2023.42 ms | cpu=13.7%
    p6: in offered=65010 achieved=65010 shed=0 | out consumed=64380 errs push=0 pop=0 ack=0 | produce p99=46.85 ms | e2e p50/p99/p999=240.64/403.46/536.58 ms | txns=6460 msgs=64402 aborts=0 errs=0 avg=9.97 commit p50/p99/p999=13.38/129.54/1925.12 ms | cpu=12.3%
    p7: in offered=65010 achieved=65010 shed=0 | out consumed=64340 errs push=0 pop=0 ack=0 | produce p99=48.90 ms | e2e p50/p99/p999=240.64/423.94/544.77 ms | txns=6456 msgs=64362 aborts=0 errs=0 avg=9.97 commit p50/p99/p999=13.63/132.10/1777.66 ms | cpu=12.3%
    p8: in offered=64990 achieved=64990 shed=0 | out consumed=67280 errs push=0 pop=0 ack=0 | produce p99=50.43 ms | e2e p50/p99/p999=240.64/403.46/536.58 ms | txns=6750 msgs=67303 aborts=0 errs=0 avg=9.97 commit p50/p99/p999=14.02/134.14/268.29 ms | cpu=12.6%
    total: 9/9 processes with a final line | input msgs offered=585030 achieved=585030 shed=0 | output consumed=585030 | transactions=58701 msgs=585230 avg=9.97 msg/txn aborts=0 txnErrors=0 | errors=0 | worst produce p99=50.94 ms | worst e2e p99=432.13 ms | worst commit p99=152.58 ms
    verifier: PASS: duplicates=0 dup_records=0 missing=0 pending_in=0 in_and_out=0 extra=0
    durability (redpanda): RF 3 raft, acks=all acknowledged after a majority (2 of 3) fsynced (write_caching off), idempotent + transactional producers; tx coordinator topic RF 3 (internal_topic_replication_factor); read_committed
    shards busy (redpanda_cpu_busy_seconds_total over the steady window): n1=2.34 n2=1.72 n3=1.65 sum=5.71 cores
[2026-10-01T16:29:38Z] txn redpanda/1x200-t10-9k:    stopping the cluster (data kept until the next reset)
[2026-10-01T16:29:40Z] txn redpanda/1x200-t10-9k: DONE in 265s -> /Users/alice/Work/queen/benchmark-queen/2026-09-30-kafka-pulsar/runs/txn/redpanda/1x200-t10-9k (PASS: duplicates=0 dup_records=0 missing=0 pending_in=0 in_and_out=0 extra=0)
