qload tag=1x200-t100-288k-w198-b100-p0 loader=0/9 mode=batch rate=32000 msg/s batch=100 batch-max=0 max-inflight=5000 ramp=10s duration=1m10s report=10s drain=1m0s GOMAXPROCS=16 GOGC=400 seed=1790887781631067839
  offered: 32000 msg/s = 320.0 units/s (avg 100.0 msgs/unit) across 7 pacer workers (45.71 units/s each)
  topics: 1 x 200 partitions (x1x200-t100-288k-w198-b100..x1x200-t100-288k-w198-b100), entities/topic=0 (explicit partition) | picker: topics=rr entities: rr over space=200 starting at 0
  payload: goload jsonEvent target 256 B, avg 289.5 B raw, ~320 B stamped ({"ts":µs,"src":0,...}), pool 64x100
  consumers: 22 here (ci 0..21 of 198), poll=1000 proc-us=0 ack=async ack-inflight=256 local-src=[0 1 2]
  queen: url=http://10.114.0.2:6632 (of 3) conns=2048 timeout=30s pop-width=1 pop-batch=1000 pop-timeout=2s lease=10s | configure: leaseTime=30 completedRetention=3600 dedup=0 retryLimit=1000000 | txn: x1x200-t100-288k-w198-b100-in -> workers (txn-size 100, linger 1s, one /transaction = acks with leases + pushes) -> x1x200-t100-288k-w198-b100-out, 22 read-committed readers
  [queen] http://10.114.0.2:6632 healthy: version 2.0.0-beta.2, this node leader
  [txn] 22 workers (ci 0..21 of 198): x1x200-t100-288k-w198-b100-in -> x1x200-t100-288k-w198-b100-out, txn-size 100, linger 1s, pop width 1, lease 10s
  [consume] 22 consumers of x1x200-t100-288k-w198-b100-out: pop width 1, batch 1000, long poll 2s, lease 10s, async batch acks (ack-inflight 256)
READY 1790887309055
[start] waiting 9.323s for the common start 1790887321688
[start] GO 20:42:01.688 (unix ms 1790887321688)
[20:42:11] offered=    15991/s achieved=    15951/s shed=        0/s inflight=     4 | p50=   5.54 p99=   14.66 p999=   22.66 ms | push=159500 pop=158700 lag=800 | errs push=0 pop=0 empty=154 gor=181 | ack=    15821/s ackErr=0 ackAvg=8.41ms | e2e p50=26.24 p99=58.62 p999=74.24 n=158700 | e2e_local p50=25.98 p99=54.02 n=52400
[txn] 20:42:11 txn=     160/s msgs=    16031/s avg=100.00 msg/txn | commit p50=7.33 p99=18.56 p999=26.50 ms | aborts=0 errs=0 open=4 | in=    16071/s | total txns=1603 msgs=160300 aborts=0 errs=0
[20:42:21] offered=    32000/s achieved=    29760/s shed=        0/s inflight=   228 | p50= 342.02 p99=  716.80 p999=  724.99 ms | push=457100 pop=459000 lag=-1900 | errs push=0 pop=0 empty=154 gor=869 | ack=    29970/s ackErr=0 ackAvg=18.12ms | e2e p50=436.22 p99=806.91 p999=823.30 n=300300 | e2e_local p50=423.94 p99=806.91 n=98000
[txn] 20:42:21 txn=     303/s msgs=    30270/s avg=100.00 msg/txn | commit p50=45.31 p99=59.14 p999=64.77 ms | aborts=0 errs=0 open=11 | in=    30340/s | total txns=4630 msgs=463000 aborts=0 errs=0
[20:42:31] offered=    32020/s achieved=    30740/s shed=        0/s inflight=   356 | p50=1056.77 p99= 1122.30 p999= 1138.69 ms | push=764500 pop=755400 lag=9100 | errs push=0 pop=0 empty=154 gor=1254 | ack=    29670/s ackErr=0 ackAvg=20.10ms | e2e p50=1122.30 p99=1679.36 p999=1744.90 n=296400 | e2e_local p50=1138.69 p99=1679.36 n=99400
[txn] 20:42:31 txn=     291/s msgs=    29140/s avg=100.00 msg/txn | commit p50=47.87 p99=72.19 p999=78.34 ms | aborts=0 errs=0 open=14 | in=    29170/s | total txns=7544 msgs=754400 aborts=0 errs=0
[20:42:41] offered=    31990/s achieved=    31980/s shed=        0/s inflight=   357 | p50=1122.30 p99= 1138.69 p999= 1138.69 ms | push=1084300 pop=1040000 lag=44300 | errs push=0 pop=0 empty=154 gor=1264 | ack=    28450/s ackErr=0 ackAvg=21.00ms | e2e p50=2310.14 p99=2932.74 p999=3031.04 n=284600 | e2e_local p50=2310.14 p99=2932.74 n=95900
[txn] 20:42:41 txn=     267/s msgs=    26690/s avg=100.00 msg/txn | commit p50=58.11 p99=79.36 p999=84.48 ms | aborts=0 errs=0 open=14 | in=    26690/s | total txns=10213 msgs=1021300 aborts=0 errs=0
[20:42:51] offered=    31990/s achieved=    32000/s shed=        0/s inflight=   356 | p50=1105.92 p99= 1122.30 p999= 1138.69 ms | push=1404300 pop=1325000 lag=79300 | errs push=0 pop=0 empty=154 gor=1274 | ack=    28510/s ackErr=0 ackAvg=21.62ms | e2e p50=3522.56 p99=4227.07 p999=4358.14 n=285000 | e2e_local p50=3522.56 p99=4227.07 n=91500
[txn] 20:42:51 txn=     268/s msgs=    26850/s avg=100.00 msg/txn | commit p50=57.60 p99=76.29 p999=80.38 ms | aborts=0 errs=0 open=14 | in=    26850/s | total txns=12898 msgs=1289800 aborts=0 errs=0
[20:43:01] offered=    31999/s achieved=    31999/s shed=        0/s inflight=   356 | p50=1105.92 p99= 1122.30 p999= 1138.69 ms | push=1724300 pop=1601300 lag=123000 | errs push=0 pop=0 empty=154 gor=1270 | ack=    27670/s ackErr=0 ackAvg=22.02ms | e2e p50=4751.36 p99=5668.86 p999=5799.94 n=276300 | e2e_local p50=4751.36 p99=5668.86 n=93600
[txn] 20:43:01 txn=     257/s msgs=    25660/s avg=100.00 msg/txn | commit p50=60.67 p99=79.36 p999=89.60 ms | aborts=0 errs=0 open=11 | in=    25630/s | total txns=15464 msgs=1546400 aborts=0 errs=0
[20:43:11] offered=    32007/s achieved=    31987/s shed=        0/s inflight=   358 | p50=1122.30 p99= 1138.69 p999= 1138.69 ms | push=2044200 pop=1873300 lag=170900 | errs push=0 pop=0 empty=154 gor=1264 | ack=    27208/s ackErr=0 ackAvg=22.28ms | e2e p50=6389.76 p99=7241.73 p999=7438.34 n=272000 | e2e_local p50=6389.76 p99=7241.73 n=92400
[txn] 20:43:11 txn=     251/s msgs=    25078/s avg=100.00 msg/txn | commit p50=63.23 p99=81.41 p999=90.62 ms | aborts=0 errs=0 open=17 | in=    25138/s | total txns=17972 msgs=1797200 aborts=0 errs=0
[drain] workers and readers keep going for up to 58.606s (ends early after 3s idle; lag now 161900)
[drain] idle for 3s after 8.6s: ending the drain (lag -24100)
[info] steady window 60s (after the ramp, before the producers stopped): offered 32001/s pushed 31411/s popped 28576/s cpu 108.6% = 3.46 cores per 100k msg/s (produce+consume)
[final] offered=20800 achieved=20800 shed=0 (msgs: offered=2080000 achieved=2080000 shed=0) pushErr=0 | pushed=2080000 popped=2104100 lag=-24100 | popErr=0 empty=198 | overall p50=1105.92 p99=1253.38 p999=1384.45 ms | acked=2104100 ackErr=0 ackLag=-24100 ackAvg=22.23ms | e2e p50=2965.50 p99=7241.73 p999=7438.34 ms
load_cpu=86.4%
[txn-final] txns=20263 msgs=2026300 aborts=0 errs=0 in=2026300 avg=100.00 msg/txn | commit p50=51.97 p99=77.31 p999=84.48 max=100.86 ms
[ids] ledger /root/bench/runs/txn/queen/1x200-t100-288k-w198-b100/ids/p0.ids: 2080000 confirmed, 0 failed, 0 unanswered
