WARN max-pending 1000000 per partition producer would preallocate 127143 MB over 5555 partitions (24 B/slot); using 1000 (-pending-budget-mb 64)
pload tag=pB-p50000-nb loader=8/9 mode=batch rate=111111 msg/s batch=100 batch-max=0 max-inflight=5000 ramp=10s duration=1m10s report=10s drain=0s GOMAXPROCS=16 GOGC=400(default) seed=1790841309030147218
  offered: 111111 msg/s = 1111.1 units/s (avg 100.0 msgs/unit) across 23 pacer workers (48.31 units/s each)
  topics: 1 x 50000 partitions (load..load), entities/topic=0 (explicit partition) | picker: topics=rr entities: rr over space=5555 starting at 0 [producer shard 8/9: partitions p % 9 == 8, entity j -> partition 8 + j*9]
  payload: goload jsonEvent target 256 B, avg 289.5 B raw, ~319 B stamped ({"ts":µs,"src":8,...}), pool 64x100
  consumers: 33 here (ci 264..296 of 297), poll=1000 proc-us=0 ack=async ack-inflight=256 local-src=[6 7 8]
  pulsar: url=pulsar://10.114.0.2:6650,10.114.0.3:6650,10.114.0.4:6650 admin=http://10.114.0.2:8080 ns=bench/ns sub=sub type=failover compression=none batch=1s/1 msgs/131072 B key-batching=false max-pending=1000/partition mem-limit=365 MB receiver-queue=1000 ack-group=100ms conns/broker=1
  [admin] 1 topics with 50000 partitions and subscription "sub" exist (checked in 0.0s)
  [consume] 33 consumers (ci 264..296 of 297), failover, partition slices (every partition exactly one consumer): 5544 partition registrations here, 50000 in total across all processes; idle 0 here, 0 in total; subscribed in 0.6s, settling 2s
  [produce] producer shard 8/9: 5555 partitions per topic (p % 9 == 8) x 1 topics, per-partition producers created before READY (-producer-eager)
  [produce] 5555 per-partition producers created in 2.4s
READY 1790841131848
[start] waiting 8.394s for the common start 1790841148479
[start] GO 07:52:28.479 (unix ms 1790841148479)
[07:52:38] offered=    55584/s achieved=    33902/s shed=        0/s inflight=  2169 | p50= 856.06 p99= 2375.68 p999= 2441.22 ms | push=339000 pop=389568 lag=-50568 | errs push=0 pop=0 empty=0 gor=50011 | ack=    38959/s ackErr=0 ackAvg=0.03ms | e2e p50=201.73 p99=1581.06 p999=1957.89 n=389576 | e2e_local p50=230.40 p99=1613.82 n=141452
[07:52:48] offered=   111125/s achieved=    31909/s shed=    50898/s inflight=  5000 | p50=3686.40 p99= 7634.94 p999=10551.30 ms | push=658100 pop=729113 lag=-71013 | errs push=0 pop=0 empty=0 gor=50011 | ack=    33953/s ackErr=0 ackAvg=0.02ms | e2e p50=2965.50 p99=7438.34 p999=8159.23 n=339537 | e2e_local p50=3031.04 p99=7438.34 n=123013
[07:52:58] offered=   111095/s achieved=    18899/s shed=    92196/s inflight=  5000 | p50=6717.44 p99=18481.15 p999=18481.15 ms | push=847100 pop=885954 lag=-38854 | errs push=0 pop=0 empty=0 gor=50011 | ack=    15683/s ackErr=0 ackAvg=0.01ms | e2e p50=3522.56 p99=17170.43 p999=17694.72 n=156841 | e2e_local p50=4227.07 p99=17432.58 n=49558
[07:53:08] offered=   111099/s achieved=    16851/s shed=    94428/s inflight=  4982 | p50=20054.02 p99=29491.20 p999=29753.34 ms | push=1015600 pop=1073046 lag=-57446 | errs push=0 pop=0 empty=0 gor=50011 | ack=    18711/s ackErr=0 ackAvg=0.01ms | e2e p50=21626.88 p99=29491.20 p999=30015.49 n=187092 | e2e_local p50=21626.88 p99=29491.20 n=68548
[err produce #1] 07:53:11.884 message send timeout: TimeoutError
[err produce #2] 07:53:11.900 message send timeout: TimeoutError
[err produce #3] 07:53:11.905 message send timeout: TimeoutError
[err produce #4] 07:53:11.908 message send timeout: TimeoutError
[err produce #5] 07:53:11.908 message send timeout: TimeoutError
panic: runtime error: invalid memory address or nil pointer dereference
[signal SIGSEGV: segmentation violation code=0x1 addr=0xf8 pc=0xbd9473]

goroutine 658 [running]:
github.com/apache/pulsar-client-go/pulsar.(*sendRequest).done(0x2fa3105c91e0, {0xf124f0, 0x2fa48d65df40}, {0x0, 0x0})
	github.com/apache/pulsar-client-go@v0.21.0/pulsar/producer_partition.go:1653 +0xb3
github.com/apache/pulsar-client-go/pulsar.(*partitionProducer).ReceivedSendReceipt(0x2fa333d2c000, 0x2fa48c86e500)
	github.com/apache/pulsar-client-go@v0.21.0/pulsar/producer_partition.go:1462 +0x513
github.com/apache/pulsar-client-go/pulsar/internal.(*connection).handleSendReceipt(0x2fa30fbb2580, 0x2fa48c86e500)
	github.com/apache/pulsar-client-go@v0.21.0/pulsar/internal/connection.go:773 +0xcf
github.com/apache/pulsar-client-go/pulsar/internal.(*connection).receivedCommand(0x2fa30fbb2580, 0x2fa48c874400, {0x0, 0x0})
	github.com/apache/pulsar-client-go@v0.21.0/pulsar/internal/connection.go:613 +0x117
github.com/apache/pulsar-client-go/pulsar/internal.(*connectionReader).readFromConnection(0x2fa30f02a198)
	github.com/apache/pulsar-client-go@v0.21.0/pulsar/internal/connection_reader.go:57 +0x5e
created by github.com/apache/pulsar-client-go/pulsar/internal.(*connection).run in goroutine 442
	github.com/apache/pulsar-client-go@v0.21.0/pulsar/internal/connection.go:411 +0xec
