kload tag=1x200-t100-9k-p0 loader=0/9 mode=batch rate=1000 msg/s batch=10 batch-max=0 max-inflight=5000 ramp=10s duration=1m10s report=10s drain=1m0s GOMAXPROCS=16 GOGC=400 seed=1790873384196050226
  offered: 1000 msg/s = 100.0 units/s (avg 10.0 msgs/unit) across 3 pacer workers (33.33 units/s each)
  topics: 1 x 200 partitions (x1x200-t100-9k..x1x200-t100-9k), entities/topic=0 (explicit partition) | picker: topics=rr entities: rr over space=200 starting at 0
  payload: goload jsonEvent target 256 B, avg 289.5 B raw, ~319 B stamped ({"ts":µs,"src":0,...}), pool 64x10
  consumers: 22 here (ci 0..21 of 198), poll=1000 proc-us=0 ack=async ack-inflight=256 local-src=[0 1 2]
  kafka: brokers=10.114.0.2:9092,10.114.0.3:9092,10.114.0.4:9092 rf=3 min-isr=0 producers=4 linger=5ms compression=lz4 acks=all idempotent batch-max-bytes=1048576 | consumers: protocol=classic fetch-max-wait=500ms fetch-min-bytes=1 fetch-max-partition-bytes=1048576 session=45s | txn: x1x200-t100-9k-in -> 22 workers (GroupTransactSession, transactional.id per worker, txn-timeout 10s, concurrent-txn backoff 20ms, metadata-min-age 250ms, txn-size 100, linger 3s, read_committed) -> x1x200-t100-9k-out, 22 read_committed readers
  [topic] READY after 0.0s: 2 topics x 200 partitions, leaders + full ISR
  [config] broker.default.replication.factor = 3 (STATIC_BROKER_CONFIG)
  [config] topic.compression.type = producer (DEFAULT_CONFIG)
  [config] topic.flush.ms = 100 (DEFAULT_CONFIG)
  [config] topic.max.message.bytes = 16777216 (DEFAULT_CONFIG)
  [config] topic.message.timestamp.type = CreateTime (DEFAULT_CONFIG)
  [config] topic.retention.ms = 600000 (DYNAMIC_TOPIC_CONFIG)
  [config] topic.segment.bytes = 268435456 (DYNAMIC_TOPIC_CONFIG)
  [group] 22 txn workers (GroupTransactSession) in 1 groups (x1x200-t100-9k-in-g-t0 ... ), protocol classic
  [group] 22 consumers in 1 groups (x1x200-t100-9k-out-g-t0 ... ), protocol classic
  [group] t=+0.5s waiting: x1x200-t100-9k-in-g-t0: local members 22/198 hold 0/200 partitions (group-wide PreparingRebalance members=154 assigned=0)
  [group] t=+2.5s waiting: x1x200-t100-9k-in-g-t0: local members 22/198 hold 0/200 partitions (group-wide PreparingRebalance members=198 assigned=0)
  [group] t=+4.5s waiting: x1x200-t100-9k-in-g-t0: local members 22/198 hold 0/200 partitions (group-wide PreparingRebalance members=198 assigned=0)
  [group] t=+6.5s waiting: x1x200-t100-9k-in-g-t0: local members 22/198 hold 22/200 partitions (group-wide PreparingRebalance members=198 assigned=0)
  [group] t=+8.5s waiting: x1x200-t100-9k-in-g-t0: local members 22/198 hold 22/200 partitions (group-wide Stable members=198 assigned=200)
  [group] STABLE after 10.1s: 1 groups, 22 local members holding 22 partitions, assignEv=22 revokeEv=0 lostEv=0
  [group] t=+0.0s waiting: x1x200-t100-9k-out-g-t0: local members 22/198 hold 22/200 partitions (group-wide Stable members=198 assigned=200)
  [group] t=+2.0s waiting: x1x200-t100-9k-out-g-t0: local members 22/198 hold 22/200 partitions (group-wide Stable members=198 assigned=200)
  [group] STABLE after 3.0s: 1 groups, 22 local members holding 22 partitions, assignEv=22 revokeEv=0 lostEv=0
  [produce] 4 clients connected to every broker with producer IDs in 0.03s; max buffered 51024 records per client
READY 1790873056022
[start] waiting 9.312s for the common start 1790873088557
[start] GO 16:44:48.557 (unix ms 1790873088557)
[16:44:58] offered=      501/s achieved=      499/s shed=        0/s inflight=     2 | p50=   7.78 p99=   22.91 p999=   39.68 ms | push=4990 pop=3280 lag=1710 | errs push=0 pop=0 empty=0 gor=415 | ack=      328/s ackErr=0 ackAvg=1.74ms | e2e p50=1613.82 p99=3522.56 p999=3686.40 n=3280 | e2e_local p50=1515.52 p99=3522.56 n=1130
[txn] 16:44:58 txn=       5/s msgs=      388/s avg= 70.55 msg/txn | commit p50=11.84 p99=321.54 p999=321.54 ms | aborts=0 errs=0 open=0 | in=      495/s | total txns=77 msgs=3902 aborts=0 errs=0
[16:45:08] offered=     1000/s achieved=     1001/s shed=        0/s inflight=     1 | p50=   7.71 p99=   34.56 p999=   72.19 ms | push=15000 pop=13780 lag=1220 | errs push=0 pop=0 empty=0 gor=415 | ack=     1050/s ackErr=0 ackAvg=1.60ms | e2e p50=1286.14 p99=2506.75 p999=2736.13 n=10500 | e2e_local p50=1253.38 p99=2506.75 n=3440
[txn] 16:45:08 txn=      10/s msgs=      990/s avg=100.00 msg/txn | commit p50=12.35 p99=97.79 p999=97.79 ms | aborts=0 errs=0 open=0 | in=      990/s | total txns=176 msgs=13802 aborts=0 errs=0
[16:45:18] offered=      999/s achieved=     1000/s shed=        0/s inflight=     0 | p50=   7.71 p99=   22.40 p999=   41.22 ms | push=25000 pop=23080 lag=1920 | errs push=0 pop=0 empty=0 gor=415 | ack=      930/s ackErr=0 ackAvg=1.64ms | e2e p50=1220.61 p99=2473.98 p999=2539.52 n=9300 | e2e_local p50=1269.76 p99=2506.75 n=3160
[txn] 16:45:18 txn=      10/s msgs=      990/s avg=100.00 msg/txn | commit p50=11.97 p99=64.77 p999=64.77 ms | aborts=0 errs=0 open=0 | in=      990/s | total txns=275 msgs=23702 aborts=0 errs=0
[16:45:28] offered=     1001/s achieved=      999/s shed=        0/s inflight=     2 | p50=   7.65 p99=   22.40 p999=   43.26 ms | push=34990 pop=33580 lag=1410 | errs push=0 pop=0 empty=0 gor=415 | ack=     1050/s ackErr=0 ackAvg=1.61ms | e2e p50=1269.76 p99=2473.98 p999=2506.75 n=10500 | e2e_local p50=1253.38 p99=2473.98 n=3440
[txn] 16:45:28 txn=      10/s msgs=      990/s avg=100.00 msg/txn | commit p50=11.71 p99=63.74 p999=63.74 ms | aborts=0 errs=0 open=0 | in=      990/s | total txns=374 msgs=33602 aborts=0 errs=0
[16:45:38] offered=     1000/s achieved=     1001/s shed=        0/s inflight=     1 | p50=   7.71 p99=   18.82 p999=   44.29 ms | push=45000 pop=42880 lag=2120 | errs push=0 pop=0 empty=0 gor=415 | ack=      930/s ackErr=0 ackAvg=1.61ms | e2e p50=1253.38 p99=2473.98 p999=2539.52 n=9300 | e2e_local p50=1351.68 p99=2473.98 n=3160
[txn] 16:45:38 txn=      10/s msgs=      990/s avg=100.00 msg/txn | commit p50=12.22 p99=64.26 p999=64.26 ms | aborts=0 errs=0 open=0 | in=      990/s | total txns=473 msgs=43502 aborts=0 errs=0
[16:45:48] offered=      999/s achieved=     1000/s shed=        0/s inflight=     0 | p50=   7.65 p99=   16.77 p999=   28.03 ms | push=55000 pop=53380 lag=1620 | errs push=0 pop=0 empty=0 gor=415 | ack=     1050/s ackErr=0 ackAvg=1.57ms | e2e p50=1286.14 p99=2473.98 p999=2506.75 n=10500 | e2e_local p50=1286.14 p99=2473.98 n=3440
[txn] 16:45:48 txn=      10/s msgs=      990/s avg=100.00 msg/txn | commit p50=11.97 p99=32.64 p999=32.64 ms | aborts=0 errs=0 open=0 | in=      990/s | total txns=572 msgs=53402 aborts=0 errs=0
[16:45:58] offered=     1000/s achieved=      999/s shed=        0/s inflight=     1 | p50=   7.71 p99=   21.63 p999=   49.41 ms | push=64990 pop=62880 lag=2110 | errs push=0 pop=0 empty=0 gor=412 | ack=      950/s ackErr=0 ackAvg=1.57ms | e2e p50=1253.38 p99=2473.98 p999=2572.29 n=9500 | e2e_local p50=1351.68 p99=2473.98 n=3230
[txn] 16:45:58 txn=      10/s msgs=      990/s avg=100.00 msg/txn | commit p50=12.10 p99=84.48 p999=84.48 ms | aborts=0 errs=0 open=0 | in=      990/s | total txns=671 msgs=63302 aborts=0 errs=0
[drain] workers and readers keep going for up to 59.994s (ends early after 3s idle; lag now 2120)
[drain] idle for 3s after 6.4s: ending the drain (lag 650)
[info] txn workers began 693 transactions
[info] steady window 60s (after the ramp, before the producers stopped): offered 1000/s pushed 1000/s popped 993/s cpu 11.5% = 11.50 cores per 100k msg/s (produce+consume)
[info] 44 warm-up messages (no "ts") received and not counted as load
[final] offered=6500 achieved=6500 shed=0 (msgs: offered=65000 achieved=65000 shed=0) pushErr=0 | pushed=65000 popped=64350 lag=650 | popErr=0 empty=0 | overall p50=7.71 p99=22.40 p999=50.94 ms | acked=64350 ackErr=0 ackLag=650 ackAvg=1.55ms | e2e p50=1302.53 p99=3096.58 p999=3522.56 ms
load_cpu=7.5%
[txn-final] txns=693 msgs=64372 aborts=0 errs=0 in=64372 avg=92.89 msg/txn | commit p50=12.22 p99=1810.43 p999=2408.45 max=2408.45 ms
[ids] ledger /root/bench/runs/txn/redpanda/1x200-t100-9k/ids/p0.ids: 65000 confirmed, 0 failed, 0 unanswered
