[2026-10-01T18:51:35Z] txn queen/1x200-t1-9k: start: queen, rate=9000 over N=9 processes (3 loader hosts x 3) = 1000 msg/s each; in 200 x out 200 partitions; txn-size 1 (linger 1s); feeder units of 10; 22 workers + 22 readers per process (198 each in total); out=/Users/alice/Work/queen/benchmark-queen/2026-09-30-kafka-pulsar/runs/txn/queen/1x200-t1-9k
[2026-10-01T18:51:35Z] txn queen/1x200-t1-9k: durability: raft: 3 copies, ack after 2 fsyncs; one transaction = one raft entry (acks + pushes, all-or-nothing), the pop lease as the fence
[2026-10-01T18:51:41Z] txn queen/1x200-t1-9k: 1. cluster reset
    n1 {"status":"healthy","engine":"raft","version":"2.0.0-beta.2","raft":{"role":"leader","leader":true,"term":3,"applied":10,"commit":10,"lag":0,"storageReady":true,"clusterVersion":3,"kinds":3,"ap
    n2 {"status":"healthy","engine":"raft","version":"2.0.0-beta.2","raft":{"role":"follower","leader":true,"term":3,"applied":11,"commit":11,"lag":0,"storageReady":true,"clusterVersion":3,"kinds":3,"
    n3 {"status":"healthy","engine":"raft","version":"2.0.0-beta.2","raft":{"role":"follower","leader":true,"term":3,"applied":11,"commit":11,"lag":0,"storageReady":true,"clusterVersion":3,"kinds":3,"
[2026-10-01T18:52:58Z] txn queen/1x200-t1-9k:    Queen leader n1 (/root/qr/queen-b2 md5 cf86ea1ad2ad0be32529223858b2a835, LANES=16, EXTRA='QUEEN_RAFT_LOG_CACHE_MB=4096 QUEEN_RAFT_TXN_WINDOW_MIN_S=300 QUEEN_QLOG_SHARDS=4')
[2026-10-01T18:52:58Z] txn queen/1x200-t1-9k: 2. samplers start (txn-queen-1x200-t1-9k, every 2s) on 3 brokers + 3 loader hosts
[2026-10-01T18:53:00Z] txn queen/1x200-t1-9k: 3. create x1x200-t1-9k-in (200) + x1x200-t1-9k-out (200), warm on loader 1
      payload: goload jsonEvent target 256 B, avg 289.5 B raw, ~319 B stamped ({"ts":µs,"src":0,...}), pool 64x100
      consumers: 4 here (ci 0..3 of 4), poll=1000 proc-us=0 ack=async ack-inflight=256 local-src=[0]
      queen: url=http://10.114.0.2:6632 (of 3) conns=2048 timeout=30s pop-width=10 pop-batch=1000 pop-timeout=2s lease=10s | configure: leaseTime=30 completedRetention=3600 dedup=0 retryLimit=1000000 | txn: x1x200-t1-9k-in -> workers (txn-size 1, linger 1s, one /transaction = acks with leases + pushes) -> x1x200-t1-9k-out, 4 read-committed readers
      [queen] http://10.114.0.2:6632 healthy: version 2.0.0-beta.2, this node leader
      [configure] x1x200-t1-9k-in: leaseTime=30 completedRetentionSeconds=3600 dedupWindowSeconds=0 retryLimit=1e+06 retentionSeconds=0
      [configure] x1x200-t1-9k-out: leaseTime=30 completedRetentionSeconds=3600 dedupWindowSeconds=0 retryLimit=1e+06 retentionSeconds=0
      [warm] x1x200-t1-9k-in: 200 partitions written and drained (200 messages)
      [warm] x1x200-t1-9k-out: 200 partitions written and drained (200 messages)
      [warm] one message (no "ts") into each of 200 partitions of x1x200-t1-9k-in, x1x200-t1-9k-out in 0.0s; drained in 0.1s
    [create] done: x1x200-t1-9k-in, x1x200-t1-9k-out x 200 partitions
[2026-10-01T18:53:05Z] txn queen/1x200-t1-9k:    topics ready after 90s since start
    node=1 pid=1037507 rss_MB=72 threads=83 data_MB=1 {"status":"healthy","engine":"raft","version":"2.0.0-beta.2","raft":{"role":"leader","leader":true,"term":3,"applied":20,"commit":20,"lag":0,"storageReady":true,"clus
    node=2 pid=893713 rss_MB=56 threads=40 data_MB=1 {"status":"healthy","engine":"raft","version":"2.0.0-beta.2","raft":{"role":"follower","leader":true,"term":3,"applied":20,"commit":20,"lag":0,"storageReady":true,"clu
    node=3 pid=894381 rss_MB=56 threads=40 data_MB=1 {"status":"healthy","engine":"raft","version":"2.0.0-beta.2","raft":{"role":"follower","leader":true,"term":3,"applied":20,"commit":20,"lag":0,"storageReady":true,"clu
[2026-10-01T18:53:06Z] txn queen/1x200-t1-9k: 4. launch 9 qload processes
    launched 3 4 5 on queen-loader-02
    launched 6 7 8 on queen-loader-03
    launched 0 1 2 on queen-loader-01
[2026-10-01T18:53:16Z] txn queen/1x200-t1-9k:    all 9 READY after 101s since start
[2026-10-01T18:53:17Z] txn queen/1x200-t1-9k: 5. start instant 1790880807238 (loader-1 clock + 10s) written to 9 start files; producing 70s (ramp 10s), drain <= 60s
[2026-10-01T18:53:25Z] txn queen/1x200-t1-9k:    0/9 exited | p0: 
[2026-10-01T18:54:01Z] txn queen/1x200-t1-9k:    0/9 exited | p0: [18:53:57] offered=      999/s achieved=     1000/s shed=        0/s inflight=     0 | p50=   2.83 p99=    4.83 p999=    8.51 ms | push=24990 pop=2503 [txn] 18:53:57 txn=    1092/s msgs=     1092/s avg=  1.00 msg/txn | commit p50=3.60 p99=6.05 p999=7.01 ms | aborts=0 errs=0 open=0 | in=     1092/s |  
[2026-10-01T18:54:36Z] txn queen/1x200-t1-9k:    0/9 exited | p0: [18:54:27] offered=      999/s achieved=      999/s shed=        0/s inflight=     0 | p50=   2.80 p99=    5.02 p999=    8.51 ms | push=54990 pop=5560 [txn] 18:54:27 txn=    1095/s msgs=     1095/s avg=  1.00 msg/txn | commit p50=3.60 p99=5.92 p999=6.56 ms | aborts=0 errs=0 open=0 | in=     1095/s |  
[2026-10-01T18:54:43Z] txn queen/1x200-t1-9k:    load finished after 188s since start
[2026-10-01T18:54:44Z] txn queen/1x200-t1-9k: 6. verifier: collect the 9 id ledgers, run qload -verify on loader 1
    [verify] queen http://10.114.0.2:6632: 9 ledgers from /root/bench/runs/txn/queen/1x200-t1-9k/verify-ids; reading x1x200-t1-9k-out (group verify, from the first message) then the rest of x1x200-t1-9k-in
    [verify] out x1x200-t1-9k-out: 585200 records after 10s
    [verify] out x1x200-t1-9k-out: 585200 records, idle 10s: scan complete after 11.8s
    [verify] waiting 0s until every worker lease (10s) ran out before reading the rest of x1x200-t1-9k-in
    [verify] rest of x1x200-t1-9k-in: 0 records, idle 10s: scan complete after 10.0s
    [verify] system=queen ledgers=9 produced=585000 ambiguous=0 out_records=585200 out_unique=585000 duplicates=0 dup_records=0 missing=0 pending_in=0 in_and_out=0 extra=0 ambiguous_in_out=0 rereads=0 unparsed=0 warm=200 scan=22.1s | VERDICT PASS
[2026-10-01T18:55:21Z] txn queen/1x200-t1-9k:    verifier: PASS: duplicates=0 dup_records=0 missing=0 pending_in=0 in_and_out=0 extra=0
[2026-10-01T18:55:21Z] txn queen/1x200-t1-9k: 7. collect
    node=1 pid=1037507 rss_MB=1068 threads=124 data_MB=1267 {"status":"healthy","engine":"raft","version":"2.0.0-beta.2","raft":{"role":"leader","leader":true,"term":3,"applied":124173,"commit":124173,"lag":0,"storageRea
    node=2 pid=893713 rss_MB=872 threads=82 data_MB=1267 {"status":"healthy","engine":"raft","version":"2.0.0-beta.2","raft":{"role":"follower","leader":true,"term":3,"applied":124173,"commit":124173,"lag":0,"storageRead
    node=3 pid=894381 rss_MB=883 threads=83 data_MB=1267 {"status":"healthy","engine":"raft","version":"2.0.0-beta.2","raft":{"role":"follower","leader":true,"term":3,"applied":124173,"commit":124173,"lag":0,"storageRead
[2026-10-01T18:55:35Z] txn queen/1x200-t1-9k:    collected 952K into /Users/alice/Work/queen/benchmark-queen/2026-09-30-kafka-pulsar/runs/txn/queen/1x200-t1-9k
    p0: in offered=64990 achieved=64990 shed=0 | out consumed=65531 errs push=0 pop=0 ack=0 | produce p99=4.70 ms | e2e p50/p99/p999=52.99/107.01/112.13 ms | txns=70965 msgs=70965 aborts=0 errs=0 avg=1.00 commit p50/p99/p999=3.50/5.92/7.71 ms | cpu=30.7%
    p1: in offered=65010 achieved=65010 shed=0 | out consumed=64925 errs push=0 pop=0 ack=0 | produce p99=5.41 ms | e2e p50/p99/p999=53.50/107.01/112.13 ms | txns=60145 msgs=60145 aborts=0 errs=0 avg=1.00 commit p50/p99/p999=3.86/6.05/9.15 ms | cpu=27.9%
    p2: in offered=65010 achieved=65010 shed=0 | out consumed=65103 errs push=0 pop=0 ack=0 | produce p99=5.28 ms | e2e p50/p99/p999=54.53/107.01/112.13 ms | txns=66748 msgs=66748 aborts=0 errs=0 avg=1.00 commit p50/p99/p999=3.63/5.92/8.90 ms | cpu=29.9%
    p3: in offered=65000 achieved=65000 shed=0 | out consumed=65228 errs push=0 pop=0 ack=0 | produce p99=5.09 ms | e2e p50/p99/p999=52.48/105.98/111.10 ms | txns=69170 msgs=69170 aborts=0 errs=0 avg=1.00 commit p50/p99/p999=3.57/5.92/7.84 ms | cpu=32.2%
    p4: in offered=64990 achieved=64990 shed=0 | out consumed=64510 errs push=0 pop=0 ack=0 | produce p99=5.22 ms | e2e p50/p99/p999=52.48/105.98/111.10 ms | txns=59373 msgs=59373 aborts=0 errs=0 avg=1.00 commit p50/p99/p999=3.89/6.05/8.38 ms | cpu=29.6%
    p5: in offered=65000 achieved=65000 shed=0 | out consumed=64925 errs push=0 pop=0 ack=0 | produce p99=5.09 ms | e2e p50/p99/p999=52.48/105.98/111.10 ms | txns=64124 msgs=64124 aborts=0 errs=0 avg=1.00 commit p50/p99/p999=3.70/5.98/8.64 ms | cpu=31.0%
    p6: in offered=65000 achieved=65000 shed=0 | out consumed=65502 errs push=0 pop=0 ack=0 | produce p99=4.96 ms | e2e p50/p99/p999=52.48/105.98/111.10 ms | txns=71003 msgs=71003 aborts=0 errs=0 avg=1.00 commit p50/p99/p999=3.50/5.86/8.10 ms | cpu=31.6%
    p7: in offered=64990 achieved=64990 shed=0 | out consumed=64940 errs push=0 pop=0 ack=0 | produce p99=5.54 ms | e2e p50/p99/p999=52.48/105.98/111.10 ms | txns=59669 msgs=59669 aborts=0 errs=0 avg=1.00 commit p50/p99/p999=3.86/6.05/8.77 ms | cpu=28.6%
    p8: in offered=65010 achieved=65010 shed=0 | out consumed=64336 errs push=0 pop=0 ack=0 | produce p99=5.28 ms | e2e p50/p99/p999=52.99/105.98/111.10 ms | txns=63803 msgs=63803 aborts=0 errs=0 avg=1.00 commit p50/p99/p999=3.73/5.98/8.38 ms | cpu=30.2%
    total: 9/9 processes with a final line | input msgs offered=585000 achieved=585000 shed=0 | output consumed=585000 | transactions=585000 msgs=585000 avg=1.00 msg/txn aborts=0 txnErrors=0 | errors=0 | worst produce p99=5.54 ms | worst e2e p99=107.01 ms | worst commit p99=6.05 ms
    verifier: PASS: duplicates=0 dup_records=0 missing=0 pending_in=0 in_and_out=0 extra=0
    durability (queen): raft: 3 copies, ack after 2 fsyncs; one transaction = one raft entry (acks + pushes, all-or-nothing), the pop lease as the fence
[2026-10-01T18:55:37Z] txn queen/1x200-t1-9k:    stopping the cluster (data kept until the next reset)
[2026-10-01T18:55:38Z] txn queen/1x200-t1-9k: DONE in 243s -> /Users/alice/Work/queen/benchmark-queen/2026-09-30-kafka-pulsar/runs/txn/queen/1x200-t1-9k (PASS: duplicates=0 dup_records=0 missing=0 pending_in=0 in_and_out=0 extra=0)
