qload tag=1x200-t10-144k-w396-pw1-b100-p3 loader=3/9 mode=batch rate=16000 msg/s batch=100 batch-max=0 max-inflight=5000 ramp=10s duration=1m10s report=10s drain=1m0s GOMAXPROCS=16 GOGC=400 seed=1790885574263851779
  offered: 16000 msg/s = 160.0 units/s (avg 100.0 msgs/unit) across 4 pacer workers (40.00 units/s each)
  topics: 1 x 200 partitions (x1x200-t10-144k-w396-pw1-b100..x1x200-t10-144k-w396-pw1-b100), entities/topic=0 (explicit partition) | picker: topics=rr entities: rr over space=200 starting at 66
  payload: goload jsonEvent target 256 B, avg 289.5 B raw, ~319 B stamped ({"ts":µs,"src":3,...}), pool 64x100
  consumers: 44 here (ci 132..175 of 396), poll=1000 proc-us=0 ack=async ack-inflight=256 local-src=[3 4 5]
  queen: url=http://10.114.0.2:6632 (of 3) conns=2048 timeout=30s pop-width=1 pop-batch=1000 pop-timeout=2s lease=10s | configure: leaseTime=30 completedRetention=3600 dedup=0 retryLimit=1000000 | txn: x1x200-t10-144k-w396-pw1-b100-in -> workers (txn-size 10, linger 1s, one /transaction = acks with leases + pushes) -> x1x200-t10-144k-w396-pw1-b100-out, 44 read-committed readers
  [queen] http://10.114.0.2:6632 healthy: version 2.0.0-beta.2, this node leader
  [txn] 44 workers (ci 132..175 of 396): x1x200-t10-144k-w396-pw1-b100-in -> x1x200-t10-144k-w396-pw1-b100-out, txn-size 10, linger 1s, pop width 1, lease 10s
  [consume] 44 consumers of x1x200-t10-144k-w396-pw1-b100-out: pop width 1, batch 1000, long poll 2s, lease 10s, async batch acks (ack-inflight 256)
READY 1790885344807
[start] waiting 9.219s for the common start 1790885374888
[start] GO 20:09:34.888 (unix ms 1790885374888)
[20:09:44] offered=     8000/s achieved=     7990/s shed=        0/s inflight=     1 | p50=   7.52 p99=   16.77 p999=   20.35 ms | push=79900 pop=68260 lag=11640 | errs push=0 pop=0 empty=773 gor=350 | ack=     6810/s ackErr=0 ackAvg=9.45ms | e2e p50=111.10 p99=798.72 p999=872.45 n=68260 | e2e_local p50=112.13 p99=806.91 n=21570
[txn] 20:09:44 txn=     703/s msgs=     7031/s avg= 10.00 msg/txn | commit p50=7.39 p99=21.63 p999=24.96 ms | aborts=0 errs=0 open=3 | in=     7034/s | total txns=7031 msgs=70310 aborts=0 errs=0
[20:09:54] offered=    15999/s achieved=    15999/s shed=        0/s inflight=     1 | p50=   9.92 p99=   17.54 p999=   20.61 ms | push=239900 pop=161910 lag=77990 | errs push=0 pop=0 empty=773 gor=367 | ack=     9353/s ackErr=0 ackAvg=11.94ms | e2e p50=2834.43 p99=5013.50 p999=5144.58 n=93650 | e2e_local p50=2801.66 p99=4947.97 n=31400
[txn] 20:09:54 txn=     954/s msgs=     9536/s avg= 10.00 msg/txn | commit p50=12.61 p99=22.14 p999=24.45 ms | aborts=0 errs=0 open=3 | in=     9536/s | total txns=16568 msgs=165680 aborts=0 errs=0
[20:10:04] offered=    16001/s achieved=    16001/s shed=        0/s inflight=     1 | p50=  10.18 p99=   17.54 p999=   19.58 ms | push=399900 pop=253090 lag=146810 | errs push=0 pop=0 empty=773 gor=355 | ack=     9130/s ackErr=0 ackAvg=12.65ms | e2e p50=7110.66 p99=9371.65 p999=9633.79 n=91180 | e2e_local p50=7110.66 p99=9371.65 n=30790
[txn] 20:10:04 txn=     923/s msgs=     9228/s avg= 10.00 msg/txn | commit p50=12.86 p99=22.66 p999=24.70 ms | aborts=0 errs=0 open=18 | in=     9243/s | total txns=25796 msgs=257960 aborts=0 errs=0
[20:10:14] offered=    16000/s achieved=    16010/s shed=        0/s inflight=     0 | p50=   9.92 p99=   18.05 p999=   19.84 ms | push=560000 pop=343460 lag=216540 | errs push=0 pop=0 empty=773 gor=351 | ack=     9047/s ackErr=0 ackAvg=13.00ms | e2e p50=11599.87 p99=13828.10 p999=14090.24 n=90380 | e2e_local p50=11599.87 p99=13828.10 n=29760
[txn] 20:10:14 txn=     921/s msgs=     9214/s avg= 10.00 msg/txn | commit p50=12.99 p99=23.42 p999=36.61 ms | aborts=0 errs=0 open=5 | in=     9204/s | total txns=35010 msgs=350100 aborts=0 errs=0
[20:10:24] offered=    16000/s achieved=    16000/s shed=        0/s inflight=     0 | p50=   9.92 p99=   17.54 p999=   20.10 ms | push=720000 pop=434840 lag=285160 | errs push=0 pop=0 empty=773 gor=356 | ack=     9134/s ackErr=0 ackAvg=13.18ms | e2e p50=16056.32 p99=18219.01 p999=18481.15 n=91370 | e2e_local p50=16056.32 p99=18219.01 n=30490
[txn] 20:10:24 txn=     932/s msgs=     9321/s avg= 10.00 msg/txn | commit p50=12.86 p99=22.14 p999=24.96 ms | aborts=0 errs=0 open=11 | in=     9324/s | total txns=44331 msgs=443310 aborts=0 errs=0
[20:10:34] offered=    15999/s achieved=    15989/s shed=        0/s inflight=     1 | p50=  10.05 p99=   17.54 p999=   19.58 ms | push=879900 pop=526470 lag=353430 | errs push=0 pop=0 empty=773 gor=364 | ack=     9155/s ackErr=0 ackAvg=13.28ms | e2e p50=20316.16 p99=22675.46 p999=22937.60 n=91630 | e2e_local p50=20316.16 p99=22675.46 n=30580
[txn] 20:10:34 txn=     931/s msgs=     9309/s avg= 10.00 msg/txn | commit p50=12.86 p99=22.91 p999=24.96 ms | aborts=0 errs=0 open=13 | in=     9311/s | total txns=53641 msgs=536410 aborts=0 errs=0
[20:10:44] offered=    16000/s achieved=    16000/s shed=        0/s inflight=     1 | p50=  10.18 p99=   18.82 p999=   20.10 ms | push=1039900 pop=616520 lag=423380 | errs push=0 pop=0 empty=773 gor=368 | ack=     8997/s ackErr=0 ackAvg=13.38ms | e2e p50=24510.46 p99=27131.90 p999=27394.05 n=90050 | e2e_local p50=24510.46 p99=27131.90 n=29790
[txn] 20:10:44 txn=     918/s msgs=     9180/s avg= 10.00 msg/txn | commit p50=12.99 p99=24.45 p999=35.07 ms | aborts=0 errs=0 open=22 | in=     9190/s | total txns=62821 msgs=628210 aborts=0 errs=0
[drain] workers and readers keep going for up to 59.994s (ends early after 3s idle; lag now 423460)
[20:10:54] offered=        0/s achieved=       10/s shed=        0/s inflight=     0 | p50=  10.94 p99=   10.94 p999=   10.94 ms | push=1040000 pop=731870 lag=308130 | errs push=0 pop=0 empty=773 gor=356 | ack=    11547/s ackErr=0 ackAvg=12.97ms | e2e p50=28180.48 p99=30015.49 p999=30277.63 n=115350 | e2e_local p50=28180.48 p99=30015.49 n=38060
[txn] 20:10:54 txn=    1200/s msgs=    11996/s avg= 10.00 msg/txn | commit p50=9.41 p99=18.56 p999=88.58 ms | aborts=0 errs=0 open=12 | in=    11985/s | total txns=74816 msgs=748160 aborts=0 errs=0
[20:11:04] offered=        0/s achieved=        0/s shed=        0/s inflight=     0 | p50=   0.00 p99=    0.00 p999=    0.00 ms | push=1040000 pop=849250 lag=190750 | errs push=0 pop=0 empty=773 gor=352 | ack=    11740/s ackErr=0 ackAvg=12.65ms | e2e p50=31064.06 p99=32899.07 p999=33161.22 n=117380 | e2e_local p50=31064.06 p99=32636.93 n=39660
[txn] 20:11:04 txn=    1208/s msgs=    12076/s avg= 10.00 msg/txn | commit p50=9.41 p99=19.07 p999=83.46 ms | aborts=0 errs=0 open=13 | in=    12077/s | total txns=86892 msgs=868920 aborts=0 errs=0
[20:11:14] offered=        0/s achieved=        0/s shed=        0/s inflight=     0 | p50=   0.00 p99=    0.00 p999=    0.00 ms | push=1040000 pop=965660 lag=74340 | errs push=0 pop=0 empty=773 gor=355 | ack=    11640/s ackErr=0 ackAvg=12.43ms | e2e p50=33816.58 p99=35913.73 p999=35913.73 n=116410 | e2e_local p50=33816.58 p99=35913.73 n=38200
[txn] 20:11:14 txn=    1191/s msgs=    11908/s avg= 10.00 msg/txn | commit p50=9.66 p99=18.30 p999=115.20 ms | aborts=0 errs=0 open=11 | in=    11906/s | total txns=98800 msgs=988000 aborts=0 errs=0
[20:11:24] offered=        0/s achieved=        0/s shed=        0/s inflight=     0 | p50=   0.00 p99=    0.00 p999=    0.00 ms | push=1040000 pop=1046290 lag=-6290 | errs push=0 pop=0 empty=817 gor=343 | ack=     8074/s ackErr=0 ackAvg=12.26ms | e2e p50=36438.02 p99=37486.59 p999=37486.59 n=80630 | e2e_local p50=36438.02 p99=37486.59 n=26540
[txn] 20:11:24 txn=     830/s msgs=     8296/s avg= 10.00 msg/txn | commit p50=8.77 p99=17.54 p999=21.38 ms | aborts=0 errs=0 open=0 | in=     8285/s | total txns=107097 msgs=1070970 aborts=0 errs=0
[drain] idle for 3s after 40.3s: ending the drain (lag -6290)
[info] steady window 60s (after the ramp, before the producers stopped): offered 16000/s pushed 16000/s popped 9138/s cpu 89.6% = 5.60 cores per 100k msg/s (produce+consume)
[final] offered=10400 achieved=10400 shed=0 (msgs: offered=1040000 achieved=1040000 shed=0) pushErr=0 | pushed=1040000 popped=1046290 lag=-6290 | popErr=0 empty=860 | overall p50=9.92 p99=17.79 p999=20.10 ms | acked=1046290 ackErr=0 ackLag=-6290 ackAvg=12.26ms | e2e p50=22413.31 p99=36962.30 p999=37486.59 ms
load_cpu=69.7%
[txn-final] txns=107097 msgs=1070970 aborts=0 errs=0 in=1070970 avg=10.00 msg/txn | commit p50=10.94 p99=22.40 p999=51.46 max=126.46 ms
[ids] ledger /root/bench/runs/txn/queen/1x200-t10-144k-w396-pw1-b100/ids/p3.ids: 1040000 confirmed, 0 failed, 0 unanswered
