qload tag=1x200-t10-144k-w396-pw1-b100-p5 loader=5/9 mode=batch rate=16000 msg/s batch=100 batch-max=0 max-inflight=5000 ramp=10s duration=1m10s report=10s drain=1m0s GOMAXPROCS=16 GOGC=400 seed=1790885574242800511
  offered: 16000 msg/s = 160.0 units/s (avg 100.0 msgs/unit) across 4 pacer workers (40.00 units/s each)
  topics: 1 x 200 partitions (x1x200-t10-144k-w396-pw1-b100..x1x200-t10-144k-w396-pw1-b100), entities/topic=0 (explicit partition) | picker: topics=rr entities: rr over space=200 starting at 111
  payload: goload jsonEvent target 256 B, avg 289.5 B raw, ~320 B stamped ({"ts":µs,"src":5,...}), pool 64x100
  consumers: 44 here (ci 220..263 of 396), poll=1000 proc-us=0 ack=async ack-inflight=256 local-src=[3 4 5]
  queen: url=http://10.114.0.4:6632 (of 3) conns=2048 timeout=30s pop-width=1 pop-batch=1000 pop-timeout=2s lease=10s | configure: leaseTime=30 completedRetention=3600 dedup=0 retryLimit=1000000 | txn: x1x200-t10-144k-w396-pw1-b100-in -> workers (txn-size 10, linger 1s, one /transaction = acks with leases + pushes) -> x1x200-t10-144k-w396-pw1-b100-out, 44 read-committed readers
  [queen] http://10.114.0.4:6632 healthy: version 2.0.0-beta.2, this node follower
  [txn] 44 workers (ci 220..263 of 396): x1x200-t10-144k-w396-pw1-b100-in -> x1x200-t10-144k-w396-pw1-b100-out, txn-size 10, linger 1s, pop width 1, lease 10s
  [consume] 44 consumers of x1x200-t10-144k-w396-pw1-b100-out: pop width 1, batch 1000, long poll 2s, lease 10s, async batch acks (ack-inflight 256)
READY 1790885344815
[start] waiting 9.211s for the common start 1790885374888
[start] GO 20:09:34.888 (unix ms 1790885374888)
[20:09:44] offered=     8000/s achieved=     7960/s shed=        0/s inflight=     4 | p50=   7.84 p99=   18.30 p999=   25.47 ms | push=79600 pop=67520 lag=12080 | errs push=0 pop=0 empty=749 gor=366 | ack=     6745/s ackErr=0 ackAvg=9.80ms | e2e p50=108.03 p99=798.72 p999=864.26 n=67520 | e2e_local p50=111.10 p99=798.72 n=22710
[txn] 20:09:44 txn=     668/s msgs=     6684/s avg= 10.00 msg/txn | commit p50=7.84 p99=20.61 p999=23.94 ms | aborts=0 errs=0 open=3 | in=     6687/s | total txns=6684 msgs=66840 aborts=0 errs=0
[20:09:54] offered=    15999/s achieved=    16009/s shed=        0/s inflight=     3 | p50=  10.82 p99=   18.82 p999=   21.63 ms | push=239700 pop=159510 lag=80190 | errs push=0 pop=0 empty=749 gor=379 | ack=     9185/s ackErr=0 ackAvg=12.31ms | e2e p50=2834.43 p99=5013.50 p999=5144.58 n=91990 | e2e_local p50=2834.43 p99=5013.50 n=30910
[txn] 20:09:54 txn=     909/s msgs=     9094/s avg= 10.00 msg/txn | commit p50=13.12 p99=22.66 p999=25.47 ms | aborts=0 errs=0 open=16 | in=     9107/s | total txns=15778 msgs=157780 aborts=0 errs=0
[20:10:04] offered=    16001/s achieved=    16001/s shed=        0/s inflight=     3 | p50=  11.20 p99=   19.58 p999=   22.66 ms | push=399700 pop=248870 lag=150830 | errs push=0 pop=0 empty=749 gor=374 | ack=     8942/s ackErr=0 ackAvg=12.97ms | e2e p50=7110.66 p99=9502.72 p999=9633.79 n=89360 | e2e_local p50=7110.66 p99=9502.72 n=30260
[txn] 20:10:04 txn=     887/s msgs=     8871/s avg= 10.00 msg/txn | commit p50=13.25 p99=23.17 p999=26.75 ms | aborts=0 errs=0 open=8 | in=     8863/s | total txns=24648 msgs=246480 aborts=0 errs=0
[20:10:14] offered=    15999/s achieved=    16019/s shed=        0/s inflight=     1 | p50=  11.33 p99=   19.33 p999=   22.40 ms | push=559900 pop=337690 lag=222210 | errs push=0 pop=0 empty=749 gor=361 | ack=     8891/s ackErr=0 ackAvg=13.33ms | e2e p50=11599.87 p99=13828.10 p999=13959.17 n=88820 | e2e_local p50=11468.80 p99=13828.10 n=29370
[txn] 20:10:14 txn=     884/s msgs=     8837/s avg= 10.00 msg/txn | commit p50=13.25 p99=23.42 p999=34.05 ms | aborts=0 errs=0 open=6 | in=     8835/s | total txns=33485 msgs=334850 aborts=0 errs=0
[20:10:24] offered=    16001/s achieved=    16011/s shed=        0/s inflight=     0 | p50=  11.20 p99=   19.33 p999=   20.35 ms | push=720000 pop=427940 lag=292060 | errs push=0 pop=0 empty=749 gor=364 | ack=     9024/s ackErr=0 ackAvg=13.49ms | e2e p50=16056.32 p99=18219.01 p999=18481.15 n=90250 | e2e_local p50=16056.32 p99=18219.01 n=29480
[txn] 20:10:24 txn=     898/s msgs=     8982/s avg= 10.00 msg/txn | commit p50=12.86 p99=22.66 p999=25.22 ms | aborts=0 errs=0 open=11 | in=     8987/s | total txns=42466 msgs=424660 aborts=0 errs=0
[20:10:34] offered=    16000/s achieved=    15980/s shed=        0/s inflight=     2 | p50=  10.94 p99=   18.82 p999=   28.03 ms | push=879800 pop=518250 lag=361550 | errs push=0 pop=0 empty=749 gor=367 | ack=     9030/s ackErr=0 ackAvg=13.59ms | e2e p50=20316.16 p99=22675.46 p999=22937.60 n=90310 | e2e_local p50=20316.16 p99=22675.46 n=30630
[txn] 20:10:34 txn=     898/s msgs=     8981/s avg= 10.00 msg/txn | commit p50=12.86 p99=23.17 p999=25.98 ms | aborts=0 errs=0 open=16 | in=     8986/s | total txns=51447 msgs=514470 aborts=0 errs=0
[20:10:44] offered=    15999/s achieved=    15989/s shed=        0/s inflight=     3 | p50=  11.07 p99=   19.58 p999=   26.75 ms | push=1039700 pop=607250 lag=432450 | errs push=0 pop=0 empty=749 gor=369 | ack=     8895/s ackErr=0 ackAvg=13.68ms | e2e p50=24510.46 p99=27131.90 p999=27394.05 n=89000 | e2e_local p50=24510.46 p99=27131.90 n=30250
[txn] 20:10:44 txn=     884/s msgs=     8838/s avg= 10.00 msg/txn | commit p50=13.25 p99=24.45 p999=35.58 ms | aborts=0 errs=0 open=9 | in=     8831/s | total txns=60285 msgs=602850 aborts=0 errs=0
[drain] workers and readers keep going for up to 59.994s (ends early after 3s idle; lag now 432700)
[20:10:54] offered=        0/s achieved=       30/s shed=        0/s inflight=     0 | p50=  11.84 p99=   15.42 p999=   15.42 ms | push=1040000 pop=723900 lag=316100 | errs push=0 pop=0 empty=749 gor=362 | ack=    11669/s ackErr=0 ackAvg=13.26ms | e2e p50=28180.48 p99=30015.49 p999=30277.63 n=116650 | e2e_local p50=28180.48 p99=30015.49 n=38830
[txn] 20:10:54 txn=    1140/s msgs=    11403/s avg= 10.00 msg/txn | commit p50=9.92 p99=18.30 p999=82.43 ms | aborts=0 errs=0 open=6 | in=    11400/s | total txns=71688 msgs=716880 aborts=0 errs=0
[20:11:04] offered=        0/s achieved=        0/s shed=        0/s inflight=     0 | p50=   0.00 p99=    0.00 p999=    0.00 ms | push=1040000 pop=841610 lag=198390 | errs push=0 pop=0 empty=749 gor=375 | ack=    11763/s ackErr=0 ackAvg=12.93ms | e2e p50=31064.06 p99=32899.07 p999=33161.22 n=117720 | e2e_local p50=31064.06 p99=32899.07 n=39410
[txn] 20:11:04 txn=    1161/s msgs=    11608/s avg= 10.00 msg/txn | commit p50=9.79 p99=18.56 p999=92.67 ms | aborts=0 errs=0 open=16 | in=    11618/s | total txns=83297 msgs=832970 aborts=0 errs=0
[20:11:14] offered=        0/s achieved=        0/s shed=        0/s inflight=     0 | p50=   0.00 p99=    0.00 p999=    0.00 ms | push=1040000 pop=957800 lag=82200 | errs push=0 pop=0 empty=749 gor=352 | ack=    11625/s ackErr=0 ackAvg=12.70ms | e2e p50=33816.58 p99=35389.44 p999=35913.73 n=116180 | e2e_local p50=33816.58 p99=35389.44 n=38470
[txn] 20:11:14 txn=    1144/s msgs=    11436/s avg= 10.00 msg/txn | commit p50=9.79 p99=18.05 p999=117.25 ms | aborts=0 errs=0 open=10 | in=    11430/s | total txns=94732 msgs=947320 aborts=0 errs=0
[20:11:24] offered=        0/s achieved=        0/s shed=        0/s inflight=     0 | p50=   0.00 p99=    0.00 p999=    0.00 ms | push=1040000 pop=1038660 lag=1340 | errs push=0 pop=0 empty=793 gor=337 | ack=     8099/s ackErr=0 ackAvg=12.52ms | e2e p50=36438.02 p99=37486.59 p999=37486.59 n=80860 | e2e_local p50=36438.02 p99=37486.59 n=27310
[txn] 20:11:24 txn=     799/s msgs=     7987/s avg= 10.00 msg/txn | commit p50=9.02 p99=16.77 p999=21.38 ms | aborts=0 errs=0 open=0 | in=     7977/s | total txns=102719 msgs=1027190 aborts=0 errs=0
[drain] idle for 3s after 40.3s: ending the drain (lag 1340)
[info] steady window 60s (after the ramp, before the producers stopped): offered 16000/s pushed 16002/s popped 8996/s cpu 89.0% = 5.56 cores per 100k msg/s (produce+consume)
[final] offered=10400 achieved=10400 shed=0 (msgs: offered=1040000 achieved=1040000 shed=0) pushErr=0 | pushed=1040000 popped=1038660 lag=1340 | popErr=0 empty=837 | overall p50=10.94 p99=19.33 p999=23.42 ms | acked=1038660 ackErr=0 ackLag=1340 ackAvg=12.52ms | e2e p50=22413.31 p99=36962.30 p999=37486.59 ms
load_cpu=69.3%
[txn-final] txns=102719 msgs=1027190 aborts=0 errs=0 in=1027190 avg=10.00 msg/txn | commit p50=11.20 p99=22.40 p999=50.94 max=126.46 ms
[ids] ledger /root/bench/runs/txn/queen/1x200-t10-144k-w396-pw1-b100/ids/p5.ids: 1040000 confirmed, 0 failed, 0 unanswered
