qload tag= loader=0/1 mode=batch rate=150000 msg/s batch=10 batch-max=0 max-inflight=5000 ramp=10s duration=16m40s report=10s drain=0s GOMAXPROCS=10 GOGC=400(default) seed=1791599179310831770
  offered: 150000 msg/s = 15000.0 units/s (avg 10.0 msgs/unit) across 64 pacer workers (234.38 units/s each)
  topics: 1 x 2000 partitions (big..big), entities/topic=0 (explicit partition) | picker: topics=rr entities: rr over space=2000 starting at 0
  payload: goload jsonEvent target 1024 B, avg 1027.2 B raw, ~1057 B stamped ({"ts":µs,"src":0,...}), pool 64x10
  consumers: 0 here (ci 0..-1 of 0), poll=1000 proc-us=0 ack=async ack-inflight=256 local-src=[0]
  queen: url=http://127.0.0.1:6632 (of 1) conns=2048 timeout=30s pop-width=10 pop-batch=1000 pop-timeout=2s lease=30s | configure: leaseTime=30 completedRetention=3600 dedup=0 retryLimit=1000000 | plain: consumers pop+ack the queue
  [queen] http://127.0.0.1:6632 healthy: version 2.2.0, this node leader
READY 1791598652838
[start] GO 02:17:32.838 (unix ms 1791598652838)
[02:17:42] offered=    74992/s achieved=    74713/s shed=        0/s inflight=   279 | p50=   5.86 p99=   33.02 p999=   52.48 ms | push=747170 pop=0 lag=747170 | errs push=0 pop=0 empty=0 gor=1648 | ack=        0/s ackErr=0 ackAvg=0.00ms | e2e p50=0.00 p99=0.00 p999=0.00 n=0 | e2e_local p50=0.00 p99=0.00 n=0
[02:17:52] offered=   150003/s achieved=   150107/s shed=        0/s inflight=   179 | p50=   8.03 p99=   33.02 p999=   40.19 ms | push=2248230 pop=0 lag=2248230 | errs push=0 pop=0 empty=0 gor=1549 | ack=        0/s ackErr=0 ackAvg=0.00ms | e2e p50=0.00 p99=0.00 p999=0.00 n=0 | e2e_local p50=0.00 p99=0.00 n=0
[02:18:02] offered=   150010/s achieved=   150126/s shed=        0/s inflight=    59 | p50=   7.33 p99=   34.56 p999=   53.50 ms | push=3749420 pop=0 lag=3749420 | errs push=0 pop=0 empty=0 gor=1852 | ack=        0/s ackErr=0 ackAvg=0.00ms | e2e p50=0.00 p99=0.00 p999=0.00 n=0 | e2e_local p50=0.00 p99=0.00 n=0
[02:18:12] offered=   149998/s achieved=   149996/s shed=        0/s inflight=    59 | p50=   7.52 p99=   61.18 p999=   96.77 ms | push=5249380 pop=0 lag=5249380 | errs push=0 pop=0 empty=0 gor=3004 | ack=        0/s ackErr=0 ackAvg=0.00ms | e2e p50=0.00 p99=0.00 p999=0.00 n=0 | e2e_local p50=0.00 p99=0.00 n=0
[02:18:22] offered=   150001/s achieved=   149931/s shed=        0/s inflight=   131 | p50=   8.16 p99=   43.78 p999=   67.07 ms | push=6748690 pop=0 lag=6748690 | errs push=0 pop=0 empty=0 gor=3076 | ack=        0/s ackErr=0 ackAvg=0.00ms | e2e p50=0.00 p99=0.00 p999=0.00 n=0 | e2e_local p50=0.00 p99=0.00 n=0
[02:18:32] offered=   149984/s achieved=   149961/s shed=        0/s inflight=   157 | p50=   7.97 p99=   35.07 p999=   47.36 ms | push=8248350 pop=0 lag=8248350 | errs push=0 pop=0 empty=0 gor=3102 | ack=        0/s ackErr=0 ackAvg=0.00ms | e2e p50=0.00 p99=0.00 p999=0.00 n=0 | e2e_local p50=0.00 p99=0.00 n=0
[02:18:42] offered=   149999/s achieved=   150029/s shed=        0/s inflight=   125 | p50=   8.16 p99=   37.63 p999=   48.38 ms | push=9748630 pop=0 lag=9748630 | errs push=0 pop=0 empty=0 gor=3070 | ack=        0/s ackErr=0 ackAvg=0.00ms | e2e p50=0.00 p99=0.00 p999=0.00 n=0 | e2e_local p50=0.00 p99=0.00 n=0
[02:18:52] offered=   150001/s achieved=   150057/s shed=        0/s inflight=    71 | p50=   7.71 p99=   41.22 p999=   52.48 ms | push=11249210 pop=0 lag=11249210 | errs push=0 pop=0 empty=0 gor=3016 | ack=        0/s ackErr=0 ackAvg=0.00ms | e2e p50=0.00 p99=0.00 p999=0.00 n=0 | e2e_local p50=0.00 p99=0.00 n=0
[02:19:02] offered=   150005/s achieved=   149991/s shed=        0/s inflight=    86 | p50=   7.58 p99=   41.73 p999=   55.04 ms | push=12749100 pop=0 lag=12749100 | errs push=0 pop=0 empty=0 gor=3031 | ack=        0/s ackErr=0 ackAvg=0.00ms | e2e p50=0.00 p99=0.00 p999=0.00 n=0 | e2e_local p50=0.00 p99=0.00 n=0
[02:19:12] offered=   150005/s achieved=   149977/s shed=        0/s inflight=   104 | p50=   7.52 p99=   45.82 p999=   57.60 ms | push=14248910 pop=0 lag=14248910 | errs push=0 pop=0 empty=0 gor=3049 | ack=        0/s ackErr=0 ackAvg=0.00ms | e2e p50=0.00 p99=0.00 p999=0.00 n=0 | e2e_local p50=0.00 p99=0.00 n=0
[02:19:22] offered=   150004/s achieved=   149988/s shed=        0/s inflight=   126 | p50=   8.26 p99=   48.90 p999=   61.70 ms | push=15748730 pop=0 lag=15748730 | errs push=0 pop=0 empty=0 gor=3071 | ack=        0/s ackErr=0 ackAvg=0.00ms | e2e p50=0.00 p99=0.00 p999=0.00 n=0 | e2e_local p50=0.00 p99=0.00 n=0
[02:19:32] offered=   150000/s achieved=   149959/s shed=        0/s inflight=   167 | p50=   7.84 p99=   43.78 p999=   55.55 ms | push=17248320 pop=0 lag=17248320 | errs push=0 pop=0 empty=0 gor=3113 | ack=        0/s ackErr=0 ackAvg=0.00ms | e2e p50=0.00 p99=0.00 p999=0.00 n=0 | e2e_local p50=0.00 p99=0.00 n=0
[02:19:42] offered=   149999/s achieved=   150107/s shed=        0/s inflight=    61 | p50=   7.33 p99=   47.36 p999=   60.16 ms | push=18749390 pop=0 lag=18749390 | errs push=0 pop=0 empty=0 gor=2354 | ack=        0/s ackErr=0 ackAvg=0.00ms | e2e p50=0.00 p99=0.00 p999=0.00 n=0 | e2e_local p50=0.00 p99=0.00 n=0
[02:19:52] offered=   149983/s achieved=   149979/s shed=        0/s inflight=    67 | p50=   7.90 p99=   39.17 p999=   49.41 ms | push=20249280 pop=0 lag=20249280 | errs push=0 pop=0 empty=0 gor=2048 | ack=        0/s ackErr=0 ackAvg=0.00ms | e2e p50=0.00 p99=0.00 p999=0.00 n=0 | e2e_local p50=0.00 p99=0.00 n=0
[02:20:02] offered=   150009/s achieved=   149944/s shed=        0/s inflight=   132 | p50=   7.52 p99=   36.10 p999=   52.48 ms | push=21748630 pop=0 lag=21748630 | errs push=0 pop=0 empty=0 gor=2114 | ack=        0/s ackErr=0 ackAvg=0.00ms | e2e p50=0.00 p99=0.00 p999=0.00 n=0 | e2e_local p50=0.00 p99=0.00 n=0
[02:20:12] offered=   149996/s achieved=   150061/s shed=        0/s inflight=    65 | p50=   8.10 p99=   44.80 p999=   58.11 ms | push=23249250 pop=0 lag=23249250 | errs push=0 pop=0 empty=0 gor=2046 | ack=        0/s ackErr=0 ackAvg=0.00ms | e2e p50=0.00 p99=0.00 p999=0.00 n=0 | e2e_local p50=0.00 p99=0.00 n=0
[02:20:22] offered=   150004/s achieved=   149976/s shed=        0/s inflight=    93 | p50=   9.15 p99=   43.26 p999=   57.09 ms | push=24749130 pop=0 lag=24749130 | errs push=0 pop=0 empty=0 gor=2075 | ack=        0/s ackErr=0 ackAvg=0.00ms | e2e p50=0.00 p99=0.00 p999=0.00 n=0 | e2e_local p50=0.00 p99=0.00 n=0
[02:20:32] offered=   150005/s achieved=   149985/s shed=        0/s inflight=   111 | p50=   7.84 p99=   40.19 p999=   50.43 ms | push=26248920 pop=0 lag=26248920 | errs push=0 pop=0 empty=0 gor=2092 | ack=        0/s ackErr=0 ackAvg=0.00ms | e2e p50=0.00 p99=0.00 p999=0.00 n=0 | e2e_local p50=0.00 p99=0.00 n=0
[02:20:42] offered=   150005/s achieved=   149978/s shed=        0/s inflight=   138 | p50=   8.03 p99=   38.66 p999=   47.36 ms | push=27748630 pop=0 lag=27748630 | errs push=0 pop=0 empty=0 gor=2119 | ack=        0/s ackErr=0 ackAvg=0.00ms | e2e p50=0.00 p99=0.00 p999=0.00 n=0 | e2e_local p50=0.00 p99=0.00 n=0
[02:20:52] offered=   149996/s achieved=   150038/s shed=        0/s inflight=    97 | p50=   8.51 p99=   47.36 p999=   59.65 ms | push=29249020 pop=0 lag=29249020 | errs push=0 pop=0 empty=0 gor=2058 | ack=        0/s ackErr=0 ackAvg=0.00ms | e2e p50=0.00 p99=0.00 p999=0.00 n=0 | e2e_local p50=0.00 p99=0.00 n=0
[02:21:02] offered=   150002/s achieved=   150026/s shed=        0/s inflight=    73 | p50=   8.51 p99=   47.87 p999=   62.72 ms | push=30749390 pop=0 lag=30749390 | errs push=0 pop=0 empty=0 gor=2214 | ack=        0/s ackErr=0 ackAvg=0.00ms | e2e p50=0.00 p99=0.00 p999=0.00 n=0 | e2e_local p50=0.00 p99=0.00 n=0
[02:21:12] offered=   149995/s achieved=   149971/s shed=        0/s inflight=    98 | p50=   7.97 p99=   37.63 p999=   46.85 ms | push=32249180 pop=0 lag=32249180 | errs push=0 pop=0 empty=0 gor=2239 | ack=        0/s ackErr=0 ackAvg=0.00ms | e2e p50=0.00 p99=0.00 p999=0.00 n=0 | e2e_local p50=0.00 p99=0.00 n=0
[02:21:22] offered=   150001/s achieved=   149999/s shed=        0/s inflight=    92 | p50=   7.71 p99=   37.63 p999=   46.85 ms | push=33748970 pop=0 lag=33748970 | errs push=0 pop=0 empty=0 gor=2233 | ack=        0/s ackErr=0 ackAvg=0.00ms | e2e p50=0.00 p99=0.00 p999=0.00 n=0 | e2e_local p50=0.00 p99=0.00 n=0
[02:21:32] offered=   150000/s achieved=   149957/s shed=        0/s inflight=   148 | p50=   8.26 p99=   41.22 p999=   50.94 ms | push=35248630 pop=0 lag=35248630 | errs push=0 pop=0 empty=0 gor=2289 | ack=        0/s ackErr=0 ackAvg=0.00ms | e2e p50=0.00 p99=0.00 p999=0.00 n=0 | e2e_local p50=0.00 p99=0.00 n=0
[02:21:42] offered=   150004/s achieved=   149937/s shed=        0/s inflight=   210 | p50=   7.39 p99=   36.10 p999=   46.34 ms | push=36747910 pop=0 lag=36747910 | errs push=0 pop=0 empty=0 gor=2351 | ack=        0/s ackErr=0 ackAvg=0.00ms | e2e p50=0.00 p99=0.00 p999=0.00 n=0 | e2e_local p50=0.00 p99=0.00 n=0
[02:21:52] offered=   150001/s achieved=   150108/s shed=        0/s inflight=   101 | p50=   7.78 p99=   35.58 p999=   42.24 ms | push=38249000 pop=0 lag=38249000 | errs push=0 pop=0 empty=0 gor=2242 | ack=        0/s ackErr=0 ackAvg=0.00ms | e2e p50=0.00 p99=0.00 p999=0.00 n=0 | e2e_local p50=0.00 p99=0.00 n=0
[02:22:02] offered=   149993/s achieved=   149988/s shed=        0/s inflight=   110 | p50=   8.16 p99=   36.61 p999=   47.36 ms | push=39748980 pop=0 lag=39748980 | errs push=0 pop=0 empty=0 gor=2251 | ack=        0/s ackErr=0 ackAvg=0.00ms | e2e p50=0.00 p99=0.00 p999=0.00 n=0 | e2e_local p50=0.00 p99=0.00 n=0
[02:22:12] offered=   150008/s achieved=   149986/s shed=        0/s inflight=   128 | p50=   8.26 p99=   40.70 p999=   48.90 ms | push=41248720 pop=0 lag=41248720 | errs push=0 pop=0 empty=0 gor=2269 | ack=        0/s ackErr=0 ackAvg=0.00ms | e2e p50=0.00 p99=0.00 p999=0.00 n=0 | e2e_local p50=0.00 p99=0.00 n=0
[02:22:22] offered=   149997/s achieved=   150022/s shed=        0/s inflight=   104 | p50=   7.97 p99=   34.56 p999=   42.24 ms | push=42748950 pop=0 lag=42748950 | errs push=0 pop=0 empty=0 gor=2247 | ack=        0/s ackErr=0 ackAvg=0.00ms | e2e p50=0.00 p99=0.00 p999=0.00 n=0 | e2e_local p50=0.00 p99=0.00 n=0
[02:22:32] offered=   149993/s achieved=   149896/s shed=        0/s inflight=   202 | p50=   8.03 p99=   46.34 p999=   61.70 ms | push=44247920 pop=0 lag=44247920 | errs push=0 pop=0 empty=0 gor=2189 | ack=        0/s ackErr=0 ackAvg=0.00ms | e2e p50=0.00 p99=0.00 p999=0.00 n=0 | e2e_local p50=0.00 p99=0.00 n=0
[02:22:42] offered=   150009/s achieved=   150118/s shed=        0/s inflight=    91 | p50=   7.78 p99=   36.61 p999=   48.38 ms | push=45749080 pop=0 lag=45749080 | errs push=0 pop=0 empty=0 gor=2078 | ack=        0/s ackErr=0 ackAvg=0.00ms | e2e p50=0.00 p99=0.00 p999=0.00 n=0 | e2e_local p50=0.00 p99=0.00 n=0
[02:22:52] offered=   149998/s achieved=   149991/s shed=        0/s inflight=    97 | p50=   7.71 p99=   37.12 p999=   47.36 ms | push=47249140 pop=0 lag=47249140 | errs push=0 pop=0 empty=0 gor=2085 | ack=        0/s ackErr=0 ackAvg=0.00ms | e2e p50=0.00 p99=0.00 p999=0.00 n=0 | e2e_local p50=0.00 p99=0.00 n=0
[02:23:02] offered=   149998/s achieved=   149907/s shed=        0/s inflight=   185 | p50=   8.26 p99=   38.66 p999=   47.87 ms | push=48748110 pop=0 lag=48748110 | errs push=0 pop=0 empty=0 gor=2172 | ack=        0/s ackErr=0 ackAvg=0.00ms | e2e p50=0.00 p99=0.00 p999=0.00 n=0 | e2e_local p50=0.00 p99=0.00 n=0
[02:23:12] offered=   150005/s achieved=   150082/s shed=        0/s inflight=   112 | p50=   8.51 p99=   37.12 p999=   47.36 ms | push=50248910 pop=0 lag=50248910 | errs push=0 pop=0 empty=0 gor=2099 | ack=        0/s ackErr=0 ackAvg=0.00ms | e2e p50=0.00 p99=0.00 p999=0.00 n=0 | e2e_local p50=0.00 p99=0.00 n=0
[02:23:22] offered=   149992/s achieved=   150057/s shed=        0/s inflight=    47 | p50=   7.78 p99=   36.10 p999=   44.29 ms | push=51749460 pop=0 lag=51749460 | errs push=0 pop=0 empty=0 gor=2034 | ack=        0/s ackErr=0 ackAvg=0.00ms | e2e p50=0.00 p99=0.00 p999=0.00 n=0 | e2e_local p50=0.00 p99=0.00 n=0
[02:23:32] offered=   149998/s achieved=   149967/s shed=        0/s inflight=    81 | p50=   7.52 p99=   34.56 p999=   40.19 ms | push=53249220 pop=0 lag=53249220 | errs push=0 pop=0 empty=0 gor=2069 | ack=        0/s ackErr=0 ackAvg=0.00ms | e2e p50=0.00 p99=0.00 p999=0.00 n=0 | e2e_local p50=0.00 p99=0.00 n=0
[02:23:42] offered=   150008/s achieved=   149877/s shed=        0/s inflight=   210 | p50=   7.84 p99=   36.10 p999=   41.73 ms | push=54747970 pop=0 lag=54747970 | errs push=0 pop=0 empty=0 gor=2197 | ack=        0/s ackErr=0 ackAvg=0.00ms | e2e p50=0.00 p99=0.00 p999=0.00 n=0 | e2e_local p50=0.00 p99=0.00 n=0
[02:23:52] offered=   150004/s achieved=   150080/s shed=        0/s inflight=   132 | p50=   8.64 p99=   68.10 p999=   98.82 ms | push=56248700 pop=0 lag=56248700 | errs push=0 pop=0 empty=0 gor=3355 | ack=        0/s ackErr=0 ackAvg=0.00ms | e2e p50=0.00 p99=0.00 p999=0.00 n=0 | e2e_local p50=0.00 p99=0.00 n=0
[02:24:02] offered=   149984/s achieved=   150060/s shed=        0/s inflight=    54 | p50=   8.38 p99=  168.96 p999=  211.97 ms | push=57749340 pop=0 lag=57749340 | errs push=0 pop=0 empty=0 gor=4291 | ack=        0/s ackErr=0 ackAvg=0.00ms | e2e p50=0.00 p99=0.00 p999=0.00 n=0 | e2e_local p50=0.00 p99=0.00 n=0
[02:24:12] offered=   150006/s achieved=   149890/s shed=        0/s inflight=   171 | p50=   8.26 p99=   35.58 p999=   47.36 ms | push=59248200 pop=0 lag=59248200 | errs push=0 pop=0 empty=0 gor=4388 | ack=        0/s ackErr=0 ackAvg=0.00ms | e2e p50=0.00 p99=0.00 p999=0.00 n=0 | e2e_local p50=0.00 p99=0.00 n=0
[02:24:22] offered=   150006/s achieved=   150055/s shed=        0/s inflight=   120 | p50=   8.03 p99=   72.19 p999=  108.03 ms | push=60748760 pop=0 lag=60748760 | errs push=0 pop=0 empty=0 gor=4335 | ack=        0/s ackErr=0 ackAvg=0.00ms | e2e p50=0.00 p99=0.00 p999=0.00 n=0 | e2e_local p50=0.00 p99=0.00 n=0
[02:24:32] offered=   150002/s achieved=   150030/s shed=        0/s inflight=    98 | p50=   7.71 p99=   39.68 p999=   47.36 ms | push=62249120 pop=0 lag=62249120 | errs push=0 pop=0 empty=0 gor=4311 | ack=        0/s ackErr=0 ackAvg=0.00ms | e2e p50=0.00 p99=0.00 p999=0.00 n=0 | e2e_local p50=0.00 p99=0.00 n=0
[02:24:42] offered=   150001/s achieved=   150021/s shed=        0/s inflight=    76 | p50=   7.58 p99=   62.21 p999=   91.65 ms | push=63749260 pop=0 lag=63749260 | errs push=0 pop=0 empty=0 gor=4289 | ack=        0/s ackErr=0 ackAvg=0.00ms | e2e p50=0.00 p99=0.00 p999=0.00 n=0 | e2e_local p50=0.00 p99=0.00 n=0
[02:24:52] offered=   149988/s achieved=   149912/s shed=        0/s inflight=   153 | p50=   7.71 p99=   32.64 p999=   39.17 ms | push=65248540 pop=0 lag=65248540 | errs push=0 pop=0 empty=0 gor=4354 | ack=        0/s ackErr=0 ackAvg=0.00ms | e2e p50=0.00 p99=0.00 p999=0.00 n=0 | e2e_local p50=0.00 p99=0.00 n=0
[02:25:02] offered=   150008/s achieved=   150060/s shed=        0/s inflight=    96 | p50=   8.03 p99=   40.70 p999=   58.11 ms | push=66748970 pop=0 lag=66748970 | errs push=0 pop=0 empty=0 gor=4297 | ack=        0/s ackErr=0 ackAvg=0.00ms | e2e p50=0.00 p99=0.00 p999=0.00 n=0 | e2e_local p50=0.00 p99=0.00 n=0
[02:25:12] offered=   149990/s achieved=   149991/s shed=        0/s inflight=   101 | p50=   7.84 p99=   36.10 p999=   41.22 ms | push=68249080 pop=0 lag=68249080 | errs push=0 pop=0 empty=0 gor=4302 | ack=        0/s ackErr=0 ackAvg=0.00ms | e2e p50=0.00 p99=0.00 p999=0.00 n=0 | e2e_local p50=0.00 p99=0.00 n=0
[02:25:22] offered=   150010/s achieved=   150008/s shed=        0/s inflight=   104 | p50=   8.38 p99=   34.56 p999=   44.29 ms | push=69749090 pop=0 lag=69749090 | errs push=0 pop=0 empty=0 gor=4305 | ack=        0/s ackErr=0 ackAvg=0.00ms | e2e p50=0.00 p99=0.00 p999=0.00 n=0 | e2e_local p50=0.00 p99=0.00 n=0
[02:25:32] offered=   149994/s achieved=   149865/s shed=        0/s inflight=   229 | p50=   9.02 p99=   37.12 p999=   45.31 ms | push=71247620 pop=0 lag=71247620 | errs push=0 pop=0 empty=0 gor=3560 | ack=        0/s ackErr=0 ackAvg=0.00ms | e2e p50=0.00 p99=0.00 p999=0.00 n=0 | e2e_local p50=0.00 p99=0.00 n=0
[02:25:42] offered=   150006/s achieved=   150140/s shed=        0/s inflight=    96 | p50=   7.84 p99=   39.68 p999=   48.38 ms | push=72749040 pop=0 lag=72749040 | errs push=0 pop=0 empty=0 gor=3427 | ack=        0/s ackErr=0 ackAvg=0.00ms | e2e p50=0.00 p99=0.00 p999=0.00 n=0 | e2e_local p50=0.00 p99=0.00 n=0
[02:25:52] offered=   149999/s achieved=   150025/s shed=        0/s inflight=    70 | p50=   8.03 p99=   41.73 p999=   56.06 ms | push=74249340 pop=0 lag=74249340 | errs push=0 pop=0 empty=0 gor=3019 | ack=        0/s ackErr=0 ackAvg=0.00ms | e2e p50=0.00 p99=0.00 p999=0.00 n=0 | e2e_local p50=0.00 p99=0.00 n=0
[02:26:02] offered=   150000/s achieved=   149994/s shed=        0/s inflight=    75 | p50=   7.78 p99=   39.68 p999=   51.46 ms | push=75749210 pop=0 lag=75749210 | errs push=0 pop=0 empty=0 gor=3024 | ack=        0/s ackErr=0 ackAvg=0.00ms | e2e p50=0.00 p99=0.00 p999=0.00 n=0 | e2e_local p50=0.00 p99=0.00 n=0
[02:26:12] offered=   149984/s achieved=   149966/s shed=        0/s inflight=   113 | p50=   7.58 p99=   37.63 p999=   46.85 ms | push=77248940 pop=0 lag=77248940 | errs push=0 pop=0 empty=0 gor=2116 | ack=        0/s ackErr=0 ackAvg=0.00ms | e2e p50=0.00 p99=0.00 p999=0.00 n=0 | e2e_local p50=0.00 p99=0.00 n=0
[02:26:22] offered=   150009/s achieved=   150016/s shed=        0/s inflight=    88 | p50=   8.64 p99=   38.14 p999=   42.24 ms | push=78749130 pop=0 lag=78749130 | errs push=0 pop=0 empty=0 gor=2091 | ack=        0/s ackErr=0 ackAvg=0.00ms | e2e p50=0.00 p99=0.00 p999=0.00 n=0 | e2e_local p50=0.00 p99=0.00 n=0
[02:26:32] offered=   150012/s achieved=   149971/s shed=        0/s inflight=   129 | p50=   8.38 p99=   40.70 p999=   58.62 ms | push=80248750 pop=0 lag=80248750 | errs push=0 pop=0 empty=0 gor=1992 | ack=        0/s ackErr=0 ackAvg=0.00ms | e2e p50=0.00 p99=0.00 p999=0.00 n=0 | e2e_local p50=0.00 p99=0.00 n=0
[02:26:42] offered=   149974/s achieved=   150038/s shed=        0/s inflight=    60 | p50=   8.38 p99=   39.17 p999=   54.53 ms | push=81749230 pop=0 lag=81749230 | errs push=0 pop=0 empty=0 gor=1923 | ack=        0/s ackErr=0 ackAvg=0.00ms | e2e p50=0.00 p99=0.00 p999=0.00 n=0 | e2e_local p50=0.00 p99=0.00 n=0
[02:26:52] offered=   150014/s achieved=   149958/s shed=        0/s inflight=   120 | p50=   7.65 p99=   34.05 p999=   41.22 ms | push=83248710 pop=0 lag=83248710 | errs push=0 pop=0 empty=0 gor=1983 | ack=        0/s ackErr=0 ackAvg=0.00ms | e2e p50=0.00 p99=0.00 p999=0.00 n=0 | e2e_local p50=0.00 p99=0.00 n=0
[02:27:02] offered=   150009/s achieved=   150070/s shed=        0/s inflight=    59 | p50=   7.78 p99=   37.12 p999=   47.87 ms | push=84749410 pop=0 lag=84749410 | errs push=0 pop=0 empty=0 gor=1922 | ack=        0/s ackErr=0 ackAvg=0.00ms | e2e p50=0.00 p99=0.00 p999=0.00 n=0 | e2e_local p50=0.00 p99=0.00 n=0
[02:27:12] offered=   150001/s achieved=   149974/s shed=        0/s inflight=    86 | p50=   7.78 p99=   33.02 p999=   39.17 ms | push=86249150 pop=0 lag=86249150 | errs push=0 pop=0 empty=0 gor=1949 | ack=        0/s ackErr=0 ackAvg=0.00ms | e2e p50=0.00 p99=0.00 p999=0.00 n=0 | e2e_local p50=0.00 p99=0.00 n=0
[02:27:22] offered=   149997/s achieved=   149916/s shed=        0/s inflight=   168 | p50=   6.94 p99=   36.10 p999=   44.80 ms | push=87748380 pop=0 lag=87748380 | errs push=0 pop=0 empty=0 gor=2031 | ack=        0/s ackErr=0 ackAvg=0.00ms | e2e p50=0.00 p99=0.00 p999=0.00 n=0 | e2e_local p50=0.00 p99=0.00 n=0
[02:27:32] offered=   150002/s achieved=   150091/s shed=        0/s inflight=    78 | p50=   7.90 p99=   39.17 p999=   48.38 ms | push=89249220 pop=0 lag=89249220 | errs push=0 pop=0 empty=0 gor=1941 | ack=        0/s ackErr=0 ackAvg=0.00ms | e2e p50=0.00 p99=0.00 p999=0.00 n=0 | e2e_local p50=0.00 p99=0.00 n=0
[02:27:42] offered=   149993/s achieved=   149965/s shed=        0/s inflight=   108 | p50=   8.16 p99=   41.73 p999=   59.65 ms | push=90749000 pop=0 lag=90749000 | errs push=0 pop=0 empty=0 gor=2031 | ack=        0/s ackErr=0 ackAvg=0.00ms | e2e p50=0.00 p99=0.00 p999=0.00 n=0 | e2e_local p50=0.00 p99=0.00 n=0
[02:27:52] offered=   150006/s achieved=   150030/s shed=        0/s inflight=    87 | p50=   7.78 p99=   41.22 p999=   53.50 ms | push=92249270 pop=0 lag=92249270 | errs push=0 pop=0 empty=0 gor=2010 | ack=        0/s ackErr=0 ackAvg=0.00ms | e2e p50=0.00 p99=0.00 p999=0.00 n=0 | e2e_local p50=0.00 p99=0.00 n=0
[02:28:02] offered=   149986/s achieved=   149941/s shed=        0/s inflight=   129 | p50=   8.26 p99=   35.58 p999=   43.26 ms | push=93748620 pop=0 lag=93748620 | errs push=0 pop=0 empty=0 gor=2051 | ack=        0/s ackErr=0 ackAvg=0.00ms | e2e p50=0.00 p99=0.00 p999=0.00 n=0 | e2e_local p50=0.00 p99=0.00 n=0
[02:28:12] offered=   150012/s achieved=   150015/s shed=        0/s inflight=   122 | p50=   7.65 p99=   37.12 p999=   54.02 ms | push=95248750 pop=0 lag=95248750 | errs push=0 pop=0 empty=0 gor=2045 | ack=        0/s ackErr=0 ackAvg=0.00ms | e2e p50=0.00 p99=0.00 p999=0.00 n=0 | e2e_local p50=0.00 p99=0.00 n=0
[02:28:22] offered=   149999/s achieved=   149986/s shed=        0/s inflight=   137 | p50=   7.78 p99=   36.61 p999=   46.34 ms | push=96748650 pop=0 lag=96748650 | errs push=0 pop=0 empty=0 gor=2060 | ack=        0/s ackErr=0 ackAvg=0.00ms | e2e p50=0.00 p99=0.00 p999=0.00 n=0 | e2e_local p50=0.00 p99=0.00 n=0
[02:28:32] offered=   150005/s achieved=   150031/s shed=        0/s inflight=   111 | p50=   7.84 p99=   46.85 p999=   71.17 ms | push=98248900 pop=0 lag=98248900 | errs push=0 pop=0 empty=0 gor=2508 | ack=        0/s ackErr=0 ackAvg=0.00ms | e2e p50=0.00 p99=0.00 p999=0.00 n=0 | e2e_local p50=0.00 p99=0.00 n=0
[02:28:42] offered=   149995/s achieved=   150049/s shed=        0/s inflight=    57 | p50=   7.84 p99=   35.58 p999=   51.97 ms | push=99749420 pop=0 lag=99749420 | errs push=0 pop=0 empty=0 gor=2454 | ack=        0/s ackErr=0 ackAvg=0.00ms | e2e p50=0.00 p99=0.00 p999=0.00 n=0 | e2e_local p50=0.00 p99=0.00 n=0
[02:28:52] offered=   150002/s achieved=   149976/s shed=        0/s inflight=    84 | p50=   7.84 p99=   35.58 p999=   52.48 ms | push=101249150 pop=0 lag=101249150 | errs push=0 pop=0 empty=0 gor=2481 | ack=        0/s ackErr=0 ackAvg=0.00ms | e2e p50=0.00 p99=0.00 p999=0.00 n=0 | e2e_local p50=0.00 p99=0.00 n=0
[02:29:02] offered=   150001/s achieved=   149960/s shed=        0/s inflight=   124 | p50=   7.71 p99=   35.58 p999=   46.34 ms | push=102748780 pop=0 lag=102748780 | errs push=0 pop=0 empty=0 gor=2520 | ack=        0/s ackErr=0 ackAvg=0.00ms | e2e p50=0.00 p99=0.00 p999=0.00 n=0 | e2e_local p50=0.00 p99=0.00 n=0
[02:29:12] offered=   150002/s achieved=   150055/s shed=        0/s inflight=    71 | p50=   7.84 p99=   41.22 p999=   58.11 ms | push=104249300 pop=0 lag=104249300 | errs push=0 pop=0 empty=0 gor=2468 | ack=        0/s ackErr=0 ackAvg=0.00ms | e2e p50=0.00 p99=0.00 p999=0.00 n=0 | e2e_local p50=0.00 p99=0.00 n=0
[02:29:22] offered=   149997/s achieved=   149975/s shed=        0/s inflight=    95 | p50=   7.97 p99=   54.53 p999=   99.84 ms | push=105749050 pop=0 lag=105749050 | errs push=0 pop=0 empty=0 gor=3283 | ack=        0/s ackErr=0 ackAvg=0.00ms | e2e p50=0.00 p99=0.00 p999=0.00 n=0 | e2e_local p50=0.00 p99=0.00 n=0
[02:29:32] offered=   149984/s achieved=   149971/s shed=        0/s inflight=   108 | p50=   8.51 p99=   41.22 p999=   64.77 ms | push=107248790 pop=0 lag=107248790 | errs push=0 pop=0 empty=0 gor=3297 | ack=        0/s ackErr=0 ackAvg=0.00ms | e2e p50=0.00 p99=0.00 p999=0.00 n=0 | e2e_local p50=0.00 p99=0.00 n=0
[02:29:42] offered=   150013/s achieved=   150028/s shed=        0/s inflight=    91 | p50=   8.03 p99=   46.85 p999=  103.94 ms | push=108749080 pop=0 lag=108749080 | errs push=0 pop=0 empty=0 gor=3526 | ack=        0/s ackErr=0 ackAvg=0.00ms | e2e p50=0.00 p99=0.00 p999=0.00 n=0 | e2e_local p50=0.00 p99=0.00 n=0
[02:29:52] offered=   150007/s achieved=   150022/s shed=        0/s inflight=    76 | p50=   9.41 p99=   61.18 p999=   79.36 ms | push=110249270 pop=0 lag=110249270 | errs push=0 pop=0 empty=0 gor=3511 | ack=        0/s ackErr=0 ackAvg=0.00ms | e2e p50=0.00 p99=0.00 p999=0.00 n=0 | e2e_local p50=0.00 p99=0.00 n=0
[02:30:02] offered=   149995/s achieved=   149993/s shed=        0/s inflight=    78 | p50=   8.16 p99=   33.54 p999=   41.22 ms | push=111749210 pop=0 lag=111749210 | errs push=0 pop=0 empty=0 gor=3513 | ack=        0/s ackErr=0 ackAvg=0.00ms | e2e p50=0.00 p99=0.00 p999=0.00 n=0 | e2e_local p50=0.00 p99=0.00 n=0
[02:30:12] offered=   150002/s achieved=   149977/s shed=        0/s inflight=   103 | p50=   8.38 p99=  193.54 p999=  238.59 ms | push=113248980 pop=0 lag=113248980 | errs push=0 pop=0 empty=0 gor=4284 | ack=        0/s ackErr=0 ackAvg=0.00ms | e2e p50=0.00 p99=0.00 p999=0.00 n=0 | e2e_local p50=0.00 p99=0.00 n=0
[02:30:22] offered=   149992/s achieved=   150009/s shed=        0/s inflight=    88 | p50=   8.26 p99=   40.19 p999=   49.92 ms | push=114749060 pop=0 lag=114749060 | errs push=0 pop=0 empty=0 gor=4269 | ack=        0/s ackErr=0 ackAvg=0.00ms | e2e p50=0.00 p99=0.00 p999=0.00 n=0 | e2e_local p50=0.00 p99=0.00 n=0
[02:30:32] offered=   150011/s achieved=   150018/s shed=        0/s inflight=    81 | p50=   8.10 p99=   36.10 p999=   50.94 ms | push=116249260 pop=0 lag=116249260 | errs push=0 pop=0 empty=0 gor=4262 | ack=        0/s ackErr=0 ackAvg=0.00ms | e2e p50=0.00 p99=0.00 p999=0.00 n=0 | e2e_local p50=0.00 p99=0.00 n=0
[02:30:42] offered=   149986/s achieved=   149597/s shed=        0/s inflight=   474 | p50=   9.54 p99=   37.63 p999=   47.36 ms | push=117745220 pop=0 lag=117745220 | errs push=0 pop=0 empty=0 gor=4655 | ack=        0/s ackErr=0 ackAvg=0.00ms | e2e p50=0.00 p99=0.00 p999=0.00 n=0 | e2e_local p50=0.00 p99=0.00 n=0
[02:30:52] offered=   149997/s achieved=   150338/s shed=        0/s inflight=   129 | p50=   8.16 p99=   39.17 p999=   51.97 ms | push=119248640 pop=0 lag=119248640 | errs push=0 pop=0 empty=0 gor=4310 | ack=        0/s ackErr=0 ackAvg=0.00ms | e2e p50=0.00 p99=0.00 p999=0.00 n=0 | e2e_local p50=0.00 p99=0.00 n=0
[02:31:02] offered=   150002/s achieved=   150020/s shed=        0/s inflight=   111 | p50=   8.16 p99=   39.17 p999=   52.48 ms | push=120748780 pop=0 lag=120748780 | errs push=0 pop=0 empty=0 gor=4292 | ack=        0/s ackErr=0 ackAvg=0.00ms | e2e p50=0.00 p99=0.00 p999=0.00 n=0 | e2e_local p50=0.00 p99=0.00 n=0
[02:31:12] offered=   150010/s achieved=   150047/s shed=        0/s inflight=    74 | p50=   7.97 p99=   38.14 p999=   51.46 ms | push=122249270 pop=0 lag=122249270 | errs push=0 pop=0 empty=0 gor=4255 | ack=        0/s ackErr=0 ackAvg=0.00ms | e2e p50=0.00 p99=0.00 p999=0.00 n=0 | e2e_local p50=0.00 p99=0.00 n=0
[02:31:22] offered=   149994/s achieved=   149981/s shed=        0/s inflight=    88 | p50=   8.26 p99=   37.12 p999=   47.36 ms | push=123749080 pop=0 lag=123749080 | errs push=0 pop=0 empty=0 gor=4269 | ack=        0/s ackErr=0 ackAvg=0.00ms | e2e p50=0.00 p99=0.00 p999=0.00 n=0 | e2e_local p50=0.00 p99=0.00 n=0
[02:31:32] offered=   150000/s achieved=   149984/s shed=        0/s inflight=   102 | p50=   8.16 p99=   35.58 p999=   44.29 ms | push=125248920 pop=0 lag=125248920 | errs push=0 pop=0 empty=0 gor=4282 | ack=        0/s ackErr=0 ackAvg=0.00ms | e2e p50=0.00 p99=0.00 p999=0.00 n=0 | e2e_local p50=0.00 p99=0.00 n=0
[02:31:42] offered=   150004/s achieved=   150004/s shed=        0/s inflight=   102 | p50=   8.03 p99=   39.68 p999=   60.16 ms | push=126748970 pop=0 lag=126748970 | errs push=0 pop=0 empty=0 gor=2157 | ack=        0/s ackErr=0 ackAvg=0.00ms | e2e p50=0.00 p99=0.00 p999=0.00 n=0 | e2e_local p50=0.00 p99=0.00 n=0
[02:31:52] offered=   150001/s achieved=   149995/s shed=        0/s inflight=   108 | p50=   7.90 p99=   39.17 p999=   47.87 ms | push=128248910 pop=0 lag=128248910 | errs push=0 pop=0 empty=0 gor=2163 | ack=        0/s ackErr=0 ackAvg=0.00ms | e2e p50=0.00 p99=0.00 p999=0.00 n=0 | e2e_local p50=0.00 p99=0.00 n=0
[02:32:02] offered=   149992/s achieved=   150011/s shed=        0/s inflight=    88 | p50=   8.03 p99=   41.73 p999=   56.58 ms | push=129749040 pop=0 lag=129749040 | errs push=0 pop=0 empty=0 gor=2143 | ack=        0/s ackErr=0 ackAvg=0.00ms | e2e p50=0.00 p99=0.00 p999=0.00 n=0 | e2e_local p50=0.00 p99=0.00 n=0
[02:32:12] offered=   149993/s achieved=   149984/s shed=        0/s inflight=    98 | p50=   8.26 p99=   38.66 p999=   47.87 ms | push=131248880 pop=0 lag=131248880 | errs push=0 pop=0 empty=0 gor=2153 | ack=        0/s ackErr=0 ackAvg=0.00ms | e2e p50=0.00 p99=0.00 p999=0.00 n=0 | e2e_local p50=0.00 p99=0.00 n=0
[02:32:22] offered=   150018/s achieved=   149964/s shed=        0/s inflight=   151 | p50=   8.38 p99=   37.12 p999=   45.31 ms | push=132748500 pop=0 lag=132748500 | errs push=0 pop=0 empty=0 gor=2206 | ack=        0/s ackErr=0 ackAvg=0.00ms | e2e p50=0.00 p99=0.00 p999=0.00 n=0 | e2e_local p50=0.00 p99=0.00 n=0
[02:32:32] offered=   149995/s achieved=   150060/s shed=        0/s inflight=    87 | p50=   8.26 p99=   38.66 p999=   51.97 ms | push=134249100 pop=0 lag=134249100 | errs push=0 pop=0 empty=0 gor=2142 | ack=        0/s ackErr=0 ackAvg=0.00ms | e2e p50=0.00 p99=0.00 p999=0.00 n=0 | e2e_local p50=0.00 p99=0.00 n=0
[02:32:42] offered=   150001/s achieved=   149985/s shed=        0/s inflight=   102 | p50=   8.03 p99=   34.05 p999=   44.80 ms | push=135748970 pop=0 lag=135748970 | errs push=0 pop=0 empty=0 gor=2157 | ack=        0/s ackErr=0 ackAvg=0.00ms | e2e p50=0.00 p99=0.00 p999=0.00 n=0 | e2e_local p50=0.00 p99=0.00 n=0
[02:32:52] offered=   149983/s achieved=   149978/s shed=        0/s inflight=   108 | p50=   8.10 p99=   42.24 p999=   52.48 ms | push=137248790 pop=0 lag=137248790 | errs push=0 pop=0 empty=0 gor=2164 | ack=        0/s ackErr=0 ackAvg=0.00ms | e2e p50=0.00 p99=0.00 p999=0.00 n=0 | e2e_local p50=0.00 p99=0.00 n=0
[02:33:02] offered=   150018/s achieved=   150039/s shed=        0/s inflight=    86 | p50=   7.97 p99=   36.10 p999=   42.24 ms | push=138749140 pop=0 lag=138749140 | errs push=0 pop=0 empty=0 gor=2141 | ack=        0/s ackErr=0 ackAvg=0.00ms | e2e p50=0.00 p99=0.00 p999=0.00 n=0 | e2e_local p50=0.00 p99=0.00 n=0
[02:33:12] offered=   149999/s achieved=   149917/s shed=        0/s inflight=   173 | p50=   8.16 p99=   37.63 p999=   45.31 ms | push=140248370 pop=0 lag=140248370 | errs push=0 pop=0 empty=0 gor=2016 | ack=        0/s ackErr=0 ackAvg=0.00ms | e2e p50=0.00 p99=0.00 p999=0.00 n=0 | e2e_local p50=0.00 p99=0.00 n=0
[02:33:22] offered=   149987/s achieved=   150091/s shed=        0/s inflight=    66 | p50=   8.38 p99=   37.12 p999=   43.78 ms | push=141749270 pop=0 lag=141749270 | errs push=0 pop=0 empty=0 gor=1909 | ack=        0/s ackErr=0 ackAvg=0.00ms | e2e p50=0.00 p99=0.00 p999=0.00 n=0 | e2e_local p50=0.00 p99=0.00 n=0
[02:33:32] offered=   150016/s achieved=   149983/s shed=        0/s inflight=    95 | p50=   8.77 p99=   58.62 p999=   71.17 ms | push=143249030 pop=0 lag=143249030 | errs push=0 pop=0 empty=0 gor=2472 | ack=        0/s ackErr=0 ackAvg=0.00ms | e2e p50=0.00 p99=0.00 p999=0.00 n=0 | e2e_local p50=0.00 p99=0.00 n=0
[02:33:42] offered=   149997/s achieved=   149944/s shed=        0/s inflight=   150 | p50=   8.51 p99=   37.12 p999=   44.80 ms | push=144748500 pop=0 lag=144748500 | errs push=0 pop=0 empty=0 gor=2527 | ack=        0/s ackErr=0 ackAvg=0.00ms | e2e p50=0.00 p99=0.00 p999=0.00 n=0 | e2e_local p50=0.00 p99=0.00 n=0
[02:33:52] offered=   150004/s achieved=   150016/s shed=        0/s inflight=   138 | p50=   8.26 p99=   40.19 p999=   57.09 ms | push=146248640 pop=0 lag=146248640 | errs push=0 pop=0 empty=0 gor=2514 | ack=        0/s ackErr=0 ackAvg=0.00ms | e2e p50=0.00 p99=0.00 p999=0.00 n=0 | e2e_local p50=0.00 p99=0.00 n=0
[02:34:02] offered=   149981/s achieved=   150059/s shed=        0/s inflight=    60 | p50=   8.38 p99=   36.61 p999=   48.38 ms | push=147749240 pop=0 lag=147749240 | errs push=0 pop=0 empty=0 gor=2437 | ack=        0/s ackErr=0 ackAvg=0.00ms | e2e p50=0.00 p99=0.00 p999=0.00 n=0 | e2e_local p50=0.00 p99=0.00 n=0
[02:34:12] offered=   149997/s achieved=   150039/s shed=        0/s inflight=    16 | p50=   8.10 p99=   38.66 p999=   52.99 ms | push=149249820 pop=0 lag=149249820 | errs push=0 pop=0 empty=0 gor=2329 | ack=        0/s ackErr=0 ackAvg=0.00ms | e2e p50=0.00 p99=0.00 p999=0.00 n=0 | e2e_local p50=0.00 p99=0.00 n=0
[info] steady window 990s (after the ramp, before the producers stopped): offered 150000/s pushed 150003/s popped 0/s cpu 174.4% = 1.16 cores per 100k msg/s (produce+consume)
[final] offered=14925000 achieved=14925000 shed=0 (msgs: offered=149250000 achieved=149250000 shed=0) pushErr=0 | pushed=149250000 popped=0 lag=149250000 | popErr=0 empty=0 | overall p50=8.03 p99=40.70 p999=80.38 ms | acked=0 ackErr=0 ackLag=149250000 ackAvg=0.00ms | e2e p50=0.00 p99=0.00 p999=0.00 ms
load_cpu=173.7%
