qload tag=c-rc7-off loader=2/9 mode=batch rate=111111 msg/s batch=100 batch-max=0 max-inflight=5000 ramp=10s duration=5m0s report=10s drain=10s GOMAXPROCS=16 GOGC=400(default) seed=1791629521877961957
  offered: 111111 msg/s = 1111.1 units/s (avg 100.0 msgs/unit) across 23 pacer workers (48.31 units/s each)
  topics: 1 x 500000 partitions (bench..bench), entities/topic=0 (explicit partition) | picker: topics=rr entities: rr over space=500000 starting at 111111
  payload: goload jsonEvent target 256 B, avg 289.6 B raw, ~320 B stamped ({"ts":µs,"src":2,...}), pool 64x100
  consumers: 33 here (ci 66..98 of 297), poll=1000 proc-us=0 ack=async ack-inflight=256 local-src=[0 1 2]
  queen: url=http://10.114.0.18:6632 (of 3) conns=2048 timeout=30s pop-width=10 pop-batch=1000 pop-timeout=2s lease=30s | configure: leaseTime=30 completedRetention=3600 dedup=0 retryLimit=1000000 | plain: consumers pop+ack the queue
  [queen] http://10.114.0.18:6632 healthy: version 2.2.0, this node follower
  [consume] 33 consumers of bench: pop width 10, batch 1000, long poll 2s, lease 30s, async batch acks (ack-inflight 256)
READY 1791629525520
[start] waiting 15.023s for the common start 1791629540543
[start] GO 10:52:20.543 (unix ms 1791629540543)
[10:52:30] offered=    55507/s achieved=    55437/s shed=        0/s inflight=     7 | p50=   6.88 p99=   30.34 p999=   42.75 ms | push=554400 pop=531000 lag=23400 | errs push=0 pop=0 empty=297 gor=231 | ack=    53078/s ackErr=0 ackAvg=9.83ms | e2e p50=19.07 p99=62.72 p999=81.41 n=531000 | e2e_local p50=19.07 p99=60.16 n=179800
[10:52:40] offered=   111115/s achieved=   111125/s shed=        0/s inflight=     8 | p50=   8.77 p99=   48.90 p999=   66.05 ms | push=1665600 pop=1632900 lag=32700 | errs push=0 pop=0 empty=297 gor=303 | ack=   110205/s ackErr=0 ackAvg=12.16ms | e2e p50=24.70 p99=80.38 p999=91.65 n=1101900 | e2e_local p50=24.96 p99=81.41 n=368200
[10:52:50] offered=   111121/s achieved=   111101/s shed=        0/s inflight=     8 | p50=   8.90 p99=   41.22 p999=   58.62 ms | push=2776500 pop=2739900 lag=36600 | errs push=0 pop=0 empty=297 gor=304 | ack=   110561/s ackErr=0 ackAvg=12.67ms | e2e p50=24.70 p99=75.26 p999=98.82 n=1107000 | e2e_local p50=24.70 p99=77.31 n=366100
[10:53:00] offered=   111118/s achieved=   111098/s shed=        0/s inflight=    10 | p50=  10.05 p99=   74.24 p999=   96.77 ms | push=3887500 pop=3867200 lag=20300 | errs push=0 pop=0 empty=297 gor=380 | ack=   112748/s ackErr=0 ackAvg=13.33ms | e2e p50=27.78 p99=118.27 p999=142.34 n=1127300 | e2e_local p50=27.52 p99=118.27 n=368400
[10:53:10] offered=   111122/s achieved=   111102/s shed=        0/s inflight=    12 | p50=  10.30 p99=   91.65 p999=  117.25 ms | push=4998500 pop=4958000 lag=40500 | errs push=0 pop=0 empty=297 gor=421 | ack=   109012/s ackErr=0 ackAvg=13.89ms | e2e p50=28.80 p99=144.38 p999=171.01 n=1090800 | e2e_local p50=28.54 p99=138.24 n=369900
[10:53:20] offered=   111142/s achieved=   111092/s shed=        0/s inflight=    15 | p50=   9.92 p99=   77.31 p999=  108.03 ms | push=6109400 pop=6056200 lag=53200 | errs push=0 pop=0 empty=297 gor=428 | ack=   109492/s ackErr=0 ackAvg=14.07ms | e2e p50=27.78 p99=128.51 p999=148.48 n=1098200 | e2e_local p50=27.78 p99=127.49 n=370800
[10:53:30] offered=   111088/s achieved=   111128/s shed=        0/s inflight=    12 | p50=   9.41 p99=   55.55 p999=   73.22 ms | push=7220700 pop=7148100 lag=72600 | errs push=0 pop=0 empty=297 gor=420 | ack=   109588/s ackErr=0 ackAvg=14.09ms | e2e p50=25.73 p99=87.55 p999=119.30 n=1091900 | e2e_local p50=25.73 p99=87.55 n=366700
[10:53:40] offered=   111091/s achieved=   111141/s shed=        0/s inflight=     8 | p50=  10.30 p99=   82.43 p999=  125.44 ms | push=8332200 pop=8239900 lag=92300 | errs push=0 pop=0 empty=297 gor=439 | ack=   109311/s ackErr=0 ackAvg=14.36ms | e2e p50=28.29 p99=156.67 p999=197.63 n=1091800 | e2e_local p50=28.29 p99=156.67 n=366400
[10:53:50] offered=   111122/s achieved=   111112/s shed=        0/s inflight=     8 | p50=  11.07 p99=   86.53 p999=  115.20 ms | push=9443300 pop=9291500 lag=151800 | errs push=0 pop=0 empty=297 gor=443 | ack=   105092/s ackErr=0 ackAvg=14.65ms | e2e p50=29.82 p99=142.34 p999=158.72 n=1051600 | e2e_local p50=30.08 p99=142.34 n=349100
[10:54:00] offered=   111090/s achieved=   111080/s shed=        0/s inflight=     9 | p50=  11.33 p99=   71.17 p999=   87.55 ms | push=10554200 pop=10385300 lag=168900 | errs push=0 pop=0 empty=297 gor=444 | ack=   109250/s ackErr=0 ackAvg=14.89ms | e2e p50=30.08 p99=122.37 p999=144.38 n=1093800 | e2e_local p50=29.82 p99=122.37 n=367000
[10:54:10] offered=   111116/s achieved=   111146/s shed=        0/s inflight=     6 | p50=  11.84 p99=   82.43 p999=  111.10 ms | push=11665500 pop=11506900 lag=158600 | errs push=0 pop=0 empty=297 gor=443 | ack=   112106/s ackErr=0 ackAvg=15.15ms | e2e p50=31.36 p99=132.10 p999=148.48 n=1121600 | e2e_local p50=31.10 p99=134.14 n=385400
[10:54:20] offered=   111113/s achieved=   111113/s shed=        0/s inflight=     7 | p50=  11.58 p99=   73.22 p999=  140.29 ms | push=12776600 pop=12578800 lag=197800 | errs push=0 pop=0 empty=297 gor=461 | ack=   107293/s ackErr=0 ackAvg=15.32ms | e2e p50=31.10 p99=118.27 p999=177.15 n=1071900 | e2e_local p50=30.85 p99=118.27 n=360500
[10:54:30] offered=   111116/s achieved=   111086/s shed=        0/s inflight=     9 | p50=  11.07 p99=   94.72 p999=  120.32 ms | push=13887600 pop=13688800 lag=198800 | errs push=0 pop=0 empty=297 gor=459 | ack=   110946/s ackErr=0 ackAvg=15.47ms | e2e p50=29.82 p99=140.29 p999=160.77 n=1110000 | e2e_local p50=29.57 p99=138.24 n=375300
[10:54:40] offered=   111099/s achieved=   111119/s shed=        0/s inflight=     8 | p50=  11.46 p99=   84.48 p999=  100.86 ms | push=14998700 pop=14803100 lag=195600 | errs push=0 pop=0 empty=297 gor=457 | ack=   111599/s ackErr=0 ackAvg=15.61ms | e2e p50=31.36 p99=146.43 p999=175.10 n=1114300 | e2e_local p50=31.36 p99=148.48 n=370000
[10:54:50] offered=   111128/s achieved=   111108/s shed=        0/s inflight=    11 | p50=  11.20 p99=   65.28 p999=   88.58 ms | push=16109800 pop=15913800 lag=196000 | errs push=0 pop=0 empty=297 gor=460 | ack=   110988/s ackErr=0 ackAvg=15.71ms | e2e p50=30.34 p99=103.94 p999=113.15 n=1110700 | e2e_local p50=30.34 p99=101.89 n=366500
[10:55:00] offered=   111126/s achieved=   111086/s shed=        0/s inflight=    14 | p50=  11.20 p99=   66.05 p999=   90.62 ms | push=17220600 pop=17044100 lag=176500 | errs push=0 pop=0 empty=297 gor=465 | ack=   112866/s ackErr=0 ackAvg=15.79ms | e2e p50=29.82 p99=116.22 p999=146.43 n=1130300 | e2e_local p50=30.08 p99=117.25 n=373700
[10:55:10] offered=   111131/s achieved=   111081/s shed=        0/s inflight=    17 | p50=  11.84 p99=   65.28 p999=   98.82 ms | push=18331400 pop=18171700 lag=159700 | errs push=0 pop=0 empty=297 gor=470 | ack=   112731/s ackErr=0 ackAvg=15.91ms | e2e p50=31.87 p99=123.39 p999=150.53 n=1127600 | e2e_local p50=31.36 p99=128.51 n=376000
[10:55:20] offered=   111090/s achieved=   111180/s shed=        0/s inflight=    10 | p50=  11.46 p99=   64.26 p999=   87.55 ms | push=19443200 pop=19294800 lag=148400 | errs push=0 pop=0 empty=297 gor=459 | ack=   112510/s ackErr=0 ackAvg=15.97ms | e2e p50=31.10 p99=115.20 p999=132.10 n=1123100 | e2e_local p50=31.10 p99=117.25 n=365100
[10:55:30] offered=   111094/s achieved=   111074/s shed=        0/s inflight=    12 | p50=  11.07 p99=   57.60 p999=   68.10 ms | push=20554000 pop=20410600 lag=143400 | errs push=0 pop=0 empty=297 gor=463 | ack=   111614/s ackErr=0 ackAvg=16.01ms | e2e p50=30.08 p99=101.89 p999=116.22 n=1115800 | e2e_local p50=30.34 p99=101.89 n=369900
[10:55:40] offered=   111095/s achieved=   111125/s shed=        0/s inflight=     9 | p50=  11.33 p99=   58.62 p999=   75.26 ms | push=21665200 pop=21517100 lag=148100 | errs push=0 pop=0 empty=297 gor=460 | ack=   110605/s ackErr=0 ackAvg=16.07ms | e2e p50=30.59 p99=111.10 p999=129.54 n=1106500 | e2e_local p50=30.08 p99=112.13 n=373800
[10:55:50] offered=   111120/s achieved=   111000/s shed=        0/s inflight=    22 | p50=  11.71 p99=   59.65 p999=   79.36 ms | push=22775300 pop=22646200 lag=129100 | errs push=0 pop=0 empty=297 gor=441 | ack=   112680/s ackErr=0 ackAvg=16.15ms | e2e p50=31.36 p99=104.96 p999=124.42 n=1129100 | e2e_local p50=31.36 p99=103.94 n=373300
[10:56:00] offered=   111110/s achieved=   111180/s shed=        0/s inflight=    13 | p50=  11.20 p99=   55.55 p999=   75.26 ms | push=23887000 pop=23767900 lag=119100 | errs push=0 pop=0 empty=297 gor=395 | ack=   112160/s ackErr=0 ackAvg=16.18ms | e2e p50=30.59 p99=105.98 p999=118.27 n=1121700 | e2e_local p50=30.59 p99=105.98 n=371200
[10:56:10] offered=   111102/s achieved=   111162/s shed=        0/s inflight=     7 | p50=  11.71 p99=   63.74 p999=   82.43 ms | push=24998700 pop=24857100 lag=141600 | errs push=0 pop=0 empty=297 gor=368 | ack=   109112/s ackErr=0 ackAvg=16.22ms | e2e p50=31.10 p99=125.44 p999=154.62 n=1089200 | e2e_local p50=31.36 p99=123.39 n=366900
[10:56:20] offered=   111116/s achieved=   111056/s shed=        0/s inflight=    15 | p50=  11.33 p99=   51.97 p999=   69.12 ms | push=26109200 pop=25959500 lag=149700 | errs push=0 pop=0 empty=297 gor=379 | ack=   110116/s ackErr=0 ackAvg=16.25ms | e2e p50=30.08 p99=97.79 p999=111.10 n=1102400 | e2e_local p50=30.08 p99=95.74 n=361900
[10:56:30] offered=   111105/s achieved=   111165/s shed=        0/s inflight=     8 | p50=  11.84 p99=   54.02 p999=   68.10 ms | push=27220900 pop=27097400 lag=123500 | errs push=0 pop=0 empty=297 gor=369 | ack=   113985/s ackErr=0 ackAvg=16.30ms | e2e p50=31.36 p99=102.91 p999=118.27 n=1137900 | e2e_local p50=31.36 p99=101.89 n=387700
[10:56:40] offered=   111136/s achieved=   111116/s shed=        0/s inflight=    11 | p50=  11.84 p99=   53.50 p999=   66.05 ms | push=28332000 pop=28219600 lag=112400 | errs push=0 pop=0 empty=297 gor=361 | ack=   112156/s ackErr=0 ackAvg=16.35ms | e2e p50=31.87 p99=102.91 p999=111.10 n=1122200 | e2e_local p50=31.62 p99=101.89 n=377800
[10:56:50] offered=   111114/s achieved=   111084/s shed=        0/s inflight=    13 | p50=  12.35 p99=   55.04 p999=   75.26 ms | push=29442900 pop=29321300 lag=121600 | errs push=0 pop=0 empty=297 gor=346 | ack=   110154/s ackErr=0 ackAvg=16.41ms | e2e p50=33.02 p99=104.96 p999=124.42 n=1101700 | e2e_local p50=32.38 p99=103.94 n=359900
[10:57:00] offered=   111124/s achieved=   111094/s shed=        0/s inflight=    15 | p50=  12.48 p99=   62.72 p999=   78.34 ms | push=30553900 pop=30441000 lag=112900 | errs push=0 pop=0 empty=297 gor=347 | ack=   112014/s ackErr=0 ackAvg=16.47ms | e2e p50=33.02 p99=110.08 p999=123.39 n=1119700 | e2e_local p50=33.02 p99=110.08 n=371600
[10:57:10] offered=   111097/s achieved=   111107/s shed=        0/s inflight=    16 | p50=  11.97 p99=   44.80 p999=   51.97 ms | push=31664900 pop=31548400 lag=116500 | errs push=0 pop=0 empty=297 gor=347 | ack=   110727/s ackErr=0 ackAvg=16.51ms | e2e p50=32.38 p99=102.91 p999=127.49 n=1107400 | e2e_local p50=32.13 p99=103.94 n=368300
[10:57:20] offered=   111105/s achieved=   111125/s shed=        0/s inflight=    13 | p50=  12.22 p99=   46.34 p999=   58.62 ms | push=32776100 pop=32639100 lag=137000 | errs push=0 pop=0 empty=297 gor=322 | ack=   108995/s ackErr=0 ackAvg=16.54ms | e2e p50=32.38 p99=103.94 p999=130.56 n=1090700 | e2e_local p50=32.38 p99=102.91 n=359900
[drain] consumers keep going for 9.99s (lag now 137400)
[10:57:30] offered=        0/s achieved=      130/s shed=        0/s inflight=     0 | p50=  10.30 p99=   12.86 p999=   12.86 ms | push=32777400 pop=32641900 lag=135500 | errs push=0 pop=0 empty=462 gor=306 | ack=      510/s ackErr=0 ackAvg=16.54ms | e2e p50=23.68 p99=28.80 p999=28.80 n=2800 | e2e_local p50=23.68 p99=28.80 n=1000
[info] steady window 290s (after the ramp, before the producers stopped): offered 111112/s pushed 111110/s popped 110718/s cpu 191.2% = 1.72 cores per 100k msg/s (produce+consume)
[final] offered=327774 achieved=327774 shed=0 (msgs: offered=32777400 achieved=32777400 shed=0) pushErr=0 | pushed=32777400 popped=32641900 lag=135500 | popErr=0 empty=462 | overall p50=10.94 p99=67.07 p999=102.91 ms | acked=32641900 ackErr=0 ackLag=135500 ackAvg=16.54ms | e2e p50=29.82 p99=118.27 p999=154.62 ms
load_cpu=173.6%
