qload tag=c-rc7-off loader=4/9 mode=batch rate=111111 msg/s batch=100 batch-max=0 max-inflight=5000 ramp=10s duration=5m0s report=10s drain=10s GOMAXPROCS=16 GOGC=400(default) seed=1791629525520059482
  offered: 111111 msg/s = 1111.1 units/s (avg 100.0 msgs/unit) across 23 pacer workers (48.31 units/s each)
  topics: 1 x 500000 partitions (bench..bench), entities/topic=0 (explicit partition) | picker: topics=rr entities: rr over space=500000 starting at 222222
  payload: goload jsonEvent target 256 B, avg 289.5 B raw, ~319 B stamped ({"ts":µs,"src":4,...}), pool 64x100
  consumers: 33 here (ci 132..164 of 297), poll=1000 proc-us=0 ack=async ack-inflight=256 local-src=[3 4 5]
  queen: url=http://10.114.0.19:6632 (of 3) conns=2048 timeout=30s pop-width=10 pop-batch=1000 pop-timeout=2s lease=30s | configure: leaseTime=30 completedRetention=3600 dedup=0 retryLimit=1000000 | plain: consumers pop+ack the queue
  [queen] http://10.114.0.19:6632 healthy: version 2.2.0, this node follower
  [consume] 33 consumers of bench: pop width 10, batch 1000, long poll 2s, lease 30s, async batch acks (ack-inflight 256)
READY 1791629521457
[start] waiting 19.085s for the common start 1791629540543
[start] GO 10:52:20.543 (unix ms 1791629540543)
[10:52:30] offered=    55501/s achieved=    55481/s shed=        0/s inflight=     2 | p50=   7.14 p99=   27.78 p999=   40.70 ms | push=554800 pop=549700 lag=5100 | errs push=0 pop=0 empty=363 gor=235 | ack=    54571/s ackErr=0 ackAvg=9.93ms | e2e p50=19.58 p99=61.18 p999=72.19 n=549700 | e2e_local p50=19.33 p99=59.65 n=190100
[10:52:40] offered=   111131/s achieved=   111091/s shed=        0/s inflight=     7 | p50=   9.02 p99=   48.38 p999=   66.05 ms | push=1665700 pop=1668100 lag=-2400 | errs push=0 pop=0 empty=363 gor=293 | ack=   112021/s ackErr=0 ackAvg=12.18ms | e2e p50=24.96 p99=80.38 p999=95.74 n=1118400 | e2e_local p50=24.96 p99=81.41 n=376600
[10:52:50] offered=   111132/s achieved=   111092/s shed=        0/s inflight=    10 | p50=   9.15 p99=   41.22 p999=   51.97 ms | push=2776600 pop=2781700 lag=-5100 | errs push=0 pop=0 empty=363 gor=299 | ack=   111322/s ackErr=0 ackAvg=12.75ms | e2e p50=24.70 p99=75.26 p999=107.01 n=1113600 | e2e_local p50=24.70 p99=74.24 n=375100
[10:53:00] offered=   111129/s achieved=   111099/s shed=        0/s inflight=    13 | p50=  10.30 p99=   73.22 p999=   97.79 ms | push=3887600 pop=3878300 lag=9300 | errs push=0 pop=0 empty=363 gor=387 | ack=   109619/s ackErr=0 ackAvg=13.48ms | e2e p50=27.52 p99=115.20 p999=138.24 n=1096600 | e2e_local p50=27.26 p99=113.15 n=370100
[10:53:10] offered=   111120/s achieved=   111090/s shed=        0/s inflight=    15 | p50=  10.56 p99=   97.79 p999=  121.34 ms | push=4998500 pop=4973000 lag=25500 | errs push=0 pop=0 empty=363 gor=436 | ack=   109590/s ackErr=0 ackAvg=14.01ms | e2e p50=28.54 p99=136.19 p999=171.01 n=1094700 | e2e_local p50=28.80 p99=136.19 n=361000
[10:53:20] offered=   111096/s achieved=   111106/s shed=        0/s inflight=    15 | p50=   9.92 p99=   51.46 p999=   66.05 ms | push=6109600 pop=6087100 lag=22500 | errs push=0 pop=0 empty=363 gor=437 | ack=   111476/s ackErr=0 ackAvg=14.21ms | e2e p50=27.01 p99=88.58 p999=108.03 n=1114100 | e2e_local p50=26.75 p99=87.55 n=368800
[10:53:30] offered=   111133/s achieved=   111143/s shed=        0/s inflight=    13 | p50=   9.66 p99=   56.58 p999=   72.19 ms | push=7221000 pop=7215800 lag=5200 | errs push=0 pop=0 empty=363 gor=433 | ack=   112973/s ackErr=0 ackAvg=14.23ms | e2e p50=26.24 p99=87.55 p999=125.44 n=1128700 | e2e_local p50=26.24 p99=87.55 n=381500
[10:53:40] offered=   111059/s achieved=   111119/s shed=        0/s inflight=     8 | p50=  10.56 p99=   85.50 p999=  132.10 ms | push=8332600 pop=8349900 lag=-17300 | errs push=0 pop=0 empty=363 gor=462 | ack=   113239/s ackErr=0 ackAvg=14.46ms | e2e p50=28.29 p99=136.19 p999=185.34 n=1134100 | e2e_local p50=28.80 p99=138.24 n=377800
[10:53:50] offered=   111132/s achieved=   111142/s shed=        0/s inflight=     5 | p50=  11.20 p99=   84.48 p999=  121.34 ms | push=9443600 pop=9418500 lag=25100 | errs push=0 pop=0 empty=363 gor=458 | ack=   107000/s ackErr=0 ackAvg=14.77ms | e2e p50=29.57 p99=132.10 p999=150.53 n=1068600 | e2e_local p50=29.57 p99=132.10 n=355000
[10:54:00] offered=   111099/s achieved=   111099/s shed=        0/s inflight=     6 | p50=  11.46 p99=   68.10 p999=   86.53 ms | push=10554600 pop=10532200 lag=22400 | errs push=0 pop=0 empty=363 gor=462 | ack=   111059/s ackErr=0 ackAvg=14.99ms | e2e p50=30.34 p99=126.46 p999=146.43 n=1113700 | e2e_local p50=30.34 p99=125.44 n=379500
[10:54:10] offered=   111090/s achieved=   111110/s shed=        0/s inflight=     5 | p50=  11.97 p99=   81.41 p999=  108.03 ms | push=11665700 pop=11609500 lag=56200 | errs push=0 pop=0 empty=363 gor=460 | ack=   107910/s ackErr=0 ackAvg=15.25ms | e2e p50=32.13 p99=134.14 p999=162.82 n=1077300 | e2e_local p50=32.38 p99=134.14 n=354300
[10:54:20] offered=   111113/s achieved=   111113/s shed=        0/s inflight=     5 | p50=  11.71 p99=   74.24 p999=  134.14 ms | push=12776800 pop=12731600 lag=45200 | errs push=0 pop=0 empty=363 gor=459 | ack=   112183/s ackErr=0 ackAvg=15.42ms | e2e p50=31.62 p99=126.46 p999=168.96 n=1122100 | e2e_local p50=31.10 p99=126.46 n=382200
[10:54:30] offered=   111115/s achieved=   111105/s shed=        0/s inflight=     7 | p50=  11.33 p99=   97.79 p999=  117.25 ms | push=13887900 pop=13820600 lag=67300 | errs push=0 pop=0 empty=363 gor=460 | ack=   108995/s ackErr=0 ackAvg=15.58ms | e2e p50=30.08 p99=144.38 p999=191.49 n=1089000 | e2e_local p50=29.82 p99=150.53 n=356000
[10:54:40] offered=   111135/s achieved=   111095/s shed=        0/s inflight=    10 | p50=  11.84 p99=   83.46 p999=  103.94 ms | push=14998800 pop=14916900 lag=81900 | errs push=0 pop=0 empty=363 gor=467 | ack=   109535/s ackErr=0 ackAvg=15.73ms | e2e p50=31.36 p99=144.38 p999=168.96 n=1096300 | e2e_local p50=31.62 p99=144.38 n=365700
[10:54:50] offered=   111139/s achieved=   111099/s shed=        0/s inflight=    15 | p50=  11.46 p99=   64.26 p999=   96.77 ms | push=16109900 pop=16028000 lag=81900 | errs push=0 pop=0 empty=363 gor=468 | ack=   111229/s ackErr=0 ackAvg=15.80ms | e2e p50=30.34 p99=112.13 p999=138.24 n=1111100 | e2e_local p50=30.59 p99=108.03 n=371500
[10:55:00] offered=   111102/s achieved=   111092/s shed=        0/s inflight=    16 | p50=  11.33 p99=   63.23 p999=   89.60 ms | push=17220700 pop=17146700 lag=74000 | errs push=0 pop=0 empty=363 gor=468 | ack=   111942/s ackErr=0 ackAvg=15.88ms | e2e p50=30.34 p99=118.27 p999=140.29 n=1118700 | e2e_local p50=30.59 p99=121.34 n=365600
[10:55:10] offered=   111108/s achieved=   111078/s shed=        0/s inflight=    17 | p50=  11.97 p99=   62.72 p999=   93.70 ms | push=18331500 pop=18213500 lag=118000 | errs push=0 pop=0 empty=363 gor=470 | ack=   106108/s ackErr=0 ackAvg=15.99ms | e2e p50=31.62 p99=125.44 p999=150.53 n=1066800 | e2e_local p50=31.87 p99=124.42 n=350700
[10:55:20] offered=   111132/s achieved=   111162/s shed=        0/s inflight=    14 | p50=  11.58 p99=   63.74 p999=   88.58 ms | push=19443100 pop=19321400 lag=121700 | errs push=0 pop=0 empty=363 gor=466 | ack=   111222/s ackErr=0 ackAvg=16.05ms | e2e p50=31.36 p99=115.20 p999=138.24 n=1107900 | e2e_local p50=31.10 p99=115.20 n=376600
[10:55:30] offered=   111089/s achieved=   111119/s shed=        0/s inflight=    13 | p50=  11.33 p99=   56.58 p999=   67.07 ms | push=20554300 pop=20413000 lag=141300 | errs push=0 pop=0 empty=363 gor=463 | ack=   109059/s ackErr=0 ackAvg=16.08ms | e2e p50=30.08 p99=100.86 p999=114.18 n=1091600 | e2e_local p50=30.08 p99=99.84 n=365100
[10:55:40] offered=   111098/s achieved=   111088/s shed=        0/s inflight=    13 | p50=  11.46 p99=   58.11 p999=   77.31 ms | push=21665200 pop=21525400 lag=139800 | errs push=0 pop=0 empty=363 gor=467 | ack=   111228/s ackErr=0 ackAvg=16.13ms | e2e p50=30.59 p99=111.10 p999=129.54 n=1112400 | e2e_local p50=30.59 p99=116.22 n=374500
[10:55:50] offered=   111095/s achieved=   111015/s shed=        0/s inflight=    21 | p50=  11.84 p99=   57.60 p999=   79.36 ms | push=22775400 pop=22591800 lag=183600 | errs push=0 pop=0 empty=363 gor=438 | ack=   106685/s ackErr=0 ackAvg=16.19ms | e2e p50=30.85 p99=102.91 p999=122.37 n=1066400 | e2e_local p50=30.59 p99=102.91 n=353800
[10:56:00] offered=   111092/s achieved=   111202/s shed=        0/s inflight=     8 | p50=  11.46 p99=   56.06 p999=   74.24 ms | push=23887400 pop=23706300 lag=181100 | errs push=0 pop=0 empty=363 gor=382 | ack=   111572/s ackErr=0 ackAvg=16.23ms | e2e p50=30.85 p99=104.96 p999=134.14 n=1114500 | e2e_local p50=30.85 p99=104.96 n=367800
[10:56:10] offered=   111106/s achieved=   111136/s shed=        0/s inflight=     5 | p50=  11.84 p99=   61.70 p999=   82.43 ms | push=24998700 pop=24824100 lag=174600 | errs push=0 pop=0 empty=363 gor=364 | ack=   111876/s ackErr=0 ackAvg=16.28ms | e2e p50=31.10 p99=118.27 p999=156.67 n=1117800 | e2e_local p50=31.10 p99=118.27 n=369000
[10:56:20] offered=   111109/s achieved=   111069/s shed=        0/s inflight=    15 | p50=  11.46 p99=   51.46 p999=   69.12 ms | push=26109400 pop=25919800 lag=189600 | errs push=0 pop=0 empty=363 gor=377 | ack=   109339/s ackErr=0 ackAvg=16.30ms | e2e p50=30.34 p99=98.82 p999=118.27 n=1095700 | e2e_local p50=30.08 p99=98.82 n=363100
[10:56:30] offered=   111157/s achieved=   111167/s shed=        0/s inflight=    10 | p50=  11.84 p99=   54.02 p999=   68.10 ms | push=27221100 pop=27032200 lag=188900 | errs push=0 pop=0 empty=363 gor=370 | ack=   111247/s ackErr=0 ackAvg=16.34ms | e2e p50=31.10 p99=100.86 p999=120.32 n=1112400 | e2e_local p50=31.36 p99=99.84 n=379200
[10:56:40] offered=   111124/s achieved=   111094/s shed=        0/s inflight=    13 | p50=  11.97 p99=   52.48 p999=   64.26 ms | push=28332000 pop=28111800 lag=220200 | errs push=0 pop=0 empty=363 gor=354 | ack=   108074/s ackErr=0 ackAvg=16.39ms | e2e p50=31.62 p99=99.84 p999=112.13 n=1079600 | e2e_local p50=31.87 p99=101.89 n=364700
[10:56:50] offered=   111099/s achieved=   111089/s shed=        0/s inflight=    17 | p50=  12.48 p99=   55.55 p999=   75.26 ms | push=29442900 pop=29225100 lag=217800 | errs push=0 pop=0 empty=363 gor=355 | ack=   111239/s ackErr=0 ackAvg=16.44ms | e2e p50=33.02 p99=108.03 p999=119.30 n=1113300 | e2e_local p50=33.02 p99=111.10 n=374500
[10:57:00] offered=   111121/s achieved=   111111/s shed=        0/s inflight=    15 | p50=  12.61 p99=   63.23 p999=   78.34 ms | push=30554000 pop=30330400 lag=223600 | errs push=0 pop=0 empty=363 gor=350 | ack=   110531/s ackErr=0 ackAvg=16.51ms | e2e p50=33.54 p99=116.22 p999=138.24 n=1105300 | e2e_local p50=33.54 p99=117.25 n=367500
[10:57:10] offered=   111130/s achieved=   111090/s shed=        0/s inflight=    19 | p50=  12.10 p99=   44.80 p999=   52.48 ms | push=31664900 pop=31459600 lag=205300 | errs push=0 pop=0 empty=363 gor=353 | ack=   112900/s ackErr=0 ackAvg=16.56ms | e2e p50=32.38 p99=104.96 p999=127.49 n=1129200 | e2e_local p50=32.38 p99=105.98 n=377100
[10:57:20] offered=   111095/s achieved=   111145/s shed=        0/s inflight=    14 | p50=  12.35 p99=   45.82 p999=   58.62 ms | push=32776400 pop=32561600 lag=214800 | errs push=0 pop=0 empty=363 gor=318 | ack=   110105/s ackErr=0 ackAvg=16.60ms | e2e p50=32.64 p99=98.82 p999=134.14 n=1102000 | e2e_local p50=33.02 p99=97.79 n=364100
[drain] consumers keep going for 9.989s (lag now 215200)
[10:57:30] offered=        0/s achieved=      140/s shed=        0/s inflight=     0 | p50=   9.54 p99=   11.71 p999=   11.71 ms | push=32777800 pop=32563200 lag=214600 | errs push=0 pop=0 empty=528 gor=300 | ack=      470/s ackErr=0 ackAvg=16.60ms | e2e p50=20.86 p99=22.66 p999=22.66 n=1600 | e2e_local p50=20.86 p99=22.66 n=600
[info] steady window 290s (after the ramp, before the producers stopped): offered 111113/s pushed 111109/s popped 110386/s cpu 197.1% = 1.77 cores per 100k msg/s (produce+consume)
[final] offered=327778 achieved=327778 shed=0 (msgs: offered=32777800 achieved=32777800 shed=0) pushErr=0 | pushed=32777800 popped=32563200 lag=214600 | popErr=0 empty=528 | overall p50=11.20 p99=66.05 p999=103.94 ms | acked=32563200 ackErr=0 ackLag=214600 ackAvg=16.60ms | e2e p50=29.82 p99=116.22 p999=156.67 ms
load_cpu=176.9%
