qload tag=c-rc7-off loader=6/9 mode=batch rate=111111 msg/s batch=100 batch-max=0 max-inflight=5000 ramp=10s duration=5m0s report=10s drain=10s GOMAXPROCS=16 GOGC=400(default) seed=1791629525535045918
  offered: 111111 msg/s = 1111.1 units/s (avg 100.0 msgs/unit) across 23 pacer workers (48.31 units/s each)
  topics: 1 x 500000 partitions (bench..bench), entities/topic=0 (explicit partition) | picker: topics=rr entities: rr over space=500000 starting at 333333
  payload: goload jsonEvent target 256 B, avg 289.5 B raw, ~320 B stamped ({"ts":µs,"src":6,...}), pool 64x100
  consumers: 33 here (ci 198..230 of 297), poll=1000 proc-us=0 ack=async ack-inflight=256 local-src=[6 7 8]
  queen: url=http://10.114.0.14:6632 (of 3) conns=2048 timeout=30s pop-width=10 pop-batch=1000 pop-timeout=2s lease=30s | configure: leaseTime=30 completedRetention=3600 dedup=0 retryLimit=1000000 | plain: consumers pop+ack the queue
  [queen] http://10.114.0.14:6632 healthy: version 2.2.0, this node leader
  [consume] 33 consumers of bench: pop width 10, batch 1000, long poll 2s, lease 30s, async batch acks (ack-inflight 256)
READY 1791629521464
[start] waiting 19.079s for the common start 1791629540543
[start] GO 10:52:20.543 (unix ms 1791629540543)
[10:52:30] offered=    55551/s achieved=    55471/s shed=        0/s inflight=     8 | p50=   5.66 p99=   29.06 p999=   40.70 ms | push=554700 pop=569400 lag=-14700 | errs push=0 pop=0 empty=363 gor=237 | ack=    56721/s ackErr=0 ackAvg=8.93ms | e2e p50=18.56 p99=39.17 p999=61.70 n=569400 | e2e_local p50=18.56 p99=45.82 n=192600
[10:52:40] offered=   111119/s achieved=   111109/s shed=        0/s inflight=    11 | p50=   7.52 p99=   41.73 p999=   51.97 ms | push=1665800 pop=1655000 lag=10800 | errs push=0 pop=0 empty=363 gor=270 | ack=   108769/s ackErr=0 ackAvg=11.28ms | e2e p50=23.68 p99=84.48 p999=95.74 n=1085600 | e2e_local p50=23.68 p99=83.46 n=371900
[10:52:50] offered=   111131/s achieved=   111121/s shed=        0/s inflight=     8 | p50=   7.58 p99=   37.12 p999=   46.34 ms | push=2777000 pop=2775200 lag=1800 | errs push=0 pop=0 empty=363 gor=271 | ack=   111911/s ackErr=0 ackAvg=11.80ms | e2e p50=23.94 p99=70.14 p999=84.48 n=1120200 | e2e_local p50=23.68 p99=71.17 n=372900
[10:53:00] offered=   111100/s achieved=   111120/s shed=        0/s inflight=     6 | p50=   8.64 p99=   66.05 p999=   80.38 ms | push=3888200 pop=3892800 lag=-4600 | errs push=0 pop=0 empty=363 gor=324 | ack=   111770/s ackErr=0 ackAvg=12.49ms | e2e p50=26.50 p99=112.13 p999=134.14 n=1117600 | e2e_local p50=26.24 p99=109.06 n=372700
[10:53:10] offered=   111099/s achieved=   111119/s shed=        0/s inflight=     6 | p50=   8.90 p99=   84.48 p999=   98.82 ms | push=4999400 pop=5010500 lag=-11100 | errs push=0 pop=0 empty=363 gor=374 | ack=   111699/s ackErr=0 ackAvg=13.11ms | e2e p50=27.78 p99=146.43 p999=171.01 n=1117700 | e2e_local p50=27.78 p99=148.48 n=370200
[10:53:20] offered=   111110/s achieved=   111090/s shed=        0/s inflight=     8 | p50=   8.38 p99=   46.85 p999=   55.04 ms | push=6110300 pop=6209500 lag=-99200 | errs push=0 pop=0 empty=363 gor=375 | ack=   119990/s ackErr=0 ackAvg=13.33ms | e2e p50=26.24 p99=85.50 p999=92.67 n=1199000 | e2e_local p50=25.98 p99=85.50 n=394100
[10:53:30] offered=   111095/s achieved=   111125/s shed=        0/s inflight=     5 | p50=   8.10 p99=   50.43 p999=   70.14 ms | push=7221600 pop=7312100 lag=-90500 | errs push=0 pop=0 empty=363 gor=375 | ack=   110125/s ackErr=0 ackAvg=13.37ms | e2e p50=25.22 p99=86.53 p999=103.94 n=1102600 | e2e_local p50=25.22 p99=85.50 n=365800
[10:53:40] offered=   111096/s achieved=   111116/s shed=        0/s inflight=     3 | p50=   8.77 p99=   75.26 p999=  109.06 ms | push=8332700 pop=8417500 lag=-84800 | errs push=0 pop=0 empty=363 gor=405 | ack=   110666/s ackErr=0 ackAvg=13.61ms | e2e p50=27.26 p99=142.34 p999=162.82 n=1105400 | e2e_local p50=27.52 p99=134.14 n=372700
[10:53:50] offered=   111139/s achieved=   111099/s shed=        0/s inflight=     7 | p50=   9.41 p99=   76.29 p999=   92.67 ms | push=9443700 pop=9518700 lag=-75000 | errs push=0 pop=0 empty=363 gor=412 | ack=   110069/s ackErr=0 ackAvg=13.86ms | e2e p50=28.80 p99=134.14 p999=154.62 n=1101200 | e2e_local p50=29.06 p99=136.19 n=372800
[10:54:00] offered=   111100/s achieved=   111110/s shed=        0/s inflight=     7 | p50=   9.54 p99=   66.05 p999=   85.50 ms | push=10554900 pop=10658300 lag=-103400 | errs push=0 pop=0 empty=363 gor=411 | ack=   113940/s ackErr=0 ackAvg=14.10ms | e2e p50=29.82 p99=117.25 p999=150.53 n=1139600 | e2e_local p50=29.57 p99=117.25 n=376900
[10:54:10] offered=   111124/s achieved=   111084/s shed=        0/s inflight=    10 | p50=  10.18 p99=   76.29 p999=   84.48 ms | push=11665700 pop=11788200 lag=-122500 | errs push=0 pop=0 empty=363 gor=415 | ack=   113004/s ackErr=0 ackAvg=14.34ms | e2e p50=31.10 p99=138.24 p999=160.77 n=1129900 | e2e_local p50=30.85 p99=136.19 n=377100
[10:54:20] offered=   111106/s achieved=   111116/s shed=        0/s inflight=    11 | p50=   9.79 p99=   70.14 p999=   93.70 ms | push=12776800 pop=12903900 lag=-127100 | errs push=0 pop=0 empty=363 gor=413 | ack=   111676/s ackErr=0 ackAvg=14.49ms | e2e p50=30.08 p99=126.46 p999=152.58 n=1115700 | e2e_local p50=30.08 p99=126.46 n=373000
[10:54:30] offered=   111117/s achieved=   111127/s shed=        0/s inflight=    10 | p50=   9.54 p99=   82.43 p999=   95.74 ms | push=13888100 pop=14037400 lag=-149300 | errs push=0 pop=0 empty=363 gor=414 | ack=   113337/s ackErr=0 ackAvg=14.63ms | e2e p50=29.31 p99=140.29 p999=168.96 n=1133500 | e2e_local p50=29.31 p99=142.34 n=378800
[10:54:40] offered=   111130/s achieved=   111080/s shed=        0/s inflight=    13 | p50=   9.92 p99=   73.22 p999=   97.79 ms | push=14998900 pop=15189700 lag=-190800 | errs push=0 pop=0 empty=363 gor=417 | ack=   115200/s ackErr=0 ackAvg=14.80ms | e2e p50=29.82 p99=136.19 p999=162.82 n=1152300 | e2e_local p50=29.82 p99=138.24 n=371100
[10:54:50] offered=   111104/s achieved=   111144/s shed=        0/s inflight=     9 | p50=   9.54 p99=   58.62 p999=   76.29 ms | push=16110400 pop=16317000 lag=-206600 | errs push=0 pop=0 empty=363 gor=413 | ack=   112654/s ackErr=0 ackAvg=14.87ms | e2e p50=29.31 p99=104.96 p999=127.49 n=1127300 | e2e_local p50=28.80 p99=101.89 n=368400
[10:55:00] offered=   111109/s achieved=   111119/s shed=        0/s inflight=     8 | p50=   9.54 p99=   61.18 p999=   80.38 ms | push=17221500 pop=17394800 lag=-173300 | errs push=0 pop=0 empty=363 gor=411 | ack=   107848/s ackErr=0 ackAvg=14.93ms | e2e p50=29.06 p99=114.18 p999=148.48 n=1077800 | e2e_local p50=29.57 p99=113.15 n=370300
[10:55:10] offered=   111093/s achieved=   111063/s shed=        0/s inflight=     9 | p50=  10.18 p99=   60.67 p999=   76.29 ms | push=18332200 pop=18520500 lag=-188300 | errs push=0 pop=0 empty=363 gor=382 | ack=   112413/s ackErr=0 ackAvg=15.04ms | e2e p50=30.85 p99=117.25 p999=148.48 n=1125700 | e2e_local p50=30.85 p99=119.30 n=378400
[10:55:20] offered=   111100/s achieved=   111160/s shed=        0/s inflight=     2 | p50=   9.79 p99=   58.62 p999=   84.48 ms | push=19443800 pop=19643400 lag=-199600 | errs push=0 pop=0 empty=363 gor=377 | ack=   112400/s ackErr=0 ackAvg=15.09ms | e2e p50=30.34 p99=111.10 p999=138.24 n=1122900 | e2e_local p50=30.34 p99=112.13 n=373300
[10:55:30] offered=   111097/s achieved=   111097/s shed=        0/s inflight=     5 | p50=   9.41 p99=   54.53 p999=   63.74 ms | push=20554700 pop=20794500 lag=-239800 | errs push=0 pop=0 empty=363 gor=376 | ack=   115207/s ackErr=0 ackAvg=15.10ms | e2e p50=28.80 p99=99.84 p999=132.10 n=1151100 | e2e_local p50=28.80 p99=99.84 n=392700
[10:55:40] offered=   111143/s achieved=   111093/s shed=        0/s inflight=    10 | p50=   9.66 p99=   53.50 p999=   65.28 ms | push=21665700 pop=21932400 lag=-266700 | errs push=0 pop=0 empty=363 gor=382 | ack=   113663/s ackErr=0 ackAvg=15.15ms | e2e p50=29.82 p99=105.98 p999=117.25 n=1137900 | e2e_local p50=29.82 p99=103.94 n=380400
[10:55:50] offered=   111103/s achieved=   111033/s shed=        0/s inflight=    17 | p50=   9.92 p99=   54.02 p999=   78.34 ms | push=22776100 pop=23084700 lag=-308600 | errs push=0 pop=0 empty=363 gor=388 | ack=   115193/s ackErr=0 ackAvg=15.22ms | e2e p50=30.34 p99=113.15 p999=132.10 n=1152300 | e2e_local p50=30.34 p99=115.20 n=375100
[10:56:00] offered=   111102/s achieved=   111162/s shed=        0/s inflight=    13 | p50=   9.54 p99=   52.99 p999=   73.22 ms | push=23887600 pop=24218400 lag=-330800 | errs push=0 pop=0 empty=363 gor=390 | ack=   113172/s ackErr=0 ackAvg=15.25ms | e2e p50=29.82 p99=108.03 p999=122.37 n=1133700 | e2e_local p50=29.82 p99=109.06 n=371600
[10:56:10] offered=   111124/s achieved=   111124/s shed=        0/s inflight=    13 | p50=   9.92 p99=   58.11 p999=   75.26 ms | push=24998900 pop=25371200 lag=-372300 | errs push=0 pop=0 empty=363 gor=348 | ack=   115554/s ackErr=0 ackAvg=15.31ms | e2e p50=30.34 p99=120.32 p999=140.29 n=1152800 | e2e_local p50=30.59 p99=124.42 n=385900
[10:56:20] offered=   111136/s achieved=   111066/s shed=        0/s inflight=    18 | p50=   9.66 p99=   47.36 p999=   60.16 ms | push=26109500 pop=26487100 lag=-377600 | errs push=0 pop=0 empty=363 gor=355 | ack=   111456/s ackErr=0 ackAvg=15.33ms | e2e p50=29.31 p99=101.89 p999=115.20 n=1115900 | e2e_local p50=29.06 p99=101.89 n=384900
[10:56:30] offered=   111110/s achieved=   111190/s shed=        0/s inflight=    10 | p50=   9.92 p99=   50.94 p999=   62.72 ms | push=27221400 pop=27601300 lag=-379900 | errs push=0 pop=0 empty=363 gor=343 | ack=   111660/s ackErr=0 ackAvg=15.36ms | e2e p50=29.82 p99=96.77 p999=105.98 n=1114200 | e2e_local p50=29.82 p99=97.79 n=371700
[10:56:40] offered=   111090/s achieved=   111120/s shed=        0/s inflight=     8 | p50=  10.18 p99=   49.92 p999=   62.21 ms | push=28332600 pop=28745400 lag=-412800 | errs push=0 pop=0 empty=363 gor=339 | ack=   114420/s ackErr=0 ackAvg=15.41ms | e2e p50=31.62 p99=98.82 p999=111.10 n=1144100 | e2e_local p50=31.62 p99=96.77 n=373500
[10:56:50] offered=   111120/s achieved=   111060/s shed=        0/s inflight=    13 | p50=  10.56 p99=   50.43 p999=   69.12 ms | push=29443200 pop=29885000 lag=-441800 | errs push=0 pop=0 empty=363 gor=342 | ack=   113670/s ackErr=0 ackAvg=15.46ms | e2e p50=31.87 p99=104.96 p999=124.42 n=1139600 | e2e_local p50=31.87 p99=104.96 n=372800
[10:57:00] offered=   111090/s achieved=   111150/s shed=        0/s inflight=     7 | p50=  10.69 p99=   58.11 p999=   73.22 ms | push=30554700 pop=31007800 lag=-453100 | errs push=0 pop=0 empty=363 gor=331 | ack=   112490/s ackErr=0 ackAvg=15.53ms | e2e p50=32.38 p99=117.25 p999=142.34 n=1122800 | e2e_local p50=32.38 p99=113.15 n=374100
[10:57:10] offered=   111108/s achieved=   111088/s shed=        0/s inflight=     9 | p50=  10.30 p99=   41.73 p999=   47.36 ms | push=31665600 pop=32180600 lag=-515000 | errs push=0 pop=0 empty=363 gor=339 | ack=   117108/s ackErr=0 ackAvg=15.58ms | e2e p50=31.10 p99=96.77 p999=122.37 n=1172800 | e2e_local p50=31.10 p99=102.91 n=392500
[10:57:20] offered=   111111/s achieved=   111131/s shed=        0/s inflight=     4 | p50=  10.56 p99=   41.22 p999=   51.46 ms | push=32776900 pop=33287000 lag=-510100 | errs push=0 pop=0 empty=363 gor=307 | ack=   110781/s ackErr=0 ackAvg=15.62ms | e2e p50=31.62 p99=98.82 p999=127.49 n=1106400 | e2e_local p50=31.62 p99=97.79 n=361900
[drain] consumers keep going for 9.989s (lag now -510200)
[10:57:30] offered=        0/s achieved=       70/s shed=        0/s inflight=     0 | p50=   7.71 p99=    8.51 p999=    8.51 ms | push=32777600 pop=33288800 lag=-511200 | errs push=0 pop=0 empty=528 gor=300 | ack=      310/s ackErr=0 ackAvg=15.61ms | e2e p50=18.82 p99=21.63 p999=21.63 n=1800 | e2e_local p50=19.58 p99=21.38 n=700
[info] steady window 290s (after the ramp, before the producers stopped): offered 111111/s pushed 111111/s popped 112819/s cpu 189.3% = 1.70 cores per 100k msg/s (produce+consume)
[final] offered=327776 achieved=327776 shed=0 (msgs: offered=32777600 achieved=32777600 shed=0) pushErr=0 | pushed=32777600 popped=33288800 lag=-511200 | popErr=0 empty=528 | overall p50=9.41 p99=60.67 p999=87.55 ms | acked=33288800 ackErr=0 ackLag=-511200 ackAvg=15.61ms | e2e p50=28.80 p99=115.20 p999=152.58 ms
load_cpu=169.9%
