kload tag=1x100000-1000k-p3 loader=3/9 mode=batch rate=111111 msg/s batch=100 batch-max=0 max-inflight=5000 ramp=10s duration=1m10s report=10s drain=0s GOMAXPROCS=16 GOGC=400 seed=1790762020684845583
  offered: 111111 msg/s = 1111.1 units/s (avg 100.0 msgs/unit) across 23 pacer workers (48.31 units/s each)
  topics: 1 x 100000 partitions (k1x100000-1000k..k1x100000-1000k), entities/topic=0 (explicit partition) | picker: topics=rr entities: rr over space=100000 starting at 33333
  payload: goload jsonEvent target 256 B, avg 289.6 B raw, ~320 B stamped ({"ts":µs,"src":3,...}), pool 64x100
  consumers: 33 here (ci 99..131 of 297), poll=1000 proc-us=0 ack=async ack-inflight=256 local-src=[3 4 5]
  kafka: brokers=10.114.0.2:9092,10.114.0.3:9092,10.114.0.4:9092 rf=3 min-isr=2 producers=4 linger=5ms compression=lz4 acks=all idempotent batch-max-bytes=1048576 | consumers: protocol=consumer fetch-max-wait=500ms fetch-min-bytes=1 fetch-max-partition-bytes=1048576 session=45s
  [topic] READY after 0.2s: 1 topics x 100000 partitions, leaders + full ISR
  [config] broker.compression.type = producer (STATIC_BROKER_CONFIG)
  [config] broker.default.replication.factor = 3 (STATIC_BROKER_CONFIG)
  [config] broker.group.consumer.assignors = uniform,range (DEFAULT_CONFIG)
  [config] broker.group.coordinator.rebalance.protocols = classic,consumer,streams (DEFAULT_CONFIG)
  [config] broker.group.initial.rebalance.delay.ms = 3000 (DEFAULT_CONFIG)
  [config] broker.log.flush.interval.messages = 9223372036854775807 (DEFAULT_CONFIG)
  [config] broker.log.flush.interval.ms = <nil> (DEFAULT_CONFIG)
  [config] broker.max.incremental.fetch.session.cache.slots = 4000 (STATIC_BROKER_CONFIG)
  [config] broker.min.insync.replicas = 2 (DYNAMIC_DEFAULT_BROKER_CONFIG)
  [config] broker.num.io.threads = 16 (STATIC_BROKER_CONFIG)
  [config] broker.num.network.threads = 8 (STATIC_BROKER_CONFIG)
  [config] broker.num.replica.fetchers = 8 (STATIC_BROKER_CONFIG)
  [config] topic.compression.type = producer (STATIC_BROKER_CONFIG)
  [config] topic.flush.messages = 9223372036854775807 (DEFAULT_CONFIG)
  [config] topic.flush.ms = 9223372036854775807 (DEFAULT_CONFIG)
  [config] topic.max.message.bytes = 16777216 (STATIC_BROKER_CONFIG)
  [config] topic.message.timestamp.type = CreateTime (DEFAULT_CONFIG)
  [config] topic.min.insync.replicas = 2 (DYNAMIC_TOPIC_CONFIG)
  [config] topic.retention.ms = 600000 (DYNAMIC_TOPIC_CONFIG)
  [config] topic.segment.bytes = 268435456 (DYNAMIC_TOPIC_CONFIG)
  [config] topic.unclean.leader.election.enable = false (STATIC_BROKER_CONFIG)
  [group] 33 consumers in 1 groups (k1x100000-1000k-g-t0 ... ), protocol consumer
  [group] t=+0.5s waiting: k1x100000-1000k-g-t0: local members 33/297 hold 0/100000 partitions (group-wide ? members=0 assigned=0)
  [group] t=+2.6s waiting: k1x100000-1000k-g-t0: local members 33/297 hold 0/100000 partitions (group-wide Assigning members=297 assigned=100000)
  [group] t=+4.6s waiting: k1x100000-1000k-g-t0: local members 33/297 hold 0/100000 partitions (group-wide Assigning members=297 assigned=100000)
  [group] t=+6.7s waiting: k1x100000-1000k-g-t0: local members 33/297 hold 0/100000 partitions (group-wide Assigning members=297 assigned=100000)
  [group] t=+8.7s waiting: k1x100000-1000k-g-t0: local members 33/297 hold 0/100000 partitions (group-wide Reconciling members=297 assigned=337)
  [group] t=+10.7s waiting: k1x100000-1000k-g-t0: local members 33/297 hold 0/100000 partitions (group-wide Reconciling members=297 assigned=337)
  [group] t=+12.7s waiting: k1x100000-1000k-g-t0: local members 33/297 hold 11121/100000 partitions (group-wide Reconciling members=297 assigned=65715)
  [group] t=+14.8s waiting: k1x100000-1000k-g-t0: local members 33/297 hold 11121/100000 partitions (group-wide Stable members=297 assigned=100000)
  [group] STABLE after 16.5s: 1 groups, 33 local members holding 11121 partitions, assignEv=66 revokeEv=0 lostEv=0
  [produce] 4 clients connected to every broker with producer IDs in 0.02s; max buffered 501024 records per client
READY 1790762082547
[start] waiting 9.321s for the common start 1790762098603
[start] GO 09:54:58.603 (unix ms 1790762098603)
[09:55:08] offered=    55523/s achieved=    48453/s shed=        0/s inflight=   707 | p50= 602.11 p99=  954.37 p999= 1122.30 ms | push=484500 pop=462800 lag=21700 | errs push=0 pop=0 empty=0 gor=758 | ack=    33132/s ackErr=0 ackAvg=1642.62ms | e2e p50=897.02 p99=1794.05 p999=1892.35 n=462800 | e2e_local p50=692.22 p99=978.94 n=72700
[09:55:18] offered=   111084/s achieved=   103425/s shed=        0/s inflight=  1473 | p50= 970.75 p99= 2088.96 p999= 2539.52 ms | push=1518800 pop=1383100 lag=135700 | errs push=0 pop=0 empty=0 gor=746 | ack=    82105/s ackErr=0 ackAvg=2219.69ms | e2e p50=1761.28 p99=4079.62 p999=4292.61 n=920300 | e2e_local p50=1777.66 p99=3751.94 n=261100
[09:55:28] offered=   111135/s achieved=   104545/s shed=        0/s inflight=  2132 | p50=1810.43 p99= 3424.26 p999= 3620.86 ms | push=2564200 pop=2149400 lag=414800 | errs push=0 pop=0 empty=0 gor=711 | ack=    72574/s ackErr=0 ackAvg=2640.03ms | e2e p50=4816.90 p99=10551.30 p999=11468.80 n=766300 | e2e_local p50=5013.50 p99=10289.15 n=278400
[09:55:38] offered=   111130/s achieved=   122950/s shed=        0/s inflight=   950 | p50= 937.98 p99= 4423.68 p999= 5406.72 ms | push=3793700 pop=3828400 lag=-34700 | errs push=0 pop=0 empty=0 gor=779 | ack=   171919/s ackErr=0 ackAvg=2133.22ms | e2e p50=2441.22 p99=10289.15 p999=11075.58 n=1679000 | e2e_local p50=2088.96 p99=10289.15 n=703100
[09:55:48] offered=   111088/s achieved=   111278/s shed=        0/s inflight=   933 | p50= 864.26 p99= 1695.74 p999= 2056.19 ms | push=4906500 pop=4903200 lag=3300 | errs push=0 pop=0 empty=0 gor=767 | ack=   110676/s ackErr=0 ackAvg=2077.31ms | e2e p50=1122.30 p99=1826.82 p999=2039.81 n=1074800 | e2e_local p50=1122.30 p99=1810.43 n=427300
[09:55:58] offered=   111161/s achieved=   109481/s shed=        0/s inflight=  1099 | p50= 823.30 p99= 1712.13 p999= 2072.58 ms | push=6001300 pop=6052033 lag=-50733 | errs push=0 pop=0 empty=0 gor=780 | ack=   115092/s ackErr=0 ackAvg=2004.03ms | e2e p50=1269.76 p99=2736.13 p999=2867.20 n=1148833 | e2e_local p50=1187.84 p99=2703.36 n=478533
[09:56:08] offered=   111095/s achieved=   110505/s shed=        0/s inflight=  1158 | p50= 913.41 p99= 1974.27 p999= 2342.91 ms | push=7106400 pop=7092700 lag=13700 | errs push=0 pop=0 empty=0 gor=747 | ack=   101385/s ackErr=0 ackAvg=1998.93ms | e2e p50=1302.53 p99=2736.13 p999=2867.20 n=1040667 | e2e_local p50=1286.14 p99=2736.13 n=357667
[info] steady window 60s (after the ramp, before the producers stopped): offered 111115/s pushed 110364/s popped 110497/s cpu 75.3% = 0.68 cores per 100k msg/s (produce+consume)
[final] offered=72222 achieved=72222 shed=0 (msgs: offered=7222200 achieved=7222200 shed=0) pushErr=0 | pushed=7222200 popped=7347500 lag=-125300 | popErr=0 empty=0 | overall p50=921.60 p99=3522.56 p999=4751.36 ms | acked=7347500 ackErr=0 ackLag=-125300 ackAvg=1972.08ms | e2e p50=1466.37 p99=9895.94 p999=10944.51 ms
load_cpu=68.3%
