kload tag=1x100000-1000k-p5 loader=5/9 mode=batch rate=111111 msg/s batch=100 batch-max=0 max-inflight=5000 ramp=10s duration=1m10s report=10s drain=0s GOMAXPROCS=16 GOGC=400 seed=1790762020691634102
  offered: 111111 msg/s = 1111.1 units/s (avg 100.0 msgs/unit) across 23 pacer workers (48.31 units/s each)
  topics: 1 x 100000 partitions (k1x100000-1000k..k1x100000-1000k), entities/topic=0 (explicit partition) | picker: topics=rr entities: rr over space=100000 starting at 55555
  payload: goload jsonEvent target 256 B, avg 289.5 B raw, ~319 B stamped ({"ts":µs,"src":5,...}), pool 64x100
  consumers: 33 here (ci 165..197 of 297), poll=1000 proc-us=0 ack=async ack-inflight=256 local-src=[3 4 5]
  kafka: brokers=10.114.0.2:9092,10.114.0.3:9092,10.114.0.4:9092 rf=3 min-isr=2 producers=4 linger=5ms compression=lz4 acks=all idempotent batch-max-bytes=1048576 | consumers: protocol=consumer fetch-max-wait=500ms fetch-min-bytes=1 fetch-max-partition-bytes=1048576 session=45s
  [topic] READY after 0.2s: 1 topics x 100000 partitions, leaders + full ISR
  [config] broker.compression.type = producer (STATIC_BROKER_CONFIG)
  [config] broker.default.replication.factor = 3 (STATIC_BROKER_CONFIG)
  [config] broker.group.consumer.assignors = uniform,range (DEFAULT_CONFIG)
  [config] broker.group.coordinator.rebalance.protocols = classic,consumer,streams (DEFAULT_CONFIG)
  [config] broker.group.initial.rebalance.delay.ms = 3000 (DEFAULT_CONFIG)
  [config] broker.log.flush.interval.messages = 9223372036854775807 (DEFAULT_CONFIG)
  [config] broker.log.flush.interval.ms = <nil> (DEFAULT_CONFIG)
  [config] broker.max.incremental.fetch.session.cache.slots = 4000 (STATIC_BROKER_CONFIG)
  [config] broker.min.insync.replicas = 2 (DYNAMIC_DEFAULT_BROKER_CONFIG)
  [config] broker.num.io.threads = 16 (STATIC_BROKER_CONFIG)
  [config] broker.num.network.threads = 8 (STATIC_BROKER_CONFIG)
  [config] broker.num.replica.fetchers = 8 (STATIC_BROKER_CONFIG)
  [config] topic.compression.type = producer (STATIC_BROKER_CONFIG)
  [config] topic.flush.messages = 9223372036854775807 (DEFAULT_CONFIG)
  [config] topic.flush.ms = 9223372036854775807 (DEFAULT_CONFIG)
  [config] topic.max.message.bytes = 16777216 (STATIC_BROKER_CONFIG)
  [config] topic.message.timestamp.type = CreateTime (DEFAULT_CONFIG)
  [config] topic.min.insync.replicas = 2 (DYNAMIC_TOPIC_CONFIG)
  [config] topic.retention.ms = 600000 (DYNAMIC_TOPIC_CONFIG)
  [config] topic.segment.bytes = 268435456 (DYNAMIC_TOPIC_CONFIG)
  [config] topic.unclean.leader.election.enable = false (STATIC_BROKER_CONFIG)
  [group] 33 consumers in 1 groups (k1x100000-1000k-g-t0 ... ), protocol consumer
  [group] t=+0.3s waiting: k1x100000-1000k-g-t0: local members 33/297 hold 0/100000 partitions (group-wide ? members=0 assigned=0)
  [group] t=+2.4s waiting: k1x100000-1000k-g-t0: local members 33/297 hold 0/100000 partitions (group-wide Assigning members=297 assigned=100000)
  [group] t=+4.4s waiting: k1x100000-1000k-g-t0: local members 33/297 hold 0/100000 partitions (group-wide Assigning members=297 assigned=100000)
  [group] t=+6.5s waiting: k1x100000-1000k-g-t0: local members 33/297 hold 0/100000 partitions (group-wide Reconciling members=297 assigned=100000)
  [group] t=+8.5s waiting: k1x100000-1000k-g-t0: local members 33/297 hold 0/100000 partitions (group-wide Reconciling members=297 assigned=337)
  [group] t=+10.5s waiting: k1x100000-1000k-g-t0: local members 33/297 hold 0/100000 partitions (group-wide Reconciling members=297 assigned=337)
  [group] t=+12.6s waiting: k1x100000-1000k-g-t0: local members 33/297 hold 11093/100000 partitions (group-wide Stable members=297 assigned=100000)
  [group] t=+14.6s waiting: k1x100000-1000k-g-t0: local members 33/297 hold 11093/100000 partitions (group-wide Stable members=297 assigned=100000)
  [group] STABLE after 15.7s: 1 groups, 33 local members holding 11093 partitions, assignEv=66 revokeEv=0 lostEv=0
  [produce] 4 clients connected to every broker with producer IDs in 0.02s; max buffered 501024 records per client
READY 1790762081888
[start] waiting 9.278s for the common start 1790762098603
[start] GO 09:54:58.603 (unix ms 1790762098603)
[09:55:08] offered=    55568/s achieved=    48288/s shed=        0/s inflight=   729 | p50= 593.92 p99=  946.18 p999= 1105.92 ms | push=482900 pop=347400 lag=135500 | errs push=0 pop=0 empty=0 gor=791 | ack=    21754/s ackErr=0 ackAvg=2131.03ms | e2e p50=724.99 p99=1449.98 p999=1499.14 n=347400 | e2e_local p50=692.22 p99=1384.45 n=184600
[09:55:18] offered=   111121/s achieved=   103851/s shed=        0/s inflight=  1455 | p50= 962.56 p99= 1941.50 p999= 2146.30 ms | push=1521400 pop=1343600 lag=177800 | errs push=0 pop=0 empty=0 gor=773 | ack=    88006/s ackErr=0 ackAvg=2448.30ms | e2e p50=1482.75 p99=3063.81 p999=3391.49 n=996200 | e2e_local p50=1564.67 p99=3260.42 n=217600
[09:55:28] offered=   111092/s achieved=   104002/s shed=        0/s inflight=  2166 | p50=1859.58 p99= 3325.95 p999= 3588.10 ms | push=2561400 pop=2056000 lag=505400 | errs push=0 pop=0 empty=0 gor=716 | ack=    69772/s ackErr=0 ackAvg=2714.05ms | e2e p50=4014.08 p99=9371.65 p999=9633.79 n=712400 | e2e_local p50=3915.78 p99=9502.72 n=196300
[09:55:38] offered=   111132/s achieved=   123642/s shed=        0/s inflight=   913 | p50= 937.98 p99= 4489.22 p999= 5341.18 ms | push=3797800 pop=3638000 lag=159800 | errs push=0 pop=0 empty=0 gor=769 | ack=   167323/s ackErr=0 ackAvg=2125.64ms | e2e p50=2113.54 p99=9371.65 p999=9895.94 n=1582000 | e2e_local p50=2277.38 p99=9109.50 n=535300
[09:55:48] offered=   111100/s achieved=   110330/s shed=        0/s inflight=   990 | p50= 864.26 p99= 1695.74 p999= 2072.58 ms | push=4901100 pop=4746400 lag=154700 | errs push=0 pop=0 empty=0 gor=766 | ack=   111100/s ackErr=0 ackAvg=2032.55ms | e2e p50=1171.46 p99=2310.14 p999=2736.13 n=1108400 | e2e_local p50=1204.22 p99=2506.75 n=402800
[09:55:58] offered=   111081/s achieved=   110191/s shed=        0/s inflight=  1080 | p50= 823.30 p99= 1646.59 p999= 2056.19 ms | push=6003100 pop=5874800 lag=128300 | errs push=0 pop=0 empty=0 gor=778 | ack=   113891/s ackErr=0 ackAvg=1976.54ms | e2e p50=1122.30 p99=2408.45 p999=2670.59 n=1128400 | e2e_local p50=1220.61 p99=2572.29 n=429300
[09:56:08] offered=   111104/s achieved=   110324/s shed=        0/s inflight=  1157 | p50= 905.22 p99= 1974.27 p999= 2506.75 ms | push=7106300 pop=6971100 lag=135200 | errs push=0 pop=0 empty=0 gor=750 | ack=   105193/s ackErr=0 ackAvg=1952.11ms | e2e p50=1351.68 p99=2736.13 p999=2867.20 n=1096300 | e2e_local p50=1466.37 p99=2703.36 n=333900
[info] steady window 60s (after the ramp, before the producers stopped): offered 111105/s pushed 110390/s popped 110395/s cpu 76.2% = 0.69 cores per 100k msg/s (produce+consume)
[final] offered=72220 achieved=72220 shed=0 (msgs: offered=7222000 achieved=7222000 shed=0) pushErr=0 | pushed=7222000 popped=7101000 lag=121000 | popErr=0 empty=0 | overall p50=921.60 p99=3555.33 p999=4816.90 ms | acked=7101000 ackErr=0 ackLag=121000 ackAvg=1938.01ms | e2e p50=1384.45 p99=8978.43 p999=9633.79 ms
load_cpu=73.4%
