pload tag=1x1800-t10-288k-w1800-create loader=0/1 mode=batch rate=0 msg/s batch=100 batch-max=0 max-inflight=5000 ramp=10s duration=1m10s report=10s drain=0s GOMAXPROCS=16 GOGC=400 seed=1790884962819906511
  topics: 1 x 1800 partitions (x1x1800-t10-288k-w1800..x1x1800-t10-288k-w1800), entities/topic=0 (explicit partition) | picker: topics=rr entities: rr over space=1800 starting at 0
  payload: goload jsonEvent target 256 B, avg 289.4 B raw, ~319 B stamped ({"ts":µs,"src":0,...}), pool 64x100
  consumers: 4 here (ci 0..3 of 4), poll=1000 proc-us=0 ack=async ack-inflight=256 local-src=[0]
  pulsar: url=pulsar://10.114.0.2:6650,10.114.0.3:6650,10.114.0.4:6650 admin=http://10.114.0.2:8080 ns=bench/ns sub=sub type=failover compression=lz4 batch=5ms/10 msgs/131072 B max-pending=1553/partition mem-limit=365 MB receiver-queue=1000 ack-group=100ms conns/broker=1 | feeder batches capped at -txn-size messages (whole entries per transaction) | txn: x1x1800-t10-288k-w1800-in -> 4 workers (own client + TC each, NewTransaction timeout 10s, send+AckWithTxn on whole entries, txn-size 10, linger 1s) -> x1x1800-t10-288k-w1800-out, 4 readers
  [admin] cluster bench, tenant bench exists
  [admin] namespace bench/ns exists with 48 bundles
  [admin] namespace persistence: {"bookkeeperEnsemble":3,"bookkeeperWriteQuorum":3,"bookkeeperAckQuorum":2,"managedLedgerMaxMarkDeleteRate":1.0}
  [admin] 2 topics created, 0 existed (1800 partitions each) in 0.2s
  [admin] subscription "sub" on x1x1800-t10-288k-w1800-in,x1x1800-t10-288k-w1800-out created in 6.3s and verified on all 3600 partitions in 0.4s (0 re-created on a partition)
  [admin] subscription "verify" on x1x1800-t10-288k-w1800-out created in 1.4s and verified on all 1800 partitions in 0.1s (0 re-created on a partition)
time="2026-10-01T19:57:34Z" level=error msg="Failed to create consumer" consumerID=332 error="server error: ServiceNotReady: Topic is temporarily unavailable" name=pload-warm subscription=sub topic="persistent://bench/ns/x1x1800-t10-288k-w1800-out-partition-5"
time="2026-10-01T19:57:34Z" level=error msg="Failed to create consumer at reconnect" consumerID=332 error="server error: ServiceNotReady: Topic is temporarily unavailable" name=pload-warm subscription=sub topic="persistent://bench/ns/x1x1800-t10-288k-w1800-out-partition-5"
time="2026-10-01T19:57:34Z" level=error msg="Failed to create consumer" consumerID=6 error="server error: ServiceNotReady: Topic is temporarily unavailable" name=pload-warm subscription=sub topic="persistent://bench/ns/x1x1800-t10-288k-w1800-in-partition-0"
time="2026-10-01T19:57:34Z" level=error msg="Failed to create consumer at reconnect" consumerID=6 error="server error: ServiceNotReady: Topic is temporarily unavailable" name=pload-warm subscription=sub topic="persistent://bench/ns/x1x1800-t10-288k-w1800-in-partition-0"
time="2026-10-01T19:57:34Z" level=error msg="Failed to create consumer" consumerID=13 error="server error: ServiceNotReady: Topic is temporarily unavailable" name=pload-warm subscription=sub topic="persistent://bench/ns/x1x1800-t10-288k-w1800-in-partition-2"
time="2026-10-01T19:57:34Z" level=error msg="Failed to create consumer at reconnect" consumerID=13 error="server error: ServiceNotReady: Topic is temporarily unavailable" name=pload-warm subscription=sub topic="persistent://bench/ns/x1x1800-t10-288k-w1800-in-partition-2"
time="2026-10-01T19:57:34Z" level=error msg="Failed to create consumer" consumerID=266 error="server error: ServiceNotReady: Topic is temporarily unavailable" name=pload-warm subscription=sub topic="persistent://bench/ns/x1x1800-t10-288k-w1800-out-partition-1"
time="2026-10-01T19:57:34Z" level=error msg="Failed to create consumer at reconnect" consumerID=266 error="server error: ServiceNotReady: Topic is temporarily unavailable" name=pload-warm subscription=sub topic="persistent://bench/ns/x1x1800-t10-288k-w1800-out-partition-1"
time="2026-10-01T19:57:34Z" level=error msg="Failed to create consumer" consumerID=29 error="server error: ServiceNotReady: Topic is temporarily unavailable" name=pload-warm subscription=sub topic="persistent://bench/ns/x1x1800-t10-288k-w1800-in-partition-12"
time="2026-10-01T19:57:34Z" level=error msg="Failed to create consumer at reconnect" consumerID=29 error="server error: ServiceNotReady: Topic is temporarily unavailable" name=pload-warm subscription=sub topic="persistent://bench/ns/x1x1800-t10-288k-w1800-in-partition-12"
time="2026-10-01T19:57:34Z" level=error msg="Failed to create consumer" consumerID=536 error="server error: ServiceNotReady: Topic is temporarily unavailable" name=pload-warm subscription=sub topic="persistent://bench/ns/x1x1800-t10-288k-w1800-out-partition-53"
time="2026-10-01T19:57:34Z" level=error msg="Failed to create consumer at reconnect" consumerID=536 error="server error: ServiceNotReady: Topic is temporarily unavailable" name=pload-warm subscription=sub topic="persistent://bench/ns/x1x1800-t10-288k-w1800-out-partition-53"
time="2026-10-01T19:57:34Z" level=error msg="Failed to create consumer" consumerID=10 error="server error: ServiceNotReady: Topic is temporarily unavailable" name=pload-warm subscription=sub topic="persistent://bench/ns/x1x1800-t10-288k-w1800-in-partition-1"
time="2026-10-01T19:57:34Z" level=error msg="Failed to create consumer at reconnect" consumerID=10 error="server error: ServiceNotReady: Topic is temporarily unavailable" name=pload-warm subscription=sub topic="persistent://bench/ns/x1x1800-t10-288k-w1800-in-partition-1"
  [warm] one message (no "ts") into each of 3600 partitions in 1.2s; consumed and acked in 22.3s
[create] done: x1x1800-t10-288k-w1800-in, x1x1800-t10-288k-w1800-out x 1800 partitions, subscription "sub" on both, verify on x1x1800-t10-288k-w1800-out
