WARN max-pending 100000 per partition producer would preallocate 457 MB over 200 partitions (24 B/slot); using 13981 (-pending-budget-mb 64)
pload tag=1x1800-t10-288k-w1800-p2 loader=2/9 mode=batch rate=32000 msg/s batch=10 batch-max=0 max-inflight=5000 ramp=10s duration=1m10s report=10s drain=1m0s GOMAXPROCS=16 GOGC=400 seed=1790885016790750215
  offered: 32000 msg/s = 3200.0 units/s (avg 10.0 msgs/unit) across 64 pacer workers (50.00 units/s each)
  topics: 1 x 1800 partitions (x1x1800-t10-288k-w1800..x1x1800-t10-288k-w1800), entities/topic=0 (explicit partition) | picker: topics=rr entities: rr over space=200 starting at 0 [producer shard 2/9: partitions p % 9 == 2, entity j -> partition 2 + j*9]
  payload: goload jsonEvent target 256 B, avg 289.5 B raw, ~319 B stamped ({"ts":µs,"src":2,...}), pool 64x10
  consumers: 200 here (ci 400..599 of 1800), poll=1000 proc-us=0 ack=async ack-inflight=256 local-src=[0 1 2]
  pulsar: url=pulsar://10.114.0.2:6650,10.114.0.3:6650,10.114.0.4:6650 admin=http://10.114.0.2:8080 ns=bench/ns sub=sub type=failover compression=lz4 batch=5ms/10 msgs/131072 B max-pending=13981/partition mem-limit=64 MB receiver-queue=1000 ack-group=100ms conns/broker=1 | feeder batches capped at -txn-size messages (whole entries per transaction) | txn: x1x1800-t10-288k-w1800-in -> 200 workers (own client + TC each, NewTransaction timeout 10s, send+AckWithTxn on whole entries, txn-size 10, linger 1s) -> x1x1800-t10-288k-w1800-out, 200 readers
  [admin] 2 topics with 1800 partitions and subscription "sub" exist (checked in 0.0s)
  [txn] 200 workers (ci 400..599 of 1800, 0 idle): each its own client + TC, a failover consumer on its partitions of x1x1800-t10-288k-w1800-in, 200 producers on x1x1800-t10-288k-w1800-out in all; txn-size 10, linger 1s, txn-timeout 10s; ready in 1.6s
  [consume] 200 consumers (ci 400..599 of 1800), failover, partition slices (every partition exactly one consumer): 200 partition registrations here, 1800 in total across all processes; idle 0 here, 0 in total; subscribed in 0.2s, settling 2s
  [produce] producer shard 2/9: 200 partitions per topic (p % 9 == 2) x 1 topics, per-partition producers created lazily on first use
READY 1790884672243
[start] waiting 9.237s for the common start 1790884686508
[start] GO 19:58:06.508 (unix ms 1790884686508)
[19:58:16] offered=    15999/s achieved=    15964/s shed=        0/s inflight=    40 | p50=   9.02 p99=   42.75 p999=   71.17 ms | push=159630 pop=132760 lag=26870 | errs push=0 pop=0 empty=0 gor=26084 | ack=    13277/s ackErr=0 ackAvg=0.01ms | e2e p50=325.63 p99=1155.07 p999=1318.91 n=132760 | e2e_local p50=342.02 p99=1155.07 n=43890
[txn] 19:58:16 txn=    1326/s msgs=    13260/s avg= 10.00 msg/txn | commit p50=80.38 p99=399.36 p999=428.03 ms | aborts=0 errs=0 open=200 | in=    13460/s | total txns=13259 msgs=132590 aborts=0 errs=0
[19:58:26] offered=    32000/s achieved=    32002/s shed=        0/s inflight=    38 | p50=  11.71 p99=   46.85 p999=   69.12 ms | push=479650 pop=308000 lag=171650 | errs push=0 pop=0 empty=0 gor=30085 | ack=    17524/s ackErr=0 ackAvg=0.01ms | e2e p50=2834.43 p99=5931.01 p999=6717.44 n=175250 | e2e_local p50=2768.90 p99=6062.08 n=57900
[txn] 19:58:26 txn=    1751/s msgs=    17511/s avg= 10.00 msg/txn | commit p50=91.65 p99=321.54 p999=501.76 ms | aborts=0 errs=0 open=200 | in=    17511/s | total txns=30770 msgs=307700 aborts=0 errs=0
[19:58:36] offered=    32000/s achieved=    31987/s shed=        0/s inflight=    49 | p50=  11.33 p99=   44.80 p999=   67.07 ms | push=799520 pop=494290 lag=305230 | errs push=0 pop=0 empty=0 gor=31256 | ack=    18629/s ackErr=0 ackAvg=0.01ms | e2e p50=7307.26 p99=10813.44 p999=11730.94 n=186280 | e2e_local p50=7372.80 p99=10944.51 n=61660
[txn] 19:58:36 txn=    1863/s msgs=    18632/s avg= 10.00 msg/txn | commit p50=88.58 p99=350.21 p999=452.61 ms | aborts=0 errs=0 open=200 | in=    18632/s | total txns=49402 msgs=494020 aborts=0 errs=0
[19:58:46] offered=    32000/s achieved=    32002/s shed=        0/s inflight=    41 | p50=  11.33 p99=   45.82 p999=   65.28 ms | push=1119540 pop=694180 lag=425360 | errs push=0 pop=0 empty=0 gor=32618 | ack=    19989/s ackErr=0 ackAvg=0.01ms | e2e p50=11599.87 p99=15400.96 p999=16449.54 n=199890 | e2e_local p50=11599.87 p99=15532.03 n=66050
[txn] 19:58:46 txn=    2000/s msgs=    20001/s avg= 10.00 msg/txn | commit p50=83.46 p99=317.44 p999=444.42 ms | aborts=0 errs=0 open=200 | in=    20001/s | total txns=69403 msgs=694030 aborts=0 errs=0
[19:58:56] offered=    32000/s achieved=    32000/s shed=        0/s inflight=    42 | p50=  11.07 p99=   53.50 p999=   91.65 ms | push=1439540 pop=895170 lag=544370 | errs push=0 pop=0 empty=0 gor=32717 | ack=    20099/s ackErr=0 ackAvg=0.01ms | e2e p50=15400.96 p99=19791.87 p999=21102.59 n=201000 | e2e_local p50=15400.96 p99=20054.02 n=66580
[txn] 19:58:56 txn=    2009/s msgs=    20090/s avg= 10.00 msg/txn | commit p50=83.46 p99=325.63 p999=514.05 ms | aborts=0 errs=0 open=200 | in=    20090/s | total txns=89493 msgs=894930 aborts=0 errs=0
[19:59:06] offered=    32000/s achieved=    31988/s shed=        0/s inflight=    58 | p50=  11.33 p99=   44.29 p999=   72.19 ms | push=1759420 pop=1083996 lag=675424 | errs push=0 pop=0 empty=0 gor=31474 | ack=    18883/s ackErr=0 ackAvg=0.01ms | e2e p50=19267.58 p99=24510.46 p999=26345.47 n=188836 | e2e_local p50=19267.58 p99=24510.46 n=62670
[txn] 19:59:06 txn=    1887/s msgs=    18871/s avg= 10.00 msg/txn | commit p50=86.53 p99=342.02 p999=456.70 ms | aborts=0 errs=0 open=200 | in=    18871/s | total txns=108364 msgs=1083639 aborts=0 errs=0
[19:59:16] offered=    31998/s achieved=    32017/s shed=        0/s inflight=    34 | p50=  10.82 p99=   40.19 p999=   65.28 ms | push=2079630 pop=1269610 lag=810020 | errs push=0 pop=0 empty=0 gor=31073 | ack=    18558/s ackErr=0 ackAvg=0.01ms | e2e p50=23461.89 p99=29491.20 p999=31588.35 n=185594 | e2e_local p50=23461.89 p99=29753.34 n=61110
[txn] 19:59:16 txn=    1857/s msgs=    18571/s avg= 10.00 msg/txn | commit p50=80.38 p99=436.22 p999=477.18 ms | aborts=0 errs=0 open=200 | in=    18571/s | total txns=126938 msgs=1269370 aborts=0 errs=0
[drain] workers and readers keep going for up to 59.963s (ends early after 3s idle; lag now 809790)
[19:59:26] offered=        0/s achieved=       37/s shed=        0/s inflight=     0 | p50=  10.69 p99=   69.12 p999=   69.12 ms | push=2080000 pop=1492500 lag=587500 | errs push=0 pop=0 empty=0 gor=34849 | ack=    22292/s ackErr=0 ackAvg=0.01ms | e2e p50=27394.05 p99=33816.58 p999=35389.44 n=222910 | e2e_local p50=27394.05 p99=33816.58 n=73420
[txn] 19:59:26 txn=    2230/s msgs=    22295/s avg= 10.00 msg/txn | commit p50=68.10 p99=370.69 p999=618.50 ms | aborts=0 errs=0 open=200 | in=    22295/s | total txns=149231 msgs=1492300 aborts=0 errs=0
[19:59:36] offered=        0/s achieved=        0/s shed=        0/s inflight=     0 | p50=   0.00 p99=    0.00 p999=    0.00 ms | push=2080000 pop=1737390 lag=342610 | errs push=0 pop=0 empty=0 gor=37005 | ack=    24488/s ackErr=0 ackAvg=0.01ms | e2e p50=30015.49 p99=36962.30 p999=39059.46 n=244870 | e2e_local p50=30015.49 p99=36962.30 n=80820
[txn] 19:59:36 txn=    2448/s msgs=    24483/s avg= 10.00 msg/txn | commit p50=65.28 p99=288.77 p999=370.69 ms | aborts=0 errs=0 open=193 | in=    24476/s | total txns=173715 msgs=1737140 aborts=0 errs=0
[19:59:46] offered=        0/s achieved=        0/s shed=        0/s inflight=     0 | p50=   0.00 p99=    0.00 p999=    0.00 ms | push=2080000 pop=1969320 lag=110680 | errs push=0 pop=0 empty=0 gor=35719 | ack=    23194/s ackErr=0 ackAvg=0.01ms | e2e p50=33161.22 p99=40108.03 p999=42729.47 n=231970 | e2e_local p50=33423.36 p99=41156.61 n=75510
[txn] 19:59:46 txn=    2321/s msgs=    23212/s avg= 10.00 msg/txn | commit p50=61.70 p99=240.64 p999=321.54 ms | aborts=0 errs=0 open=152 | in=    23171/s | total txns=196926 msgs=1969250 aborts=0 errs=0
[19:59:56] offered=        0/s achieved=        0/s shed=        0/s inflight=     0 | p50=   0.00 p99=    0.00 p999=    0.00 ms | push=2080000 pop=2080000 lag=0 | errs push=0 pop=0 empty=0 gor=23365 | ack=    11068/s ackErr=0 ackAvg=0.01ms | e2e p50=35913.73 p99=42205.18 p999=42729.47 n=110640 | e2e_local p50=35389.44 p99=42729.47 n=36790
[txn] 19:59:56 txn=    1107/s msgs=    11075/s avg= 10.00 msg/txn | commit p50=46.34 p99=130.56 p999=156.67 ms | aborts=0 errs=0 open=0 | in=    10923/s | total txns=208001 msgs=2080000 aborts=0 errs=0
[drain] idle for 3s after 41.1s: ending the drain (lag 0)
[info] txn workers: 0 re-subscriptions after an abort, 0 messages held outside a transaction at the stop (left unacked)
[info] producers created: 200 per-partition producers (shard), 0 creation errors, avg creation 24.6 ms
[info] steady window 60s (after the ramp, before the producers stopped): offered 32000/s pushed 31999/s popped 18947/s cpu 248.6% = 7.77 cores per 100k msg/s (produce+consume)
[final] offered=208000 achieved=208000 shed=0 (msgs: offered=2080000 achieved=2080000 shed=0) pushErr=0 | pushed=2080000 popped=2080000 lag=0 | popErr=0 empty=0 | overall p50=11.07 p99=45.82 p999=72.19 ms | acked=2080000 ackErr=0 ackLag=0 ackAvg=0.01ms | e2e p50=19267.58 p99=39059.46 p999=41680.90 ms
load_cpu=185.3%
[txn-final] txns=208001 msgs=2080000 aborts=0 errs=0 in=2080000 avg=10.00 msg/txn | commit p50=75.26 p99=346.11 p999=489.47 max=724.99 ms
[ids] ledger /root/bench/runs/txn/pulsar/1x1800-t10-288k-w1800/ids/p2.ids: 2080000 confirmed, 0 failed, 0 unanswered
