[2026-10-01T10:27:04Z] cluster: reset: PROFILE=vm PARTS=unset FALLOC=by-rule RPROPS=none START_FLAGS=none TUNE=1 brokers=10.114.0.2 10.114.0.3 10.114.0.4
  n1 [2026-10-01T10:27:05Z] rc.sh n1: stopped pid 708145 in 0.4s
  n1 [2026-10-01T10:27:05Z] rc.sh n1: wiped /root/bench/data/redpanda /root/bench/logs/redpanda
  n2 [2026-10-01T10:27:05Z] rc.sh n2: stopped pid 634840 in 0.4s
  n2 [2026-10-01T10:27:05Z] rc.sh n2: wiped /root/bench/data/redpanda /root/bench/logs/redpanda
  n3 [2026-10-01T10:27:05Z] rc.sh n3: stopped pid 633967 in 0.4s
  n3 [2026-10-01T10:27:05Z] rc.sh n3: wiped /root/bench/data/redpanda /root/bench/logs/redpanda
  n1 mkconf: node 1/3 ip=10.114.0.2 PARTS=unset segment_fallocation_step=33554432 partitions_memory_pct=10 io-config=MISSING -> /root/bench/redpanda/conf
  n2 mkconf: node 2/3 ip=10.114.0.3 PARTS=unset segment_fallocation_step=33554432 partitions_memory_pct=10 io-config=MISSING -> /root/bench/redpanda/conf
  n3 mkconf: node 3/3 ip=10.114.0.4 PARTS=unset segment_fallocation_step=33554432 partitions_memory_pct=10 io-config=MISSING -> /root/bench/redpanda/conf
  n1 [2026-10-01T10:27:07Z] rc.sh n1: tuners applied (rc=0): 3 values written, 1 refused by the kernel (tune.txt)
  n2 [2026-10-01T10:27:07Z] rc.sh n2: tuners applied (rc=0): 3 values written, 1 refused by the kernel (tune.txt)
  n3 [2026-10-01T10:27:07Z] rc.sh n3: tuners applied (rc=0): 3 values written, 1 refused by the kernel (tune.txt)
[2026-10-01T10:27:07Z] cluster: no io-config.yaml on node(s) n1 n2 n3: rpk iotune 10m (once per node)
  n1 [2026-10-01T10:27:08Z] rc.sh n1: rpk iotune --directories /root/bench/data/redpanda --duration 10m (the disk is saturated for that long)
  n1 [2026-10-01T10:37:47Z] rc.sh n1: io-config: disks: - mountpoint: / read_iops: 116219 read_bandwidth: 6322238464 write_iops: 92494 write_bandwidth: 2337492480 
  n1 mkconf: node 1/3 ip=10.114.0.2 PARTS=unset segment_fallocation_step=33554432 partitions_memory_pct=10 io-config=yes -> /root/bench/redpanda/conf
  n2 [2026-10-01T10:27:08Z] rc.sh n2: rpk iotune --directories /root/bench/data/redpanda --duration 10m (the disk is saturated for that long)
  n2 [2026-10-01T10:37:47Z] rc.sh n2: io-config: disks: - mountpoint: / read_iops: 157896 read_bandwidth: 9537708032 write_iops: 122492 write_bandwidth: 2256147200 
  n2 mkconf: node 2/3 ip=10.114.0.3 PARTS=unset segment_fallocation_step=33554432 partitions_memory_pct=10 io-config=yes -> /root/bench/redpanda/conf
  n3 [2026-10-01T10:27:08Z] rc.sh n3: rpk iotune --directories /root/bench/data/redpanda --duration 10m (the disk is saturated for that long)
  n3 [2026-10-01T10:37:47Z] rc.sh n3: io-config: disks: - mountpoint: / read_iops: 195649 read_bandwidth: 6617899008 write_iops: 164272 write_bandwidth: 2641124864 
  n3 mkconf: node 3/3 ip=10.114.0.4 PARTS=unset segment_fallocation_step=33554432 partitions_memory_pct=10 io-config=yes -> /root/bench/redpanda/conf
  n1 page cache dropped: MemFree 13 -> 30 GiB
  n2 page cache dropped: MemFree 13 -> 30 GiB
  n3 page cache dropped: MemFree 13 -> 30 GiB
[2026-10-01T10:37:53Z] cluster: start all 3
  n1 [2026-10-01T10:37:54Z] rc.sh n1: started pid 712405 (10.114.0.2) nofile=1048576 memlock=unlimited oom_score_adj=-950
  n2 [2026-10-01T10:37:54Z] rc.sh n2: started pid 636768 (10.114.0.3) nofile=1048576 memlock=unlimited oom_score_adj=-950
  n3 [2026-10-01T10:37:54Z] rc.sh n3: started pid 635745 (10.114.0.4) nofile=1048576 memlock=unlimited oom_score_adj=-950
[2026-10-01T10:38:01Z] cluster: healthy in 657s
  n1 node=1 alive=1 ready=ready healthy=true controller=1 nodes=3 down=0 leaderless=0 under_replicated=0
  n2 node=2 alive=1 ready=ready healthy=true controller=1 nodes=3 down=0 leaderless=0 under_replicated=0
  n3 node=3 alive=1 ready=ready healthy=true controller=1 nodes=3 down=0 leaderless=0 under_replicated=0
[2026-10-01T10:38:01Z] cluster: versions (conf_hash must be equal: nodes differ only in node_id + listener IPs)
  n1 node=1 redpanda=v26.2.3 conf_hash=62b3143d pid=712405 cmd=[/opt/redpanda/bin/redpanda --redpanda-cfg /root/bench/redpanda/conf/redpanda.yaml --io-properties-file=/root/bench/redpanda/conf/io-config.yaml --lock-memory=false] nofile=1048576 oom_score_adj=-950
  n2 node=2 redpanda=v26.2.3 conf_hash=62b3143d pid=636768 cmd=[/opt/redpanda/bin/redpanda --redpanda-cfg /root/bench/redpanda/conf/redpanda.yaml --io-properties-file=/root/bench/redpanda/conf/io-config.yaml --lock-memory=false] nofile=1048576 oom_score_adj=-950
  n3 node=3 redpanda=v26.2.3 conf_hash=62b3143d pid=635745 cmd=[/opt/redpanda/bin/redpanda --redpanda-cfg /root/bench/redpanda/conf/redpanda.yaml --io-properties-file=/root/bench/redpanda/conf/io-config.yaml --lock-memory=false] nofile=1048576 oom_score_adj=-950
[2026-10-01T10:38:01Z] cluster: brokers:
  CLUSTER
  =======
  redpanda.66da71b1-8919-4c57-8818-0f8878bbd020
  
  BROKERS
  =======
  ID    HOST        PORT
  1*    10.114.0.2  9092
  2     10.114.0.3  9092
  3     10.114.0.4  9092
  
[2026-10-01T10:38:02Z] cluster: cluster config overrides in force (.bootstrap.yaml):
  default_topic_replications = 3
  internal_topic_replication_factor = 3
  write_caching_default = "false"   <-- WANTED false
  kafka_batch_max_bytes = 16777216
  log_retention_ms = 600000
  rpc_server_listen_backlog = 4096
  topic_partitions_per_shard = 7000
  topic_partitions_memory_allocation_percent = 10
  segment_fallocation_step = 33554432
  auto_create_topics_enabled = false
[2026-10-01T10:38:09Z] cluster: WARN 1 cluster properties are not what .bootstrap.yaml asked for
[2026-10-01T10:38:09Z] cluster: cluster config status (restart pending must be false):
  NODE  CONFIG-VERSION  NEEDS-RESTART  INVALID  UNKNOWN
  1     2               false          []       []
  2     2               false          []       []
  3     2               false          []       []
[2026-10-01T10:38:10Z] cluster: tuners (node 1; all nodes: state/tune.txt, collected per run):
  # rpk redpanda tune all on queen-broker-01 (10.114.0.2) at 2026-10-01T10:27:07Z, rc=0, config /root/bench/redpanda/conf/redpanda.yaml
  TUNER                  APPLIED  ENABLED  SUPPORTED  ERROR
  aio_events             true     true     true       
  ballast_file           true     true     true       
  clocksource            true     true     true       
  coredump               false    false    true       
  cpu                    true     true     true       
  disk_irq               true     true     true       
  disk_nomerges          true     true     true       
  disk_scheduler         true     true     true       
  disk_write_cache       false    true     false      Disk write cache tuner is only supported in GCP
  fstrim                 false    false    true       
  net                    true     true     true       
  swappiness             true     true     true       
  transparent_hugepages  false    false    true       
  # every value the tuners write: before (OS baseline, 2026-10-01T10:14:02Z, before the first tune)) -> now (wanted)
  ballast /root/bench/data/redpanda/ballast                                        <absent> -> 1000000000
  file    /proc/irq/25/smp_affinity                                                ffff -> ffff   (NOT APPLIED: wanted 00000001)
  file    /proc/irq/24/smp_affinity                                                ffff -> 0001
[2026-10-01T10:38:11Z] cluster: durability proof on topic rp-proof: RF 3, 1 partition, 10000 records acks=all (rpk produce), then each replica's own raft view
  TOPIC     STATUS
  rp-proof  OK
  produced: Produced to partition 0 at offset 9999 with timestamp 1790851092916.
  NAME        rp-proof
  PARTITIONS  1
  REPLICAS    3
  cleanup.policy                        delete         DEFAULT_CONFIG
  flush.bytes                           262144         DEFAULT_CONFIG
  flush.ms                              100            DEFAULT_CONFIG
  retention.ms                          600000         DEFAULT_CONFIG
  segment.bytes                         134217728      DEFAULT_CONFIG
  write.caching                         false          DEFAULT_CONFIG
  PARTITIONS
  PARTITION  LEADER  EPOCH  REPLICAS  LOG-START-OFFSET  HIGH-WATERMARK
  0          2       1      [1 2 3]   0                 10000
  n1 own view: {'node_id': 1, 'term': 1, 'is_leader': False, 'commit_index': 10000, 'flushed_offset': 10000, 'has_pending_flushes': False}
  n1 own view: {'node_id': 2, 'term': 1, 'is_leader': True, 'commit_index': 10000, 'flushed_offset': 10000, 'has_pending_flushes': False}
  n1   follower as seen by the leader: {'id': 3, 'last_flushed_log_index': 10000, 'last_dirty_log_index': 10000, 'match_index': 10000, 'is_learner': False}
  n1   follower as seen by the leader: {'id': 1, 'last_flushed_log_index': 10000, 'last_dirty_log_index': 10000, 'match_index': 10000, 'is_learner': False}
  n1 own view: {'node_id': 3, 'term': 1, 'is_leader': False, 'commit_index': 10000, 'flushed_offset': 10000, 'has_pending_flushes': False}
  n1   on disk: 33554621 bytes in /root/bench/data/redpanda/kafka/rp-proof/0_9/
  n2 own view: {'node_id': 1, 'term': 1, 'is_leader': False, 'commit_index': 10000, 'flushed_offset': 10000, 'has_pending_flushes': False}
  n2 own view: {'node_id': 2, 'term': 1, 'is_leader': True, 'commit_index': 10000, 'flushed_offset': 10000, 'has_pending_flushes': False}
  n2   follower as seen by the leader: {'id': 3, 'last_flushed_log_index': 10000, 'last_dirty_log_index': 10000, 'match_index': 10000, 'is_learner': False}
  n2   follower as seen by the leader: {'id': 1, 'last_flushed_log_index': 10000, 'last_dirty_log_index': 10000, 'match_index': 10000, 'is_learner': False}
  n2 own view: {'node_id': 3, 'term': 1, 'is_leader': False, 'commit_index': 10000, 'flushed_offset': 10000, 'has_pending_flushes': False}
  n2   on disk: 33554621 bytes in /root/bench/data/redpanda/kafka/rp-proof/0_9/
  n3 own view: {'node_id': 1, 'term': 1, 'is_leader': False, 'commit_index': 10000, 'flushed_offset': 10000, 'has_pending_flushes': False}
  n3 own view: {'node_id': 2, 'term': 1, 'is_leader': True, 'commit_index': 10000, 'flushed_offset': 10000, 'has_pending_flushes': False}
  n3   follower as seen by the leader: {'id': 3, 'last_flushed_log_index': 10000, 'last_dirty_log_index': 10000, 'match_index': 10000, 'is_learner': False}
  n3   follower as seen by the leader: {'id': 1, 'last_flushed_log_index': 10000, 'last_dirty_log_index': 10000, 'match_index': 10000, 'is_learner': False}
  n3 own view: {'node_id': 3, 'term': 1, 'is_leader': False, 'commit_index': 10000, 'flushed_offset': 10000, 'has_pending_flushes': False}
  n3   on disk: 33554621 bytes in /root/bench/data/redpanda/kafka/rp-proof/0_9/
[2026-10-01T10:38:17Z] cluster: cluster: write_caching_default="false" (false = acks=all waits for a raft majority's fsync)
  TOPIC     STATUS
  rp-proof  OK
rc=0
