WARN max-pending 1000000 per partition producer would preallocate 503 MB over 22 partitions (24 B/slot); using 127100 (-pending-budget-mb 64)
pload tag=1x200-t100-576k-w198-b100-p4 loader=4/9 mode=batch rate=64000 msg/s batch=100 batch-max=0 max-inflight=5000 ramp=10s duration=1m10s report=10s drain=1m0s GOMAXPROCS=16 GOGC=400 seed=1790887908414736434
  offered: 64000 msg/s = 640.0 units/s (avg 100.0 msgs/unit) across 13 pacer workers (49.23 units/s each)
  topics: 1 x 200 partitions (x1x200-t100-576k-w198-b100..x1x200-t100-576k-w198-b100), entities/topic=0 (explicit partition) | picker: topics=rr entities: rr over space=22 starting at 0 [producer shard 4/9: partitions p % 9 == 4, entity j -> partition 4 + j*9]
  payload: goload jsonEvent target 256 B, avg 289.5 B raw, ~320 B stamped ({"ts":µs,"src":4,...}), pool 64x100
  consumers: 22 here (ci 88..109 of 198), poll=1000 proc-us=0 ack=async ack-inflight=256 local-src=[3 4 5]
  pulsar: url=pulsar://10.114.0.2:6650,10.114.0.3:6650,10.114.0.4:6650 admin=http://10.114.0.2:8080 ns=bench/ns sub=sub type=failover compression=lz4 batch=5ms/100 msgs/131072 B max-pending=127100/partition mem-limit=365 MB receiver-queue=1000 ack-group=100ms conns/broker=1 | feeder batches capped at -txn-size messages (whole entries per transaction) | txn: x1x200-t100-576k-w198-b100-in -> 22 workers (own client + TC each, NewTransaction timeout 10s, send+AckWithTxn on whole entries, txn-size 100, linger 1s) -> x1x200-t100-576k-w198-b100-out, 22 readers
  [admin] 2 topics with 200 partitions and subscription "sub" exist (checked in 0.0s)
  [txn] 22 workers (ci 88..109 of 198, 0 idle): each its own client + TC, a failover consumer on its partitions of x1x200-t100-576k-w198-b100-in, 22 producers on x1x200-t100-576k-w198-b100-out in all; txn-size 100, linger 1s, txn-timeout 10s; ready in 1.1s
  [consume] 22 consumers (ci 88..109 of 198), failover, partition slices (every partition exactly one consumer): 22 partition registrations here, 200 in total across all processes; idle 0 here, 0 in total; subscribed in 0.0s, settling 2s
  [produce] producer shard 4/9: 22 partitions per topic (p % 9 == 4) x 1 topics, per-partition producers created lazily on first use
READY 1790888243336
[start] waiting 9.183s for the common start 1790888257238
[start] GO 20:57:37.238 (unix ms 1790888257238)
[20:57:47] offered=    32001/s achieved=    31981/s shed=        0/s inflight=     2 | p50=   6.62 p99=   19.33 p999=   30.08 ms | push=319800 pop=313200 lag=6600 | errs push=0 pop=0 empty=0 gor=4559 | ack=    31321/s ackErr=0 ackAvg=0.02ms | e2e p50=35.58 p99=150.53 p999=203.78 n=313200 | e2e_local p50=36.10 p99=140.29 n=86400
[txn] 20:57:47 txn=     313/s msgs=    31321/s avg=100.00 msg/txn | commit p50=29.31 p99=71.17 p999=201.73 ms | aborts=0 errs=0 open=22 | in=    31541/s | total txns=3132 msgs=313200 aborts=0 errs=0
[20:57:57] offered=    63991/s achieved=    63971/s shed=        0/s inflight=     4 | p50=   7.01 p99=   16.51 p999=   20.61 ms | push=959500 pop=938800 lag=20700 | errs push=0 pop=0 empty=0 gor=7671 | ack=    62561/s ackErr=0 ackAvg=0.02ms | e2e p50=41.73 p99=214.02 p999=240.64 n=625600 | e2e_local p50=43.78 p99=207.87 n=172700
[txn] 20:57:57 txn=     626/s msgs=    62551/s avg=100.00 msg/txn | commit p50=30.59 p99=50.43 p999=58.11 ms | aborts=0 errs=0 open=22 | in=    62551/s | total txns=9387 msgs=938700 aborts=0 errs=0
[20:58:07] offered=    64041/s achieved=    64001/s shed=        0/s inflight=     8 | p50=   6.88 p99=   15.17 p999=   19.58 ms | push=1599500 pop=1575300 lag=24200 | errs push=0 pop=0 empty=0 gor=7772 | ack=    63651/s ackErr=0 ackAvg=0.02ms | e2e p50=39.68 p99=209.92 p999=236.54 n=636700 | e2e_local p50=40.19 p99=203.78 n=175600
[txn] 20:58:07 txn=     637/s msgs=    63651/s avg=100.00 msg/txn | commit p50=30.08 p99=48.38 p999=59.14 ms | aborts=0 errs=0 open=22 | in=    63651/s | total txns=15752 msgs=1575200 aborts=0 errs=0
[20:58:17] offered=    63961/s achieved=    64021/s shed=        0/s inflight=     1 | p50=   6.88 p99=   15.17 p999=   21.89 ms | push=2239700 pop=2209700 lag=30000 | errs push=0 pop=0 empty=0 gor=7749 | ack=    63441/s ackErr=0 ackAvg=0.02ms | e2e p50=39.17 p99=154.62 p999=166.91 n=634200 | e2e_local p50=40.70 p99=146.43 n=175000
[txn] 20:58:17 txn=     634/s msgs=    63431/s avg=100.00 msg/txn | commit p50=30.34 p99=46.85 p999=55.55 ms | aborts=0 errs=0 open=21 | in=    63421/s | total txns=22095 msgs=2209500 aborts=0 errs=0
[20:58:27] offered=    64010/s achieved=    63980/s shed=        0/s inflight=     5 | p50=   6.94 p99=   14.02 p999=   19.07 ms | push=2879500 pop=2843200 lag=36300 | errs push=0 pop=0 empty=0 gor=7750 | ack=    63350/s ackErr=0 ackAvg=0.02ms | e2e p50=40.19 p99=156.67 p999=181.25 n=633500 | e2e_local p50=41.22 p99=154.62 n=175100
[txn] 20:58:27 txn=     634/s msgs=    63360/s avg=100.00 msg/txn | commit p50=31.10 p99=46.34 p999=54.02 ms | aborts=0 errs=0 open=22 | in=    63370/s | total txns=28431 msgs=2843100 aborts=0 errs=0
[20:58:37] offered=    64007/s achieved=    63997/s shed=        0/s inflight=     6 | p50=   6.82 p99=   15.17 p999=   19.33 ms | push=3519500 pop=3476100 lag=43400 | errs push=0 pop=0 empty=0 gor=7737 | ack=    63287/s ackErr=0 ackAvg=0.02ms | e2e p50=38.66 p99=164.86 p999=197.63 n=632900 | e2e_local p50=39.68 p99=162.82 n=174600
[txn] 20:58:37 txn=     633/s msgs=    63297/s avg=100.00 msg/txn | commit p50=30.34 p99=45.82 p999=55.04 ms | aborts=0 errs=0 open=19 | in=    63267/s | total txns=34761 msgs=3476100 aborts=0 errs=0
[20:58:47] offered=    63991/s achieved=    64021/s shed=        0/s inflight=     3 | p50=   6.82 p99=   15.42 p999=   19.58 ms | push=4159700 pop=4108300 lag=51400 | errs push=0 pop=0 empty=0 gor=7726 | ack=    63221/s ackErr=0 ackAvg=0.02ms | e2e p50=39.68 p99=185.34 p999=209.92 n=632200 | e2e_local p50=40.70 p99=171.01 n=174500
[txn] 20:58:47 txn=     632/s msgs=    63221/s avg=100.00 msg/txn | commit p50=29.82 p99=48.90 p999=58.62 ms | aborts=0 errs=0 open=20 | in=    63231/s | total txns=41083 msgs=4108300 aborts=0 errs=0
[drain] workers and readers keep going for up to 59.995s (ends early after 3s idle; lag now 51600)
[drain] idle for 3s after 3.1s: ending the drain (lag 49000)
[info] txn workers: 0 re-subscriptions after an abort, 0 messages held outside a transaction at the stop (left unacked)
[info] producers created: 22 per-partition producers (shard), 0 creation errors, avg creation 17.2 ms
[info] steady window 60s (after the ramp, before the producers stopped): offered 64000/s pushed 63998/s popped 63252/s cpu 159.1% = 2.49 cores per 100k msg/s (produce+consume)
[final] offered=41600 achieved=41600 shed=0 (msgs: offered=4160000 achieved=4160000 shed=0) pushErr=0 | pushed=4160000 popped=4111000 lag=49000 | popErr=0 empty=0 | overall p50=6.88 p99=15.42 p999=21.63 ms | acked=4111000 ackErr=0 ackLag=49000 ackAvg=0.02ms | e2e p50=39.17 p99=193.54 p999=226.30 ms
load_cpu=116.3%
[txn-final] txns=41110 msgs=4111000 aborts=0 errs=0 in=4111000 avg=100.00 msg/txn | commit p50=30.34 p99=49.41 p999=66.05 max=201.73 ms
[ids] ledger /root/bench/runs/txn/pulsar/1x200-t100-576k-w198-b100/ids/p4.ids: 4160000 confirmed, 0 failed, 0 unanswered
