WARN max-pending 1000000 per partition producer would preallocate 503 MB over 22 partitions (24 B/slot); using 127100 (-pending-budget-mb 64)
pload tag=1x200-t100-576k-w198-b100-p5 loader=5/9 mode=batch rate=64000 msg/s batch=100 batch-max=0 max-inflight=5000 ramp=10s duration=1m10s report=10s drain=1m0s GOMAXPROCS=16 GOGC=400 seed=1790887908401735122
  offered: 64000 msg/s = 640.0 units/s (avg 100.0 msgs/unit) across 13 pacer workers (49.23 units/s each)
  topics: 1 x 200 partitions (x1x200-t100-576k-w198-b100..x1x200-t100-576k-w198-b100), entities/topic=0 (explicit partition) | picker: topics=rr entities: rr over space=22 starting at 0 [producer shard 5/9: partitions p % 9 == 5, entity j -> partition 5 + j*9]
  payload: goload jsonEvent target 256 B, avg 289.6 B raw, ~320 B stamped ({"ts":µs,"src":5,...}), pool 64x100
  consumers: 22 here (ci 110..131 of 198), poll=1000 proc-us=0 ack=async ack-inflight=256 local-src=[3 4 5]
  pulsar: url=pulsar://10.114.0.2:6650,10.114.0.3:6650,10.114.0.4:6650 admin=http://10.114.0.2:8080 ns=bench/ns sub=sub type=failover compression=lz4 batch=5ms/100 msgs/131072 B max-pending=127100/partition mem-limit=365 MB receiver-queue=1000 ack-group=100ms conns/broker=1 | feeder batches capped at -txn-size messages (whole entries per transaction) | txn: x1x200-t100-576k-w198-b100-in -> 22 workers (own client + TC each, NewTransaction timeout 10s, send+AckWithTxn on whole entries, txn-size 100, linger 1s) -> x1x200-t100-576k-w198-b100-out, 22 readers
  [admin] 2 topics with 200 partitions and subscription "sub" exist (checked in 0.0s)
  [txn] 22 workers (ci 110..131 of 198, 0 idle): each its own client + TC, a failover consumer on its partitions of x1x200-t100-576k-w198-b100-in, 22 producers on x1x200-t100-576k-w198-b100-out in all; txn-size 100, linger 1s, txn-timeout 10s; ready in 1.1s
  [consume] 22 consumers (ci 110..131 of 198), failover, partition slices (every partition exactly one consumer): 22 partition registrations here, 200 in total across all processes; idle 0 here, 0 in total; subscribed in 0.0s, settling 2s
  [produce] producer shard 5/9: 22 partitions per topic (p % 9 == 5) x 1 topics, per-partition producers created lazily on first use
READY 1790888243337
[start] waiting 9.165s for the common start 1790888257238
[start] GO 20:57:37.238 (unix ms 1790888257238)
[20:57:47] offered=    31978/s achieved=    31968/s shed=        0/s inflight=     3 | p50=   6.75 p99=   19.07 p999=   30.59 ms | push=319700 pop=314300 lag=5400 | errs push=0 pop=0 empty=0 gor=4575 | ack=    31428/s ackErr=0 ackAvg=0.02ms | e2e p50=36.10 p99=150.53 p999=191.49 n=314300 | e2e_local p50=37.12 p99=156.67 n=129500
[txn] 20:57:47 txn=     314/s msgs=    31428/s avg=100.00 msg/txn | commit p50=29.57 p99=74.24 p999=183.30 ms | aborts=0 errs=0 open=22 | in=    31648/s | total txns=3143 msgs=314300 aborts=0 errs=0
[20:57:57] offered=    64005/s achieved=    63985/s shed=        0/s inflight=     4 | p50=   7.07 p99=   16.77 p999=   21.38 ms | push=959500 pop=941700 lag=17800 | errs push=0 pop=0 empty=0 gor=7678 | ack=    62745/s ackErr=0 ackAvg=0.02ms | e2e p50=43.78 p99=228.35 p999=242.69 n=627400 | e2e_local p50=45.82 p99=232.45 n=258800
[txn] 20:57:57 txn=     627/s msgs=    62715/s avg=100.00 msg/txn | commit p50=30.85 p99=50.94 p999=57.60 ms | aborts=0 errs=0 open=22 | in=    62715/s | total txns=9414 msgs=941400 aborts=0 errs=0
[20:58:07] offered=    64030/s achieved=    63980/s shed=        0/s inflight=     8 | p50=   6.88 p99=   14.66 p999=   20.10 ms | push=1599300 pop=1580600 lag=18700 | errs push=0 pop=0 empty=0 gor=7794 | ack=    63890/s ackErr=0 ackAvg=0.02ms | e2e p50=41.22 p99=218.11 p999=240.64 n=638900 | e2e_local p50=43.26 p99=211.97 n=263200
[txn] 20:58:07 txn=     639/s msgs=    63920/s avg=100.00 msg/txn | commit p50=30.34 p99=48.90 p999=60.16 ms | aborts=0 errs=0 open=22 | in=    63920/s | total txns=15806 msgs=1580600 aborts=0 errs=0
[20:58:17] offered=    63977/s achieved=    64047/s shed=        0/s inflight=     1 | p50=   6.94 p99=   14.91 p999=   22.40 ms | push=2239800 pop=2216900 lag=22900 | errs push=0 pop=0 empty=0 gor=7768 | ack=    63627/s ackErr=0 ackAvg=0.02ms | e2e p50=40.70 p99=156.67 p999=173.06 n=636300 | e2e_local p50=43.26 p99=158.72 n=262300
[txn] 20:58:17 txn=     636/s msgs=    63627/s avg=100.00 msg/txn | commit p50=30.59 p99=47.87 p999=60.67 ms | aborts=0 errs=0 open=22 | in=    63627/s | total txns=22169 msgs=2216900 aborts=0 errs=0
[20:58:27] offered=    63993/s achieved=    63973/s shed=        0/s inflight=     3 | p50=   7.01 p99=   14.02 p999=   19.58 ms | push=2879500 pop=2854300 lag=25200 | errs push=0 pop=0 empty=0 gor=7797 | ack=    63743/s ackErr=0 ackAvg=0.02ms | e2e p50=42.75 p99=164.86 p999=179.20 n=637400 | e2e_local p50=45.31 p99=162.82 n=263300
[txn] 20:58:27 txn=     637/s msgs=    63743/s avg=100.00 msg/txn | commit p50=31.36 p99=46.85 p999=55.04 ms | aborts=0 errs=0 open=22 | in=    63743/s | total txns=28543 msgs=2854300 aborts=0 errs=0
[20:58:37] offered=    64031/s achieved=    63991/s shed=        0/s inflight=     7 | p50=   6.88 p99=   14.91 p999=   19.84 ms | push=3519400 pop=3489800 lag=29600 | errs push=0 pop=0 empty=0 gor=7762 | ack=    63551/s ackErr=0 ackAvg=0.02ms | e2e p50=40.70 p99=166.91 p999=183.30 n=635500 | e2e_local p50=42.24 p99=164.86 n=262000
[txn] 20:58:37 txn=     636/s msgs=    63551/s avg=100.00 msg/txn | commit p50=30.85 p99=47.36 p999=52.99 ms | aborts=0 errs=0 open=22 | in=    63551/s | total txns=34898 msgs=3489800 aborts=0 errs=0
[20:58:47] offered=    63982/s achieved=    64012/s shed=        0/s inflight=     3 | p50=   6.88 p99=   15.94 p999=   25.47 ms | push=4159600 pop=4123800 lag=35800 | errs push=0 pop=0 empty=0 gor=7745 | ack=    63392/s ackErr=0 ackAvg=0.02ms | e2e p50=41.22 p99=185.34 p999=199.68 n=634000 | e2e_local p50=43.26 p99=189.44 n=261400
[txn] 20:58:47 txn=     634/s msgs=    63402/s avg=100.00 msg/txn | commit p50=30.34 p99=49.41 p999=57.60 ms | aborts=0 errs=0 open=19 | in=    63362/s | total txns=41239 msgs=4123900 aborts=0 errs=0
[drain] workers and readers keep going for up to 59.988s (ends early after 3s idle; lag now 35800)
[drain] idle for 3s after 3.1s: ending the drain (lag 32600)
[info] txn workers: 0 re-subscriptions after an abort, 0 messages held outside a transaction at the stop (left unacked)
[info] producers created: 22 per-partition producers (shard), 0 creation errors, avg creation 17.5 ms
[info] steady window 60s (after the ramp, before the producers stopped): offered 64003/s pushed 63998/s popped 63491/s cpu 159.0% = 2.49 cores per 100k msg/s (produce+consume)
[final] offered=41600 achieved=41600 shed=0 (msgs: offered=4160000 achieved=4160000 shed=0) pushErr=0 | pushed=4160000 popped=4127400 lag=32600 | popErr=0 empty=0 | overall p50=6.94 p99=15.55 p999=23.17 ms | acked=4127400 ackErr=0 ackLag=32600 ackAvg=0.02ms | e2e p50=41.22 p99=201.73 p999=234.50 ms
load_cpu=116.3%
[txn-final] txns=41274 msgs=4127400 aborts=0 errs=0 in=4127400 avg=100.00 msg/txn | commit p50=30.59 p99=49.92 p999=69.12 max=199.68 ms
[ids] ledger /root/bench/runs/txn/pulsar/1x200-t100-576k-w198-b100/ids/p5.ids: 4160000 confirmed, 0 failed, 0 unanswered
