kload tag=10x1000-1000k-p4 loader=4/9 mode=batch rate=111111 msg/s batch=100 batch-max=0 max-inflight=5000 ramp=10s duration=1m10s report=10s drain=0s GOMAXPROCS=16 GOGC=400 seed=1790758504136844204
  offered: 111111 msg/s = 1111.1 units/s (avg 100.0 msgs/unit) across 23 pacer workers (48.31 units/s each)
  topics: 10 x 1000 partitions (k10x1000-1000k-t0..k10x1000-1000k-t9), entities/topic=0 (explicit partition) | picker: topics=rr entities: rr over space=1000 starting at 444
  payload: goload jsonEvent target 256 B, avg 289.6 B raw, ~320 B stamped ({"ts":µs,"src":4,...}), pool 64x100
  consumers: 33 here (ci 132..164 of 297), poll=1000 proc-us=0 ack=async ack-inflight=256 local-src=[3 4 5]
  kafka: brokers=10.114.0.2:9092,10.114.0.3:9092,10.114.0.4:9092 rf=3 min-isr=2 producers=4 linger=5ms compression=lz4 acks=all idempotent batch-max-bytes=1048576 | consumers: protocol=consumer fetch-max-wait=500ms fetch-min-bytes=1 fetch-max-partition-bytes=1048576 session=45s
  [topic] READY after 0.0s: 10 topics x 1000 partitions, leaders + full ISR
  [config] broker.compression.type = producer (STATIC_BROKER_CONFIG)
  [config] broker.default.replication.factor = 3 (STATIC_BROKER_CONFIG)
  [config] broker.group.consumer.assignors = uniform,range (DEFAULT_CONFIG)
  [config] broker.group.coordinator.rebalance.protocols = classic,consumer,streams (DEFAULT_CONFIG)
  [config] broker.group.initial.rebalance.delay.ms = 3000 (DEFAULT_CONFIG)
  [config] broker.log.flush.interval.messages = 9223372036854775807 (DEFAULT_CONFIG)
  [config] broker.log.flush.interval.ms = <nil> (DEFAULT_CONFIG)
  [config] broker.max.incremental.fetch.session.cache.slots = 4000 (STATIC_BROKER_CONFIG)
  [config] broker.min.insync.replicas = 2 (DYNAMIC_DEFAULT_BROKER_CONFIG)
  [config] broker.num.io.threads = 16 (STATIC_BROKER_CONFIG)
  [config] broker.num.network.threads = 8 (STATIC_BROKER_CONFIG)
  [config] broker.num.replica.fetchers = 8 (STATIC_BROKER_CONFIG)
  [config] topic.compression.type = producer (STATIC_BROKER_CONFIG)
  [config] topic.flush.messages = 9223372036854775807 (DEFAULT_CONFIG)
  [config] topic.flush.ms = 9223372036854775807 (DEFAULT_CONFIG)
  [config] topic.max.message.bytes = 16777216 (STATIC_BROKER_CONFIG)
  [config] topic.message.timestamp.type = CreateTime (DEFAULT_CONFIG)
  [config] topic.min.insync.replicas = 2 (DYNAMIC_TOPIC_CONFIG)
  [config] topic.retention.ms = 600000 (DYNAMIC_TOPIC_CONFIG)
  [config] topic.segment.bytes = 268435456 (DYNAMIC_TOPIC_CONFIG)
  [config] topic.unclean.leader.election.enable = false (STATIC_BROKER_CONFIG)
  [group] 33 consumers in 10 groups (k10x1000-1000k-g-t2 ... ), protocol consumer
  [group] t=+0.1s waiting: k10x1000-1000k-g-t2: local members 4/30 hold 0/1000 partitions (group-wide ? members=0 assigned=0); k10x1000-1000k-g-t3: local members 4/30 hold 0/1000 partitions (group-wide ? members=0 assigned=0); k10x1000-1000k-g-t4: local members 4/30 hold 0/1000 partitions (group-wide ? members=0 assigned=0)
  [group] t=+2.1s waiting: k10x1000-1000k-g-t2: local members 4/30 hold 0/1000 partitions (group-wide Assigning members=30 assigned=1000); k10x1000-1000k-g-t3: local members 4/30 hold 0/1000 partitions (group-wide Assigning members=30 assigned=1000); k10x1000-1000k-g-t4: local members 4/30 hold 0/1000 partitions (group-wide Assigning members=30 assigned=1000)
  [group] t=+4.1s waiting: k10x1000-1000k-g-t2: local members 4/30 hold 0/1000 partitions (group-wide Assigning members=30 assigned=1000); k10x1000-1000k-g-t3: local members 4/30 hold 0/1000 partitions (group-wide Assigning members=30 assigned=1000); k10x1000-1000k-g-t4: local members 4/30 hold 0/1000 partitions (group-wide Assigning members=30 assigned=1000)
  [group] t=+6.1s waiting: k10x1000-1000k-g-t2: local members 4/30 hold 0/1000 partitions (group-wide Reconciling members=30 assigned=34); k10x1000-1000k-g-t3: local members 4/30 hold 0/1000 partitions (group-wide Reconciling members=30 assigned=34); k10x1000-1000k-g-t4: local members 4/30 hold 0/1000 partitions (group-wide Reconciling members=30 assigned=34)
  [group] t=+8.1s waiting: k10x1000-1000k-g-t2: local members 4/30 hold 0/1000 partitions (group-wide Reconciling members=30 assigned=34); k10x1000-1000k-g-t3: local members 4/30 hold 0/1000 partitions (group-wide Reconciling members=30 assigned=34); k10x1000-1000k-g-t4: local members 4/30 hold 0/1000 partitions (group-wide Reconciling members=30 assigned=34)
  [group] t=+10.1s waiting: k10x1000-1000k-g-t2: local members 4/30 hold 0/1000 partitions (group-wide Reconciling members=30 assigned=34); k10x1000-1000k-g-t3: local members 4/30 hold 0/1000 partitions (group-wide Reconciling members=30 assigned=34); k10x1000-1000k-g-t4: local members 4/30 hold 0/1000 partitions (group-wide Reconciling members=30 assigned=34)
  [group] t=+12.1s waiting: k10x1000-1000k-g-t2: local members 4/30 hold 134/1000 partitions (group-wide Stable members=30 assigned=1000); k10x1000-1000k-g-t3: local members 4/30 hold 133/1000 partitions (group-wide Stable members=30 assigned=1000); k10x1000-1000k-g-t4: local members 4/30 hold 135/1000 partitions (group-wide Stable members=30 assigned=1000)
  [group] STABLE after 14.1s: 10 groups, 33 local members holding 1113 partitions, assignEv=66 revokeEv=0 lostEv=0
  [produce] 4 clients connected to every broker with producer IDs in 0.02s; max buffered 501024 records per client
READY 1790758482154
[start] waiting 9.155s for the common start 1790758497332
[start] GO 08:54:57.332 (unix ms 1790758497332)
[08:55:07] offered=    55592/s achieved=    55422/s shed=        0/s inflight=    19 | p50=  15.30 p99=   36.10 p999=   62.72 ms | push=554200 pop=555000 lag=-800 | errs push=0 pop=0 empty=0 gor=508 | ack=    55392/s ackErr=0 ackAvg=11.98ms | e2e p50=14.66 p99=35.58 p999=59.14 n=555000 | e2e_local p50=14.78 p99=35.07 n=211800
[08:55:17] offered=   111117/s achieved=   111027/s shed=        0/s inflight=    26 | p50=  15.55 p99=   45.31 p999=   66.05 ms | push=1664500 pop=1667400 lag=-2900 | errs push=0 pop=0 empty=0 gor=534 | ack=   111047/s ackErr=0 ackAvg=20.67ms | e2e p50=14.78 p99=43.26 p999=60.16 n=1112400 | e2e_local p50=15.30 p99=45.31 n=366400
[08:55:27] offered=   111104/s achieved=   111194/s shed=        0/s inflight=    17 | p50=  15.30 p99=   43.78 p999=   60.67 ms | push=2776400 pop=2781000 lag=-4600 | errs push=0 pop=0 empty=0 gor=510 | ack=   111544/s ackErr=0 ackAvg=22.01ms | e2e p50=14.66 p99=44.29 p999=62.21 n=1113600 | e2e_local p50=14.78 p99=41.22 n=360900
[08:55:37] offered=   111090/s achieved=   111100/s shed=        0/s inflight=    17 | p50=  15.04 p99=   37.63 p999=   47.36 ms | push=3887400 pop=3894000 lag=-6600 | errs push=0 pop=0 empty=0 gor=518 | ack=   111240/s ackErr=0 ackAvg=21.47ms | e2e p50=14.27 p99=38.14 p999=45.82 n=1113000 | e2e_local p50=14.53 p99=38.66 n=363500
[08:55:47] offered=   111104/s achieved=   111104/s shed=        0/s inflight=    17 | p50=  15.55 p99=   41.22 p999=   51.46 ms | push=4998500 pop=5006800 lag=-8300 | errs push=0 pop=0 empty=0 gor=523 | ack=   111274/s ackErr=0 ackAvg=22.39ms | e2e p50=14.91 p99=42.24 p999=55.04 n=1112800 | e2e_local p50=15.17 p99=45.82 n=366200
[08:55:57] offered=   111097/s achieved=   111077/s shed=        0/s inflight=    18 | p50=  15.55 p99=   39.17 p999=   51.46 ms | push=6109300 pop=6119500 lag=-10200 | errs push=0 pop=0 empty=0 gor=528 | ack=   111207/s ackErr=0 ackAvg=22.94ms | e2e p50=14.78 p99=41.73 p999=56.58 n=1112700 | e2e_local p50=14.91 p99=40.19 n=367000
[08:56:07] offered=   111122/s achieved=   111152/s shed=        0/s inflight=    15 | p50=  15.81 p99=   46.85 p999=   57.09 ms | push=7220800 pop=7232800 lag=-12000 | errs push=0 pop=0 empty=0 gor=503 | ack=   111352/s ackErr=0 ackAvg=23.62ms | e2e p50=15.17 p99=47.36 p999=62.21 n=1113300 | e2e_local p50=15.17 p99=46.85 n=373000
[info] steady window 60s (after the ramp, before the producers stopped): offered 111106/s pushed 111109/s popped 111296/s cpu 101.0% = 0.91 cores per 100k msg/s (produce+consume)
[final] offered=72223 achieved=72223 shed=0 (msgs: offered=7222300 achieved=7222300 shed=0) pushErr=0 | pushed=7222300 popped=7234400 lag=-12100 | popErr=0 empty=0 | overall p50=15.42 p99=41.73 p999=58.11 ms | acked=7234400 ackErr=0 ackLag=-12100 ackAvg=23.62ms | e2e p50=14.78 p99=42.75 p999=59.14 ms
load_cpu=68.0%
