kload tag=10x1000-1000k-p5 loader=5/9 mode=batch rate=111111 msg/s batch=100 batch-max=0 max-inflight=5000 ramp=10s duration=1m10s report=10s drain=0s GOMAXPROCS=16 GOGC=400 seed=1790758504129005725
  offered: 111111 msg/s = 1111.1 units/s (avg 100.0 msgs/unit) across 23 pacer workers (48.31 units/s each)
  topics: 10 x 1000 partitions (k10x1000-1000k-t0..k10x1000-1000k-t9), entities/topic=0 (explicit partition) | picker: topics=rr entities: rr over space=1000 starting at 555
  payload: goload jsonEvent target 256 B, avg 289.5 B raw, ~320 B stamped ({"ts":µs,"src":5,...}), pool 64x100
  consumers: 33 here (ci 165..197 of 297), poll=1000 proc-us=0 ack=async ack-inflight=256 local-src=[3 4 5]
  kafka: brokers=10.114.0.2:9092,10.114.0.3:9092,10.114.0.4:9092 rf=3 min-isr=2 producers=4 linger=5ms compression=lz4 acks=all idempotent batch-max-bytes=1048576 | consumers: protocol=consumer fetch-max-wait=500ms fetch-min-bytes=1 fetch-max-partition-bytes=1048576 session=45s
  [topic] READY after 0.0s: 10 topics x 1000 partitions, leaders + full ISR
  [config] broker.compression.type = producer (STATIC_BROKER_CONFIG)
  [config] broker.default.replication.factor = 3 (STATIC_BROKER_CONFIG)
  [config] broker.group.consumer.assignors = uniform,range (DEFAULT_CONFIG)
  [config] broker.group.coordinator.rebalance.protocols = classic,consumer,streams (DEFAULT_CONFIG)
  [config] broker.group.initial.rebalance.delay.ms = 3000 (DEFAULT_CONFIG)
  [config] broker.log.flush.interval.messages = 9223372036854775807 (DEFAULT_CONFIG)
  [config] broker.log.flush.interval.ms = <nil> (DEFAULT_CONFIG)
  [config] broker.max.incremental.fetch.session.cache.slots = 4000 (STATIC_BROKER_CONFIG)
  [config] broker.min.insync.replicas = 2 (DYNAMIC_DEFAULT_BROKER_CONFIG)
  [config] broker.num.io.threads = 16 (STATIC_BROKER_CONFIG)
  [config] broker.num.network.threads = 8 (STATIC_BROKER_CONFIG)
  [config] broker.num.replica.fetchers = 8 (STATIC_BROKER_CONFIG)
  [config] topic.compression.type = producer (STATIC_BROKER_CONFIG)
  [config] topic.flush.messages = 9223372036854775807 (DEFAULT_CONFIG)
  [config] topic.flush.ms = 9223372036854775807 (DEFAULT_CONFIG)
  [config] topic.max.message.bytes = 16777216 (STATIC_BROKER_CONFIG)
  [config] topic.message.timestamp.type = CreateTime (DEFAULT_CONFIG)
  [config] topic.min.insync.replicas = 2 (DYNAMIC_TOPIC_CONFIG)
  [config] topic.retention.ms = 600000 (DYNAMIC_TOPIC_CONFIG)
  [config] topic.segment.bytes = 268435456 (DYNAMIC_TOPIC_CONFIG)
  [config] topic.unclean.leader.election.enable = false (STATIC_BROKER_CONFIG)
  [group] 33 consumers in 10 groups (k10x1000-1000k-g-t5 ... ), protocol consumer
  [group] t=+0.1s waiting: k10x1000-1000k-g-t5: local members 4/30 hold 0/1000 partitions (group-wide ? members=0 assigned=0); k10x1000-1000k-g-t6: local members 4/30 hold 0/1000 partitions (group-wide ? members=0 assigned=0); k10x1000-1000k-g-t7: local members 4/29 hold 0/1000 partitions (group-wide ? members=0 assigned=0)
  [group] t=+2.1s waiting: k10x1000-1000k-g-t5: local members 4/30 hold 0/1000 partitions (group-wide Assigning members=30 assigned=1000); k10x1000-1000k-g-t6: local members 4/30 hold 0/1000 partitions (group-wide Assigning members=30 assigned=1000); k10x1000-1000k-g-t7: local members 4/29 hold 0/1000 partitions (group-wide Assigning members=29 assigned=1000)
  [group] t=+4.1s waiting: k10x1000-1000k-g-t5: local members 4/30 hold 0/1000 partitions (group-wide Assigning members=30 assigned=1000); k10x1000-1000k-g-t6: local members 4/30 hold 0/1000 partitions (group-wide Assigning members=30 assigned=1000); k10x1000-1000k-g-t7: local members 4/29 hold 0/1000 partitions (group-wide Assigning members=29 assigned=1000)
  [group] t=+6.1s waiting: k10x1000-1000k-g-t5: local members 4/30 hold 0/1000 partitions (group-wide Reconciling members=30 assigned=34); k10x1000-1000k-g-t6: local members 4/30 hold 0/1000 partitions (group-wide Reconciling members=30 assigned=34); k10x1000-1000k-g-t7: local members 4/29 hold 0/1000 partitions (group-wide Reconciling members=29 assigned=35)
  [group] t=+8.1s waiting: k10x1000-1000k-g-t5: local members 4/30 hold 0/1000 partitions (group-wide Reconciling members=30 assigned=34); k10x1000-1000k-g-t6: local members 4/30 hold 0/1000 partitions (group-wide Reconciling members=30 assigned=34); k10x1000-1000k-g-t7: local members 4/29 hold 0/1000 partitions (group-wide Reconciling members=29 assigned=35)
  [group] t=+10.1s waiting: k10x1000-1000k-g-t5: local members 4/30 hold 0/1000 partitions (group-wide Reconciling members=30 assigned=34); k10x1000-1000k-g-t6: local members 4/30 hold 133/1000 partitions (group-wide Stable members=30 assigned=1000); k10x1000-1000k-g-t7: local members 4/29 hold 0/1000 partitions (group-wide Reconciling members=29 assigned=35)
  [group] t=+12.1s waiting: k10x1000-1000k-g-t5: local members 4/30 hold 133/1000 partitions (group-wide Stable members=30 assigned=1000); k10x1000-1000k-g-t6: local members 4/30 hold 133/1000 partitions (group-wide Stable members=30 assigned=1000); k10x1000-1000k-g-t7: local members 4/29 hold 140/1000 partitions (group-wide Stable members=29 assigned=1000)
  [group] STABLE after 14.1s: 10 groups, 33 local members holding 1112 partitions, assignEv=66 revokeEv=0 lostEv=0
  [produce] 4 clients connected to every broker with producer IDs in 0.01s; max buffered 501024 records per client
READY 1790758482180
[start] waiting 9.13s for the common start 1790758497332
[start] GO 08:54:57.332 (unix ms 1790758497332)
[08:55:07] offered=    55543/s achieved=    55393/s shed=        0/s inflight=    15 | p50=  15.30 p99=   36.61 p999=   69.12 ms | push=553900 pop=554000 lag=-100 | errs push=0 pop=0 empty=0 gor=522 | ack=    55183/s ackErr=0 ackAvg=12.03ms | e2e p50=14.66 p99=36.10 p999=69.12 n=554000 | e2e_local p50=14.78 p99=36.10 n=182300
[08:55:17] offered=   111108/s achieved=   111028/s shed=        0/s inflight=    23 | p50=  15.42 p99=   45.31 p999=   65.28 ms | push=1664200 pop=1664600 lag=-400 | errs push=0 pop=0 empty=0 gor=564 | ack=   110808/s ackErr=0 ackAvg=21.07ms | e2e p50=14.78 p99=44.80 p999=71.17 n=1110600 | e2e_local p50=15.04 p99=44.80 n=375500
[08:55:27] offered=   111107/s achieved=   111187/s shed=        0/s inflight=    15 | p50=  15.17 p99=   45.82 p999=   64.26 ms | push=2776100 pop=2778000 lag=-1900 | errs push=0 pop=0 empty=0 gor=522 | ack=   111597/s ackErr=0 ackAvg=22.40ms | e2e p50=14.53 p99=42.24 p999=60.16 n=1113400 | e2e_local p50=14.78 p99=43.78 n=374400
[08:55:37] offered=   111105/s achieved=   111075/s shed=        0/s inflight=    18 | p50=  14.91 p99=   40.19 p999=   47.36 ms | push=3886800 pop=3889600 lag=-2800 | errs push=0 pop=0 empty=0 gor=530 | ack=   111135/s ackErr=0 ackAvg=21.91ms | e2e p50=14.27 p99=37.12 p999=46.85 n=1111600 | e2e_local p50=14.78 p99=37.12 n=372600
[08:55:47] offered=   111120/s achieved=   111120/s shed=        0/s inflight=    19 | p50=  15.42 p99=   41.73 p999=   61.18 ms | push=4998000 pop=5001700 lag=-3700 | errs push=0 pop=0 empty=0 gor=537 | ack=   111160/s ackErr=0 ackAvg=22.66ms | e2e p50=14.78 p99=40.70 p999=57.09 n=1112200 | e2e_local p50=15.04 p99=41.22 n=362800
[08:55:57] offered=   111120/s achieved=   111060/s shed=        0/s inflight=    23 | p50=  15.42 p99=   45.82 p999=   58.62 ms | push=6108600 pop=6112900 lag=-4300 | errs push=0 pop=0 empty=0 gor=544 | ack=   111070/s ackErr=0 ackAvg=23.35ms | e2e p50=14.78 p99=43.26 p999=60.16 n=1111200 | e2e_local p50=15.04 p99=42.75 n=364800
[08:56:07] offered=   111108/s achieved=   111168/s shed=        0/s inflight=    18 | p50=  15.42 p99=   46.34 p999=   58.11 ms | push=7220300 pop=7225600 lag=-5300 | errs push=0 pop=0 empty=0 gor=528 | ack=   111208/s ackErr=0 ackAvg=24.00ms | e2e p50=14.91 p99=44.80 p999=58.11 n=1112600 | e2e_local p50=15.30 p99=44.80 n=369000
[info] steady window 60s (after the ramp, before the producers stopped): offered 111111/s pushed 111106/s popped 111193/s cpu 100.7% = 0.91 cores per 100k msg/s (produce+consume)
[final] offered=72221 achieved=72221 shed=0 (msgs: offered=7222100 achieved=7222100 shed=0) pushErr=0 | pushed=7222100 popped=7227500 lag=-5400 | popErr=0 empty=0 | overall p50=15.30 p99=43.78 p999=60.67 ms | acked=7227500 ackErr=0 ackLag=-5400 ackAvg=24.00ms | e2e p50=14.66 p99=41.73 p999=60.16 ms
load_cpu=67.8%
