kload tag=100x1000-1000k-p7 loader=7/9 mode=batch rate=111111 msg/s batch=100 batch-max=0 max-inflight=5000 ramp=10s duration=1m10s report=10s drain=0s GOMAXPROCS=16 GOGC=400 seed=1790760041211534473
  offered: 111111 msg/s = 1111.1 units/s (avg 100.0 msgs/unit) across 23 pacer workers (48.31 units/s each)
  topics: 100 x 1000 partitions (k100x1000-1000k-t0..k100x1000-1000k-t99), entities/topic=0 (explicit partition) | picker: topics=rr entities: rr over space=1000 starting at 777
  payload: goload jsonEvent target 256 B, avg 289.5 B raw, ~320 B stamped ({"ts":µs,"src":7,...}), pool 64x100
  consumers: 33 here (ci 231..263 of 297), poll=1000 proc-us=0 ack=async ack-inflight=256 local-src=[6 7 8]
  kafka: brokers=10.114.0.2:9092,10.114.0.3:9092,10.114.0.4:9092 rf=3 min-isr=2 producers=4 linger=5ms compression=lz4 acks=all idempotent batch-max-bytes=1048576 | consumers: protocol=consumer fetch-max-wait=500ms fetch-min-bytes=1 fetch-max-partition-bytes=1048576 session=45s
  [topic] READY after 0.2s: 100 topics x 1000 partitions, leaders + full ISR
  [config] broker.compression.type = producer (STATIC_BROKER_CONFIG)
  [config] broker.default.replication.factor = 3 (STATIC_BROKER_CONFIG)
  [config] broker.group.consumer.assignors = uniform,range (DEFAULT_CONFIG)
  [config] broker.group.coordinator.rebalance.protocols = classic,consumer,streams (DEFAULT_CONFIG)
  [config] broker.group.initial.rebalance.delay.ms = 3000 (DEFAULT_CONFIG)
  [config] broker.log.flush.interval.messages = 9223372036854775807 (DEFAULT_CONFIG)
  [config] broker.log.flush.interval.ms = <nil> (DEFAULT_CONFIG)
  [config] broker.max.incremental.fetch.session.cache.slots = 4000 (STATIC_BROKER_CONFIG)
  [config] broker.min.insync.replicas = 2 (DYNAMIC_DEFAULT_BROKER_CONFIG)
  [config] broker.num.io.threads = 16 (STATIC_BROKER_CONFIG)
  [config] broker.num.network.threads = 8 (STATIC_BROKER_CONFIG)
  [config] broker.num.replica.fetchers = 8 (STATIC_BROKER_CONFIG)
  [config] topic.compression.type = producer (STATIC_BROKER_CONFIG)
  [config] topic.flush.messages = 9223372036854775807 (DEFAULT_CONFIG)
  [config] topic.flush.ms = 9223372036854775807 (DEFAULT_CONFIG)
  [config] topic.max.message.bytes = 16777216 (STATIC_BROKER_CONFIG)
  [config] topic.message.timestamp.type = CreateTime (DEFAULT_CONFIG)
  [config] topic.min.insync.replicas = 2 (DYNAMIC_TOPIC_CONFIG)
  [config] topic.retention.ms = 600000 (DYNAMIC_TOPIC_CONFIG)
  [config] topic.segment.bytes = 268435456 (DYNAMIC_TOPIC_CONFIG)
  [config] topic.unclean.leader.election.enable = false (STATIC_BROKER_CONFIG)
  [group] 33 consumers in 33 groups (k100x1000-1000k-g-t31 ... ), protocol consumer
  [group] t=+1.0s waiting: k100x1000-1000k-g-t31: local members 1/3 hold 0/1000 partitions (group-wide Assigning members=2 assigned=1000); k100x1000-1000k-g-t32: local members 1/3 hold 0/1000 partitions (group-wide Assigning members=3 assigned=1000); k100x1000-1000k-g-t33: local members 1/3 hold 0/1000 partitions (group-wide Assigning members=3 assigned=1000)
  [group] t=+3.0s waiting: k100x1000-1000k-g-t31: local members 1/3 hold 0/1000 partitions (group-wide Assigning members=3 assigned=1000); k100x1000-1000k-g-t32: local members 1/3 hold 0/1000 partitions (group-wide Assigning members=3 assigned=1000); k100x1000-1000k-g-t33: local members 1/3 hold 0/1000 partitions (group-wide Assigning members=3 assigned=1000)
  [group] t=+5.1s waiting: k100x1000-1000k-g-t31: local members 1/3 hold 0/1000 partitions (group-wide Assigning members=3 assigned=1000); k100x1000-1000k-g-t32: local members 1/3 hold 0/1000 partitions (group-wide Assigning members=3 assigned=1000); k100x1000-1000k-g-t33: local members 1/3 hold 0/1000 partitions (group-wide Assigning members=3 assigned=1000)
  [group] t=+7.1s waiting: k100x1000-1000k-g-t31: local members 1/3 hold 0/1000 partitions (group-wide Assigning members=3 assigned=1000); k100x1000-1000k-g-t32: local members 1/3 hold 333/1000 partitions (group-wide Reconciling members=3 assigned=667); k100x1000-1000k-g-t33: local members 1/3 hold 0/1000 partitions (group-wide Reconciling members=3 assigned=1000)
  [group] t=+9.1s waiting: k100x1000-1000k-g-t31: local members 1/3 hold 0/1000 partitions (group-wide Reconciling members=3 assigned=334); k100x1000-1000k-g-t32: local members 1/3 hold 333/1000 partitions (group-wide Stable members=3 assigned=1000); k100x1000-1000k-g-t33: local members 1/3 hold 0/1000 partitions (group-wide Reconciling members=3 assigned=334)
  [group] t=+11.1s waiting: k100x1000-1000k-g-t31: local members 1/3 hold 0/1000 partitions (group-wide Reconciling members=3 assigned=334); k100x1000-1000k-g-t33: local members 1/3 hold 0/1000 partitions (group-wide Reconciling members=3 assigned=334); k100x1000-1000k-g-t34: local members 1/3 hold 334/1000 partitions (group-wide Reconciling members=3 assigned=667)
  [group] t=+13.1s waiting: k100x1000-1000k-g-t31: local members 1/3 hold 333/1000 partitions (group-wide Stable members=3 assigned=1000); k100x1000-1000k-g-t33: local members 1/3 hold 333/1000 partitions (group-wide Stable members=3 assigned=1000); k100x1000-1000k-g-t34: local members 1/3 hold 334/1000 partitions (group-wide Stable members=3 assigned=1000)
  [group] t=+15.2s waiting: k100x1000-1000k-g-t31: local members 1/3 hold 333/1000 partitions (group-wide Stable members=3 assigned=1000); k100x1000-1000k-g-t41: local members 1/3 hold 333/1000 partitions (group-wide Stable members=3 assigned=1000); k100x1000-1000k-g-t43: local members 1/3 hold 333/1000 partitions (group-wide Stable members=3 assigned=1000)
  [group] STABLE after 15.3s: 33 groups, 33 local members holding 10999 partitions, assignEv=66 revokeEv=10 lostEv=0
  [produce] 4 clients connected to every broker with producer IDs in 0.01s; max buffered 501024 records per client
READY 1790760096000
[start] waiting 9.185s for the common start 1790760112123
[start] GO 09:21:52.123 (unix ms 1790760112123)
[09:22:02] offered=    55532/s achieved=    47091/s shed=        0/s inflight=   845 | p50= 733.18 p99= 1073.15 p999= 1122.30 ms | push=470900 pop=450000 lag=20900 | errs push=0 pop=0 empty=0 gor=715 | ack=    35131/s ackErr=0 ackAvg=529.88ms | e2e p50=790.53 p99=1236.99 p999=1302.53 n=450000 | e2e_local p50=790.53 p99=1220.61 n=110000
[09:22:12] offered=   111121/s achieved=   105611/s shed=        0/s inflight=  1397 | p50= 978.94 p99= 1662.98 p999= 1810.43 ms | push=1527000 pop=1483600 lag=43400 | errs push=0 pop=0 empty=0 gor=711 | ack=    96911/s ackErr=0 ackAvg=808.73ms | e2e p50=1155.07 p99=1826.82 p999=2007.04 n=1033600 | e2e_local p50=1155.07 p99=1826.82 n=258700
[09:22:22] offered=   111129/s achieved=   103349/s shed=        0/s inflight=  2174 | p50=1892.35 p99= 3194.88 p999= 3391.49 ms | push=2560500 pop=2461700 lag=98800 | errs push=0 pop=0 empty=0 gor=692 | ack=    88657/s ackErr=0 ackAvg=1042.26ms | e2e p50=2146.30 p99=3555.33 p999=3948.54 n=978100 | e2e_local p50=2146.30 p99=3588.10 n=262600
[09:22:32] offered=   111113/s achieved=   122063/s shed=        0/s inflight=  1080 | p50=1056.77 p99= 2342.91 p999= 2441.22 ms | push=3781100 pop=3727200 lag=53900 | errs push=0 pop=0 empty=0 gor=708 | ack=   137555/s ackErr=0 ackAvg=1095.06ms | e2e p50=1236.99 p99=2801.66 p999=3096.58 n=1265500 | e2e_local p50=1236.99 p99=2768.90 n=364800
[09:22:42] offered=   111121/s achieved=   110181/s shed=        0/s inflight=  1173 | p50=1019.90 p99= 1400.83 p999= 1482.75 ms | push=4882900 pop=4821200 lag=61700 | errs push=0 pop=0 empty=0 gor=705 | ack=   109981/s ackErr=0 ackAvg=1109.08ms | e2e p50=1171.46 p99=1564.67 p999=1695.74 n=1094000 | e2e_local p50=1171.46 p99=1548.29 n=352500
[09:22:52] offered=   111104/s achieved=   111744/s shed=        0/s inflight=  1108 | p50= 954.37 p99= 1269.76 p999= 1384.45 ms | push=6000300 pop=5926200 lag=74100 | errs push=0 pop=0 empty=0 gor=702 | ack=   110944/s ackErr=0 ackAvg=1104.54ms | e2e p50=1105.92 p99=1449.98 p999=1548.29 n=1105000 | e2e_local p50=1105.92 p99=1449.98 n=411300
[09:23:02] offered=   111117/s achieved=   110357/s shed=        0/s inflight=  1184 | p50=1028.10 p99= 1318.91 p999= 1400.83 ms | push=7103900 pop=7018000 lag=85900 | errs push=0 pop=0 empty=0 gor=673 | ack=   108457/s ackErr=0 ackAvg=1109.10ms | e2e p50=1171.46 p99=1515.52 p999=1613.82 n=1091800 | e2e_local p50=1171.46 p99=1499.14 n=461600
[info] steady window 60s (after the ramp, before the producers stopped): offered 111117/s pushed 110551/s popped 109467/s cpu 62.1% = 0.56 cores per 100k msg/s (produce+consume)
[info] 10000 warm-up messages (no "ts") received and not counted as load
[final] offered=72223 achieved=72223 shed=0 (msgs: offered=7222300 achieved=7222300 shed=0) pushErr=0 | pushed=7222300 popped=7133500 lag=88800 | popErr=0 empty=0 | overall p50=1028.10 p99=2670.59 p999=3260.42 ms | acked=7114700 ackErr=0 ackLag=107600 ackAvg=1133.91ms | e2e p50=1187.84 p99=3031.04 p999=3620.86 ms
load_cpu=42.7%
