kload tag=100x1000-1000k-p8 loader=8/9 mode=batch rate=111111 msg/s batch=100 batch-max=0 max-inflight=5000 ramp=10s duration=1m10s report=10s drain=0s GOMAXPROCS=16 GOGC=400 seed=1790760041218110472
  offered: 111111 msg/s = 1111.1 units/s (avg 100.0 msgs/unit) across 23 pacer workers (48.31 units/s each)
  topics: 100 x 1000 partitions (k100x1000-1000k-t0..k100x1000-1000k-t99), entities/topic=0 (explicit partition) | picker: topics=rr entities: rr over space=1000 starting at 888
  payload: goload jsonEvent target 256 B, avg 289.6 B raw, ~320 B stamped ({"ts":µs,"src":8,...}), pool 64x100
  consumers: 33 here (ci 264..296 of 297), poll=1000 proc-us=0 ack=async ack-inflight=256 local-src=[6 7 8]
  kafka: brokers=10.114.0.2:9092,10.114.0.3:9092,10.114.0.4:9092 rf=3 min-isr=2 producers=4 linger=5ms compression=lz4 acks=all idempotent batch-max-bytes=1048576 | consumers: protocol=consumer fetch-max-wait=500ms fetch-min-bytes=1 fetch-max-partition-bytes=1048576 session=45s
  [topic] READY after 0.2s: 100 topics x 1000 partitions, leaders + full ISR
  [config] broker.compression.type = producer (STATIC_BROKER_CONFIG)
  [config] broker.default.replication.factor = 3 (STATIC_BROKER_CONFIG)
  [config] broker.group.consumer.assignors = uniform,range (DEFAULT_CONFIG)
  [config] broker.group.coordinator.rebalance.protocols = classic,consumer,streams (DEFAULT_CONFIG)
  [config] broker.group.initial.rebalance.delay.ms = 3000 (DEFAULT_CONFIG)
  [config] broker.log.flush.interval.messages = 9223372036854775807 (DEFAULT_CONFIG)
  [config] broker.log.flush.interval.ms = <nil> (DEFAULT_CONFIG)
  [config] broker.max.incremental.fetch.session.cache.slots = 4000 (STATIC_BROKER_CONFIG)
  [config] broker.min.insync.replicas = 2 (DYNAMIC_DEFAULT_BROKER_CONFIG)
  [config] broker.num.io.threads = 16 (STATIC_BROKER_CONFIG)
  [config] broker.num.network.threads = 8 (STATIC_BROKER_CONFIG)
  [config] broker.num.replica.fetchers = 8 (STATIC_BROKER_CONFIG)
  [config] topic.compression.type = producer (STATIC_BROKER_CONFIG)
  [config] topic.flush.messages = 9223372036854775807 (DEFAULT_CONFIG)
  [config] topic.flush.ms = 9223372036854775807 (DEFAULT_CONFIG)
  [config] topic.max.message.bytes = 16777216 (STATIC_BROKER_CONFIG)
  [config] topic.message.timestamp.type = CreateTime (DEFAULT_CONFIG)
  [config] topic.min.insync.replicas = 2 (DYNAMIC_TOPIC_CONFIG)
  [config] topic.retention.ms = 600000 (DYNAMIC_TOPIC_CONFIG)
  [config] topic.segment.bytes = 268435456 (DYNAMIC_TOPIC_CONFIG)
  [config] topic.unclean.leader.election.enable = false (STATIC_BROKER_CONFIG)
  [group] 33 consumers in 33 groups (k100x1000-1000k-g-t64 ... ), protocol consumer
  [group] t=+0.9s waiting: k100x1000-1000k-g-t64: local members 1/3 hold 1000/1000 partitions (group-wide Assigning members=3 assigned=1000); k100x1000-1000k-g-t65: local members 1/3 hold 1000/1000 partitions (group-wide Assigning members=3 assigned=1000); k100x1000-1000k-g-t66: local members 1/3 hold 0/1000 partitions (group-wide ? members=0 assigned=0)
  [group] t=+3.0s waiting: k100x1000-1000k-g-t64: local members 1/3 hold 1000/1000 partitions (group-wide Assigning members=3 assigned=1000); k100x1000-1000k-g-t65: local members 1/3 hold 1000/1000 partitions (group-wide Assigning members=3 assigned=1000); k100x1000-1000k-g-t66: local members 1/3 hold 0/1000 partitions (group-wide Assigning members=3 assigned=1000)
  [group] t=+5.0s waiting: k100x1000-1000k-g-t64: local members 1/3 hold 1000/1000 partitions (group-wide Assigning members=3 assigned=1000); k100x1000-1000k-g-t65: local members 1/3 hold 1000/1000 partitions (group-wide Assigning members=3 assigned=1000); k100x1000-1000k-g-t66: local members 1/3 hold 0/1000 partitions (group-wide Assigning members=3 assigned=1000)
  [group] t=+7.0s waiting: k100x1000-1000k-g-t64: local members 1/3 hold 334/1000 partitions (group-wide Reconciling members=3 assigned=334); k100x1000-1000k-g-t65: local members 1/3 hold 334/1000 partitions (group-wide Reconciling members=3 assigned=334); k100x1000-1000k-g-t66: local members 1/3 hold 0/1000 partitions (group-wide Reconciling members=3 assigned=334)
  [group] t=+9.1s waiting: k100x1000-1000k-g-t64: local members 1/3 hold 334/1000 partitions (group-wide Reconciling members=3 assigned=334); k100x1000-1000k-g-t65: local members 1/3 hold 334/1000 partitions (group-wide Reconciling members=3 assigned=334); k100x1000-1000k-g-t66: local members 1/3 hold 0/1000 partitions (group-wide Reconciling members=3 assigned=334)
  [group] t=+11.1s waiting: k100x1000-1000k-g-t64: local members 1/3 hold 334/1000 partitions (group-wide Reconciling members=3 assigned=334); k100x1000-1000k-g-t65: local members 1/3 hold 334/1000 partitions (group-wide Reconciling members=3 assigned=334); k100x1000-1000k-g-t66: local members 1/3 hold 333/1000 partitions (group-wide Reconciling members=3 assigned=334)
  [group] t=+13.1s waiting: k100x1000-1000k-g-t64: local members 1/3 hold 334/1000 partitions (group-wide Stable members=3 assigned=1000); k100x1000-1000k-g-t65: local members 1/3 hold 334/1000 partitions (group-wide Stable members=3 assigned=1000); k100x1000-1000k-g-t66: local members 1/3 hold 333/1000 partitions (group-wide Stable members=3 assigned=1000)
  [group] t=+15.1s waiting: k100x1000-1000k-g-t68: local members 1/3 hold 333/1000 partitions (group-wide Stable members=3 assigned=1000); k100x1000-1000k-g-t70: local members 1/3 hold 333/1000 partitions (group-wide Stable members=3 assigned=1000); k100x1000-1000k-g-t78: local members 1/3 hold 334/1000 partitions (group-wide Stable members=3 assigned=1000)
  [group] STABLE after 15.2s: 33 groups, 33 local members holding 11002 partitions, assignEv=66 revokeEv=13 lostEv=0
  [produce] 4 clients connected to every broker with producer IDs in 0.02s; max buffered 501024 records per client
READY 1790760096011
[start] waiting 9.174s for the common start 1790760112123
[start] GO 09:21:52.123 (unix ms 1790760112123)
[09:22:02] offered=    55583/s achieved=    47003/s shed=        0/s inflight=   858 | p50= 733.18 p99= 1138.69 p999= 1220.61 ms | push=470000 pop=445800 lag=24200 | errs push=0 pop=0 empty=0 gor=708 | ack=    34852/s ackErr=0 ackAvg=545.74ms | e2e p50=790.53 p99=1236.99 p999=1335.30 n=445800 | e2e_local p50=798.72 p99=1236.99 n=174800
[09:22:12] offered=   111104/s achieved=   105944/s shed=        0/s inflight=  1374 | p50= 987.14 p99= 1597.44 p999= 1744.90 ms | push=1529400 pop=1481300 lag=48100 | errs push=0 pop=0 empty=0 gor=706 | ack=    97224/s ackErr=0 ackAvg=814.40ms | e2e p50=1155.07 p99=1810.43 p999=1957.89 n=1035500 | e2e_local p50=1138.69 p99=1810.43 n=408600
[09:22:22] offered=   111089/s achieved=   102849/s shed=        0/s inflight=  2198 | p50=1843.20 p99= 3031.04 p999= 3325.95 ms | push=2557900 pop=2464300 lag=93600 | errs push=0 pop=0 empty=0 gor=688 | ack=    89509/s ackErr=0 ackAvg=1031.43ms | e2e p50=2113.54 p99=3489.79 p999=3850.24 n=983000 | e2e_local p50=2113.54 p99=3391.49 n=388500
[09:22:32] offered=   111123/s achieved=   122703/s shed=        0/s inflight=  1040 | p50=1056.77 p99= 2342.91 p999= 2506.75 ms | push=3785000 pop=3723200 lag=61800 | errs push=0 pop=0 empty=0 gor=701 | ack=   136302/s ackErr=0 ackAvg=1085.65ms | e2e p50=1236.99 p99=2768.90 p999=3031.04 n=1258900 | e2e_local p50=1220.61 p99=2736.13 n=494200
[09:22:42] offered=   111107/s achieved=   109747/s shed=        0/s inflight=  1176 | p50=1011.71 p99= 1368.06 p999= 1466.37 ms | push=4882400 pop=4815800 lag=66600 | errs push=0 pop=0 empty=0 gor=701 | ack=   109627/s ackErr=0 ackAvg=1103.20ms | e2e p50=1171.46 p99=1597.44 p999=1712.13 n=1092600 | e2e_local p50=1171.46 p99=1564.67 n=406400
[09:22:52] offered=   111086/s achieved=   112066/s shed=        0/s inflight=  1080 | p50= 946.18 p99= 1269.76 p999= 1384.45 ms | push=6003100 pop=5925900 lag=77200 | errs push=0 pop=0 empty=0 gor=709 | ack=   111316/s ackErr=0 ackAvg=1102.02ms | e2e p50=1122.30 p99=1449.98 p999=1548.29 n=1110100 | e2e_local p50=1105.92 p99=1433.60 n=344800
[09:23:02] offered=   111135/s achieved=   110205/s shed=        0/s inflight=  1171 | p50=1011.71 p99= 1318.91 p999= 1384.45 ms | push=7105200 pop=7019100 lag=86100 | errs push=0 pop=0 empty=0 gor=677 | ack=   109035/s ackErr=0 ackAvg=1106.74ms | e2e p50=1171.46 p99=1515.52 p999=1597.44 n=1093200 | e2e_local p50=1171.46 p99=1499.14 n=273000
[info] steady window 60s (after the ramp, before the producers stopped): offered 111108/s pushed 110586/s popped 109554/s cpu 61.8% = 0.56 cores per 100k msg/s (produce+consume)
[info] 13000 warm-up messages (no "ts") received and not counted as load
[final] offered=72223 achieved=72223 shed=0 (msgs: offered=7222300 achieved=7222300 shed=0) pushErr=0 | pushed=7222300 popped=7134700 lag=87600 | popErr=0 empty=0 | overall p50=1028.10 p99=2572.29 p999=3129.34 ms | acked=7115200 ackErr=0 ackLag=107100 ackAvg=1133.74ms | e2e p50=1187.84 p99=2965.50 p999=3555.33 ms
load_cpu=42.5%
