kload tag=1x200-1000k-p4 loader=4/9 mode=batch rate=111111 msg/s batch=100 batch-max=0 max-inflight=5000 ramp=10s duration=1m10s report=10s drain=0s GOMAXPROCS=16 GOGC=400 seed=1790753654368122578
  offered: 111111 msg/s = 1111.1 units/s (avg 100.0 msgs/unit) across 23 pacer workers (48.31 units/s each)
  topics: 1 x 200 partitions (k1x200-1000k..k1x200-1000k), entities/topic=0 (explicit partition) | picker: topics=rr entities: rr over space=200 starting at 88
  payload: goload jsonEvent target 256 B, avg 289.5 B raw, ~320 B stamped ({"ts":µs,"src":4,...}), pool 64x100
  consumers: 22 here (ci 88..109 of 198), poll=1000 proc-us=0 ack=async ack-inflight=256 local-src=[3 4 5]
  kafka: brokers=10.114.0.2:9092,10.114.0.3:9092,10.114.0.4:9092 rf=3 min-isr=2 producers=4 linger=5ms compression=lz4 acks=all idempotent batch-max-bytes=1048576 | consumers: protocol=consumer fetch-max-wait=500ms fetch-min-bytes=1 fetch-max-partition-bytes=1048576 session=45s
  [topic] READY after 0.0s: 1 topics x 200 partitions, leaders + full ISR
  [config] broker.compression.type = producer (STATIC_BROKER_CONFIG)
  [config] broker.default.replication.factor = 3 (STATIC_BROKER_CONFIG)
  [config] broker.group.consumer.assignors = uniform,range (DEFAULT_CONFIG)
  [config] broker.group.coordinator.rebalance.protocols = classic,consumer,streams (DEFAULT_CONFIG)
  [config] broker.group.initial.rebalance.delay.ms = 3000 (DEFAULT_CONFIG)
  [config] broker.log.flush.interval.messages = 9223372036854775807 (DEFAULT_CONFIG)
  [config] broker.log.flush.interval.ms = <nil> (DEFAULT_CONFIG)
  [config] broker.max.incremental.fetch.session.cache.slots = 4000 (STATIC_BROKER_CONFIG)
  [config] broker.min.insync.replicas = 2 (DYNAMIC_DEFAULT_BROKER_CONFIG)
  [config] broker.num.io.threads = 16 (STATIC_BROKER_CONFIG)
  [config] broker.num.network.threads = 8 (STATIC_BROKER_CONFIG)
  [config] broker.num.replica.fetchers = 4 (STATIC_BROKER_CONFIG)
  [config] topic.compression.type = producer (STATIC_BROKER_CONFIG)
  [config] topic.flush.messages = 9223372036854775807 (DEFAULT_CONFIG)
  [config] topic.flush.ms = 9223372036854775807 (DEFAULT_CONFIG)
  [config] topic.max.message.bytes = 1048588 (DEFAULT_CONFIG)
  [config] topic.message.timestamp.type = CreateTime (DEFAULT_CONFIG)
  [config] topic.min.insync.replicas = 2 (DYNAMIC_TOPIC_CONFIG)
  [config] topic.retention.ms = 600000 (DYNAMIC_TOPIC_CONFIG)
  [config] topic.segment.bytes = 268435456 (DYNAMIC_TOPIC_CONFIG)
  [config] topic.unclean.leader.election.enable = false (STATIC_BROKER_CONFIG)
  [group] 22 consumers in 1 groups (k1x200-1000k-g-t0 ... ), protocol consumer
  [group] t=+0.0s waiting: k1x200-1000k-g-t0: local members 22/198 hold 0/200 partitions (group-wide ? members=0 assigned=0)
  [group] t=+2.0s waiting: k1x200-1000k-g-t0: local members 22/198 hold 0/200 partitions (group-wide Assigning members=198 assigned=200)
  [group] t=+4.0s waiting: k1x200-1000k-g-t0: local members 22/198 hold 0/200 partitions (group-wide Assigning members=198 assigned=200)
  [group] t=+6.0s waiting: k1x200-1000k-g-t0: local members 22/198 hold 0/200 partitions (group-wide Reconciling members=198 assigned=2)
  [group] t=+8.1s waiting: k1x200-1000k-g-t0: local members 22/198 hold 0/200 partitions (group-wide Reconciling members=198 assigned=2)
  [group] t=+10.1s waiting: k1x200-1000k-g-t0: local members 22/198 hold 0/200 partitions (group-wide Reconciling members=198 assigned=2)
  [group] t=+12.1s waiting: k1x200-1000k-g-t0: local members 22/198 hold 22/200 partitions (group-wide Stable members=198 assigned=200)
  [group] STABLE after 14.1s: 1 groups, 22 local members holding 22 partitions, assignEv=44 revokeEv=0 lostEv=0
  [produce] 4 clients connected to every broker with producer IDs in 0.31s; max buffered 501024 records per client
READY 1790753676143
[start] waiting 4.305s for the common start 1790753686168
[start] GO 07:34:46.168 (unix ms 1790753686168)
[07:34:56] offered=    55574/s achieved=    55484/s shed=        0/s inflight=     9 | p50=   8.10 p99=   18.82 p999=   86.53 ms | push=554800 pop=549400 lag=5400 | errs push=0 pop=0 empty=0 gor=254 | ack=    54904/s ackErr=0 ackAvg=3.52ms | e2e p50=7.65 p99=17.79 p999=89.60 n=549400 | e2e_local p50=8.16 p99=16.77 n=183000
[07:35:06] offered=   111108/s achieved=   111108/s shed=        0/s inflight=     8 | p50=   7.78 p99=   10.18 p999=   67.07 ms | push=1665900 pop=1649300 lag=16600 | errs push=0 pop=0 empty=0 gor=249 | ack=   110008/s ackErr=0 ackAvg=2.97ms | e2e p50=7.26 p99=10.82 p999=80.38 n=1099900 | e2e_local p50=7.84 p99=11.71 n=367100
[07:35:16] offered=   111090/s achieved=   111130/s shed=        0/s inflight=     8 | p50=   7.78 p99=   13.50 p999=   39.68 ms | push=2777200 pop=2749300 lag=27900 | errs push=0 pop=0 empty=0 gor=246 | ack=   110020/s ackErr=0 ackAvg=2.89ms | e2e p50=7.33 p99=12.48 p999=39.17 n=1100000 | e2e_local p50=7.84 p99=13.25 n=366200
[07:35:26] offered=   111144/s achieved=   111104/s shed=        0/s inflight=     9 | p50=   7.78 p99=   13.12 p999=   36.61 ms | push=3888200 pop=3849300 lag=38900 | errs push=0 pop=0 empty=0 gor=252 | ack=   109984/s ackErr=0 ackAvg=2.86ms | e2e p50=7.33 p99=11.84 p999=35.58 n=1100000 | e2e_local p50=7.84 p99=12.35 n=367300
[07:35:36] offered=   111089/s achieved=   111109/s shed=        0/s inflight=     6 | p50=   7.90 p99=   21.89 p999=   45.82 ms | push=4999300 pop=4949500 lag=49800 | errs push=0 pop=0 empty=0 gor=254 | ack=   109989/s ackErr=0 ackAvg=2.87ms | e2e p50=7.39 p99=20.61 p999=41.73 n=1100200 | e2e_local p50=7.90 p99=18.56 n=366300
[07:35:46] offered=   111100/s achieved=   111100/s shed=        0/s inflight=     7 | p50=   7.90 p99=   10.69 p999=   28.03 ms | push=6110300 pop=6049500 lag=60800 | errs push=0 pop=0 empty=0 gor=248 | ack=   110040/s ackErr=0 ackAvg=2.84ms | e2e p50=7.39 p99=10.30 p999=26.75 n=1100000 | e2e_local p50=7.90 p99=11.33 n=367000
[07:35:56] offered=   111111/s achieved=   111121/s shed=        0/s inflight=     5 | p50=   7.90 p99=   11.20 p999=   45.82 ms | push=7221600 pop=7149600 lag=72000 | errs push=0 pop=0 empty=0 gor=222 | ack=   109991/s ackErr=0 ackAvg=2.83ms | e2e p50=7.39 p99=11.33 p999=49.41 n=1100100 | e2e_local p50=7.90 p99=13.38 n=366600
[info] steady window 60s (after the ramp, before the producers stopped): offered 111107/s pushed 111112/s popped 110002/s cpu 87.3% = 0.79 cores per 100k msg/s (produce+consume)
[final] offered=72222 achieved=72222 shed=0 (msgs: offered=7222200 achieved=7222200 shed=0) pushErr=0 | pushed=7222200 popped=7150000 lag=72200 | popErr=0 empty=0 | overall p50=7.84 p99=14.14 p999=45.82 ms | acked=7150000 ackErr=0 ackLag=72200 ackAvg=2.83ms | e2e p50=7.39 p99=13.38 p999=46.34 ms
load_cpu=61.1%
