kload tag=1x200-1000k-p7 loader=7/9 mode=batch rate=111111 msg/s batch=100 batch-max=0 max-inflight=5000 ramp=10s duration=1m10s report=10s drain=0s GOMAXPROCS=16 GOGC=400 seed=1790756351248904577
  offered: 111111 msg/s = 1111.1 units/s (avg 100.0 msgs/unit) across 23 pacer workers (48.31 units/s each)
  topics: 1 x 200 partitions (k1x200-1000k..k1x200-1000k), entities/topic=0 (explicit partition) | picker: topics=rr entities: rr over space=200 starting at 155
  payload: goload jsonEvent target 256 B, avg 289.5 B raw, ~320 B stamped ({"ts":µs,"src":7,...}), pool 64x100
  consumers: 22 here (ci 154..175 of 198), poll=1000 proc-us=0 ack=async ack-inflight=256 local-src=[6 7 8]
  kafka: brokers=10.114.0.2:9092,10.114.0.3:9092,10.114.0.4:9092 rf=3 min-isr=2 producers=4 linger=5ms compression=lz4 acks=all idempotent batch-max-bytes=1048576 | consumers: protocol=consumer fetch-max-wait=500ms fetch-min-bytes=1 fetch-max-partition-bytes=1048576 session=45s
  [topic] READY after 0.0s: 1 topics x 200 partitions, leaders + full ISR
  [config] broker.compression.type = producer (STATIC_BROKER_CONFIG)
  [config] broker.default.replication.factor = 3 (STATIC_BROKER_CONFIG)
  [config] broker.group.consumer.assignors = uniform,range (DEFAULT_CONFIG)
  [config] broker.group.coordinator.rebalance.protocols = classic,consumer,streams (DEFAULT_CONFIG)
  [config] broker.group.initial.rebalance.delay.ms = 3000 (DEFAULT_CONFIG)
  [config] broker.log.flush.interval.messages = 9223372036854775807 (DEFAULT_CONFIG)
  [config] broker.log.flush.interval.ms = <nil> (DEFAULT_CONFIG)
  [config] broker.max.incremental.fetch.session.cache.slots = 4000 (STATIC_BROKER_CONFIG)
  [config] broker.min.insync.replicas = 2 (DYNAMIC_DEFAULT_BROKER_CONFIG)
  [config] broker.num.io.threads = 16 (STATIC_BROKER_CONFIG)
  [config] broker.num.network.threads = 8 (STATIC_BROKER_CONFIG)
  [config] broker.num.replica.fetchers = 8 (STATIC_BROKER_CONFIG)
  [config] topic.compression.type = producer (STATIC_BROKER_CONFIG)
  [config] topic.flush.messages = 9223372036854775807 (DEFAULT_CONFIG)
  [config] topic.flush.ms = 9223372036854775807 (DEFAULT_CONFIG)
  [config] topic.max.message.bytes = 16777216 (STATIC_BROKER_CONFIG)
  [config] topic.message.timestamp.type = CreateTime (DEFAULT_CONFIG)
  [config] topic.min.insync.replicas = 2 (DYNAMIC_TOPIC_CONFIG)
  [config] topic.retention.ms = 600000 (DYNAMIC_TOPIC_CONFIG)
  [config] topic.segment.bytes = 268435456 (DYNAMIC_TOPIC_CONFIG)
  [config] topic.unclean.leader.election.enable = false (STATIC_BROKER_CONFIG)
  [group] 22 consumers in 1 groups (k1x200-1000k-g-t0 ... ), protocol consumer
  [group] t=+0.3s waiting: k1x200-1000k-g-t0: local members 22/198 hold 0/200 partitions (group-wide ? members=0 assigned=0)
  [group] t=+2.3s waiting: k1x200-1000k-g-t0: local members 22/198 hold 0/200 partitions (group-wide Assigning members=198 assigned=200)
  [group] t=+4.3s waiting: k1x200-1000k-g-t0: local members 22/198 hold 0/200 partitions (group-wide Assigning members=198 assigned=200)
  [group] t=+6.3s waiting: k1x200-1000k-g-t0: local members 22/198 hold 0/200 partitions (group-wide Reconciling members=198 assigned=7)
  [group] t=+8.3s waiting: k1x200-1000k-g-t0: local members 22/198 hold 0/200 partitions (group-wide Reconciling members=198 assigned=7)
  [group] t=+10.3s waiting: k1x200-1000k-g-t0: local members 22/198 hold 0/200 partitions (group-wide Reconciling members=198 assigned=7)
  [group] t=+12.3s waiting: k1x200-1000k-g-t0: local members 22/198 hold 22/200 partitions (group-wide Stable members=198 assigned=200)
  [group] STABLE after 14.2s: 1 groups, 22 local members holding 22 partitions, assignEv=44 revokeEv=0 lostEv=0
  [produce] 4 clients connected to every broker with producer IDs in 0.01s; max buffered 501024 records per client
READY 1790756388816
[start] waiting 9.254s for the common start 1790756405698
[start] GO 08:20:05.698 (unix ms 1790756405698)
[08:20:15] offered=    55562/s achieved=    55502/s shed=        0/s inflight=     7 | p50=   7.97 p99=   19.07 p999=   91.65 ms | push=555000 pop=549100 lag=5900 | errs push=0 pop=0 empty=0 gor=250 | ack=    54872/s ackErr=0 ackAvg=2.97ms | e2e p50=8.26 p99=19.33 p999=92.67 n=549100 | e2e_local p50=8.10 p99=17.54 n=182700
[08:20:25] offered=   111110/s achieved=   111110/s shed=        0/s inflight=     6 | p50=   7.65 p99=   10.82 p999=   29.57 ms | push=1666100 pop=1649200 lag=16900 | errs push=0 pop=0 empty=0 gor=258 | ack=   110000/s ackErr=0 ackAvg=2.55ms | e2e p50=7.97 p99=10.94 p999=27.52 n=1100100 | e2e_local p50=7.84 p99=11.07 n=366200
[08:20:35] offered=   111119/s achieved=   111119/s shed=        0/s inflight=     6 | p50=   7.65 p99=   14.02 p999=   29.06 ms | push=2777300 pop=2749200 lag=28100 | errs push=0 pop=0 empty=0 gor=249 | ack=   110019/s ackErr=0 ackAvg=2.42ms | e2e p50=7.97 p99=12.86 p999=29.06 n=1100000 | e2e_local p50=7.84 p99=14.14 n=367500
[08:20:45] offered=   111099/s achieved=   111099/s shed=        0/s inflight=     8 | p50=   7.65 p99=   10.18 p999=   29.31 ms | push=3888300 pop=3849200 lag=39100 | errs push=0 pop=0 empty=0 gor=247 | ack=   110009/s ackErr=0 ackAvg=2.35ms | e2e p50=7.97 p99=10.56 p999=29.31 n=1100000 | e2e_local p50=7.84 p99=10.43 n=365800
[08:20:55] offered=   111117/s achieved=   111127/s shed=        0/s inflight=     5 | p50=   7.71 p99=   15.17 p999=   40.19 ms | push=4999600 pop=4949200 lag=50400 | errs push=0 pop=0 empty=0 gor=253 | ack=   109987/s ackErr=0 ackAvg=2.35ms | e2e p50=7.97 p99=14.53 p999=44.80 n=1100000 | e2e_local p50=7.84 p99=18.56 n=367500
[08:21:05] offered=   111111/s achieved=   110891/s shed=        0/s inflight=    27 | p50=   7.71 p99=   17.54 p999=   40.70 ms | push=6108500 pop=6047100 lag=61400 | errs push=0 pop=0 empty=0 gor=251 | ack=   109821/s ackErr=0 ackAvg=2.34ms | e2e p50=7.90 p99=14.66 p999=38.66 n=1097900 | e2e_local p50=7.84 p99=17.28 n=364900
[08:21:15] offered=   111107/s achieved=   111297/s shed=        0/s inflight=     6 | p50=   7.65 p99=   16.77 p999=   51.46 ms | push=7221500 pop=7149200 lag=72300 | errs push=0 pop=0 empty=0 gor=227 | ack=   110177/s ackErr=0 ackAvg=2.33ms | e2e p50=7.90 p99=15.94 p999=49.41 n=1102100 | e2e_local p50=7.84 p99=18.30 n=368300
[info] steady window 60s (after the ramp, before the producers stopped): offered 111110/s pushed 111107/s popped 110000/s cpu 85.9% = 0.77 cores per 100k msg/s (produce+consume)
[final] offered=72223 achieved=72223 shed=0 (msgs: offered=7222300 achieved=7222300 shed=0) pushErr=0 | pushed=7222300 popped=7150000 lag=72300 | popErr=0 empty=0 | overall p50=7.71 p99=14.78 p999=42.24 ms | acked=7150000 ackErr=0 ackLag=72300 ackAvg=2.33ms | e2e p50=7.97 p99=14.14 p999=42.75 ms
load_cpu=56.3%
