qload tag=ramp-rc7-1400000 loader=1/9 mode=batch rate=155555 msg/s batch=100 batch-max=0 max-inflight=5000 ramp=10s duration=1m15s report=10s drain=10s GOMAXPROCS=16 GOGC=400(default) seed=1791631665274960631
  offered: 155555 msg/s = 1555.5 units/s (avg 100.0 msgs/unit) across 32 pacer workers (48.61 units/s each)
  topics: 1 x 500000 partitions (bench..bench), entities/topic=0 (explicit partition) | picker: topics=rr entities: rr over space=500000 starting at 55555
  payload: goload jsonEvent target 256 B, avg 289.5 B raw, ~320 B stamped ({"ts":µs,"src":1,...}), pool 64x100
  consumers: 33 here (ci 33..65 of 297), poll=1000 proc-us=0 ack=async ack-inflight=256 local-src=[0 1 2]
  queen: url=http://10.114.0.19:6632 (of 3) conns=2048 timeout=30s pop-width=10 pop-batch=1000 pop-timeout=2s lease=30s | configure: leaseTime=30 completedRetention=3600 dedup=0 retryLimit=1000000 | plain: consumers pop+ack the queue
  [queen] http://10.114.0.19:6632 healthy: version 2.2.0, this node follower
  [consume] 33 consumers of bench: pop width 10, batch 1000, long poll 2s, lease 30s, async batch acks (ack-inflight 256)
READY 1791631658114
[start] waiting 11.128s for the common start 1791631669243
[start] GO 11:27:49.243 (unix ms 1791631669243)
[11:27:59] offered=    77785/s achieved=    76245/s shed=        0/s inflight=   154 | p50=  12.99 p99=  104.96 p999=  127.49 ms | push=762500 pop=742400 lag=20100 | errs push=0 pop=0 empty=231 gor=681 | ack=    71695/s ackErr=0 ackAvg=18.51ms | e2e p50=34.05 p99=292.86 p999=321.54 n=742400 | e2e_local p50=34.05 p99=296.96 n=245500
[11:28:09] offered=   155588/s achieved=   156208/s shed=        0/s inflight=    94 | p50=  45.31 p99=  129.54 p999=  142.34 ms | push=2324500 pop=2296200 lag=28300 | errs push=0 pop=0 empty=231 gor=721 | ack=   156888/s ackErr=0 ackAvg=38.22ms | e2e p50=134.14 p99=288.77 p999=305.15 n=1553800 | e2e_local p50=134.14 p99=292.86 n=513100
[11:28:19] offered=   155484/s achieved=   155064/s shed=        0/s inflight=   130 | p50=  44.29 p99=  136.19 p999=  166.91 ms | push=3875100 pop=3857700 lag=17400 | errs push=0 pop=0 empty=231 gor=828 | ack=   156534/s ackErr=0 ackAvg=42.87ms | e2e p50=136.19 p99=305.15 p999=370.69 n=1561500 | e2e_local p50=136.19 p99=305.15 n=518600
[11:28:29] offered=   155609/s achieved=   156438/s shed=        0/s inflight=    48 | p50=  37.12 p99=  112.13 p999=  134.14 ms | push=5439700 pop=5419100 lag=20600 | errs push=0 pop=0 empty=231 gor=751 | ack=   155709/s ackErr=0 ackAvg=43.12ms | e2e p50=89.60 p99=195.58 p999=218.11 n=1561400 | e2e_local p50=90.62 p99=193.54 n=518200
[11:28:39] offered=   155549/s achieved=   155139/s shed=        0/s inflight=    97 | p50=  30.59 p99=   77.31 p999=   91.65 ms | push=6990900 pop=6992400 lag=-1500 | errs push=0 pop=0 empty=231 gor=800 | ack=   157569/s ackErr=0 ackAvg=41.83ms | e2e p50=71.17 p99=144.38 p999=160.77 n=1573300 | e2e_local p50=71.17 p99=144.38 n=530200
[11:28:49] offered=   155582/s achieved=   156122/s shed=        0/s inflight=    36 | p50=  30.08 p99=   89.60 p999=  108.03 ms | push=8552100 pop=8508400 lag=43700 | errs push=0 pop=0 empty=231 gor=737 | ack=   151672/s ackErr=0 ackAvg=40.86ms | e2e p50=71.17 p99=160.77 p999=173.06 n=1516000 | e2e_local p50=71.17 p99=160.77 n=502200
[11:28:59] offered=   155529/s achieved=   154369/s shed=        0/s inflight=   156 | p50=  31.36 p99=   82.43 p999=   99.84 ms | push=10095900 pop=10066000 lag=29900 | errs push=0 pop=0 empty=231 gor=868 | ack=   155059/s ackErr=0 ackAvg=40.53ms | e2e p50=77.31 p99=150.53 p999=168.96 n=1557600 | e2e_local p50=76.29 p99=150.53 n=514400
[drain] consumers keep going for 9.916s (lag now 72100)
[11:29:09] offered=    77778/s achieved=    79318/s shed=        0/s inflight=     0 | p50=  41.22 p99=  117.25 p999=  130.56 ms | push=10889100 pop=10823500 lag=65600 | errs push=0 pop=0 empty=297 gor=658 | ack=    77218/s ackErr=0 ackAvg=40.98ms | e2e p50=114.18 p99=214.02 p999=240.64 n=757500 | e2e_local p50=113.15 p99=214.02 n=252200
[info] steady window 60s (after the ramp, before the producers stopped): offered 155557/s pushed 155557/s popped 155393/s cpu 292.2% = 1.88 cores per 100k msg/s (produce+consume)
[final] offered=108891 achieved=108891 shed=0 (msgs: offered=10889100 achieved=10889100 shed=0) pushErr=0 | pushed=10889100 popped=10823500 lag=65600 | popErr=0 empty=396 | overall p50=35.07 p99=117.25 p999=142.34 ms | acked=10823500 ackErr=0 ackLag=65600 ackAvg=40.98ms | e2e p50=90.62 p99=264.19 p999=321.54 ms
load_cpu=212.1%
