kload tag=1x1000-1000k-e10m-p4 loader=4/9 mode=batch rate=111111 msg/s batch=100 batch-max=0 max-inflight=5000 ramp=10s duration=1m10s report=10s drain=0s GOMAXPROCS=16 GOGC=400 seed=1790858695508724674
  offered: 111111 msg/s = 1111.1 units/s (avg 100.0 msgs/unit) across 23 pacer workers (48.31 units/s each)
  topics: 1 x 1000 partitions (r1x1000-1000k-e10m..r1x1000-1000k-e10m), entities/topic=10000000 (key e<id>, system key partitioner) | picker: topics=rr entities: rr over space=10000000 starting at 4444444
  payload: goload jsonEvent target 256 B, avg 289.5 B raw, ~320 B stamped ({"ts":µs,"src":4,...}), pool 64x100
  consumers: 33 here (ci 132..164 of 297), poll=1000 proc-us=0 ack=async ack-inflight=256 local-src=[3 4 5]
  kafka: brokers=10.114.0.2:9092,10.114.0.3:9092,10.114.0.4:9092 rf=3 min-isr=0 producers=4 linger=5ms compression=lz4 acks=all idempotent batch-max-bytes=1048576 | consumers: protocol=classic fetch-max-wait=500ms fetch-min-bytes=1 fetch-max-partition-bytes=1048576 session=45s
  [topic] READY after 0.0s: 1 topics x 1000 partitions, leaders + full ISR
  [config] broker.default.replication.factor = 3 (STATIC_BROKER_CONFIG)
  [config] topic.compression.type = producer (DEFAULT_CONFIG)
  [config] topic.flush.ms = 100 (DEFAULT_CONFIG)
  [config] topic.max.message.bytes = 16777216 (DEFAULT_CONFIG)
  [config] topic.message.timestamp.type = CreateTime (DEFAULT_CONFIG)
  [config] topic.retention.ms = 600000 (DYNAMIC_TOPIC_CONFIG)
  [config] topic.segment.bytes = 268435456 (DYNAMIC_TOPIC_CONFIG)
  [group] 33 consumers in 1 groups (r1x1000-1000k-e10m-g-t0 ... ), protocol classic
  [group] t=+0.4s waiting: r1x1000-1000k-e10m-g-t0: local members 33/297 hold 0/1000 partitions (group-wide PreparingRebalance members=135 assigned=0)
  [group] t=+2.4s waiting: r1x1000-1000k-e10m-g-t0: local members 33/297 hold 0/1000 partitions (group-wide PreparingRebalance members=297 assigned=0)
  [group] t=+4.4s waiting: r1x1000-1000k-e10m-g-t0: local members 33/297 hold 0/1000 partitions (group-wide PreparingRebalance members=297 assigned=0)
  [group] t=+6.5s waiting: r1x1000-1000k-e10m-g-t0: local members 33/297 hold 121/1000 partitions (group-wide PreparingRebalance members=297 assigned=0)
  [group] t=+8.5s waiting: r1x1000-1000k-e10m-g-t0: local members 33/297 hold 121/1000 partitions (group-wide Stable members=297 assigned=1000)
  [group] STABLE after 10.1s: 1 groups, 33 local members holding 121 partitions, assignEv=33 revokeEv=0 lostEv=0
  [produce] 4 clients connected to every broker with producer IDs in 0.01s; max buffered 501024 records per client
READY 1790858483552
[start] waiting 9.392s for the common start 1790858526292
[start] GO 12:42:06.292 (unix ms 1790858526292)
[12:42:16] offered=    55553/s achieved=    55233/s shed=        0/s inflight=    31 | p50=  12.48 p99=   89.60 p999=  136.19 ms | push=552300 pop=598900 lag=-46600 | errs push=0 pop=0 empty=0 gor=698 | ack=    54733/s ackErr=0 ackAvg=133.10ms | e2e p50=13.63 p99=138.24 p999=195.58 n=598900 | e2e_local p50=13.63 p99=134.14 n=200700
[12:42:26] offered=   111111/s achieved=   111241/s shed=        0/s inflight=    19 | p50=  14.02 p99=  102.91 p999=  214.02 ms | push=1664700 pop=1824500 lag=-159800 | errs push=0 pop=0 empty=0 gor=700 | ack=   122410/s ackErr=0 ackAvg=259.28ms | e2e p50=54.02 p99=177.15 p999=234.50 n=1225600 | e2e_local p50=53.50 p99=173.06 n=404700
[12:42:36] offered=   111129/s achieved=   110959/s shed=        0/s inflight=    37 | p50=  13.50 p99=  127.49 p999=  292.86 ms | push=2774400 pop=3013601 lag=-239201 | errs push=0 pop=0 empty=0 gor=683 | ack=   118919/s ackErr=0 ackAvg=293.76ms | e2e p50=55.04 p99=218.11 p999=284.67 n=1189101 | e2e_local p50=52.99 p99=216.06 n=396701
[12:42:46] offered=   111107/s achieved=   111307/s shed=        0/s inflight=    16 | p50=  14.27 p99=  152.58 p999=  280.58 ms | push=3887400 pop=4245800 lag=-358400 | errs push=0 pop=0 empty=0 gor=692 | ack=   123938/s ackErr=0 ackAvg=311.94ms | e2e p50=56.58 p99=244.74 p999=317.44 n=1232199 | e2e_local p50=56.06 p99=246.78 n=411199
[12:42:56] offered=   111090/s achieved=   111100/s shed=        0/s inflight=    13 | p50=  14.27 p99=  129.54 p999=  238.59 ms | push=4998400 pop=5461500 lag=-463100 | errs push=0 pop=0 empty=0 gor=734 | ack=   121490/s ackErr=0 ackAvg=324.71ms | e2e p50=60.16 p99=193.54 p999=257.02 n=1215700 | e2e_local p50=60.67 p99=193.54 n=399200
[12:43:06] offered=   111104/s achieved=   110944/s shed=        0/s inflight=    33 | p50=  14.02 p99=  160.77 p999=  268.29 ms | push=6107800 pop=6657130 lag=-549330 | errs push=0 pop=0 empty=0 gor=689 | ack=   116234/s ackErr=0 ackAvg=326.34ms | e2e p50=48.38 p99=276.48 p999=391.17 n=1195630 | e2e_local p50=48.38 p99=280.58 n=400700
[12:43:16] offered=   111136/s achieved=   111256/s shed=        0/s inflight=    19 | p50=  14.02 p99=  108.03 p999=  146.43 ms | push=7220500 pop=7858700 lag=-638200 | errs push=0 pop=0 empty=0 gor=681 | ack=   121088/s ackErr=0 ackAvg=333.59ms | e2e p50=60.67 p99=207.87 p999=246.78 n=1201570 | e2e_local p50=61.18 p99=209.92 n=396700
[info] steady window 60s (after the ramp, before the producers stopped): offered 111113/s pushed 111134/s popped 120994/s cpu 82.1% = 0.74 cores per 100k msg/s (produce+consume)
[final] offered=72224 achieved=72224 shed=0 (msgs: offered=7222400 achieved=7222400 shed=0) pushErr=0 | pushed=7222400 popped=7862900 lag=-640500 | popErr=0 empty=0 | overall p50=13.89 p99=124.42 p999=254.98 ms | acked=7862900 ackErr=0 ackLag=-640500 ackAvg=334.92ms | e2e p50=52.48 p99=216.06 p999=321.54 ms
load_cpu=45.9%
