WARN max-pending 1000000 per partition producer would preallocate 503 MB over 22 partitions (24 B/slot); using 127100 (-pending-budget-mb 64)
pload tag=1x200-t100-1152k-w198-b100-p8 loader=8/9 mode=batch rate=128000 msg/s batch=100 batch-max=0 max-inflight=5000 ramp=10s duration=1m10s report=10s drain=1m0s GOMAXPROCS=16 GOGC=400 seed=1790889450671955658
  offered: 128000 msg/s = 1280.0 units/s (avg 100.0 msgs/unit) across 26 pacer workers (49.23 units/s each)
  topics: 1 x 200 partitions (x1x200-t100-1152k-w198-b100..x1x200-t100-1152k-w198-b100), entities/topic=0 (explicit partition) | picker: topics=rr entities: rr over space=22 starting at 0 [producer shard 8/9: partitions p % 9 == 8, entity j -> partition 8 + j*9]
  payload: goload jsonEvent target 256 B, avg 289.5 B raw, ~319 B stamped ({"ts":µs,"src":8,...}), pool 64x100
  consumers: 22 here (ci 176..197 of 198), poll=1000 proc-us=0 ack=async ack-inflight=256 local-src=[6 7 8]
  pulsar: url=pulsar://10.114.0.2:6650,10.114.0.3:6650,10.114.0.4:6650 admin=http://10.114.0.2:8080 ns=bench/ns sub=sub type=failover compression=lz4 batch=5ms/100 msgs/131072 B max-pending=127100/partition mem-limit=365 MB receiver-queue=1000 ack-group=100ms conns/broker=1 | feeder batches capped at -txn-size messages (whole entries per transaction) | txn: x1x200-t100-1152k-w198-b100-in -> 22 workers (own client + TC each, NewTransaction timeout 10s, send+AckWithTxn on whole entries, txn-size 100, linger 1s) -> x1x200-t100-1152k-w198-b100-out, 22 readers
  [admin] 2 topics with 200 partitions and subscription "sub" exist (checked in 0.0s)
  [txn] 22 workers (ci 176..197 of 198, 0 idle): each its own client + TC, a failover consumer on its partitions of x1x200-t100-1152k-w198-b100-in, 22 producers on x1x200-t100-1152k-w198-b100-out in all; txn-size 100, linger 1s, txn-timeout 10s; ready in 1.0s
  [consume] 22 consumers (ci 176..197 of 198), failover, partition slices (every partition exactly one consumer): 22 partition registrations here, 200 in total across all processes; idle 0 here, 0 in total; subscribed in 0.0s, settling 2s
  [produce] producer shard 8/9: 22 partitions per topic (p % 9 == 8) x 1 topics, per-partition producers created lazily on first use
READY 1790889185394
[start] waiting 9.346s for the common start 1790889247748
[start] GO 21:14:07.748 (unix ms 1790889247748)
[21:14:17] offered=    64008/s achieved=    63828/s shed=        0/s inflight=    18 | p50=   7.58 p99=   22.14 p999=   40.70 ms | push=638200 pop=454300 lag=183900 | errs push=0 pop=0 empty=0 gor=5992 | ack=    45435/s ackErr=0 ackAvg=0.02ms | e2e p50=236.54 p99=1564.67 p999=1662.98 n=454400 | e2e_local p50=257.02 p99=1581.06 n=185300
[txn] 21:14:17 txn=     454/s msgs=    45435/s avg=100.00 msg/txn | commit p50=33.54 p99=87.55 p999=236.54 ms | aborts=0 errs=0 open=22 | in=    45655/s | total txns=4543 msgs=454300 aborts=0 errs=0
[21:14:27] offered=   128020/s achieved=   128090/s shed=        0/s inflight=    12 | p50=   7.84 p99=   20.35 p999=   27.52 ms | push=1919100 pop=1050200 lag=868900 | errs push=0 pop=0 empty=0 gor=7375 | ack=    59590/s ackErr=0 ackAvg=0.02ms | e2e p50=4145.15 p99=6782.98 p999=6979.58 n=595800 | e2e_local p50=4227.07 p99=6848.51 n=241500
[txn] 21:14:27 txn=     596/s msgs=    59570/s avg=100.00 msg/txn | commit p50=34.56 p99=62.72 p999=76.29 ms | aborts=0 errs=0 open=22 | in=    59570/s | total txns=10500 msgs=1050000 aborts=0 errs=0
[21:14:37] offered=   128000/s achieved=   128010/s shed=        0/s inflight=     9 | p50=   7.71 p99=   19.07 p999=   25.22 ms | push=3199200 pop=1661000 lag=1538200 | errs push=0 pop=0 empty=0 gor=7530 | ack=    61080/s ackErr=0 ackAvg=0.02ms | e2e p50=9240.58 p99=12124.16 p999=12255.23 n=610800 | e2e_local p50=9371.65 p99=12124.16 n=248200
[txn] 21:14:37 txn=     611/s msgs=    61100/s avg= 99.98 msg/txn | commit p50=34.56 p99=57.60 p999=70.14 ms | aborts=0 errs=0 open=22 | in=    61100/s | total txns=16611 msgs=1661000 aborts=0 errs=0
[21:14:47] offered=   127972/s achieved=   127992/s shed=        0/s inflight=    10 | p50=   7.58 p99=   18.82 p999=   23.42 ms | push=4479200 pop=2288900 lag=2190300 | errs push=0 pop=0 empty=0 gor=7701 | ack=    62786/s ackErr=0 ackAvg=0.02ms | e2e p50=14221.31 p99=17432.58 p999=17694.72 n=628000 | e2e_local p50=14483.46 p99=17432.58 n=255300
[txn] 21:14:47 txn=     628/s msgs=    62766/s avg=100.00 msg/txn | commit p50=33.54 p99=59.65 p999=70.14 ms | aborts=0 errs=0 open=22 | in=    62766/s | total txns=22888 msgs=2288700 aborts=0 errs=0
[21:14:57] offered=   128015/s achieved=   127995/s shed=        0/s inflight=    11 | p50=   7.71 p99=   18.05 p999=   23.42 ms | push=5759100 pop=2894300 lag=2864800 | errs push=0 pop=0 empty=0 gor=7485 | ack=    60542/s ackErr=0 ackAvg=0.02ms | e2e p50=19529.73 p99=22675.46 p999=22937.60 n=605400 | e2e_local p50=19791.87 p99=22675.46 n=246200
[txn] 21:14:57 txn=     606/s msgs=    60562/s avg= 99.97 msg/txn | commit p50=35.07 p99=57.09 p999=70.14 ms | aborts=0 errs=0 open=22 | in=    60562/s | total txns=28946 msgs=2894300 aborts=0 errs=0
[21:15:07] offered=   128021/s achieved=   128041/s shed=        0/s inflight=     8 | p50=   7.78 p99=   18.82 p999=   24.70 ms | push=7039500 pop=3496200 lag=3543300 | errs push=0 pop=0 empty=0 gor=7433 | ack=    60191/s ackErr=0 ackAvg=0.02ms | e2e p50=24772.61 p99=28180.48 p999=28442.62 n=601800 | e2e_local p50=25296.90 p99=28180.48 n=244100
[txn] 21:15:07 txn=     602/s msgs=    60191/s avg=100.00 msg/txn | commit p50=35.58 p99=57.60 p999=62.72 ms | aborts=0 errs=0 open=22 | in=    60191/s | total txns=34965 msgs=3496200 aborts=0 errs=0
[21:15:17] offered=   127961/s achieved=   128001/s shed=        0/s inflight=     4 | p50=   7.71 p99=   19.07 p999=   24.70 ms | push=8319600 pop=4113300 lag=4206300 | errs push=0 pop=0 empty=0 gor=7565 | ack=    61706/s ackErr=0 ackAvg=0.02ms | e2e p50=30015.49 p99=33423.36 p999=33816.58 n=617100 | e2e_local p50=30539.78 p99=33423.36 n=250700
[txn] 21:15:17 txn=     617/s msgs=    61696/s avg= 99.98 msg/txn | commit p50=34.05 p99=57.60 p999=69.12 ms | aborts=0 errs=0 open=22 | in=    61696/s | total txns=41136 msgs=4113200 aborts=0 errs=0
[drain] workers and readers keep going for up to 59.989s (ends early after 3s idle; lag now 4205600)
[21:15:27] offered=        0/s achieved=       40/s shed=        0/s inflight=     0 | p50=   5.15 p99=    8.38 p999=    8.38 ms | push=8320000 pop=4840700 lag=3479300 | errs push=0 pop=0 empty=0 gor=8666 | ack=    72746/s ackErr=0 ackAvg=0.02ms | e2e p50=34865.15 p99=38010.88 p999=38535.17 n=727400 | e2e_local p50=35389.44 p99=38010.88 n=296000
[txn] 21:15:27 txn=     728/s msgs=    72766/s avg=100.00 msg/txn | commit p50=29.57 p99=45.82 p999=54.02 ms | aborts=0 errs=0 open=22 | in=    72756/s | total txns=48412 msgs=4840800 aborts=0 errs=0
[21:15:37] offered=        0/s achieved=        0/s shed=        0/s inflight=     0 | p50=   0.00 p99=    0.00 p999=    0.00 ms | push=8320000 pop=5585200 lag=2734800 | errs push=0 pop=0 empty=0 gor=8846 | ack=    74450/s ackErr=0 ackAvg=0.02ms | e2e p50=39059.46 p99=42205.18 p999=42729.47 n=744500 | e2e_local p50=39583.74 p99=42205.18 n=303500
[txn] 21:15:37 txn=     744/s msgs=    74440/s avg=100.00 msg/txn | commit p50=28.80 p99=43.78 p999=51.97 ms | aborts=0 errs=0 open=22 | in=    74450/s | total txns=55856 msgs=5585200 aborts=0 errs=0
[21:15:47] offered=        0/s achieved=        0/s shed=        0/s inflight=     0 | p50=   0.00 p99=    0.00 p999=    0.00 ms | push=8320000 pop=6332600 lag=1987400 | errs push=0 pop=0 empty=0 gor=8858 | ack=    74739/s ackErr=0 ackAvg=0.02ms | e2e p50=43253.76 p99=46399.49 p999=46923.78 n=747400 | e2e_local p50=43778.05 p99=46923.78 n=304200
[txn] 21:15:47 txn=     747/s msgs=    74739/s avg= 99.99 msg/txn | commit p50=28.80 p99=42.24 p999=46.85 ms | aborts=0 errs=0 open=22 | in=    74739/s | total txns=63331 msgs=6332600 aborts=0 errs=0
[21:15:57] offered=        0/s achieved=        0/s shed=        0/s inflight=     0 | p50=   0.00 p99=    0.00 p999=    0.00 ms | push=8320000 pop=7082000 lag=1238000 | errs push=0 pop=0 empty=0 gor=8891 | ack=    74940/s ackErr=0 ackAvg=0.02ms | e2e p50=47448.06 p99=50593.79 p999=51118.08 n=749400 | e2e_local p50=47972.35 p99=51118.08 n=305300
[txn] 21:15:57 txn=     749/s msgs=    74930/s avg=100.00 msg/txn | commit p50=28.80 p99=43.26 p999=48.90 ms | aborts=0 errs=0 open=22 | in=    74930/s | total txns=70824 msgs=7081900 aborts=0 errs=0
[21:16:07] offered=        0/s achieved=        0/s shed=        0/s inflight=     0 | p50=   0.00 p99=    0.00 p999=    0.00 ms | push=8320000 pop=7803600 lag=516400 | errs push=0 pop=0 empty=0 gor=8612 | ack=    72160/s ackErr=0 ackAvg=0.02ms | e2e p50=51642.37 p99=55312.38 p999=55836.67 n=721600 | e2e_local p50=52166.66 p99=55312.38 n=296200
[txn] 21:16:07 txn=     722/s msgs=    72180/s avg=100.00 msg/txn | commit p50=29.31 p99=45.82 p999=59.14 ms | aborts=0 errs=0 open=21 | in=    72170/s | total txns=78042 msgs=7803700 aborts=0 errs=0
[21:16:17] offered=        0/s achieved=        0/s shed=        0/s inflight=     0 | p50=   0.00 p99=    0.00 p999=    0.00 ms | push=8320000 pop=8252600 lag=67400 | errs push=0 pop=0 empty=0 gor=5850 | ack=    44898/s ackErr=0 ackAvg=0.02ms | e2e p50=55312.38 p99=58982.40 p999=58982.40 n=449000 | e2e_local p50=55836.67 p99=58982.40 n=226400
[txn] 21:16:17 txn=     449/s msgs=    44888/s avg=100.00 msg/txn | commit p50=27.01 p99=38.14 p999=44.29 ms | aborts=0 errs=0 open=0 | in=    44678/s | total txns=82531 msgs=8252600 aborts=0 errs=0
[info] txn workers: 0 re-subscriptions after an abort, 0 messages held outside a transaction at the stop (left unacked)
[info] producers created: 22 per-partition producers (shard), 0 creation errors, avg creation 24.3 ms
[info] steady window 60s (after the ramp, before the producers stopped): offered 127998/s pushed 128021/s popped 60982/s cpu 185.3% = 1.45 cores per 100k msg/s (produce+consume)
[final] offered=83200 achieved=83200 shed=0 (msgs: offered=8320000 achieved=8320000 shed=0) pushErr=0 | pushed=8320000 popped=8252600 lag=67400 | popErr=0 empty=0 | overall p50=7.71 p99=19.33 p999=26.24 ms | acked=8252600 ackErr=0 ackLag=67400 ackAvg=0.02ms | e2e p50=32636.93 p99=56885.25 p999=58458.11 ms
load_cpu=99.3%
[txn-final] txns=82531 msgs=8252600 aborts=0 errs=0 in=8252600 avg=99.99 msg/txn | commit p50=31.10 p99=56.06 p999=75.26 max=242.69 ms
[ids] ledger /root/bench/runs/txn/pulsar/1x200-t100-1152k-w198-b100/ids/p8.ids: 8320000 confirmed, 0 failed, 0 unanswered
