{"role":"consumer","event":"start","queues":["bench-q-1"],"queueCount":1,"consumerGroup":null,"numWorkers":1,"conns":50,"duration":300,"batchSize":100,"timestamp":"2026-06-07T09:55:36.734Z"}
(node:53744) [MODULE_TYPELESS_PACKAGE_JSON] Warning: Module type of file:///home/queen/examples/bench-consumer.js is not specified and it doesn't parse as CommonJS.
Reparsing as ES module because module syntax was detected. This incurs a performance overhead.
To eliminate this warning, add "type": "module" to /home/queen/examples/package.json.
(Use `node --trace-warnings ...` to show where the warning was created)
(node:53762) [MODULE_TYPELESS_PACKAGE_JSON] Warning: Module type of file:///home/queen/examples/bench-consumer.js is not specified and it doesn't parse as CommonJS.
Reparsing as ES module because module syntax was detected. This incurs a performance overhead.
To eliminate this warning, add "type": "module" to /home/queen/examples/package.json.
(Use `node --trace-warnings ...` to show where the warning was created)
{
  "role": "consumer",
  "event": "result",
  "consumerGroup": null,
  "totalRequests": 340429,
  "reqPerSec": 1135,
  "maxMsgPerSecCeiling": 113500,
  "latency": {
    "p50": 36,
    "p90": 60,
    "p99": 191,
    "avg": 43.57,
    "max": 1431
  },
  "errors": 0,
  "non2xx": 0,
  "timeouts": 0,
  "durationSec": 300
}
