kload tag=1x200-t10-36k-p0 loader=0/9 mode=batch rate=4000 msg/s batch=10 batch-max=0 max-inflight=5000 ramp=10s duration=1m10s report=10s drain=1m0s GOMAXPROCS=16 GOGC=400 seed=1790871410495144782
  offered: 4000 msg/s = 400.0 units/s (avg 10.0 msgs/unit) across 9 pacer workers (44.44 units/s each)
  topics: 1 x 200 partitions (x1x200-t10-36k..x1x200-t10-36k), entities/topic=0 (explicit partition) | picker: topics=rr entities: rr over space=200 starting at 0
  payload: goload jsonEvent target 256 B, avg 289.5 B raw, ~319 B stamped ({"ts":µs,"src":0,...}), pool 64x10
  consumers: 22 here (ci 0..21 of 198), poll=1000 proc-us=0 ack=async ack-inflight=256 local-src=[0 1 2]
  kafka: brokers=10.114.0.2:9092,10.114.0.3:9092,10.114.0.4:9092 rf=3 min-isr=2 producers=4 linger=5ms compression=lz4 acks=all idempotent batch-max-bytes=1048576 | consumers: protocol=classic fetch-max-wait=500ms fetch-min-bytes=1 fetch-max-partition-bytes=1048576 session=45s | txn: x1x200-t10-36k-in -> 22 workers (GroupTransactSession, transactional.id per worker, txn-timeout 10s, concurrent-txn backoff 20ms, metadata-min-age 250ms, txn-size 10, linger 1s, read_committed) -> x1x200-t10-36k-out, 22 read_committed readers
  [topic] READY after 0.0s: 2 topics x 200 partitions, leaders + full ISR
  [config] broker.compression.type = producer (STATIC_BROKER_CONFIG)
  [config] broker.default.replication.factor = 3 (STATIC_BROKER_CONFIG)
  [config] broker.group.consumer.assignors = uniform,range (DEFAULT_CONFIG)
  [config] broker.group.coordinator.rebalance.protocols = classic,consumer,streams (DEFAULT_CONFIG)
  [config] broker.group.initial.rebalance.delay.ms = 3000 (DEFAULT_CONFIG)
  [config] broker.log.flush.interval.messages = 9223372036854775807 (DEFAULT_CONFIG)
  [config] broker.log.flush.interval.ms = <nil> (DEFAULT_CONFIG)
  [config] broker.max.incremental.fetch.session.cache.slots = 4000 (STATIC_BROKER_CONFIG)
  [config] broker.min.insync.replicas = 2 (DYNAMIC_DEFAULT_BROKER_CONFIG)
  [config] broker.num.io.threads = 16 (STATIC_BROKER_CONFIG)
  [config] broker.num.network.threads = 8 (STATIC_BROKER_CONFIG)
  [config] broker.num.replica.fetchers = 8 (STATIC_BROKER_CONFIG)
  [config] topic.compression.type = producer (STATIC_BROKER_CONFIG)
  [config] topic.flush.messages = 9223372036854775807 (DEFAULT_CONFIG)
  [config] topic.flush.ms = 9223372036854775807 (DEFAULT_CONFIG)
  [config] topic.max.message.bytes = 16777216 (STATIC_BROKER_CONFIG)
  [config] topic.message.timestamp.type = CreateTime (DEFAULT_CONFIG)
  [config] topic.min.insync.replicas = 2 (DYNAMIC_TOPIC_CONFIG)
  [config] topic.retention.ms = 600000 (DYNAMIC_TOPIC_CONFIG)
  [config] topic.segment.bytes = 268435456 (DYNAMIC_TOPIC_CONFIG)
  [config] topic.unclean.leader.election.enable = false (STATIC_BROKER_CONFIG)
  [group] 22 txn workers (GroupTransactSession) in 1 groups (x1x200-t10-36k-in-g-t0 ... ), protocol classic
  [group] 22 consumers in 1 groups (x1x200-t10-36k-out-g-t0 ... ), protocol classic
  [group] t=+0.3s waiting: x1x200-t10-36k-in-g-t0: local members 22/198 hold 0/200 partitions (group-wide PreparingRebalance members=45 assigned=0)
  [group] t=+2.3s waiting: x1x200-t10-36k-in-g-t0: local members 22/198 hold 0/200 partitions (group-wide PreparingRebalance members=198 assigned=0)
  [group] t=+4.3s waiting: x1x200-t10-36k-in-g-t0: local members 22/198 hold 0/200 partitions (group-wide PreparingRebalance members=198 assigned=0)
  [group] t=+6.3s waiting: x1x200-t10-36k-in-g-t0: local members 22/198 hold 22/200 partitions (group-wide PreparingRebalance members=198 assigned=0)
  [group] t=+8.3s waiting: x1x200-t10-36k-in-g-t0: local members 22/198 hold 22/200 partitions (group-wide Stable members=198 assigned=200)
  [group] STABLE after 10.1s: 1 groups, 22 local members holding 22 partitions, assignEv=22 revokeEv=0 lostEv=0
  [group] t=+0.0s waiting: x1x200-t10-36k-out-g-t0: local members 22/198 hold 22/200 partitions (group-wide Stable members=198 assigned=200)
  [group] t=+2.0s waiting: x1x200-t10-36k-out-g-t0: local members 22/198 hold 22/200 partitions (group-wide Stable members=198 assigned=200)
  [group] STABLE after 3.0s: 1 groups, 22 local members holding 22 partitions, assignEv=22 revokeEv=0 lostEv=0
  [produce] 4 clients connected to every broker with producer IDs in 0.01s; max buffered 51024 records per client
READY 1790871639331
[start] waiting 9.253s for the common start 1790871652708
[start] GO 16:20:52.708 (unix ms 1790871652708)
[16:21:02] offered=     2000/s achieved=     1997/s shed=        0/s inflight=     2 | p50=   8.16 p99=   14.53 p999=   31.62 ms | push=19970 pop=10270 lag=9700 | errs push=0 pop=0 empty=0 gor=435 | ack=     1027/s ackErr=0 ackAvg=3.31ms | e2e p50=856.06 p99=3031.04 p999=3325.95 n=10270 | e2e_local p50=847.87 p99=3031.04 n=3420
[txn] 16:21:02 txn=     103/s msgs=     1034/s avg= 10.00 msg/txn | commit p50=127.49 p99=259.07 p999=264.19 ms | aborts=0 errs=0 open=22 | in=     1056/s | total txns=1056 msgs=10362 aborts=0 errs=0
[16:21:12] offered=     4001/s achieved=     3999/s shed=        0/s inflight=     5 | p50=   7.84 p99=   10.18 p999=   15.42 ms | push=59960 pop=24630 lag=35330 | errs push=0 pop=0 empty=0 gor=443 | ack=     1436/s ackErr=0 ackAvg=2.53ms | e2e p50=5734.40 p99=9371.65 p999=10158.08 n=14360 | e2e_local p50=5668.86 p99=9371.65 n=4780
[txn] 16:21:12 txn=     144/s msgs=     1435/s avg= 10.00 msg/txn | commit p50=140.29 p99=254.98 p999=261.12 ms | aborts=0 errs=0 open=22 | in=     1435/s | total txns=2491 msgs=24712 aborts=0 errs=0
[16:21:22] offered=     3999/s achieved=     4001/s shed=        0/s inflight=     3 | p50=   7.78 p99=    9.79 p999=   16.06 ms | push=99970 pop=38980 lag=60990 | errs push=0 pop=0 empty=0 gor=430 | ack=     1435/s ackErr=0 ackAvg=2.31ms | e2e p50=11862.02 p99=16318.46 p999=17170.43 n=14350 | e2e_local p50=11862.02 p99=16449.54 n=4840
[txn] 16:21:22 txn=     143/s msgs=     1435/s avg= 10.00 msg/txn | commit p50=138.24 p99=254.98 p999=259.07 ms | aborts=0 errs=0 open=22 | in=     1435/s | total txns=3926 msgs=39062 aborts=0 errs=0
[16:21:32] offered=     4000/s achieved=     4000/s shed=        0/s inflight=     3 | p50=   7.84 p99=    9.79 p999=   16.32 ms | push=139970 pop=53620 lag=86350 | errs push=0 pop=0 empty=0 gor=438 | ack=     1463/s ackErr=0 ackAvg=2.21ms | e2e p50=18219.01 p99=23461.89 p999=24248.32 n=14640 | e2e_local p50=18219.01 p99=23461.89 n=4830
[txn] 16:21:32 txn=     146/s msgs=     1463/s avg= 10.00 msg/txn | commit p50=130.56 p99=254.98 p999=268.29 ms | aborts=0 errs=0 open=22 | in=     1463/s | total txns=5389 msgs=53692 aborts=0 errs=0
[16:21:42] offered=     4000/s achieved=     4000/s shed=        0/s inflight=     3 | p50=   7.78 p99=    9.66 p999=   17.54 ms | push=179970 pop=68300 lag=111670 | errs push=0 pop=0 empty=0 gor=446 | ack=     1468/s ackErr=0 ackAvg=2.15ms | e2e p50=24510.46 p99=30277.63 p999=31064.06 n=14680 | e2e_local p50=24510.46 p99=30277.63 n=4880
[txn] 16:21:42 txn=     147/s msgs=     1470/s avg= 10.00 msg/txn | commit p50=134.14 p99=254.98 p999=257.02 ms | aborts=0 errs=0 open=22 | in=     1470/s | total txns=6859 msgs=68392 aborts=0 errs=0
[16:21:52] offered=     4000/s achieved=     3999/s shed=        0/s inflight=     4 | p50=   7.78 p99=    9.66 p999=   15.81 ms | push=219960 pop=82770 lag=137190 | errs push=0 pop=0 empty=0 gor=431 | ack=     1448/s ackErr=0 ackAvg=2.11ms | e2e p50=30539.78 p99=37486.59 p999=38010.88 n=14470 | e2e_local p50=30539.78 p99=37486.59 n=4850
[txn] 16:21:52 txn=     144/s msgs=     1444/s avg= 10.00 msg/txn | commit p50=132.10 p99=254.98 p999=257.02 ms | aborts=0 errs=0 open=22 | in=     1444/s | total txns=8303 msgs=82832 aborts=0 errs=0
[16:22:02] offered=     4000/s achieved=     4001/s shed=        0/s inflight=     3 | p50=   7.78 p99=    9.79 p999=   18.56 ms | push=259970 pop=97900 lag=162070 | errs push=0 pop=0 empty=0 gor=428 | ack=     1513/s ackErr=0 ackAvg=2.08ms | e2e p50=36438.02 p99=44302.34 p999=45350.91 n=15130 | e2e_local p50=36962.30 p99=44302.34 n=5110
[txn] 16:22:02 txn=     151/s msgs=     1514/s avg= 10.00 msg/txn | commit p50=127.49 p99=254.98 p999=259.07 ms | aborts=0 errs=0 open=22 | in=     1514/s | total txns=9817 msgs=97972 aborts=0 errs=0
[drain] workers and readers keep going for up to 59.989s (ends early after 3s idle; lag now 162080)
[16:22:12] offered=        0/s achieved=        3/s shed=        0/s inflight=     0 | p50=   7.07 p99=    7.84 p999=    7.84 ms | push=260000 pop=113550 lag=146450 | errs push=0 pop=0 empty=0 gor=435 | ack=     1565/s ackErr=0 ackAvg=2.05ms | e2e p50=42729.47 p99=51642.37 p999=52166.66 n=15660 | e2e_local p50=42729.47 p99=51642.37 n=5190
[txn] 16:22:12 txn=     157/s msgs=     1569/s avg= 10.00 msg/txn | commit p50=123.39 p99=252.93 p999=254.98 ms | aborts=0 errs=0 open=22 | in=     1569/s | total txns=11386 msgs=113662 aborts=0 errs=0
[16:22:22] offered=        0/s achieved=        0/s shed=        0/s inflight=     0 | p50=   0.00 p99=    0.00 p999=    0.00 ms | push=260000 pop=129120 lag=130880 | errs push=0 pop=0 empty=0 gor=423 | ack=     1556/s ackErr=0 ackAvg=2.02ms | e2e p50=48496.64 p99=57933.82 p999=58458.11 n=15560 | e2e_local p50=48496.64 p99=57933.82 n=5170
[txn] 16:22:22 txn=     155/s msgs=     1552/s avg= 10.00 msg/txn | commit p50=122.37 p99=254.98 p999=261.12 ms | aborts=0 errs=0 open=22 | in=     1552/s | total txns=12938 msgs=129182 aborts=0 errs=0
[16:22:32] offered=        0/s achieved=        0/s shed=        0/s inflight=     0 | p50=   0.00 p99=    0.00 p999=    0.00 ms | push=260000 pop=144960 lag=115040 | errs push=0 pop=0 empty=0 gor=432 | ack=     1584/s ackErr=0 ackAvg=2.00ms | e2e p50=54263.81 p99=64749.57 p999=65273.86 n=15840 | e2e_local p50=54263.81 p99=64749.57 n=5240
[txn] 16:22:32 txn=     158/s msgs=     1585/s avg= 10.00 msg/txn | commit p50=123.39 p99=252.93 p999=254.98 ms | aborts=0 errs=0 open=22 | in=     1585/s | total txns=14523 msgs=145032 aborts=0 errs=0
[16:22:42] offered=        0/s achieved=        0/s shed=        0/s inflight=     0 | p50=   0.00 p99=    0.00 p999=    0.00 ms | push=260000 pop=160910 lag=99090 | errs push=0 pop=0 empty=0 gor=431 | ack=     1596/s ackErr=0 ackAvg=1.98ms | e2e p50=60030.98 p99=70778.88 p999=71827.46 n=15950 | e2e_local p50=60030.98 p99=70778.88 n=5330
[txn] 16:22:42 txn=     160/s msgs=     1598/s avg= 10.00 msg/txn | commit p50=122.37 p99=252.93 p999=257.02 ms | aborts=0 errs=0 open=22 | in=     1598/s | total txns=16121 msgs=161012 aborts=0 errs=0
[16:22:52] offered=        0/s achieved=        0/s shed=        0/s inflight=     0 | p50=   0.00 p99=    0.00 p999=    0.00 ms | push=260000 pop=176210 lag=83790 | errs push=0 pop=0 empty=0 gor=428 | ack=     1530/s ackErr=0 ackAvg=1.96ms | e2e p50=65798.14 p99=78118.91 p999=78118.91 n=15300 | e2e_local p50=65798.14 p99=77070.34 n=5080
[txn] 16:22:52 txn=     153/s msgs=     1528/s avg= 10.00 msg/txn | commit p50=123.39 p99=254.98 p999=261.12 ms | aborts=0 errs=0 open=22 | in=     1528/s | total txns=17649 msgs=176292 aborts=0 errs=0
[16:23:02] offered=        0/s achieved=        0/s shed=        0/s inflight=     0 | p50=   0.00 p99=    0.00 p999=    0.00 ms | push=260000 pop=191790 lag=68210 | errs push=0 pop=0 empty=0 gor=426 | ack=     1558/s ackErr=0 ackAvg=1.95ms | e2e p50=71827.46 p99=84410.37 p999=85458.94 n=15580 | e2e_local p50=71827.46 p99=84410.37 n=5260
[txn] 16:23:02 txn=     156/s msgs=     1557/s avg= 10.00 msg/txn | commit p50=123.39 p99=252.93 p999=257.02 ms | aborts=0 errs=0 open=22 | in=     1557/s | total txns=19206 msgs=191862 aborts=0 errs=0
[info] txn workers began 19235 transactions
[info] steady window 60s (after the ramp, before the producers stopped): offered 4000/s pushed 4000/s popped 1460/s cpu 35.7% = 8.93 cores per 100k msg/s (produce+consume)
[info] 44 warm-up messages (no "ts") received and not counted as load
[final] offered=26000 achieved=26000 shed=0 (msgs: offered=260000 achieved=260000 shed=0) pushErr=0 | pushed=260000 popped=192110 lag=67890 | popErr=0 empty=0 | overall p50=7.84 p99=10.30 p999=18.05 ms | acked=192110 ackErr=0 ackLag=67890 ackAvg=1.95ms | e2e p50=39059.46 p99=80216.06 p999=84410.37 ms
load_cpu=23.9%
[txn-final] txns=19235 msgs=192152 aborts=0 errs=0 in=192152 avg=9.99 msg/txn | commit p50=125.44 p99=254.98 p999=536.58 max=798.72 ms
[ids] ledger /root/bench/runs/txn/kafka/1x200-t10-36k/ids/p0.ids: 260000 confirmed, 0 failed, 0 unanswered
