qload tag= loader=0/1 mode=batch rate=400 msg/s batch=1 batch-max=0 max-inflight=5000 ramp=5s duration=10m0s report=10s drain=0s GOMAXPROCS=10 GOGC=400(default) seed=1791584123552634325
  offered: 400 msg/s = 400.0 units/s (avg 1.0 msgs/unit) across 9 pacer workers (44.44 units/s each)
  topics: 200 x 1 partitions (mq-t0..mq-t199), entities/topic=0 (explicit partition) | picker: topics=rr entities: rr over space=1 starting at 0
  payload: goload jsonEvent target 256 B, avg 289.5 B raw, ~320 B stamped ({"ts":µs,"src":0,...}), pool 64x1
  consumers: 0 here (ci 0..-1 of 0), poll=1000 proc-us=0 ack=async ack-inflight=256 local-src=[0]
  queen: url=http://127.0.0.1:6632 (of 1) conns=2048 timeout=30s pop-width=10 pop-batch=1000 pop-timeout=2s lease=30s | configure: leaseTime=30 completedRetention=3600 dedup=0 retryLimit=1000000 | plain: consumers pop+ack the queue
  [queen] http://127.0.0.1:6632 healthy: version 2.2.0, this node leader
READY 1791584377091
[start] GO 22:19:37.091 (unix ms 1791584377091)
[22:19:47] offered=      300/s achieved=      300/s shed=        0/s inflight=     0 | p50=   1.34 p99=    4.13 p999=    7.26 ms | push=3000 pop=0 lag=3000 | errs push=0 pop=0 empty=0 gor=24 | ack=        0/s ackErr=0 ackAvg=0.00ms | e2e p50=0.00 p99=0.00 p999=0.00 n=0 | e2e_local p50=0.00 p99=0.00 n=0
[22:19:57] offered=      400/s achieved=      400/s shed=        0/s inflight=     1 | p50=   1.32 p99=    4.64 p999=   33.54 ms | push=7000 pop=0 lag=7000 | errs push=0 pop=0 empty=0 gor=49 | ack=        0/s ackErr=0 ackAvg=0.00ms | e2e p50=0.00 p99=0.00 p999=0.00 n=0 | e2e_local p50=0.00 p99=0.00 n=0
[22:20:07] offered=      400/s achieved=      400/s shed=        0/s inflight=     1 | p50=   1.32 p99=    4.64 p999=   40.19 ms | push=10999 pop=0 lag=10999 | errs push=0 pop=0 empty=0 gor=55 | ack=        0/s ackErr=0 ackAvg=0.00ms | e2e p50=0.00 p99=0.00 p999=0.00 n=0 | e2e_local p50=0.00 p99=0.00 n=0
[22:20:17] offered=      400/s achieved=      400/s shed=        0/s inflight=     2 | p50=   1.29 p99=    3.28 p999=    5.02 ms | push=14998 pop=0 lag=14998 | errs push=0 pop=0 empty=0 gor=56 | ack=        0/s ackErr=0 ackAvg=0.00ms | e2e p50=0.00 p99=0.00 p999=0.00 n=0 | e2e_local p50=0.00 p99=0.00 n=0
[22:20:27] offered=      400/s achieved=      400/s shed=        0/s inflight=     1 | p50=   1.30 p99=    3.82 p999=   30.08 ms | push=18999 pop=0 lag=18999 | errs push=0 pop=0 empty=0 gor=55 | ack=        0/s ackErr=0 ackAvg=0.00ms | e2e p50=0.00 p99=0.00 p999=0.00 n=0 | e2e_local p50=0.00 p99=0.00 n=0
[22:20:37] offered=      400/s achieved=      400/s shed=        0/s inflight=     0 | p50=   1.27 p99=    3.47 p999=    5.66 ms | push=22999 pop=0 lag=22999 | errs push=0 pop=0 empty=0 gor=54 | ack=        0/s ackErr=0 ackAvg=0.00ms | e2e p50=0.00 p99=0.00 p999=0.00 n=0 | e2e_local p50=0.00 p99=0.00 n=0
[22:20:47] offered=      400/s achieved=      400/s shed=        0/s inflight=     0 | p50=   1.30 p99=    4.26 p999=    8.26 ms | push=27000 pop=0 lag=27000 | errs push=0 pop=0 empty=0 gor=54 | ack=        0/s ackErr=0 ackAvg=0.00ms | e2e p50=0.00 p99=0.00 p999=0.00 n=0 | e2e_local p50=0.00 p99=0.00 n=0
[22:20:57] offered=      400/s achieved=      400/s shed=        0/s inflight=     0 | p50=   1.35 p99=    5.47 p999=   47.36 ms | push=30999 pop=0 lag=30999 | errs push=0 pop=0 empty=0 gor=58 | ack=        0/s ackErr=0 ackAvg=0.00ms | e2e p50=0.00 p99=0.00 p999=0.00 n=0 | e2e_local p50=0.00 p99=0.00 n=0
[22:21:07] offered=      400/s achieved=      400/s shed=        0/s inflight=     0 | p50=   1.37 p99=    4.83 p999=   20.10 ms | push=35000 pop=0 lag=35000 | errs push=0 pop=0 empty=0 gor=58 | ack=        0/s ackErr=0 ackAvg=0.00ms | e2e p50=0.00 p99=0.00 p999=0.00 n=0 | e2e_local p50=0.00 p99=0.00 n=0
[22:21:17] offered=      400/s achieved=      400/s shed=        0/s inflight=     0 | p50=   1.32 p99=    3.38 p999=    8.03 ms | push=39000 pop=0 lag=39000 | errs push=0 pop=0 empty=0 gor=58 | ack=        0/s ackErr=0 ackAvg=0.00ms | e2e p50=0.00 p99=0.00 p999=0.00 n=0 | e2e_local p50=0.00 p99=0.00 n=0
[22:21:27] offered=      400/s achieved=      400/s shed=        0/s inflight=     1 | p50=   1.32 p99=    5.41 p999=   41.73 ms | push=43000 pop=0 lag=43000 | errs push=0 pop=0 empty=0 gor=59 | ack=        0/s ackErr=0 ackAvg=0.00ms | e2e p50=0.00 p99=0.00 p999=0.00 n=0 | e2e_local p50=0.00 p99=0.00 n=0
[22:21:37] offered=      400/s achieved=      400/s shed=        0/s inflight=     0 | p50=   1.30 p99=    3.95 p999=   22.40 ms | push=47001 pop=0 lag=47001 | errs push=0 pop=0 empty=0 gor=58 | ack=        0/s ackErr=0 ackAvg=0.00ms | e2e p50=0.00 p99=0.00 p999=0.00 n=0 | e2e_local p50=0.00 p99=0.00 n=0
[22:21:47] offered=      400/s achieved=      400/s shed=        0/s inflight=     1 | p50=   1.37 p99=    5.79 p999=   35.58 ms | push=50998 pop=0 lag=50998 | errs push=0 pop=0 empty=0 gor=59 | ack=        0/s ackErr=0 ackAvg=0.00ms | e2e p50=0.00 p99=0.00 p999=0.00 n=0 | e2e_local p50=0.00 p99=0.00 n=0
[22:21:57] offered=      400/s achieved=      400/s shed=        0/s inflight=     0 | p50=   1.32 p99=    3.38 p999=   16.19 ms | push=55000 pop=0 lag=55000 | errs push=0 pop=0 empty=0 gor=58 | ack=        0/s ackErr=0 ackAvg=0.00ms | e2e p50=0.00 p99=0.00 p999=0.00 n=0 | e2e_local p50=0.00 p99=0.00 n=0
[22:22:07] offered=      400/s achieved=      400/s shed=        0/s inflight=     0 | p50=   1.35 p99=    4.45 p999=   24.70 ms | push=58999 pop=0 lag=58999 | errs push=0 pop=0 empty=0 gor=58 | ack=        0/s ackErr=0 ackAvg=0.00ms | e2e p50=0.00 p99=0.00 p999=0.00 n=0 | e2e_local p50=0.00 p99=0.00 n=0
[22:22:17] offered=      400/s achieved=      400/s shed=        0/s inflight=     0 | p50=   1.38 p99=    4.05 p999=    8.38 ms | push=63000 pop=0 lag=63000 | errs push=0 pop=0 empty=0 gor=58 | ack=        0/s ackErr=0 ackAvg=0.00ms | e2e p50=0.00 p99=0.00 p999=0.00 n=0 | e2e_local p50=0.00 p99=0.00 n=0
[22:22:27] offered=      400/s achieved=      400/s shed=        0/s inflight=     1 | p50=   1.32 p99=    3.82 p999=   30.85 ms | push=66999 pop=0 lag=66999 | errs push=0 pop=0 empty=0 gor=51 | ack=        0/s ackErr=0 ackAvg=0.00ms | e2e p50=0.00 p99=0.00 p999=0.00 n=0 | e2e_local p50=0.00 p99=0.00 n=0
[22:22:37] offered=      400/s achieved=      400/s shed=        0/s inflight=     0 | p50=   1.35 p99=    3.18 p999=    4.38 ms | push=71000 pop=0 lag=71000 | errs push=0 pop=0 empty=0 gor=50 | ack=        0/s ackErr=0 ackAvg=0.00ms | e2e p50=0.00 p99=0.00 p999=0.00 n=0 | e2e_local p50=0.00 p99=0.00 n=0
[22:22:47] offered=      400/s achieved=      400/s shed=        0/s inflight=     0 | p50=   1.35 p99=    4.08 p999=   29.82 ms | push=75000 pop=0 lag=75000 | errs push=0 pop=0 empty=0 gor=50 | ack=        0/s ackErr=0 ackAvg=0.00ms | e2e p50=0.00 p99=0.00 p999=0.00 n=0 | e2e_local p50=0.00 p99=0.00 n=0
[22:22:57] offered=      400/s achieved=      400/s shed=        0/s inflight=     0 | p50=   1.38 p99=    3.89 p999=   12.86 ms | push=79000 pop=0 lag=79000 | errs push=0 pop=0 empty=0 gor=44 | ack=        0/s ackErr=0 ackAvg=0.00ms | e2e p50=0.00 p99=0.00 p999=0.00 n=0 | e2e_local p50=0.00 p99=0.00 n=0
[22:23:07] offered=      400/s achieved=      400/s shed=        0/s inflight=     2 | p50=   1.43 p99=    7.20 p999=   35.58 ms | push=82999 pop=0 lag=82999 | errs push=0 pop=0 empty=0 gor=46 | ack=        0/s ackErr=0 ackAvg=0.00ms | e2e p50=0.00 p99=0.00 p999=0.00 n=0 | e2e_local p50=0.00 p99=0.00 n=0
[22:23:17] offered=      400/s achieved=      400/s shed=        0/s inflight=     2 | p50=   1.40 p99=    5.86 p999=   23.42 ms | push=86998 pop=0 lag=86998 | errs push=0 pop=0 empty=0 gor=46 | ack=        0/s ackErr=0 ackAvg=0.00ms | e2e p50=0.00 p99=0.00 p999=0.00 n=0 | e2e_local p50=0.00 p99=0.00 n=0
[22:23:27] offered=      400/s achieved=      400/s shed=        0/s inflight=     1 | p50=   1.37 p99=    3.38 p999=    5.02 ms | push=91000 pop=0 lag=91000 | errs push=0 pop=0 empty=0 gor=45 | ack=        0/s ackErr=0 ackAvg=0.00ms | e2e p50=0.00 p99=0.00 p999=0.00 n=0 | e2e_local p50=0.00 p99=0.00 n=0
[22:23:37] offered=      400/s achieved=      400/s shed=        0/s inflight=     0 | p50=   1.35 p99=    5.54 p999=   25.73 ms | push=94999 pop=0 lag=94999 | errs push=0 pop=0 empty=0 gor=44 | ack=        0/s ackErr=0 ackAvg=0.00ms | e2e p50=0.00 p99=0.00 p999=0.00 n=0 | e2e_local p50=0.00 p99=0.00 n=0
[22:23:47] offered=      400/s achieved=      400/s shed=        0/s inflight=     0 | p50=   1.35 p99=    3.82 p999=    7.26 ms | push=99000 pop=0 lag=99000 | errs push=0 pop=0 empty=0 gor=44 | ack=        0/s ackErr=0 ackAvg=0.00ms | e2e p50=0.00 p99=0.00 p999=0.00 n=0 | e2e_local p50=0.00 p99=0.00 n=0
[22:23:57] offered=      400/s achieved=      400/s shed=        0/s inflight=     0 | p50=   1.38 p99=    8.51 p999=   29.06 ms | push=102999 pop=0 lag=102999 | errs push=0 pop=0 empty=0 gor=44 | ack=        0/s ackErr=0 ackAvg=0.00ms | e2e p50=0.00 p99=0.00 p999=0.00 n=0 | e2e_local p50=0.00 p99=0.00 n=0
[22:24:07] offered=      400/s achieved=      400/s shed=        0/s inflight=     0 | p50=   1.42 p99=    4.38 p999=   19.84 ms | push=107000 pop=0 lag=107000 | errs push=0 pop=0 empty=0 gor=44 | ack=        0/s ackErr=0 ackAvg=0.00ms | e2e p50=0.00 p99=0.00 p999=0.00 n=0 | e2e_local p50=0.00 p99=0.00 n=0
[22:24:17] offered=      400/s achieved=      400/s shed=        0/s inflight=     0 | p50=   1.45 p99=    5.28 p999=   41.22 ms | push=111000 pop=0 lag=111000 | errs push=0 pop=0 empty=0 gor=50 | ack=        0/s ackErr=0 ackAvg=0.00ms | e2e p50=0.00 p99=0.00 p999=0.00 n=0 | e2e_local p50=0.00 p99=0.00 n=0
[22:24:27] offered=      400/s achieved=      400/s shed=        0/s inflight=     2 | p50=   1.43 p99=    4.45 p999=   11.33 ms | push=114999 pop=0 lag=114999 | errs push=0 pop=0 empty=0 gor=52 | ack=        0/s ackErr=0 ackAvg=0.00ms | e2e p50=0.00 p99=0.00 p999=0.00 n=0 | e2e_local p50=0.00 p99=0.00 n=0
[22:24:37] offered=      400/s achieved=      400/s shed=        0/s inflight=     0 | p50=   1.40 p99=    4.05 p999=    7.84 ms | push=119000 pop=0 lag=119000 | errs push=0 pop=0 empty=0 gor=50 | ack=        0/s ackErr=0 ackAvg=0.00ms | e2e p50=0.00 p99=0.00 p999=0.00 n=0 | e2e_local p50=0.00 p99=0.00 n=0
[22:24:47] offered=      400/s achieved=      400/s shed=        0/s inflight=     2 | p50=   1.45 p99=    4.19 p999=    7.65 ms | push=122998 pop=0 lag=122998 | errs push=0 pop=0 empty=0 gor=52 | ack=        0/s ackErr=0 ackAvg=0.00ms | e2e p50=0.00 p99=0.00 p999=0.00 n=0 | e2e_local p50=0.00 p99=0.00 n=0
[22:24:57] offered=      400/s achieved=      400/s shed=        0/s inflight=     1 | p50=   1.42 p99=    4.05 p999=    7.71 ms | push=126999 pop=0 lag=126999 | errs push=0 pop=0 empty=0 gor=51 | ack=        0/s ackErr=0 ackAvg=0.00ms | e2e p50=0.00 p99=0.00 p999=0.00 n=0 | e2e_local p50=0.00 p99=0.00 n=0
[22:25:07] offered=      400/s achieved=      400/s shed=        0/s inflight=     1 | p50=   1.45 p99=    6.30 p999=   15.30 ms | push=130998 pop=0 lag=130998 | errs push=0 pop=0 empty=0 gor=51 | ack=        0/s ackErr=0 ackAvg=0.00ms | e2e p50=0.00 p99=0.00 p999=0.00 n=0 | e2e_local p50=0.00 p99=0.00 n=0
[22:25:17] offered=      400/s achieved=      400/s shed=        0/s inflight=     0 | p50=   1.42 p99=    4.51 p999=    8.26 ms | push=135000 pop=0 lag=135000 | errs push=0 pop=0 empty=0 gor=50 | ack=        0/s ackErr=0 ackAvg=0.00ms | e2e p50=0.00 p99=0.00 p999=0.00 n=0 | e2e_local p50=0.00 p99=0.00 n=0
[22:25:27] offered=      400/s achieved=      400/s shed=        0/s inflight=     1 | p50=   1.42 p99=    5.28 p999=   31.36 ms | push=138999 pop=0 lag=138999 | errs push=0 pop=0 empty=0 gor=51 | ack=        0/s ackErr=0 ackAvg=0.00ms | e2e p50=0.00 p99=0.00 p999=0.00 n=0 | e2e_local p50=0.00 p99=0.00 n=0
[22:25:37] offered=      400/s achieved=      400/s shed=        0/s inflight=     3 | p50=   1.42 p99=    5.98 p999=   35.07 ms | push=142997 pop=0 lag=142997 | errs push=0 pop=0 empty=0 gor=53 | ack=        0/s ackErr=0 ackAvg=0.00ms | e2e p50=0.00 p99=0.00 p999=0.00 n=0 | e2e_local p50=0.00 p99=0.00 n=0
[22:25:47] offered=      400/s achieved=      400/s shed=        0/s inflight=     0 | p50=   1.45 p99=    5.98 p999=   30.08 ms | push=147000 pop=0 lag=147000 | errs push=0 pop=0 empty=0 gor=46 | ack=        0/s ackErr=0 ackAvg=0.00ms | e2e p50=0.00 p99=0.00 p999=0.00 n=0 | e2e_local p50=0.00 p99=0.00 n=0
[22:25:57] offered=      400/s achieved=      400/s shed=        0/s inflight=     1 | p50=   1.42 p99=    5.66 p999=    9.54 ms | push=151000 pop=0 lag=151000 | errs push=0 pop=0 empty=0 gor=47 | ack=        0/s ackErr=0 ackAvg=0.00ms | e2e p50=0.00 p99=0.00 p999=0.00 n=0 | e2e_local p50=0.00 p99=0.00 n=0
[22:26:07] offered=      400/s achieved=      400/s shed=        0/s inflight=     1 | p50=   1.40 p99=    3.70 p999=    8.77 ms | push=155000 pop=0 lag=155000 | errs push=0 pop=0 empty=0 gor=47 | ack=        0/s ackErr=0 ackAvg=0.00ms | e2e p50=0.00 p99=0.00 p999=0.00 n=0 | e2e_local p50=0.00 p99=0.00 n=0
[22:26:17] offered=      400/s achieved=      400/s shed=        0/s inflight=     2 | p50=   1.48 p99=    7.20 p999=   27.26 ms | push=158998 pop=0 lag=158998 | errs push=0 pop=0 empty=0 gor=48 | ack=        0/s ackErr=0 ackAvg=0.00ms | e2e p50=0.00 p99=0.00 p999=0.00 n=0 | e2e_local p50=0.00 p99=0.00 n=0
[22:26:27] offered=      400/s achieved=      400/s shed=        0/s inflight=     1 | p50=   1.45 p99=    6.50 p999=   42.75 ms | push=163000 pop=0 lag=163000 | errs push=0 pop=0 empty=0 gor=51 | ack=        0/s ackErr=0 ackAvg=0.00ms | e2e p50=0.00 p99=0.00 p999=0.00 n=0 | e2e_local p50=0.00 p99=0.00 n=0
[22:26:37] offered=      400/s achieved=      400/s shed=        0/s inflight=     0 | p50=   1.45 p99=    3.50 p999=    8.38 ms | push=166999 pop=0 lag=166999 | errs push=0 pop=0 empty=0 gor=50 | ack=        0/s ackErr=0 ackAvg=0.00ms | e2e p50=0.00 p99=0.00 p999=0.00 n=0 | e2e_local p50=0.00 p99=0.00 n=0
[22:26:47] offered=      400/s achieved=      400/s shed=        0/s inflight=     0 | p50=   1.53 p99=   11.84 p999=   88.58 ms | push=171000 pop=0 lag=171000 | errs push=0 pop=0 empty=0 gor=92 | ack=        0/s ackErr=0 ackAvg=0.00ms | e2e p50=0.00 p99=0.00 p999=0.00 n=0 | e2e_local p50=0.00 p99=0.00 n=0
[22:26:57] offered=      400/s achieved=      400/s shed=        0/s inflight=     0 | p50=   1.53 p99=    6.50 p999=   47.36 ms | push=174999 pop=0 lag=174999 | errs push=0 pop=0 empty=0 gor=92 | ack=        0/s ackErr=0 ackAvg=0.00ms | e2e p50=0.00 p99=0.00 p999=0.00 n=0 | e2e_local p50=0.00 p99=0.00 n=0
[22:27:07] offered=      400/s achieved=      400/s shed=        0/s inflight=     0 | p50=   1.48 p99=    4.13 p999=    9.79 ms | push=179000 pop=0 lag=179000 | errs push=0 pop=0 empty=0 gor=92 | ack=        0/s ackErr=0 ackAvg=0.00ms | e2e p50=0.00 p99=0.00 p999=0.00 n=0 | e2e_local p50=0.00 p99=0.00 n=0
[22:27:17] offered=      400/s achieved=      400/s shed=        0/s inflight=     0 | p50=   1.48 p99=    5.92 p999=   18.30 ms | push=183000 pop=0 lag=183000 | errs push=0 pop=0 empty=0 gor=92 | ack=        0/s ackErr=0 ackAvg=0.00ms | e2e p50=0.00 p99=0.00 p999=0.00 n=0 | e2e_local p50=0.00 p99=0.00 n=0
[22:27:27] offered=      400/s achieved=      400/s shed=        0/s inflight=     1 | p50=   1.50 p99=    5.34 p999=   10.56 ms | push=187000 pop=0 lag=187000 | errs push=0 pop=0 empty=0 gor=93 | ack=        0/s ackErr=0 ackAvg=0.00ms | e2e p50=0.00 p99=0.00 p999=0.00 n=0 | e2e_local p50=0.00 p99=0.00 n=0
[22:27:37] offered=      400/s achieved=      400/s shed=        0/s inflight=     0 | p50=   1.50 p99=    4.08 p999=    9.41 ms | push=191001 pop=0 lag=191001 | errs push=0 pop=0 empty=0 gor=92 | ack=        0/s ackErr=0 ackAvg=0.00ms | e2e p50=0.00 p99=0.00 p999=0.00 n=0 | e2e_local p50=0.00 p99=0.00 n=0
[22:27:47] offered=      400/s achieved=      400/s shed=        0/s inflight=     0 | p50=   1.50 p99=    4.83 p999=   22.91 ms | push=194998 pop=0 lag=194998 | errs push=0 pop=0 empty=0 gor=92 | ack=        0/s ackErr=0 ackAvg=0.00ms | e2e p50=0.00 p99=0.00 p999=0.00 n=0 | e2e_local p50=0.00 p99=0.00 n=0
[22:27:57] offered=      400/s achieved=      400/s shed=        0/s inflight=     1 | p50=   1.50 p99=    5.34 p999=   22.14 ms | push=198999 pop=0 lag=198999 | errs push=0 pop=0 empty=0 gor=93 | ack=        0/s ackErr=0 ackAvg=0.00ms | e2e p50=0.00 p99=0.00 p999=0.00 n=0 | e2e_local p50=0.00 p99=0.00 n=0
[22:28:07] offered=      400/s achieved=      400/s shed=        0/s inflight=     0 | p50=   1.51 p99=    5.66 p999=   10.69 ms | push=202999 pop=0 lag=202999 | errs push=0 pop=0 empty=0 gor=92 | ack=        0/s ackErr=0 ackAvg=0.00ms | e2e p50=0.00 p99=0.00 p999=0.00 n=0 | e2e_local p50=0.00 p99=0.00 n=0
[22:28:17] offered=      400/s achieved=      400/s shed=        0/s inflight=     5 | p50=   1.54 p99=    5.47 p999=   25.73 ms | push=206995 pop=0 lag=206995 | errs push=0 pop=0 empty=0 gor=63 | ack=        0/s ackErr=0 ackAvg=0.00ms | e2e p50=0.00 p99=0.00 p999=0.00 n=0 | e2e_local p50=0.00 p99=0.00 n=0
[22:28:27] offered=      400/s achieved=      400/s shed=        0/s inflight=     0 | p50=   1.56 p99=    6.75 p999=   21.63 ms | push=210999 pop=0 lag=210999 | errs push=0 pop=0 empty=0 gor=40 | ack=        0/s ackErr=0 ackAvg=0.00ms | e2e p50=0.00 p99=0.00 p999=0.00 n=0 | e2e_local p50=0.00 p99=0.00 n=0
[22:28:37] offered=      400/s achieved=      400/s shed=        0/s inflight=     0 | p50=   1.53 p99=    7.07 p999=   45.82 ms | push=215000 pop=0 lag=215000 | errs push=0 pop=0 empty=0 gor=54 | ack=        0/s ackErr=0 ackAvg=0.00ms | e2e p50=0.00 p99=0.00 p999=0.00 n=0 | e2e_local p50=0.00 p99=0.00 n=0
[22:28:47] offered=      400/s achieved=      400/s shed=        0/s inflight=     0 | p50=   1.51 p99=    6.37 p999=   22.91 ms | push=219000 pop=0 lag=219000 | errs push=0 pop=0 empty=0 gor=54 | ack=        0/s ackErr=0 ackAvg=0.00ms | e2e p50=0.00 p99=0.00 p999=0.00 n=0 | e2e_local p50=0.00 p99=0.00 n=0
[22:28:57] offered=      400/s achieved=      400/s shed=        0/s inflight=     1 | p50=   1.50 p99=    4.02 p999=    7.97 ms | push=223000 pop=0 lag=223000 | errs push=0 pop=0 empty=0 gor=55 | ack=        0/s ackErr=0 ackAvg=0.00ms | e2e p50=0.00 p99=0.00 p999=0.00 n=0 | e2e_local p50=0.00 p99=0.00 n=0
[22:29:07] offered=      400/s achieved=      400/s shed=        0/s inflight=     1 | p50=   1.54 p99=    6.18 p999=   41.22 ms | push=227000 pop=0 lag=227000 | errs push=0 pop=0 empty=0 gor=55 | ack=        0/s ackErr=0 ackAvg=0.00ms | e2e p50=0.00 p99=0.00 p999=0.00 n=0 | e2e_local p50=0.00 p99=0.00 n=0
[22:29:17] offered=      400/s achieved=      400/s shed=        0/s inflight=     2 | p50=   1.51 p99=   32.13 p999=  114.18 ms | push=230998 pop=0 lag=230998 | errs push=0 pop=0 empty=0 gor=114 | ack=        0/s ackErr=0 ackAvg=0.00ms | e2e p50=0.00 p99=0.00 p999=0.00 n=0 | e2e_local p50=0.00 p99=0.00 n=0
[22:29:27] offered=      400/s achieved=      400/s shed=        0/s inflight=     0 | p50=   1.51 p99=    3.66 p999=    7.07 ms | push=235000 pop=0 lag=235000 | errs push=0 pop=0 empty=0 gor=112 | ack=        0/s ackErr=0 ackAvg=0.00ms | e2e p50=0.00 p99=0.00 p999=0.00 n=0 | e2e_local p50=0.00 p99=0.00 n=0
[22:29:37] offered=      400/s achieved=      400/s shed=        0/s inflight=     1 | p50=   1.53 p99=    3.92 p999=    9.54 ms | push=238998 pop=0 lag=238998 | errs push=0 pop=0 empty=0 gor=104 | ack=        0/s ackErr=0 ackAvg=0.00ms | e2e p50=0.00 p99=0.00 p999=0.00 n=0 | e2e_local p50=0.00 p99=0.00 n=0
[info] steady window 590s (after the ramp, before the producers stopped): offered 400/s pushed 400/s popped 0/s cpu 10.2% = 25.42 cores per 100k msg/s (produce+consume)
[final] offered=238999 achieved=238999 shed=0 (msgs: offered=238999 achieved=238999 shed=0) pushErr=0 | pushed=238999 popped=0 lag=238999 | popErr=0 empty=0 | overall p50=1.42 p99=4.77 p999=28.29 ms | acked=0 ackErr=0 ackLag=238999 ackAvg=0.00ms | e2e p50=0.00 p99=0.00 p999=0.00 ms
load_cpu=10.1%
