kload tag=1x1000-1000k-e10m-p1 loader=1/9 mode=batch rate=111111 msg/s batch=100 batch-max=0 max-inflight=5000 ramp=10s duration=1m10s report=10s drain=0s GOMAXPROCS=16 GOGC=400 seed=1790761244343262284
  offered: 111111 msg/s = 1111.1 units/s (avg 100.0 msgs/unit) across 23 pacer workers (48.31 units/s each)
  topics: 1 x 1000 partitions (k1x1000-1000k-e10m..k1x1000-1000k-e10m), entities/topic=10000000 (key e<id>, system key partitioner) | picker: topics=rr entities: rr over space=10000000 starting at 1111111
  payload: goload jsonEvent target 256 B, avg 289.6 B raw, ~320 B stamped ({"ts":µs,"src":1,...}), pool 64x100
  consumers: 33 here (ci 33..65 of 297), poll=1000 proc-us=0 ack=async ack-inflight=256 local-src=[0 1 2]
  kafka: brokers=10.114.0.2:9092,10.114.0.3:9092,10.114.0.4:9092 rf=3 min-isr=2 producers=4 linger=5ms compression=lz4 acks=all idempotent batch-max-bytes=1048576 | consumers: protocol=consumer fetch-max-wait=500ms fetch-min-bytes=1 fetch-max-partition-bytes=1048576 session=45s
  [topic] READY after 0.0s: 1 topics x 1000 partitions, leaders + full ISR
  [config] broker.compression.type = producer (STATIC_BROKER_CONFIG)
  [config] broker.default.replication.factor = 3 (STATIC_BROKER_CONFIG)
  [config] broker.group.consumer.assignors = uniform,range (DEFAULT_CONFIG)
  [config] broker.group.coordinator.rebalance.protocols = classic,consumer,streams (DEFAULT_CONFIG)
  [config] broker.group.initial.rebalance.delay.ms = 3000 (DEFAULT_CONFIG)
  [config] broker.log.flush.interval.messages = 9223372036854775807 (DEFAULT_CONFIG)
  [config] broker.log.flush.interval.ms = <nil> (DEFAULT_CONFIG)
  [config] broker.max.incremental.fetch.session.cache.slots = 4000 (STATIC_BROKER_CONFIG)
  [config] broker.min.insync.replicas = 2 (DYNAMIC_DEFAULT_BROKER_CONFIG)
  [config] broker.num.io.threads = 16 (STATIC_BROKER_CONFIG)
  [config] broker.num.network.threads = 8 (STATIC_BROKER_CONFIG)
  [config] broker.num.replica.fetchers = 8 (STATIC_BROKER_CONFIG)
  [config] topic.compression.type = producer (STATIC_BROKER_CONFIG)
  [config] topic.flush.messages = 9223372036854775807 (DEFAULT_CONFIG)
  [config] topic.flush.ms = 9223372036854775807 (DEFAULT_CONFIG)
  [config] topic.max.message.bytes = 16777216 (STATIC_BROKER_CONFIG)
  [config] topic.message.timestamp.type = CreateTime (DEFAULT_CONFIG)
  [config] topic.min.insync.replicas = 2 (DYNAMIC_TOPIC_CONFIG)
  [config] topic.retention.ms = 600000 (DYNAMIC_TOPIC_CONFIG)
  [config] topic.segment.bytes = 268435456 (DYNAMIC_TOPIC_CONFIG)
  [config] topic.unclean.leader.election.enable = false (STATIC_BROKER_CONFIG)
  [group] 33 consumers in 1 groups (k1x1000-1000k-e10m-g-t0 ... ), protocol consumer
  [group] t=+0.0s waiting: k1x1000-1000k-e10m-g-t0: local members 33/297 hold 0/1000 partitions (group-wide ? members=0 assigned=0)
  [group] t=+2.0s waiting: k1x1000-1000k-e10m-g-t0: local members 33/297 hold 0/1000 partitions (group-wide Assigning members=297 assigned=1000)
  [group] t=+4.0s waiting: k1x1000-1000k-e10m-g-t0: local members 33/297 hold 0/1000 partitions (group-wide Assigning members=297 assigned=1000)
  [group] t=+6.1s waiting: k1x1000-1000k-e10m-g-t0: local members 33/297 hold 0/1000 partitions (group-wide Reconciling members=297 assigned=4)
  [group] t=+8.1s waiting: k1x1000-1000k-e10m-g-t0: local members 33/297 hold 0/1000 partitions (group-wide Reconciling members=297 assigned=4)
  [group] t=+10.1s waiting: k1x1000-1000k-e10m-g-t0: local members 33/297 hold 0/1000 partitions (group-wide Reconciling members=297 assigned=4)
  [group] t=+12.1s waiting: k1x1000-1000k-e10m-g-t0: local members 33/297 hold 112/1000 partitions (group-wide Stable members=297 assigned=1000)
  [group] STABLE after 14.1s: 1 groups, 33 local members holding 112 partitions, assignEv=66 revokeEv=0 lostEv=0
  [produce] 4 clients connected to every broker with producer IDs in 0.29s; max buffered 501024 records per client
READY 1790761214595
[start] waiting 9.301s for the common start 1790761229113
[start] GO 09:40:29.113 (unix ms 1790761229113)
[09:40:39] offered=    55553/s achieved=    55483/s shed=        0/s inflight=     7 | p50=   8.51 p99=   26.24 p999=   98.82 ms | push=554800 pop=557000 lag=-2200 | errs push=0 pop=0 empty=0 gor=448 | ack=    55663/s ackErr=0 ackAvg=3.50ms | e2e p50=8.51 p99=24.45 p999=94.72 n=557000 | e2e_local p50=8.51 p99=26.24 n=184500
[09:40:49] offered=   111084/s achieved=   111094/s shed=        0/s inflight=     6 | p50=   8.16 p99=   16.77 p999=  100.86 ms | push=1665800 pop=1669900 lag=-4100 | errs push=0 pop=0 empty=0 gor=451 | ack=   111274/s ackErr=0 ackAvg=3.01ms | e2e p50=8.16 p99=15.42 p999=96.77 n=1112900 | e2e_local p50=8.10 p99=16.06 n=371100
[09:40:59] offered=   111126/s achieved=   111106/s shed=        0/s inflight=     8 | p50=   8.10 p99=   11.84 p999=   19.84 ms | push=2776800 pop=2766400 lag=10400 | errs push=0 pop=0 empty=0 gor=441 | ack=   109706/s ackErr=0 ackAvg=2.90ms | e2e p50=8.16 p99=11.20 p999=23.68 n=1096500 | e2e_local p50=8.10 p99=11.33 n=365200
[09:41:09] offered=   111097/s achieved=   111127/s shed=        0/s inflight=     5 | p50=   8.10 p99=   12.61 p999=   24.19 ms | push=3888100 pop=3890600 lag=-2500 | errs push=0 pop=0 empty=0 gor=447 | ack=   112377/s ackErr=0 ackAvg=2.86ms | e2e p50=8.16 p99=11.58 p999=22.40 n=1124200 | e2e_local p50=8.10 p99=11.58 n=375800
[09:41:19] offered=   111112/s achieved=   111092/s shed=        0/s inflight=     7 | p50=   8.16 p99=   14.02 p999=   32.38 ms | push=4999000 pop=5027500 lag=-28500 | errs push=0 pop=0 empty=0 gor=451 | ack=   113712/s ackErr=0 ackAvg=2.87ms | e2e p50=8.16 p99=13.12 p999=32.64 n=1137000 | e2e_local p50=8.16 p99=13.12 n=376700
[09:41:29] offered=   111130/s achieved=   111110/s shed=        0/s inflight=     8 | p50=   8.10 p99=   12.10 p999=   24.70 ms | push=6110100 pop=6165900 lag=-55800 | errs push=0 pop=0 empty=0 gor=445 | ack=   113830/s ackErr=0 ackAvg=2.85ms | e2e p50=8.16 p99=11.71 p999=19.07 n=1138300 | e2e_local p50=8.10 p99=11.84 n=380900
[09:41:39] offered=   111132/s achieved=   111102/s shed=        0/s inflight=    12 | p50=   8.10 p99=   16.77 p999=   38.66 ms | push=7221200 pop=7289600 lag=-68400 | errs push=0 pop=0 empty=0 gor=421 | ack=   112382/s ackErr=0 ackAvg=2.83ms | e2e p50=8.16 p99=17.02 p999=39.17 n=1123700 | e2e_local p50=8.10 p99=15.68 n=377500
[info] steady window 60s (after the ramp, before the producers stopped): offered 111114/s pushed 111105/s popped 112209/s cpu 89.4% = 0.80 cores per 100k msg/s (produce+consume)
[final] offered=72224 achieved=72224 shed=0 (msgs: offered=7222400 achieved=7222400 shed=0) pushErr=0 | pushed=7222400 popped=7290800 lag=-68400 | popErr=0 empty=0 | overall p50=8.16 p99=15.17 p999=55.55 ms | acked=7290800 ackErr=0 ackLag=-68400 ackAvg=2.83ms | e2e p50=8.16 p99=14.91 p999=47.36 ms
load_cpu=60.4%
