kload tag=1x50000-1000k-p8 loader=8/9 mode=batch rate=111111 msg/s batch=100 batch-max=0 max-inflight=5000 ramp=10s duration=1m10s report=10s drain=0s GOMAXPROCS=16 GOGC=400 seed=1790855599778983694
  offered: 111111 msg/s = 1111.1 units/s (avg 100.0 msgs/unit) across 23 pacer workers (48.31 units/s each)
  topics: 1 x 50000 partitions (r1x50000-1000k..r1x50000-1000k), entities/topic=0 (explicit partition) | picker: topics=rr entities: rr over space=50000 starting at 44444
  payload: goload jsonEvent target 256 B, avg 289.5 B raw, ~320 B stamped ({"ts":µs,"src":8,...}), pool 64x100
  consumers: 33 here (ci 264..296 of 297), poll=1000 proc-us=0 ack=async ack-inflight=256 local-src=[6 7 8]
  kafka: brokers=10.114.0.2:9092,10.114.0.3:9092,10.114.0.4:9092 rf=3 min-isr=0 producers=4 linger=5ms compression=lz4 acks=all idempotent batch-max-bytes=1048576 | consumers: protocol=classic fetch-max-wait=500ms fetch-min-bytes=1 fetch-max-partition-bytes=1048576 session=45s
  [topic] READY after 0.1s: 1 topics x 50000 partitions, leaders + full ISR
  [config] broker.default.replication.factor = 3 (STATIC_BROKER_CONFIG)
  [config] topic.compression.type = producer (DEFAULT_CONFIG)
  [config] topic.flush.ms = 100 (DEFAULT_CONFIG)
  [config] topic.max.message.bytes = 16777216 (DEFAULT_CONFIG)
  [config] topic.message.timestamp.type = CreateTime (DEFAULT_CONFIG)
  [config] topic.retention.ms = 600000 (DYNAMIC_TOPIC_CONFIG)
  [config] topic.segment.bytes = 268435456 (DYNAMIC_TOPIC_CONFIG)
  [group] 33 consumers in 1 groups (r1x50000-1000k-g-t0 ... ), protocol classic
  [group] t=+0.4s waiting: r1x50000-1000k-g-t0: local members 33/297 hold 0/50000 partitions (group-wide Dead members=0 assigned=0)
  [group] t=+2.4s waiting: r1x50000-1000k-g-t0: local members 33/297 hold 0/50000 partitions (group-wide PreparingRebalance members=297 assigned=0)
  [group] t=+4.4s waiting: r1x50000-1000k-g-t0: local members 33/297 hold 0/50000 partitions (group-wide PreparingRebalance members=297 assigned=0)
  [group] t=+6.4s waiting: r1x50000-1000k-g-t0: local members 33/297 hold 0/50000 partitions (group-wide PreparingRebalance members=297 assigned=0)
  [group] t=+8.5s waiting: r1x50000-1000k-g-t0: local members 33/297 hold 5558/50000 partitions (group-wide Stable members=297 assigned=50000)
  [group] STABLE after 10.3s: 1 groups, 33 local members holding 5558 partitions, assignEv=33 revokeEv=0 lostEv=0
  [produce] 4 clients connected to every broker with producer IDs in 0.01s; max buffered 501024 records per client
READY 1790855535331
[start] waiting 9.394s for the common start 1790855590177
[start] GO 11:53:10.177 (unix ms 1790855590177)
[11:53:20] offered=    55591/s achieved=    52831/s shed=        0/s inflight=   276 | p50=  34.05 p99=  847.87 p999= 1286.14 ms | push=528300 pop=514176 lag=14124 | errs push=0 pop=0 empty=0 gor=704 | ack=    49860/s ackErr=0 ackAvg=144.39ms | e2e p50=40.70 p99=831.49 p999=1204.22 n=514276 | e2e_local p50=36.10 p99=733.18 n=175800
[11:53:30] offered=   111112/s achieved=   110962/s shed=        0/s inflight=   291 | p50= 160.77 p99= 1466.37 p999= 1941.50 ms | push=1637900 pop=1564900 lag=73000 | errs push=0 pop=0 empty=0 gor=727 | ack=    82432/s ackErr=0 ackAvg=443.30ms | e2e p50=692.22 p99=1957.89 p999=2408.45 n=1050624 | e2e_local p50=675.84 p99=1810.43 n=348800
[11:53:40] offered=   111112/s achieved=   101632/s shed=        0/s inflight=  1239 | p50= 733.18 p99= 2310.14 p999= 2506.75 ms | push=2654200 pop=2164600 lag=489600 | errs push=0 pop=0 empty=0 gor=694 | ack=    55271/s ackErr=0 ackAvg=742.31ms | e2e p50=2703.36 p99=6455.30 p999=7110.66 n=599700 | e2e_local p50=2670.59 p99=6520.83 n=197000
[11:53:50] offered=   110847/s achieved=    78474/s shed=        0/s inflight=  4480 | p50= 395.26 p99=10813.44 p999=11468.80 ms | push=3439600 pop=2798600 lag=641000 | errs push=0 pop=0 empty=0 gor=734 | ack=    63347/s ackErr=0 ackAvg=1006.22ms | e2e p50=6717.44 p99=10944.51 p999=12648.45 n=634000 | e2e_local p50=6979.58 p99=11337.73 n=214300
