WARN max-pending 1000000 per partition producer would preallocate 25428 MB over 1111 partitions (24 B/slot); using 2516 (-pending-budget-mb 64)
pload tag=pB-p10000 loader=3/9 mode=batch rate=111111 msg/s batch=100 batch-max=0 max-inflight=5000 ramp=10s duration=1m10s report=10s drain=0s GOMAXPROCS=16 GOGC=400(default) seed=1790838406677173951
  offered: 111111 msg/s = 1111.1 units/s (avg 100.0 msgs/unit) across 23 pacer workers (48.31 units/s each)
  topics: 1 x 10000 partitions (load..load), entities/topic=0 (explicit partition) | picker: topics=rr entities: rr over space=1111 starting at 0 [producer shard 3/9: partitions p % 9 == 3, entity j -> partition 3 + j*9]
  payload: goload jsonEvent target 256 B, avg 289.5 B raw, ~320 B stamped ({"ts":µs,"src":3,...}), pool 64x100
  consumers: 33 here (ci 99..131 of 297), poll=1000 proc-us=0 ack=async ack-inflight=256 local-src=[3 4 5]
  pulsar: url=pulsar://10.114.0.2:6650,10.114.0.3:6650,10.114.0.4:6650 admin=http://10.114.0.2:8080 ns=bench/ns sub=sub type=failover compression=lz4 batch=5ms/1000 msgs/131072 B key-batching=false max-pending=2516/partition mem-limit=365 MB receiver-queue=1000 ack-group=100ms conns/broker=1
  [admin] 1 topics with 10000 partitions and subscription "sub" exist (checked in 8.8s)
  [consume] 33 consumers (ci 99..131 of 297), failover, partition slices (every partition exactly one consumer): 1122 partition registrations here, 10000 in total across all processes; idle 0 here, 0 in total; subscribed in 0.7s, settling 2s
  [produce] producer shard 3/9: 1111 partitions per topic (p % 9 == 3) x 1 topics, per-partition producers created lazily on first use
READY 1790838547239
[start] waiting 8.957s for the common start 1790838577921
[start] GO 07:09:37.921 (unix ms 1790838577921)
[07:09:47] offered=    55554/s achieved=    55474/s shed=        0/s inflight=     8 | p50=   7.33 p99=   27.26 p999=   40.70 ms | push=554700 pop=558900 lag=-4200 | errs push=0 pop=0 empty=0 gor=10125 | ack=    55894/s ackErr=0 ackAvg=0.01ms | e2e p50=7.39 p99=33.02 p999=66.05 n=559000 | e2e_local p50=7.71 p99=33.02 n=203500
[07:09:57] offered=   111100/s achieved=   111140/s shed=        0/s inflight=     3 | p50=   6.69 p99=   15.30 p999=   19.33 ms | push=1666200 pop=1682300 lag=-16100 | errs push=0 pop=0 empty=0 gor=10125 | ack=   112330/s ackErr=0 ackAvg=0.02ms | e2e p50=6.69 p99=17.02 p999=21.12 n=1123300 | e2e_local p50=7.14 p99=17.28 n=408300
[07:10:07] offered=   111089/s achieved=   111059/s shed=        0/s inflight=     8 | p50=   6.82 p99=   13.12 p999=   19.58 ms | push=2776700 pop=2803094 lag=-26394 | errs push=0 pop=0 empty=0 gor=10125 | ack=   112089/s ackErr=0 ackAvg=0.02ms | e2e p50=6.88 p99=15.42 p999=19.07 n=1120794 | e2e_local p50=7.20 p99=15.30 n=407691
[07:10:17] offered=   111152/s achieved=   111152/s shed=        0/s inflight=     7 | p50=   6.69 p99=   25.98 p999=   40.70 ms | push=3888200 pop=3926502 lag=-38302 | errs push=0 pop=0 empty=0 gor=10125 | ack=   112343/s ackErr=0 ackAvg=0.02ms | e2e p50=6.75 p99=30.85 p999=39.68 n=1123408 | e2e_local p50=7.07 p99=30.85 n=408509
[07:10:27] offered=   111088/s achieved=   111118/s shed=        0/s inflight=     4 | p50=   6.56 p99=   13.25 p999=   18.56 ms | push=4999400 pop=5048200 lag=-48800 | errs push=0 pop=0 empty=0 gor=10125 | ack=   112168/s ackErr=0 ackAvg=0.02ms | e2e p50=6.50 p99=15.42 p999=19.07 n=1121698 | e2e_local p50=6.88 p99=15.94 n=408000
[07:10:37] offered=   111113/s achieved=   111093/s shed=        0/s inflight=     8 | p50=   6.50 p99=   14.27 p999=   19.07 ms | push=6110400 pop=6170200 lag=-59800 | errs push=0 pop=0 empty=0 gor=10125 | ack=   112193/s ackErr=0 ackAvg=0.02ms | e2e p50=6.37 p99=15.68 p999=19.84 n=1122000 | e2e_local p50=6.88 p99=15.94 n=408000
[07:10:47] offered=   111134/s achieved=   111094/s shed=        0/s inflight=     9 | p50=   6.43 p99=   12.74 p999=   18.56 ms | push=7221300 pop=7292101 lag=-70801 | errs push=0 pop=0 empty=0 gor=10102 | ack=   112194/s ackErr=0 ackAvg=0.02ms | e2e p50=6.37 p99=14.91 p999=20.61 n=1121901 | e2e_local p50=6.75 p99=15.30 n=408000
[info] producers created: 1111 per-partition producers (shard), 0 creation errors, avg creation 15.2 ms
[info] steady window 60s (after the ramp, before the producers stopped): offered 111113/s pushed 111109/s popped 112219/s cpu 199.0% = 1.79 cores per 100k msg/s (produce+consume)
[final] offered=72223 achieved=72223 shed=0 (msgs: offered=7222300 achieved=7222300 shed=0) pushErr=0 | pushed=7222300 popped=7292200 lag=-69900 | popErr=0 empty=0 | overall p50=6.62 p99=22.91 p999=31.36 ms | acked=7292200 ackErr=0 ackLag=-69900 ackAvg=0.02ms | e2e p50=6.62 p99=24.19 p999=35.07 ms
load_cpu=121.7%
