kload tag=1x100000-1000k-p0 loader=0/9 mode=batch rate=111111 msg/s batch=100 batch-max=0 max-inflight=5000 ramp=10s duration=1m10s report=10s drain=0s GOMAXPROCS=16 GOGC=400 seed=1790762003060650236
  offered: 111111 msg/s = 1111.1 units/s (avg 100.0 msgs/unit) across 23 pacer workers (48.31 units/s each)
  topics: 1 x 100000 partitions (k1x100000-1000k..k1x100000-1000k), entities/topic=0 (explicit partition) | picker: topics=rr entities: rr over space=100000 starting at 0
  payload: goload jsonEvent target 256 B, avg 289.5 B raw, ~319 B stamped ({"ts":µs,"src":0,...}), pool 64x100
  consumers: 33 here (ci 0..32 of 297), poll=1000 proc-us=0 ack=async ack-inflight=256 local-src=[0 1 2]
  kafka: brokers=10.114.0.2:9092,10.114.0.3:9092,10.114.0.4:9092 rf=3 min-isr=2 producers=4 linger=5ms compression=lz4 acks=all idempotent batch-max-bytes=1048576 | consumers: protocol=consumer fetch-max-wait=500ms fetch-min-bytes=1 fetch-max-partition-bytes=1048576 session=45s
  [topic] READY after 0.2s: 1 topics x 100000 partitions, leaders + full ISR
  [config] broker.compression.type = producer (STATIC_BROKER_CONFIG)
  [config] broker.default.replication.factor = 3 (STATIC_BROKER_CONFIG)
  [config] broker.group.consumer.assignors = uniform,range (DEFAULT_CONFIG)
  [config] broker.group.coordinator.rebalance.protocols = classic,consumer,streams (DEFAULT_CONFIG)
  [config] broker.group.initial.rebalance.delay.ms = 3000 (DEFAULT_CONFIG)
  [config] broker.log.flush.interval.messages = 9223372036854775807 (DEFAULT_CONFIG)
  [config] broker.log.flush.interval.ms = <nil> (DEFAULT_CONFIG)
  [config] broker.max.incremental.fetch.session.cache.slots = 4000 (STATIC_BROKER_CONFIG)
  [config] broker.min.insync.replicas = 2 (DYNAMIC_DEFAULT_BROKER_CONFIG)
  [config] broker.num.io.threads = 16 (STATIC_BROKER_CONFIG)
  [config] broker.num.network.threads = 8 (STATIC_BROKER_CONFIG)
  [config] broker.num.replica.fetchers = 8 (STATIC_BROKER_CONFIG)
  [config] topic.compression.type = producer (STATIC_BROKER_CONFIG)
  [config] topic.flush.messages = 9223372036854775807 (DEFAULT_CONFIG)
  [config] topic.flush.ms = 9223372036854775807 (DEFAULT_CONFIG)
  [config] topic.max.message.bytes = 16777216 (STATIC_BROKER_CONFIG)
  [config] topic.message.timestamp.type = CreateTime (DEFAULT_CONFIG)
  [config] topic.min.insync.replicas = 2 (DYNAMIC_TOPIC_CONFIG)
  [config] topic.retention.ms = 600000 (DYNAMIC_TOPIC_CONFIG)
  [config] topic.segment.bytes = 268435456 (DYNAMIC_TOPIC_CONFIG)
  [config] topic.unclean.leader.election.enable = false (STATIC_BROKER_CONFIG)
  [group] 33 consumers in 1 groups (k1x100000-1000k-g-t0 ... ), protocol consumer
  [group] t=+0.3s waiting: k1x100000-1000k-g-t0: local members 33/297 hold 0/100000 partitions (group-wide ? members=0 assigned=0)
  [group] t=+2.3s waiting: k1x100000-1000k-g-t0: local members 33/297 hold 0/100000 partitions (group-wide Assigning members=297 assigned=100000)
  [group] t=+4.4s waiting: k1x100000-1000k-g-t0: local members 33/297 hold 0/100000 partitions (group-wide Assigning members=297 assigned=100000)
  [group] t=+6.5s waiting: k1x100000-1000k-g-t0: local members 33/297 hold 0/100000 partitions (group-wide Reconciling members=297 assigned=100000)
  [group] t=+8.5s waiting: k1x100000-1000k-g-t0: local members 33/297 hold 0/100000 partitions (group-wide Reconciling members=297 assigned=337)
  [group] t=+10.5s waiting: k1x100000-1000k-g-t0: local members 33/297 hold 0/100000 partitions (group-wide Reconciling members=297 assigned=337)
  [group] t=+12.6s waiting: k1x100000-1000k-g-t0: local members 33/297 hold 11100/100000 partitions (group-wide Stable members=297 assigned=100000)
  [group] t=+14.6s waiting: k1x100000-1000k-g-t0: local members 33/297 hold 11100/100000 partitions (group-wide Stable members=297 assigned=100000)
  [group] STABLE after 15.7s: 1 groups, 33 local members holding 11100 partitions, assignEv=66 revokeEv=0 lostEv=0
  [produce] 4 clients connected to every broker with producer IDs in 0.02s; max buffered 501024 records per client
READY 1790762081913
[start] waiting 9.349s for the common start 1790762098603
[start] GO 09:54:58.603 (unix ms 1790762098603)
[09:55:08] offered=    55522/s achieved=    48132/s shed=        0/s inflight=   739 | p50= 602.11 p99=  970.75 p999= 1073.15 ms | push=481300 pop=443981 lag=37319 | errs push=0 pop=0 empty=0 gor=781 | ack=    28201/s ackErr=0 ackAvg=1431.78ms | e2e p50=872.45 p99=2088.96 p999=2277.38 n=443981 | e2e_local p50=946.18 p99=2088.96 n=160300
[09:55:18] offered=   111099/s achieved=   103319/s shed=        0/s inflight=  1517 | p50= 970.75 p99= 1990.66 p999= 2473.98 ms | push=1514500 pop=1357700 lag=156800 | errs push=0 pop=0 empty=0 gor=747 | ack=    85179/s ackErr=0 ackAvg=2176.49ms | e2e p50=1531.90 p99=3129.34 p999=3489.79 n=913719 | e2e_local p50=1449.98 p99=3031.04 n=266800
[09:55:28] offered=   111124/s achieved=   104934/s shed=        0/s inflight=  2136 | p50=1892.35 p99= 3358.72 p999= 3588.10 ms | push=2563900 pop=2115700 lag=448200 | errs push=0 pop=0 empty=0 gor=706 | ack=    71476/s ackErr=0 ackAvg=2551.45ms | e2e p50=4554.75 p99=10158.08 p999=10682.37 n=758000 | e2e_local p50=5013.50 p99=10158.08 n=319000
[09:55:38] offered=   111146/s achieved=   123455/s shed=        0/s inflight=   905 | p50= 946.18 p99= 4554.75 p999= 5341.18 ms | push=3798500 pop=3711600 lag=86900 | errs push=0 pop=0 empty=0 gor=764 | ack=   166971/s ackErr=0 ackAvg=2022.14ms | e2e p50=2506.75 p99=10158.08 p999=11075.58 n=1595900 | e2e_local p50=2277.38 p99=10420.22 n=679800
[09:55:48] offered=   111100/s achieved=   110360/s shed=        0/s inflight=   980 | p50= 856.06 p99= 1728.51 p999= 2056.19 ms | push=4902000 pop=4818700 lag=83300 | errs push=0 pop=0 empty=0 gor=762 | ack=   107283/s ackErr=0 ackAvg=1969.46ms | e2e p50=1155.07 p99=2342.91 p999=2637.82 n=1107100 | e2e_local p50=1187.84 p99=2244.61 n=534500
[09:55:58] offered=   111116/s achieved=   109727/s shed=        0/s inflight=  1118 | p50= 823.30 p99= 1564.67 p999= 1957.89 ms | push=5999300 pop=5976700 lag=22600 | errs push=0 pop=0 empty=0 gor=780 | ack=   117866/s ackErr=0 ackAvg=1918.66ms | e2e p50=1138.69 p99=2736.13 p999=2998.27 n=1158000 | e2e_local p50=1105.92 p99=2768.90 n=456300
[09:56:08] offered=   111096/s achieved=   111336/s shed=        0/s inflight=  1094 | p50= 921.60 p99= 2146.30 p999= 2506.75 ms | push=7112700 pop=7019900 lag=92800 | errs push=0 pop=0 empty=0 gor=739 | ack=   102056/s ackErr=0 ackAvg=1897.44ms | e2e p50=1220.61 p99=2441.22 p999=2932.74 n=1043200 | e2e_local p50=1253.38 p99=2408.45 n=260900
[info] steady window 60s (after the ramp, before the producers stopped): offered 111113/s pushed 110522/s popped 109597/s cpu 76.7% = 0.69 cores per 100k msg/s (produce+consume)
[final] offered=72221 achieved=72221 shed=0 (msgs: offered=7222100 achieved=7222100 shed=0) pushErr=0 | pushed=7222100 popped=7262700 lag=-40600 | popErr=0 empty=0 | overall p50=921.60 p99=3522.56 p999=4816.90 ms | acked=7262700 ackErr=0 ackLag=-40600 ackAvg=1866.95ms | e2e p50=1400.83 p99=9633.79 p999=10551.30 ms
load_cpu=69.5%
