kload tag=1x100000-1000k-p1 loader=1/9 mode=batch rate=111111 msg/s batch=100 batch-max=0 max-inflight=5000 ramp=10s duration=1m10s report=10s drain=0s GOMAXPROCS=16 GOGC=400 seed=1790762003051042935
  offered: 111111 msg/s = 1111.1 units/s (avg 100.0 msgs/unit) across 23 pacer workers (48.31 units/s each)
  topics: 1 x 100000 partitions (k1x100000-1000k..k1x100000-1000k), entities/topic=0 (explicit partition) | picker: topics=rr entities: rr over space=100000 starting at 11111
  payload: goload jsonEvent target 256 B, avg 289.5 B raw, ~320 B stamped ({"ts":µs,"src":1,...}), pool 64x100
  consumers: 33 here (ci 33..65 of 297), poll=1000 proc-us=0 ack=async ack-inflight=256 local-src=[0 1 2]
  kafka: brokers=10.114.0.2:9092,10.114.0.3:9092,10.114.0.4:9092 rf=3 min-isr=2 producers=4 linger=5ms compression=lz4 acks=all idempotent batch-max-bytes=1048576 | consumers: protocol=consumer fetch-max-wait=500ms fetch-min-bytes=1 fetch-max-partition-bytes=1048576 session=45s
  [topic] READY after 0.2s: 1 topics x 100000 partitions, leaders + full ISR
  [config] broker.compression.type = producer (STATIC_BROKER_CONFIG)
  [config] broker.default.replication.factor = 3 (STATIC_BROKER_CONFIG)
  [config] broker.group.consumer.assignors = uniform,range (DEFAULT_CONFIG)
  [config] broker.group.coordinator.rebalance.protocols = classic,consumer,streams (DEFAULT_CONFIG)
  [config] broker.group.initial.rebalance.delay.ms = 3000 (DEFAULT_CONFIG)
  [config] broker.log.flush.interval.messages = 9223372036854775807 (DEFAULT_CONFIG)
  [config] broker.log.flush.interval.ms = <nil> (DEFAULT_CONFIG)
  [config] broker.max.incremental.fetch.session.cache.slots = 4000 (STATIC_BROKER_CONFIG)
  [config] broker.min.insync.replicas = 2 (DYNAMIC_DEFAULT_BROKER_CONFIG)
  [config] broker.num.io.threads = 16 (STATIC_BROKER_CONFIG)
  [config] broker.num.network.threads = 8 (STATIC_BROKER_CONFIG)
  [config] broker.num.replica.fetchers = 8 (STATIC_BROKER_CONFIG)
  [config] topic.compression.type = producer (STATIC_BROKER_CONFIG)
  [config] topic.flush.messages = 9223372036854775807 (DEFAULT_CONFIG)
  [config] topic.flush.ms = 9223372036854775807 (DEFAULT_CONFIG)
  [config] topic.max.message.bytes = 16777216 (STATIC_BROKER_CONFIG)
  [config] topic.message.timestamp.type = CreateTime (DEFAULT_CONFIG)
  [config] topic.min.insync.replicas = 2 (DYNAMIC_TOPIC_CONFIG)
  [config] topic.retention.ms = 600000 (DYNAMIC_TOPIC_CONFIG)
  [config] topic.segment.bytes = 268435456 (DYNAMIC_TOPIC_CONFIG)
  [config] topic.unclean.leader.election.enable = false (STATIC_BROKER_CONFIG)
  [group] 33 consumers in 1 groups (k1x100000-1000k-g-t0 ... ), protocol consumer
  [group] t=+0.9s waiting: k1x100000-1000k-g-t0: local members 33/297 hold 0/100000 partitions (group-wide ? members=0 assigned=0)
  [group] t=+2.9s waiting: k1x100000-1000k-g-t0: local members 33/297 hold 100000/100000 partitions (group-wide Assigning members=297 assigned=100000)
  [group] t=+5.0s waiting: k1x100000-1000k-g-t0: local members 33/297 hold 100000/100000 partitions (group-wide Assigning members=297 assigned=100000)
  [group] t=+7.0s waiting: k1x100000-1000k-g-t0: local members 33/297 hold 100000/100000 partitions (group-wide Assigning members=297 assigned=100000)
  [group] t=+9.1s waiting: k1x100000-1000k-g-t0: local members 33/297 hold 337/100000 partitions (group-wide Reconciling members=297 assigned=337)
  [group] t=+11.1s waiting: k1x100000-1000k-g-t0: local members 33/297 hold 337/100000 partitions (group-wide Reconciling members=297 assigned=337)
  [group] t=+13.1s waiting: k1x100000-1000k-g-t0: local members 33/297 hold 11121/100000 partitions (group-wide Reconciling members=297 assigned=65715)
  [group] t=+15.2s waiting: k1x100000-1000k-g-t0: local members 33/297 hold 11121/100000 partitions (group-wide Stable members=297 assigned=100000)
  [group] STABLE after 16.5s: 1 groups, 33 local members holding 11121 partitions, assignEv=66 revokeEv=1 lostEv=0
  [produce] 4 clients connected to every broker with producer IDs in 0.01s; max buffered 501024 records per client
READY 1790762082511
[start] waiting 9.354s for the common start 1790762098603
[start] GO 09:54:58.603 (unix ms 1790762098603)
[09:55:08] offered=    55539/s achieved=    48019/s shed=        0/s inflight=   747 | p50= 602.11 p99=  987.14 p999= 1105.92 ms | push=480200 pop=559900 lag=-79700 | errs push=0 pop=0 empty=0 gor=776 | ack=    39409/s ackErr=0 ackAvg=1715.57ms | e2e p50=987.14 p99=1761.28 p999=1875.97 n=559900 | e2e_local p50=970.75 p99=1761.28 n=251800
[09:55:18] offered=   111110/s achieved=   103820/s shed=        0/s inflight=  1481 | p50= 962.56 p99= 2039.81 p999= 2506.75 ms | push=1518400 pop=1379776 lag=138624 | errs push=0 pop=0 empty=0 gor=748 | ack=    75667/s ackErr=0 ackAvg=2234.55ms | e2e p50=1449.98 p99=4358.14 p999=4751.36 n=819876 | e2e_local p50=1499.14 p99=3358.72 n=203400
[09:55:28] offered=   111113/s achieved=   104143/s shed=        0/s inflight=  2178 | p50=1859.58 p99= 3424.26 p999= 3620.86 ms | push=2559800 pop=2150300 lag=409500 | errs push=0 pop=0 empty=0 gor=706 | ack=    73185/s ackErr=0 ackAvg=2573.11ms | e2e p50=4751.36 p99=10551.30 p999=10944.51 n=770524 | e2e_local p50=4620.29 p99=10813.44 n=302300
[09:55:38] offered=   111096/s achieved=   123665/s shed=        0/s inflight=   921 | p50= 929.79 p99= 4489.22 p999= 5341.18 ms | push=3796500 pop=3844800 lag=-48300 | errs push=0 pop=0 empty=0 gor=775 | ack=   172782/s ackErr=0 ackAvg=2213.61ms | e2e p50=2211.84 p99=10289.15 p999=10944.51 n=1694500 | e2e_local p50=2932.74 p99=8585.22 n=573300
[09:55:48] offered=   111107/s achieved=   110207/s shed=        0/s inflight=  1011 | p50= 856.06 p99= 1761.28 p999= 2113.54 ms | push=4898500 pop=4965300 lag=-66800 | errs push=0 pop=0 empty=0 gor=777 | ack=   111017/s ackErr=0 ackAvg=2131.52ms | e2e p50=1269.76 p99=2670.59 p999=2899.97 n=1120500 | e2e_local p50=1318.91 p99=2834.43 n=245000
[09:55:58] offered=   111152/s achieved=   109853/s shed=        0/s inflight=  1141 | p50= 823.30 p99= 1646.59 p999= 2088.96 ms | push=5997100 pop=6107400 lag=-110300 | errs push=0 pop=0 empty=0 gor=789 | ack=   117452/s ackErr=0 ackAvg=2057.15ms | e2e p50=1236.99 p99=2408.45 p999=2506.75 n=1142100 | e2e_local p50=1236.99 p99=2441.22 n=342300
[09:56:08] offered=   111108/s achieved=   110708/s shed=        0/s inflight=  1181 | p50= 913.41 p99= 2179.07 p999= 2605.06 ms | push=7104200 pop=7162100 lag=-57900 | errs push=0 pop=0 empty=0 gor=751 | ack=   101648/s ackErr=0 ackAvg=2049.41ms | e2e p50=1335.30 p99=2539.52 p999=2736.13 n=1054700 | e2e_local p50=1384.45 p99=2637.82 n=359500
[info] steady window 60s (after the ramp, before the producers stopped): offered 111114/s pushed 110399/s popped 110036/s cpu 73.7% = 0.67 cores per 100k msg/s (produce+consume)
[info] 100000 warm-up messages (no "ts") received and not counted as load
[final] offered=72223 achieved=72223 shed=0 (msgs: offered=7222300 achieved=7222300 shed=0) pushErr=0 | pushed=7222300 popped=7304900 lag=-82600 | popErr=0 empty=0 | overall p50=921.60 p99=3588.10 p999=4751.36 ms | acked=7304900 ackErr=0 ackLag=-82600 ackAvg=2019.31ms | e2e p50=1466.37 p99=9502.72 p999=10813.44 ms
load_cpu=68.8%
