kload tag=c3-1x50k-1000k-p2 loader=2/9 mode=batch rate=111111 msg/s batch=100 batch-max=0 max-inflight=5000 ramp=10s duration=1m10s report=10s drain=0s GOMAXPROCS=16 GOGC=400 seed=1790895047410100757
  offered: 111111 msg/s = 1111.1 units/s (avg 100.0 msgs/unit) across 23 pacer workers (48.31 units/s each)
  topics: 1 x 50000 partitions (kc3-1x50k-1000k..kc3-1x50k-1000k), entities/topic=0 (explicit partition) | picker: topics=rr entities: rr over space=50000 starting at 11111
  payload: goload jsonEvent target 256 B, avg 289.6 B raw, ~320 B stamped ({"ts":µs,"src":2,...}), pool 64x100
  consumers: 33 here (ci 66..98 of 297), poll=1000 proc-us=0 ack=async ack-inflight=256 local-src=[0 1 2]
  kafka: brokers=10.114.0.2:9092,10.114.0.3:9092,10.114.0.4:9092 rf=3 min-isr=2 producers=4 linger=5ms compression=lz4 acks=all idempotent batch-max-bytes=1048576 | consumers: protocol=classic fetch-max-wait=500ms fetch-min-bytes=1 fetch-max-partition-bytes=1048576 session=45s
  [topic] READY after 0.1s: 1 topics x 50000 partitions, leaders + full ISR
  [config] broker.compression.type = producer (DEFAULT_CONFIG)
  [config] broker.group.initial.rebalance.delay.ms = 3000 (STATIC_BROKER_CONFIG)
  [config] topic.min.insync.replicas = 1 (DYNAMIC_TOPIC_CONFIG)
  [config] topic.retention.ms = 600000 (DYNAMIC_TOPIC_CONFIG)
  [group] 33 consumers in 1 groups (kc3-1x50k-1000k-g-t0 ... ), protocol classic
  [group] t=+0.1s waiting: kc3-1x50k-1000k-g-t0: local members 33/297 hold 0/50000 partitions (group-wide Dead members=0 assigned=0)
  [group] t=+2.2s waiting: kc3-1x50k-1000k-g-t0: local members 33/297 hold 0/50000 partitions (group-wide PreparingRebalance members=297 assigned=0)
  [group] t=+4.2s waiting: kc3-1x50k-1000k-g-t0: local members 33/297 hold 0/50000 partitions (group-wide PreparingRebalance members=297 assigned=0)
  [group] t=+6.2s waiting: kc3-1x50k-1000k-g-t0: local members 33/297 hold 0/50000 partitions (group-wide PreparingRebalance members=297 assigned=0)
  [group] t=+8.2s waiting: kc3-1x50k-1000k-g-t0: local members 33/297 hold 5556/50000 partitions (group-wide Stable members=297 assigned=50000)
  [group] STABLE after 10.2s: 1 groups, 33 local members holding 5556 partitions, assignEv=33 revokeEv=0 lostEv=0
  [produce] 4 clients connected to every broker with producer IDs in 0.01s; max buffered 501024 records per client
READY 1790894482085
[start] waiting 9.32s for the common start 1790894496528
[start] GO 22:41:36.528 (unix ms 1790894496528)
[22:41:46] offered=    55552/s achieved=    55192/s shed=        0/s inflight=    36 | p50=  15.30 p99=   52.99 p999=  154.62 ms | push=551900 pop=552700 lag=-800 | errs push=0 pop=0 empty=0 gor=744 | ack=    53380/s ackErr=0 ackAvg=45.47ms | e2e p50=16.77 p99=50.94 p999=134.14 n=552700 | e2e_local p50=16.51 p99=49.41 n=184300
[22:41:56] offered=   111137/s achieved=   111177/s shed=        0/s inflight=    32 | p50=  31.36 p99=   80.38 p999=   98.82 ms | push=1664000 pop=1661100 lag=2900 | errs push=0 pop=0 empty=0 gor=746 | ack=   109100/s ackErr=0 ackAvg=211.55ms | e2e p50=56.58 p99=150.53 p999=185.34 n=1108400 | e2e_local p50=56.58 p99=150.53 n=368200
[22:42:06] offered=   111079/s achieved=   111079/s shed=        0/s inflight=    35 | p50=  35.07 p99=   77.31 p999=   93.70 ms | push=2774500 pop=2772800 lag=1700 | errs push=0 pop=0 empty=0 gor=757 | ack=   110252/s ackErr=0 ackAvg=263.45ms | e2e p50=64.77 p99=154.62 p999=187.39 n=1111700 | e2e_local p50=64.77 p99=154.62 n=369800
[22:42:16] offered=   111131/s achieved=   111091/s shed=        0/s inflight=    36 | p50=  38.14 p99=   91.65 p999=  119.30 ms | push=3885400 pop=3879700 lag=5700 | errs push=0 pop=0 empty=0 gor=740 | ack=   109867/s ackErr=0 ackAvg=295.49ms | e2e p50=75.26 p99=185.34 p999=224.26 n=1106900 | e2e_local p50=75.26 p99=185.34 n=368700
[22:42:26] offered=   111104/s achieved=   111164/s shed=        0/s inflight=    29 | p50=  39.68 p99=   91.65 p999=  109.06 ms | push=4997000 pop=4993600 lag=3400 | errs push=0 pop=0 empty=0 gor=737 | ack=   112414/s ackErr=0 ackAvg=317.69ms | e2e p50=78.34 p99=181.25 p999=207.87 n=1113900 | e2e_local p50=78.34 p99=181.25 n=373000
[22:42:36] offered=   111111/s achieved=   111081/s shed=        0/s inflight=    33 | p50=  37.63 p99=   93.70 p999=  116.22 ms | push=6107800 pop=6099400 lag=8400 | errs push=0 pop=0 empty=0 gor=720 | ack=   109091/s ackErr=0 ackAvg=330.36ms | e2e p50=74.24 p99=191.49 p999=264.19 n=1105800 | e2e_local p50=75.26 p99=189.44 n=368500
[22:42:46] offered=   111112/s achieved=   110982/s shed=        0/s inflight=    46 | p50=  38.14 p99=   96.77 p999=  119.30 ms | push=7217700 pop=7216800 lag=900 | errs push=0 pop=0 empty=0 gor=738 | ack=   112902/s ackErr=0 ackAvg=341.72ms | e2e p50=77.31 p99=207.87 p999=261.12 n=1117400 | e2e_local p50=78.34 p99=209.92 n=371500
[info] steady window 60s (after the ramp, before the producers stopped): offered 111112/s pushed 111095/s popped 111067/s cpu 194.9% = 1.75 cores per 100k msg/s (produce+consume)
[info] 5556 warm-up messages (no "ts") received and not counted as load
[final] offered=72223 achieved=72223 shed=0 (msgs: offered=7222300 achieved=7222300 shed=0) pushErr=0 | pushed=7222300 popped=7219100 lag=3200 | popErr=0 empty=0 | overall p50=35.07 p99=89.60 p999=116.22 ms | acked=7213200 ackErr=0 ackLag=9100 ackAvg=342.14ms | e2e p50=68.10 p99=181.25 p999=236.54 ms
load_cpu=145.9%
