qload tag=a-210-completed loader=4/9 mode=batch rate=111111 msg/s batch=100 batch-max=0 max-inflight=5000 ramp=10s duration=5m0s report=10s drain=10s GOMAXPROCS=16 GOGC=400(default) seed=1791628754779628542
  offered: 111111 msg/s = 1111.1 units/s (avg 100.0 msgs/unit) across 23 pacer workers (48.31 units/s each)
  topics: 1 x 500000 partitions (bench..bench), entities/topic=0 (explicit partition) | picker: topics=rr entities: rr over space=500000 starting at 222222
  payload: goload jsonEvent target 256 B, avg 289.5 B raw, ~319 B stamped ({"ts":µs,"src":4,...}), pool 64x100
  consumers: 33 here (ci 132..164 of 297), poll=1000 proc-us=0 ack=async ack-inflight=256 local-src=[3 4 5]
  queen: url=http://10.114.0.19:6632 (of 3) conns=2048 timeout=30s pop-width=10 pop-batch=1000 pop-timeout=2s lease=30s | configure: leaseTime=30 completedRetention=3600 dedup=0 retryLimit=1000000 | plain: consumers pop+ack the queue
  [queen] http://10.114.0.19:6632 healthy: version 2.1.0, this node follower
  [consume] 33 consumers of bench: pop width 10, batch 1000, long poll 2s, lease 30s, async batch acks (ack-inflight 256)
READY 1791628759406
[start] waiting 19.086s for the common start 1791628778493
[start] GO 10:39:38.493 (unix ms 1791628778493)
[10:39:48] offered=    55554/s achieved=    55454/s shed=        0/s inflight=     7 | p50=   6.62 p99=   24.45 p999=   33.54 ms | push=554500 pop=552100 lag=2400 | errs push=0 pop=0 empty=363 gor=212 | ack=    55114/s ackErr=0 ackAvg=9.60ms | e2e p50=19.07 p99=47.36 p999=53.50 n=552100 | e2e_local p50=18.82 p99=46.34 n=190400
[10:39:58] offered=   111120/s achieved=   111150/s shed=        0/s inflight=     6 | p50=   9.41 p99=   41.22 p999=   54.53 ms | push=1666000 pop=1670600 lag=-4600 | errs push=0 pop=0 empty=363 gor=274 | ack=   111810/s ackErr=0 ackAvg=12.31ms | e2e p50=25.98 p99=85.50 p999=101.89 n=1118500 | e2e_local p50=25.73 p99=84.48 n=375300
[10:40:08] offered=   111090/s achieved=   111110/s shed=        0/s inflight=     6 | p50=   9.92 p99=   70.14 p999=   86.53 ms | push=2777100 pop=2779700 lag=-2600 | errs push=0 pop=0 empty=363 gor=347 | ack=   110820/s ackErr=0 ackAvg=13.42ms | e2e p50=27.01 p99=108.03 p999=148.48 n=1109100 | e2e_local p50=26.75 p99=107.01 n=367000
[10:40:18] offered=   111120/s achieved=   111100/s shed=        0/s inflight=     7 | p50=  11.97 p99=   94.72 p999=  129.54 ms | push=3888100 pop=3881300 lag=6800 | errs push=0 pop=0 empty=363 gor=446 | ack=   110210/s ackErr=0 ackAvg=14.63ms | e2e p50=54.02 p99=156.67 p999=214.02 n=1101600 | e2e_local p50=55.04 p99=158.72 n=367000
[10:40:28] offered=   111115/s achieved=   111085/s shed=        0/s inflight=    10 | p50=  11.97 p99=   81.41 p999=  120.32 ms | push=4998900 pop=5017700 lag=-18800 | errs push=0 pop=0 empty=363 gor=458 | ack=   113475/s ackErr=0 ackAvg=15.29ms | e2e p50=45.31 p99=173.06 p999=201.73 n=1136400 | e2e_local p50=44.80 p99=175.10 n=379800
[10:40:38] offered=   111109/s achieved=   111099/s shed=        0/s inflight=    12 | p50=  10.69 p99=   67.07 p999=   87.55 ms | push=6109900 pop=6101900 lag=8000 | errs push=0 pop=0 empty=363 gor=458 | ack=   108379/s ackErr=0 ackAvg=15.45ms | e2e p50=28.80 p99=118.27 p999=144.38 n=1084200 | e2e_local p50=28.54 p99=119.30 n=360500
[10:40:48] offered=   111127/s achieved=   111117/s shed=        0/s inflight=    12 | p50=  10.56 p99=   71.17 p999=   84.48 ms | push=7221100 pop=7229000 lag=-7900 | errs push=0 pop=0 empty=363 gor=453 | ack=   113007/s ackErr=0 ackAvg=15.61ms | e2e p50=29.31 p99=123.39 p999=142.34 n=1127100 | e2e_local p50=29.06 p99=123.39 n=374600
[10:40:58] offered=   111141/s achieved=   111101/s shed=        0/s inflight=    14 | p50=  10.82 p99=   73.22 p999=   95.74 ms | push=8332200 pop=8324600 lag=7600 | errs push=0 pop=0 empty=363 gor=458 | ack=   109251/s ackErr=0 ackAvg=15.71ms | e2e p50=30.59 p99=127.49 p999=138.24 n=1095600 | e2e_local p50=30.34 p99=125.44 n=373700
[10:41:08] offered=   111110/s achieved=   111110/s shed=        0/s inflight=    16 | p50=  11.97 p99=   68.10 p999=   95.74 ms | push=9443200 pop=9393900 lag=49300 | errs push=0 pop=0 empty=363 gor=459 | ack=   107130/s ackErr=0 ackAvg=15.91ms | e2e p50=34.05 p99=126.46 p999=146.43 n=1069300 | e2e_local p50=34.05 p99=129.54 n=351300
[10:41:18] offered=   111093/s achieved=   111113/s shed=        0/s inflight=    15 | p50=  12.10 p99=   71.17 p999=   86.53 ms | push=10554300 pop=10510900 lag=43400 | errs push=0 pop=0 empty=363 gor=456 | ack=   111793/s ackErr=0 ackAvg=16.14ms | e2e p50=34.05 p99=140.29 p999=166.91 n=1117000 | e2e_local p50=34.05 p99=140.29 n=371200
[10:41:28] offered=   111095/s achieved=   111125/s shed=        0/s inflight=    11 | p50=  11.71 p99=   56.58 p999=   68.10 ms | push=11665600 pop=11616000 lag=49600 | errs push=0 pop=0 empty=363 gor=454 | ack=   110405/s ackErr=0 ackAvg=16.25ms | e2e p50=33.02 p99=110.08 p999=140.29 n=1105100 | e2e_local p50=33.02 p99=110.08 n=365600
[10:41:38] offered=   111101/s achieved=   111061/s shed=        0/s inflight=    15 | p50=  12.10 p99=   69.12 p999=   88.58 ms | push=12776200 pop=12702300 lag=73900 | errs push=0 pop=0 empty=363 gor=458 | ack=   108651/s ackErr=0 ackAvg=16.40ms | e2e p50=35.07 p99=127.49 p999=154.62 n=1086300 | e2e_local p50=35.07 p99=128.51 n=357000
[10:41:48] offered=   111118/s achieved=   111188/s shed=        0/s inflight=     7 | p50=  11.71 p99=   74.24 p999=  119.30 ms | push=13888100 pop=13789400 lag=98700 | errs push=0 pop=0 empty=363 gor=452 | ack=   108738/s ackErr=0 ackAvg=16.48ms | e2e p50=33.02 p99=177.15 p999=264.19 n=1087100 | e2e_local p50=33.02 p99=191.49 n=358300
[10:41:58] offered=   111096/s achieved=   111026/s shed=        0/s inflight=     8 | p50=  11.71 p99=   53.50 p999=   70.14 ms | push=14998300 pop=14926400 lag=71900 | errs push=0 pop=0 empty=363 gor=438 | ack=   113426/s ackErr=0 ackAvg=16.55ms | e2e p50=34.05 p99=148.48 p999=179.20 n=1137000 | e2e_local p50=34.05 p99=144.38 n=375100
[10:42:08] offered=   111116/s achieved=   111196/s shed=        0/s inflight=     7 | p50=  11.71 p99=   70.14 p999=   94.72 ms | push=16110300 pop=16033900 lag=76400 | errs push=0 pop=0 empty=363 gor=435 | ack=   110876/s ackErr=0 ackAvg=16.61ms | e2e p50=33.02 p99=142.34 p999=171.01 n=1107500 | e2e_local p50=32.38 p99=138.24 n=366600
[10:42:18] offered=   111112/s achieved=   111082/s shed=        0/s inflight=    10 | p50=  11.97 p99=   52.99 p999=   67.07 ms | push=17221100 pop=17156800 lag=64300 | errs push=0 pop=0 empty=363 gor=434 | ack=   112583/s ackErr=0 ackAvg=16.69ms | e2e p50=34.56 p99=158.72 p999=187.39 n=1122900 | e2e_local p50=35.07 p99=158.72 n=380700
[10:42:28] offered=   111103/s achieved=   111123/s shed=        0/s inflight=     9 | p50=  11.71 p99=   45.31 p999=   54.02 ms | push=18332400 pop=18248800 lag=83600 | errs push=0 pop=0 empty=363 gor=434 | ack=   109123/s ackErr=0 ackAvg=16.71ms | e2e p50=34.05 p99=111.10 p999=132.10 n=1092000 | e2e_local p50=34.05 p99=111.10 n=352900
[10:42:38] offered=   111161/s achieved=   111111/s shed=        0/s inflight=    13 | p50=  11.58 p99=   47.87 p999=   76.29 ms | push=19443500 pop=19343200 lag=100300 | errs push=0 pop=0 empty=363 gor=448 | ack=   108851/s ackErr=0 ackAvg=16.74ms | e2e p50=33.02 p99=127.49 p999=150.53 n=1094400 | e2e_local p50=33.02 p99=130.56 n=360500
[10:42:48] offered=   111106/s achieved=   111096/s shed=        0/s inflight=    14 | p50=  11.84 p99=   53.50 p999=   61.18 ms | push=20554400 pop=20434900 lag=119500 | errs push=0 pop=0 empty=363 gor=439 | ack=   109816/s ackErr=0 ackAvg=16.77ms | e2e p50=34.05 p99=146.43 p999=166.91 n=1091700 | e2e_local p50=34.05 p99=146.43 n=373432
[10:42:58] offered=   111122/s achieved=   111112/s shed=        0/s inflight=    15 | p50=  11.97 p99=   52.48 p999=   67.07 ms | push=21665500 pop=21534600 lag=130900 | errs push=0 pop=0 empty=363 gor=441 | ack=   109932/s ackErr=0 ackAvg=16.82ms | e2e p50=35.07 p99=119.30 p999=152.58 n=1099700 | e2e_local p50=35.07 p99=120.32 n=374768
[10:43:08] offered=   111086/s achieved=   111126/s shed=        0/s inflight=    12 | p50=  12.22 p99=   49.41 p999=   63.74 ms | push=22776800 pop=22627400 lag=149400 | errs push=0 pop=0 empty=363 gor=437 | ack=   109156/s ackErr=0 ackAvg=16.86ms | e2e p50=35.07 p99=132.10 p999=162.82 n=1092800 | e2e_local p50=35.07 p99=132.10 n=363600
[10:43:18] offered=   111104/s achieved=   111064/s shed=        0/s inflight=    15 | p50=  11.97 p99=   49.41 p999=   64.77 ms | push=23887400 pop=23743000 lag=144400 | errs push=0 pop=0 empty=363 gor=370 | ack=   111614/s ackErr=0 ackAvg=16.89ms | e2e p50=34.56 p99=123.39 p999=150.53 n=1115600 | e2e_local p50=34.56 p99=123.39 n=364500
[10:43:28] offered=   111103/s achieved=   111183/s shed=        0/s inflight=     7 | p50=  11.71 p99=   45.31 p999=   59.14 ms | push=24999300 pop=24832900 lag=166400 | errs push=0 pop=0 empty=363 gor=365 | ack=   108963/s ackErr=0 ackAvg=16.90ms | e2e p50=33.54 p99=95.74 p999=110.08 n=1089900 | e2e_local p50=33.54 p99=95.74 n=363000
[10:43:38] offered=   111116/s achieved=   111116/s shed=        0/s inflight=     5 | p50=  11.71 p99=   45.31 p999=   56.06 ms | push=26110400 pop=25949700 lag=160700 | errs push=0 pop=0 empty=363 gor=321 | ack=   111686/s ackErr=0 ackAvg=16.93ms | e2e p50=34.05 p99=116.22 p999=140.29 n=1116800 | e2e_local p50=34.05 p99=117.25 n=371100
[10:43:48] offered=   111090/s achieved=   111080/s shed=        0/s inflight=     7 | p50=  11.71 p99=   43.26 p999=   55.04 ms | push=27221200 pop=27072900 lag=148300 | errs push=0 pop=0 empty=363 gor=322 | ack=   112430/s ackErr=0 ackAvg=16.94ms | e2e p50=34.05 p99=136.19 p999=171.01 n=1123200 | e2e_local p50=33.54 p99=140.29 n=369800
[10:43:58] offered=   111100/s achieved=   111110/s shed=        0/s inflight=     7 | p50=  11.71 p99=   46.34 p999=   63.74 ms | push=28332300 pop=28178700 lag=153600 | errs push=0 pop=0 empty=363 gor=331 | ack=   110360/s ackErr=0 ackAvg=16.95ms | e2e p50=34.56 p99=129.54 p999=146.43 n=1105800 | e2e_local p50=34.56 p99=130.56 n=375800
[10:44:08] offered=   111121/s achieved=   111121/s shed=        0/s inflight=     9 | p50=  11.84 p99=   41.22 p999=   50.94 ms | push=29443500 pop=29253500 lag=190000 | errs push=0 pop=0 empty=363 gor=315 | ack=   107541/s ackErr=0 ackAvg=16.97ms | e2e p50=34.56 p99=89.60 p999=108.03 n=1074800 | e2e_local p50=34.56 p99=89.60 n=356100
[10:44:18] offered=   111120/s achieved=   111110/s shed=        0/s inflight=     7 | p50=  11.58 p99=   43.78 p999=   56.58 ms | push=30554600 pop=30373100 lag=181500 | errs push=0 pop=0 empty=363 gor=312 | ack=   112020/s ackErr=0 ackAvg=16.96ms | e2e p50=33.02 p99=99.84 p999=117.25 n=1119600 | e2e_local p50=33.02 p99=100.86 n=368800
[10:44:28] offered=   111132/s achieved=   111092/s shed=        0/s inflight=    12 | p50=  11.71 p99=   44.29 p999=   54.02 ms | push=31665600 pop=31499200 lag=166400 | errs push=0 pop=0 empty=363 gor=310 | ack=   112642/s ackErr=0 ackAvg=16.98ms | e2e p50=32.64 p99=132.10 p999=150.53 n=1126100 | e2e_local p50=33.02 p99=117.25 n=378100
[10:44:38] offered=   111127/s achieved=   111137/s shed=        0/s inflight=    11 | p50=  12.35 p99=   47.87 p999=   63.23 ms | push=32776900 pop=32580200 lag=196700 | errs push=0 pop=0 empty=363 gor=285 | ack=   108166/s ackErr=0 ackAvg=17.01ms | e2e p50=36.10 p99=124.42 p999=162.82 n=1081000 | e2e_local p50=35.58 p99=123.39 n=363200
[drain] consumers keep going for 9.987s (lag now 195200)
[10:44:48] offered=        0/s achieved=      110/s shed=        0/s inflight=     0 | p50=   9.92 p99=   12.22 p999=   12.22 ms | push=32778000 pop=32586900 lag=191100 | errs push=0 pop=0 empty=528 gor=270 | ack=      730/s ackErr=0 ackAvg=17.01ms | e2e p50=39.17 p99=72.19 p999=72.19 n=6700 | e2e_local p50=38.66 p99=68.10 n=2200
[info] steady window 290s (after the ramp, before the producers stopped): offered 111112/s pushed 111112/s popped 110442/s cpu 198.2% = 1.78 cores per 100k msg/s (produce+consume)
[final] offered=327780 achieved=327780 shed=0 (msgs: offered=32778000 achieved=32778000 shed=0) pushErr=0 | pushed=32778000 popped=32586900 lag=191100 | popErr=0 empty=528 | overall p50=11.46 p99=59.14 p999=92.67 ms | acked=32586900 ackErr=0 ackLag=191100 ackAvg=17.01ms | e2e p50=32.64 p99=134.14 p999=175.10 ms
load_cpu=177.8%
