qload tag=a-210-completed loader=6/9 mode=batch rate=111111 msg/s batch=100 batch-max=0 max-inflight=5000 ramp=10s duration=5m0s report=10s drain=10s GOMAXPROCS=16 GOGC=400(default) seed=1791628754757862862
  offered: 111111 msg/s = 1111.1 units/s (avg 100.0 msgs/unit) across 23 pacer workers (48.31 units/s each)
  topics: 1 x 500000 partitions (bench..bench), entities/topic=0 (explicit partition) | picker: topics=rr entities: rr over space=500000 starting at 333333
  payload: goload jsonEvent target 256 B, avg 289.5 B raw, ~320 B stamped ({"ts":µs,"src":6,...}), pool 64x100
  consumers: 33 here (ci 198..230 of 297), poll=1000 proc-us=0 ack=async ack-inflight=256 local-src=[6 7 8]
  queen: url=http://10.114.0.14:6632 (of 3) conns=2048 timeout=30s pop-width=10 pop-batch=1000 pop-timeout=2s lease=30s | configure: leaseTime=30 completedRetention=3600 dedup=0 retryLimit=1000000 | plain: consumers pop+ack the queue
  [queen] http://10.114.0.14:6632 healthy: version 2.1.0, this node leader
  [consume] 33 consumers of bench: pop width 10, batch 1000, long poll 2s, lease 30s, async batch acks (ack-inflight 256)
READY 1791628759394
[start] waiting 19.098s for the common start 1791628778493
[start] GO 10:39:38.493 (unix ms 1791628778493)
[10:39:48] offered=    55544/s achieved=    55474/s shed=        0/s inflight=     6 | p50=   5.60 p99=   23.17 p999=   31.10 ms | push=554700 pop=558400 lag=-3700 | errs push=0 pop=0 empty=363 gor=211 | ack=    55734/s ackErr=0 ackAvg=8.82ms | e2e p50=17.28 p99=49.41 p999=64.77 n=559300 | e2e_local p50=17.02 p99=48.90 n=187300
[10:39:58] offered=   111101/s achieved=   111121/s shed=        0/s inflight=     5 | p50=   8.03 p99=   38.14 p999=   50.94 ms | push=1665900 pop=1684100 lag=-18200 | errs push=0 pop=0 empty=363 gor=262 | ack=   112601/s ackErr=0 ackAvg=11.50ms | e2e p50=24.96 p99=81.41 p999=99.84 n=1124800 | e2e_local p50=24.70 p99=82.43 n=365600
[10:40:08] offered=   111095/s achieved=   111095/s shed=        0/s inflight=     5 | p50=   8.51 p99=   59.14 p999=   84.48 ms | push=2776900 pop=2813400 lag=-36500 | errs push=0 pop=0 empty=363 gor=343 | ack=   112975/s ackErr=0 ackAvg=12.57ms | e2e p50=26.24 p99=112.13 p999=158.72 n=1129300 | e2e_local p50=26.24 p99=113.15 n=374900
[10:40:18] offered=   111116/s achieved=   111126/s shed=        0/s inflight=     3 | p50=  10.18 p99=   79.36 p999=   94.72 ms | push=3888100 pop=3952700 lag=-64600 | errs push=0 pop=0 empty=363 gor=380 | ack=   113536/s ackErr=0 ackAvg=13.72ms | e2e p50=55.04 p99=150.53 p999=181.25 n=1139300 | e2e_local p50=57.09 p99=152.58 n=372700
[10:40:28] offered=   111127/s achieved=   111057/s shed=        0/s inflight=    13 | p50=  10.18 p99=   73.22 p999=   90.62 ms | push=4998700 pop=5093900 lag=-95200 | errs push=0 pop=0 empty=363 gor=417 | ack=   114307/s ackErr=0 ackAvg=14.37ms | e2e p50=46.34 p99=162.82 p999=191.49 n=1141200 | e2e_local p50=48.38 p99=168.96 n=375900
[10:40:38] offered=   111121/s achieved=   111101/s shed=        0/s inflight=    14 | p50=   9.15 p99=   59.65 p999=   80.38 ms | push=6109700 pop=6193600 lag=-83900 | errs push=0 pop=0 empty=363 gor=409 | ack=   110211/s ackErr=0 ackAvg=14.51ms | e2e p50=27.78 p99=117.25 p999=136.19 n=1099700 | e2e_local p50=27.52 p99=117.25 n=364800
[10:40:48] offered=   111132/s achieved=   111132/s shed=        0/s inflight=    13 | p50=   8.90 p99=   61.70 p999=   71.17 ms | push=7221000 pop=7312700 lag=-91700 | errs push=0 pop=0 empty=363 gor=418 | ack=   111672/s ackErr=0 ackAvg=14.62ms | e2e p50=27.78 p99=121.34 p999=150.53 n=1119100 | e2e_local p50=27.78 p99=121.34 n=372200
[10:40:58] offered=   111100/s achieved=   111110/s shed=        0/s inflight=    12 | p50=   9.15 p99=   64.77 p999=   79.36 ms | push=8332100 pop=8432800 lag=-100700 | errs push=0 pop=0 empty=363 gor=410 | ack=   112070/s ackErr=0 ackAvg=14.72ms | e2e p50=29.57 p99=116.22 p999=136.19 n=1120200 | e2e_local p50=29.82 p99=118.27 n=378500
[10:41:08] offered=   111108/s achieved=   111148/s shed=        0/s inflight=     8 | p50=  10.18 p99=   63.23 p999=   86.53 ms | push=9443600 pop=9575500 lag=-131900 | errs push=0 pop=0 empty=363 gor=405 | ack=   114308/s ackErr=0 ackAvg=14.91ms | e2e p50=33.54 p99=121.34 p999=140.29 n=1142600 | e2e_local p50=33.54 p99=123.39 n=376700
[10:41:18] offered=   111100/s achieved=   111070/s shed=        0/s inflight=    11 | p50=  10.30 p99=   62.72 p999=   73.22 ms | push=10554400 pop=10743500 lag=-189100 | errs push=0 pop=0 empty=363 gor=409 | ack=   116850/s ackErr=0 ackAvg=15.14ms | e2e p50=34.05 p99=138.24 p999=162.82 n=1168000 | e2e_local p50=34.05 p99=136.19 n=390200
[10:41:28] offered=   111100/s achieved=   111130/s shed=        0/s inflight=     9 | p50=   9.92 p99=   51.46 p999=   61.18 ms | push=11665600 pop=11835400 lag=-169800 | errs push=0 pop=0 empty=363 gor=405 | ack=   109080/s ackErr=0 ackAvg=15.26ms | e2e p50=33.02 p99=120.32 p999=164.86 n=1091900 | e2e_local p50=33.02 p99=124.42 n=355100
[10:41:38] offered=   111127/s achieved=   111067/s shed=        0/s inflight=    13 | p50=  10.18 p99=   60.67 p999=   75.26 ms | push=12776300 pop=12954900 lag=-178600 | errs push=0 pop=0 empty=363 gor=413 | ack=   112067/s ackErr=0 ackAvg=15.38ms | e2e p50=34.56 p99=123.39 p999=146.43 n=1119500 | e2e_local p50=34.56 p99=123.39 n=370100
[10:41:48] offered=   111098/s achieved=   111168/s shed=        0/s inflight=     7 | p50=   9.92 p99=   63.23 p999=  108.03 ms | push=13888100 pop=14075800 lag=-187700 | errs push=0 pop=0 empty=363 gor=409 | ack=   111708/s ackErr=0 ackAvg=15.47ms | e2e p50=32.13 p99=177.15 p999=226.30 n=1120900 | e2e_local p50=32.38 p99=162.82 n=379800
[10:41:58] offered=   111106/s achieved=   111096/s shed=        0/s inflight=     6 | p50=   9.92 p99=   48.90 p999=   65.28 ms | push=14998900 pop=15214200 lag=-215300 | errs push=0 pop=0 empty=363 gor=402 | ack=   113967/s ackErr=0 ackAvg=15.55ms | e2e p50=32.13 p99=142.34 p999=173.06 n=1138400 | e2e_local p50=32.13 p99=142.34 n=376500
[10:42:08] offered=   111096/s achieved=   111106/s shed=        0/s inflight=     7 | p50=   9.79 p99=   62.21 p999=   87.55 ms | push=16110000 pop=16329300 lag=-219300 | errs push=0 pop=0 empty=363 gor=401 | ack=   111576/s ackErr=0 ackAvg=15.61ms | e2e p50=32.64 p99=142.34 p999=166.91 n=1115100 | e2e_local p50=32.64 p99=142.34 n=371600
[10:42:18] offered=   111132/s achieved=   111082/s shed=        0/s inflight=    12 | p50=  10.18 p99=   51.46 p999=   65.28 ms | push=17220800 pop=17468500 lag=-247700 | errs push=0 pop=0 empty=363 gor=406 | ack=   113872/s ackErr=0 ackAvg=15.68ms | e2e p50=33.02 p99=138.24 p999=181.25 n=1139200 | e2e_local p50=33.02 p99=140.29 n=372500
[10:42:28] offered=   111128/s achieved=   111138/s shed=        0/s inflight=    11 | p50=   9.92 p99=   41.22 p999=   50.43 ms | push=18332200 pop=18586200 lag=-254000 | errs push=0 pop=0 empty=363 gor=406 | ack=   111858/s ackErr=0 ackAvg=15.70ms | e2e p50=33.02 p99=101.89 p999=132.10 n=1117700 | e2e_local p50=33.02 p99=102.91 n=363900
[10:42:38] offered=   111102/s achieved=   111112/s shed=        0/s inflight=    12 | p50=   9.79 p99=   41.73 p999=   73.22 ms | push=19443300 pop=19720300 lag=-277000 | errs push=0 pop=0 empty=363 gor=412 | ack=   113142/s ackErr=0 ackAvg=15.72ms | e2e p50=32.13 p99=123.39 p999=144.38 n=1134100 | e2e_local p50=31.87 p99=121.34 n=375900
[10:42:48] offered=   111127/s achieved=   111107/s shed=        0/s inflight=    12 | p50=  10.18 p99=   48.90 p999=   55.04 ms | push=20554500 pop=20877500 lag=-323000 | errs push=0 pop=0 empty=363 gor=408 | ack=   116007/s ackErr=0 ackAvg=15.77ms | e2e p50=33.54 p99=140.29 p999=166.91 n=1157200 | e2e_local p50=33.54 p99=140.29 n=385400
[10:42:58] offered=   111104/s achieved=   111084/s shed=        0/s inflight=    14 | p50=  10.18 p99=   48.38 p999=   63.23 ms | push=21665200 pop=21979100 lag=-313900 | errs push=0 pop=0 empty=363 gor=409 | ack=   110124/s ackErr=0 ackAvg=15.81ms | e2e p50=33.02 p99=119.30 p999=144.38 n=1101600 | e2e_local p50=33.02 p99=115.20 n=370700
[10:43:08] offered=   111111/s achieved=   111171/s shed=        0/s inflight=     7 | p50=  10.43 p99=   44.29 p999=   58.62 ms | push=22776900 pop=23080900 lag=-304000 | errs push=0 pop=0 empty=363 gor=398 | ack=   110301/s ackErr=0 ackAvg=15.86ms | e2e p50=34.05 p99=121.34 p999=148.48 n=1101800 | e2e_local p50=34.05 p99=121.34 n=366600
[10:43:18] offered=   111098/s achieved=   111088/s shed=        0/s inflight=     9 | p50=  10.18 p99=   45.82 p999=   60.67 ms | push=23887800 pop=24208500 lag=-320700 | errs push=0 pop=0 empty=363 gor=357 | ack=   112748/s ackErr=0 ackAvg=15.89ms | e2e p50=34.05 p99=125.44 p999=152.58 n=1127600 | e2e_local p50=33.54 p99=124.42 n=372400
[10:43:28] offered=   111106/s achieved=   111126/s shed=        0/s inflight=     7 | p50=  10.05 p99=   41.22 p999=   55.04 ms | push=24999100 pop=25345300 lag=-346200 | errs push=0 pop=0 empty=363 gor=357 | ack=   113736/s ackErr=0 ackAvg=15.90ms | e2e p50=32.38 p99=89.60 p999=103.94 n=1136800 | e2e_local p50=32.38 p99=89.60 n=377700
[10:43:38] offered=   111108/s achieved=   111108/s shed=        0/s inflight=     7 | p50=   9.92 p99=   41.22 p999=   52.99 ms | push=26110200 pop=26475000 lag=-364800 | errs push=0 pop=0 empty=363 gor=319 | ack=   112958/s ackErr=0 ackAvg=15.92ms | e2e p50=32.64 p99=114.18 p999=146.43 n=1129700 | e2e_local p50=32.64 p99=119.30 n=375300
[10:43:48] offered=   111097/s achieved=   111097/s shed=        0/s inflight=     8 | p50=   9.92 p99=   39.17 p999=   48.38 ms | push=27221100 pop=27589600 lag=-368500 | errs push=0 pop=0 empty=363 gor=323 | ack=   111487/s ackErr=0 ackAvg=15.92ms | e2e p50=32.64 p99=126.46 p999=146.43 n=1114600 | e2e_local p50=32.38 p99=129.54 n=368100
[10:43:58] offered=   111110/s achieved=   111130/s shed=        0/s inflight=     4 | p50=  10.05 p99=   42.24 p999=   56.06 ms | push=28332400 pop=28703800 lag=-371400 | errs push=0 pop=0 empty=363 gor=319 | ack=   111250/s ackErr=0 ackAvg=15.93ms | e2e p50=33.02 p99=140.29 p999=168.96 n=1114200 | e2e_local p50=33.02 p99=146.43 n=369400
[10:44:08] offered=   111138/s achieved=   111098/s shed=        0/s inflight=     9 | p50=  10.18 p99=   38.14 p999=   46.85 ms | push=29443400 pop=29867000 lag=-423600 | errs push=0 pop=0 empty=363 gor=307 | ack=   116318/s ackErr=0 ackAvg=15.95ms | e2e p50=33.54 p99=89.60 p999=109.06 n=1163200 | e2e_local p50=33.54 p99=89.60 n=391300
[10:44:18] offered=   111122/s achieved=   111122/s shed=        0/s inflight=     9 | p50=   9.92 p99=   39.68 p999=   47.36 ms | push=30554600 pop=30991600 lag=-437000 | errs push=0 pop=0 empty=363 gor=308 | ack=   112482/s ackErr=0 ackAvg=15.95ms | e2e p50=32.38 p99=85.50 p999=97.79 n=1124600 | e2e_local p50=32.64 p99=84.48 n=378400
[10:44:28] offered=   111093/s achieved=   111083/s shed=        0/s inflight=    13 | p50=   9.92 p99=   41.73 p999=   50.94 ms | push=31665500 pop=32134000 lag=-468500 | errs push=0 pop=0 empty=363 gor=305 | ack=   114213/s ackErr=0 ackAvg=15.96ms | e2e p50=31.36 p99=105.98 p999=160.77 n=1142400 | e2e_local p50=31.36 p99=101.89 n=383400
[10:44:38] offered=   111134/s achieved=   111124/s shed=        0/s inflight=    11 | p50=  10.56 p99=   44.29 p999=   61.18 ms | push=32776700 pop=33276100 lag=-499400 | errs push=0 pop=0 empty=363 gor=277 | ack=   114454/s ackErr=0 ackAvg=15.99ms | e2e p50=35.07 p99=140.29 p999=162.82 n=1142100 | e2e_local p50=34.56 p99=140.29 n=376500
[drain] consumers keep going for 9.989s (lag now -498700)
[10:44:48] offered=        0/s achieved=      110/s shed=        0/s inflight=     0 | p50=   9.79 p99=   12.35 p999=   12.35 ms | push=32777800 pop=33281600 lag=-503800 | errs push=0 pop=0 empty=528 gor=266 | ack=      550/s ackErr=0 ackAvg=15.99ms | e2e p50=52.99 p99=70.14 p999=70.14 n=5500 | e2e_local p50=52.99 p99=70.14 n=2000
[info] steady window 290s (after the ramp, before the producers stopped): offered 111112/s pushed 111110/s popped 112820/s cpu 190.7% = 1.72 cores per 100k msg/s (produce+consume)
[final] offered=327778 achieved=327778 shed=0 (msgs: offered=32777800 achieved=32777800 shed=0) pushErr=0 | pushed=32777800 popped=33281600 lag=-503800 | popErr=0 empty=528 | overall p50=9.79 p99=53.50 p999=79.36 ms | acked=33281600 ackErr=0 ackLag=-503800 ackAvg=15.99ms | e2e p50=31.87 p99=132.10 p999=171.01 ms
load_cpu=171.0%
