qload tag=a-210-completed loader=7/9 mode=batch rate=111111 msg/s batch=100 batch-max=0 max-inflight=5000 ramp=10s duration=5m0s report=10s drain=10s GOMAXPROCS=16 GOGC=400(default) seed=1791628754801995411
  offered: 111111 msg/s = 1111.1 units/s (avg 100.0 msgs/unit) across 23 pacer workers (48.31 units/s each)
  topics: 1 x 500000 partitions (bench..bench), entities/topic=0 (explicit partition) | picker: topics=rr entities: rr over space=500000 starting at 388888
  payload: goload jsonEvent target 256 B, avg 289.6 B raw, ~320 B stamped ({"ts":µs,"src":7,...}), pool 64x100
  consumers: 33 here (ci 231..263 of 297), poll=1000 proc-us=0 ack=async ack-inflight=256 local-src=[6 7 8]
  queen: url=http://10.114.0.19:6632 (of 3) conns=2048 timeout=30s pop-width=10 pop-batch=1000 pop-timeout=2s lease=30s | configure: leaseTime=30 completedRetention=3600 dedup=0 retryLimit=1000000 | plain: consumers pop+ack the queue
  [queen] http://10.114.0.19:6632 healthy: version 2.1.0, this node follower
  [consume] 33 consumers of bench: pop width 10, batch 1000, long poll 2s, lease 30s, async batch acks (ack-inflight 256)
READY 1791628759397
[start] waiting 19.096s for the common start 1791628778493
[start] GO 10:39:38.493 (unix ms 1791628778493)
[10:39:48] offered=    55540/s achieved=    55440/s shed=        0/s inflight=    10 | p50=   7.20 p99=   25.73 p999=   35.07 ms | push=554400 pop=552400 lag=2000 | errs push=0 pop=0 empty=363 gor=232 | ack=    55030/s ackErr=0 ackAvg=10.06ms | e2e p50=18.56 p99=49.41 p999=62.72 n=552400 | e2e_local p50=18.56 p99=49.41 n=181600
[10:39:58] offered=   111101/s achieved=   111141/s shed=        0/s inflight=     6 | p50=   9.79 p99=   42.24 p999=   55.04 ms | push=1665800 pop=1632800 lag=33000 | errs push=0 pop=0 empty=363 gor=276 | ack=   108171/s ackErr=0 ackAvg=12.83ms | e2e p50=25.73 p99=82.43 p999=97.79 n=1080400 | e2e_local p50=25.47 p99=83.46 n=352300
[10:40:08] offered=   111102/s achieved=   111102/s shed=        0/s inflight=     7 | p50=  10.43 p99=   70.14 p999=   86.53 ms | push=2776900 pop=2729900 lag=47000 | errs push=0 pop=0 empty=363 gor=348 | ack=   109602/s ackErr=0 ackAvg=13.86ms | e2e p50=27.01 p99=115.20 p999=154.62 n=1097100 | e2e_local p50=27.01 p99=114.18 n=367300
[10:40:18] offered=   111156/s achieved=   111026/s shed=        0/s inflight=    19 | p50=  12.35 p99=   93.70 p999=  130.56 ms | push=3887100 pop=3819500 lag=67600 | errs push=0 pop=0 empty=363 gor=467 | ack=   108856/s ackErr=0 ackAvg=15.01ms | e2e p50=56.06 p99=173.06 p999=218.11 n=1089600 | e2e_local p50=55.04 p99=175.10 n=361800
[10:40:28] offered=   111100/s achieved=   111160/s shed=        0/s inflight=    14 | p50=  12.35 p99=   83.46 p999=  123.39 ms | push=4998800 pop=4909900 lag=88900 | errs push=0 pop=0 empty=363 gor=465 | ack=   108961/s ackErr=0 ackAvg=15.69ms | e2e p50=47.36 p99=177.15 p999=201.73 n=1090400 | e2e_local p50=47.36 p99=177.15 n=363200
[10:40:38] offered=   111109/s achieved=   111099/s shed=        0/s inflight=    14 | p50=  11.20 p99=   68.10 p999=   87.55 ms | push=6109700 pop=6030000 lag=79700 | errs push=0 pop=0 empty=363 gor=458 | ack=   112359/s ackErr=0 ackAvg=15.88ms | e2e p50=28.29 p99=102.91 p999=138.24 n=1120100 | e2e_local p50=28.54 p99=103.94 n=372800
[10:40:48] offered=   111114/s achieved=   111134/s shed=        0/s inflight=    12 | p50=  10.94 p99=   72.19 p999=   85.50 ms | push=7221000 pop=7119100 lag=101900 | errs push=0 pop=0 empty=363 gor=455 | ack=   108934/s ackErr=0 ackAvg=16.01ms | e2e p50=28.80 p99=123.39 p999=140.29 n=1089100 | e2e_local p50=28.54 p99=124.42 n=370000
[10:40:58] offered=   111119/s achieved=   111109/s shed=        0/s inflight=    13 | p50=  11.33 p99=   74.24 p999=   97.79 ms | push=8332100 pop=8244400 lag=87700 | errs push=0 pop=0 empty=363 gor=459 | ack=   112389/s ackErr=0 ackAvg=16.13ms | e2e p50=30.08 p99=128.51 p999=144.38 n=1125300 | e2e_local p50=30.08 p99=127.49 n=370000
[10:41:08] offered=   111091/s achieved=   111091/s shed=        0/s inflight=    13 | p50=  12.35 p99=   70.14 p999=   96.77 ms | push=9443000 pop=9347600 lag=95400 | errs push=0 pop=0 empty=363 gor=465 | ack=   109811/s ackErr=0 ackAvg=16.33ms | e2e p50=34.05 p99=119.30 p999=136.19 n=1103200 | e2e_local p50=34.05 p99=119.30 n=364200
[10:41:18] offered=   111110/s achieved=   111130/s shed=        0/s inflight=    11 | p50=  12.48 p99=   71.17 p999=   86.53 ms | push=10554300 pop=10435700 lag=118600 | errs push=0 pop=0 empty=363 gor=456 | ack=   109400/s ackErr=0 ackAvg=16.55ms | e2e p50=34.56 p99=140.29 p999=156.67 n=1088100 | e2e_local p50=35.07 p99=140.29 n=357500
[10:41:28] offered=   111112/s achieved=   111122/s shed=        0/s inflight=    10 | p50=  12.10 p99=   57.09 p999=   69.12 ms | push=11665600 pop=11519200 lag=146400 | errs push=0 pop=0 empty=363 gor=459 | ack=   108062/s ackErr=0 ackAvg=16.64ms | e2e p50=33.54 p99=121.34 p999=158.72 n=1083500 | e2e_local p50=33.02 p99=121.34 n=365200
[10:41:38] offered=   111114/s achieved=   111064/s shed=        0/s inflight=    15 | p50=  12.48 p99=   69.12 p999=   86.53 ms | push=12776200 pop=12622400 lag=153800 | errs push=0 pop=0 empty=363 gor=461 | ack=   110494/s ackErr=0 ackAvg=16.79ms | e2e p50=34.56 p99=119.30 p999=136.19 n=1103200 | e2e_local p50=35.07 p99=118.27 n=368400
[10:41:48] offered=   111095/s achieved=   111165/s shed=        0/s inflight=     7 | p50=  12.10 p99=   75.26 p999=  118.27 ms | push=13887800 pop=13683600 lag=204200 | errs push=0 pop=0 empty=363 gor=442 | ack=   105994/s ackErr=0 ackAvg=16.88ms | e2e p50=33.02 p99=148.48 p999=272.38 n=1061200 | e2e_local p50=33.02 p99=150.53 n=345400
[10:41:58] offered=   111116/s achieved=   111096/s shed=        0/s inflight=    10 | p50=  12.10 p99=   54.02 p999=   71.17 ms | push=14998800 pop=14761300 lag=237500 | errs push=0 pop=0 empty=363 gor=434 | ack=   107716/s ackErr=0 ackAvg=16.94ms | e2e p50=33.02 p99=144.38 p999=185.34 n=1077700 | e2e_local p50=33.02 p99=144.38 n=354600
[10:42:08] offered=   111131/s achieved=   111121/s shed=        0/s inflight=    11 | p50=  12.10 p99=   70.14 p999=   95.74 ms | push=16110200 pop=15862700 lag=247500 | errs push=0 pop=0 empty=363 gor=434 | ack=   110061/s ackErr=0 ackAvg=17.01ms | e2e p50=33.54 p99=134.14 p999=158.72 n=1101400 | e2e_local p50=33.02 p99=138.24 n=369600
[10:42:18] offered=   111104/s achieved=   111074/s shed=        0/s inflight=    14 | p50=  12.48 p99=   53.50 p999=   68.10 ms | push=17220700 pop=16988500 lag=232200 | errs push=0 pop=0 empty=363 gor=430 | ack=   113014/s ackErr=0 ackAvg=17.09ms | e2e p50=34.56 p99=138.24 p999=175.10 n=1125800 | e2e_local p50=35.07 p99=140.29 n=376500
[10:42:28] offered=   111114/s achieved=   111144/s shed=        0/s inflight=    12 | p50=  12.10 p99=   45.82 p999=   54.02 ms | push=18332200 pop=18102700 lag=229500 | errs push=0 pop=0 empty=363 gor=434 | ack=   111204/s ackErr=0 ackAvg=17.12ms | e2e p50=33.54 p99=100.86 p999=126.46 n=1114200 | e2e_local p50=33.54 p99=99.84 n=373200
[10:42:38] offered=   111109/s achieved=   111099/s shed=        0/s inflight=    12 | p50=  11.84 p99=   49.92 p999=   76.29 ms | push=19443200 pop=19218100 lag=225100 | errs push=0 pop=0 empty=363 gor=436 | ack=   111519/s ackErr=0 ackAvg=17.15ms | e2e p50=32.13 p99=124.42 p999=144.38 n=1115400 | e2e_local p50=32.13 p99=127.49 n=371300
[10:42:48] offered=   111124/s achieved=   111134/s shed=        0/s inflight=    11 | p50=  12.22 p99=   54.02 p999=   61.18 ms | push=20554500 pop=20307200 lag=247300 | errs push=0 pop=0 empty=363 gor=433 | ack=   108864/s ackErr=0 ackAvg=17.18ms | e2e p50=33.54 p99=148.48 p999=168.96 n=1089100 | e2e_local p50=33.54 p99=148.48 n=358200
[10:42:58] offered=   111113/s achieved=   111083/s shed=        0/s inflight=    14 | p50=  12.35 p99=   52.99 p999=   68.10 ms | push=21665400 pop=21430700 lag=234700 | errs push=0 pop=0 empty=363 gor=432 | ack=   112583/s ackErr=0 ackAvg=17.23ms | e2e p50=34.05 p99=121.34 p999=166.91 n=1123500 | e2e_local p50=34.05 p99=124.42 n=375700
[10:43:08] offered=   111103/s achieved=   111143/s shed=        0/s inflight=    11 | p50=  12.61 p99=   49.92 p999=   63.74 ms | push=22776800 pop=22562200 lag=214600 | errs push=0 pop=0 empty=363 gor=432 | ack=   112953/s ackErr=0 ackAvg=17.27ms | e2e p50=35.07 p99=123.39 p999=140.29 n=1131500 | e2e_local p50=34.56 p99=123.39 n=371900
[10:43:18] offered=   111103/s achieved=   111073/s shed=        0/s inflight=    11 | p50=  12.48 p99=   49.41 p999=   64.26 ms | push=23887500 pop=23649900 lag=237600 | errs push=0 pop=0 empty=363 gor=379 | ack=   108943/s ackErr=0 ackAvg=17.30ms | e2e p50=35.07 p99=127.49 p999=148.48 n=1087700 | e2e_local p50=35.07 p99=128.51 n=357900
[10:43:28] offered=   111105/s achieved=   111145/s shed=        0/s inflight=     9 | p50=  12.22 p99=   45.31 p999=   58.11 ms | push=24999000 pop=24709500 lag=289500 | errs push=0 pop=0 empty=363 gor=380 | ack=   105955/s ackErr=0 ackAvg=17.31ms | e2e p50=33.54 p99=89.60 p999=110.08 n=1059600 | e2e_local p50=33.54 p99=89.60 n=354500
[10:43:38] offered=   111099/s achieved=   111119/s shed=        0/s inflight=     8 | p50=  12.22 p99=   45.31 p999=   56.58 ms | push=26110100 pop=25816000 lag=294100 | errs push=0 pop=0 empty=363 gor=326 | ack=   110629/s ackErr=0 ackAvg=17.32ms | e2e p50=34.56 p99=127.49 p999=140.29 n=1106500 | e2e_local p50=34.05 p99=118.27 n=372800
[10:43:48] offered=   111110/s achieved=   111080/s shed=        0/s inflight=    10 | p50=  12.22 p99=   44.29 p999=   58.11 ms | push=27220900 pop=26891800 lag=329100 | errs push=0 pop=0 empty=363 gor=329 | ack=   107610/s ackErr=0 ackAvg=17.34ms | e2e p50=32.64 p99=136.19 p999=177.15 n=1075800 | e2e_local p50=32.64 p99=132.10 n=355600
[10:43:58] offered=   111129/s achieved=   111119/s shed=        0/s inflight=    13 | p50=  12.22 p99=   46.85 p999=   66.05 ms | push=28332100 pop=27979100 lag=353000 | errs push=0 pop=0 empty=363 gor=333 | ack=   108709/s ackErr=0 ackAvg=17.35ms | e2e p50=33.02 p99=134.14 p999=148.48 n=1087300 | e2e_local p50=33.02 p99=134.14 n=364000
[10:44:08] offered=   111110/s achieved=   111120/s shed=        0/s inflight=    10 | p50=  12.22 p99=   41.22 p999=   51.97 ms | push=29443300 pop=29071400 lag=371900 | errs push=0 pop=0 empty=363 gor=312 | ack=   109230/s ackErr=0 ackAvg=17.36ms | e2e p50=34.05 p99=90.62 p999=101.89 n=1092300 | e2e_local p50=34.05 p99=91.65 n=361000
[10:44:18] offered=   111119/s achieved=   111109/s shed=        0/s inflight=    11 | p50=  12.10 p99=   44.29 p999=   56.06 ms | push=30554400 pop=30145200 lag=409200 | errs push=0 pop=0 empty=363 gor=315 | ack=   107289/s ackErr=0 ackAvg=17.36ms | e2e p50=33.02 p99=94.72 p999=111.10 n=1073800 | e2e_local p50=33.02 p99=93.70 n=355000
[10:44:28] offered=   111111/s achieved=   111101/s shed=        0/s inflight=    12 | p50=  12.10 p99=   44.80 p999=   57.09 ms | push=31665400 pop=31247000 lag=418400 | errs push=0 pop=0 empty=363 gor=315 | ack=   110251/s ackErr=0 ackAvg=17.37ms | e2e p50=32.38 p99=122.37 p999=160.77 n=1101800 | e2e_local p50=32.64 p99=123.39 n=364400
[10:44:38] offered=   111115/s achieved=   111155/s shed=        0/s inflight=     8 | p50=  12.74 p99=   48.38 p999=   65.28 ms | push=32777000 pop=32327700 lag=449300 | errs push=0 pop=0 empty=363 gor=288 | ack=   108116/s ackErr=0 ackAvg=17.40ms | e2e p50=35.58 p99=134.14 p999=166.91 n=1080700 | e2e_local p50=35.58 p99=136.19 n=360800
[drain] consumers keep going for 9.983s (lag now 446900)
[10:44:48] offered=        0/s achieved=       80/s shed=        0/s inflight=     0 | p50=  10.69 p99=   13.38 p999=   13.38 ms | push=32777800 pop=32334900 lag=442900 | errs push=0 pop=0 empty=528 gor=278 | ack=      780/s ackErr=0 ackAvg=17.40ms | e2e p50=47.87 p99=74.24 p999=74.24 n=7200 | e2e_local p50=47.87 p99=72.19 n=2900
[info] steady window 290s (after the ramp, before the producers stopped): offered 111112/s pushed 111112/s popped 109570/s cpu 187.3% = 1.69 cores per 100k msg/s (produce+consume)
[final] offered=327778 achieved=327778 shed=0 (msgs: offered=32777800 achieved=32777800 shed=0) pushErr=0 | pushed=32777800 popped=32334900 lag=442900 | popErr=0 empty=528 | overall p50=11.97 p99=59.65 p999=92.67 ms | acked=32334900 ackErr=0 ackLag=442900 ackAvg=17.40ms | e2e p50=32.38 p99=132.10 p999=175.10 ms
load_cpu=168.1%
