qload tag=a-210-completed loader=8/9 mode=batch rate=111111 msg/s batch=100 batch-max=0 max-inflight=5000 ramp=10s duration=5m0s report=10s drain=10s GOMAXPROCS=16 GOGC=400(default) seed=1791628754800698907
  offered: 111111 msg/s = 1111.1 units/s (avg 100.0 msgs/unit) across 23 pacer workers (48.31 units/s each)
  topics: 1 x 500000 partitions (bench..bench), entities/topic=0 (explicit partition) | picker: topics=rr entities: rr over space=500000 starting at 444444
  payload: goload jsonEvent target 256 B, avg 289.5 B raw, ~320 B stamped ({"ts":µs,"src":8,...}), pool 64x100
  consumers: 33 here (ci 264..296 of 297), poll=1000 proc-us=0 ack=async ack-inflight=256 local-src=[6 7 8]
  queen: url=http://10.114.0.18:6632 (of 3) conns=2048 timeout=30s pop-width=10 pop-batch=1000 pop-timeout=2s lease=30s | configure: leaseTime=30 completedRetention=3600 dedup=0 retryLimit=1000000 | plain: consumers pop+ack the queue
  [queen] http://10.114.0.18:6632 healthy: version 2.1.0, this node follower
  [consume] 33 consumers of bench: pop width 10, batch 1000, long poll 2s, lease 30s, async batch acks (ack-inflight 256)
READY 1791628759397
[start] waiting 19.096s for the common start 1791628778493
[start] GO 10:39:38.493 (unix ms 1791628778493)
[10:39:48] offered=    55540/s achieved=    55440/s shed=        0/s inflight=    13 | p50=   6.11 p99=   24.45 p999=   34.05 ms | push=554400 pop=550600 lag=3800 | errs push=0 pop=0 empty=363 gor=218 | ack=    54960/s ackErr=0 ackAvg=9.02ms | e2e p50=18.05 p99=47.36 p999=61.18 n=550600 | e2e_local p50=18.05 p99=47.87 n=178700
[10:39:58] offered=   111154/s achieved=   111134/s shed=        0/s inflight=    12 | p50=   8.77 p99=   41.22 p999=   52.48 ms | push=1665700 pop=1641000 lag=24700 | errs push=0 pop=0 empty=363 gor=284 | ack=   108774/s ackErr=0 ackAvg=11.71ms | e2e p50=24.96 p99=73.22 p999=88.58 n=1090400 | e2e_local p50=24.70 p99=72.19 n=363400
[10:40:08] offered=   111088/s achieved=   111088/s shed=        0/s inflight=    12 | p50=   9.41 p99=   70.14 p999=  103.94 ms | push=2776600 pop=2757200 lag=19400 | errs push=0 pop=0 empty=363 gor=391 | ack=   111918/s ackErr=0 ackAvg=12.83ms | e2e p50=26.24 p99=119.30 p999=156.67 n=1116200 | e2e_local p50=26.24 p99=120.32 n=367500
[10:40:18] offered=   111105/s achieved=   111125/s shed=        0/s inflight=    10 | p50=  11.20 p99=   90.62 p999=  138.24 ms | push=3887800 pop=3871100 lag=16700 | errs push=0 pop=0 empty=363 gor=483 | ack=   110925/s ackErr=0 ackAvg=14.04ms | e2e p50=52.99 p99=160.77 p999=211.97 n=1113900 | e2e_local p50=54.02 p99=160.77 n=365700
[10:40:28] offered=   111107/s achieved=   111057/s shed=        0/s inflight=    15 | p50=  11.33 p99=   90.62 p999=  132.10 ms | push=4998400 pop=4962500 lag=35900 | errs push=0 pop=0 empty=363 gor=484 | ack=   109527/s ackErr=0 ackAvg=14.66ms | e2e p50=50.43 p99=171.01 p999=218.11 n=1091400 | e2e_local p50=49.41 p99=171.01 n=359600
[10:40:38] offered=   111123/s achieved=   111153/s shed=        0/s inflight=    12 | p50=  10.18 p99=   68.10 p999=   85.50 ms | push=6109900 pop=6072900 lag=37000 | errs push=0 pop=0 empty=363 gor=480 | ack=   111043/s ackErr=0 ackAvg=14.82ms | e2e p50=28.03 p99=119.30 p999=146.43 n=1110400 | e2e_local p50=28.03 p99=119.30 n=372500
[10:40:48] offered=   111087/s achieved=   111147/s shed=        0/s inflight=     8 | p50=  10.05 p99=   76.29 p999=  189.44 ms | push=7221400 pop=7178300 lag=43100 | errs push=0 pop=0 empty=363 gor=477 | ack=   110527/s ackErr=0 ackAvg=15.01ms | e2e p50=28.03 p99=115.20 p999=191.49 n=1105400 | e2e_local p50=28.03 p99=115.20 n=369700
[10:40:58] offered=   111122/s achieved=   111102/s shed=        0/s inflight=     8 | p50=  10.18 p99=   69.12 p999=   86.53 ms | push=8332400 pop=8321300 lag=11100 | errs push=0 pop=0 empty=363 gor=475 | ack=   114422/s ackErr=0 ackAvg=15.14ms | e2e p50=29.82 p99=129.54 p999=160.77 n=1143000 | e2e_local p50=29.82 p99=127.49 n=377200
[10:41:08] offered=   111100/s achieved=   111090/s shed=        0/s inflight=     9 | p50=  11.20 p99=   69.12 p999=  103.94 ms | push=9443300 pop=9429000 lag=14300 | errs push=0 pop=0 empty=363 gor=480 | ack=   110450/s ackErr=0 ackAvg=15.35ms | e2e p50=34.05 p99=129.54 p999=140.29 n=1107700 | e2e_local p50=34.05 p99=126.46 n=371100
[10:41:18] offered=   111105/s achieved=   111105/s shed=        0/s inflight=     9 | p50=  11.46 p99=   71.17 p999=   87.55 ms | push=10554400 pop=10540300 lag=14100 | errs push=0 pop=0 empty=363 gor=478 | ack=   111275/s ackErr=0 ackAvg=15.55ms | e2e p50=34.05 p99=142.34 p999=162.82 n=1111300 | e2e_local p50=34.05 p99=142.34 n=365100
[10:41:28] offered=   111113/s achieved=   111093/s shed=        0/s inflight=    12 | p50=  10.94 p99=   58.62 p999=   75.26 ms | push=11665300 pop=11647500 lag=17800 | errs push=0 pop=0 empty=363 gor=480 | ack=   110803/s ackErr=0 ackAvg=15.69ms | e2e p50=32.38 p99=118.27 p999=164.86 n=1107200 | e2e_local p50=32.64 p99=118.27 n=371100
[10:41:38] offered=   111123/s achieved=   111023/s shed=        0/s inflight=    17 | p50=  11.46 p99=   65.28 p999=   85.50 ms | push=12775500 pop=12750400 lag=25100 | errs push=0 pop=0 empty=363 gor=486 | ack=   110183/s ackErr=0 ackAvg=15.82ms | e2e p50=34.05 p99=118.27 p999=148.48 n=1102900 | e2e_local p50=33.54 p99=117.25 n=362900
[10:41:48] offered=   111147/s achieved=   111237/s shed=        0/s inflight=    12 | p50=  10.94 p99=   76.29 p999=  121.34 ms | push=13887900 pop=13889800 lag=-1900 | errs push=0 pop=0 empty=363 gor=480 | ack=   114006/s ackErr=0 ackAvg=15.89ms | e2e p50=33.02 p99=154.62 p999=248.83 n=1139400 | e2e_local p50=33.02 p99=168.96 n=378200
[10:41:58] offered=   111093/s achieved=   111093/s shed=        0/s inflight=    12 | p50=  11.07 p99=   55.04 p999=   71.17 ms | push=14998800 pop=14950600 lag=48200 | errs push=0 pop=0 empty=363 gor=430 | ack=   106023/s ackErr=0 ackAvg=15.92ms | e2e p50=32.64 p99=146.43 p999=171.01 n=1060800 | e2e_local p50=32.64 p99=146.43 n=348900
[10:42:08] offered=   111107/s achieved=   111117/s shed=        0/s inflight=    11 | p50=  10.94 p99=   68.10 p999=   94.72 ms | push=16110000 pop=16091200 lag=18800 | errs push=0 pop=0 empty=363 gor=426 | ack=   114047/s ackErr=0 ackAvg=15.97ms | e2e p50=33.02 p99=140.29 p999=164.86 n=1140600 | e2e_local p50=33.02 p99=140.29 n=388500
[10:42:18] offered=   111100/s achieved=   111080/s shed=        0/s inflight=    12 | p50=  11.33 p99=   56.58 p999=   71.17 ms | push=17220800 pop=17219600 lag=1200 | errs push=0 pop=0 empty=363 gor=425 | ack=   112880/s ackErr=0 ackAvg=16.06ms | e2e p50=33.54 p99=134.14 p999=166.91 n=1128400 | e2e_local p50=33.54 p99=134.14 n=379700
[10:42:28] offered=   111123/s achieved=   111193/s shed=        0/s inflight=     6 | p50=  11.07 p99=   43.78 p999=   56.06 ms | push=18332700 pop=18353500 lag=-20800 | errs push=0 pop=0 empty=363 gor=428 | ack=   113053/s ackErr=0 ackAvg=16.09ms | e2e p50=33.54 p99=93.70 p999=132.10 n=1133900 | e2e_local p50=33.02 p99=93.70 n=377300
[10:42:38] offered=   111083/s achieved=   111083/s shed=        0/s inflight=     8 | p50=  10.82 p99=   48.90 p999=   71.17 ms | push=19443600 pop=19460400 lag=-16800 | errs push=0 pop=0 empty=363 gor=421 | ack=   111203/s ackErr=0 ackAvg=16.11ms | e2e p50=31.62 p99=126.46 p999=152.58 n=1106900 | e2e_local p50=31.62 p99=127.49 n=362900
[10:42:48] offered=   111109/s achieved=   111109/s shed=        0/s inflight=     8 | p50=  11.20 p99=   51.97 p999=   61.70 ms | push=20554700 pop=20545300 lag=9400 | errs push=0 pop=0 empty=363 gor=425 | ack=   108359/s ackErr=0 ackAvg=16.14ms | e2e p50=33.02 p99=138.24 p999=164.86 n=1084900 | e2e_local p50=33.02 p99=138.24 n=373400
[10:42:58] offered=   111117/s achieved=   111087/s shed=        0/s inflight=     9 | p50=  11.20 p99=   52.99 p999=   67.07 ms | push=21665600 pop=21662100 lag=3500 | errs push=0 pop=0 empty=363 gor=428 | ack=   111537/s ackErr=0 ackAvg=16.20ms | e2e p50=33.54 p99=114.18 p999=142.34 n=1116800 | e2e_local p50=33.54 p99=113.15 n=367200
[10:43:08] offered=   111110/s achieved=   111120/s shed=        0/s inflight=     6 | p50=  11.58 p99=   47.36 p999=   62.21 ms | push=22776700 pop=22760200 lag=16500 | errs push=0 pop=0 empty=363 gor=422 | ack=   109890/s ackErr=0 ackAvg=16.25ms | e2e p50=34.56 p99=117.25 p999=138.24 n=1098100 | e2e_local p50=35.07 p99=116.22 n=364900
[10:43:18] offered=   111111/s achieved=   111071/s shed=        0/s inflight=    11 | p50=  11.46 p99=   48.38 p999=   62.72 ms | push=23887400 pop=23840700 lag=46700 | errs push=0 pop=0 empty=363 gor=365 | ack=   108191/s ackErr=0 ackAvg=16.28ms | e2e p50=34.56 p99=129.54 p999=154.62 n=1080500 | e2e_local p50=35.07 p99=132.10 n=356000
[10:43:28] offered=   111120/s achieved=   111140/s shed=        0/s inflight=    10 | p50=  11.07 p99=   44.80 p999=   57.60 ms | push=24998800 pop=24955200 lag=43600 | errs push=0 pop=0 empty=363 gor=365 | ack=   111260/s ackErr=0 ackAvg=16.28ms | e2e p50=32.13 p99=100.86 p999=117.25 n=1114500 | e2e_local p50=32.13 p99=98.82 n=368000
[10:43:38] offered=   111151/s achieved=   111131/s shed=        0/s inflight=    12 | p50=  10.94 p99=   42.75 p999=   56.58 ms | push=26110100 pop=26072800 lag=37300 | errs push=0 pop=0 empty=363 gor=336 | ack=   111841/s ackErr=0 ackAvg=16.28ms | e2e p50=33.02 p99=115.20 p999=148.48 n=1117600 | e2e_local p50=33.02 p99=118.27 n=368400
[10:43:48] offered=   111089/s achieved=   111079/s shed=        0/s inflight=    13 | p50=  11.07 p99=   40.70 p999=   51.97 ms | push=27220900 pop=27185700 lag=35200 | errs push=0 pop=0 empty=363 gor=337 | ack=   111449/s ackErr=0 ackAvg=16.30ms | e2e p50=32.38 p99=127.49 p999=146.43 n=1113000 | e2e_local p50=32.13 p99=128.51 n=366200
[10:43:58] offered=   111110/s achieved=   111100/s shed=        0/s inflight=    14 | p50=  11.07 p99=   44.80 p999=   69.12 ms | push=28331900 pop=28296100 lag=35800 | errs push=0 pop=0 empty=363 gor=343 | ack=   110800/s ackErr=0 ackAvg=16.32ms | e2e p50=33.02 p99=125.44 p999=140.29 n=1110300 | e2e_local p50=33.02 p99=125.44 n=374100
[10:44:08] offered=   111094/s achieved=   111094/s shed=        0/s inflight=    14 | p50=  11.33 p99=   40.19 p999=   49.41 ms | push=29442900 pop=29382800 lag=60100 | errs push=0 pop=0 empty=363 gor=333 | ack=   108914/s ackErr=0 ackAvg=16.33ms | e2e p50=34.05 p99=90.62 p999=107.01 n=1086700 | e2e_local p50=34.05 p99=88.58 n=365100
[10:44:18] offered=   111116/s achieved=   111206/s shed=        0/s inflight=     5 | p50=  10.94 p99=   43.26 p999=   49.92 ms | push=30555000 pop=30531700 lag=23300 | errs push=0 pop=0 empty=363 gor=324 | ack=   114856/s ackErr=0 ackAvg=16.34ms | e2e p50=31.87 p99=98.82 p999=116.22 n=1148900 | e2e_local p50=31.87 p99=96.77 n=386700
[10:44:28] offered=   111119/s achieved=   111079/s shed=        0/s inflight=     9 | p50=  11.07 p99=   43.78 p999=   66.05 ms | push=31665800 pop=31649300 lag=16500 | errs push=0 pop=0 empty=363 gor=312 | ack=   111788/s ackErr=0 ackAvg=16.35ms | e2e p50=32.64 p99=114.18 p999=158.72 n=1117600 | e2e_local p50=32.64 p99=115.20 n=370100
[10:44:38] offered=   111088/s achieved=   111108/s shed=        0/s inflight=     7 | p50=  11.84 p99=   46.85 p999=   62.21 ms | push=32776900 pop=32727600 lag=49300 | errs push=0 pop=0 empty=363 gor=289 | ack=   107698/s ackErr=0 ackAvg=16.38ms | e2e p50=35.07 p99=130.56 p999=166.91 n=1078300 | e2e_local p50=35.07 p99=140.29 n=356600
[drain] consumers keep going for 9.991s (lag now 50000)
[10:44:48] offered=        0/s achieved=       70/s shed=        0/s inflight=     0 | p50=  10.05 p99=   11.07 p999=   11.07 ms | push=32777600 pop=32733100 lag=44500 | errs push=0 pop=0 empty=528 gor=278 | ack=      700/s ackErr=0 ackAvg=16.38ms | e2e p50=55.04 p99=73.22 p999=73.22 n=5500 | e2e_local p50=54.02 p99=71.17 n=2000
[info] steady window 290s (after the ramp, before the producers stopped): offered 111111/s pushed 111112/s popped 110955/s cpu 190.1% = 1.71 cores per 100k msg/s (produce+consume)
[final] offered=327776 achieved=327776 shed=0 (msgs: offered=32777600 achieved=32777600 shed=0) pushErr=0 | pushed=32777600 popped=32733100 lag=44500 | popErr=0 empty=528 | overall p50=10.82 p99=58.62 p999=95.74 ms | acked=32733100 ackErr=0 ackLag=44500 ackAvg=16.38ms | e2e p50=31.87 p99=132.10 p999=171.01 ms
load_cpu=170.5%
