qload tag=1x200-t10-144k-w396-p8 loader=8/9 mode=batch rate=16000 msg/s batch=10 batch-max=0 max-inflight=5000 ramp=10s duration=1m10s report=10s drain=1m0s GOMAXPROCS=16 GOGC=400 seed=1790883194855179190
  offered: 16000 msg/s = 1600.0 units/s (avg 10.0 msgs/unit) across 33 pacer workers (48.48 units/s each)
  topics: 1 x 200 partitions (x1x200-t10-144k-w396..x1x200-t10-144k-w396), entities/topic=0 (explicit partition) | picker: topics=rr entities: rr over space=200 starting at 177
  payload: goload jsonEvent target 256 B, avg 289.5 B raw, ~320 B stamped ({"ts":µs,"src":8,...}), pool 64x10
  consumers: 44 here (ci 352..395 of 396), poll=1000 proc-us=0 ack=async ack-inflight=256 local-src=[6 7 8]
  queen: url=http://10.114.0.4:6632 (of 3) conns=2048 timeout=30s pop-width=10 pop-batch=1000 pop-timeout=2s lease=10s | configure: leaseTime=30 completedRetention=3600 dedup=0 retryLimit=1000000 | txn: x1x200-t10-144k-w396-in -> workers (txn-size 10, linger 1s, one /transaction = acks with leases + pushes) -> x1x200-t10-144k-w396-out, 44 read-committed readers
  [queen] http://10.114.0.4:6632 healthy: version 2.0.0-beta.2, this node follower
  [txn] 44 workers (ci 352..395 of 396): x1x200-t10-144k-w396-in -> x1x200-t10-144k-w396-out, txn-size 10, linger 1s, pop width 10, lease 10s
  [consume] 44 consumers of x1x200-t10-144k-w396-out: pop width 10, batch 1000, long poll 2s, lease 10s, async batch acks (ack-inflight 256)
READY 1790882895112
[start] waiting 8.951s for the common start 1790882908277
[start] GO 19:28:28.277 (unix ms 1790882908277)
[19:28:38] offered=     7997/s achieved=     7966/s shed=        0/s inflight=    34 | p50=   8.16 p99=   19.33 p999=   23.42 ms | push=79650 pop=63500 lag=16150 | errs push=0 pop=0 empty=352 gor=419 | ack=     6333/s ackErr=0 ackAvg=11.00ms | e2e p50=36.10 p99=1003.52 p999=1056.77 n=63500 | e2e_local p50=36.10 p99=987.14 n=21120
[txn] 19:28:38 txn=     636/s msgs=     6360/s avg= 10.00 msg/txn | commit p50=9.79 p99=22.66 p999=25.98 ms | aborts=0 errs=0 open=24 | in=     6383/s | total txns=6359 msgs=63590 aborts=0 errs=0
[19:28:48] offered=    16002/s achieved=    16022/s shed=        0/s inflight=    11 | p50=  11.84 p99=   21.38 p999=   23.94 ms | push=239870 pop=141210 lag=98660 | errs push=0 pop=0 empty=352 gor=408 | ack=     7789/s ackErr=0 ackAvg=14.01ms | e2e p50=3522.56 p99=6193.15 p999=6324.22 n=77710 | e2e_local p50=3489.79 p99=6258.69 n=25710
[txn] 19:28:48 txn=     746/s msgs=     7455/s avg= 10.00 msg/txn | commit p50=16.06 p99=27.01 p999=29.57 ms | aborts=0 errs=0 open=15 | in=     7447/s | total txns=13814 msgs=138140 aborts=0 errs=0
[19:28:58] offered=    16001/s achieved=    15996/s shed=        0/s inflight=    16 | p50=  11.97 p99=   21.38 p999=   23.68 ms | push=399840 pop=219630 lag=180210 | errs push=0 pop=0 empty=352 gor=420 | ack=     7823/s ackErr=0 ackAvg=14.77ms | e2e p50=8847.36 p99=11468.80 p999=11599.87 n=78420 | e2e_local p50=8847.36 p99=11468.80 n=26720
[txn] 19:28:58 txn=     755/s msgs=     7546/s avg= 10.00 msg/txn | commit p50=15.68 p99=27.26 p999=47.36 ms | aborts=0 errs=0 open=20 | in=     7551/s | total txns=21361 msgs=213610 aborts=0 errs=0
[19:29:08] offered=    15999/s achieved=    16002/s shed=        0/s inflight=    16 | p50=  11.84 p99=   20.86 p999=   23.42 ms | push=559860 pop=293050 lag=266810 | errs push=0 pop=0 empty=352 gor=416 | ack=     7356/s ackErr=0 ackAvg=15.15ms | e2e p50=14090.24 p99=16711.68 p999=16908.29 n=73420 | e2e_local p50=14090.24 p99=16908.29 n=24030
[txn] 19:29:08 txn=     748/s msgs=     7475/s avg= 10.00 msg/txn | commit p50=15.68 p99=27.01 p999=30.85 ms | aborts=0 errs=0 open=20 | in=     7475/s | total txns=28836 msgs=288360 aborts=0 errs=0
[19:29:18] offered=    16000/s achieved=    15994/s shed=        0/s inflight=    20 | p50=  12.22 p99=   21.38 p999=   23.94 ms | push=719800 pop=366220 lag=353580 | errs push=0 pop=0 empty=352 gor=420 | ack=     7321/s ackErr=0 ackAvg=15.49ms | e2e p50=19529.73 p99=22151.17 p999=22413.31 n=73170 | e2e_local p50=19529.73 p99=22151.17 n=24010
[txn] 19:29:18 txn=     730/s msgs=     7300/s avg= 10.00 msg/txn | commit p50=16.06 p99=26.75 p999=29.82 ms | aborts=0 errs=0 open=15 | in=     7295/s | total txns=36136 msgs=361360 aborts=0 errs=0
[19:29:28] offered=    16001/s achieved=    16003/s shed=        0/s inflight=    17 | p50=  12.22 p99=   21.38 p999=   24.19 ms | push=879820 pop=437310 lag=442510 | errs push=0 pop=0 empty=352 gor=421 | ack=     7105/s ackErr=0 ackAvg=15.67ms | e2e p50=25034.75 p99=27656.19 p999=27656.19 n=71090 | e2e_local p50=25034.75 p99=27656.19 n=23760
[txn] 19:29:28 txn=     729/s msgs=     7294/s avg= 10.00 msg/txn | commit p50=16.06 p99=26.50 p999=29.31 ms | aborts=0 errs=0 open=18 | in=     7297/s | total txns=43430 msgs=434300 aborts=0 errs=0
[19:29:38] offered=    15997/s achieved=    16003/s shed=        0/s inflight=    11 | p50=  11.97 p99=   21.38 p999=   24.45 ms | push=1039860 pop=513200 lag=526660 | errs push=0 pop=0 empty=352 gor=381 | ack=     7582/s ackErr=0 ackAvg=15.70ms | e2e p50=30277.63 p99=32899.07 p999=32899.07 n=75890 | e2e_local p50=30277.63 p99=32899.07 n=25730
[txn] 19:29:38 txn=     760/s msgs=     7604/s avg= 10.00 msg/txn | commit p50=15.55 p99=26.75 p999=30.34 ms | aborts=0 errs=0 open=20 | in=     7606/s | total txns=51035 msgs=510350 aborts=0 errs=0
[drain] workers and readers keep going for up to 59.983s (ends early after 3s idle; lag now 526410)
[19:29:48] offered=        0/s achieved=       11/s shed=        0/s inflight=     0 | p50=   8.64 p99=   14.27 p999=   14.27 ms | push=1039970 pop=642490 lag=397480 | errs push=0 pop=0 empty=352 gor=367 | ack=    12939/s ackErr=0 ackAvg=14.50ms | e2e p50=33816.58 p99=34865.15 p999=34865.15 n=129290 | e2e_local p50=33816.58 p99=34865.15 n=43350
[txn] 19:29:48 txn=    1312/s msgs=    13115/s avg= 10.00 msg/txn | commit p50=8.64 p99=16.32 p999=140.29 ms | aborts=0 errs=0 open=10 | in=    13106/s | total txns=64149 msgs=641490 aborts=0 errs=0
[19:29:58] offered=        0/s achieved=        0/s shed=        0/s inflight=     0 | p50=   0.00 p99=    0.00 p999=    0.00 ms | push=1039970 pop=771810 lag=268160 | errs push=0 pop=0 empty=352 gor=371 | ack=    12908/s ackErr=0 ackAvg=13.77ms | e2e p50=35913.73 p99=36962.30 p999=36962.30 n=129320 | e2e_local p50=35913.73 p99=36962.30 n=42610
[txn] 19:29:58 txn=    1267/s msgs=    12670/s avg= 10.00 msg/txn | commit p50=8.64 p99=17.79 p999=234.50 ms | aborts=0 errs=0 open=8 | in=    12667/s | total txns=76820 msgs=768200 aborts=0 errs=0
[19:30:08] offered=        0/s achieved=        0/s shed=        0/s inflight=     0 | p50=   0.00 p99=    0.00 p999=    0.00 ms | push=1039970 pop=898810 lag=141160 | errs push=0 pop=0 empty=352 gor=368 | ack=    12716/s ackErr=0 ackAvg=13.26ms | e2e p50=38010.88 p99=39059.46 p999=39059.46 n=127000 | e2e_local p50=38010.88 p99=39059.46 n=41790
[txn] 19:30:08 txn=    1261/s msgs=    12610/s avg= 10.00 msg/txn | commit p50=8.90 p99=16.77 p999=197.63 ms | aborts=0 errs=0 open=15 | in=    12617/s | total txns=89429 msgs=894290 aborts=0 errs=0
[19:30:18] offered=        0/s achieved=        0/s shed=        0/s inflight=     0 | p50=   0.00 p99=    0.00 p999=    0.00 ms | push=1039970 pop=1026620 lag=13350 | errs push=0 pop=0 empty=352 gor=368 | ack=    12789/s ackErr=0 ackAvg=12.86ms | e2e p50=40108.03 p99=41156.61 p999=41156.61 n=127810 | e2e_local p50=40108.03 p99=41156.61 n=41720
[txn] 19:30:18 txn=    1273/s msgs=    12732/s avg= 10.00 msg/txn | commit p50=8.77 p99=20.35 p999=203.78 ms | aborts=0 errs=0 open=6 | in=    12723/s | total txns=102161 msgs=1021610 aborts=0 errs=0
[drain] idle for 3s after 44.4s: ending the drain (lag -1000)
[info] steady window 60s (after the ramp, before the producers stopped): offered 16000/s pushed 16003/s popped 7495/s cpu 87.0% = 5.44 cores per 100k msg/s (produce+consume)
[final] offered=103997 achieved=103997 shed=0 (msgs: offered=1039970 achieved=1039970 shed=0) pushErr=0 | pushed=1039970 popped=1040970 lag=-1000 | popErr=0 empty=440 | overall p50=11.84 p99=21.12 p999=23.94 ms | acked=1040970 ackErr=0 ackLag=-1000 ackAvg=12.80ms | e2e p50=32899.07 p99=41156.61 p999=41156.61 ms
load_cpu=71.6%
[txn-final] txns=103487 msgs=1034870 aborts=0 errs=0 in=1034870 avg=10.00 msg/txn | commit p50=11.20 p99=25.98 p999=94.72 max=236.54 ms
[ids] ledger /root/bench/runs/txn/queen/1x200-t10-144k-w396/ids/p8.ids: 1039970 confirmed, 0 failed, 0 unanswered
