kload tag=1x10000-1000k-p2 loader=2/9 mode=batch rate=111111 msg/s batch=100 batch-max=0 max-inflight=5000 ramp=10s duration=1m10s report=10s drain=0s GOMAXPROCS=16 GOGC=400 seed=1790757245988978858
  offered: 111111 msg/s = 1111.1 units/s (avg 100.0 msgs/unit) across 23 pacer workers (48.31 units/s each)
  topics: 1 x 10000 partitions (k1x10000-1000k..k1x10000-1000k), entities/topic=0 (explicit partition) | picker: topics=rr entities: rr over space=10000 starting at 2222
  payload: goload jsonEvent target 256 B, avg 289.5 B raw, ~320 B stamped ({"ts":µs,"src":2,...}), pool 64x100
  consumers: 33 here (ci 66..98 of 297), poll=1000 proc-us=0 ack=async ack-inflight=256 local-src=[0 1 2]
  kafka: brokers=10.114.0.2:9092,10.114.0.3:9092,10.114.0.4:9092 rf=3 min-isr=2 producers=4 linger=5ms compression=lz4 acks=all idempotent batch-max-bytes=1048576 | consumers: protocol=consumer fetch-max-wait=500ms fetch-min-bytes=1 fetch-max-partition-bytes=1048576 session=45s
  [topic] READY after 0.0s: 1 topics x 10000 partitions, leaders + full ISR
  [config] broker.compression.type = producer (STATIC_BROKER_CONFIG)
  [config] broker.default.replication.factor = 3 (STATIC_BROKER_CONFIG)
  [config] broker.group.consumer.assignors = uniform,range (DEFAULT_CONFIG)
  [config] broker.group.coordinator.rebalance.protocols = classic,consumer,streams (DEFAULT_CONFIG)
  [config] broker.group.initial.rebalance.delay.ms = 3000 (DEFAULT_CONFIG)
  [config] broker.log.flush.interval.messages = 9223372036854775807 (DEFAULT_CONFIG)
  [config] broker.log.flush.interval.ms = <nil> (DEFAULT_CONFIG)
  [config] broker.max.incremental.fetch.session.cache.slots = 4000 (STATIC_BROKER_CONFIG)
  [config] broker.min.insync.replicas = 2 (DYNAMIC_DEFAULT_BROKER_CONFIG)
  [config] broker.num.io.threads = 16 (STATIC_BROKER_CONFIG)
  [config] broker.num.network.threads = 8 (STATIC_BROKER_CONFIG)
  [config] broker.num.replica.fetchers = 8 (STATIC_BROKER_CONFIG)
  [config] topic.compression.type = producer (STATIC_BROKER_CONFIG)
  [config] topic.flush.messages = 9223372036854775807 (DEFAULT_CONFIG)
  [config] topic.flush.ms = 9223372036854775807 (DEFAULT_CONFIG)
  [config] topic.max.message.bytes = 16777216 (STATIC_BROKER_CONFIG)
  [config] topic.message.timestamp.type = CreateTime (DEFAULT_CONFIG)
  [config] topic.min.insync.replicas = 2 (DYNAMIC_TOPIC_CONFIG)
  [config] topic.retention.ms = 600000 (DYNAMIC_TOPIC_CONFIG)
  [config] topic.segment.bytes = 268435456 (DYNAMIC_TOPIC_CONFIG)
  [config] topic.unclean.leader.election.enable = false (STATIC_BROKER_CONFIG)
  [group] 33 consumers in 1 groups (k1x10000-1000k-g-t0 ... ), protocol consumer
  [group] t=+0.3s waiting: k1x10000-1000k-g-t0: local members 33/297 hold 0/10000 partitions (group-wide ? members=0 assigned=0)
  [group] t=+2.3s waiting: k1x10000-1000k-g-t0: local members 33/297 hold 0/10000 partitions (group-wide Assigning members=297 assigned=10000)
  [group] t=+4.3s waiting: k1x10000-1000k-g-t0: local members 33/297 hold 0/10000 partitions (group-wide Assigning members=297 assigned=10000)
  [group] t=+6.3s waiting: k1x10000-1000k-g-t0: local members 33/297 hold 0/10000 partitions (group-wide Reconciling members=297 assigned=34)
  [group] t=+8.3s waiting: k1x10000-1000k-g-t0: local members 33/297 hold 0/10000 partitions (group-wide Reconciling members=297 assigned=34)
  [group] t=+10.4s waiting: k1x10000-1000k-g-t0: local members 33/297 hold 0/10000 partitions (group-wide Reconciling members=297 assigned=34)
  [group] t=+12.4s waiting: k1x10000-1000k-g-t0: local members 33/297 hold 1114/10000 partitions (group-wide Stable members=297 assigned=10000)
  [group] STABLE after 14.1s: 1 groups, 33 local members holding 1114 partitions, assignEv=66 revokeEv=0 lostEv=0
  [produce] 4 clients connected to every broker with producer IDs in 0.01s; max buffered 501024 records per client
READY 1790757220511
[start] waiting 8.624s for the common start 1790757238872
[start] GO 08:33:58.872 (unix ms 1790757238872)
[08:34:08] offered=    55586/s achieved=    55356/s shed=        0/s inflight=    24 | p50=  14.66 p99=   38.66 p999=   69.12 ms | push=553600 pop=557000 lag=-3400 | errs push=0 pop=0 empty=0 gor=576 | ack=    54816/s ackErr=0 ackAvg=81.24ms | e2e p50=14.78 p99=36.61 p999=45.82 n=557000 | e2e_local p50=14.53 p99=36.10 n=178500
[08:34:18] offered=   111109/s achieved=   111179/s shed=        0/s inflight=    17 | p50=  15.04 p99=   42.75 p999=   64.77 ms | push=1665300 pop=1671000 lag=-5700 | errs push=0 pop=0 empty=0 gor=550 | ack=   111599/s ackErr=0 ackAvg=105.57ms | e2e p50=15.04 p99=46.34 p999=72.19 n=1114000 | e2e_local p50=15.04 p99=48.38 n=375000
[08:34:28] offered=   111112/s achieved=   111102/s shed=        0/s inflight=    17 | p50=  14.66 p99=   39.68 p999=   55.55 ms | push=2776300 pop=2785000 lag=-8700 | errs push=0 pop=0 empty=0 gor=570 | ack=   111312/s ackErr=0 ackAvg=107.92ms | e2e p50=14.53 p99=38.66 p999=52.48 n=1114000 | e2e_local p50=14.27 p99=40.19 n=375000
[08:34:38] offered=   111094/s achieved=   110994/s shed=        0/s inflight=    27 | p50=  14.40 p99=   35.07 p999=   46.34 ms | push=3886300 pop=3899000 lag=-12700 | errs push=0 pop=0 empty=0 gor=603 | ack=   111069/s ackErr=0 ackAvg=107.79ms | e2e p50=14.40 p99=35.07 p999=43.78 n=1114000 | e2e_local p50=14.40 p99=35.58 n=378100
[08:34:48] offered=   111104/s achieved=   111234/s shed=        0/s inflight=    14 | p50=  14.78 p99=   44.80 p999=   72.19 ms | push=4998600 pop=5013000 lag=-14400 | errs push=0 pop=0 empty=0 gor=568 | ack=   111729/s ackErr=0 ackAvg=109.28ms | e2e p50=14.78 p99=41.73 p999=60.67 n=1114000 | e2e_local p50=14.53 p99=45.82 n=364400
[08:34:58] offered=   111104/s achieved=   111044/s shed=        0/s inflight=    22 | p50=  14.53 p99=   37.12 p999=   47.87 ms | push=6109100 pop=6127000 lag=-17900 | errs push=0 pop=0 empty=0 gor=563 | ack=   111424/s ackErr=0 ackAvg=109.69ms | e2e p50=14.53 p99=38.14 p999=48.38 n=1114000 | e2e_local p50=14.27 p99=34.05 n=360600
[08:35:08] offered=   111143/s achieved=   111183/s shed=        0/s inflight=    16 | p50=  14.66 p99=   37.12 p999=   56.06 ms | push=7220900 pop=7241000 lag=-20100 | errs push=0 pop=0 empty=0 gor=563 | ack=   111164/s ackErr=0 ackAvg=110.00ms | e2e p50=14.40 p99=36.61 p999=49.92 n=1114000 | e2e_local p50=14.27 p99=35.58 n=360900
[info] steady window 60s (after the ramp, before the producers stopped): offered 111111/s pushed 111123/s popped 111401/s cpu 102.6% = 0.92 cores per 100k msg/s (produce+consume)
[final] offered=72225 achieved=72225 shed=0 (msgs: offered=7222500 achieved=7222500 shed=0) pushErr=0 | pushed=7222500 popped=7241000 lag=-18500 | popErr=0 empty=0 | overall p50=14.66 p99=39.68 p999=60.16 ms | acked=7241000 ackErr=0 ackLag=-18500 ackAvg=110.04ms | e2e p50=14.53 p99=39.17 p999=54.53 ms
load_cpu=68.8%
