pload tag=1x200-t10-36k-p1 loader=1/9 mode=batch rate=4000 msg/s batch=10 batch-max=0 max-inflight=5000 ramp=10s duration=1m10s report=10s drain=1m0s GOMAXPROCS=16 GOGC=400 seed=1790879530792484101
  offered: 4000 msg/s = 400.0 units/s (avg 10.0 msgs/unit) across 9 pacer workers (44.44 units/s each)
  topics: 1 x 200 partitions (x1x200-t10-36k..x1x200-t10-36k), entities/topic=0 (explicit partition) | picker: topics=rr entities: rr over space=23 starting at 0 [producer shard 1/9: partitions p % 9 == 1, entity j -> partition 1 + j*9]
  payload: goload jsonEvent target 256 B, avg 289.5 B raw, ~320 B stamped ({"ts":µs,"src":1,...}), pool 64x10
  consumers: 22 here (ci 22..43 of 198), poll=1000 proc-us=0 ack=async ack-inflight=256 local-src=[0 1 2]
  pulsar: url=pulsar://10.114.0.2:6650,10.114.0.3:6650,10.114.0.4:6650 admin=http://10.114.0.2:8080 ns=bench/ns sub=sub type=failover compression=lz4 batch=5ms/10 msgs/131072 B max-pending=100000/partition mem-limit=64 MB receiver-queue=1000 ack-group=100ms conns/broker=1 | feeder batches capped at -txn-size messages (whole entries per transaction) | txn: x1x200-t10-36k-in -> 22 workers (own client + TC each, NewTransaction timeout 10s, send+AckWithTxn on whole entries, txn-size 10, linger 1s) -> x1x200-t10-36k-out, 22 readers
  [admin] 2 topics with 200 partitions and subscription "sub" exist (checked in 0.0s)
  [txn] 22 workers (ci 22..43 of 198, 0 idle): each its own client + TC, a failover consumer on its partitions of x1x200-t10-36k-in, 22 producers on x1x200-t10-36k-out in all; txn-size 10, linger 1s, txn-timeout 10s; ready in 1.1s
  [consume] 22 consumers (ci 22..43 of 198), failover, partition slices (every partition exactly one consumer): 22 partition registrations here, 200 in total across all processes; idle 0 here, 0 in total; subscribed in 0.0s, settling 2s
  [produce] producer shard 1/9: 23 partitions per topic (p % 9 == 1) x 1 topics, per-partition producers created lazily on first use
READY 1790879124573
[start] waiting 9.269s for the common start 1790879138663
[start] GO 18:25:38.663 (unix ms 1790879138663)
[18:25:48] offered=     2001/s achieved=     1998/s shed=        0/s inflight=     3 | p50=   5.86 p99=   20.35 p999=   25.73 ms | push=19980 pop=19830 lag=150 | errs push=0 pop=0 empty=0 gor=3390 | ack=     1983/s ackErr=0 ackAvg=0.00ms | e2e p50=32.13 p99=152.58 p999=173.06 n=19830 | e2e_local p50=31.36 p99=152.58 n=5300
[txn] 18:25:48 txn=     198/s msgs=     1979/s avg= 10.00 msg/txn | commit p50=26.24 p99=144.38 p999=156.67 ms | aborts=0 errs=0 open=7 | in=     1986/s | total txns=1979 msgs=19790 aborts=0 errs=0
[18:25:58] offered=     4000/s achieved=     4000/s shed=        0/s inflight=     3 | p50=   5.86 p99=    9.15 p999=   17.02 ms | push=59980 pop=59490 lag=490 | errs push=0 pop=0 empty=0 gor=5364 | ack=     3966/s ackErr=0 ackAvg=0.00ms | e2e p50=31.36 p99=43.26 p999=77.31 n=39660 | e2e_local p50=30.59 p99=41.22 n=10590
[txn] 18:25:58 txn=     397/s msgs=     3969/s avg= 10.00 msg/txn | commit p50=25.98 p99=35.07 p999=61.18 ms | aborts=0 errs=0 open=7 | in=     3972/s | total txns=5948 msgs=59480 aborts=0 errs=0
[18:26:08] offered=     3998/s achieved=     3999/s shed=        0/s inflight=     3 | p50=   5.79 p99=    9.02 p999=    9.79 ms | push=99970 pop=99120 lag=850 | errs push=0 pop=0 empty=0 gor=5375 | ack=     3963/s ackErr=0 ackAvg=0.00ms | e2e p50=31.10 p99=40.19 p999=44.29 n=39630 | e2e_local p50=30.34 p99=38.66 n=10590
[txn] 18:26:08 txn=     396/s msgs=     3964/s avg= 10.00 msg/txn | commit p50=25.47 p99=30.08 p999=32.38 ms | aborts=0 errs=0 open=18 | in=     3972/s | total txns=9912 msgs=99120 aborts=0 errs=0
[18:26:18] offered=     4002/s achieved=     4001/s shed=        0/s inflight=     3 | p50=   5.73 p99=    8.90 p999=    9.54 ms | push=139980 pop=138830 lag=1150 | errs push=0 pop=0 empty=0 gor=5379 | ack=     3971/s ackErr=0 ackAvg=0.00ms | e2e p50=30.85 p99=40.19 p999=44.80 n=39710 | e2e_local p50=29.82 p99=39.17 n=10590
[txn] 18:26:18 txn=     397/s msgs=     3972/s avg= 10.00 msg/txn | commit p50=25.22 p99=29.82 p999=31.87 ms | aborts=0 errs=0 open=15 | in=     3969/s | total txns=13884 msgs=138840 aborts=0 errs=0
[18:26:28] offered=     3999/s achieved=     4000/s shed=        0/s inflight=     2 | p50=   5.73 p99=    9.02 p999=    9.79 ms | push=179980 pop=178520 lag=1460 | errs push=0 pop=0 empty=0 gor=5356 | ack=     3969/s ackErr=0 ackAvg=0.00ms | e2e p50=31.36 p99=40.19 p999=43.26 n=39700 | e2e_local p50=30.34 p99=39.17 n=10580
[txn] 18:26:28 txn=     397/s msgs=     3968/s avg= 10.00 msg/txn | commit p50=25.47 p99=30.85 p999=33.54 ms | aborts=0 errs=0 open=5 | in=     3958/s | total txns=17852 msgs=178520 aborts=0 errs=0
[18:26:38] offered=     4001/s achieved=     4000/s shed=        0/s inflight=     3 | p50=   5.73 p99=    9.02 p999=   10.05 ms | push=219980 pop=218240 lag=1740 | errs push=0 pop=0 empty=0 gor=5365 | ack=     3972/s ackErr=0 ackAvg=0.00ms | e2e p50=31.10 p99=41.22 p999=51.97 n=39710 | e2e_local p50=30.08 p99=38.66 n=10590
[txn] 18:26:38 txn=     397/s msgs=     3972/s avg= 10.00 msg/txn | commit p50=25.22 p99=31.62 p999=45.31 ms | aborts=0 errs=0 open=4 | in=     3971/s | total txns=21824 msgs=218240 aborts=0 errs=0
[18:26:48] offered=     4000/s achieved=     4001/s shed=        0/s inflight=     2 | p50=   5.73 p99=    9.02 p999=   10.18 ms | push=259990 pop=257940 lag=2050 | errs push=0 pop=0 empty=0 gor=5361 | ack=     3970/s ackErr=0 ackAvg=0.00ms | e2e p50=30.85 p99=40.70 p999=46.34 n=39700 | e2e_local p50=29.82 p99=39.17 n=10590
[txn] 18:26:48 txn=     397/s msgs=     3968/s avg= 10.00 msg/txn | commit p50=25.22 p99=32.64 p999=35.58 ms | aborts=0 errs=0 open=8 | in=     3972/s | total txns=25792 msgs=257920 aborts=0 errs=0
[drain] workers and readers keep going for up to 59.994s (ends early after 3s idle; lag now 2050)
[drain] idle for 3s after 3.0s: ending the drain (lag 2010)
[info] txn workers: 0 re-subscriptions after an abort, 0 messages held outside a transaction at the stop (left unacked)
[info] producers created: 23 per-partition producers (shard), 0 creation errors, avg creation 16.1 ms
[info] steady window 60s (after the ramp, before the producers stopped): offered 4000/s pushed 4000/s popped 3968/s cpu 46.4% = 11.59 cores per 100k msg/s (produce+consume)
[final] offered=26001 achieved=26001 shed=0 (msgs: offered=260010 achieved=260010 shed=0) pushErr=0 | pushed=260010 popped=258000 lag=2010 | popErr=0 empty=0 | overall p50=5.79 p99=9.15 p999=19.07 ms | acked=258000 ackErr=0 ackLag=2010 ackAvg=0.00ms | e2e p50=31.10 p99=41.73 p999=77.31 ms
load_cpu=34.8%
[txn-final] txns=25800 msgs=258000 aborts=0 errs=0 in=258000 avg=10.00 msg/txn | commit p50=25.47 p99=32.64 p999=72.19 max=158.72 ms
[ids] ledger /root/bench/runs/txn/pulsar/1x200-t10-36k/ids/p1.ids: 260010 confirmed, 0 failed, 0 unanswered
