qload tag=1x100000-t10-9k-p7 loader=7/9 mode=batch rate=1000 msg/s batch=10 batch-max=0 max-inflight=5000 ramp=10s duration=1m10s report=10s drain=1m0s GOMAXPROCS=16 GOGC=400 seed=1790880265623208632
  offered: 1000 msg/s = 100.0 units/s (avg 10.0 msgs/unit) across 3 pacer workers (33.33 units/s each)
  topics: 1 x 100000 partitions (x1x100000-t10-9k..x1x100000-t10-9k), entities/topic=0 (explicit partition) | picker: topics=rr entities: rr over space=100000 starting at 77777
  payload: goload jsonEvent target 256 B, avg 289.4 B raw, ~319 B stamped ({"ts":µs,"src":7,...}), pool 64x10
  consumers: 33 here (ci 231..263 of 297), poll=1000 proc-us=0 ack=async ack-inflight=256 local-src=[6 7 8]
  queen: url=http://10.114.0.3:6632 (of 3) conns=2048 timeout=30s pop-width=10 pop-batch=1000 pop-timeout=2s lease=10s | configure: leaseTime=30 completedRetention=3600 dedup=0 retryLimit=1000000 | txn: x1x100000-t10-9k-in -> workers (txn-size 10, linger 1s, one /transaction = acks with leases + pushes) -> x1x100000-t10-9k-out, 33 read-committed readers
  [queen] http://10.114.0.3:6632 healthy: version 2.0.0-beta.2, this node follower
  [txn] 33 workers (ci 231..263 of 297): x1x100000-t10-9k-in -> x1x100000-t10-9k-out, txn-size 10, linger 1s, pop width 10, lease 10s
  [consume] 33 consumers of x1x100000-t10-9k-out: pop width 10, batch 1000, long poll 2s, lease 10s, async batch acks (ack-inflight 256)
READY 1790880520225
[start] waiting 9.334s for the common start 1790880532767
[start] GO 18:48:52.767 (unix ms 1790880532767)
[18:49:02] offered=      501/s achieved=      500/s shed=        0/s inflight=     1 | p50=   2.54 p99=    3.82 p999=    5.54 ms | push=5000 pop=5060 lag=-60 | errs push=0 pop=0 empty=270 gor=221 | ack=      506/s ackErr=0 ackAvg=4.72ms | e2e p50=11.71 p99=17.28 p999=18.56 n=5060 | e2e_local p50=11.71 p99=17.02 n=1740
[txn] 18:49:02 txn=      50/s msgs=      495/s avg= 10.00 msg/txn | commit p50=2.42 p99=3.54 p999=3.70 ms | aborts=0 errs=0 open=0 | in=      495/s | total txns=495 msgs=4950 aborts=0 errs=0
[18:49:12] offered=      999/s achieved=     1000/s shed=        0/s inflight=     0 | p50=   2.45 p99=    3.57 p999=    3.89 ms | push=15000 pop=14910 lag=90 | errs push=0 pop=0 empty=270 gor=228 | ack=      984/s ackErr=0 ackAvg=4.73ms | e2e p50=11.20 p99=15.17 p999=18.82 n=9850 | e2e_local p50=11.58 p99=14.40 n=3280
[txn] 18:49:12 txn=      99/s msgs=      993/s avg= 10.00 msg/txn | commit p50=2.42 p99=4.05 p999=4.77 ms | aborts=0 errs=0 open=1 | in=      994/s | total txns=1488 msgs=14880 aborts=0 errs=0
[18:49:22] offered=     1000/s achieved=      999/s shed=        0/s inflight=     1 | p50=   2.42 p99=    3.63 p999=    6.24 ms | push=24990 pop=25020 lag=-30 | errs push=0 pop=0 empty=270 gor=227 | ack=     1012/s ackErr=0 ackAvg=4.73ms | e2e p50=11.07 p99=15.68 p999=17.28 n=10110 | e2e_local p50=11.71 p99=16.06 n=3510
[txn] 18:49:22 txn=      99/s msgs=      991/s avg= 10.00 msg/txn | commit p50=2.38 p99=3.34 p999=4.45 ms | aborts=0 errs=0 open=0 | in=      990/s | total txns=2479 msgs=24790 aborts=0 errs=0
[18:49:32] offered=     1001/s achieved=     1001/s shed=        0/s inflight=     1 | p50=   2.42 p99=    3.54 p999=    4.45 ms | push=35000 pop=35140 lag=-140 | errs push=0 pop=0 empty=270 gor=227 | ack=     1009/s ackErr=0 ackAvg=4.74ms | e2e p50=11.07 p99=15.42 p999=25.47 n=10120 | e2e_local p50=11.58 p99=14.27 n=3340
[txn] 18:49:32 txn=     101/s msgs=     1008/s avg= 10.00 msg/txn | commit p50=2.35 p99=3.38 p999=4.26 ms | aborts=0 errs=0 open=0 | in=     1008/s | total txns=3487 msgs=34870 aborts=0 errs=0
[18:49:42] offered=      999/s achieved=     1000/s shed=        0/s inflight=     0 | p50=   2.42 p99=    3.60 p999=    4.05 ms | push=45000 pop=45180 lag=-180 | errs push=0 pop=0 empty=270 gor=226 | ack=     1007/s ackErr=0 ackAvg=4.74ms | e2e p50=11.07 p99=15.17 p999=23.17 n=10040 | e2e_local p50=11.71 p99=16.51 n=3310
[txn] 18:49:42 txn=     100/s msgs=     1003/s avg= 10.00 msg/txn | commit p50=2.38 p99=3.34 p999=4.26 ms | aborts=0 errs=0 open=0 | in=     1003/s | total txns=4490 msgs=44900 aborts=0 errs=0
[18:49:52] offered=     1000/s achieved=      999/s shed=        0/s inflight=     1 | p50=   2.42 p99=    3.73 p999=    5.28 ms | push=54990 pop=55070 lag=-80 | errs push=0 pop=0 empty=270 gor=227 | ack=      988/s ackErr=0 ackAvg=4.72ms | e2e p50=11.46 p99=42.75 p999=62.21 n=9890 | e2e_local p50=11.84 p99=37.12 n=3140
[txn] 18:49:52 txn=      99/s msgs=      986/s avg= 10.00 msg/txn | commit p50=2.45 p99=17.28 p999=47.87 ms | aborts=0 errs=0 open=1 | in=      987/s | total txns=5476 msgs=54760 aborts=0 errs=0
[18:50:02] offered=     1001/s achieved=     1001/s shed=        0/s inflight=     1 | p50=   2.45 p99=    3.66 p999=    4.58 ms | push=65000 pop=65530 lag=-530 | errs push=0 pop=0 empty=270 gor=224 | ack=     1047/s ackErr=0 ackAvg=4.73ms | e2e p50=11.20 p99=14.78 p999=18.05 n=10460 | e2e_local p50=11.58 p99=14.53 n=3560
[txn] 18:50:02 txn=     100/s msgs=     1003/s avg= 10.00 msg/txn | commit p50=2.45 p99=3.98 p999=23.42 ms | aborts=0 errs=0 open=0 | in=     1002/s | total txns=6479 msgs=64790 aborts=0 errs=0
[drain] workers and readers keep going for up to 59.994s (ends early after 3s idle; lag now -520)
[drain] idle for 3s after 3.0s: ending the drain (lag -520)
[info] steady window 60s (after the ramp, before the producers stopped): offered 1000/s pushed 1000/s popped 1008/s cpu 14.3% = 14.30 cores per 100k msg/s (produce+consume)
[final] offered=6501 achieved=6501 shed=0 (msgs: offered=65010 achieved=65010 shed=0) pushErr=0 | pushed=65010 popped=65530 lag=-520 | popErr=0 empty=336 | overall p50=2.45 p99=3.63 p999=5.09 ms | acked=65530 ackErr=0 ackLag=-520 ackAvg=4.73ms | e2e p50=11.20 p99=19.33 p999=50.43 ms
load_cpu=11.2%
[txn-final] txns=6479 msgs=64790 aborts=0 errs=0 in=64790 avg=10.00 msg/txn | commit p50=2.42 p99=3.86 p999=19.07 max=47.87 ms
[ids] ledger /root/bench/runs/txn/queen/1x100000-t10-9k/ids/p7.ids: 65010 confirmed, 0 failed, 0 unanswered
