kload tag=1x10000-1000k-p5 loader=5/9 mode=batch rate=111111 msg/s batch=100 batch-max=0 max-inflight=5000 ramp=10s duration=1m10s report=10s drain=0s GOMAXPROCS=16 GOGC=400 seed=1790757239971014476
  offered: 111111 msg/s = 1111.1 units/s (avg 100.0 msgs/unit) across 23 pacer workers (48.31 units/s each)
  topics: 1 x 10000 partitions (k1x10000-1000k..k1x10000-1000k), entities/topic=0 (explicit partition) | picker: topics=rr entities: rr over space=10000 starting at 5555
  payload: goload jsonEvent target 256 B, avg 289.6 B raw, ~320 B stamped ({"ts":µs,"src":5,...}), pool 64x100
  consumers: 33 here (ci 165..197 of 297), poll=1000 proc-us=0 ack=async ack-inflight=256 local-src=[3 4 5]
  kafka: brokers=10.114.0.2:9092,10.114.0.3:9092,10.114.0.4:9092 rf=3 min-isr=2 producers=4 linger=5ms compression=lz4 acks=all idempotent batch-max-bytes=1048576 | consumers: protocol=consumer fetch-max-wait=500ms fetch-min-bytes=1 fetch-max-partition-bytes=1048576 session=45s
  [topic] READY after 0.0s: 1 topics x 10000 partitions, leaders + full ISR
  [config] broker.compression.type = producer (STATIC_BROKER_CONFIG)
  [config] broker.default.replication.factor = 3 (STATIC_BROKER_CONFIG)
  [config] broker.group.consumer.assignors = uniform,range (DEFAULT_CONFIG)
  [config] broker.group.coordinator.rebalance.protocols = classic,consumer,streams (DEFAULT_CONFIG)
  [config] broker.group.initial.rebalance.delay.ms = 3000 (DEFAULT_CONFIG)
  [config] broker.log.flush.interval.messages = 9223372036854775807 (DEFAULT_CONFIG)
  [config] broker.log.flush.interval.ms = <nil> (DEFAULT_CONFIG)
  [config] broker.max.incremental.fetch.session.cache.slots = 4000 (STATIC_BROKER_CONFIG)
  [config] broker.min.insync.replicas = 2 (DYNAMIC_DEFAULT_BROKER_CONFIG)
  [config] broker.num.io.threads = 16 (STATIC_BROKER_CONFIG)
  [config] broker.num.network.threads = 8 (STATIC_BROKER_CONFIG)
  [config] broker.num.replica.fetchers = 8 (STATIC_BROKER_CONFIG)
  [config] topic.compression.type = producer (STATIC_BROKER_CONFIG)
  [config] topic.flush.messages = 9223372036854775807 (DEFAULT_CONFIG)
  [config] topic.flush.ms = 9223372036854775807 (DEFAULT_CONFIG)
  [config] topic.max.message.bytes = 16777216 (STATIC_BROKER_CONFIG)
  [config] topic.message.timestamp.type = CreateTime (DEFAULT_CONFIG)
  [config] topic.min.insync.replicas = 2 (DYNAMIC_TOPIC_CONFIG)
  [config] topic.retention.ms = 600000 (DYNAMIC_TOPIC_CONFIG)
  [config] topic.segment.bytes = 268435456 (DYNAMIC_TOPIC_CONFIG)
  [config] topic.unclean.leader.election.enable = false (STATIC_BROKER_CONFIG)
  [group] 33 consumers in 1 groups (k1x10000-1000k-g-t0 ... ), protocol consumer
  [group] t=+0.0s waiting: k1x10000-1000k-g-t0: local members 33/297 hold 0/10000 partitions (group-wide ? members=0 assigned=0)
  [group] t=+2.0s waiting: k1x10000-1000k-g-t0: local members 33/297 hold 0/10000 partitions (group-wide Assigning members=297 assigned=10000)
  [group] t=+4.0s waiting: k1x10000-1000k-g-t0: local members 33/297 hold 0/10000 partitions (group-wide Assigning members=297 assigned=10000)
  [group] t=+6.1s waiting: k1x10000-1000k-g-t0: local members 33/297 hold 0/10000 partitions (group-wide Reconciling members=297 assigned=34)
  [group] t=+8.1s waiting: k1x10000-1000k-g-t0: local members 33/297 hold 0/10000 partitions (group-wide Reconciling members=297 assigned=34)
  [group] t=+10.1s waiting: k1x10000-1000k-g-t0: local members 33/297 hold 0/10000 partitions (group-wide Reconciling members=297 assigned=34)
  [group] t=+12.1s waiting: k1x10000-1000k-g-t0: local members 33/297 hold 1105/10000 partitions (group-wide Stable members=297 assigned=10000)
  [group] STABLE after 14.1s: 1 groups, 33 local members holding 1105 partitions, assignEv=66 revokeEv=0 lostEv=0
  [produce] 4 clients connected to every broker with producer IDs in 0.03s; max buffered 501024 records per client
READY 1790757220454
[start] waiting 8.577s for the common start 1790757238872
[start] GO 08:33:58.872 (unix ms 1790757238872)
[08:34:08] offered=    55613/s achieved=    55353/s shed=        0/s inflight=    26 | p50=  14.78 p99=   39.68 p999=   72.19 ms | push=553500 pop=548700 lag=4800 | errs push=0 pop=0 empty=0 gor=579 | ack=    54033/s ackErr=0 ackAvg=79.59ms | e2e p50=14.27 p99=57.09 p999=74.24 n=548700 | e2e_local p50=14.14 p99=57.09 n=159500
[08:34:18] offered=   111097/s achieved=   111157/s shed=        0/s inflight=    18 | p50=  14.91 p99=   42.24 p999=   58.11 ms | push=1665100 pop=1653800 lag=11300 | errs push=0 pop=0 empty=0 gor=570 | ack=   110647/s ackErr=0 ackAvg=103.18ms | e2e p50=14.78 p99=42.24 p999=58.11 n=1105100 | e2e_local p50=14.91 p99=43.26 n=388100
[08:34:28] offered=   111093/s achieved=   111073/s shed=        0/s inflight=    22 | p50=  14.53 p99=   37.63 p999=   47.36 ms | push=2775800 pop=2758800 lag=17000 | errs push=0 pop=0 empty=0 gor=569 | ack=   110433/s ackErr=0 ackAvg=106.43ms | e2e p50=14.27 p99=38.66 p999=52.48 n=1105000 | e2e_local p50=14.53 p99=39.68 n=387500
[08:34:38] offered=   111101/s achieved=   111121/s shed=        0/s inflight=    20 | p50=  14.40 p99=   34.05 p999=   44.29 ms | push=3887000 pop=3863600 lag=23400 | errs push=0 pop=0 empty=0 gor=596 | ack=   110191/s ackErr=0 ackAvg=106.39ms | e2e p50=14.14 p99=34.56 p999=46.34 n=1104800 | e2e_local p50=14.53 p99=34.56 n=374200
[08:34:48] offered=   111101/s achieved=   111181/s shed=        0/s inflight=    12 | p50=  14.66 p99=   42.75 p999=   75.26 ms | push=4998800 pop=4968818 lag=29982 | errs push=0 pop=0 empty=0 gor=570 | ack=   110791/s ackErr=0 ackAvg=107.73ms | e2e p50=14.53 p99=38.66 p999=72.19 n=1105318 | e2e_local p50=14.78 p99=37.63 n=348200
[08:34:58] offered=   111100/s achieved=   111020/s shed=        0/s inflight=    21 | p50=  14.53 p99=   38.14 p999=   48.38 ms | push=6109000 pop=6073700 lag=35300 | errs push=0 pop=0 empty=0 gor=548 | ack=   110640/s ackErr=0 ackAvg=107.89ms | e2e p50=14.27 p99=37.12 p999=48.38 n=1104782 | e2e_local p50=14.53 p99=37.12 n=351900
[08:35:08] offered=   111104/s achieved=   111144/s shed=        0/s inflight=    12 | p50=  14.53 p99=   36.61 p999=   49.92 ms | push=7220500 pop=7179300 lag=41200 | errs push=0 pop=0 empty=0 gor=563 | ack=   110222/s ackErr=0 ackAvg=108.46ms | e2e p50=14.27 p99=37.63 p999=52.48 n=1105600 | e2e_local p50=14.40 p99=41.73 n=358700
[info] steady window 60s (after the ramp, before the producers stopped): offered 111099/s pushed 111116/s popped 110509/s cpu 112.6% = 1.01 cores per 100k msg/s (produce+consume)
[final] offered=72221 achieved=72221 shed=0 (msgs: offered=7222100 achieved=7222100 shed=0) pushErr=0 | pushed=7222100 popped=7182400 lag=39700 | popErr=0 empty=0 | overall p50=14.53 p99=38.66 p999=58.11 ms | acked=7182400 ackErr=0 ackLag=39700 ackAvg=108.45ms | e2e p50=14.40 p99=38.66 p999=62.72 ms
load_cpu=75.7%
