[2026-10-01T11:26:41Z] run 1x200-1000k: start: rate=1000000 over N=9 processes (3 loader hosts x 3) = 111111 msg/s each; 1 topic(s) x 200 partitions (200 total), entities=0 mode=batch batch=100 consumers=22/process (198 total) group-protocol=classic warm=0 tune=1 PROFILE=vm out=/Users/alice/Work/queen/benchmark-queen/2026-09-30-kafka-pulsar/runs/redpanda/1x200-1000k
[2026-10-01T11:26:41Z] run 1x200-1000k: note: 1000000 is not divisible by 9; offering 999999 msg/s
[2026-10-01T11:26:45Z] run 1x200-1000k: 1. cluster reset (PARTS=200, tune=1)
      n1 mkconf: node 1/3 ip=10.114.0.2 PARTS=200 segment_fallocation_step=33554432 partitions_memory_pct=10 memory_per_partition=204800 io-config=yes -> /root/bench/redpanda/conf
      n2 mkconf: node 2/3 ip=10.114.0.3 PARTS=200 segment_fallocation_step=33554432 partitions_memory_pct=10 memory_per_partition=204800 io-config=yes -> /root/bench/redpanda/conf
      n3 mkconf: node 3/3 ip=10.114.0.4 PARTS=200 segment_fallocation_step=33554432 partitions_memory_pct=10 memory_per_partition=204800 io-config=yes -> /root/bench/redpanda/conf
      n1 [2026-10-01T11:26:49Z] rc.sh n1: tuners applied (rc=0): 56 values differ from the OS baseline, 1 refused by the kernel (state/tune.txt)
      n2 [2026-10-01T11:26:49Z] rc.sh n2: tuners applied (rc=0): 56 values differ from the OS baseline, 1 refused by the kernel (state/tune.txt)
      n3 [2026-10-01T11:26:48Z] rc.sh n3: tuners applied (rc=0): 56 values differ from the OS baseline, 1 refused by the kernel (state/tune.txt)
    [2026-10-01T11:26:57Z] cluster: healthy in 12s
      n1 node=1 alive=1 ready=ready healthy=true controller=1 nodes=3 down=0 leaderless=0 under_replicated=0
      n2 node=2 alive=1 ready=ready healthy=true controller=1 nodes=3 down=0 leaderless=0 under_replicated=0
      n3 node=3 alive=1 ready=ready healthy=true controller=1 nodes=3 down=0 leaderless=0 under_replicated=0
      n1 node=1 redpanda=v26.2.3 conf_hash=b74c9b88 pid=764401 cmd=[/opt/redpanda/bin/redpanda --redpanda-cfg /root/bench/redpanda/conf/redpanda.yaml --io-properties-file=/root/bench/redpanda/conf/io-config.yaml --lock-memory=false] nofile=1048576 oom_score_adj=-950
      n2 node=2 redpanda=v26.2.3 conf_hash=b74c9b88 pid=675806 cmd=[/opt/redpanda/bin/redpanda --redpanda-cfg /root/bench/redpanda/conf/redpanda.yaml --lock-memory=false --io-properties-file=/root/bench/redpanda/conf/io-config.yaml] nofile=1048576 oom_score_adj=-950
      n3 node=3 redpanda=v26.2.3 conf_hash=b74c9b88 pid=674608 cmd=[/opt/redpanda/bin/redpanda --redpanda-cfg /root/bench/redpanda/conf/redpanda.yaml --lock-memory=false --io-properties-file=/root/bench/redpanda/conf/io-config.yaml] nofile=1048576 oom_score_adj=-950
      produced: Produced to partition 0 at offset 9999 with timestamp 1790854028298.
[2026-10-01T11:27:16Z] run 1x200-1000k: 2. samplers start (redpanda-1x200-1000k, every 2s) on 3 brokers + 3 loader hosts
[2026-10-01T11:27:17Z] run 1x200-1000k: 3. create 1 topic(s) x 200 partitions, RF 3 on loader 1
      kafka: brokers=10.114.0.2:9092,10.114.0.3:9092,10.114.0.4:9092 rf=3 min-isr=0 producers=4 linger=5ms compression=lz4 acks=all idempotent batch-max-bytes=1048576 | consumers: protocol=classic fetch-max-wait=500ms fetch-min-bytes=1 fetch-max-partition-bytes=1048576 session=45s
      [topic] 1 topics created, 0 grown, 200 partitions each x RF 3 accepted by the controller in 2.4s (1 requests of <= 5000 partitions)
      [topic] t=+0s 1 topics missing, 0 with != 200 partitions, 0 partitions without leader, 0 with ISR < replicas
      [topic] READY after 5.0s: 1 topics x 200 partitions, leaders + full ISR + every replica log on disk
      [config] broker.default.replication.factor = 3 (STATIC_BROKER_CONFIG)
      [config] topic.compression.type = producer (DEFAULT_CONFIG)
      [config] topic.flush.ms = 100 (DEFAULT_CONFIG)
      [config] topic.max.message.bytes = 16777216 (DEFAULT_CONFIG)
      [config] topic.message.timestamp.type = CreateTime (DEFAULT_CONFIG)
      [config] topic.retention.ms = 600000 (DYNAMIC_TOPIC_CONFIG)
      [config] topic.segment.bytes = 268435456 (DYNAMIC_TOPIC_CONFIG)
    [create] done: 1 topics x 200 partitions ready
[2026-10-01T11:27:24Z] run 1x200-1000k:    topics ready after 43s since start
    node=1 rss_MB=2956 threads=33 fds=410 data_MB=7678 part_dirs=200 disk_free_GB=331 busy_s=3.227 errors=0 warns=21 errors_since_mark=0 warns_since_mark=0 transfers=0 transfers_since_mark=0 elections_won=61 elections_won_since_mark=0 mark='none' uptime_s=35
    node=2 rss_MB=3564 threads=33 fds=410 data_MB=7678 part_dirs=200 disk_free_GB=327 busy_s=3.251 errors=0 warns=21 errors_since_mark=0 warns_since_mark=0 transfers=0 transfers_since_mark=0 elections_won=66 elections_won_since_mark=0 mark='none' uptime_s=35
    node=3 rss_MB=2948 threads=33 fds=410 data_MB=7678 part_dirs=200 disk_free_GB=331 busy_s=2.420 errors=0 warns=20 errors_since_mark=0 warns_since_mark=0 transfers=0 transfers_since_mark=0 elections_won=76 elections_won_since_mark=0 mark='none' uptime_s=35
[2026-10-01T11:27:25Z] run 1x200-1000k: 4. launch 9 kload processes
    launched 3 4 5 on queen-loader-02
    launched 6 7 8 on queen-loader-03
    launched 0 1 2 on queen-loader-01
[2026-10-01T11:27:34Z] run 1x200-1000k:    READY 0/9
[2026-10-01T11:27:45Z] run 1x200-1000k:    all 9 READY after 64s since start
[2026-10-01T11:28:14Z] run 1x200-1000k:    leader balancer quiet for 20s (32 transfers so far), 50 s after the topics were ready (waited 29 s here)
[2026-10-01T11:28:16Z] run 1x200-1000k: 5. start instant 1790854105538 (loader-1 clock + 10s) written to 9 start files; producing 70s (ramp 10s)
[2026-10-01T11:28:23Z] run 1x200-1000k:    0/9 exited | p0: 
[2026-10-01T11:28:57Z] run 1x200-1000k:    0/9 exited | p0: [11:28:55] offered=   111146/s achieved=   111096/s shed=        0/s inflight=    19 | p50=  12.22 p99=   94.72 p999=  140.29 ms | push=2776200 pop=2748500 lag=27700 | errs push=0 pop=0 empty=0 gor=25
[2026-10-01T11:29:31Z] run 1x200-1000k:    0/9 exited | p0: [11:29:25] offered=   111098/s achieved=   111018/s shed=        0/s inflight=    28 | p50=  12.35 p99=  168.96 p999=  362.50 ms | push=6108300 pop=6048200 lag=60100 | errs push=0 pop=0 empty=0 gor=27
[2026-10-01T11:29:38Z] run 1x200-1000k:    load finished after 177s since start
[2026-10-01T11:29:38Z] run 1x200-1000k: 6. collect
    node=1 rss_MB=15834 threads=33 fds=425 data_MB=14654 part_dirs=216 disk_free_GB=324 busy_s=374.926 errors=0 warns=22 errors_since_mark=0 warns_since_mark=1 transfers=6 transfers_since_mark=0 elections_won=80 elections_won_since_mark=0 mark='2026-10-01 11:28:14' uptime_s=169
    node=2 rss_MB=15829 threads=33 fds=425 data_MB=14654 part_dirs=216 disk_free_GB=320 busy_s=350.819 errors=0 warns=22 errors_since_mark=0 warns_since_mark=1 transfers=11 transfers_since_mark=0 elections_won=84 elections_won_since_mark=0 mark='2026-10-01 11:28:14' uptime_s=169
    node=3 rss_MB=15820 threads=33 fds=425 data_MB=14654 part_dirs=216 disk_free_GB=324 busy_s=233.119 errors=0 warns=21 errors_since_mark=0 warns_since_mark=1 transfers=15 transfers_since_mark=0 elections_won=87 elections_won_since_mark=0 mark='2026-10-01 11:28:14' uptime_s=169
[2026-10-01T11:29:50Z] run 1x200-1000k:    collected 1.1M into /Users/alice/Work/queen/benchmark-queen/2026-09-30-kafka-pulsar/runs/redpanda/1x200-1000k
    p0: msgs offered=7222300 achieved=7222300 shed=0 pushed=7222300 popped=7150200 lag=72100 errs push=0 pop=0 ack=0 | produce p50/p99/p999=12.10/103.94/238.59 ms | e2e p50/p99/p999=11.71/93.70/185.34 ms | cpu=43.8%
    p1: msgs offered=7222300 achieved=7222300 shed=0 pushed=7222300 popped=7150000 lag=72300 errs push=0 pop=0 ack=0 | produce p50/p99/p999=12.22/104.96/236.54 ms | e2e p50/p99/p999=12.22/96.77/230.40 ms | cpu=43.8%
    p2: msgs offered=7222400 achieved=7222400 shed=0 pushed=7222400 popped=7149900 lag=72500 errs push=0 pop=0 ack=0 | produce p50/p99/p999=12.10/105.98/248.83 ms | e2e p50/p99/p999=12.22/98.82/214.02 ms | cpu=43.6%
    p3: msgs offered=7222000 achieved=7222000 shed=0 pushed=7222000 popped=7150000 lag=72000 errs push=0 pop=0 ack=0 | produce p50/p99/p999=12.22/104.96/236.54 ms | e2e p50/p99/p999=11.33/93.70/177.15 ms | cpu=46.3%
    p4: msgs offered=7222100 achieved=7222100 shed=0 pushed=7222100 popped=7150000 lag=72100 errs push=0 pop=0 ack=0 | produce p50/p99/p999=12.22/103.94/257.02 ms | e2e p50/p99/p999=11.46/95.74/177.15 ms | cpu=46.3%
    p5: msgs offered=7222100 achieved=7222100 shed=0 pushed=7222100 popped=7475000 lag=-252900 errs push=0 pop=0 ack=0 | produce p50/p99/p999=12.35/105.98/272.38 ms | e2e p50/p99/p999=11.97/93.70/164.86 ms | cpu=47.0%
    p6: msgs offered=7222300 achieved=7222300 shed=0 pushed=7222300 popped=7150100 lag=72200 errs push=0 pop=0 ack=0 | produce p50/p99/p999=12.10/102.91/238.59 ms | e2e p50/p99/p999=15.04/102.91/236.54 ms | cpu=43.8%
    p7: msgs offered=7222200 achieved=7222200 shed=0 pushed=7222200 popped=7149900 lag=72300 errs push=0 pop=0 ack=0 | produce p50/p99/p999=12.22/105.98/230.40 ms | e2e p50/p99/p999=13.76/101.89/240.64 ms | cpu=43.4%
    p8: msgs offered=7222200 achieved=7222200 shed=0 pushed=7222200 popped=7474800 lag=-252600 errs push=0 pop=0 ack=0 | produce p50/p99/p999=12.10/102.91/244.74 ms | e2e p50/p99/p999=11.97/97.79/168.96 ms | cpu=44.6%
    total: 9/9 processes with a final line | msgs offered=64999900 achieved=64999900 shed=0 pushed=64999900 popped=64999900 errors=0 | worst produce p99=105.98 ms | worst e2e p99=102.91 ms
    shards busy (redpanda_cpu_busy_seconds_total over the steady window): n1=5.54 n2=5.17 n3=3.46 sum=14.18 cores
    broker produce latency (redpanda_kafka_request_latency_seconds, log2 bucket upper bounds, steady window): n1 p50<=32.8 p99<=131.1 p999<=262.1 ms (201110 req) | n2 p50<=4.1 p99<=32.8 p999<=65.5 ms (192401 req) | n3 p50<=4.1 p99<=32.8 p999<=131.1 ms (198432 req)
[2026-10-01T11:29:52Z] run 1x200-1000k:    stopping the cluster (data kept until the next reset)
[2026-10-01T11:29:53Z] run 1x200-1000k: DONE in 192s -> /Users/alice/Work/queen/benchmark-queen/2026-09-30-kafka-pulsar/runs/redpanda/1x200-1000k
