qload tag=1x200-t100-144k-w198-b100-p7 loader=7/9 mode=batch rate=16000 msg/s batch=100 batch-max=0 max-inflight=5000 ramp=10s duration=1m10s report=10s drain=1m0s GOMAXPROCS=16 GOGC=400 seed=1790886871200013004
  offered: 16000 msg/s = 160.0 units/s (avg 100.0 msgs/unit) across 4 pacer workers (40.00 units/s each)
  topics: 1 x 200 partitions (x1x200-t100-144k-w198-b100..x1x200-t100-144k-w198-b100), entities/topic=0 (explicit partition) | picker: topics=rr entities: rr over space=200 starting at 155
  payload: goload jsonEvent target 256 B, avg 289.4 B raw, ~319 B stamped ({"ts":µs,"src":7,...}), pool 64x100
  consumers: 22 here (ci 154..175 of 198), poll=1000 proc-us=0 ack=async ack-inflight=256 local-src=[6 7 8]
  queen: url=http://10.114.0.3:6632 (of 3) conns=2048 timeout=30s pop-width=1 pop-batch=1000 pop-timeout=2s lease=10s | configure: leaseTime=30 completedRetention=3600 dedup=0 retryLimit=1000000 | txn: x1x200-t100-144k-w198-b100-in -> workers (txn-size 100, linger 1s, one /transaction = acks with leases + pushes) -> x1x200-t100-144k-w198-b100-out, 22 read-committed readers
  [queen] http://10.114.0.3:6632 healthy: version 2.0.0-beta.2, this node follower
  [txn] 22 workers (ci 154..175 of 198): x1x200-t100-144k-w198-b100-in -> x1x200-t100-144k-w198-b100-out, txn-size 100, linger 1s, pop width 1, lease 10s
  [consume] 22 consumers of x1x200-t100-144k-w198-b100-out: pop width 1, batch 1000, long poll 2s, lease 10s, async batch acks (ack-inflight 256)
READY 1790887104953
[start] waiting 9.286s for the common start 1790887117448
[start] GO 20:38:37.448 (unix ms 1790887117448)
[20:38:47] offered=     8001/s achieved=     7981/s shed=        0/s inflight=     1 | p50=   3.95 p99=    6.43 p999=    9.28 ms | push=79800 pop=78000 lag=1800 | errs push=0 pop=0 empty=169 gor=159 | ack=     7781/s ackErr=0 ackAvg=4.99ms | e2e p50=18.56 p99=23.42 p999=25.73 n=78000 | e2e_local p50=18.30 p99=23.94 n=24500
[txn] 20:38:47 txn=      77/s msgs=     7671/s avg=100.00 msg/txn | commit p50=4.45 p99=6.75 p999=10.43 ms | aborts=0 errs=0 open=1 | in=     7681/s | total txns=767 msgs=76700 aborts=0 errs=0
[20:38:57] offered=    15999/s achieved=    16019/s shed=        0/s inflight=     0 | p50=   3.89 p99=    5.92 p999=    8.38 ms | push=240000 pop=238200 lag=1800 | errs push=0 pop=0 empty=169 gor=157 | ack=    16039/s ackErr=0 ackAvg=5.32ms | e2e p50=18.82 p99=24.45 p999=31.10 n=160200 | e2e_local p50=18.56 p99=24.45 n=55400
[txn] 20:38:57 txn=     161/s msgs=    16069/s avg=100.00 msg/txn | commit p50=4.58 p99=7.01 p999=8.90 ms | aborts=0 errs=0 open=0 | in=    16059/s | total txns=2374 msgs=237400 aborts=0 errs=0
[20:39:07] offered=    16001/s achieved=    16001/s shed=        0/s inflight=     0 | p50=   3.95 p99=    6.37 p999=    8.90 ms | push=400000 pop=398200 lag=1800 | errs push=0 pop=0 empty=169 gor=157 | ack=    16001/s ackErr=0 ackAvg=5.42ms | e2e p50=19.07 p99=24.19 p999=26.75 n=160000 | e2e_local p50=18.56 p99=23.42 n=53700
[txn] 20:39:07 txn=     160/s msgs=    16031/s avg=100.00 msg/txn | commit p50=4.58 p99=7.14 p999=9.66 ms | aborts=0 errs=0 open=1 | in=    16041/s | total txns=3977 msgs=397700 aborts=0 errs=0
[20:39:17] offered=    16000/s achieved=    16000/s shed=        0/s inflight=     0 | p50=   3.92 p99=    5.79 p999=    9.02 ms | push=560000 pop=557700 lag=2300 | errs push=0 pop=0 empty=169 gor=159 | ack=    15930/s ackErr=0 ackAvg=5.41ms | e2e p50=19.07 p99=27.52 p999=34.05 n=159500 | e2e_local p50=18.56 p99=28.03 n=48900
[txn] 20:39:17 txn=     160/s msgs=    16020/s avg=100.00 msg/txn | commit p50=4.58 p99=7.26 p999=10.05 ms | aborts=0 errs=0 open=0 | in=    16010/s | total txns=5579 msgs=557900 aborts=0 errs=0
[20:39:27] offered=    15999/s achieved=    15999/s shed=        0/s inflight=     0 | p50=   3.95 p99=    5.92 p999=    8.64 ms | push=720000 pop=716700 lag=3300 | errs push=0 pop=0 empty=169 gor=157 | ack=    15919/s ackErr=0 ackAvg=5.47ms | e2e p50=19.07 p99=25.73 p999=31.36 n=159000 | e2e_local p50=18.56 p99=25.22 n=55600
[txn] 20:39:27 txn=     158/s msgs=    15779/s avg=100.00 msg/txn | commit p50=4.70 p99=8.77 p999=12.86 ms | aborts=0 errs=0 open=1 | in=    15789/s | total txns=7157 msgs=715700 aborts=0 errs=0
[20:39:37] offered=    16001/s achieved=    16001/s shed=        0/s inflight=     0 | p50=   3.98 p99=    7.78 p999=   11.46 ms | push=880000 pop=877000 lag=3000 | errs push=0 pop=0 empty=169 gor=157 | ack=    16031/s ackErr=0 ackAvg=5.50ms | e2e p50=19.07 p99=28.03 p999=33.54 n=160300 | e2e_local p50=18.82 p99=27.78 n=53700
[txn] 20:39:37 txn=     158/s msgs=    15781/s avg=100.00 msg/txn | commit p50=4.64 p99=7.65 p999=11.97 ms | aborts=0 errs=0 open=0 | in=    15771/s | total txns=8735 msgs=873500 aborts=0 errs=0
[drain] workers and readers keep going for up to 59.999s (ends early after 3s idle; lag now 3500)
[20:39:47] offered=    15999/s achieved=    15999/s shed=        0/s inflight=     0 | p50=   3.98 p99=    7.84 p999=   13.63 ms | push=1040000 pop=1036500 lag=3500 | errs push=0 pop=0 empty=169 gor=158 | ack=    15899/s ackErr=0 ackAvg=5.51ms | e2e p50=19.07 p99=28.03 p999=31.87 n=159500 | e2e_local p50=18.30 p99=28.03 n=52100
[txn] 20:39:47 txn=     160/s msgs=    16009/s avg=100.00 msg/txn | commit p50=4.70 p99=7.46 p999=14.27 ms | aborts=0 errs=0 open=0 | in=    16009/s | total txns=10336 msgs=1033600 aborts=0 errs=0
[drain] idle for 3s after 3.1s: ending the drain (lag 3300)
[info] steady window 60s (after the ramp, before the producers stopped): offered 16000/s pushed 16003/s popped 15975/s cpu 57.7% = 3.61 cores per 100k msg/s (produce+consume)
[final] offered=10400 achieved=10400 shed=0 (msgs: offered=1040000 achieved=1040000 shed=0) pushErr=0 | pushed=1040000 popped=1036700 lag=3300 | popErr=0 empty=208 | overall p50=3.95 p99=6.50 p999=10.18 ms | acked=1036700 ackErr=0 ackLag=3300 ackAvg=5.51ms | e2e p50=19.07 p99=25.98 p999=32.13 ms
load_cpu=44.1%
[txn-final] txns=10336 msgs=1033600 aborts=0 errs=0 in=1033600 avg=100.00 msg/txn | commit p50=4.64 p99=7.46 p999=10.43 max=14.53 ms
[ids] ledger /root/bench/runs/txn/queen/1x200-t100-144k-w198-b100/ids/p7.ids: 1040000 confirmed, 0 failed, 0 unanswered
