kload tag=1000x100-1000k-create loader=0/1 mode=batch rate=0 msg/s batch=100 batch-max=0 max-inflight=5000 ramp=10s duration=1m10s report=10s drain=0s GOMAXPROCS=16 GOGC=400 seed=1790760300308645235
  topics: 1000 x 100 partitions (k1000x100-1000k-t0..k1000x100-1000k-t999), entities/topic=0 (explicit partition) | picker: topics=rr entities: rr over space=100 starting at 0
  payload: goload jsonEvent target 256 B, avg 289.5 B raw, ~320 B stamped ({"ts":µs,"src":0,...}), pool 64x100
  consumers: 4 here (ci 0..3 of 4), poll=1000 proc-us=0 ack=async ack-inflight=256 local-src=[0]
  kafka: brokers=10.114.0.2:9092,10.114.0.3:9092,10.114.0.4:9092 rf=3 min-isr=2 producers=4 linger=5ms compression=lz4 acks=all idempotent batch-max-bytes=1048576 | consumers: protocol=consumer fetch-max-wait=500ms fetch-min-bytes=1 fetch-max-partition-bytes=1048576 session=45s
  [topic] 1000 topics created, 0 grown, 100 partitions each x RF 3 accepted by the controller in 1.4s (20 requests of <= 5000 partitions)
  [topic] t=+0s 1000 topics missing, 0 with != 100 partitions, 0 partitions without leader, 0 with ISR < replicas
  [topic] t=+10s 19477/300000 replica logs on disk
  [topic] t=+21s 34370/300000 replica logs on disk
  [topic] t=+31s 700 topics missing, 0 with != 100 partitions, 0 partitions without leader, 0 with ISR < replicas
  [topic] t=+43s 65982/300000 replica logs on disk
  [topic] t=+54s 82245/300000 replica logs on disk
  [topic] t=+64s 97607/300000 replica logs on disk
  [topic] t=+74s 113780/300000 replica logs on disk
  [topic] t=+85s 300 topics missing, 0 with != 100 partitions, 0 partitions without leader, 0 with ISR < replicas
  [topic] t=+96s 143716/300000 replica logs on disk
  [topic] t=+107s 100 topics missing, 0 with != 100 partitions, 0 partitions without leader, 0 with ISR < replicas
  [topic] t=+118s 174721/300000 replica logs on disk
  [topic] t=+128s 0 topics missing, 0 with != 100 partitions, 0 partitions without leader, 65884 with ISR < replicas
  [topic] t=+139s 195077/300000 replica logs on disk
  [topic] t=+150s 204085/300000 replica logs on disk
  [topic] t=+161s 213329/300000 replica logs on disk
  [topic] t=+172s 0 topics missing, 0 with != 100 partitions, 0 partitions without leader, 95000 with ISR < replicas
  [topic] t=+183s 232127/300000 replica logs on disk
  [topic] t=+193s 0 topics missing, 0 with != 100 partitions, 0 partitions without leader, 95000 with ISR < replicas
  [topic] t=+204s 248931/300000 replica logs on disk
  [topic] t=+215s 257957/300000 replica logs on disk
  [topic] t=+225s 0 topics missing, 0 with != 100 partitions, 0 partitions without leader, 95000 with ISR < replicas
  [topic] t=+236s 0 topics missing, 0 with != 100 partitions, 0 partitions without leader, 95000 with ISR < replicas
  [topic] t=+247s 285416/300000 replica logs on disk
  [topic] t=+257s 294323/300000 replica logs on disk
  [topic] t=+267s 0 topics missing, 0 with != 100 partitions, 0 partitions without leader, 63323 with ISR < replicas
  [topic] t=+278s ready, holding for -topic-settle
  [topic] t=+289s ready, holding for -topic-settle
  [topic] t=+301s ready, holding for -topic-settle
  [topic] READY after 308.9s: 1000 topics x 100 partitions, leaders + full ISR + every replica log on disk
  [warm] t=+1s ready, holding for -topic-settle
  [warm] t=+11s ready, holding for -topic-settle
  [warm] t=+22s ready, holding for -topic-settle
  [warm] one record (no "ts") into each of 100000 partitions, acks=all, in 28.4s; READY again after 31.7s
  [config] broker.compression.type = producer (STATIC_BROKER_CONFIG)
  [config] broker.default.replication.factor = 3 (STATIC_BROKER_CONFIG)
  [config] broker.group.consumer.assignors = uniform,range (DEFAULT_CONFIG)
  [config] broker.group.coordinator.rebalance.protocols = classic,consumer,streams (DEFAULT_CONFIG)
  [config] broker.group.initial.rebalance.delay.ms = 3000 (DEFAULT_CONFIG)
  [config] broker.log.flush.interval.messages = 9223372036854775807 (DEFAULT_CONFIG)
  [config] broker.log.flush.interval.ms = <nil> (DEFAULT_CONFIG)
  [config] broker.max.incremental.fetch.session.cache.slots = 4000 (STATIC_BROKER_CONFIG)
  [config] broker.min.insync.replicas = 2 (DYNAMIC_DEFAULT_BROKER_CONFIG)
  [config] broker.num.io.threads = 16 (STATIC_BROKER_CONFIG)
  [config] broker.num.network.threads = 8 (STATIC_BROKER_CONFIG)
  [config] broker.num.replica.fetchers = 8 (STATIC_BROKER_CONFIG)
  [config] topic.compression.type = producer (STATIC_BROKER_CONFIG)
  [config] topic.flush.messages = 9223372036854775807 (DEFAULT_CONFIG)
  [config] topic.flush.ms = 9223372036854775807 (DEFAULT_CONFIG)
  [config] topic.max.message.bytes = 16777216 (STATIC_BROKER_CONFIG)
  [config] topic.message.timestamp.type = CreateTime (DEFAULT_CONFIG)
  [config] topic.min.insync.replicas = 2 (DYNAMIC_TOPIC_CONFIG)
  [config] topic.retention.ms = 600000 (DYNAMIC_TOPIC_CONFIG)
  [config] topic.segment.bytes = 268435456 (DYNAMIC_TOPIC_CONFIG)
  [config] topic.unclean.leader.election.enable = false (STATIC_BROKER_CONFIG)
[create] done: 1000 topics x 100 partitions ready
