kload tag=1x10000-1000k-p1 loader=1/9 mode=batch rate=111111 msg/s batch=100 batch-max=0 max-inflight=5000 ramp=10s duration=1m10s report=10s drain=0s GOMAXPROCS=16 GOGC=400 seed=1790754550354009836
  offered: 111111 msg/s = 1111.1 units/s (avg 100.0 msgs/unit) across 23 pacer workers (48.31 units/s each)
  topics: 1 x 10000 partitions (k1x10000-1000k..k1x10000-1000k), entities/topic=0 (explicit partition) | picker: topics=rr entities: rr over space=10000 starting at 1111
  payload: goload jsonEvent target 256 B, avg 289.6 B raw, ~320 B stamped ({"ts":µs,"src":1,...}), pool 64x100
  consumers: 33 here (ci 33..65 of 297), poll=1000 proc-us=0 ack=async ack-inflight=256 local-src=[0 1 2]
  kafka: brokers=10.114.0.2:9092,10.114.0.3:9092,10.114.0.4:9092 rf=3 min-isr=2 producers=4 linger=5ms compression=lz4 acks=all idempotent batch-max-bytes=1048576 | consumers: protocol=consumer fetch-max-wait=500ms fetch-min-bytes=1 fetch-max-partition-bytes=1048576 session=45s
  [topic] READY after 0.0s: 1 topics x 10000 partitions, leaders + full ISR
  [config] broker.compression.type = producer (STATIC_BROKER_CONFIG)
  [config] broker.default.replication.factor = 3 (STATIC_BROKER_CONFIG)
  [config] broker.group.consumer.assignors = uniform,range (DEFAULT_CONFIG)
  [config] broker.group.coordinator.rebalance.protocols = classic,consumer,streams (DEFAULT_CONFIG)
  [config] broker.group.initial.rebalance.delay.ms = 3000 (DEFAULT_CONFIG)
  [config] broker.log.flush.interval.messages = 9223372036854775807 (DEFAULT_CONFIG)
  [config] broker.log.flush.interval.ms = <nil> (DEFAULT_CONFIG)
  [config] broker.max.incremental.fetch.session.cache.slots = 4000 (STATIC_BROKER_CONFIG)
  [config] broker.min.insync.replicas = 2 (DYNAMIC_DEFAULT_BROKER_CONFIG)
  [config] broker.num.io.threads = 16 (STATIC_BROKER_CONFIG)
  [config] broker.num.network.threads = 8 (STATIC_BROKER_CONFIG)
  [config] broker.num.replica.fetchers = 4 (STATIC_BROKER_CONFIG)
  [config] topic.compression.type = producer (STATIC_BROKER_CONFIG)
  [config] topic.flush.messages = 9223372036854775807 (DEFAULT_CONFIG)
  [config] topic.flush.ms = 9223372036854775807 (DEFAULT_CONFIG)
  [config] topic.max.message.bytes = 1048588 (DEFAULT_CONFIG)
  [config] topic.message.timestamp.type = CreateTime (DEFAULT_CONFIG)
  [config] topic.min.insync.replicas = 2 (DYNAMIC_TOPIC_CONFIG)
  [config] topic.retention.ms = 600000 (DYNAMIC_TOPIC_CONFIG)
  [config] topic.segment.bytes = 268435456 (DYNAMIC_TOPIC_CONFIG)
  [config] topic.unclean.leader.election.enable = false (STATIC_BROKER_CONFIG)
  [group] 33 consumers in 1 groups (k1x10000-1000k-g-t0 ... ), protocol consumer
  [group] t=+0.0s waiting: k1x10000-1000k-g-t0: local members 33/297 hold 0/10000 partitions (group-wide ? members=0 assigned=0)
  [group] t=+2.1s waiting: k1x10000-1000k-g-t0: local members 33/297 hold 0/10000 partitions (group-wide Assigning members=297 assigned=10000)
  [group] t=+4.1s waiting: k1x10000-1000k-g-t0: local members 33/297 hold 0/10000 partitions (group-wide Assigning members=297 assigned=10000)
  [group] t=+6.1s waiting: k1x10000-1000k-g-t0: local members 33/297 hold 302/10000 partitions (group-wide Reconciling members=297 assigned=4573)
  [group] t=+8.1s waiting: k1x10000-1000k-g-t0: local members 33/297 hold 302/10000 partitions (group-wide Reconciling members=297 assigned=4573)
  [group] t=+10.1s waiting: k1x10000-1000k-g-t0: local members 33/297 hold 302/10000 partitions (group-wide Reconciling members=297 assigned=4573)
  [group] t=+12.1s waiting: k1x10000-1000k-g-t0: local members 33/297 hold 1110/10000 partitions (group-wide Stable members=297 assigned=10000)
  [group] STABLE after 14.1s: 1 groups, 33 local members holding 1110 partitions, assignEv=66 revokeEv=0 lostEv=0
  [produce] 4 clients connected to every broker with producer IDs in 0.02s; max buffered 501024 records per client
READY 1790754551363
[start] waiting 9.173s for the common start 1790754566358
[start] GO 07:49:26.358 (unix ms 1790754566358)
[07:49:36] offered=    55585/s achieved=    55405/s shed=        0/s inflight=    18 | p50=  16.06 p99=   37.63 p999=   80.38 ms | push=554000 pop=553200 lag=800 | errs push=0 pop=0 empty=0 gor=584 | ack=    54337/s ackErr=0 ackAvg=95.04ms | e2e p50=16.51 p99=33.54 p999=43.26 n=553200 | e2e_local p50=16.51 p99=33.02 n=204900
[07:49:46] offered=   111100/s achieved=   111100/s shed=        0/s inflight=    18 | p50=  15.81 p99=   49.41 p999=   70.14 ms | push=1665000 pop=1663500 lag=1500 | errs push=0 pop=0 empty=0 gor=574 | ack=   111097/s ackErr=0 ackAvg=106.88ms | e2e p50=16.32 p99=47.36 p999=72.19 n=1110300 | e2e_local p50=16.32 p99=57.09 n=363600
[07:49:56] offered=   111106/s achieved=   111116/s shed=        0/s inflight=    17 | p50=  15.81 p99=   43.78 p999=   60.67 ms | push=2776200 pop=2773000 lag=3200 | errs push=0 pop=0 empty=0 gor=577 | ack=   111002/s ackErr=0 ackAvg=109.02ms | e2e p50=16.06 p99=40.19 p999=59.14 n=1109500 | e2e_local p50=15.94 p99=38.66 n=360200
[07:50:06] offered=   111108/s achieved=   111068/s shed=        0/s inflight=    22 | p50=  15.55 p99=   41.73 p999=   71.17 ms | push=3886900 pop=3883100 lag=3800 | errs push=0 pop=0 empty=0 gor=592 | ack=   110942/s ackErr=0 ackAvg=109.33ms | e2e p50=16.06 p99=40.19 p999=62.21 n=1110100 | e2e_local p50=16.06 p99=41.22 n=360000
[07:50:16] offered=   111105/s achieved=   111145/s shed=        0/s inflight=    14 | p50=  15.94 p99=   55.55 p999=   77.31 ms | push=4998300 pop=4993100 lag=5200 | errs push=0 pop=0 empty=0 gor=585 | ack=   110975/s ackErr=0 ackAvg=110.02ms | e2e p50=16.51 p99=59.14 p999=84.48 n=1110000 | e2e_local p50=16.32 p99=63.74 n=376300
[07:50:26] offered=   111111/s achieved=   111121/s shed=        0/s inflight=    16 | p50=  15.42 p99=   37.63 p999=   52.99 ms | push=6109500 pop=6103000 lag=6500 | errs push=0 pop=0 empty=0 gor=577 | ack=   111131/s ackErr=0 ackAvg=109.53ms | e2e p50=15.94 p99=39.17 p999=55.04 n=1109900 | e2e_local p50=15.81 p99=38.14 n=373700
[07:50:36] offered=   111086/s achieved=   111106/s shed=        0/s inflight=    14 | p50=  15.81 p99=   50.43 p999=   84.48 ms | push=7220700 pop=7213300 lag=7400 | errs push=0 pop=0 empty=0 gor=545 | ack=   111026/s ackErr=0 ackAvg=109.86ms | e2e p50=16.51 p99=48.38 p999=75.26 n=1110300 | e2e_local p50=16.51 p99=49.41 n=386800
[info] steady window 60s (after the ramp, before the producers stopped): offered 111103/s pushed 111109/s popped 110999/s cpu 101.6% = 0.91 cores per 100k msg/s (produce+consume)
[final] offered=72221 achieved=72221 shed=0 (msgs: offered=7222100 achieved=7222100 shed=0) pushErr=0 | pushed=7222100 popped=7214900 lag=7200 | popErr=0 empty=0 | overall p50=15.81 p99=46.85 p999=73.22 ms | acked=7214900 ackErr=0 ackLag=7200 ackAvg=109.86ms | e2e p50=16.19 p99=44.80 p999=72.19 ms
load_cpu=70.6%
