WARN max-pending 100000 per partition producer would preallocate 457 MB over 200 partitions (24 B/slot); using 13981 (-pending-budget-mb 64)
pload tag=1x1800-t10-288k-w1800-p5 loader=5/9 mode=batch rate=32000 msg/s batch=10 batch-max=0 max-inflight=5000 ramp=10s duration=1m10s report=10s drain=1m0s GOMAXPROCS=16 GOGC=400 seed=1790884901861743122
  offered: 32000 msg/s = 3200.0 units/s (avg 10.0 msgs/unit) across 64 pacer workers (50.00 units/s each)
  topics: 1 x 1800 partitions (x1x1800-t10-288k-w1800..x1x1800-t10-288k-w1800), entities/topic=0 (explicit partition) | picker: topics=rr entities: rr over space=200 starting at 0 [producer shard 5/9: partitions p % 9 == 5, entity j -> partition 5 + j*9]
  payload: goload jsonEvent target 256 B, avg 289.6 B raw, ~320 B stamped ({"ts":µs,"src":5,...}), pool 64x10
  consumers: 200 here (ci 1000..1199 of 1800), poll=1000 proc-us=0 ack=async ack-inflight=256 local-src=[3 4 5]
  pulsar: url=pulsar://10.114.0.2:6650,10.114.0.3:6650,10.114.0.4:6650 admin=http://10.114.0.2:8080 ns=bench/ns sub=sub type=failover compression=lz4 batch=5ms/10 msgs/131072 B max-pending=13981/partition mem-limit=64 MB receiver-queue=1000 ack-group=100ms conns/broker=1 | feeder batches capped at -txn-size messages (whole entries per transaction) | txn: x1x1800-t10-288k-w1800-in -> 200 workers (own client + TC each, NewTransaction timeout 10s, send+AckWithTxn on whole entries, txn-size 10, linger 1s) -> x1x1800-t10-288k-w1800-out, 200 readers
  [admin] 2 topics with 1800 partitions and subscription "sub" exist (checked in 0.0s)
  [txn] 200 workers (ci 1000..1199 of 1800, 0 idle): each its own client + TC, a failover consumer on its partitions of x1x1800-t10-288k-w1800-in, 200 producers on x1x1800-t10-288k-w1800-out in all; txn-size 10, linger 1s, txn-timeout 10s; ready in 1.6s
  [consume] 200 consumers (ci 1000..1199 of 1800), failover, partition slices (every partition exactly one consumer): 200 partition registrations here, 1800 in total across all processes; idle 0 here, 0 in total; subscribed in 0.2s, settling 2s
  [produce] producer shard 5/9: 200 partitions per topic (p % 9 == 5) x 1 topics, per-partition producers created lazily on first use
READY 1790884672259
[start] waiting 9.221s for the common start 1790884686508
[start] GO 19:58:06.508 (unix ms 1790884686508)
[19:58:16] offered=    15998/s achieved=    15964/s shed=        0/s inflight=    38 | p50=   9.54 p99=   39.68 p999=   59.65 ms | push=159630 pop=127700 lag=31930 | errs push=0 pop=0 empty=0 gor=25579 | ack=    12771/s ackErr=0 ackAvg=0.01ms | e2e p50=485.38 p99=1236.99 p999=1351.68 n=127720 | e2e_local p50=501.76 p99=1269.76 n=41860
[txn] 19:58:16 txn=    1276/s msgs=    12757/s avg= 10.00 msg/txn | commit p50=85.50 p99=391.17 p999=403.46 ms | aborts=0 errs=0 open=200 | in=    12957/s | total txns=12756 msgs=127560 aborts=0 errs=0
[19:58:26] offered=    32000/s achieved=    32003/s shed=        0/s inflight=    34 | p50=  12.35 p99=   46.85 p999=   72.19 ms | push=479660 pop=299710 lag=179950 | errs push=0 pop=0 empty=0 gor=29812 | ack=    17201/s ackErr=0 ackAvg=0.01ms | e2e p50=3063.81 p99=6258.69 p999=6848.51 n=172000 | e2e_local p50=3129.34 p99=6324.22 n=56150
[txn] 19:58:26 txn=    1719/s msgs=    17194/s avg= 10.00 msg/txn | commit p50=94.72 p99=329.73 p999=493.57 ms | aborts=0 errs=0 open=200 | in=    17194/s | total txns=29950 msgs=299500 aborts=0 errs=0
[19:58:36] offered=    31999/s achieved=    32008/s shed=        0/s inflight=    26 | p50=  11.84 p99=   45.31 p999=   62.21 ms | push=799750 pop=483060 lag=316690 | errs push=0 pop=0 empty=0 gor=30913 | ack=    18335/s ackErr=0 ackAvg=0.01ms | e2e p50=7569.41 p99=11206.66 p999=11862.02 n=183340 | e2e_local p50=7700.48 p99=11468.80 n=59910
[txn] 19:58:36 txn=    1830/s msgs=    18305/s avg= 10.00 msg/txn | commit p50=89.60 p99=387.07 p999=468.99 ms | aborts=0 errs=0 open=200 | in=    18305/s | total txns=48255 msgs=482550 aborts=0 errs=0
[19:58:46] offered=    31998/s achieved=    31965/s shed=        0/s inflight=    55 | p50=  11.71 p99=   44.80 p999=   64.77 ms | push=1119450 pop=680710 lag=438740 | errs push=0 pop=0 empty=0 gor=32425 | ack=    19762/s ackErr=0 ackAvg=0.01ms | e2e p50=11862.02 p99=15794.18 p999=16580.61 n=197680 | e2e_local p50=11993.09 p99=15925.25 n=64740
[txn] 19:58:46 txn=    1981/s msgs=    19806/s avg= 10.00 msg/txn | commit p50=85.50 p99=313.34 p999=423.94 ms | aborts=0 errs=0 open=200 | in=    19806/s | total txns=68064 msgs=680640 aborts=0 errs=0
[19:58:56] offered=    32004/s achieved=    32019/s shed=        0/s inflight=    39 | p50=  11.71 p99=   58.62 p999=  113.15 ms | push=1439580 pop=876380 lag=563200 | errs push=0 pop=0 empty=0 gor=32193 | ack=    19571/s ackErr=0 ackAvg=0.01ms | e2e p50=15925.25 p99=20578.30 p999=21364.74 n=195660 | e2e_local p50=16056.32 p99=20840.45 n=63960
[txn] 19:58:56 txn=    1956/s msgs=    19557/s avg= 10.00 msg/txn | commit p50=86.53 p99=342.02 p999=518.14 ms | aborts=0 errs=0 open=200 | in=    19557/s | total txns=87617 msgs=876170 aborts=0 errs=0
[19:59:06] offered=    31999/s achieved=    31995/s shed=        0/s inflight=    50 | p50=  11.71 p99=   47.36 p999=   75.26 ms | push=1759530 pop=1063080 lag=696450 | errs push=0 pop=0 empty=0 gor=31308 | ack=    18670/s ackErr=0 ackAvg=0.01ms | e2e p50=19791.87 p99=25296.90 p999=26345.47 n=186680 | e2e_local p50=20054.02 p99=25559.04 n=61410
[txn] 19:59:06 txn=    1867/s msgs=    18667/s avg= 10.00 msg/txn | commit p50=88.58 p99=346.11 p999=452.61 ms | aborts=0 errs=0 open=200 | in=    18667/s | total txns=106284 msgs=1062840 aborts=0 errs=0
[19:59:16] offered=    32001/s achieved=    32000/s shed=        0/s inflight=    41 | p50=  11.20 p99=   42.24 p999=   66.05 ms | push=2079550 pop=1247340 lag=832210 | errs push=0 pop=0 empty=0 gor=31005 | ack=    18425/s ackErr=0 ackAvg=0.01ms | e2e p50=24248.32 p99=30277.63 p999=31588.35 n=184260 | e2e_local p50=24510.46 p99=30277.63 n=60020
[txn] 19:59:16 txn=    1844/s msgs=    18438/s avg= 10.00 msg/txn | commit p50=80.38 p99=432.13 p999=473.09 ms | aborts=0 errs=0 open=200 | in=    18438/s | total txns=124723 msgs=1247230 aborts=0 errs=0
[drain] workers and readers keep going for up to 59.943s (ends early after 3s idle; lag now 831570)
[19:59:26] offered=        0/s achieved=       45/s shed=        0/s inflight=     0 | p50=  27.01 p99=   83.46 p999=   83.46 ms | push=2080000 pop=1468150 lag=611850 | errs push=0 pop=0 empty=0 gor=34615 | ack=    22082/s ackErr=0 ackAvg=0.01ms | e2e p50=27918.34 p99=34340.86 p999=36438.02 n=220810 | e2e_local p50=28442.62 p99=35389.44 n=72170
[txn] 19:59:26 txn=    2207/s msgs=    22073/s avg= 10.00 msg/txn | commit p50=69.12 p99=378.88 p999=626.69 ms | aborts=0 errs=0 open=200 | in=    22073/s | total txns=146795 msgs=1467950 aborts=0 errs=0
[19:59:36] offered=        0/s achieved=        0/s shed=        0/s inflight=     0 | p50=   0.00 p99=    0.00 p999=    0.00 ms | push=2080000 pop=1711130 lag=368870 | errs push=0 pop=0 empty=0 gor=36869 | ack=    24298/s ackErr=0 ackAvg=0.01ms | e2e p50=30539.78 p99=38010.88 p999=40108.03 n=242980 | e2e_local p50=30801.92 p99=38535.17 n=78950
[txn] 19:59:36 txn=    2430/s msgs=    24305/s avg= 10.00 msg/txn | commit p50=66.05 p99=292.86 p999=374.78 ms | aborts=0 errs=0 open=195 | in=    24300/s | total txns=171100 msgs=1711000 aborts=0 errs=0
[19:59:46] offered=        0/s achieved=        0/s shed=        0/s inflight=     0 | p50=   0.00 p99=    0.00 p999=    0.00 ms | push=2080000 pop=1939930 lag=140070 | errs push=0 pop=0 empty=0 gor=35366 | ack=    22880/s ackErr=0 ackAvg=0.01ms | e2e p50=34340.86 p99=41156.61 p999=43253.76 n=228800 | e2e_local p50=34865.15 p99=41680.90 n=76510
[txn] 19:59:46 txn=    2289/s msgs=    22885/s avg= 10.00 msg/txn | commit p50=62.21 p99=238.59 p999=321.54 ms | aborts=0 errs=0 open=147 | in=    22837/s | total txns=193985 msgs=1939850 aborts=0 errs=0
[19:59:56] offered=        0/s achieved=        0/s shed=        0/s inflight=     0 | p50=   0.00 p99=    0.00 p999=    0.00 ms | push=2080000 pop=2080000 lag=0 | errs push=0 pop=0 empty=0 gor=26304 | ack=    14007/s ackErr=0 ackAvg=0.01ms | e2e p50=37486.59 p99=42729.47 p999=43778.05 n=140070 | e2e_local p50=37486.59 p99=42729.47 n=50720
[txn] 19:59:56 txn=    1401/s msgs=    14015/s avg= 10.00 msg/txn | commit p50=43.78 p99=127.49 p999=158.72 ms | aborts=0 errs=0 open=0 | in=    13868/s | total txns=208000 msgs=2080000 aborts=0 errs=0
[drain] idle for 3s after 41.5s: ending the drain (lag 0)
[info] txn workers: 0 re-subscriptions after an abort, 0 messages held outside a transaction at the stop (left unacked)
[info] producers created: 200 per-partition producers (shard), 0 creation errors, avg creation 20.8 ms
[info] steady window 60s (after the ramp, before the producers stopped): offered 32000/s pushed 31998/s popped 18660/s cpu 270.4% = 8.45 cores per 100k msg/s (produce+consume)
[final] offered=208000 achieved=208000 shed=0 (msgs: offered=2080000 achieved=2080000 shed=0) pushErr=0 | pushed=2080000 popped=2080000 lag=0 | popErr=0 empty=0 | overall p50=11.58 p99=46.85 p999=77.31 ms | acked=2080000 ackErr=0 ackLag=0 ackAvg=0.01ms | e2e p50=20054.02 p99=39583.74 p999=42729.47 ms
load_cpu=200.6%
[txn-final] txns=208000 msgs=2080000 aborts=0 errs=0 in=2080000 avg=10.00 msg/txn | commit p50=76.29 p99=342.02 p999=489.47 max=708.61 ms
[ids] ledger /root/bench/runs/txn/pulsar/1x1800-t10-288k-w1800/ids/p5.ids: 2080000 confirmed, 0 failed, 0 unanswered
