kload tag=reh-1x2000-10k-p1 loader=1/3 mode=batch rate=3333 msg/s batch=100 batch-max=0 max-inflight=5000 ramp=5s duration=30s report=10s drain=0s GOMAXPROCS=2 GOGC=400 seed=1790751781813644491
  offered: 3333 msg/s = 33.3 units/s (avg 100.0 msgs/unit) across 1 pacer workers (33.33 units/s each)
  topics: 1 x 2000 partitions (kreh-1x2000-10k..kreh-1x2000-10k), entities/topic=0 (explicit partition) | picker: topics=rr entities: rr over space=2000 starting at 666
  payload: goload jsonEvent target 256 B, avg 289.5 B raw, ~320 B stamped ({"ts":µs,"src":1,...}), pool 64x100
  consumers: 4 here (ci 4..7 of 12), poll=1000 proc-us=0 ack=async ack-inflight=256 local-src=[0 1 2]
  kafka: brokers=10.201.0.2:9092,10.201.0.3:9092,10.201.0.4:9092 rf=3 min-isr=2 producers=4 linger=5ms compression=lz4 acks=all idempotent batch-max-bytes=1048576 | consumers: protocol=consumer fetch-max-wait=500ms fetch-min-bytes=1 fetch-max-partition-bytes=1048576 session=45s
  [topic] READY after 0.0s: 1 topics x 2000 partitions, leaders + full ISR
  [config] broker.compression.type = producer (STATIC_BROKER_CONFIG)
  [config] broker.default.replication.factor = 3 (STATIC_BROKER_CONFIG)
  [config] broker.group.consumer.assignors = uniform,range (DEFAULT_CONFIG)
  [config] broker.group.coordinator.rebalance.protocols = classic,consumer,streams (DEFAULT_CONFIG)
  [config] broker.group.initial.rebalance.delay.ms = 3000 (DEFAULT_CONFIG)
  [config] broker.log.flush.interval.messages = 9223372036854775807 (DEFAULT_CONFIG)
  [config] broker.log.flush.interval.ms = <nil> (DEFAULT_CONFIG)
  [config] broker.max.incremental.fetch.session.cache.slots = 4000 (STATIC_BROKER_CONFIG)
  [config] broker.min.insync.replicas = 2 (DYNAMIC_DEFAULT_BROKER_CONFIG)
  [config] broker.num.io.threads = 16 (STATIC_BROKER_CONFIG)
  [config] broker.num.network.threads = 8 (STATIC_BROKER_CONFIG)
  [config] broker.num.replica.fetchers = 4 (STATIC_BROKER_CONFIG)
  [config] topic.compression.type = producer (STATIC_BROKER_CONFIG)
  [config] topic.flush.messages = 9223372036854775807 (DEFAULT_CONFIG)
  [config] topic.flush.ms = 9223372036854775807 (DEFAULT_CONFIG)
  [config] topic.max.message.bytes = 1048588 (DEFAULT_CONFIG)
  [config] topic.message.timestamp.type = CreateTime (DEFAULT_CONFIG)
  [config] topic.min.insync.replicas = 2 (DYNAMIC_TOPIC_CONFIG)
  [config] topic.retention.ms = 600000 (DYNAMIC_TOPIC_CONFIG)
  [config] topic.segment.bytes = 268435456 (DYNAMIC_TOPIC_CONFIG)
  [config] topic.unclean.leader.election.enable = false (STATIC_BROKER_CONFIG)
  [group] 4 consumers in 1 groups (kreh-1x2000-10k-g-t0 ... ), protocol consumer
  [group] t=+0.0s waiting: kreh-1x2000-10k-g-t0: local members 4/12 hold 0/2000 partitions (group-wide ? members=0 assigned=0)
  [group] t=+2.0s waiting: kreh-1x2000-10k-g-t0: local members 4/12 hold 0/2000 partitions (group-wide Assigning members=12 assigned=2000)
  [group] t=+4.1s waiting: kreh-1x2000-10k-g-t0: local members 4/12 hold 0/2000 partitions (group-wide Assigning members=12 assigned=2000)
  [group] t=+6.1s waiting: kreh-1x2000-10k-g-t0: local members 4/12 hold 668/2000 partitions (group-wide Stable members=12 assigned=2000)
  [group] t=+8.1s waiting: kreh-1x2000-10k-g-t0: local members 4/12 hold 668/2000 partitions (group-wide Stable members=12 assigned=2000)
  [group] STABLE after 9.1s: 1 groups, 4 local members holding 668 partitions, assignEv=8 revokeEv=0 lostEv=0
  [produce] 4 clients connected to every broker with producer IDs in 0.01s; max buffered 501024 records per client
READY 1790751785317
[start] waiting 4.869s for the common start 1790751792305
[start] GO 07:03:12.305 (unix ms 1790751792305)
[07:03:22] offered=     2500/s achieved=     2490/s shed=        0/s inflight=     1 | p50=  10.43 p99=  120.32 p999=  160.77 ms | push=24900 pop=8400 lag=16500 | errs push=0 pop=0 empty=0 gor=69 | ack=      840/s ackErr=0 ackAvg=11.73ms | e2e p50=14.53 p99=81.41 p999=81.41 n=8400 | e2e_local p50=14.53 p99=81.41 n=8400
[07:03:32] offered=     3330/s achieved=     3330/s shed=        0/s inflight=     1 | p50=   8.90 p99=   23.42 p999=   35.07 ms | push=58200 pop=58400 lag=-200 | errs push=0 pop=0 empty=0 gor=71 | ack=     5000/s ackErr=0 ackAvg=3.31ms | e2e p50=8.77 p99=25.47 p999=35.07 n=50000 | e2e_local p50=8.77 p99=25.47 n=50000
[07:03:42] offered=     3330/s achieved=     3320/s shed=        0/s inflight=     2 | p50=  13.25 p99=  183.30 p999=  264.19 ms | push=91400 pop=75200 lag=16200 | errs push=0 pop=0 empty=0 gor=72 | ack=     1680/s ackErr=0 ackAvg=3.46ms | e2e p50=12.74 p99=74.24 p999=83.46 n=16800 | e2e_local p50=12.74 p99=74.24 n=16800
[info] steady window 20s (after the ramp, before the producers stopped): offered 3330/s pushed 3325/s popped 3340/s cpu 4.2% = 1.26 cores per 100k msg/s (produce+consume)
[final] offered=916 achieved=916 shed=0 (msgs: offered=91600 achieved=91600 shed=0) pushErr=0 | pushed=91600 popped=75300 lag=16300 | popErr=0 empty=0 | overall p50=10.05 p99=108.03 p999=264.19 ms | acked=75300 ackErr=0 ackLag=16300 ackAvg=3.47ms | e2e p50=9.15 p99=58.62 p999=83.46 ms
load_cpu=3.2%
