kload tag=1x200-1000k-p1 loader=1/9 mode=batch rate=111111 msg/s batch=100 batch-max=0 max-inflight=5000 ramp=10s duration=1m10s report=10s drain=0s GOMAXPROCS=16 GOGC=400 seed=1790753646749268837
  offered: 111111 msg/s = 1111.1 units/s (avg 100.0 msgs/unit) across 23 pacer workers (48.31 units/s each)
  topics: 1 x 200 partitions (k1x200-1000k..k1x200-1000k), entities/topic=0 (explicit partition) | picker: topics=rr entities: rr over space=200 starting at 22
  payload: goload jsonEvent target 256 B, avg 289.5 B raw, ~319 B stamped ({"ts":µs,"src":1,...}), pool 64x100
  consumers: 22 here (ci 22..43 of 198), poll=1000 proc-us=0 ack=async ack-inflight=256 local-src=[0 1 2]
  kafka: brokers=10.114.0.2:9092,10.114.0.3:9092,10.114.0.4:9092 rf=3 min-isr=2 producers=4 linger=5ms compression=lz4 acks=all idempotent batch-max-bytes=1048576 | consumers: protocol=consumer fetch-max-wait=500ms fetch-min-bytes=1 fetch-max-partition-bytes=1048576 session=45s
  [topic] READY after 0.0s: 1 topics x 200 partitions, leaders + full ISR
  [config] broker.compression.type = producer (STATIC_BROKER_CONFIG)
  [config] broker.default.replication.factor = 3 (STATIC_BROKER_CONFIG)
  [config] broker.group.consumer.assignors = uniform,range (DEFAULT_CONFIG)
  [config] broker.group.coordinator.rebalance.protocols = classic,consumer,streams (DEFAULT_CONFIG)
  [config] broker.group.initial.rebalance.delay.ms = 3000 (DEFAULT_CONFIG)
  [config] broker.log.flush.interval.messages = 9223372036854775807 (DEFAULT_CONFIG)
  [config] broker.log.flush.interval.ms = <nil> (DEFAULT_CONFIG)
  [config] broker.max.incremental.fetch.session.cache.slots = 4000 (STATIC_BROKER_CONFIG)
  [config] broker.min.insync.replicas = 2 (DYNAMIC_DEFAULT_BROKER_CONFIG)
  [config] broker.num.io.threads = 16 (STATIC_BROKER_CONFIG)
  [config] broker.num.network.threads = 8 (STATIC_BROKER_CONFIG)
  [config] broker.num.replica.fetchers = 4 (STATIC_BROKER_CONFIG)
  [config] topic.compression.type = producer (STATIC_BROKER_CONFIG)
  [config] topic.flush.messages = 9223372036854775807 (DEFAULT_CONFIG)
  [config] topic.flush.ms = 9223372036854775807 (DEFAULT_CONFIG)
  [config] topic.max.message.bytes = 1048588 (DEFAULT_CONFIG)
  [config] topic.message.timestamp.type = CreateTime (DEFAULT_CONFIG)
  [config] topic.min.insync.replicas = 2 (DYNAMIC_TOPIC_CONFIG)
  [config] topic.retention.ms = 600000 (DYNAMIC_TOPIC_CONFIG)
  [config] topic.segment.bytes = 268435456 (DYNAMIC_TOPIC_CONFIG)
  [config] topic.unclean.leader.election.enable = false (STATIC_BROKER_CONFIG)
  [group] 22 consumers in 1 groups (k1x200-1000k-g-t0 ... ), protocol consumer
  [group] t=+0.0s waiting: k1x200-1000k-g-t0: local members 22/198 hold 0/200 partitions (group-wide ? members=0 assigned=0)
  [group] t=+2.0s waiting: k1x200-1000k-g-t0: local members 22/198 hold 0/200 partitions (group-wide Assigning members=198 assigned=200)
  [group] t=+4.0s waiting: k1x200-1000k-g-t0: local members 22/198 hold 0/200 partitions (group-wide Assigning members=198 assigned=200)
  [group] t=+6.1s waiting: k1x200-1000k-g-t0: local members 22/198 hold 0/200 partitions (group-wide Reconciling members=198 assigned=2)
  [group] t=+8.1s waiting: k1x200-1000k-g-t0: local members 22/198 hold 0/200 partitions (group-wide Reconciling members=198 assigned=2)
  [group] t=+10.1s waiting: k1x200-1000k-g-t0: local members 22/198 hold 0/200 partitions (group-wide Reconciling members=198 assigned=2)
  [group] t=+12.1s waiting: k1x200-1000k-g-t0: local members 22/198 hold 22/200 partitions (group-wide Stable members=198 assigned=200)
  [group] STABLE after 14.1s: 1 groups, 22 local members holding 22 partitions, assignEv=44 revokeEv=0 lostEv=0
  [produce] 4 clients connected to every broker with producer IDs in 0.31s; max buffered 501024 records per client
READY 1790753676147
[start] waiting 4.302s for the common start 1790753686168
[start] GO 07:34:46.168 (unix ms 1790753686168)
[07:34:56] offered=    55582/s achieved=    55482/s shed=        0/s inflight=    10 | p50=   8.16 p99=   19.84 p999=   89.60 ms | push=554800 pop=549000 lag=5800 | errs push=0 pop=0 empty=0 gor=242 | ack=    54892/s ackErr=0 ackAvg=3.48ms | e2e p50=8.51 p99=19.33 p999=91.65 n=549000 | e2e_local p50=8.26 p99=19.07 n=183400
[07:35:06] offered=   111102/s achieved=   111122/s shed=        0/s inflight=     8 | p50=   7.84 p99=   10.43 p999=   68.10 ms | push=1666000 pop=1648900 lag=17100 | errs push=0 pop=0 empty=0 gor=249 | ack=   109982/s ackErr=0 ackAvg=2.94ms | e2e p50=8.26 p99=10.82 p999=71.17 n=1100000 | e2e_local p50=7.97 p99=10.69 n=366400
[07:35:16] offered=   111102/s achieved=   111102/s shed=        0/s inflight=     8 | p50=   7.84 p99=   12.99 p999=   39.68 ms | push=2777100 pop=2749273 lag=27827 | errs push=0 pop=0 empty=0 gor=257 | ack=   109999/s ackErr=0 ackAvg=2.89ms | e2e p50=8.26 p99=12.99 p999=36.10 n=1100273 | e2e_local p50=7.97 p99=14.27 n=367000
[07:35:26] offered=   111103/s achieved=   111143/s shed=        0/s inflight=     5 | p50=   7.84 p99=   13.50 p999=   33.54 ms | push=3888500 pop=3849000 lag=39500 | errs push=0 pop=0 empty=0 gor=242 | ack=   110006/s ackErr=0 ackAvg=2.85ms | e2e p50=8.26 p99=14.27 p999=38.66 n=1099827 | e2e_local p50=7.97 p99=14.02 n=366300
[07:35:36] offered=   111102/s achieved=   111092/s shed=        0/s inflight=     5 | p50=   7.90 p99=   20.61 p999=   43.26 ms | push=4999400 pop=4949000 lag=50400 | errs push=0 pop=0 empty=0 gor=248 | ack=   110002/s ackErr=0 ackAvg=2.85ms | e2e p50=8.26 p99=24.96 p999=45.31 n=1100000 | e2e_local p50=8.03 p99=27.26 n=366700
[07:35:46] offered=   111123/s achieved=   111113/s shed=        0/s inflight=     6 | p50=   7.97 p99=   10.56 p999=   26.50 ms | push=6110500 pop=6049000 lag=61500 | errs push=0 pop=0 empty=0 gor=254 | ack=   109973/s ackErr=0 ackAvg=2.83ms | e2e p50=8.26 p99=11.07 p999=26.50 n=1100000 | e2e_local p50=8.03 p99=10.43 n=366600
[07:35:56] offered=   111115/s achieved=   111095/s shed=        0/s inflight=     8 | p50=   7.90 p99=   10.82 p999=   49.41 ms | push=7221500 pop=7149100 lag=72400 | errs push=0 pop=0 empty=0 gor=221 | ack=   110035/s ackErr=0 ackAvg=2.83ms | e2e p50=8.26 p99=11.46 p999=39.17 n=1100000 | e2e_local p50=8.03 p99=10.94 n=366500
[info] steady window 60s (after the ramp, before the producers stopped): offered 111108/s pushed 111111/s popped 110001/s cpu 84.5% = 0.76 cores per 100k msg/s (produce+consume)
[final] offered=72223 achieved=72223 shed=0 (msgs: offered=7222300 achieved=7222300 shed=0) pushErr=0 | pushed=7222300 popped=7150100 lag=72200 | popErr=0 empty=0 | overall p50=7.90 p99=13.63 p999=43.78 ms | acked=7150100 ackErr=0 ackLag=72200 ackAvg=2.83ms | e2e p50=8.26 p99=14.53 p999=44.80 ms
load_cpu=59.1%
