kload tag=10x1000-1000k-p6 loader=6/9 mode=batch rate=111111 msg/s batch=100 batch-max=0 max-inflight=5000 ramp=10s duration=1m10s report=10s drain=0s GOMAXPROCS=16 GOGC=400 seed=1790758504136104213
  offered: 111111 msg/s = 1111.1 units/s (avg 100.0 msgs/unit) across 23 pacer workers (48.31 units/s each)
  topics: 10 x 1000 partitions (k10x1000-1000k-t0..k10x1000-1000k-t9), entities/topic=0 (explicit partition) | picker: topics=rr entities: rr over space=1000 starting at 666
  payload: goload jsonEvent target 256 B, avg 289.5 B raw, ~320 B stamped ({"ts":µs,"src":6,...}), pool 64x100
  consumers: 33 here (ci 198..230 of 297), poll=1000 proc-us=0 ack=async ack-inflight=256 local-src=[6 7 8]
  kafka: brokers=10.114.0.2:9092,10.114.0.3:9092,10.114.0.4:9092 rf=3 min-isr=2 producers=4 linger=5ms compression=lz4 acks=all idempotent batch-max-bytes=1048576 | consumers: protocol=consumer fetch-max-wait=500ms fetch-min-bytes=1 fetch-max-partition-bytes=1048576 session=45s
  [topic] READY after 0.0s: 10 topics x 1000 partitions, leaders + full ISR
  [config] broker.compression.type = producer (STATIC_BROKER_CONFIG)
  [config] broker.default.replication.factor = 3 (STATIC_BROKER_CONFIG)
  [config] broker.group.consumer.assignors = uniform,range (DEFAULT_CONFIG)
  [config] broker.group.coordinator.rebalance.protocols = classic,consumer,streams (DEFAULT_CONFIG)
  [config] broker.group.initial.rebalance.delay.ms = 3000 (DEFAULT_CONFIG)
  [config] broker.log.flush.interval.messages = 9223372036854775807 (DEFAULT_CONFIG)
  [config] broker.log.flush.interval.ms = <nil> (DEFAULT_CONFIG)
  [config] broker.max.incremental.fetch.session.cache.slots = 4000 (STATIC_BROKER_CONFIG)
  [config] broker.min.insync.replicas = 2 (DYNAMIC_DEFAULT_BROKER_CONFIG)
  [config] broker.num.io.threads = 16 (STATIC_BROKER_CONFIG)
  [config] broker.num.network.threads = 8 (STATIC_BROKER_CONFIG)
  [config] broker.num.replica.fetchers = 8 (STATIC_BROKER_CONFIG)
  [config] topic.compression.type = producer (STATIC_BROKER_CONFIG)
  [config] topic.flush.messages = 9223372036854775807 (DEFAULT_CONFIG)
  [config] topic.flush.ms = 9223372036854775807 (DEFAULT_CONFIG)
  [config] topic.max.message.bytes = 16777216 (STATIC_BROKER_CONFIG)
  [config] topic.message.timestamp.type = CreateTime (DEFAULT_CONFIG)
  [config] topic.min.insync.replicas = 2 (DYNAMIC_TOPIC_CONFIG)
  [config] topic.retention.ms = 600000 (DYNAMIC_TOPIC_CONFIG)
  [config] topic.segment.bytes = 268435456 (DYNAMIC_TOPIC_CONFIG)
  [config] topic.unclean.leader.election.enable = false (STATIC_BROKER_CONFIG)
  [group] 33 consumers in 10 groups (k10x1000-1000k-g-t8 ... ), protocol consumer
  [group] t=+0.1s waiting: k10x1000-1000k-g-t8: local members 4/29 hold 0/1000 partitions (group-wide ? members=0 assigned=0); k10x1000-1000k-g-t9: local members 4/29 hold 0/1000 partitions (group-wide ? members=0 assigned=0); k10x1000-1000k-g-t0: local members 4/30 hold 0/1000 partitions (group-wide ? members=0 assigned=0)
  [group] t=+2.1s waiting: k10x1000-1000k-g-t8: local members 4/29 hold 0/1000 partitions (group-wide Assigning members=29 assigned=1000); k10x1000-1000k-g-t9: local members 4/29 hold 0/1000 partitions (group-wide Assigning members=29 assigned=1000); k10x1000-1000k-g-t0: local members 4/30 hold 0/1000 partitions (group-wide Assigning members=30 assigned=1000)
  [group] t=+4.1s waiting: k10x1000-1000k-g-t8: local members 4/29 hold 0/1000 partitions (group-wide Assigning members=29 assigned=1000); k10x1000-1000k-g-t9: local members 4/29 hold 0/1000 partitions (group-wide Assigning members=29 assigned=1000); k10x1000-1000k-g-t0: local members 4/30 hold 0/1000 partitions (group-wide Assigning members=30 assigned=1000)
  [group] t=+6.1s waiting: k10x1000-1000k-g-t8: local members 4/29 hold 0/1000 partitions (group-wide Reconciling members=29 assigned=35); k10x1000-1000k-g-t9: local members 4/29 hold 0/1000 partitions (group-wide Reconciling members=29 assigned=35); k10x1000-1000k-g-t0: local members 4/30 hold 0/1000 partitions (group-wide Reconciling members=30 assigned=34)
  [group] t=+8.1s waiting: k10x1000-1000k-g-t8: local members 4/29 hold 0/1000 partitions (group-wide Reconciling members=29 assigned=35); k10x1000-1000k-g-t9: local members 4/29 hold 0/1000 partitions (group-wide Reconciling members=29 assigned=35); k10x1000-1000k-g-t0: local members 4/30 hold 0/1000 partitions (group-wide Reconciling members=30 assigned=34)
  [group] t=+10.1s waiting: k10x1000-1000k-g-t8: local members 4/29 hold 0/1000 partitions (group-wide Reconciling members=29 assigned=35); k10x1000-1000k-g-t9: local members 4/29 hold 137/1000 partitions (group-wide Stable members=29 assigned=1000); k10x1000-1000k-g-t0: local members 4/30 hold 0/1000 partitions (group-wide Reconciling members=30 assigned=34)
  [group] t=+12.1s waiting: k10x1000-1000k-g-t8: local members 4/29 hold 139/1000 partitions (group-wide Stable members=29 assigned=1000); k10x1000-1000k-g-t9: local members 4/29 hold 137/1000 partitions (group-wide Stable members=29 assigned=1000); k10x1000-1000k-g-t0: local members 4/30 hold 134/1000 partitions (group-wide Stable members=30 assigned=1000)
  [group] STABLE after 14.1s: 10 groups, 33 local members holding 1112 partitions, assignEv=66 revokeEv=0 lostEv=0
  [produce] 4 clients connected to every broker with producer IDs in 0.02s; max buffered 501024 records per client
READY 1790758482165
[start] waiting 9.146s for the common start 1790758497332
[start] GO 08:54:57.332 (unix ms 1790758497332)
[08:55:07] offered=    55551/s achieved=    55391/s shed=        0/s inflight=    16 | p50=  15.17 p99=   36.10 p999=   61.70 ms | push=553900 pop=553900 lag=0 | errs push=0 pop=0 empty=0 gor=522 | ack=    55217/s ackErr=0 ackAvg=12.14ms | e2e p50=14.78 p99=36.10 p999=65.28 n=553900 | e2e_local p50=14.66 p99=34.56 n=171200
[08:55:17] offered=   111109/s achieved=   111009/s shed=        0/s inflight=    26 | p50=  15.42 p99=   43.26 p999=   76.29 ms | push=1664000 pop=1664700 lag=-700 | errs push=0 pop=0 empty=0 gor=556 | ack=   110794/s ackErr=0 ackAvg=21.36ms | e2e p50=14.91 p99=46.34 p999=70.14 n=1110800 | e2e_local p50=14.78 p99=44.80 n=382000
[08:55:27] offered=   111103/s achieved=   111203/s shed=        0/s inflight=    16 | p50=  15.04 p99=   44.80 p999=   62.21 ms | push=2776000 pop=2778100 lag=-2100 | errs push=0 pop=0 empty=0 gor=524 | ack=   111613/s ackErr=0 ackAvg=22.49ms | e2e p50=14.78 p99=42.75 p999=58.62 n=1113400 | e2e_local p50=14.78 p99=44.29 n=378600
[08:55:37] offered=   111104/s achieved=   111114/s shed=        0/s inflight=    15 | p50=  14.91 p99=   38.66 p999=   46.85 ms | push=3887100 pop=3890100 lag=-3000 | errs push=0 pop=0 empty=0 gor=544 | ack=   111034/s ackErr=0 ackAvg=21.95ms | e2e p50=14.53 p99=37.63 p999=47.36 n=1112000 | e2e_local p50=14.27 p99=37.12 n=369600
[08:55:47] offered=   111120/s achieved=   111120/s shed=        0/s inflight=    15 | p50=  15.42 p99=   43.26 p999=   55.04 ms | push=4998300 pop=5001700 lag=-3400 | errs push=0 pop=0 empty=0 gor=524 | ack=   111310/s ackErr=0 ackAvg=22.79ms | e2e p50=15.04 p99=39.68 p999=56.06 n=1111600 | e2e_local p50=14.78 p99=40.70 n=365900
[08:55:57] offered=   111126/s achieved=   111056/s shed=        0/s inflight=    22 | p50=  15.42 p99=   41.22 p999=   60.67 ms | push=6108900 pop=6113100 lag=-4200 | errs push=0 pop=0 empty=0 gor=552 | ack=   110946/s ackErr=0 ackAvg=23.67ms | e2e p50=15.04 p99=44.80 p999=63.74 n=1111400 | e2e_local p50=14.91 p99=41.73 n=370800
[08:56:07] offered=   111089/s achieved=   111169/s shed=        0/s inflight=    14 | p50=  15.55 p99=   47.36 p999=   67.07 ms | push=7220600 pop=7225800 lag=-5200 | errs push=0 pop=0 empty=0 gor=511 | ack=   111349/s ackErr=0 ackAvg=24.36ms | e2e p50=15.17 p99=43.78 p999=61.18 n=1112700 | e2e_local p50=14.91 p99=45.31 n=368300
[info] steady window 60s (after the ramp, before the producers stopped): offered 111108/s pushed 111112/s popped 111198/s cpu 98.3% = 0.88 cores per 100k msg/s (produce+consume)
[final] offered=72220 achieved=72220 shed=0 (msgs: offered=7222000 achieved=7222000 shed=0) pushErr=0 | pushed=7222000 popped=7227800 lag=-5800 | popErr=0 empty=0 | overall p50=15.30 p99=42.75 p999=61.70 ms | acked=7227800 ackErr=0 ackLag=-5800 ackAvg=24.36ms | e2e p50=14.91 p99=42.24 p999=61.18 ms
load_cpu=66.3%
