kload tag=10x1000-1000k-p8 loader=8/9 mode=batch rate=111111 msg/s batch=100 batch-max=0 max-inflight=5000 ramp=10s duration=1m10s report=10s drain=0s GOMAXPROCS=16 GOGC=400 seed=1790758504146420341
  offered: 111111 msg/s = 1111.1 units/s (avg 100.0 msgs/unit) across 23 pacer workers (48.31 units/s each)
  topics: 10 x 1000 partitions (k10x1000-1000k-t0..k10x1000-1000k-t9), entities/topic=0 (explicit partition) | picker: topics=rr entities: rr over space=1000 starting at 888
  payload: goload jsonEvent target 256 B, avg 289.5 B raw, ~319 B stamped ({"ts":µs,"src":8,...}), pool 64x100
  consumers: 33 here (ci 264..296 of 297), poll=1000 proc-us=0 ack=async ack-inflight=256 local-src=[6 7 8]
  kafka: brokers=10.114.0.2:9092,10.114.0.3:9092,10.114.0.4:9092 rf=3 min-isr=2 producers=4 linger=5ms compression=lz4 acks=all idempotent batch-max-bytes=1048576 | consumers: protocol=consumer fetch-max-wait=500ms fetch-min-bytes=1 fetch-max-partition-bytes=1048576 session=45s
  [topic] READY after 0.0s: 10 topics x 1000 partitions, leaders + full ISR
  [config] broker.compression.type = producer (STATIC_BROKER_CONFIG)
  [config] broker.default.replication.factor = 3 (STATIC_BROKER_CONFIG)
  [config] broker.group.consumer.assignors = uniform,range (DEFAULT_CONFIG)
  [config] broker.group.coordinator.rebalance.protocols = classic,consumer,streams (DEFAULT_CONFIG)
  [config] broker.group.initial.rebalance.delay.ms = 3000 (DEFAULT_CONFIG)
  [config] broker.log.flush.interval.messages = 9223372036854775807 (DEFAULT_CONFIG)
  [config] broker.log.flush.interval.ms = <nil> (DEFAULT_CONFIG)
  [config] broker.max.incremental.fetch.session.cache.slots = 4000 (STATIC_BROKER_CONFIG)
  [config] broker.min.insync.replicas = 2 (DYNAMIC_DEFAULT_BROKER_CONFIG)
  [config] broker.num.io.threads = 16 (STATIC_BROKER_CONFIG)
  [config] broker.num.network.threads = 8 (STATIC_BROKER_CONFIG)
  [config] broker.num.replica.fetchers = 8 (STATIC_BROKER_CONFIG)
  [config] topic.compression.type = producer (STATIC_BROKER_CONFIG)
  [config] topic.flush.messages = 9223372036854775807 (DEFAULT_CONFIG)
  [config] topic.flush.ms = 9223372036854775807 (DEFAULT_CONFIG)
  [config] topic.max.message.bytes = 16777216 (STATIC_BROKER_CONFIG)
  [config] topic.message.timestamp.type = CreateTime (DEFAULT_CONFIG)
  [config] topic.min.insync.replicas = 2 (DYNAMIC_TOPIC_CONFIG)
  [config] topic.retention.ms = 600000 (DYNAMIC_TOPIC_CONFIG)
  [config] topic.segment.bytes = 268435456 (DYNAMIC_TOPIC_CONFIG)
  [config] topic.unclean.leader.election.enable = false (STATIC_BROKER_CONFIG)
  [group] 33 consumers in 10 groups (k10x1000-1000k-g-t4 ... ), protocol consumer
  [group] t=+0.1s waiting: k10x1000-1000k-g-t4: local members 4/30 hold 0/1000 partitions (group-wide ? members=0 assigned=0); k10x1000-1000k-g-t5: local members 4/30 hold 0/1000 partitions (group-wide ? members=0 assigned=0); k10x1000-1000k-g-t6: local members 4/30 hold 0/1000 partitions (group-wide ? members=0 assigned=0)
  [group] t=+2.1s waiting: k10x1000-1000k-g-t4: local members 4/30 hold 0/1000 partitions (group-wide Assigning members=30 assigned=1000); k10x1000-1000k-g-t5: local members 4/30 hold 0/1000 partitions (group-wide Assigning members=30 assigned=1000); k10x1000-1000k-g-t6: local members 4/30 hold 0/1000 partitions (group-wide Assigning members=30 assigned=1000)
  [group] t=+4.1s waiting: k10x1000-1000k-g-t4: local members 4/30 hold 0/1000 partitions (group-wide Assigning members=30 assigned=1000); k10x1000-1000k-g-t5: local members 4/30 hold 0/1000 partitions (group-wide Assigning members=30 assigned=1000); k10x1000-1000k-g-t6: local members 4/30 hold 0/1000 partitions (group-wide Assigning members=30 assigned=1000)
  [group] t=+6.1s waiting: k10x1000-1000k-g-t4: local members 4/30 hold 0/1000 partitions (group-wide Reconciling members=30 assigned=34); k10x1000-1000k-g-t5: local members 4/30 hold 0/1000 partitions (group-wide Reconciling members=30 assigned=34); k10x1000-1000k-g-t6: local members 4/30 hold 0/1000 partitions (group-wide Reconciling members=30 assigned=34)
  [group] t=+8.1s waiting: k10x1000-1000k-g-t4: local members 4/30 hold 0/1000 partitions (group-wide Reconciling members=30 assigned=34); k10x1000-1000k-g-t5: local members 4/30 hold 0/1000 partitions (group-wide Reconciling members=30 assigned=34); k10x1000-1000k-g-t6: local members 4/30 hold 0/1000 partitions (group-wide Reconciling members=30 assigned=34)
  [group] t=+10.1s waiting: k10x1000-1000k-g-t4: local members 4/30 hold 0/1000 partitions (group-wide Reconciling members=30 assigned=34); k10x1000-1000k-g-t5: local members 4/30 hold 0/1000 partitions (group-wide Reconciling members=30 assigned=34); k10x1000-1000k-g-t6: local members 4/30 hold 33/1000 partitions (group-wide Reconciling members=30 assigned=34)
  [group] t=+12.1s waiting: k10x1000-1000k-g-t4: local members 4/30 hold 133/1000 partitions (group-wide Stable members=30 assigned=1000); k10x1000-1000k-g-t5: local members 4/30 hold 133/1000 partitions (group-wide Stable members=30 assigned=1000); k10x1000-1000k-g-t6: local members 4/30 hold 133/1000 partitions (group-wide Stable members=30 assigned=1000)
  [group] STABLE after 14.1s: 10 groups, 33 local members holding 1110 partitions, assignEv=66 revokeEv=0 lostEv=0
  [produce] 4 clients connected to every broker with producer IDs in 0.02s; max buffered 501024 records per client
READY 1790758482150
[start] waiting 9.16s for the common start 1790758497332
[start] GO 08:54:57.332 (unix ms 1790758497332)
[08:55:07] offered=    55522/s achieved=    55362/s shed=        0/s inflight=    16 | p50=  15.30 p99=   34.56 p999=   57.60 ms | push=553600 pop=553325 lag=275 | errs push=0 pop=0 empty=0 gor=525 | ack=    55172/s ackErr=0 ackAvg=12.26ms | e2e p50=14.91 p99=35.07 p999=59.65 n=553325 | e2e_local p50=14.66 p99=38.14 n=189225
[08:55:17] offered=   111100/s achieved=   111050/s shed=        0/s inflight=    21 | p50=  15.17 p99=   44.29 p999=   61.18 ms | push=1664100 pop=1662200 lag=1900 | errs push=0 pop=0 empty=0 gor=551 | ack=   110640/s ackErr=0 ackAvg=20.46ms | e2e p50=14.91 p99=43.26 p999=62.21 n=1108875 | e2e_local p50=14.66 p99=38.66 n=364575
[08:55:27] offered=   111140/s achieved=   111220/s shed=        0/s inflight=    13 | p50=  15.17 p99=   43.78 p999=   64.26 ms | push=2776300 pop=2773700 lag=2600 | errs push=0 pop=0 empty=0 gor=526 | ack=   111320/s ackErr=0 ackAvg=21.86ms | e2e p50=14.78 p99=43.78 p999=63.74 n=1111500 | e2e_local p50=14.53 p99=40.70 n=362200
[08:55:37] offered=   111125/s achieved=   111085/s shed=        0/s inflight=    18 | p50=  14.78 p99=   37.63 p999=   47.87 ms | push=3887100 pop=3883100 lag=4000 | errs push=0 pop=0 empty=0 gor=521 | ack=   110975/s ackErr=0 ackAvg=21.12ms | e2e p50=14.53 p99=36.61 p999=46.85 n=1109400 | e2e_local p50=14.40 p99=36.61 n=372300
[08:55:47] offered=   111095/s achieved=   111115/s shed=        0/s inflight=    18 | p50=  15.30 p99=   38.66 p999=   50.94 ms | push=4998300 pop=4993200 lag=5100 | errs push=0 pop=0 empty=0 gor=526 | ack=   110985/s ackErr=0 ackAvg=21.88ms | e2e p50=14.91 p99=39.68 p999=51.46 n=1110100 | e2e_local p50=14.91 p99=40.70 n=375700
[08:55:57] offered=   111124/s achieved=   111014/s shed=        0/s inflight=    27 | p50=  15.30 p99=   42.75 p999=   60.16 ms | push=6108400 pop=6102100 lag=6300 | errs push=0 pop=0 empty=0 gor=546 | ack=   110804/s ackErr=0 ackAvg=22.55ms | e2e p50=15.04 p99=41.22 p999=56.58 n=1108961 | e2e_local p50=14.78 p99=39.17 n=382100
[08:56:07] offered=   111109/s achieved=   111169/s shed=        0/s inflight=    19 | p50=  15.55 p99=   42.75 p999=   56.06 ms | push=7220100 pop=7213400 lag=6700 | errs push=0 pop=0 empty=0 gor=521 | ack=   111139/s ackErr=0 ackAvg=23.16ms | e2e p50=15.17 p99=45.82 p999=63.74 n=1111239 | e2e_local p50=15.04 p99=42.24 n=361200
[info] steady window 60s (after the ramp, before the producers stopped): offered 111116/s pushed 111109/s popped 111002/s cpu 98.2% = 0.88 cores per 100k msg/s (produce+consume)
[final] offered=72221 achieved=72221 shed=0 (msgs: offered=7222100 achieved=7222100 shed=0) pushErr=0 | pushed=7222100 popped=7215000 lag=7100 | popErr=0 empty=0 | overall p50=15.17 p99=41.22 p999=58.11 ms | acked=7215000 ackErr=0 ackLag=7100 ackAvg=23.16ms | e2e p50=14.91 p99=41.22 p999=59.65 ms
load_cpu=66.1%
