kload tag=1x2000-1000k-p7 loader=7/9 mode=batch rate=111111 msg/s batch=100 batch-max=0 max-inflight=5000 ramp=10s duration=1m10s report=10s drain=0s GOMAXPROCS=16 GOGC=400 seed=1790754365306532868
  offered: 111111 msg/s = 1111.1 units/s (avg 100.0 msgs/unit) across 23 pacer workers (48.31 units/s each)
  topics: 1 x 2000 partitions (k1x2000-1000k..k1x2000-1000k), entities/topic=0 (explicit partition) | picker: topics=rr entities: rr over space=2000 starting at 1555
  payload: goload jsonEvent target 256 B, avg 289.5 B raw, ~320 B stamped ({"ts":µs,"src":7,...}), pool 64x100
  consumers: 33 here (ci 231..263 of 297), poll=1000 proc-us=0 ack=async ack-inflight=256 local-src=[6 7 8]
  kafka: brokers=10.114.0.2:9092,10.114.0.3:9092,10.114.0.4:9092 rf=3 min-isr=2 producers=4 linger=5ms compression=lz4 acks=all idempotent batch-max-bytes=1048576 | consumers: protocol=consumer fetch-max-wait=500ms fetch-min-bytes=1 fetch-max-partition-bytes=1048576 session=45s
  [topic] READY after 0.0s: 1 topics x 2000 partitions, leaders + full ISR
  [config] broker.compression.type = producer (STATIC_BROKER_CONFIG)
  [config] broker.default.replication.factor = 3 (STATIC_BROKER_CONFIG)
  [config] broker.group.consumer.assignors = uniform,range (DEFAULT_CONFIG)
  [config] broker.group.coordinator.rebalance.protocols = classic,consumer,streams (DEFAULT_CONFIG)
  [config] broker.group.initial.rebalance.delay.ms = 3000 (DEFAULT_CONFIG)
  [config] broker.log.flush.interval.messages = 9223372036854775807 (DEFAULT_CONFIG)
  [config] broker.log.flush.interval.ms = <nil> (DEFAULT_CONFIG)
  [config] broker.max.incremental.fetch.session.cache.slots = 4000 (STATIC_BROKER_CONFIG)
  [config] broker.min.insync.replicas = 2 (DYNAMIC_DEFAULT_BROKER_CONFIG)
  [config] broker.num.io.threads = 16 (STATIC_BROKER_CONFIG)
  [config] broker.num.network.threads = 8 (STATIC_BROKER_CONFIG)
  [config] broker.num.replica.fetchers = 4 (STATIC_BROKER_CONFIG)
  [config] topic.compression.type = producer (STATIC_BROKER_CONFIG)
  [config] topic.flush.messages = 9223372036854775807 (DEFAULT_CONFIG)
  [config] topic.flush.ms = 9223372036854775807 (DEFAULT_CONFIG)
  [config] topic.max.message.bytes = 1048588 (DEFAULT_CONFIG)
  [config] topic.message.timestamp.type = CreateTime (DEFAULT_CONFIG)
  [config] topic.min.insync.replicas = 2 (DYNAMIC_TOPIC_CONFIG)
  [config] topic.retention.ms = 600000 (DYNAMIC_TOPIC_CONFIG)
  [config] topic.segment.bytes = 268435456 (DYNAMIC_TOPIC_CONFIG)
  [config] topic.unclean.leader.election.enable = false (STATIC_BROKER_CONFIG)
  [group] 33 consumers in 1 groups (k1x2000-1000k-g-t0 ... ), protocol consumer
  [group] t=+0.0s waiting: k1x2000-1000k-g-t0: local members 33/297 hold 0/2000 partitions (group-wide ? members=0 assigned=0)
  [group] t=+2.0s waiting: k1x2000-1000k-g-t0: local members 33/297 hold 0/2000 partitions (group-wide Assigning members=297 assigned=2000)
  [group] t=+4.1s waiting: k1x2000-1000k-g-t0: local members 33/297 hold 0/2000 partitions (group-wide Assigning members=297 assigned=2000)
  [group] t=+6.1s waiting: k1x2000-1000k-g-t0: local members 33/297 hold 0/2000 partitions (group-wide Reconciling members=297 assigned=14)
  [group] t=+8.1s waiting: k1x2000-1000k-g-t0: local members 33/297 hold 0/2000 partitions (group-wide Reconciling members=297 assigned=14)
  [group] t=+10.1s waiting: k1x2000-1000k-g-t0: local members 33/297 hold 0/2000 partitions (group-wide Reconciling members=297 assigned=14)
  [group] t=+12.1s waiting: k1x2000-1000k-g-t0: local members 33/297 hold 223/2000 partitions (group-wide Stable members=297 assigned=2000)
  [group] STABLE after 14.1s: 1 groups, 33 local members holding 223 partitions, assignEv=66 revokeEv=0 lostEv=0
  [produce] 4 clients connected to every broker with producer IDs in 0.02s; max buffered 501024 records per client
READY 1790754365821
[start] waiting 4.362s for the common start 1790754376408
[start] GO 07:46:16.408 (unix ms 1790754376408)
[07:46:26] offered=    55531/s achieved=    55441/s shed=        0/s inflight=    10 | p50=   9.54 p99=   20.10 p999=   55.04 ms | push=554400 pop=556600 lag=-2200 | errs push=0 pop=0 empty=0 gor=508 | ack=    55441/s ackErr=0 ackAvg=12.51ms | e2e p50=9.92 p99=18.56 p999=55.55 n=556600 | e2e_local p50=9.66 p99=18.56 n=183900
[07:46:36] offered=   111162/s achieved=   111112/s shed=        0/s inflight=    14 | p50=   9.02 p99=   23.94 p999=   71.17 ms | push=1665500 pop=1671900 lag=-6400 | errs push=0 pop=0 empty=0 gor=519 | ack=   111452/s ackErr=0 ackAvg=12.41ms | e2e p50=9.41 p99=24.19 p999=67.07 n=1115300 | e2e_local p50=9.28 p99=23.17 n=375400
[07:46:46] offered=   111100/s achieved=   111120/s shed=        0/s inflight=    11 | p50=   9.02 p99=   23.68 p999=  101.89 ms | push=2776700 pop=2786000 lag=-9300 | errs push=0 pop=0 empty=0 gor=499 | ack=   111560/s ackErr=0 ackAvg=12.20ms | e2e p50=9.41 p99=21.89 p999=94.72 n=1114100 | e2e_local p50=9.15 p99=24.45 n=367900
[07:46:56] offered=   111090/s achieved=   111120/s shed=        0/s inflight=     9 | p50=   9.02 p99=   20.61 p999=   82.43 ms | push=3887900 pop=3901500 lag=-13600 | errs push=0 pop=0 empty=0 gor=508 | ack=   111489/s ackErr=0 ackAvg=12.10ms | e2e p50=9.41 p99=20.35 p999=82.43 n=1115500 | e2e_local p50=9.15 p99=20.10 n=374900
[07:47:06] offered=   111128/s achieved=   111118/s shed=        0/s inflight=    11 | p50=   9.02 p99=   19.33 p999=   90.62 ms | push=4999100 pop=5016400 lag=-17300 | errs push=0 pop=0 empty=0 gor=511 | ack=   111468/s ackErr=0 ackAvg=12.22ms | e2e p50=9.41 p99=20.61 p999=83.46 n=1114900 | e2e_local p50=9.28 p99=17.54 n=369300
[07:47:16] offered=   111101/s achieved=   111121/s shed=        0/s inflight=     8 | p50=   9.02 p99=  140.29 p999=  280.58 ms | push=6110300 pop=6131500 lag=-21200 | errs push=0 pop=0 empty=0 gor=514 | ack=   111491/s ackErr=0 ackAvg=12.20ms | e2e p50=9.41 p99=148.48 p999=284.67 n=1115100 | e2e_local p50=9.28 p99=160.77 n=373200
[07:47:26] offered=   111091/s achieved=   111041/s shed=        0/s inflight=    13 | p50=   9.02 p99=   20.10 p999=   50.43 ms | push=7220800 pop=7246000 lag=-25200 | errs push=0 pop=0 empty=0 gor=500 | ack=   111421/s ackErr=0 ackAvg=12.17ms | e2e p50=9.41 p99=18.82 p999=48.90 n=1114500 | e2e_local p50=9.15 p99=17.02 n=372500
[info] steady window 60s (after the ramp, before the producers stopped): offered 111112/s pushed 111105/s popped 111489/s cpu 89.7% = 0.81 cores per 100k msg/s (produce+consume)
[final] offered=72221 achieved=72221 shed=0 (msgs: offered=7222100 achieved=7222100 shed=0) pushErr=0 | pushed=7222100 popped=7247500 lag=-25400 | popErr=0 empty=0 | overall p50=9.15 p99=23.94 p999=211.97 ms | acked=7247500 ackErr=0 ackLag=-25400 ackAvg=12.17ms | e2e p50=9.41 p99=23.17 p999=214.02 ms
load_cpu=63.3%
