WARN max-pending 1000000 per partition producer would preallocate 22888 MB over 1000 partitions (24 B/slot); using 2796 (-pending-budget-mb 64)
pload tag=pC-t1000-p10k loader=2/9 mode=batch rate=111111 msg/s batch=100 batch-max=0 max-inflight=5000 ramp=10s duration=1m10s report=10s drain=0s GOMAXPROCS=16 GOGC=400(default) seed=1790844386514377114
  offered: 111111 msg/s = 1111.1 units/s (avg 100.0 msgs/unit) across 23 pacer workers (48.31 units/s each)
  topics: 1000 x 10 partitions (load-t0..load-t999), entities/topic=0 (explicit partition) | picker: topics=rr entities: rr over space=1 starting at 0 [producer shard 2/9: partitions p % 9 == 2, entity j -> partition 2 + j*9]
  payload: goload jsonEvent target 256 B, avg 289.5 B raw, ~320 B stamped ({"ts":µs,"src":2,...}), pool 64x100
  consumers: 33 here (ci 66..98 of 297), poll=1000 proc-us=0 ack=async ack-inflight=256 local-src=[0 1 2]
  pulsar: url=pulsar://10.114.0.2:6650,10.114.0.3:6650,10.114.0.4:6650 admin=http://10.114.0.2:8080 ns=bench/ns sub=sub type=failover compression=lz4 batch=5ms/1000 msgs/131072 B key-batching=false max-pending=2796/partition mem-limit=365 MB receiver-queue=1000 ack-group=100ms conns/broker=1
  [admin] 1000 topics with 10 partitions and subscription "sub" exist (checked in 0.6s)
  [consume] 33 consumers (ci 66..98 of 297), failover, partition slices (every partition exactly one consumer): 1320 partition registrations here, 10000 in total across all processes; idle 0 here, 0 in total; subscribed in 0.3s, settling 2s
  [produce] producer shard 2/9: 1 partitions per topic (p % 9 == 2) x 1000 topics, per-partition producers created lazily on first use
READY 1790844184606
[start] waiting 9.475s for the common start 1790844203227
[start] GO 08:43:23.227 (unix ms 1790844203227)
[08:43:33] offered=    55602/s achieved=    55552/s shed=        0/s inflight=     6 | p50=   7.20 p99=   24.96 p999=   29.31 ms | push=555500 pop=653400 lag=-97900 | errs push=0 pop=0 empty=0 gor=10671 | ack=    65342/s ackErr=0 ackAvg=0.01ms | e2e p50=8.51 p99=29.82 p999=36.61 n=653400 | e2e_local p50=8.90 p99=30.34 n=217800
[08:43:43] offered=   111115/s achieved=   111065/s shed=        0/s inflight=    11 | p50=   6.69 p99=   16.51 p999=   24.96 ms | push=1666100 pop=1960912 lag=-294812 | errs push=0 pop=0 empty=0 gor=10671 | ack=   130757/s ackErr=0 ackAvg=0.02ms | e2e p50=7.90 p99=25.98 p999=34.56 n=1307512 | e2e_local p50=7.97 p99=27.26 n=435911
[08:43:53] offered=   111102/s achieved=   111142/s shed=        0/s inflight=     6 | p50=   6.88 p99=   18.30 p999=   23.94 ms | push=2777600 pop=3296700 lag=-519100 | errs push=0 pop=0 empty=0 gor=10671 | ack=   133570/s ackErr=0 ackAvg=0.02ms | e2e p50=8.51 p99=23.17 p999=31.36 n=1335788 | e2e_local p50=8.77 p99=25.22 n=445189
[08:44:03] offered=   111098/s achieved=   111128/s shed=        0/s inflight=     3 | p50=   6.62 p99=   17.28 p999=   33.02 ms | push=3888800 pop=4603500 lag=-714700 | errs push=0 pop=0 empty=0 gor=10671 | ack=   130689/s ackErr=0 ackAvg=0.02ms | e2e p50=7.33 p99=16.77 p999=20.61 n=1306800 | e2e_local p50=7.33 p99=17.54 n=435600
[08:44:13] offered=   111101/s achieved=   111111/s shed=        0/s inflight=     2 | p50=   6.56 p99=   15.42 p999=   20.86 ms | push=4999900 pop=5939140 lag=-939240 | errs push=0 pop=0 empty=0 gor=10671 | ack=   133565/s ackErr=0 ackAvg=0.02ms | e2e p50=7.33 p99=19.07 p999=25.22 n=1335640 | e2e_local p50=7.39 p99=19.84 n=445012
[08:44:23] offered=   111105/s achieved=   111105/s shed=        0/s inflight=     2 | p50=   6.43 p99=   14.78 p999=   22.66 ms | push=6111000 pop=7276334 lag=-1165334 | errs push=0 pop=0 empty=0 gor=10671 | ack=   133714/s ackErr=0 ackAvg=0.01ms | e2e p50=7.07 p99=17.28 p999=22.91 n=1337194 | e2e_local p50=7.14 p99=17.54 n=445988
[08:44:33] offered=   111089/s achieved=   111089/s shed=        0/s inflight=     2 | p50=   6.43 p99=   14.02 p999=   18.30 ms | push=7222100 pop=8583300 lag=-1361200 | errs push=0 pop=0 empty=0 gor=10648 | ack=   130672/s ackErr=0 ackAvg=0.01ms | e2e p50=6.88 p99=15.30 p999=18.30 n=1306966 | e2e_local p50=6.88 p99=15.55 n=435600
[info] producers created: 1000 per-partition producers (shard), 0 creation errors, avg creation 11.3 ms
[info] steady window 60s (after the ramp, before the producers stopped): offered 111102/s pushed 111107/s popped 132161/s cpu 182.4% = 1.64 cores per 100k msg/s (produce+consume)
[final] offered=72223 achieved=72223 shed=0 (msgs: offered=7222300 achieved=7222300 shed=0) pushErr=0 | pushed=7222300 popped=8583300 lag=-1361000 | popErr=0 empty=0 | overall p50=6.62 p99=19.07 p999=25.73 ms | acked=8583300 ackErr=0 ackLag=-1361000 ackAvg=0.01ms | e2e p50=7.52 p99=23.17 p999=31.10 ms
load_cpu=137.8%
