goload -mode cloud [free-q1] -> http://10.114.0.2:6711
  active partitions: 500 of 500 per queue (100.000%)
  target=proxy tenants=17 sharedQueue=true queue="free-q1" group="workers" partitions=500 brokerTenantHeader=false
  offered=42.5 msg/s total (2.50/tenant) push-batch=1 -> 2.50 req/s per tenant across 1 producer(s) | max-inflight=256
  consumers=2/tenant popBatch=100 popWait=true autoAck=false | payload=256B | duration=900s drain=60s | idleConns=8/client verify=true
[configure] 17 queue(s) configured in 0.44s
[06:03:08 load ] offered=      42/s push=      42/s pop=      42/s ack=      42/s shed=      0/s inflight=    1 | e2e p50=  12.48 p99=  136.19 ms | pushRTT p50=  5.22 p99=  30.85 ms | lag=28 | err push=0 pop=0 ack=0 (429=0 403=0 5xx=0 to=0 conn=0) empty=88 cross=0 gor=157
[06:08:08 load ] offered=      42/s push=      43/s pop=      42/s ack=      42/s shed=      0/s inflight=    0 | e2e p50=  14.27 p99=  164.86 ms | pushRTT p50=  5.86 p99=  33.02 ms | lag=29 | err push=0 pop=0 ack=0 (429=0 403=0 5xx=0 to=0 conn=0) empty=172 cross=0 gor=156
[drain] producers stopped after 900.0s; draining 60s before the correctness verdict
[06:13:08 drain] offered=      42/s push=      42/s pop=      43/s ack=      43/s shed=      0/s inflight=    0 | e2e p50=  13.76 p99=  268.29 ms | pushRTT p50=  5.66 p99=  35.58 ms | lag=28 | err push=0 pop=0 ack=0 (429=0 403=0 5xx=0 to=0 conn=0) empty=267 cross=0 gor=140

========== free-q1 ==========
offered         42.5 msg/s (38250 msgs, 0 shed)
achieved  push     42.5 msg/s (38250 msgs)   pop     42.5 msg/s during load (    39.8 msg/s over load+drain, 38222 msgs)   ack 38222 msgs
e2eFromSchedule  n=38222     p50=   13.50 p95=   64.77 p99=  173.06 p999=  552.96 max=  1953.59 ms
e2eFromSend      n=38222     p50=   12.86 p95=   64.26 p99=  173.06 p999=  552.96 max=  1953.06 ms
pushRtt          n=38250     p50=    5.54 p95=   17.28 p99=   33.02 p999=   94.72 max=  1090.20 ms
ackRtt           n=38151     p50=    3.82 p95=   12.48 p99=   20.61 p999=   38.66 max=   276.17 ms
errors            none
bytes     nominal 292 B/msg -> pushed 10.65 MiB, delivered 10.64 MiB

---- delivery correctness (after the drain) ----
idx  tenant         queue           sentOk  received  missing      dup   extra   cross verdict
0    sf-0000        free-q1           2250      2248        2        0       0       0 FAIL  firstMissing=[1 2]
1    sf-0001        free-q1           2250      2248        2        0       0       0 FAIL  firstMissing=[1 2]
2    sf-0002        free-q1           2250      2249        1        0       0       0 FAIL  firstMissing=[1]
3    sf-0003        free-q1           2250      2248        2        0       0       0 FAIL  firstMissing=[1 2]
4    sf-0004        free-q1           2250      2248        2        0       0       0 FAIL  firstMissing=[1 2]
5    sf-0005        free-q1           2250      2249        1        0       0       0 FAIL  firstMissing=[2]
6    sf-0006        free-q1           2250      2249        1        0       0       0 FAIL  firstMissing=[1]
7    sf-0007        free-q1           2250      2248        2        0       0       0 FAIL  firstMissing=[1 2]
8    sf-0008        free-q1           2250      2248        2        0       0       0 FAIL  firstMissing=[1 2]
9    sf-0009        free-q1           2250      2248        2        0       0       0 FAIL  firstMissing=[1 2]
10   sf-0010        free-q1           2250      2249        1        0       0       0 FAIL  firstMissing=[1]
11   sf-0011        free-q1           2250      2248        2        0       0       0 FAIL  firstMissing=[1 2]
12   sf-0012        free-q1           2250      2249        1        0       0       0 FAIL  firstMissing=[1]
13   sf-0013        free-q1           2250      2248        2        0       0       0 FAIL  firstMissing=[1 2]
14   sf-0014        free-q1           2250      2249        1        0       0       0 FAIL  firstMissing=[1]
15   sf-0015        free-q1           2250      2248        2        0       0       0 FAIL  firstMissing=[1 2]
16   sf-0016        free-q1           2250      2248        2        0       0       0 FAIL  firstMissing=[1 2]
     TOTAL                           38250     38222       28        0       0       0
VERDICT: FAIL
NOTE: consumers were idle at the cutoff and the consume path reported no errors, so 28 missing is real LOSS, not a tail.

[artifacts] /root/soak/gate/free-q1.json
            /root/soak/gate/free-q1-interval.csv
