goload -mode cloud [pro-q7] -> http://10.114.0.2:6711
  active partitions: 5000 of 5000 per queue (100.000%)
  target=proxy tenants=7 sharedQueue=true queue="pro-q7" group="workers" partitions=5000 brokerTenantHeader=false
  offered=35.0 msg/s total (5.00/tenant) push-batch=1 -> 5.00 req/s per tenant across 1 producer(s) | max-inflight=256
  consumers=2/tenant popBatch=100 popWait=true autoAck=false | payload=256B | duration=900s drain=60s | idleConns=8/client verify=true
[configure] 7 queue(s) configured in 0.46s
[06:03:08 load ] offered=      35/s push=      35/s pop=      35/s ack=      35/s shed=      0/s inflight=    0 | e2e p50=  10.82 p99=  127.49 ms | pushRTT p50=  4.58 p99=  30.08 ms | lag=47 | err push=0 pop=0 ack=0 (429=0 403=0 5xx=0 to=0 conn=0) empty=0 cross=0 gor=66
[06:08:08 load ] offered=      35/s push=      35/s pop=      35/s ack=      35/s shed=      0/s inflight=    0 | e2e p50=  12.74 p99=  164.86 ms | pushRTT p50=  5.34 p99=  32.13 ms | lag=46 | err push=0 pop=0 ack=0 (429=0 403=0 5xx=0 to=0 conn=0) empty=0 cross=0 gor=66
[drain] producers stopped after 900.0s; draining 60s before the correctness verdict
[06:13:08 drain] offered=      35/s push=      35/s pop=      35/s ack=      35/s shed=      0/s inflight=    0 | e2e p50=  12.22 p99=  216.06 ms | pushRTT p50=  5.28 p99=  33.54 ms | lag=45 | err push=0 pop=0 ack=0 (429=0 403=0 5xx=0 to=0 conn=0) empty=0 cross=0 gor=59

========== pro-q7 ==========
offered         35.0 msg/s (31500 msgs, 0 shed)
achieved  push     35.0 msg/s (31500 msgs)   pop     34.9 msg/s during load (    32.8 msg/s over load+drain, 31455 msgs)   ack 31455 msgs
e2eFromSchedule  n=31455     p50=   11.84 p95=   63.23 p99=  164.86 p999=  448.51 max=  1199.57 ms
e2eFromSend      n=31455     p50=   11.33 p95=   62.72 p99=  164.86 p999=  444.42 max=  1198.62 ms
pushRtt          n=31500     p50=    5.02 p95=   16.77 p99=   32.13 p999=  129.54 max=   474.87 ms
ackRtt           n=31312     p50=    3.76 p95=   12.86 p99=   21.63 p999=   40.70 max=   254.73 ms
errors            none
bytes     nominal 292 B/msg -> pushed 8.77 MiB, delivered 8.76 MiB

---- delivery correctness (after the drain) ----
idx  tenant         queue           sentOk  received  missing      dup   extra   cross verdict
0    sp-0000        pro-q7            4500      4496        4        0       0       0 FAIL  firstMissing=[1 2 3 4]
1    sp-0001        pro-q7            4500      4495        5        0       0       0 FAIL  firstMissing=[1 2 3 4 5]
2    sp-0002        pro-q7            4500      4489       11        0       0       0 FAIL  firstMissing=[1 2 3 4 5 6 7 8]
3    sp-0003        pro-q7            4500      4495        5        0       0       0 FAIL  firstMissing=[1 2 3 4 5]
4    sp-0004        pro-q7            4500      4496        4        0       0       0 FAIL  firstMissing=[1 2 3 4]
5    sp-0005        pro-q7            4500      4489       11        0       0       0 FAIL  firstMissing=[1 2 3 4 5 6 7 8]
6    sp-0006        pro-q7            4500      4495        5        0       0       0 FAIL  firstMissing=[1 2 3 4 5]
     TOTAL                           31500     31455       45        0       0       0
VERDICT: FAIL
NOTE: consumers were idle at the cutoff and the consume path reported no errors, so 45 missing is real LOSS, not a tail.

[artifacts] /root/soak/gate/pro-q7.json
            /root/soak/gate/pro-q7-interval.csv
