goload -mode cloud [pro-q6] -> http://10.114.0.2:6711
  active partitions: 5000 of 5000 per queue (100.000%)
  target=proxy tenants=7 sharedQueue=true queue="pro-q6" group="workers" partitions=5000 brokerTenantHeader=false
  offered=35.0 msg/s total (5.00/tenant) push-batch=1 -> 5.00 req/s per tenant across 1 producer(s) | max-inflight=256
  consumers=2/tenant popBatch=100 popWait=true autoAck=false | payload=256B | duration=900s drain=60s | idleConns=8/client verify=true
[configure] 7 queue(s) configured in 0.39s
[06:03:08 load ] offered=      35/s push=      35/s pop=      35/s ack=      35/s shed=      0/s inflight=    1 | e2e p50=  13.25 p99=  150.53 ms | pushRTT p50=  6.05 p99=  38.66 ms | lag=1 | err push=0 pop=0 ack=0 (429=0 403=0 5xx=0 to=0 conn=0) empty=0 cross=0 gor=67
[06:08:08 load ] offered=      35/s push=      35/s pop=      35/s ack=      35/s shed=      0/s inflight=    1 | e2e p50=  15.68 p99=  164.86 ms | pushRTT p50=  7.20 p99=  38.14 ms | lag=1 | err push=0 pop=0 ack=0 (429=0 403=0 5xx=0 to=0 conn=0) empty=0 cross=0 gor=67
[06:13:08 load ] offered=      35/s push=      35/s pop=      35/s ack=      35/s shed=      0/s inflight=    1 | e2e p50=  15.04 p99=  250.88 ms | pushRTT p50=  6.88 p99=  40.19 ms | lag=1 | err push=0 pop=0 ack=0 (429=0 403=0 5xx=0 to=0 conn=0) empty=0 cross=0 gor=67
[drain] producers stopped after 900.0s; draining 60s before the correctness verdict

========== pro-q6 ==========
offered         35.0 msg/s (31502 msgs, 0 shed)
achieved  push     35.0 msg/s (31502 msgs)   pop     35.0 msg/s during load (    32.8 msg/s over load+drain, 31501 msgs)   ack 31501 msgs
e2eFromSchedule  n=31501     p50=   14.53 p95=   69.12 p99=  175.10 p999=  692.22 max=  1541.35 ms
e2eFromSend      n=31501     p50=   14.02 p95=   69.12 p99=  175.10 p999=  684.03 max=  1541.29 ms
pushRtt          n=31502     p50=    6.69 p95=   20.86 p99=   38.66 p999=  160.77 max=  1118.26 ms
ackRtt           n=31308     p50=    5.02 p95=   14.78 p99=   22.91 p999=   46.34 max=   104.92 ms
errors            none
bytes     nominal 292 B/msg -> pushed 8.77 MiB, delivered 8.77 MiB

---- delivery correctness (after the drain) ----
idx  tenant         queue           sentOk  received  missing      dup   extra   cross verdict
0    sp-0000        pro-q6            4500      4500        0        0       0       0 OK
1    sp-0001        pro-q6            4501      4501        0        0       0       0 OK
2    sp-0002        pro-q6            4500      4500        0        0       0       0 OK
3    sp-0003        pro-q6            4500      4500        0        0       0       0 OK
4    sp-0004        pro-q6            4501      4500        1        0       0       0 FAIL  firstMissing=[2]
5    sp-0005        pro-q6            4500      4500        0        0       0       0 OK
6    sp-0006        pro-q6            4500      4500        0        0       0       0 OK
     TOTAL                           31502     31501        1        0       0       0
VERDICT: FAIL
NOTE: consumers were idle at the cutoff and the consume path reported no errors, so 1 missing is real LOSS, not a tail.

[artifacts] /root/soak/gate/pro-q6.json
            /root/soak/gate/pro-q6-interval.csv
