goload -mode cloud [pro-q17] -> http://10.114.0.2:6711
  active partitions: 5000 of 5000 per queue (100.000%)
  target=proxy tenants=7 sharedQueue=true queue="pro-q17" group="workers" partitions=5000 brokerTenantHeader=false
  offered=35.0 msg/s total (5.00/tenant) push-batch=1 -> 5.00 req/s per tenant across 1 producer(s) | max-inflight=256
  consumers=2/tenant popBatch=100 popWait=true autoAck=false | payload=256B | duration=900s drain=60s | idleConns=8/client verify=true
[configure] 7 queue(s) configured in 0.42s
[06:03:08 load ] offered=      35/s push=      35/s pop=      35/s ack=      35/s shed=      0/s inflight=    1 | e2e p50=  12.86 p99=  129.54 ms | pushRTT p50=  5.79 p99=  31.10 ms | lag=30 | err push=0 pop=0 ack=0 (429=0 403=0 5xx=0 to=0 conn=0) empty=1 cross=0 gor=67
[06:08:08 load ] offered=      35/s push=      35/s pop=      35/s ack=      35/s shed=      0/s inflight=    1 | e2e p50=  14.91 p99=  158.72 ms | pushRTT p50=  6.69 p99=  37.63 ms | lag=30 | err push=0 pop=0 ack=0 (429=0 403=0 5xx=0 to=0 conn=0) empty=1 cross=0 gor=67
[06:13:08 load ] offered=      35/s push=      35/s pop=      35/s ack=      35/s shed=      0/s inflight=    0 | e2e p50=  14.53 p99=  218.11 ms | pushRTT p50=  6.56 p99=  39.17 ms | lag=31 | err push=0 pop=0 ack=0 (429=0 403=0 5xx=0 to=0 conn=0) empty=1 cross=0 gor=66
[drain] producers stopped after 900.0s; draining 60s before the correctness verdict

========== pro-q17 ==========
offered         35.0 msg/s (31501 msgs, 0 shed)
achieved  push     35.0 msg/s (31501 msgs)   pop     35.0 msg/s during load (    32.8 msg/s over load+drain, 31471 msgs)   ack 31471 msgs
e2eFromSchedule  n=31471     p50=   14.02 p95=   65.28 p99=  164.86 p999=  569.34 max=  2169.78 ms
e2eFromSend      n=31471     p50=   13.38 p95=   64.77 p99=  164.86 p999=  569.34 max=  2168.99 ms
pushRtt          n=31501     p50=    6.30 p95=   19.58 p99=   36.61 p999=  114.18 max=  1126.63 ms
ackRtt           n=31312     p50=    4.77 p95=   13.89 p99=   22.40 p999=   42.75 max=    75.45 ms
errors            none
bytes     nominal 292 B/msg -> pushed 8.77 MiB, delivered 8.76 MiB

---- delivery correctness (after the drain) ----
idx  tenant         queue           sentOk  received  missing      dup   extra   cross verdict
0    sp-0000        pro-q17           4500      4496        4        0       0       0 FAIL  firstMissing=[1 2 3 4]
1    sp-0001        pro-q17           4500      4496        4        0       0       0 FAIL  firstMissing=[1 2 3 4]
2    sp-0002        pro-q17           4500      4496        4        0       0       0 FAIL  firstMissing=[1 2 3 4]
3    sp-0003        pro-q17           4500      4495        5        0       0       0 FAIL  firstMissing=[1 2 3 4 5]
4    sp-0004        pro-q17           4501      4497        4        0       0       0 FAIL  firstMissing=[2 3 4 5]
5    sp-0005        pro-q17           4500      4495        5        0       0       0 FAIL  firstMissing=[1 2 3 4 5]
6    sp-0006        pro-q17           4500      4496        4        0       0       0 FAIL  firstMissing=[1 2 3 4]
     TOTAL                           31501     31471       30        0       0       0
VERDICT: FAIL
NOTE: consumers were idle at the cutoff and the consume path reported no errors, so 30 missing is real LOSS, not a tail.

[artifacts] /root/soak/gate/pro-q17.json
            /root/soak/gate/pro-q17-interval.csv
