goload -mode cloud [pro-q10] -> http://10.114.0.2:6711
  active partitions: 5000 of 5000 per queue (100.000%)
  target=proxy tenants=7 sharedQueue=true queue="pro-q10" group="workers" partitions=5000 brokerTenantHeader=false
  offered=35.0 msg/s total (5.00/tenant) push-batch=1 -> 5.00 req/s per tenant across 1 producer(s) | max-inflight=256
  consumers=2/tenant popBatch=100 popWait=true autoAck=false | payload=256B | duration=900s drain=60s | idleConns=8/client verify=true
[configure] 7 queue(s) configured in 0.39s
[06:03:08 load ] offered=      35/s push=      35/s pop=      35/s ack=      35/s shed=      0/s inflight=    1 | e2e p50=  12.35 p99=  138.24 ms | pushRTT p50=  5.66 p99=  32.64 ms | lag=6 | err push=0 pop=0 ack=0 (429=0 403=0 5xx=0 to=0 conn=0) empty=0 cross=0 gor=67
[06:08:08 load ] offered=      35/s push=      35/s pop=      35/s ack=      35/s shed=      0/s inflight=    0 | e2e p50=  14.66 p99=  164.86 ms | pushRTT p50=  6.62 p99=  36.10 ms | lag=6 | err push=0 pop=0 ack=0 (429=0 403=0 5xx=0 to=0 conn=0) empty=0 cross=0 gor=66
[drain] producers stopped after 900.0s; draining 60s before the correctness verdict
[06:13:08 drain] offered=      35/s push=      35/s pop=      35/s ack=      35/s shed=      0/s inflight=    0 | e2e p50=  14.27 p99=  211.97 ms | pushRTT p50=  6.56 p99=  38.14 ms | lag=7 | err push=0 pop=0 ack=0 (429=0 403=0 5xx=0 to=0 conn=0) empty=0 cross=0 gor=59

========== pro-q10 ==========
offered         35.0 msg/s (31500 msgs, 0 shed)
achieved  push     35.0 msg/s (31500 msgs)   pop     35.0 msg/s during load (    32.8 msg/s over load+drain, 31494 msgs)   ack 31494 msgs
e2eFromSchedule  n=31494     p50=   13.76 p95=   65.28 p99=  171.01 p999=  518.14 max=  1568.23 ms
e2eFromSend      n=31494     p50=   13.25 p95=   64.77 p99=  171.01 p999=  518.14 max=  1567.14 ms
pushRtt          n=31500     p50=    6.24 p95=   18.82 p99=   35.58 p999=  115.20 max=  1045.85 ms
ackRtt           n=31328     p50=    4.19 p95=   13.63 p99=   22.14 p999=   44.29 max=    90.08 ms
errors            none
bytes     nominal 292 B/msg -> pushed 8.77 MiB, delivered 8.77 MiB

---- delivery correctness (after the drain) ----
idx  tenant         queue           sentOk  received  missing      dup   extra   cross verdict
0    sp-0000        pro-q10           4500      4500        0        0       0       0 OK
1    sp-0001        pro-q10           4500      4500        0        0       0       0 OK
2    sp-0002        pro-q10           4500      4499        1        0       0       0 FAIL  firstMissing=[2]
3    sp-0003        pro-q10           4500      4498        2        0       0       0 FAIL  firstMissing=[1 2]
4    sp-0004        pro-q10           4500      4500        0        0       0       0 OK
5    sp-0005        pro-q10           4500      4499        1        0       0       0 FAIL  firstMissing=[1]
6    sp-0006        pro-q10           4500      4498        2        0       0       0 FAIL  firstMissing=[1 2]
     TOTAL                           31500     31494        6        0       0       0
VERDICT: FAIL
NOTE: consumers were idle at the cutoff and the consume path reported no errors, so 6 missing is real LOSS, not a tail.

[artifacts] /root/soak/gate/pro-q10.json
            /root/soak/gate/pro-q10-interval.csv
