kload tag=1x200-4000k-p1 loader=1/9 mode=batch rate=444444 msg/s batch=100 batch-max=0 max-inflight=5000 ramp=10s duration=1m10s report=10s drain=0s GOMAXPROCS=16 GOGC=400 seed=1790761649991786693
  offered: 444444 msg/s = 4444.4 units/s (avg 100.0 msgs/unit) across 64 pacer workers (69.44 units/s each)
  topics: 1 x 200 partitions (k1x200-4000k..k1x200-4000k), entities/topic=0 (explicit partition) | picker: topics=rr entities: rr over space=200 starting at 22
  payload: goload jsonEvent target 256 B, avg 289.4 B raw, ~319 B stamped ({"ts":µs,"src":1,...}), pool 64x100
  consumers: 22 here (ci 22..43 of 198), poll=1000 proc-us=0 ack=async ack-inflight=256 local-src=[0 1 2]
  kafka: brokers=10.114.0.2:9092,10.114.0.3:9092,10.114.0.4:9092 rf=3 min-isr=2 producers=4 linger=5ms compression=lz4 acks=all idempotent batch-max-bytes=1048576 | consumers: protocol=consumer fetch-max-wait=500ms fetch-min-bytes=1 fetch-max-partition-bytes=1048576 session=45s
  [topic] READY after 0.0s: 1 topics x 200 partitions, leaders + full ISR
  [config] broker.compression.type = producer (STATIC_BROKER_CONFIG)
  [config] broker.default.replication.factor = 3 (STATIC_BROKER_CONFIG)
  [config] broker.group.consumer.assignors = uniform,range (DEFAULT_CONFIG)
  [config] broker.group.coordinator.rebalance.protocols = classic,consumer,streams (DEFAULT_CONFIG)
  [config] broker.group.initial.rebalance.delay.ms = 3000 (DEFAULT_CONFIG)
  [config] broker.log.flush.interval.messages = 9223372036854775807 (DEFAULT_CONFIG)
  [config] broker.log.flush.interval.ms = <nil> (DEFAULT_CONFIG)
  [config] broker.max.incremental.fetch.session.cache.slots = 4000 (STATIC_BROKER_CONFIG)
  [config] broker.min.insync.replicas = 2 (DYNAMIC_DEFAULT_BROKER_CONFIG)
  [config] broker.num.io.threads = 16 (STATIC_BROKER_CONFIG)
  [config] broker.num.network.threads = 8 (STATIC_BROKER_CONFIG)
  [config] broker.num.replica.fetchers = 8 (STATIC_BROKER_CONFIG)
  [config] topic.compression.type = producer (STATIC_BROKER_CONFIG)
  [config] topic.flush.messages = 9223372036854775807 (DEFAULT_CONFIG)
  [config] topic.flush.ms = 9223372036854775807 (DEFAULT_CONFIG)
  [config] topic.max.message.bytes = 16777216 (STATIC_BROKER_CONFIG)
  [config] topic.message.timestamp.type = CreateTime (DEFAULT_CONFIG)
  [config] topic.min.insync.replicas = 2 (DYNAMIC_TOPIC_CONFIG)
  [config] topic.retention.ms = 600000 (DYNAMIC_TOPIC_CONFIG)
  [config] topic.segment.bytes = 268435456 (DYNAMIC_TOPIC_CONFIG)
  [config] topic.unclean.leader.election.enable = false (STATIC_BROKER_CONFIG)
  [group] 22 consumers in 1 groups (k1x200-4000k-g-t0 ... ), protocol consumer
  [group] t=+0.0s waiting: k1x200-4000k-g-t0: local members 22/198 hold 0/200 partitions (group-wide ? members=0 assigned=0)
  [group] t=+2.0s waiting: k1x200-4000k-g-t0: local members 22/198 hold 0/200 partitions (group-wide Assigning members=198 assigned=200)
  [group] t=+4.0s waiting: k1x200-4000k-g-t0: local members 22/198 hold 0/200 partitions (group-wide Assigning members=198 assigned=200)
  [group] t=+6.0s waiting: k1x200-4000k-g-t0: local members 22/198 hold 0/200 partitions (group-wide Reconciling members=198 assigned=2)
  [group] t=+8.0s waiting: k1x200-4000k-g-t0: local members 22/198 hold 0/200 partitions (group-wide Reconciling members=198 assigned=2)
  [group] t=+10.1s waiting: k1x200-4000k-g-t0: local members 22/198 hold 0/200 partitions (group-wide Reconciling members=198 assigned=2)
  [group] t=+12.1s waiting: k1x200-4000k-g-t0: local members 22/198 hold 23/200 partitions (group-wide Stable members=198 assigned=200)
  [group] STABLE after 14.1s: 1 groups, 22 local members holding 23 partitions, assignEv=44 revokeEv=0 lostEv=0
  [produce] 4 clients connected to every broker with producer IDs in 0.31s; max buffered 501024 records per client
READY 1790761591388
[start] waiting 9.336s for the common start 1790761606243
[start] GO 09:46:46.243 (unix ms 1790761606243)
[09:46:56] offered=   222221/s achieved=   221831/s shed=        0/s inflight=    43 | p50=   9.41 p99=   38.14 p999=  127.49 ms | push=2218300 pop=2295000 lag=-76700 | errs push=0 pop=0 empty=0 gor=559 | ack=   224901/s ackErr=0 ackAvg=21.74ms | e2e p50=9.66 p99=43.26 p999=120.32 n=2295000 | e2e_local p50=9.54 p99=43.26 n=764900
[09:47:06] offered=   444395/s achieved=   444255/s shed=        0/s inflight=    57 | p50=   9.28 p99=   58.11 p999=  100.86 ms | push=6661000 pop=6892500 lag=-231500 | errs push=0 pop=0 empty=0 gor=566 | ack=   457784/s ackErr=0 ackAvg=54.70ms | e2e p50=15.30 p99=76.29 p999=121.34 n=4597800 | e2e_local p50=15.30 p99=75.26 n=1532600
[09:47:16] offered=   444508/s achieved=   444638/s shed=        0/s inflight=    40 | p50=   9.15 p99=   74.24 p999=  132.10 ms | push=11107200 pop=11492700 lag=-385500 | errs push=0 pop=0 empty=0 gor=550 | ack=   462299/s ackErr=0 ackAvg=61.88ms | e2e p50=14.91 p99=75.26 p999=134.14 n=4599900 | e2e_local p50=14.91 p99=73.22 n=1533500
[09:47:26] offered=   444378/s achieved=   444458/s shed=        0/s inflight=    29 | p50=   9.15 p99=   58.62 p999=  107.01 ms | push=15551800 pop=16095700 lag=-543900 | errs push=0 pop=0 empty=0 gor=564 | ack=   460798/s ackErr=0 ackAvg=65.57ms | e2e p50=15.30 p99=73.22 p999=101.89 n=4603100 | e2e_local p50=15.30 p99=73.22 n=1534800
[09:47:36] offered=   444505/s achieved=   443995/s shed=        0/s inflight=    82 | p50=   9.15 p99=   42.75 p999=   75.26 ms | push=19991800 pop=20694400 lag=-702600 | errs push=0 pop=0 empty=0 gor=579 | ack=   460325/s ackErr=0 ackAvg=67.16ms | e2e p50=15.17 p99=52.99 p999=83.46 n=4598600 | e2e_local p50=15.17 p99=52.99 n=1532600
[09:47:46] offered=   444439/s achieved=   444859/s shed=        0/s inflight=    41 | p50=   9.15 p99=   53.50 p999=   95.74 ms | push=24440400 pop=25293300 lag=-852900 | errs push=0 pop=0 empty=0 gor=556 | ack=   459589/s ackErr=0 ackAvg=68.47ms | e2e p50=15.30 p99=59.65 p999=89.60 n=4598900 | e2e_local p50=15.30 p99=60.67 n=1532800
[09:47:56] offered=   444415/s achieved=   444385/s shed=        0/s inflight=    44 | p50=   9.15 p99=   46.34 p999=   71.17 ms | push=28884500 pop=29891500 lag=-1007000 | errs push=0 pop=0 empty=0 gor=487 | ack=   460124/s ackErr=0 ackAvg=69.30ms | e2e p50=15.17 p99=49.92 p999=71.17 n=4598200 | e2e_local p50=15.17 p99=49.41 n=1532800
[info] steady window 60s (after the ramp, before the producers stopped): offered 444440/s pushed 444432/s popped 459936/s cpu 253.5% = 0.57 cores per 100k msg/s (produce+consume)
[final] offered=288889 achieved=288889 shed=0 (msgs: offered=28888900 achieved=28888900 shed=0) pushErr=0 | pushed=28888900 popped=29899405 lag=-1010505 | popErr=0 empty=0 | overall p50=9.15 p99=54.53 p999=111.10 ms | acked=29894100 ackErr=0 ackLag=-1005200 ackAvg=69.56ms | e2e p50=14.91 p99=66.05 p999=114.18 ms
load_cpu=168.3%
