qload tag=1x200-t10-144k-w198-pw1-b100-p0 loader=0/9 mode=batch rate=16000 msg/s batch=100 batch-max=0 max-inflight=5000 ramp=10s duration=1m10s report=10s drain=1m0s GOMAXPROCS=16 GOGC=400 seed=1790884128299309457
  offered: 16000 msg/s = 160.0 units/s (avg 100.0 msgs/unit) across 4 pacer workers (40.00 units/s each)
  topics: 1 x 200 partitions (x1x200-t10-144k-w198-pw1-b100..x1x200-t10-144k-w198-pw1-b100), entities/topic=0 (explicit partition) | picker: topics=rr entities: rr over space=200 starting at 0
  payload: goload jsonEvent target 256 B, avg 289.6 B raw, ~320 B stamped ({"ts":µs,"src":0,...}), pool 64x100
  consumers: 22 here (ci 0..21 of 198), poll=1000 proc-us=0 ack=async ack-inflight=256 local-src=[0 1 2]
  queen: url=http://10.114.0.2:6632 (of 3) conns=2048 timeout=30s pop-width=1 pop-batch=1000 pop-timeout=2s lease=10s | configure: leaseTime=30 completedRetention=3600 dedup=0 retryLimit=1000000 | txn: x1x200-t10-144k-w198-pw1-b100-in -> workers (txn-size 10, linger 1s, one /transaction = acks with leases + pushes) -> x1x200-t10-144k-w198-pw1-b100-out, 22 read-committed readers
  [queen] http://10.114.0.2:6632 healthy: version 2.0.0-beta.2, this node leader
  [txn] 22 workers (ci 0..21 of 198): x1x200-t10-144k-w198-pw1-b100-in -> x1x200-t10-144k-w198-pw1-b100-out, txn-size 10, linger 1s, pop width 1, lease 10s
  [consume] 22 consumers of x1x200-t10-144k-w198-pw1-b100-out: pop width 1, batch 1000, long poll 2s, lease 10s, async batch acks (ack-inflight 256)
READY 1790884333271
[start] waiting 8.962s for the common start 1790884346448
[start] GO 19:52:26.448 (unix ms 1790884346448)
[19:52:36] offered=     8000/s achieved=     7990/s shed=        0/s inflight=     1 | p50=   6.37 p99=   12.99 p999=   17.54 ms | push=79900 pop=72890 lag=7010 | errs push=0 pop=0 empty=154 gor=199 | ack=     7282/s ackErr=0 ackAvg=8.23ms | e2e p50=98.82 p99=577.54 p999=651.26 n=72890 | e2e_local p50=97.79 p99=577.54 n=24080
[txn] 19:52:36 txn=     748/s msgs=     7482/s avg= 10.00 msg/txn | commit p50=6.18 p99=15.81 p999=17.54 ms | aborts=0 errs=0 open=15 | in=     7497/s | total txns=7482 msgs=74820 aborts=0 errs=0
[19:52:46] offered=    16000/s achieved=    16000/s shed=        0/s inflight=     1 | p50=   8.38 p99=   15.55 p999=   17.54 ms | push=239900 pop=179060 lag=60840 | errs push=0 pop=0 empty=154 gor=205 | ack=    10617/s ackErr=0 ackAvg=9.95ms | e2e p50=2244.61 p99=4112.38 p999=4227.07 n=106170 | e2e_local p50=2244.61 p99=4145.15 n=35320
[txn] 19:52:46 txn=    1065/s msgs=    10649/s avg= 10.00 msg/txn | commit p50=9.54 p99=18.30 p999=21.89 ms | aborts=0 errs=0 open=15 | in=    10649/s | total txns=18131 msgs=181310 aborts=0 errs=0
[19:52:56] offered=    16000/s achieved=    16000/s shed=        0/s inflight=     1 | p50=   8.51 p99=   15.94 p999=   19.84 ms | push=399900 pop=281760 lag=118140 | errs push=0 pop=0 empty=154 gor=210 | ack=    10265/s ackErr=0 ackAvg=10.54ms | e2e p50=5931.01 p99=7897.09 p999=8028.16 n=102700 | e2e_local p50=5931.01 p99=7897.09 n=32750
[txn] 19:52:56 txn=    1031/s msgs=    10310/s avg= 10.00 msg/txn | commit p50=9.92 p99=19.07 p999=22.91 ms | aborts=0 errs=0 open=11 | in=    10306/s | total txns=28441 msgs=284410 aborts=0 errs=0
[19:53:06] offered=    16000/s achieved=    16000/s shed=        0/s inflight=     1 | p50=   8.51 p99=   15.68 p999=   20.86 ms | push=559900 pop=384170 lag=175730 | errs push=0 pop=0 empty=154 gor=206 | ack=    10245/s ackErr=0 ackAvg=10.80ms | e2e p50=9764.86 p99=11730.94 p999=11862.02 n=102410 | e2e_local p50=9633.79 p99=11730.94 n=34700
[txn] 19:53:06 txn=    1017/s msgs=    10174/s avg= 10.00 msg/txn | commit p50=10.05 p99=18.56 p999=23.68 ms | aborts=0 errs=0 open=9 | in=    10172/s | total txns=38615 msgs=386150 aborts=0 errs=0
[19:53:16] offered=    16001/s achieved=    16001/s shed=        0/s inflight=     1 | p50=   8.77 p99=   15.55 p999=   18.56 ms | push=719900 pop=486090 lag=233810 | errs push=0 pop=0 empty=154 gor=210 | ack=    10190/s ackErr=0 ackAvg=11.00ms | e2e p50=13565.95 p99=15532.03 p999=15794.18 n=101920 | e2e_local p50=13565.95 p99=15532.03 n=34550
[txn] 19:53:16 txn=    1010/s msgs=    10096/s avg= 10.00 msg/txn | commit p50=10.05 p99=18.30 p999=20.86 ms | aborts=0 errs=0 open=22 | in=    10109/s | total txns=48710 msgs=487100 aborts=0 errs=0
[19:53:26] offered=    16000/s achieved=    16000/s shed=        0/s inflight=     1 | p50=   8.64 p99=   16.32 p999=   20.10 ms | push=879900 pop=586510 lag=293390 | errs push=0 pop=0 empty=154 gor=210 | ack=    10041/s ackErr=0 ackAvg=11.12ms | e2e p50=17432.58 p99=19529.73 p999=19529.73 n=100420 | e2e_local p50=17432.58 p99=19529.73 n=33830
[txn] 19:53:26 txn=    1007/s msgs=    10075/s avg= 10.00 msg/txn | commit p50=10.05 p99=20.35 p999=30.08 ms | aborts=0 errs=0 open=7 | in=    10060/s | total txns=58785 msgs=587850 aborts=0 errs=0
[19:53:36] offered=    15998/s achieved=    15998/s shed=        0/s inflight=     1 | p50=   8.64 p99=   15.94 p999=   18.82 ms | push=1039900 pop=688080 lag=351820 | errs push=0 pop=0 empty=154 gor=214 | ack=    10148/s ackErr=0 ackAvg=11.20ms | e2e p50=21102.59 p99=23461.89 p999=23461.89 n=101570 | e2e_local p50=21102.59 p99=23461.89 n=34130
[txn] 19:53:36 txn=    1008/s msgs=    10085/s avg= 10.00 msg/txn | commit p50=10.18 p99=19.33 p999=23.42 ms | aborts=0 errs=0 open=16 | in=    10094/s | total txns=68871 msgs=688710 aborts=0 errs=0
[drain] workers and readers keep going for up to 59.988s (ends early after 3s idle; lag now 351920)
[19:53:46] offered=        0/s achieved=       10/s shed=        0/s inflight=     0 | p50=  12.99 p99=   12.99 p999=   12.99 ms | push=1040000 pop=812600 lag=227400 | errs push=0 pop=0 empty=154 gor=203 | ack=    12468/s ackErr=0 ackAvg=10.98ms | e2e p50=24248.32 p99=25821.18 p999=26083.33 n=124520 | e2e_local p50=24248.32 p99=25821.18 n=42320
[txn] 19:53:46 txn=    1253/s msgs=    12535/s avg= 10.00 msg/txn | commit p50=8.03 p99=16.32 p999=100.86 ms | aborts=0 errs=0 open=4 | in=    12523/s | total txns=81404 msgs=814040 aborts=0 errs=0
[19:53:56] offered=        0/s achieved=        0/s shed=        0/s inflight=     0 | p50=   0.00 p99=    0.00 p999=    0.00 ms | push=1040000 pop=936600 lag=103400 | errs push=0 pop=0 empty=154 gor=206 | ack=    12393/s ackErr=0 ackAvg=10.82ms | e2e p50=26869.76 p99=28442.62 p999=28704.77 n=124000 | e2e_local p50=26869.76 p99=28442.62 n=40960
[txn] 19:53:56 txn=    1250/s msgs=    12504/s avg= 10.00 msg/txn | commit p50=7.97 p99=15.68 p999=124.42 ms | aborts=0 errs=0 open=8 | in=    12508/s | total txns=93908 msgs=939080 aborts=0 errs=0
[19:54:06] offered=        0/s achieved=        0/s shed=        0/s inflight=     0 | p50=   0.00 p99=    0.00 p999=    0.00 ms | push=1040000 pop=1061600 lag=-21600 | errs push=0 pop=0 empty=154 gor=209 | ack=    12497/s ackErr=0 ackAvg=10.68ms | e2e p50=29229.06 p99=30801.92 p999=31064.06 n=125000 | e2e_local p50=29229.06 p99=30801.92 n=42210
[txn] 19:54:06 txn=    1256/s msgs=    12562/s avg= 10.00 msg/txn | commit p50=7.84 p99=16.19 p999=130.56 ms | aborts=0 errs=0 open=20 | in=    12574/s | total txns=106470 msgs=1064700 aborts=0 errs=0
[drain] idle for 3s after 33.8s: ending the drain (lag -28080)
[info] steady window 60s (after the ramp, before the producers stopped): offered 16000/s pushed 16000/s popped 10253/s cpu 92.7% = 5.80 cores per 100k msg/s (produce+consume)
[final] offered=10400 achieved=10400 shed=0 (msgs: offered=1040000 achieved=1040000 shed=0) pushErr=0 | pushed=1040000 popped=1068080 lag=-28080 | popErr=0 empty=198 | overall p50=8.51 p99=15.81 p999=19.07 ms | acked=1068080 ackErr=0 ackLag=-28080 ackAvg=10.66ms | e2e p50=17170.43 p99=30539.78 p999=30801.92 ms
load_cpu=79.6%
[txn-final] txns=107135 msgs=1071350 aborts=0 errs=0 in=1071350 avg=10.00 msg/txn | commit p50=8.90 p99=18.56 p999=30.85 max=142.34 ms
[ids] ledger /root/bench/runs/txn/queen/1x200-t10-144k-w198-pw1-b100/ids/p0.ids: 1040000 confirmed, 0 failed, 0 unanswered
