qload tag=1x200-t10-144k-w198-pw1-b100-p2 loader=2/9 mode=batch rate=16000 msg/s batch=100 batch-max=0 max-inflight=5000 ramp=10s duration=1m10s report=10s drain=1m0s GOMAXPROCS=16 GOGC=400 seed=1790884128382931372
  offered: 16000 msg/s = 160.0 units/s (avg 100.0 msgs/unit) across 4 pacer workers (40.00 units/s each)
  topics: 1 x 200 partitions (x1x200-t10-144k-w198-pw1-b100..x1x200-t10-144k-w198-pw1-b100), entities/topic=0 (explicit partition) | picker: topics=rr entities: rr over space=200 starting at 44
  payload: goload jsonEvent target 256 B, avg 289.5 B raw, ~320 B stamped ({"ts":µs,"src":2,...}), pool 64x100
  consumers: 22 here (ci 44..65 of 198), poll=1000 proc-us=0 ack=async ack-inflight=256 local-src=[0 1 2]
  queen: url=http://10.114.0.4:6632 (of 3) conns=2048 timeout=30s pop-width=1 pop-batch=1000 pop-timeout=2s lease=10s | configure: leaseTime=30 completedRetention=3600 dedup=0 retryLimit=1000000 | txn: x1x200-t10-144k-w198-pw1-b100-in -> workers (txn-size 10, linger 1s, one /transaction = acks with leases + pushes) -> x1x200-t10-144k-w198-pw1-b100-out, 22 read-committed readers
  [queen] http://10.114.0.4:6632 healthy: version 2.0.0-beta.2, this node follower
  [txn] 22 workers (ci 44..65 of 198): x1x200-t10-144k-w198-pw1-b100-in -> x1x200-t10-144k-w198-pw1-b100-out, txn-size 10, linger 1s, pop width 1, lease 10s
  [consume] 22 consumers of x1x200-t10-144k-w198-pw1-b100-out: pop width 1, batch 1000, long poll 2s, lease 10s, async batch acks (ack-inflight 256)
READY 1790884333280
[start] waiting 8.957s for the common start 1790884346448
[start] GO 19:52:26.448 (unix ms 1790884346448)
[19:52:36] offered=     8000/s achieved=     7990/s shed=        0/s inflight=     1 | p50=   6.82 p99=   13.63 p999=   17.79 ms | push=79900 pop=70420 lag=9480 | errs push=0 pop=0 empty=154 gor=204 | ack=     7034/s ackErr=0 ackAvg=8.50ms | e2e p50=96.77 p99=585.73 p999=643.07 n=70420 | e2e_local p50=97.79 p99=585.73 n=23560
[txn] 19:52:36 txn=     702/s msgs=     7023/s avg= 10.00 msg/txn | commit p50=6.88 p99=16.19 p999=18.82 ms | aborts=0 errs=0 open=17 | in=     7040/s | total txns=7023 msgs=70230 aborts=0 errs=0
[19:52:46] offered=    16000/s achieved=    16000/s shed=        0/s inflight=     1 | p50=   8.77 p99=   16.32 p999=   19.33 ms | push=239900 pop=174180 lag=65720 | errs push=0 pop=0 empty=154 gor=199 | ack=    10381/s ackErr=0 ackAvg=10.24ms | e2e p50=2277.38 p99=4112.38 p999=4227.07 n=103760 | e2e_local p50=2277.38 p99=4112.38 n=34850
[txn] 19:52:46 txn=    1033/s msgs=    10334/s avg= 10.00 msg/txn | commit p50=10.05 p99=18.30 p999=21.38 ms | aborts=0 errs=0 open=18 | in=    10335/s | total txns=17357 msgs=173570 aborts=0 errs=0
[19:52:56] offered=    16000/s achieved=    16000/s shed=        0/s inflight=     1 | p50=   8.90 p99=   15.81 p999=   20.10 ms | push=399900 pop=273880 lag=126020 | errs push=0 pop=0 empty=154 gor=211 | ack=     9958/s ackErr=0 ackAvg=10.81ms | e2e p50=5931.01 p99=7897.09 p999=8093.70 n=99700 | e2e_local p50=5931.01 p99=7897.09 n=33530
[txn] 19:52:56 txn=    1000/s msgs=     9996/s avg= 10.00 msg/txn | commit p50=10.30 p99=19.07 p999=22.91 ms | aborts=0 errs=0 open=9 | in=     9987/s | total txns=27353 msgs=273530 aborts=0 errs=0
[19:53:06] offered=    16001/s achieved=    16001/s shed=        0/s inflight=     1 | p50=   8.90 p99=   16.06 p999=   19.58 ms | push=559900 pop=373050 lag=186850 | errs push=0 pop=0 empty=154 gor=207 | ack=     9922/s ackErr=0 ackAvg=11.07ms | e2e p50=9764.86 p99=11730.94 p999=11862.02 n=99170 | e2e_local p50=9764.86 p99=11730.94 n=32660
[txn] 19:53:06 txn=     999/s msgs=     9990/s avg= 10.00 msg/txn | commit p50=10.43 p99=19.33 p999=26.24 ms | aborts=0 errs=0 open=8 | in=     9989/s | total txns=37342 msgs=373420 aborts=0 errs=0
[19:53:16] offered=    16000/s achieved=    16000/s shed=        0/s inflight=     1 | p50=   9.28 p99=   15.94 p999=   20.35 ms | push=719900 pop=471240 lag=248660 | errs push=0 pop=0 empty=154 gor=203 | ack=     9824/s ackErr=0 ackAvg=11.27ms | e2e p50=13565.95 p99=15532.03 p999=15663.10 n=98190 | e2e_local p50=13434.88 p99=15532.03 n=32810
[txn] 19:53:16 txn=     989/s msgs=     9886/s avg= 10.00 msg/txn | commit p50=10.56 p99=18.56 p999=21.89 ms | aborts=0 errs=0 open=21 | in=     9899/s | total txns=47228 msgs=472280 aborts=0 errs=0
[19:53:26] offered=    15999/s achieved=    15999/s shed=        0/s inflight=     1 | p50=   8.90 p99=   15.81 p999=   22.14 ms | push=879900 pop=568780 lag=311120 | errs push=0 pop=0 empty=154 gor=210 | ack=     9745/s ackErr=0 ackAvg=11.38ms | e2e p50=17432.58 p99=19529.73 p999=19529.73 n=97540 | e2e_local p50=17432.58 p99=19529.73 n=32070
[txn] 19:53:26 txn=     983/s msgs=     9826/s avg= 10.00 msg/txn | commit p50=10.43 p99=20.10 p999=31.10 ms | aborts=0 errs=0 open=13 | in=     9818/s | total txns=57055 msgs=570550 aborts=0 errs=0
[19:53:36] offered=    16001/s achieved=    16001/s shed=        0/s inflight=     1 | p50=   9.02 p99=   15.94 p999=   18.82 ms | push=1039900 pop=667230 lag=372670 | errs push=0 pop=0 empty=154 gor=210 | ack=     9841/s ackErr=0 ackAvg=11.46ms | e2e p50=21102.59 p99=23461.89 p999=23461.89 n=98450 | e2e_local p50=21364.74 p99=23461.89 n=32450
[txn] 19:53:36 txn=     989/s msgs=     9892/s avg= 10.00 msg/txn | commit p50=10.56 p99=19.58 p999=22.91 ms | aborts=0 errs=0 open=20 | in=     9899/s | total txns=66947 msgs=669470 aborts=0 errs=0
[drain] workers and readers keep going for up to 59.989s (ends early after 3s idle; lag now 372770)
[19:53:46] offered=        0/s achieved=       10/s shed=        0/s inflight=     0 | p50=  11.58 p99=   11.58 p999=   11.58 ms | push=1040000 pop=787880 lag=252120 | errs push=0 pop=0 empty=154 gor=199 | ack=    12079/s ackErr=0 ackAvg=11.24ms | e2e p50=24248.32 p99=25821.18 p999=26083.33 n=120650 | e2e_local p50=24248.32 p99=25821.18 n=41000
[txn] 19:53:46 txn=    1211/s msgs=    12110/s avg= 10.00 msg/txn | commit p50=8.38 p99=18.82 p999=97.79 ms | aborts=0 errs=0 open=9 | in=    12099/s | total txns=79057 msgs=790570 aborts=0 errs=0
[19:53:56] offered=        0/s achieved=        0/s shed=        0/s inflight=     0 | p50=   0.00 p99=    0.00 p999=    0.00 ms | push=1040000 pop=909010 lag=130990 | errs push=0 pop=0 empty=154 gor=208 | ack=    12100/s ackErr=0 ackAvg=11.08ms | e2e p50=26869.76 p99=28442.62 p999=28704.77 n=121130 | e2e_local p50=26869.76 p99=28442.62 n=40400
[txn] 19:53:56 txn=    1215/s msgs=    12152/s avg= 10.00 msg/txn | commit p50=8.38 p99=16.32 p999=124.42 ms | aborts=0 errs=0 open=5 | in=    12148/s | total txns=91209 msgs=912090 aborts=0 errs=0
[19:54:06] offered=        0/s achieved=        0/s shed=        0/s inflight=     0 | p50=   0.00 p99=    0.00 p999=    0.00 ms | push=1040000 pop=1030400 lag=9600 | errs push=0 pop=0 empty=154 gor=211 | ack=    12138/s ackErr=0 ackAvg=10.93ms | e2e p50=29229.06 p99=30801.92 p999=31064.06 n=121390 | e2e_local p50=29229.06 p99=30801.92 n=39430
[txn] 19:54:06 txn=    1210/s msgs=    12096/s avg= 10.00 msg/txn | commit p50=8.26 p99=16.06 p999=130.56 ms | aborts=0 errs=0 open=15 | in=    12104/s | total txns=103304 msgs=1033040 aborts=0 errs=0
[drain] idle for 3s after 33.8s: ending the drain (lag 3140)
[info] steady window 60s (after the ramp, before the producers stopped): offered 16000/s pushed 16000/s popped 9947/s cpu 91.3% = 5.71 cores per 100k msg/s (produce+consume)
[final] offered=10400 achieved=10400 shed=0 (msgs: offered=1040000 achieved=1040000 shed=0) pushErr=0 | pushed=1040000 popped=1036860 lag=3140 | popErr=0 empty=197 | overall p50=8.77 p99=15.81 p999=19.58 ms | acked=1036860 ackErr=0 ackLag=3140 ackAvg=10.91ms | e2e p50=17432.58 p99=30539.78 p999=30801.92 ms
load_cpu=78.2%
[txn-final] txns=103952 msgs=1039520 aborts=0 errs=0 in=1039520 avg=10.00 msg/txn | commit p50=9.41 p99=18.82 p999=31.36 max=142.34 ms
[ids] ledger /root/bench/runs/txn/queen/1x200-t10-144k-w198-pw1-b100/ids/p2.ids: 1040000 confirmed, 0 failed, 0 unanswered
