kload tag=1x200-300k-p6 loader=6/9 mode=batch rate=33333 msg/s batch=100 batch-max=0 max-inflight=5000 ramp=10s duration=1m10s report=10s drain=0s GOMAXPROCS=16 GOGC=400 seed=1790853264601097983
  offered: 33333 msg/s = 333.3 units/s (avg 100.0 msgs/unit) across 7 pacer workers (47.62 units/s each)
  topics: 1 x 200 partitions (r1x200-300k..r1x200-300k), entities/topic=0 (explicit partition) | picker: topics=rr entities: rr over space=200 starting at 133
  payload: goload jsonEvent target 256 B, avg 289.5 B raw, ~320 B stamped ({"ts":µs,"src":6,...}), pool 64x100
  consumers: 22 here (ci 132..153 of 198), poll=1000 proc-us=0 ack=async ack-inflight=256 local-src=[6 7 8]
  kafka: brokers=10.114.0.2:9092,10.114.0.3:9092,10.114.0.4:9092 rf=3 min-isr=0 producers=4 linger=5ms compression=lz4 acks=all idempotent batch-max-bytes=1048576 | consumers: protocol=classic fetch-max-wait=500ms fetch-min-bytes=1 fetch-max-partition-bytes=1048576 session=45s
  [topic] READY after 0.0s: 1 topics x 200 partitions, leaders + full ISR
  [config] broker.default.replication.factor = 3 (STATIC_BROKER_CONFIG)
  [config] topic.compression.type = producer (DEFAULT_CONFIG)
  [config] topic.flush.ms = 100 (DEFAULT_CONFIG)
  [config] topic.max.message.bytes = 16777216 (DEFAULT_CONFIG)
  [config] topic.message.timestamp.type = CreateTime (DEFAULT_CONFIG)
  [config] topic.retention.ms = 600000 (DYNAMIC_TOPIC_CONFIG)
  [config] topic.segment.bytes = 268435456 (DYNAMIC_TOPIC_CONFIG)
  [group] 22 consumers in 1 groups (r1x200-300k-g-t0 ... ), protocol classic
  [group] t=+0.4s waiting: r1x200-300k-g-t0: local members 22/198 hold 0/200 partitions (group-wide PreparingRebalance members=103 assigned=0)
  [group] t=+2.4s waiting: r1x200-300k-g-t0: local members 22/198 hold 0/200 partitions (group-wide PreparingRebalance members=198 assigned=0)
  [group] t=+4.5s waiting: r1x200-300k-g-t0: local members 22/198 hold 0/200 partitions (group-wide PreparingRebalance members=198 assigned=0)
  [group] t=+6.5s waiting: r1x200-300k-g-t0: local members 22/198 hold 22/200 partitions (group-wide PreparingRebalance members=198 assigned=0)
  [group] t=+8.5s waiting: r1x200-300k-g-t0: local members 22/198 hold 22/200 partitions (group-wide Stable members=198 assigned=200)
  [group] STABLE after 10.1s: 1 groups, 22 local members holding 22 partitions, assignEv=22 revokeEv=0 lostEv=0
  [produce] 4 clients connected to every broker with producer IDs in 0.04s; max buffered 501024 records per client
READY 1790853367895
[start] waiting 9.422s for the common start 1790853416562
[start] GO 11:16:56.562 (unix ms 1790853416562)
[11:17:06] offered=    16661/s achieved=    16651/s shed=        0/s inflight=     1 | p50=   8.64 p99=   52.48 p999=   82.43 ms | push=166500 pop=165000 lag=1500 | errs push=0 pop=0 empty=0 gor=238 | ack=    16451/s ackErr=0 ackAvg=7.70ms | e2e p50=8.64 p99=53.50 p999=98.82 n=165000 | e2e_local p50=9.02 p99=71.17 n=54600
[11:17:16] offered=    33328/s achieved=    33328/s shed=        0/s inflight=     1 | p50=   8.38 p99=   52.99 p999=  101.89 ms | push=499800 pop=494700 lag=5100 | errs push=0 pop=0 empty=0 gor=222 | ack=    33008/s ackErr=0 ackAvg=6.96ms | e2e p50=8.51 p99=48.90 p999=98.82 n=329700 | e2e_local p50=8.51 p99=55.04 n=110400
[11:17:26] offered=    33361/s achieved=    33321/s shed=        0/s inflight=     5 | p50=   8.38 p99=   45.31 p999=   77.31 ms | push=833000 pop=824800 lag=8200 | errs push=0 pop=0 empty=0 gor=224 | ack=    33001/s ackErr=0 ackAvg=6.75ms | e2e p50=8.51 p99=41.73 p999=71.17 n=330100 | e2e_local p50=8.64 p99=43.78 n=112200
[11:17:36] offered=    33330/s achieved=    33330/s shed=        0/s inflight=     5 | p50=   8.51 p99=   42.24 p999=   68.10 ms | push=1166300 pop=1154700 lag=11600 | errs push=0 pop=0 empty=0 gor=227 | ack=    33010/s ackErr=0 ackAvg=6.24ms | e2e p50=8.51 p99=40.19 p999=66.05 n=329900 | e2e_local p50=8.64 p99=26.50 n=107100
[11:17:46] offered=    33331/s achieved=    33371/s shed=        0/s inflight=     1 | p50=   8.51 p99=   42.24 p999=   79.36 ms | push=1500000 pop=1484700 lag=15300 | errs push=0 pop=0 empty=0 gor=224 | ack=    32991/s ackErr=0 ackAvg=6.01ms | e2e p50=8.51 p99=40.19 p999=79.36 n=330000 | e2e_local p50=8.64 p99=36.10 n=110700
[11:17:56] offered=    33320/s achieved=    33330/s shed=        0/s inflight=     0 | p50=   8.38 p99=   52.99 p999=   95.74 ms | push=1833300 pop=1814900 lag=18400 | errs push=0 pop=0 empty=0 gor=224 | ack=    33010/s ackErr=0 ackAvg=6.17ms | e2e p50=8.51 p99=56.58 p999=94.72 n=330200 | e2e_local p50=8.64 p99=29.57 n=112200
[11:18:06] offered=    33330/s achieved=    33320/s shed=        0/s inflight=     1 | p50=   8.38 p99=   48.38 p999=   91.65 ms | push=2166500 pop=2144800 lag=21700 | errs push=0 pop=0 empty=0 gor=217 | ack=    33000/s ackErr=0 ackAvg=6.15ms | e2e p50=8.51 p99=49.41 p999=105.98 n=329900 | e2e_local p50=8.64 p99=69.12 n=107200
[info] steady window 60s (after the ramp, before the producers stopped): offered 33333/s pushed 33333/s popped 32997/s cpu 30.7% = 0.92 cores per 100k msg/s (produce+consume)
[final] offered=21666 achieved=21666 shed=0 (msgs: offered=2166600 achieved=2166600 shed=0) pushErr=0 | pushed=2166600 popped=2145000 lag=21600 | popErr=0 empty=0 | overall p50=8.51 p99=47.87 p999=91.65 ms | acked=2145000 ackErr=0 ackLag=21600 ackAvg=6.15ms | e2e p50=8.51 p99=47.36 p999=94.72 ms
load_cpu=16.4%
