WARN max-pending 1000000 per partition producer would preallocate 503 MB over 22 partitions (24 B/slot); using 127100 (-pending-budget-mb 64)
pload tag=1x200-t100-288k-w198-b100-p6 loader=6/9 mode=batch rate=32000 msg/s batch=100 batch-max=0 max-inflight=5000 ramp=10s duration=1m10s report=10s drain=1m0s GOMAXPROCS=16 GOGC=400 seed=1790888222590719304
  offered: 32000 msg/s = 320.0 units/s (avg 100.0 msgs/unit) across 7 pacer workers (45.71 units/s each)
  topics: 1 x 200 partitions (x1x200-t100-288k-w198-b100..x1x200-t100-288k-w198-b100), entities/topic=0 (explicit partition) | picker: topics=rr entities: rr over space=22 starting at 0 [producer shard 6/9: partitions p % 9 == 6, entity j -> partition 6 + j*9]
  payload: goload jsonEvent target 256 B, avg 289.5 B raw, ~320 B stamped ({"ts":µs,"src":6,...}), pool 64x100
  consumers: 22 here (ci 132..153 of 198), poll=1000 proc-us=0 ack=async ack-inflight=256 local-src=[6 7 8]
  pulsar: url=pulsar://10.114.0.2:6650,10.114.0.3:6650,10.114.0.4:6650 admin=http://10.114.0.2:8080 ns=bench/ns sub=sub type=failover compression=lz4 batch=5ms/100 msgs/131072 B max-pending=127100/partition mem-limit=365 MB receiver-queue=1000 ack-group=100ms conns/broker=1 | feeder batches capped at -txn-size messages (whole entries per transaction) | txn: x1x200-t100-288k-w198-b100-in -> 22 workers (own client + TC each, NewTransaction timeout 10s, send+AckWithTxn on whole entries, txn-size 100, linger 1s) -> x1x200-t100-288k-w198-b100-out, 22 readers
  [admin] 2 topics with 200 partitions and subscription "sub" exist (checked in 0.0s)
  [txn] 22 workers (ci 132..153 of 198, 0 idle): each its own client + TC, a failover consumer on its partitions of x1x200-t100-288k-w198-b100-in, 22 producers on x1x200-t100-288k-w198-b100-out in all; txn-size 100, linger 1s, txn-timeout 10s; ready in 1.0s
  [consume] 22 consumers (ci 132..153 of 198), failover, partition slices (every partition exactly one consumer): 22 partition registrations here, 200 in total across all processes; idle 0 here, 0 in total; subscribed in 0.0s, settling 2s
  [produce] producer shard 6/9: 22 partitions per topic (p % 9 == 6) x 1 topics, per-partition producers created lazily on first use
READY 1790887929364
[start] waiting 9.334s for the common start 1790887943418
[start] GO 20:52:23.418 (unix ms 1790887943418)
[20:52:33] offered=    16019/s achieved=    15979/s shed=        0/s inflight=     4 | p50=   6.18 p99=   18.05 p999=   28.54 ms | push=159800 pop=156900 lag=2900 | errs push=0 pop=0 empty=0 gor=2963 | ack=    15689/s ackErr=0 ackAvg=0.01ms | e2e p50=33.02 p99=93.70 p999=110.08 n=156900 | e2e_local p50=33.02 p99=93.70 n=64800
[txn] 20:52:33 txn=     157/s msgs=    15689/s avg=100.00 msg/txn | commit p50=26.24 p99=72.19 p999=79.36 ms | aborts=0 errs=0 open=2 | in=    15709/s | total txns=1569 msgs=156900 aborts=0 errs=0
[20:52:43] offered=    32003/s achieved=    32013/s shed=        0/s inflight=     3 | p50=   6.24 p99=   11.71 p999=   16.51 ms | push=479900 pop=473000 lag=6900 | errs push=0 pop=0 empty=0 gor=4563 | ack=    31613/s ackErr=0 ackAvg=0.01ms | e2e p50=32.64 p99=46.85 p999=52.48 n=316100 | e2e_local p50=32.64 p99=45.82 n=130600
[txn] 20:52:43 txn=     316/s msgs=    31603/s avg=100.00 msg/txn | commit p50=25.98 p99=39.17 p999=43.78 ms | aborts=0 errs=0 open=17 | in=    31753/s | total txns=4729 msgs=472900 aborts=0 errs=0
[20:52:53] offered=    31991/s achieved=    32011/s shed=        0/s inflight=     1 | p50=   6.11 p99=    9.79 p999=   13.38 ms | push=800000 pop=790600 lag=9400 | errs push=0 pop=0 empty=0 gor=4555 | ack=    31761/s ackErr=0 ackAvg=0.01ms | e2e p50=32.38 p99=44.29 p999=50.94 n=317600 | e2e_local p50=32.13 p99=43.26 n=131300
[txn] 20:52:53 txn=     318/s msgs=    31771/s avg=100.00 msg/txn | commit p50=25.73 p99=35.58 p999=40.70 ms | aborts=0 errs=0 open=5 | in=    31651/s | total txns=7906 msgs=790600 aborts=0 errs=0
[20:53:03] offered=    31989/s achieved=    31999/s shed=        0/s inflight=     0 | p50=   6.24 p99=   14.66 p999=   20.10 ms | push=1120000 pop=1106600 lag=13400 | errs push=0 pop=0 empty=0 gor=4583 | ack=    31599/s ackErr=0 ackAvg=0.01ms | e2e p50=32.64 p99=52.48 p999=57.60 n=316000 | e2e_local p50=32.38 p99=52.99 n=130500
[txn] 20:53:03 txn=     316/s msgs=    31599/s avg=100.00 msg/txn | commit p50=25.73 p99=45.31 p999=47.87 ms | aborts=0 errs=0 open=22 | in=    31769/s | total txns=11066 msgs=1106600 aborts=0 errs=0
[20:53:13] offered=    31989/s achieved=    31989/s shed=        0/s inflight=     0 | p50=   6.24 p99=   12.22 p999=   17.02 ms | push=1439900 pop=1424500 lag=15400 | errs push=0 pop=0 empty=0 gor=4547 | ack=    31789/s ackErr=0 ackAvg=0.01ms | e2e p50=32.64 p99=46.34 p999=52.99 n=317900 | e2e_local p50=32.64 p99=45.31 n=131400
[txn] 20:53:13 txn=     318/s msgs=    31769/s avg=100.00 msg/txn | commit p50=25.98 p99=38.14 p999=42.24 ms | aborts=0 errs=0 open=5 | in=    31599/s | total txns=14243 msgs=1424300 aborts=0 errs=0
[20:53:23] offered=    32002/s achieved=    31992/s shed=        0/s inflight=     1 | p50=   6.18 p99=   10.56 p999=   18.30 ms | push=1759800 pop=1740700 lag=19100 | errs push=0 pop=0 empty=0 gor=4578 | ack=    31622/s ackErr=0 ackAvg=0.01ms | e2e p50=32.64 p99=45.31 p999=51.97 n=316200 | e2e_local p50=32.38 p99=45.31 n=130500
[txn] 20:53:23 txn=     316/s msgs=    31642/s avg=100.00 msg/txn | commit p50=25.98 p99=36.61 p999=40.70 ms | aborts=0 errs=0 open=18 | in=    31772/s | total txns=17407 msgs=1740700 aborts=0 errs=0
[20:53:33] offered=    32019/s achieved=    31989/s shed=        0/s inflight=     4 | p50=   6.18 p99=   12.48 p999=   17.79 ms | push=2079700 pop=2058500 lag=21200 | errs push=0 pop=0 empty=0 gor=4540 | ack=    31779/s ackErr=0 ackAvg=0.01ms | e2e p50=32.38 p99=44.80 p999=50.43 n=317800 | e2e_local p50=32.38 p99=43.78 n=131400
[txn] 20:53:33 txn=     318/s msgs=    31779/s avg=100.00 msg/txn | commit p50=25.73 p99=36.61 p999=40.19 ms | aborts=0 errs=0 open=0 | in=    31599/s | total txns=20585 msgs=2058500 aborts=0 errs=0
[drain] workers and readers keep going for up to 59.994s (ends early after 3s idle; lag now 21600)
[drain] idle for 3s after 3.0s: ending the drain (lag 21600)
[info] txn workers: 0 re-subscriptions after an abort, 0 messages held outside a transaction at the stop (left unacked)
[info] producers created: 22 per-partition producers (shard), 0 creation errors, avg creation 13.6 ms
[info] steady window 60s (after the ramp, before the producers stopped): offered 31999/s pushed 31999/s popped 31694/s cpu 77.3% = 2.42 cores per 100k msg/s (produce+consume)
[final] offered=20801 achieved=20801 shed=0 (msgs: offered=2080100 achieved=2080100 shed=0) pushErr=0 | pushed=2080100 popped=2058500 lag=21600 | popErr=0 empty=0 | overall p50=6.18 p99=12.35 p999=19.84 ms | acked=2058500 ackErr=0 ackLag=21600 ackAvg=0.01ms | e2e p50=32.64 p99=47.36 p999=86.53 ms
load_cpu=57.4%
[txn-final] txns=20585 msgs=2058500 aborts=0 errs=0 in=2058500 avg=100.00 msg/txn | commit p50=25.98 p99=40.19 p999=69.12 max=79.36 ms
[ids] ledger /root/bench/runs/txn/pulsar/1x200-t100-288k-w198-b100/ids/p6.ids: 2080100 confirmed, 0 failed, 0 unanswered
