{"role":"producer","event":"start","queues":["bench-q-1"],"queueCount":1,"numWorkers":1,"conns":50,"duration":300,"maxPartition":1000,"msgsPerPush":10,"timestamp":"2026-06-07T08:19:06.914Z"}
(node:31523) [MODULE_TYPELESS_PACKAGE_JSON] Warning: Module type of file:///home/queen/examples/bench-producer.js is not specified and it doesn't parse as CommonJS.
Reparsing as ES module because module syntax was detected. This incurs a performance overhead.
To eliminate this warning, add "type": "module" to /home/queen/examples/package.json.
(Use `node --trace-warnings ...` to show where the warning was created)
(node:31553) [MODULE_TYPELESS_PACKAGE_JSON] Warning: Module type of file:///home/queen/examples/bench-producer.js is not specified and it doesn't parse as CommonJS.
Reparsing as ES module because module syntax was detected. This incurs a performance overhead.
To eliminate this warning, add "type": "module" to /home/queen/examples/package.json.
(Use `node --trace-warnings ...` to show where the warning was created)
{
  "role": "producer",
  "event": "result",
  "totalRequests": 778895,
  "totalMessages": 7788950,
  "reqPerSec": 2597,
  "msgPerSec": 25970,
  "latency": {
    "p50": 18,
    "p90": 19,
    "p99": 48,
    "avg": 18.79,
    "max": 611
  },
  "errors": 0,
  "non2xx": 0,
  "timeouts": 0,
  "durationSec": 300
}
