kload tag=c5-1x200-1000k-p0 loader=0/9 mode=batch rate=111111 msg/s batch=100 batch-max=0 max-inflight=5000 ramp=10s duration=1m10s report=10s drain=0s GOMAXPROCS=16 GOGC=400 seed=1790900322085102470
  offered: 111111 msg/s = 1111.1 units/s (avg 100.0 msgs/unit) across 23 pacer workers (48.31 units/s each)
  topics: 1 x 200 partitions (kc5-1x200-1000k..kc5-1x200-1000k), entities/topic=0 (explicit partition) | picker: topics=rr entities: rr over space=200 starting at 0
  payload: goload jsonEvent target 256 B, avg 289.5 B raw, ~320 B stamped ({"ts":µs,"src":0,...}), pool 64x100
  consumers: 22 here (ci 0..21 of 198), poll=1000 proc-us=0 ack=async ack-inflight=256 local-src=[0 1 2]
  kafka: brokers=10.114.0.2:9092,10.114.0.3:9092,10.114.0.4:9092 rf=3 min-isr=2 producers=4 linger=5ms compression=lz4 acks=all idempotent batch-max-bytes=1048576 | consumers: protocol=classic fetch-max-wait=500ms fetch-min-bytes=1 fetch-max-partition-bytes=1048576 session=45s
  [topic] READY after 0.0s: 1 topics x 200 partitions, leaders + full ISR
  [config] broker.compression.type = producer (DEFAULT_CONFIG)
  [config] broker.group.initial.rebalance.delay.ms = 3000 (STATIC_BROKER_CONFIG)
  [config] topic.min.insync.replicas = 1 (DYNAMIC_TOPIC_CONFIG)
  [config] topic.retention.ms = 600000 (DYNAMIC_TOPIC_CONFIG)
  [group] 22 consumers in 1 groups (kc5-1x200-1000k-g-t0 ... ), protocol classic
  [group] t=+0.0s waiting: kc5-1x200-1000k-g-t0: local members 22/198 hold 0/200 partitions (group-wide Dead members=0 assigned=0)
  [group] t=+2.0s waiting: kc5-1x200-1000k-g-t0: local members 22/198 hold 0/200 partitions (group-wide PreparingRebalance members=198 assigned=0)
  [group] t=+4.0s waiting: kc5-1x200-1000k-g-t0: local members 22/198 hold 0/200 partitions (group-wide PreparingRebalance members=198 assigned=0)
  [group] t=+6.0s waiting: kc5-1x200-1000k-g-t0: local members 22/198 hold 22/200 partitions (group-wide Stable members=198 assigned=200)
  [group] t=+8.0s waiting: kc5-1x200-1000k-g-t0: local members 22/198 hold 22/200 partitions (group-wide Stable members=198 assigned=200)
  [group] STABLE after 9.0s: 1 groups, 22 local members holding 22 partitions, assignEv=22 revokeEv=0 lostEv=0
  [produce] 4 clients connected to every broker with producer IDs in 0.01s; max buffered 501024 records per client
READY 1790900860739
[start] waiting 9.299s for the common start 1790900876563
[start] GO 00:27:56.563 (unix ms 1790900876563)
[00:28:06] offered=    55588/s achieved=    55388/s shed=        0/s inflight=    20 | p50=  12.22 p99=   20.86 p999=   27.78 ms | push=553900 pop=547800 lag=6100 | errs push=0 pop=0 empty=0 gor=326 | ack=    54506/s ackErr=0 ackAvg=10.51ms | e2e p50=13.12 p99=22.66 p999=31.87 n=547800 | e2e_local p50=12.99 p99=23.17 n=182600
[00:28:16] offered=   111106/s achieved=   111136/s shed=        0/s inflight=    17 | p50=  13.25 p99=   33.02 p999=   42.24 ms | push=1665200 pop=1648900 lag=16300 | errs push=0 pop=0 empty=0 gor=336 | ack=   110012/s ackErr=0 ackAvg=45.81ms | e2e p50=14.27 p99=37.63 p999=48.38 n=1101100 | e2e_local p50=14.14 p99=39.17 n=367400
[00:28:26] offered=   111111/s achieved=   111121/s shed=        0/s inflight=    16 | p50=  13.25 p99=   31.87 p999=   44.29 ms | push=2776500 pop=2748700 lag=27800 | errs push=0 pop=0 empty=0 gor=392 | ack=   109439/s ackErr=0 ackAvg=51.03ms | e2e p50=14.27 p99=40.19 p999=56.58 n=1099800 | e2e_local p50=14.14 p99=41.22 n=366100
[00:28:36] offered=   111100/s achieved=   111150/s shed=        0/s inflight=    12 | p50=  13.50 p99=   34.05 p999=   47.36 ms | push=3888000 pop=3848800 lag=39200 | errs push=0 pop=0 empty=0 gor=488 | ack=   108999/s ackErr=0 ackAvg=65.96ms | e2e p50=14.66 p99=83.46 p999=110.08 n=1100100 | e2e_local p50=14.66 p99=86.53 n=367000
[00:28:46] offered=   111104/s achieved=   110964/s shed=        0/s inflight=    26 | p50=  13.89 p99=   37.12 p999=   55.04 ms | push=4997600 pop=4946700 lag=50900 | errs push=0 pop=0 empty=0 gor=533 | ack=   108934/s ackErr=0 ackAvg=95.92ms | e2e p50=15.68 p99=67.07 p999=102.91 n=1097900 | e2e_local p50=15.55 p99=66.05 n=365800
[00:28:56] offered=   111095/s achieved=   111115/s shed=        0/s inflight=    23 | p50=  13.50 p99=   30.59 p999=   38.66 ms | push=6108800 pop=6047700 lag=61100 | errs push=0 pop=0 empty=0 gor=431 | ack=   111540/s ackErr=0 ackAvg=116.39ms | e2e p50=15.68 p99=76.29 p999=96.77 n=1101000 | e2e_local p50=15.68 p99=77.31 n=367100
[00:29:06] offered=   111108/s achieved=   111268/s shed=        0/s inflight=     7 | p50=  13.50 p99=   30.59 p999=   40.19 ms | push=7221400 pop=7148700 lag=72700 | errs push=0 pop=0 empty=0 gor=520 | ack=   108943/s ackErr=0 ackAvg=130.79ms | e2e p50=15.42 p99=63.74 p999=80.38 n=1101000 | e2e_local p50=15.42 p99=64.26 n=367200
[info] steady window 60s (after the ramp, before the producers stopped): offered 111104/s pushed 111126/s popped 110016/s cpu 77.8% = 0.70 cores per 100k msg/s (produce+consume)
[final] offered=72221 achieved=72221 shed=0 (msgs: offered=7222100 achieved=7222100 shed=0) pushErr=0 | pushed=7222100 popped=7150200 lag=71900 | popErr=0 empty=0 | overall p50=13.38 p99=32.38 p999=44.80 ms | acked=7150200 ackErr=0 ackLag=71900 ackAvg=131.05ms | e2e p50=14.78 p99=64.26 p999=97.79 ms
load_cpu=54.5%
