kload tag=c5-1x200-1000k-p1 loader=1/9 mode=batch rate=111111 msg/s batch=100 batch-max=0 max-inflight=5000 ramp=10s duration=1m10s report=10s drain=0s GOMAXPROCS=16 GOGC=400 seed=1790900322092720742
  offered: 111111 msg/s = 1111.1 units/s (avg 100.0 msgs/unit) across 23 pacer workers (48.31 units/s each)
  topics: 1 x 200 partitions (kc5-1x200-1000k..kc5-1x200-1000k), entities/topic=0 (explicit partition) | picker: topics=rr entities: rr over space=200 starting at 22
  payload: goload jsonEvent target 256 B, avg 289.5 B raw, ~320 B stamped ({"ts":µs,"src":1,...}), pool 64x100
  consumers: 22 here (ci 22..43 of 198), poll=1000 proc-us=0 ack=async ack-inflight=256 local-src=[0 1 2]
  kafka: brokers=10.114.0.2:9092,10.114.0.3:9092,10.114.0.4:9092 rf=3 min-isr=2 producers=4 linger=5ms compression=lz4 acks=all idempotent batch-max-bytes=1048576 | consumers: protocol=classic fetch-max-wait=500ms fetch-min-bytes=1 fetch-max-partition-bytes=1048576 session=45s
  [topic] READY after 0.0s: 1 topics x 200 partitions, leaders + full ISR
  [config] broker.compression.type = producer (DEFAULT_CONFIG)
  [config] broker.group.initial.rebalance.delay.ms = 3000 (STATIC_BROKER_CONFIG)
  [config] topic.min.insync.replicas = 1 (DYNAMIC_TOPIC_CONFIG)
  [config] topic.retention.ms = 600000 (DYNAMIC_TOPIC_CONFIG)
  [group] 22 consumers in 1 groups (kc5-1x200-1000k-g-t0 ... ), protocol classic
  [group] t=+0.0s waiting: kc5-1x200-1000k-g-t0: local members 22/198 hold 0/200 partitions (group-wide Dead members=0 assigned=0)
  [group] t=+2.0s waiting: kc5-1x200-1000k-g-t0: local members 22/198 hold 0/200 partitions (group-wide PreparingRebalance members=198 assigned=0)
  [group] t=+4.0s waiting: kc5-1x200-1000k-g-t0: local members 22/198 hold 0/200 partitions (group-wide PreparingRebalance members=198 assigned=0)
  [group] t=+6.0s waiting: kc5-1x200-1000k-g-t0: local members 22/198 hold 22/200 partitions (group-wide Stable members=198 assigned=200)
  [group] t=+8.0s waiting: kc5-1x200-1000k-g-t0: local members 22/198 hold 22/200 partitions (group-wide Stable members=198 assigned=200)
  [group] STABLE after 9.0s: 1 groups, 22 local members holding 22 partitions, assignEv=22 revokeEv=0 lostEv=0
  [produce] 4 clients connected to every broker with producer IDs in 0.01s; max buffered 501024 records per client
READY 1790900860747
[start] waiting 9.293s for the common start 1790900876563
[start] GO 00:27:56.563 (unix ms 1790900876563)
[00:28:06] offered=    55548/s achieved=    55348/s shed=        0/s inflight=    21 | p50=  12.22 p99=   20.86 p999=   28.29 ms | push=553500 pop=547900 lag=5600 | errs push=0 pop=0 empty=0 gor=328 | ack=    54488/s ackErr=0 ackAvg=10.50ms | e2e p50=12.86 p99=23.68 p999=33.54 n=547900 | e2e_local p50=12.74 p99=23.68 n=182600
[00:28:16] offered=   111105/s achieved=   111175/s shed=        0/s inflight=    16 | p50=  13.12 p99=   32.38 p999=   44.80 ms | push=1665200 pop=1648500 lag=16700 | errs push=0 pop=0 empty=0 gor=326 | ack=   110075/s ackErr=0 ackAvg=48.36ms | e2e p50=14.14 p99=38.14 p999=49.92 n=1100700 | e2e_local p50=14.02 p99=37.12 n=367200
[00:28:26] offered=   111135/s achieved=   111105/s shed=        0/s inflight=    16 | p50=  13.12 p99=   31.62 p999=   45.82 ms | push=2776200 pop=2748401 lag=27799 | errs push=0 pop=0 empty=0 gor=397 | ack=   109275/s ackErr=0 ackAvg=54.51ms | e2e p50=14.27 p99=40.19 p999=56.06 n=1099801 | e2e_local p50=14.02 p99=40.70 n=366200
[00:28:36] offered=   111111/s achieved=   111151/s shed=        0/s inflight=    12 | p50=  13.38 p99=   33.54 p999=   47.87 ms | push=3887700 pop=3848500 lag=39200 | errs push=0 pop=0 empty=0 gor=493 | ack=   109011/s ackErr=0 ackAvg=70.74ms | e2e p50=14.66 p99=86.53 p999=111.10 n=1100099 | e2e_local p50=14.40 p99=86.53 n=367000
[00:28:46] offered=   111122/s achieved=   110992/s shed=        0/s inflight=    25 | p50=  13.76 p99=   36.10 p999=   61.70 ms | push=4997700 pop=4946300 lag=51400 | errs push=0 pop=0 empty=0 gor=528 | ack=   109012/s ackErr=0 ackAvg=100.98ms | e2e p50=15.81 p99=70.14 p999=101.89 n=1097800 | e2e_local p50=15.55 p99=71.17 n=365600
[00:28:56] offered=   111098/s achieved=   111118/s shed=        0/s inflight=    23 | p50=  13.38 p99=   30.59 p999=   40.19 ms | push=6108800 pop=6047600 lag=61200 | errs push=0 pop=0 empty=0 gor=456 | ack=   111398/s ackErr=0 ackAvg=121.48ms | e2e p50=15.94 p99=76.29 p999=96.77 n=1101300 | e2e_local p50=15.68 p99=75.26 n=367400
[00:29:06] offered=   111086/s achieved=   111206/s shed=        0/s inflight=    11 | p50=  13.38 p99=   30.34 p999=   38.14 ms | push=7220900 pop=7148600 lag=72300 | errs push=0 pop=0 empty=0 gor=522 | ack=   109026/s ackErr=0 ackAvg=135.90ms | e2e p50=15.68 p99=63.74 p999=79.36 n=1101100 | e2e_local p50=15.42 p99=64.77 n=367000
[info] steady window 60s (after the ramp, before the producers stopped): offered 111109/s pushed 111124/s popped 110013/s cpu 77.5% = 0.70 cores per 100k msg/s (produce+consume)
[final] offered=72220 achieved=72220 shed=0 (msgs: offered=7222000 achieved=7222000 shed=0) pushErr=0 | pushed=7222000 popped=7149400 lag=72600 | popErr=0 empty=0 | overall p50=13.25 p99=31.87 p999=46.85 ms | acked=7149000 ackErr=0 ackLag=73000 ackAvg=136.21ms | e2e p50=14.78 p99=66.05 p999=98.82 ms
load_cpu=54.2%
