kload tag=1x200-300k-p3 loader=3/9 mode=batch rate=33333 msg/s batch=100 batch-max=0 max-inflight=5000 ramp=10s duration=1m10s report=10s drain=0s GOMAXPROCS=16 GOGC=400 seed=1790753019943868458
  offered: 33333 msg/s = 333.3 units/s (avg 100.0 msgs/unit) across 7 pacer workers (47.62 units/s each)
  topics: 1 x 200 partitions (k1x200-300k..k1x200-300k), entities/topic=0 (explicit partition) | picker: topics=rr entities: rr over space=200 starting at 66
  payload: goload jsonEvent target 256 B, avg 289.4 B raw, ~319 B stamped ({"ts":µs,"src":3,...}), pool 64x100
  consumers: 22 here (ci 66..87 of 198), poll=1000 proc-us=0 ack=async ack-inflight=256 local-src=[3 4 5]
  kafka: brokers=10.114.0.2:9092,10.114.0.3:9092,10.114.0.4:9092 rf=3 min-isr=2 producers=4 linger=5ms compression=lz4 acks=all idempotent batch-max-bytes=1048576 | consumers: protocol=consumer fetch-max-wait=500ms fetch-min-bytes=1 fetch-max-partition-bytes=1048576 session=45s
  [topic] READY after 0.0s: 1 topics x 200 partitions, leaders + full ISR
  [config] broker.compression.type = producer (STATIC_BROKER_CONFIG)
  [config] broker.default.replication.factor = 3 (STATIC_BROKER_CONFIG)
  [config] broker.group.consumer.assignors = uniform,range (DEFAULT_CONFIG)
  [config] broker.group.coordinator.rebalance.protocols = classic,consumer,streams (DEFAULT_CONFIG)
  [config] broker.group.initial.rebalance.delay.ms = 3000 (DEFAULT_CONFIG)
  [config] broker.log.flush.interval.messages = 9223372036854775807 (DEFAULT_CONFIG)
  [config] broker.log.flush.interval.ms = <nil> (DEFAULT_CONFIG)
  [config] broker.max.incremental.fetch.session.cache.slots = 4000 (STATIC_BROKER_CONFIG)
  [config] broker.min.insync.replicas = 2 (DYNAMIC_DEFAULT_BROKER_CONFIG)
  [config] broker.num.io.threads = 16 (STATIC_BROKER_CONFIG)
  [config] broker.num.network.threads = 8 (STATIC_BROKER_CONFIG)
  [config] broker.num.replica.fetchers = 4 (STATIC_BROKER_CONFIG)
  [config] topic.compression.type = producer (STATIC_BROKER_CONFIG)
  [config] topic.flush.messages = 9223372036854775807 (DEFAULT_CONFIG)
  [config] topic.flush.ms = 9223372036854775807 (DEFAULT_CONFIG)
  [config] topic.max.message.bytes = 1048588 (DEFAULT_CONFIG)
  [config] topic.message.timestamp.type = CreateTime (DEFAULT_CONFIG)
  [config] topic.min.insync.replicas = 2 (DYNAMIC_TOPIC_CONFIG)
  [config] topic.retention.ms = 600000 (DYNAMIC_TOPIC_CONFIG)
  [config] topic.segment.bytes = 268435456 (DYNAMIC_TOPIC_CONFIG)
  [config] topic.unclean.leader.election.enable = false (STATIC_BROKER_CONFIG)
  [group] 22 consumers in 1 groups (k1x200-300k-g-t0 ... ), protocol consumer
  [group] t=+0.0s waiting: k1x200-300k-g-t0: local members 22/198 hold 0/200 partitions (group-wide ? members=0 assigned=0)
  [group] t=+2.0s waiting: k1x200-300k-g-t0: local members 22/198 hold 0/200 partitions (group-wide Assigning members=198 assigned=200)
  [group] t=+4.0s waiting: k1x200-300k-g-t0: local members 22/198 hold 0/200 partitions (group-wide Assigning members=198 assigned=200)
  [group] t=+6.0s waiting: k1x200-300k-g-t0: local members 22/198 hold 0/200 partitions (group-wide Reconciling members=198 assigned=2)
  [group] t=+8.0s waiting: k1x200-300k-g-t0: local members 22/198 hold 0/200 partitions (group-wide Reconciling members=198 assigned=2)
  [group] t=+10.1s waiting: k1x200-300k-g-t0: local members 22/198 hold 0/200 partitions (group-wide Reconciling members=198 assigned=2)
  [group] t=+12.1s waiting: k1x200-300k-g-t0: local members 22/198 hold 22/200 partitions (group-wide Stable members=198 assigned=200)
  [group] STABLE after 14.1s: 1 groups, 22 local members holding 22 partitions, assignEv=44 revokeEv=0 lostEv=0
  [produce] 4 clients connected to every broker with producer IDs in 0.30s; max buffered 501024 records per client
READY 1790753036360
[start] waiting 4.088s for the common start 1790753048880
[start] GO 07:24:08.880 (unix ms 1790753048880)
[07:24:18] offered=    16661/s achieved=    16631/s shed=        0/s inflight=     3 | p50=   8.10 p99=   13.63 p999=   54.02 ms | push=166300 pop=164900 lag=1400 | errs push=0 pop=0 empty=0 gor=231 | ack=    16481/s ackErr=0 ackAvg=2.16ms | e2e p50=0.00 p99=12.86 p999=53.50 n=164900 | e2e_local p50=8.26 p99=19.07 n=54900
[07:24:28] offered=    33339/s achieved=    33339/s shed=        0/s inflight=     3 | p50=   7.84 p99=    9.41 p999=   10.43 ms | push=499700 pop=494900 lag=4800 | errs push=0 pop=0 empty=0 gor=226 | ack=    32999/s ackErr=0 ackAvg=1.99ms | e2e p50=0.00 p99=9.28 p999=10.30 n=330000 | e2e_local p50=7.97 p99=9.54 n=109900
[07:24:38] offered=    33321/s achieved=    33331/s shed=        0/s inflight=     2 | p50=   7.84 p99=    9.54 p999=   11.71 ms | push=833000 pop=824900 lag=8100 | errs push=0 pop=0 empty=0 gor=230 | ack=    32991/s ackErr=0 ackAvg=1.95ms | e2e p50=0.00 p99=9.02 p999=9.54 n=330100 | e2e_local p50=7.90 p99=9.41 n=109900
[07:24:48] offered=    33328/s achieved=    33338/s shed=        0/s inflight=     1 | p50=   7.84 p99=   12.22 p999=   40.19 ms | push=1166400 pop=1155200 lag=11200 | errs push=0 pop=0 empty=0 gor=224 | ack=    33028/s ackErr=0 ackAvg=1.95ms | e2e p50=0.00 p99=9.28 p999=34.56 n=330200 | e2e_local p50=7.90 p99=10.43 n=110200
[07:24:58] offered=    33341/s achieved=    33321/s shed=        0/s inflight=     4 | p50=   7.84 p99=    9.54 p999=   10.18 ms | push=1499600 pop=1484800 lag=14800 | errs push=0 pop=0 empty=0 gor=224 | ack=    32981/s ackErr=0 ackAvg=1.94ms | e2e p50=0.00 p99=9.15 p999=9.79 n=329600 | e2e_local p50=7.90 p99=9.54 n=109900
[07:25:08] offered=    33341/s achieved=    33321/s shed=        0/s inflight=     5 | p50=   7.84 p99=    9.54 p999=   31.87 ms | push=1832800 pop=1815000 lag=17800 | errs push=0 pop=0 empty=0 gor=228 | ack=    33011/s ackErr=0 ackAvg=1.94ms | e2e p50=0.00 p99=9.15 p999=16.77 n=330200 | e2e_local p50=7.90 p99=9.54 n=109900
[07:25:18] offered=    33319/s achieved=    33359/s shed=        0/s inflight=     1 | p50=   7.84 p99=    9.66 p999=   21.12 ms | push=2166400 pop=2144800 lag=21600 | errs push=0 pop=0 empty=0 gor=219 | ack=    32979/s ackErr=0 ackAvg=1.93ms | e2e p50=0.00 p99=9.15 p999=20.86 n=329800 | e2e_local p50=7.90 p99=9.54 n=110200
[info] steady window 60s (after the ramp, before the producers stopped): offered 33331/s pushed 33335/s popped 32998/s cpu 31.3% = 0.94 cores per 100k msg/s (produce+consume)
[final] offered=21665 achieved=21665 shed=0 (msgs: offered=2166500 achieved=2166500 shed=0) pushErr=0 | pushed=2166500 popped=2144800 lag=21700 | popErr=0 empty=0 | overall p50=7.84 p99=9.79 p999=30.59 ms | acked=2144800 ackErr=0 ackLag=21700 ackAvg=1.93ms | e2e p50=0.00 p99=9.28 p999=22.40 ms
load_cpu=22.0%
