kload tag=1x200-600k-p0 loader=0/9 mode=batch rate=66666 msg/s batch=100 batch-max=0 max-inflight=5000 ramp=10s duration=1m10s report=10s drain=0s GOMAXPROCS=16 GOGC=400 seed=1790753501036047518
  offered: 66666 msg/s = 666.7 units/s (avg 100.0 msgs/unit) across 14 pacer workers (47.62 units/s each)
  topics: 1 x 200 partitions (k1x200-600k..k1x200-600k), entities/topic=0 (explicit partition) | picker: topics=rr entities: rr over space=200 starting at 0
  payload: goload jsonEvent target 256 B, avg 289.6 B raw, ~320 B stamped ({"ts":µs,"src":0,...}), pool 64x100
  consumers: 22 here (ci 0..21 of 198), poll=1000 proc-us=0 ack=async ack-inflight=256 local-src=[0 1 2]
  kafka: brokers=10.114.0.2:9092,10.114.0.3:9092,10.114.0.4:9092 rf=3 min-isr=2 producers=4 linger=5ms compression=lz4 acks=all idempotent batch-max-bytes=1048576 | consumers: protocol=consumer fetch-max-wait=500ms fetch-min-bytes=1 fetch-max-partition-bytes=1048576 session=45s
  [topic] READY after 0.0s: 1 topics x 200 partitions, leaders + full ISR
  [config] broker.compression.type = producer (STATIC_BROKER_CONFIG)
  [config] broker.default.replication.factor = 3 (STATIC_BROKER_CONFIG)
  [config] broker.group.consumer.assignors = uniform,range (DEFAULT_CONFIG)
  [config] broker.group.coordinator.rebalance.protocols = classic,consumer,streams (DEFAULT_CONFIG)
  [config] broker.group.initial.rebalance.delay.ms = 3000 (DEFAULT_CONFIG)
  [config] broker.log.flush.interval.messages = 9223372036854775807 (DEFAULT_CONFIG)
  [config] broker.log.flush.interval.ms = <nil> (DEFAULT_CONFIG)
  [config] broker.max.incremental.fetch.session.cache.slots = 4000 (STATIC_BROKER_CONFIG)
  [config] broker.min.insync.replicas = 2 (DYNAMIC_DEFAULT_BROKER_CONFIG)
  [config] broker.num.io.threads = 16 (STATIC_BROKER_CONFIG)
  [config] broker.num.network.threads = 8 (STATIC_BROKER_CONFIG)
  [config] broker.num.replica.fetchers = 4 (STATIC_BROKER_CONFIG)
  [config] topic.compression.type = producer (STATIC_BROKER_CONFIG)
  [config] topic.flush.messages = 9223372036854775807 (DEFAULT_CONFIG)
  [config] topic.flush.ms = 9223372036854775807 (DEFAULT_CONFIG)
  [config] topic.max.message.bytes = 1048588 (DEFAULT_CONFIG)
  [config] topic.message.timestamp.type = CreateTime (DEFAULT_CONFIG)
  [config] topic.min.insync.replicas = 2 (DYNAMIC_TOPIC_CONFIG)
  [config] topic.retention.ms = 600000 (DYNAMIC_TOPIC_CONFIG)
  [config] topic.segment.bytes = 268435456 (DYNAMIC_TOPIC_CONFIG)
  [config] topic.unclean.leader.election.enable = false (STATIC_BROKER_CONFIG)
  [group] 22 consumers in 1 groups (k1x200-600k-g-t0 ... ), protocol consumer
  [group] t=+0.3s waiting: k1x200-600k-g-t0: local members 22/198 hold 0/200 partitions (group-wide ? members=0 assigned=0)
  [group] t=+2.3s waiting: k1x200-600k-g-t0: local members 22/198 hold 0/200 partitions (group-wide Assigning members=198 assigned=200)
  [group] t=+4.3s waiting: k1x200-600k-g-t0: local members 22/198 hold 0/200 partitions (group-wide Assigning members=198 assigned=200)
  [group] t=+6.3s waiting: k1x200-600k-g-t0: local members 22/198 hold 0/200 partitions (group-wide Reconciling members=198 assigned=2)
  [group] t=+8.3s waiting: k1x200-600k-g-t0: local members 22/198 hold 0/200 partitions (group-wide Reconciling members=198 assigned=2)
  [group] t=+10.3s waiting: k1x200-600k-g-t0: local members 22/198 hold 0/200 partitions (group-wide Reconciling members=198 assigned=2)
  [group] t=+12.3s waiting: k1x200-600k-g-t0: local members 22/198 hold 22/200 partitions (group-wide Stable members=198 assigned=200)
  [group] STABLE after 14.1s: 1 groups, 22 local members holding 22 partitions, assignEv=44 revokeEv=0 lostEv=0
  [produce] 4 clients connected to every broker with producer IDs in 0.01s; max buffered 501024 records per client
READY 1790753511301
[start] waiting 4.328s for the common start 1790753520747
[start] GO 07:32:00.747 (unix ms 1790753520747)
[07:32:10] offered=    33329/s achieved=    33299/s shed=        0/s inflight=     2 | p50=   8.16 p99=   18.82 p999=   81.41 ms | push=333000 pop=329300 lag=3700 | errs push=0 pop=0 empty=0 gor=231 | ack=    32929/s ackErr=0 ackAvg=2.72ms | e2e p50=8.51 p99=19.33 p999=79.36 n=329300 | e2e_local p50=8.26 p99=18.56 n=109592
[07:32:20] offered=    66664/s achieved=    66664/s shed=        0/s inflight=     3 | p50=   7.84 p99=    9.79 p999=   11.71 ms | push=999600 pop=989400 lag=10200 | errs push=0 pop=0 empty=0 gor=234 | ack=    65994/s ackErr=0 ackAvg=2.30ms | e2e p50=8.16 p99=10.30 p999=11.46 n=660100 | e2e_local p50=7.90 p99=9.54 n=220208
[07:32:30] offered=    66675/s achieved=    66645/s shed=        0/s inflight=     6 | p50=   7.84 p99=   17.28 p999=   81.41 ms | push=1666100 pop=1649200 lag=16900 | errs push=0 pop=0 empty=0 gor=230 | ack=    65995/s ackErr=0 ackAvg=2.27ms | e2e p50=8.26 p99=19.33 p999=90.62 n=659800 | e2e_local p50=7.97 p99=25.73 n=220000
[07:32:40] offered=    66673/s achieved=    66673/s shed=        0/s inflight=     6 | p50=   7.84 p99=    9.66 p999=   10.30 ms | push=2332800 pop=2309300 lag=23500 | errs push=0 pop=0 empty=0 gor=238 | ack=    65993/s ackErr=0 ackAvg=2.22ms | e2e p50=8.16 p99=10.18 p999=11.84 n=660100 | e2e_local p50=7.90 p99=9.66 n=219700
[07:32:50] offered=    66669/s achieved=    66679/s shed=        0/s inflight=     5 | p50=   7.90 p99=   26.75 p999=   67.07 ms | push=2999600 pop=2969300 lag=30300 | errs push=0 pop=0 empty=0 gor=233 | ack=    66009/s ackErr=0 ackAvg=2.36ms | e2e p50=8.26 p99=27.78 p999=64.26 n=660000 | e2e_local p50=8.03 p99=20.61 n=220200
[07:33:00] offered=    66651/s achieved=    66661/s shed=        0/s inflight=     3 | p50=   7.90 p99=    9.79 p999=   14.78 ms | push=3666200 pop=3629300 lag=36900 | errs push=0 pop=0 empty=0 gor=237 | ack=    65981/s ackErr=0 ackAvg=2.33ms | e2e p50=8.26 p99=10.30 p999=14.66 n=660000 | e2e_local p50=7.97 p99=9.92 n=220100
[07:33:10] offered=    66668/s achieved=    66668/s shed=        0/s inflight=     4 | p50=   7.90 p99=   23.42 p999=   47.87 ms | push=4332900 pop=4289300 lag=43600 | errs push=0 pop=0 empty=0 gor=216 | ack=    66028/s ackErr=0 ackAvg=2.32ms | e2e p50=8.26 p99=26.24 p999=48.38 n=660000 | e2e_local p50=8.03 p99=24.45 n=219700
[info] steady window 60s (after the ramp, before the producers stopped): offered 66667/s pushed 66665/s popped 66000/s cpu 55.6% = 0.83 cores per 100k msg/s (produce+consume)
[final] offered=43333 achieved=43333 shed=0 (msgs: offered=4333300 achieved=4333300 shed=0) pushErr=0 | pushed=4333300 popped=4289800 lag=43500 | popErr=0 empty=0 | overall p50=7.90 p99=12.74 p999=53.50 ms | acked=4289800 ackErr=0 ackLag=43500 ackAvg=2.32ms | e2e p50=8.26 p99=12.74 p999=57.60 ms
load_cpu=39.5%
