{"role":"producer","event":"start","queues":["bench-bp-100"],"queueCount":1,"numWorkers":1,"conns":50,"duration":300,"maxPartition":1000,"msgsPerPush":100,"timestamp":"2026-06-07T09:49:19.519Z"}
(node:52353) [MODULE_TYPELESS_PACKAGE_JSON] Warning: Module type of file:///home/queen/examples/bench-producer.js is not specified and it doesn't parse as CommonJS.
Reparsing as ES module because module syntax was detected. This incurs a performance overhead.
To eliminate this warning, add "type": "module" to /home/queen/examples/package.json.
(Use `node --trace-warnings ...` to show where the warning was created)
(node:52383) [MODULE_TYPELESS_PACKAGE_JSON] Warning: Module type of file:///home/queen/examples/bench-producer.js is not specified and it doesn't parse as CommonJS.
Reparsing as ES module because module syntax was detected. This incurs a performance overhead.
To eliminate this warning, add "type": "module" to /home/queen/examples/package.json.
(Use `node --trace-warnings ...` to show where the warning was created)
{
  "role": "producer",
  "event": "result",
  "totalRequests": 514631,
  "totalMessages": 51463100,
  "reqPerSec": 1716,
  "msgPerSec": 171600,
  "latency": {
    "p50": 18,
    "p90": 58,
    "p99": 130,
    "avg": 28.69,
    "max": 1274
  },
  "errors": 0,
  "non2xx": 0,
  "timeouts": 0,
  "durationSec": 300
}
