kload tag=1x200-t1-9k-p3 loader=3/9 mode=batch rate=1000 msg/s batch=10 batch-max=0 max-inflight=5000 ramp=10s duration=1m10s report=10s drain=1m0s GOMAXPROCS=16 GOGC=400 seed=1790872474779308880
  offered: 1000 msg/s = 100.0 units/s (avg 10.0 msgs/unit) across 3 pacer workers (33.33 units/s each)
  topics: 1 x 200 partitions (x1x200-t1-9k..x1x200-t1-9k), entities/topic=0 (explicit partition) | picker: topics=rr entities: rr over space=200 starting at 66
  payload: goload jsonEvent target 256 B, avg 289.3 B raw, ~319 B stamped ({"ts":µs,"src":3,...}), pool 64x10
  consumers: 22 here (ci 66..87 of 198), poll=1000 proc-us=0 ack=async ack-inflight=256 local-src=[3 4 5]
  kafka: brokers=10.114.0.2:9092,10.114.0.3:9092,10.114.0.4:9092 rf=3 min-isr=0 producers=4 linger=5ms compression=lz4 acks=all idempotent batch-max-bytes=1048576 | consumers: protocol=classic fetch-max-wait=500ms fetch-min-bytes=1 fetch-max-partition-bytes=1048576 session=45s | txn: x1x200-t1-9k-in -> 22 workers (GroupTransactSession, transactional.id per worker, txn-timeout 10s, concurrent-txn backoff 20ms, metadata-min-age 250ms, txn-size 1, linger 1s, read_committed) -> x1x200-t1-9k-out, 22 read_committed readers
  [topic] READY after 0.0s: 2 topics x 200 partitions, leaders + full ISR
  [config] broker.default.replication.factor = 3 (STATIC_BROKER_CONFIG)
  [config] topic.compression.type = producer (DEFAULT_CONFIG)
  [config] topic.flush.ms = 100 (DEFAULT_CONFIG)
  [config] topic.max.message.bytes = 16777216 (DEFAULT_CONFIG)
  [config] topic.message.timestamp.type = CreateTime (DEFAULT_CONFIG)
  [config] topic.retention.ms = 600000 (DYNAMIC_TOPIC_CONFIG)
  [config] topic.segment.bytes = 268435456 (DYNAMIC_TOPIC_CONFIG)
  [group] 22 txn workers (GroupTransactSession) in 1 groups (x1x200-t1-9k-in-g-t0 ... ), protocol classic
  [group] 22 consumers in 1 groups (x1x200-t1-9k-out-g-t0 ... ), protocol classic
  [group] t=+0.4s waiting: x1x200-t1-9k-in-g-t0: local members 22/198 hold 0/200 partitions (group-wide PreparingRebalance members=74 assigned=0)
  [group] t=+2.4s waiting: x1x200-t1-9k-in-g-t0: local members 22/198 hold 0/200 partitions (group-wide PreparingRebalance members=198 assigned=0)
  [group] t=+4.4s waiting: x1x200-t1-9k-in-g-t0: local members 22/198 hold 0/200 partitions (group-wide PreparingRebalance members=198 assigned=0)
  [group] t=+6.4s waiting: x1x200-t1-9k-in-g-t0: local members 22/198 hold 22/200 partitions (group-wide PreparingRebalance members=198 assigned=0)
  [group] t=+8.5s waiting: x1x200-t1-9k-in-g-t0: local members 22/198 hold 22/200 partitions (group-wide Stable members=198 assigned=200)
  [group] STABLE after 10.1s: 1 groups, 22 local members holding 22 partitions, assignEv=22 revokeEv=0 lostEv=0
  [group] t=+0.0s waiting: x1x200-t1-9k-out-g-t0: local members 22/198 hold 22/200 partitions (group-wide Stable members=198 assigned=200)
  [group] t=+2.0s waiting: x1x200-t1-9k-out-g-t0: local members 22/198 hold 22/200 partitions (group-wide Stable members=198 assigned=200)
  [group] STABLE after 3.0s: 1 groups, 22 local members holding 22 partitions, assignEv=22 revokeEv=0 lostEv=0
  [produce] 4 clients connected to every broker with producer IDs in 0.04s; max buffered 51024 records per client
READY 1790872706057
[start] waiting 9.061s for the common start 1790872762092
[start] GO 16:39:22.092 (unix ms 1790872762092)
[16:39:32] offered=      501/s achieved=      500/s shed=        0/s inflight=     1 | p50=   8.77 p99=   90.62 p999=  115.20 ms | push=5000 pop=1334 lag=3666 | errs push=0 pop=0 empty=0 gor=454 | ack=      133/s ackErr=0 ackAvg=2.39ms | e2e p50=1712.13 p99=4882.43 p999=5210.11 n=1334 | e2e_local p50=1384.45 p99=5013.50 n=234
[txn] 16:39:32 txn=     134/s msgs=      134/s avg=  1.00 msg/txn | commit p50=128.51 p99=284.67 p999=329.73 ms | aborts=0 errs=0 open=22 | in=      136/s | total txns=1363 msgs=1363 aborts=0 errs=0
[16:39:42] offered=      999/s achieved=      999/s shed=        0/s inflight=     1 | p50=   8.64 p99=   89.60 p999=  118.27 ms | push=14990 pop=2769 lag=12221 | errs push=0 pop=0 empty=0 gor=443 | ack=      144/s ackErr=0 ackAvg=2.39ms | e2e p50=8355.84 p99=12517.38 p999=12910.59 n=1435 | e2e_local p50=6979.58 p99=10682.37 n=546
[txn] 16:39:42 txn=     143/s msgs=      143/s avg=  1.00 msg/txn | commit p50=146.43 p99=317.44 p999=366.59 ms | aborts=0 errs=0 open=22 | in=      143/s | total txns=2797 msgs=2797 aborts=0 errs=0
[16:39:52] offered=     1001/s achieved=      999/s shed=        0/s inflight=     3 | p50=   8.51 p99=   70.14 p999=  103.94 ms | push=24980 pop=4277 lag=20703 | errs push=0 pop=0 empty=0 gor=446 | ack=      151/s ackErr=0 ackAvg=2.44ms | e2e p50=16449.54 p99=20840.45 p999=21102.59 n=1508 | e2e_local p50=16580.61 p99=21102.59 n=567
[txn] 16:39:52 txn=     151/s msgs=      151/s avg=  1.00 msg/txn | commit p50=144.38 p99=276.48 p999=333.82 ms | aborts=0 errs=0 open=22 | in=      151/s | total txns=4308 msgs=4308 aborts=0 errs=0
[16:40:02] offered=     1000/s achieved=     1002/s shed=        0/s inflight=     1 | p50=   8.51 p99=   92.67 p999=  126.46 ms | push=35000 pop=5804 lag=29196 | errs push=0 pop=0 empty=0 gor=455 | ack=      153/s ackErr=0 ackAvg=2.46ms | e2e p50=25034.75 p99=29491.20 p999=29753.34 n=1527 | e2e_local p50=24248.32 p99=29491.20 n=434
[txn] 16:40:02 txn=     153/s msgs=      153/s avg=  1.00 msg/txn | commit p50=136.19 p99=280.58 p999=321.54 ms | aborts=0 errs=0 open=22 | in=      153/s | total txns=5837 msgs=5837 aborts=0 errs=0
[16:40:12] offered=      999/s achieved=      998/s shed=        0/s inflight=     2 | p50=   8.77 p99=   75.26 p999=  104.96 ms | push=44980 pop=7252 lag=37728 | errs push=0 pop=0 empty=0 gor=442 | ack=      145/s ackErr=0 ackAvg=2.50ms | e2e p50=33161.22 p99=38010.88 p999=38535.17 n=1448 | e2e_local p50=33423.36 p99=36962.30 n=588
[txn] 16:40:12 txn=     144/s msgs=      144/s avg=  1.00 msg/txn | commit p50=144.38 p99=301.06 p999=337.92 ms | aborts=0 errs=0 open=22 | in=      144/s | total txns=7279 msgs=7279 aborts=0 errs=0
[16:40:22] offered=     1001/s achieved=     1001/s shed=        0/s inflight=     2 | p50=   8.64 p99=   75.26 p999=  126.46 ms | push=54990 pop=8698 lag=46292 | errs push=0 pop=0 empty=0 gor=442 | ack=      145/s ackErr=0 ackAvg=2.47ms | e2e p50=41680.90 p99=46923.78 p999=47448.06 n=1446 | e2e_local p50=44302.34 p99=46923.78 n=506
[txn] 16:40:22 txn=     145/s msgs=      145/s avg=  1.00 msg/txn | commit p50=146.43 p99=317.44 p999=399.36 ms | aborts=0 errs=0 open=22 | in=      145/s | total txns=8726 msgs=8726 aborts=0 errs=0
[16:40:32] offered=     1000/s achieved=     1001/s shed=        0/s inflight=     1 | p50=   8.51 p99=   88.58 p999=  119.30 ms | push=65000 pop=10107 lag=54893 | errs push=0 pop=0 empty=0 gor=448 | ack=      141/s ackErr=0 ackAvg=2.46ms | e2e p50=50069.50 p99=55312.38 p999=56360.96 n=1409 | e2e_local p50=47972.35 p99=55836.67 n=269
[txn] 16:40:32 txn=     141/s msgs=      141/s avg=  1.00 msg/txn | commit p50=144.38 p99=325.63 p999=374.78 ms | aborts=0 errs=0 open=22 | in=      141/s | total txns=10138 msgs=10138 aborts=0 errs=0
[drain] workers and readers keep going for up to 59.978s (ends early after 3s idle; lag now 54899)
[16:40:42] offered=        0/s achieved=        1/s shed=        0/s inflight=     0 | p50=  54.53 p99=   54.53 p999=   54.53 ms | push=65010 pop=11425 lag=53585 | errs push=0 pop=0 empty=0 gor=439 | ack=      131/s ackErr=0 ackAvg=2.44ms | e2e p50=58458.11 p99=64225.28 p999=65273.86 n=1318 | e2e_local p50=56885.25 p99=64749.57 n=559
[txn] 16:40:42 txn=     131/s msgs=      131/s avg=  1.00 msg/txn | commit p50=162.82 p99=350.21 p999=419.84 ms | aborts=0 errs=0 open=22 | in=      131/s | total txns=11452 msgs=11452 aborts=0 errs=0
[16:40:52] offered=        0/s achieved=        0/s shed=        0/s inflight=     0 | p50=   0.00 p99=    0.00 p999=    0.00 ms | push=65010 pop=12827 lag=52183 | errs push=0 pop=0 empty=0 gor=434 | ack=      140/s ackErr=0 ackAvg=2.46ms | e2e p50=67633.15 p99=72876.03 p999=73924.61 n=1402 | e2e_local p50=67633.15 p99=72876.03 n=526
[txn] 16:40:52 txn=     140/s msgs=      140/s avg=  1.00 msg/txn | commit p50=152.58 p99=296.96 p999=399.36 ms | aborts=0 errs=0 open=22 | in=      140/s | total txns=12852 msgs=12852 aborts=0 errs=0
[16:41:02] offered=        0/s achieved=        0/s shed=        0/s inflight=     0 | p50=   0.00 p99=    0.00 p999=    0.00 ms | push=65010 pop=14255 lag=50755 | errs push=0 pop=0 empty=0 gor=437 | ack=      143/s ackErr=0 ackAvg=2.45ms | e2e p50=76021.76 p99=82313.22 p999=82313.22 n=1428 | e2e_local p50=77070.34 p99=81264.64 n=421
[txn] 16:41:02 txn=     143/s msgs=      143/s avg=  1.00 msg/txn | commit p50=150.53 p99=309.25 p999=358.40 ms | aborts=0 errs=0 open=22 | in=      143/s | total txns=14286 msgs=14286 aborts=0 errs=0
[16:41:12] offered=        0/s achieved=        0/s shed=        0/s inflight=     0 | p50=   0.00 p99=    0.00 p999=    0.00 ms | push=65010 pop=15565 lag=49445 | errs push=0 pop=0 empty=0 gor=443 | ack=      131/s ackErr=0 ackAvg=2.45ms | e2e p50=84410.37 p99=90701.82 p999=91750.40 n=1310 | e2e_local p50=85458.94 p99=91750.40 n=414
[txn] 16:41:12 txn=     131/s msgs=      131/s avg=  1.00 msg/txn | commit p50=160.77 p99=362.50 p999=460.80 ms | aborts=0 errs=0 open=22 | in=      131/s | total txns=15596 msgs=15596 aborts=0 errs=0
[16:41:22] offered=        0/s achieved=        0/s shed=        0/s inflight=     0 | p50=   0.00 p99=    0.00 p999=    0.00 ms | push=65010 pop=16970 lag=48040 | errs push=0 pop=0 empty=0 gor=428 | ack=      140/s ackErr=0 ackAvg=2.43ms | e2e p50=92798.98 p99=100139.01 p999=100139.01 n=1405 | e2e_local p50=92798.98 p99=99090.43 n=452
[txn] 16:41:22 txn=     140/s msgs=      140/s avg=  1.00 msg/txn | commit p50=154.62 p99=301.06 p999=350.21 ms | aborts=0 errs=0 open=22 | in=      140/s | total txns=16995 msgs=16995 aborts=0 errs=0
[16:41:32] offered=        0/s achieved=        0/s shed=        0/s inflight=     0 | p50=   0.00 p99=    0.00 p999=    0.00 ms | push=65010 pop=18311 lag=46699 | errs push=0 pop=0 empty=0 gor=431 | ack=      134/s ackErr=0 ackAvg=2.42ms | e2e p50=102236.16 p99=108527.62 p999=109576.19 n=1341 | e2e_local p50=100139.01 p99=108527.62 n=461
[txn] 16:41:32 txn=     135/s msgs=      135/s avg=  1.00 msg/txn | commit p50=160.77 p99=301.06 p999=362.50 ms | aborts=0 errs=0 open=22 | in=      135/s | total txns=18340 msgs=18340 aborts=0 errs=0
[info] txn workers began 18381 transactions
[info] steady window 60s (after the ramp, before the producers stopped): offered 1000/s pushed 1000/s popped 146/s cpu 25.2% = 25.19 cores per 100k msg/s (produce+consume)
[info] 44 warm-up messages (no "ts") received and not counted as load
[final] offered=6501 achieved=6501 shed=0 (msgs: offered=65010 achieved=65010 shed=0) pushErr=0 | pushed=65010 popped=18338 lag=46672 | popErr=0 empty=0 | overall p50=8.64 p99=82.43 p999=118.27 ms | acked=18338 ackErr=0 ackLag=46672 ackAvg=2.42ms | e2e p50=49020.93 p99=105381.89 p999=108527.62 ms
load_cpu=15.4%
[txn-final] txns=18381 msgs=18381 aborts=0 errs=0 in=18381 avg=1.00 msg/txn | commit p50=148.48 p99=317.44 p999=407.55 max=2408.45 ms
[ids] ledger /root/bench/runs/txn/redpanda/1x200-t1-9k/ids/p3.ids: 65010 confirmed, 0 failed, 0 unanswered
