11.39
5.94
3.32
3.43
3.43
3.31
3.54
3.72
1.56
0.05
0.04
0.20
0.05
1.47
0.06
0.04
0.31
0.00
0.00
0.00
0.00
0.06
0.00
0.00
0.00
0.00
0.02
0.00
1.58
0.00
0.00
1.24
4.00
3.36
3.06
2.98
3.30
3.01
3.47
3.40
3.32
2.56
3.64
4.95
4.75
3.12
3.27
2.98
2.56
3.36
3.33
4.05
4.23
3.22
0.00
0.00
0.01
0.00
0.00
0.00
0.00
0.02
0.01
0.01
0.00
1.36
0.00
0.01
0.01
0.00
0.00
0.00
0.02
0.01
0.00
0.00
0.00
2.92
3.26
3.26
4.03
3.28
3.31
3.03
3.89
4.68
2.99
3.48
3.23
3.52
3.80
2.86
3.51
3.47
3.31
4.10
3.50
3.29
3.23
3.18
3.70
0.38
0.01
0.01
0.00
0.00
0.00
