{"role":"consumer","event":"start","queues":["bench-hi-part-1000"],"queueCount":1,"consumerGroup":null,"numWorkers":2,"conns":50,"duration":300,"batchSize":100,"timestamp":"2026-06-07T09:24:42.254Z"}
(node:46586) [MODULE_TYPELESS_PACKAGE_JSON] Warning: Module type of file:///home/queen/examples/bench-consumer.js is not specified and it doesn't parse as CommonJS.
Reparsing as ES module because module syntax was detected. This incurs a performance overhead.
To eliminate this warning, add "type": "module" to /home/queen/examples/package.json.
(Use `node --trace-warnings ...` to show where the warning was created)
(node:46605) [MODULE_TYPELESS_PACKAGE_JSON] Warning: Module type of file:///home/queen/examples/bench-consumer.js is not specified and it doesn't parse as CommonJS.
Reparsing as ES module because module syntax was detected. This incurs a performance overhead.
To eliminate this warning, add "type": "module" to /home/queen/examples/package.json.
(Use `node --trace-warnings ...` to show where the warning was created)
(node:46604) [MODULE_TYPELESS_PACKAGE_JSON] Warning: Module type of file:///home/queen/examples/bench-consumer.js is not specified and it doesn't parse as CommonJS.
Reparsing as ES module because module syntax was detected. This incurs a performance overhead.
To eliminate this warning, add "type": "module" to /home/queen/examples/package.json.
(Use `node --trace-warnings ...` to show where the warning was created)
{
  "role": "consumer",
  "event": "result",
  "consumerGroup": null,
  "totalRequests": 539515,
  "reqPerSec": 1798,
  "maxMsgPerSecCeiling": 179800,
  "latency": {
    "p50": 46,
    "p90": 76,
    "p99": 212.5,
    "avg": 55.115,
    "max": 2283
  },
  "errors": 0,
  "non2xx": 0,
  "timeouts": 0,
  "durationSec": 300
}
