qload tag= loader=0/1 mode=batch rate=300000 msg/s batch=100 batch-max=0 max-inflight=5000 ramp=10s duration=1m30s report=2s drain=10s GOMAXPROCS=10 GOGC=400(default) seed=1791581563104895169
  offered: 300000 msg/s = 3000.0 units/s (avg 100.0 msgs/unit) across 61 pacer workers (49.18 units/s each)
  topics: 1 x 200 partitions (mix..mix), entities/topic=0 (explicit partition) | picker: topics=rr entities: rr over space=200 starting at 0
  payload: goload jsonEvent target 256 B, avg 289.5 B raw, ~320 B stamped ({"ts":µs,"src":0,...}), pool 64x100
  consumers: 16 here (ci 0..15 of 16), poll=1000 proc-us=0 ack=async ack-inflight=256 local-src=[0]
  queen: url=http://127.0.0.1:6632 (of 1) conns=2048 timeout=30s pop-width=10 pop-batch=1000 pop-timeout=2s lease=30s | configure: leaseTime=30 completedRetention=3600 dedup=0 retryLimit=1000000 | plain: consumers pop+ack the queue
  [queen] http://127.0.0.1:6632 healthy: version 2.1.0, this node leader
  [consume] 16 consumers of mix: pop width 10, batch 1000, long poll 2s, lease 30s, async batch acks (ack-inflight 256)
READY 1791581491002
[start] GO 21:31:31.002 (unix ms 1791581491002)
[21:31:33] offered=    30487/s achieved=    30487/s shed=        0/s inflight=     0 | p50=   6.11 p99=   11.71 p999=   12.61 ms | push=61000 pop=61000 lag=0 | errs push=0 pop=0 empty=0 gor=198 | ack=    30487/s ackErr=0 ackAvg=7.07ms | e2e p50=14.78 p99=28.54 p999=32.13 n=61000 | e2e_local p50=14.78 p99=28.54 n=61000
[21:31:35] offered=    91130/s achieved=    90930/s shed=        0/s inflight=     3 | p50=   3.31 p99=    9.66 p999=   16.51 ms | push=242800 pop=240500 lag=2300 | errs push=0 pop=0 empty=0 gor=207 | ack=    89380/s ackErr=0 ackAvg=6.39ms | e2e p50=10.69 p99=21.12 p999=24.96 n=179500 | e2e_local p50=10.69 p99=21.12 n=179500
[21:31:37] offered=   149449/s achieved=   149249/s shed=        0/s inflight=     8 | p50=   3.22 p99=   20.61 p999=   27.78 ms | push=541300 pop=539100 lag=2200 | errs push=0 pop=0 empty=0 gor=238 | ack=   149249/s ackErr=0 ackAvg=5.95ms | e2e p50=10.05 p99=28.54 p999=34.05 n=298600 | e2e_local p50=10.05 p99=28.54 n=298600
[21:31:39] offered=   209348/s achieved=   209298/s shed=        0/s inflight=     9 | p50=   4.13 p99=   16.77 p999=   24.19 ms | push=959900 pop=957900 lag=2000 | errs push=0 pop=0 empty=0 gor=264 | ack=   208848/s ackErr=0 ackAvg=6.36ms | e2e p50=12.10 p99=36.61 p999=46.85 n=418800 | e2e_local p50=12.10 p99=36.61 n=418800
[21:31:41] offered=   269559/s achieved=   269009/s shed=        0/s inflight=    20 | p50=   7.20 p99=   24.19 p999=   29.57 ms | push=1498000 pop=1494300 lag=3700 | errs push=0 pop=0 empty=0 gor=314 | ack=   267060/s ackErr=0 ackAvg=7.56ms | e2e p50=19.07 p99=44.80 p999=52.99 n=536400 | e2e_local p50=19.07 p99=44.80 n=536400
[21:31:43] offered=   300220/s achieved=   299920/s shed=        0/s inflight=    27 | p50=   8.90 p99=   33.02 p999=   37.12 ms | push=2097800 pop=2093000 lag=4800 | errs push=0 pop=0 empty=0 gor=417 | ack=   299420/s ackErr=0 ackAvg=8.65ms | e2e p50=23.42 p99=68.10 p999=82.43 n=599200 | e2e_local p50=23.42 p99=68.10 n=599200
[21:31:45] offered=   300035/s achieved=   300335/s shed=        0/s inflight=    20 | p50=   8.16 p99=   30.85 p999=   38.14 ms | push=2698400 pop=2694400 lag=4000 | errs push=0 pop=0 empty=0 gor=409 | ack=   299835/s ackErr=0 ackAvg=9.28ms | e2e p50=22.14 p99=68.10 p999=75.26 n=600900 | e2e_local p50=22.14 p99=68.10 n=600900
[21:31:47] offered=   299869/s achieved=   299419/s shed=        0/s inflight=    29 | p50=   7.78 p99=   30.08 p999=   33.54 ms | push=3297200 pop=3294000 lag=3200 | errs push=0 pop=0 empty=0 gor=418 | ack=   300619/s ackErr=0 ackAvg=9.66ms | e2e p50=21.12 p99=62.21 p999=83.46 n=599600 | e2e_local p50=21.12 p99=62.21 n=599600
[21:31:49] offered=   299891/s achieved=   300391/s shed=        0/s inflight=    21 | p50=   7.90 p99=   31.10 p999=   37.12 ms | push=3898100 pop=3894800 lag=3300 | errs push=0 pop=0 empty=0 gor=413 | ack=   299891/s ackErr=0 ackAvg=9.97ms | e2e p50=21.38 p99=69.12 p999=82.43 n=600800 | e2e_local p50=21.38 p99=69.12 n=600800
[21:31:51] offered=   300243/s achieved=   299892/s shed=        0/s inflight=    26 | p50=   7.84 p99=   25.22 p999=   27.52 ms | push=4497800 pop=4495300 lag=2500 | errs push=0 pop=0 empty=0 gor=411 | ack=   300793/s ackErr=0 ackAvg=10.18ms | e2e p50=21.38 p99=59.65 p999=69.12 n=600500 | e2e_local p50=21.38 p99=59.65 n=600500
[21:31:53] offered=   299576/s achieved=   299576/s shed=        0/s inflight=    31 | p50=   8.51 p99=   33.54 p999=   39.17 ms | push=5097100 pop=5094400 lag=2700 | errs push=0 pop=0 empty=0 gor=427 | ack=   299526/s ackErr=0 ackAvg=10.45ms | e2e p50=22.91 p99=73.22 p999=87.55 n=599100 | e2e_local p50=22.91 p99=73.22 n=599100
[21:31:55] offered=   300289/s achieved=   300039/s shed=        0/s inflight=    31 | p50=   9.02 p99=   25.98 p999=   28.54 ms | push=5697000 pop=5692500 lag=4500 | errs push=0 pop=0 empty=0 gor=429 | ack=   298389/s ackErr=0 ackAvg=10.68ms | e2e p50=23.94 p99=61.70 p999=73.22 n=598100 | e2e_local p50=23.94 p99=61.70 n=598100
[21:31:57] offered=   299961/s achieved=   294164/s shed=        0/s inflight=   148 | p50=  16.19 p99=   74.24 p999=  100.86 ms | push=6285600 pop=6237500 lag=48100 | errs push=0 pop=0 empty=0 gor=637 | ack=   266676/s ackErr=0 ackAvg=11.22ms | e2e p50=37.12 p99=288.77 p999=395.26 n=545000 | e2e_local p50=37.12 p99=288.77 n=545000
[21:31:59] offered=   299534/s achieved=   302732/s shed=        0/s inflight=    83 | p50=  35.58 p99=   97.79 p999=  119.30 ms | push=6891400 pop=6729500 lag=161900 | errs push=0 pop=0 empty=0 gor=720 | ack=   246863/s ackErr=0 ackAvg=12.20ms | e2e p50=337.92 p99=970.75 p999=1220.61 n=492000 | e2e_local p50=337.92 p99=970.75 n=492000
[21:32:01] offered=   300625/s achieved=   300024/s shed=        0/s inflight=    95 | p50=  33.54 p99=   88.58 p999=  110.08 ms | push=7490900 pop=7274500 lag=216400 | errs push=0 pop=0 empty=0 gor=733 | ack=   272249/s ackErr=0 ackAvg=13.07ms | e2e p50=493.57 p99=1859.58 p999=2211.84 n=545000 | e2e_local p50=493.57 p99=1859.58 n=545000
[21:32:03] offered=   298038/s achieved=   296039/s shed=        0/s inflight=   146 | p50=  33.02 p99=   87.55 p999=  105.98 ms | push=8083100 pop=7811500 lag=271600 | errs push=0 pop=0 empty=0 gor=764 | ack=   270444/s ackErr=0 ackAvg=13.94ms | e2e p50=585.73 p99=2408.45 p999=2834.43 n=537000 | e2e_local p50=585.73 p99=2408.45 n=537000
[21:32:05] offered=   300110/s achieved=   300709/s shed=        0/s inflight=   122 | p50=  35.58 p99=   92.67 p999=  116.22 ms | push=8685400 pop=8298500 lag=386900 | errs push=0 pop=0 empty=0 gor=713 | ack=   244641/s ackErr=0 ackAvg=14.79ms | e2e p50=815.10 p99=3260.42 p999=4489.22 n=487000 | e2e_local p50=815.10 p99=3260.42 n=487000
[21:32:07] offered=   301782/s achieved=   302183/s shed=        0/s inflight=   118 | p50=  35.07 p99=   95.74 p999=  124.42 ms | push=9288700 pop=8818500 lag=470200 | errs push=0 pop=0 empty=0 gor=757 | ack=   256452/s ackErr=0 ackAvg=15.64ms | e2e p50=1220.61 p99=4554.75 p999=5472.26 n=520000 | e2e_local p50=1220.61 p99=4554.75 n=520000
[21:32:09] offered=   299755/s achieved=   301705/s shed=        0/s inflight=    76 | p50=  32.38 p99=   88.58 p999=  109.06 ms | push=9892100 pop=9354500 lag=537600 | errs push=0 pop=0 empty=0 gor=712 | ack=   269504/s ackErr=0 ackAvg=16.35ms | e2e p50=1515.52 p99=5472.26 p999=6389.76 n=536000 | e2e_local p50=1515.52 p99=5472.26 n=536000
[21:32:11] offered=   300163/s achieved=   296414/s shed=        0/s inflight=   151 | p50=  34.56 p99=   92.67 p999=  111.10 ms | push=10485100 pop=9851500 lag=633600 | errs push=0 pop=0 empty=0 gor=789 | ack=   247429/s ackErr=0 ackAvg=17.05ms | e2e p50=1826.82 p99=5603.33 p999=7897.09 n=497000 | e2e_local p50=1826.82 p99=5603.33 n=497000
[21:32:13] offered=   300148/s achieved=   302398/s shed=        0/s inflight=   107 | p50=  35.07 p99=   88.58 p999=  103.94 ms | push=11089900 pop=10362500 lag=727400 | errs push=0 pop=0 empty=0 gor=745 | ack=   255499/s ackErr=0 ackAvg=17.75ms | e2e p50=2179.07 p99=6586.37 p999=8454.14 n=511000 | e2e_local p50=2179.07 p99=6586.37 n=511000
[21:32:15] offered=   299132/s achieved=   299631/s shed=        0/s inflight=    96 | p50=  37.12 p99=   95.74 p999=  124.42 ms | push=11690400 pop=10847500 lag=842900 | errs push=0 pop=0 empty=0 gor=744 | ack=   242499/s ackErr=0 ackAvg=18.46ms | e2e p50=2506.75 p99=6848.51 p999=8716.29 n=485549 | e2e_local p50=2506.75 p99=6848.51 n=485548
[21:32:17] offered=   300888/s achieved=   298834/s shed=        0/s inflight=   137 | p50=  37.63 p99=  109.06 p999=  134.14 ms | push=12286900 pop=11333500 lag=953400 | errs push=0 pop=0 empty=0 gor=854 | ack=   245480/s ackErr=0 ackAvg=19.15ms | e2e p50=2932.74 p99=7569.41 p999=9371.65 n=485451 | e2e_local p50=2932.74 p99=7569.41 n=485452
[21:32:19] offered=   298766/s achieved=   300365/s shed=        0/s inflight=   104 | p50=  34.56 p99=  100.86 p999=  120.32 ms | push=12888000 pop=11821500 lag=1066500 | errs push=0 pop=0 empty=0 gor=796 | ack=   246848/s ackErr=0 ackAvg=19.77ms | e2e p50=3293.18 p99=7634.94 p999=9764.86 n=488000 | e2e_local p50=3293.18 p99=7634.94 n=488000
[21:32:21] offered=   300985/s achieved=   300985/s shed=        0/s inflight=   104 | p50=  33.54 p99=   92.67 p999=  113.15 ms | push=13489400 pop=12342500 lag=1146900 | errs push=0 pop=0 empty=0 gor=830 | ack=   253240/s ackErr=0 ackAvg=20.34ms | e2e p50=3620.86 p99=7962.62 p999=10027.01 n=521000 | e2e_local p50=3653.63 p99=7962.62 n=521971
[21:32:23] offered=   299250/s achieved=   300698/s shed=        0/s inflight=    81 | p50=  35.07 p99=   90.62 p999=  108.03 ms | push=14091500 pop=12838500 lag=1253000 | errs push=0 pop=0 empty=0 gor=799 | ack=   251706/s ackErr=0 ackAvg=20.86ms | e2e p50=4014.08 p99=8585.22 p999=10551.30 n=496000 | e2e_local p50=3981.31 p99=8585.22 n=497029
[21:32:25] offered=   299188/s achieved=   298238/s shed=        0/s inflight=    97 | p50=  33.54 p99=   88.58 p999=  110.08 ms | push=14688300 pop=13327500 lag=1360800 | errs push=0 pop=0 empty=0 gor=813 | ack=   245367/s ackErr=0 ackAvg=21.33ms | e2e p50=4292.61 p99=8585.22 p999=10813.44 n=489000 | e2e_local p50=4292.61 p99=8585.22 n=487000
[21:32:27] offered=   301754/s achieved=   299550/s shed=        0/s inflight=   139 | p50=  33.02 p99=   95.74 p999=  120.32 ms | push=15286400 pop=13875500 lag=1410900 | errs push=0 pop=0 empty=0 gor=862 | ack=   270952/s ackErr=0 ackAvg=21.80ms | e2e p50=4620.29 p99=9240.58 p999=11206.66 n=548000 | e2e_local p50=4620.29 p99=9240.58 n=548000
[21:32:29] offered=   299946/s achieved=   302540/s shed=        0/s inflight=    93 | p50=  34.05 p99=  100.86 p999=  119.30 ms | push=15892700 pop=14382500 lag=1510200 | errs push=0 pop=0 empty=0 gor=812 | ack=   255485/s ackErr=0 ackAvg=22.28ms | e2e p50=4882.43 p99=9109.50 p999=11468.80 n=507000 | e2e_local p50=4882.43 p99=9109.50 n=507000
[21:32:31] offered=   298209/s achieved=   295476/s shed=        0/s inflight=   141 | p50=  33.54 p99=  104.96 p999=  128.51 ms | push=16487300 pop=14892500 lag=1594800 | errs push=0 pop=0 empty=0 gor=838 | ack=   251448/s ackErr=0 ackAvg=22.74ms | e2e p50=5144.58 p99=10027.01 p999=11862.02 n=510000 | e2e_local p50=5144.58 p99=10027.01 n=510000
[21:32:33] offered=   301110/s achieved=   303874/s shed=        0/s inflight=    89 | p50=  35.07 p99=  108.03 p999=  129.54 ms | push=17091900 pop=15374500 lag=1717400 | errs push=0 pop=0 empty=0 gor=805 | ack=   245270/s ackErr=0 ackAvg=23.22ms | e2e p50=5537.79 p99=10027.01 p999=12386.30 n=482000 | e2e_local p50=5537.79 p99=10027.01 n=482000
[21:32:35] offered=   296927/s achieved=   295023/s shed=        0/s inflight=   125 | p50=  32.64 p99=   79.36 p999=   93.70 ms | push=17680600 pop=15864500 lag=1816100 | errs push=0 pop=0 empty=0 gor=803 | ack=   245560/s ackErr=0 ackAvg=23.63ms | e2e p50=5865.47 p99=10289.15 p999=12648.45 n=490000 | e2e_local p50=5865.47 p99=10289.15 n=490000
[21:32:37] offered=   303312/s achieved=   304363/s shed=        0/s inflight=    71 | p50=  37.63 p99=  113.15 p999=  144.38 ms | push=18288900 pop=16339500 lag=1949400 | errs push=0 pop=0 empty=0 gor=791 | ack=   235665/s ackErr=0 ackAvg=24.06ms | e2e p50=6324.22 p99=11337.73 p999=13303.81 n=476000 | e2e_local p50=6324.22 p99=11337.73 n=476000
[21:32:39] offered=   300287/s achieved=   299387/s shed=        0/s inflight=   121 | p50=  31.36 p99=   99.84 p999=  140.29 ms | push=18887600 pop=16835500 lag=2052100 | errs push=0 pop=0 empty=0 gor=853 | ack=   248031/s ackErr=0 ackAvg=24.47ms | e2e p50=6586.37 p99=11337.73 p999=13565.95 n=495000 | e2e_local p50=6586.37 p99=11337.73 n=495000
[21:32:41] offered=   299434/s achieved=   300883/s shed=        0/s inflight=    93 | p50=  34.56 p99=  103.94 p999=  123.39 ms | push=19490000 pop=17300500 lag=2189500 | errs push=0 pop=0 empty=0 gor=826 | ack=   231756/s ackErr=0 ackAvg=24.87ms | e2e p50=7045.12 p99=11862.02 p999=14090.24 n=465000 | e2e_local p50=7045.12 p99=11862.02 n=465000
[21:32:43] offered=   300664/s achieved=   300564/s shed=        0/s inflight=    95 | p50=  34.05 p99=   89.60 p999=  107.01 ms | push=20090500 pop=17765500 lag=2325000 | errs push=0 pop=0 empty=0 gor=828 | ack=   232743/s ackErr=0 ackAvg=25.25ms | e2e p50=7438.34 p99=12517.38 p999=14745.60 n=465000 | e2e_local p50=7438.34 p99=12517.38 n=465000
[21:32:45] offered=   300078/s achieved=   297578/s shed=        0/s inflight=   142 | p50=  37.12 p99=  109.06 p999=  156.67 ms | push=20685700 pop=18217500 lag=2468200 | errs push=0 pop=0 empty=0 gor=874 | ack=   226483/s ackErr=0 ackAvg=25.64ms | e2e p50=7962.62 p99=13041.66 p999=15269.89 n=452000 | e2e_local p50=7962.62 p99=13041.66 n=452000
[21:32:47] offered=   300021/s achieved=   300021/s shed=        0/s inflight=   145 | p50=  35.07 p99=   87.55 p999=  111.10 ms | push=21285700 pop=18692500 lag=2593200 | errs push=0 pop=0 empty=0 gor=880 | ack=   236017/s ackErr=0 ackAvg=25.98ms | e2e p50=8290.30 p99=13303.81 p999=15663.10 n=475000 | e2e_local p50=8290.30 p99=13303.81 n=475000
[21:32:49] offered=   298268/s achieved=   302546/s shed=        0/s inflight=    59 | p50=  33.54 p99=   99.84 p999=  121.34 ms | push=21893900 pop=19174500 lag=2719400 | errs push=0 pop=0 empty=0 gor=787 | ack=   243250/s ackErr=0 ackAvg=26.32ms | e2e p50=8847.36 p99=13828.10 p999=16056.32 n=482000 | e2e_local p50=8847.36 p99=13828.10 n=482000
[21:32:51] offered=   301164/s achieved=   300109/s shed=        0/s inflight=    80 | p50=  38.66 p99=  123.39 p999=  187.39 ms | push=22491500 pop=19613500 lag=2878000 | errs push=0 pop=0 empty=0 gor=808 | ack=   220462/s ackErr=0 ackAvg=26.67ms | e2e p50=9240.58 p99=14352.38 p999=16449.54 n=439000 | e2e_local p50=9240.58 p99=14352.38 n=439000
[21:32:53] offered=   300483/s achieved=   299082/s shed=        0/s inflight=   108 | p50=  33.54 p99=   81.41 p999=  136.19 ms | push=23089200 pop=20108500 lag=2980700 | errs push=0 pop=0 empty=0 gor=839 | ack=   246191/s ackErr=0 ackAvg=26.98ms | e2e p50=9764.86 p99=15269.89 p999=17170.43 n=495000 | e2e_local p50=9764.86 p99=15269.89 n=495000
[21:32:55] offered=   299812/s achieved=   301311/s shed=        0/s inflight=    78 | p50=  33.02 p99=   89.60 p999=  101.89 ms | push=23692400 pop=20601500 lag=3090900 | errs push=0 pop=0 empty=0 gor=808 | ack=   246763/s ackErr=0 ackAvg=27.29ms | e2e p50=10158.08 p99=15269.89 p999=17694.72 n=493000 | e2e_local p50=10158.08 p99=15269.89 n=493000
[21:32:57] offered=   297879/s achieved=   296428/s shed=        0/s inflight=   106 | p50=  34.05 p99=   97.79 p999=  120.32 ms | push=24284700 pop=21067500 lag=3217200 | errs push=0 pop=0 empty=0 gor=836 | ack=   233719/s ackErr=0 ackAvg=27.61ms | e2e p50=10420.22 p99=15663.10 p999=17956.86 n=466000 | e2e_local p50=10420.22 p99=15663.10 n=466000
[21:32:59] offered=   301664/s achieved=   305464/s shed=        0/s inflight=    31 | p50=  16.51 p99=   69.12 p999=   86.53 ms | push=24895600 pop=21958500 lag=2937100 | errs push=0 pop=0 empty=0 gor=758 | ack=   446521/s ackErr=0 ackAvg=27.56ms | e2e p50=10420.22 p99=15925.25 p999=17956.86 n=891000 | e2e_local p50=10420.22 p99=15925.25 n=891000
[21:33:01] offered=   297379/s achieved=   298417/s shed=        0/s inflight=    10 | p50=  16.77 p99=   43.78 p999=   49.41 ms | push=25499100 pop=22858500 lag=2640600 | errs push=0 pop=0 empty=0 gor=679 | ack=   443547/s ackErr=0 ackAvg=27.51ms | e2e p50=9502.72 p99=14745.60 p999=16908.29 n=900000 | e2e_local p50=9502.72 p99=14745.60 n=900000
[drain] consumers keep going for 9.961s (lag now 2632600)
[21:33:03] offered=        0/s achieved=      505/s shed=        0/s inflight=     0 | p50=  34.56 p99=   41.22 p999=   41.22 ms | push=25500100 pop=24089500 lag=1410600 | errs push=0 pop=0 empty=0 gor=668 | ack=   622227/s ackErr=0 ackAvg=27.20ms | e2e p50=7831.55 p99=13565.95 p999=15925.25 n=1231000 | e2e_local p50=7831.55 p99=13565.95 n=1231000
[21:33:05] offered=        0/s achieved=        0/s shed=        0/s inflight=     0 | p50=   0.00 p99=    0.00 p999=    0.00 ms | push=25500100 pop=25431500 lag=68600 | errs push=0 pop=0 empty=0 gor=674 | ack=   668473/s ackErr=0 ackAvg=26.89ms | e2e p50=6258.69 p99=11468.80 p999=13959.17 n=1342000 | e2e_local p50=6258.69 p99=11468.80 n=1342000
[21:33:07] offered=        0/s achieved=        0/s shed=        0/s inflight=     0 | p50=   0.00 p99=    0.00 p999=    0.00 ms | push=25500100 pop=25500100 lag=0 | errs push=0 pop=0 empty=16 gor=657 | ack=    42819/s ackErr=0 ackAvg=26.87ms | e2e p50=5079.04 p99=7569.41 p999=7962.62 n=68600 | e2e_local p50=5079.04 p99=7569.41 n=68600
[21:33:09] offered=        0/s achieved=        0/s shed=        0/s inflight=     0 | p50=   0.00 p99=    0.00 p999=    0.00 ms | push=25500100 pop=25500100 lag=0 | errs push=0 pop=0 empty=32 gor=657 | ack=        0/s ackErr=0 ackAvg=26.87ms | e2e p50=0.00 p99=0.00 p999=0.00 n=0 | e2e_local p50=0.00 p99=0.00 n=0
[21:33:11] offered=        0/s achieved=        0/s shed=        0/s inflight=     0 | p50=   0.00 p99=    0.00 p999=    0.00 ms | push=25500100 pop=25500100 lag=0 | errs push=0 pop=0 empty=48 gor=657 | ack=        0/s ackErr=0 ackAvg=26.87ms | e2e p50=0.00 p99=0.00 p999=0.00 n=0 | e2e_local p50=0.00 p99=0.00 n=0
[info] steady window 80s (after the ramp, before the producers stopped): offered 299919/s pushed 299932/s popped 266980/s cpu 329.0% = 1.10 cores per 100k msg/s (produce+consume)
[final] offered=255001 achieved=255001 shed=0 (msgs: offered=25500100 achieved=25500100 shed=0) pushErr=0 | pushed=25500100 popped=25500100 lag=0 | popErr=0 empty=48 | overall p50=28.54 p99=92.67 p999=122.37 ms | acked=25500100 ackErr=0 ackLag=0 ackAvg=26.87ms | e2e p50=3686.40 p99=13303.81 p999=15925.25 ms
load_cpu=306.4%
