goload -mode cloud [pro-q6] -> http://10.114.0.2:6711
  active partitions: 5000 of 5000 per queue (100.000%)
  target=proxy tenants=7 sharedQueue=true queue="pro-q6" group="workers" partitions=5000 brokerTenantHeader=false
  offered=35.0 msg/s total (5.00/tenant) push-batch=1 -> 5.00 req/s per tenant across 1 producer(s) | max-inflight=256
  consumers=2/tenant popBatch=100 popWait=true autoAck=false | payload=256B | duration=2592000s drain=60s | idleConns=8/client verify=true
[configure] 7 queue(s) configured in 0.28s
[11:16:54 load ] offered=      35/s push=      35/s pop=      35/s ack=      35/s shed=      0/s inflight=    0 | e2e p50=  12.35 p99=   75.26 ms | pushRTT p50=  5.47 p99=  40.19 ms | lag=0 | err push=0 pop=0 ack=0 (429=0 403=0 5xx=0 to=0 conn=0) empty=0 cross=0 gor=66
[11:21:54 load ] offered=      35/s push=      35/s pop=      35/s ack=      35/s shed=      0/s inflight=    0 | e2e p50=  12.86 p99=   82.43 ms | pushRTT p50=  5.73 p99=  30.59 ms | lag=0 | err push=0 pop=0 ack=0 (429=0 403=0 5xx=0 to=0 conn=0) empty=0 cross=0 gor=66
[11:26:54 load ] offered=      35/s push=      35/s pop=      35/s ack=      35/s shed=      0/s inflight=    0 | e2e p50=  12.74 p99=   88.58 ms | pushRTT p50=  5.73 p99=  30.59 ms | lag=0 | err push=0 pop=0 ack=0 (429=0 403=0 5xx=0 to=0 conn=0) empty=0 cross=0 gor=66
[11:31:54 load ] offered=      35/s push=      35/s pop=      35/s ack=      35/s shed=      0/s inflight=    0 | e2e p50=  12.35 p99=   85.50 ms | pushRTT p50=  5.34 p99=  24.96 ms | lag=0 | err push=0 pop=0 ack=0 (429=0 403=0 5xx=0 to=0 conn=0) empty=0 cross=0 gor=66
[11:36:54 load ] offered=      35/s push=      35/s pop=      35/s ack=      35/s shed=      0/s inflight=    0 | e2e p50=  12.22 p99=   84.48 ms | pushRTT p50=  5.15 p99=  23.42 ms | lag=0 | err push=0 pop=0 ack=0 (429=0 403=0 5xx=0 to=0 conn=0) empty=2 cross=0 gor=66
[11:41:54 load ] offered=      35/s push=      35/s pop=      35/s ack=      35/s shed=      0/s inflight=    0 | e2e p50=  12.35 p99=  150.53 ms | pushRTT p50=  5.34 p99=  26.75 ms | lag=0 | err push=0 pop=0 ack=0 (429=0 403=0 5xx=0 to=0 conn=0) empty=7 cross=0 gor=66
[11:46:54 load ] offered=      35/s push=      35/s pop=      35/s ack=      35/s shed=      0/s inflight=    0 | e2e p50=  12.10 p99=   57.60 ms | pushRTT p50=  5.22 p99=  23.68 ms | lag=0 | err push=0 pop=0 ack=0 (429=0 403=0 5xx=0 to=0 conn=0) empty=14 cross=0 gor=66
[11:51:54 load ] offered=      35/s push=      35/s pop=      35/s ack=      35/s shed=      0/s inflight=    0 | e2e p50=  12.48 p99=  119.30 ms | pushRTT p50=  5.34 p99=  25.98 ms | lag=0 | err push=0 pop=0 ack=0 (429=0 403=0 5xx=0 to=0 conn=0) empty=22 cross=0 gor=66
[11:56:54 load ] offered=      35/s push=      35/s pop=      35/s ack=      35/s shed=      0/s inflight=    0 | e2e p50=  12.86 p99=   82.43 ms | pushRTT p50=  5.41 p99=  25.47 ms | lag=0 | err push=0 pop=0 ack=0 (429=0 403=0 5xx=0 to=0 conn=0) empty=25 cross=0 gor=66
[12:01:54 load ] offered=      35/s push=      35/s pop=      35/s ack=      35/s shed=      0/s inflight=    0 | e2e p50=  13.25 p99=  115.20 ms | pushRTT p50=  5.79 p99=  27.01 ms | lag=0 | err push=0 pop=0 ack=0 (429=0 403=0 5xx=0 to=0 conn=0) empty=25 cross=0 gor=66
[12:06:54 load ] offered=      35/s push=      35/s pop=      35/s ack=      35/s shed=      0/s inflight=    0 | e2e p50=  12.61 p99=   73.22 ms | pushRTT p50=  5.47 p99=  25.98 ms | lag=0 | err push=0 pop=0 ack=0 (429=0 403=0 5xx=0 to=0 conn=0) empty=25 cross=0 gor=66
[12:11:54 load ] offered=      35/s push=      35/s pop=      35/s ack=      35/s shed=      0/s inflight=    0 | e2e p50=  12.74 p99=  107.01 ms | pushRTT p50=  5.47 p99=  24.70 ms | lag=0 | err push=0 pop=0 ack=0 (429=0 403=0 5xx=0 to=0 conn=0) empty=26 cross=0 gor=70
[12:16:54 load ] offered=      35/s push=      35/s pop=      35/s ack=      35/s shed=      0/s inflight=    0 | e2e p50=  13.25 p99=   64.77 ms | pushRTT p50=  5.60 p99=  23.42 ms | lag=0 | err push=0 pop=0 ack=0 (429=0 403=0 5xx=0 to=0 conn=0) empty=26 cross=0 gor=66
[12:21:54 load ] offered=      35/s push=      35/s pop=      35/s ack=      35/s shed=      0/s inflight=    0 | e2e p50=  13.25 p99=   96.77 ms | pushRTT p50=  5.60 p99=  25.73 ms | lag=0 | err push=0 pop=0 ack=0 (429=0 403=0 5xx=0 to=0 conn=0) empty=26 cross=0 gor=66
[12:26:54 load ] offered=      35/s push=      35/s pop=      35/s ack=      35/s shed=      0/s inflight=    0 | e2e p50=  12.86 p99=   80.38 ms | pushRTT p50=  5.47 p99=  25.47 ms | lag=0 | err push=0 pop=0 ack=0 (429=0 403=0 5xx=0 to=0 conn=0) empty=26 cross=0 gor=66
[12:31:54 load ] offered=      35/s push=      35/s pop=      35/s ack=      35/s shed=      0/s inflight=    0 | e2e p50=  12.86 p99=   54.53 ms | pushRTT p50=  5.41 p99=  23.17 ms | lag=0 | err push=0 pop=0 ack=0 (429=0 403=0 5xx=0 to=0 conn=0) empty=26 cross=0 gor=66
[12:36:54 load ] offered=      35/s push=      35/s pop=      35/s ack=      35/s shed=      0/s inflight=    0 | e2e p50=  12.99 p99=   79.36 ms | pushRTT p50=  5.54 p99=  22.91 ms | lag=0 | err push=0 pop=0 ack=0 (429=0 403=0 5xx=0 to=0 conn=0) empty=26 cross=0 gor=66
[12:41:54 load ] offered=      35/s push=      35/s pop=      35/s ack=      35/s shed=      0/s inflight=    0 | e2e p50=  12.74 p99=   77.31 ms | pushRTT p50=  5.54 p99=  24.45 ms | lag=1 | err push=0 pop=0 ack=0 (429=0 403=0 5xx=0 to=0 conn=0) empty=30 cross=0 gor=66
[12:46:54 load ] offered=      35/s push=      35/s pop=      35/s ack=      35/s shed=      0/s inflight=    0 | e2e p50=  12.86 p99=   95.74 ms | pushRTT p50=  5.54 p99=  24.19 ms | lag=0 | err push=0 pop=0 ack=0 (429=0 403=0 5xx=0 to=0 conn=0) empty=36 cross=0 gor=66
[12:51:54 load ] offered=      35/s push=      35/s pop=      35/s ack=      35/s shed=      0/s inflight=    0 | e2e p50=  12.74 p99=  114.18 ms | pushRTT p50=  5.47 p99=  22.91 ms | lag=0 | err push=0 pop=0 ack=0 (429=0 403=0 5xx=0 to=0 conn=0) empty=40 cross=0 gor=66
[12:56:54 load ] offered=      35/s push=      35/s pop=      35/s ack=      35/s shed=      0/s inflight=    0 | e2e p50=  12.86 p99=   94.72 ms | pushRTT p50=  5.47 p99=  23.17 ms | lag=0 | err push=0 pop=0 ack=0 (429=0 403=0 5xx=0 to=0 conn=0) empty=41 cross=0 gor=66
[13:01:54 load ] offered=      35/s push=      35/s pop=      35/s ack=      35/s shed=      0/s inflight=    0 | e2e p50=  13.89 p99=  118.27 ms | pushRTT p50=  6.05 p99=  26.24 ms | lag=4 | err push=0 pop=0 ack=0 (429=0 403=0 5xx=0 to=0 conn=0) empty=41 cross=0 gor=66
[13:06:54 load ] offered=      35/s push=      35/s pop=      35/s ack=      35/s shed=      0/s inflight=    0 | e2e p50=  13.63 p99=   66.05 ms | pushRTT p50=  5.92 p99=  24.96 ms | lag=0 | err push=0 pop=0 ack=0 (429=0 403=0 5xx=0 to=0 conn=0) empty=43 cross=0 gor=66
[13:11:54 load ] offered=      35/s push=      35/s pop=      35/s ack=      35/s shed=      0/s inflight=    7 | e2e p50=  13.76 p99=  108.03 ms | pushRTT p50=  5.92 p99=  30.08 ms | lag=4 | err push=0 pop=0 ack=0 (429=0 403=0 5xx=0 to=0 conn=0) empty=48 cross=0 gor=77
[13:16:54 load ] offered=      35/s push=      35/s pop=      35/s ack=      35/s shed=      0/s inflight=    0 | e2e p50=  13.25 p99=   93.70 ms | pushRTT p50=  5.79 p99=  28.54 ms | lag=0 | err push=0 pop=0 ack=0 (429=0 403=0 5xx=0 to=0 conn=0) empty=54 cross=0 gor=66
[13:21:54 load ] offered=      35/s push=      35/s pop=      35/s ack=      35/s shed=      0/s inflight=    0 | e2e p50=  12.99 p99=   81.41 ms | pushRTT p50=  5.73 p99=  26.50 ms | lag=0 | err push=0 pop=0 ack=0 (429=0 403=0 5xx=0 to=0 conn=0) empty=55 cross=0 gor=66
[13:26:54 load ] offered=      35/s push=      35/s pop=      35/s ack=      35/s shed=      0/s inflight=    0 | e2e p50=  12.61 p99=   85.50 ms | pushRTT p50=  5.41 p99=  24.45 ms | lag=0 | err push=0 pop=0 ack=0 (429=0 403=0 5xx=0 to=0 conn=0) empty=58 cross=0 gor=66
[13:31:54 load ] offered=      35/s push=      35/s pop=      35/s ack=      35/s shed=      0/s inflight=    0 | e2e p50=  12.74 p99=   79.36 ms | pushRTT p50=  5.54 p99=  25.22 ms | lag=0 | err push=0 pop=0 ack=0 (429=0 403=0 5xx=0 to=0 conn=0) empty=58 cross=0 gor=66
[13:36:54 load ] offered=      35/s push=      35/s pop=      35/s ack=      35/s shed=      0/s inflight=    0 | e2e p50=  12.86 p99=  100.86 ms | pushRTT p50=  5.60 p99=  25.98 ms | lag=0 | err push=0 pop=0 ack=0 (429=0 403=0 5xx=0 to=0 conn=0) empty=58 cross=0 gor=66
[13:41:54 load ] offered=      35/s push=      35/s pop=      35/s ack=      35/s shed=      0/s inflight=    0 | e2e p50=  12.86 p99=  102.91 ms | pushRTT p50=  5.66 p99=  25.98 ms | lag=0 | err push=0 pop=0 ack=0 (429=0 403=0 5xx=0 to=0 conn=0) empty=60 cross=0 gor=66
[13:46:54 load ] offered=      35/s push=      35/s pop=      35/s ack=      35/s shed=      0/s inflight=    0 | e2e p50=  13.38 p99=  150.53 ms | pushRTT p50=  5.92 p99=  31.10 ms | lag=0 | err push=0 pop=0 ack=0 (429=0 403=0 5xx=0 to=0 conn=0) empty=60 cross=0 gor=66
[13:51:54 load ] offered=      35/s push=      35/s pop=      35/s ack=      35/s shed=      0/s inflight=    0 | e2e p50=  13.38 p99=  129.54 ms | pushRTT p50=  5.92 p99=  29.57 ms | lag=0 | err push=0 pop=0 ack=0 (429=0 403=0 5xx=0 to=0 conn=0) empty=60 cross=0 gor=66
[13:56:54 load ] offered=      35/s push=      35/s pop=      35/s ack=      35/s shed=      0/s inflight=    0 | e2e p50=  12.74 p99=   82.43 ms | pushRTT p50=  5.47 p99=  26.50 ms | lag=0 | err push=0 pop=0 ack=0 (429=0 403=0 5xx=0 to=0 conn=0) empty=60 cross=0 gor=66
[14:01:54 load ] offered=      35/s push=      35/s pop=      35/s ack=      35/s shed=      0/s inflight=    0 | e2e p50=  13.89 p99=  105.98 ms | pushRTT p50=  6.05 p99=  27.01 ms | lag=0 | err push=0 pop=0 ack=0 (429=0 403=0 5xx=0 to=0 conn=0) empty=60 cross=0 gor=66
[14:06:54 load ] offered=      35/s push=      35/s pop=      35/s ack=      35/s shed=      0/s inflight=    0 | e2e p50=  13.50 p99=  126.46 ms | pushRTT p50=  5.92 p99=  31.62 ms | lag=0 | err push=0 pop=0 ack=0 (429=0 403=0 5xx=0 to=0 conn=0) empty=60 cross=0 gor=66
[14:11:54 load ] offered=      35/s push=      35/s pop=      35/s ack=      35/s shed=      0/s inflight=    0 | e2e p50=  12.86 p99=  154.62 ms | pushRTT p50=  5.54 p99=  31.10 ms | lag=0 | err push=0 pop=0 ack=0 (429=0 403=0 5xx=0 to=0 conn=0) empty=62 cross=0 gor=68
[14:16:54 load ] offered=      35/s push=      35/s pop=      35/s ack=      35/s shed=      0/s inflight=    0 | e2e p50=  13.76 p99=   68.10 ms | pushRTT p50=  6.05 p99=  26.75 ms | lag=0 | err push=0 pop=0 ack=0 (429=0 403=0 5xx=0 to=0 conn=0) empty=62 cross=0 gor=66
[14:21:54 load ] offered=      35/s push=      35/s pop=      35/s ack=      35/s shed=      0/s inflight=    0 | e2e p50=  12.99 p99=  148.48 ms | pushRTT p50=  5.54 p99=  27.78 ms | lag=0 | err push=0 pop=0 ack=0 (429=0 403=0 5xx=0 to=0 conn=0) empty=62 cross=0 gor=72
[14:26:54 load ] offered=      35/s push=      35/s pop=      35/s ack=      35/s shed=      0/s inflight=    0 | e2e p50=  12.74 p99=   92.67 ms | pushRTT p50=  5.47 p99=  23.68 ms | lag=0 | err push=0 pop=0 ack=0 (429=0 403=0 5xx=0 to=0 conn=0) empty=62 cross=0 gor=66
[14:31:54 load ] offered=      35/s push=      35/s pop=      35/s ack=      35/s shed=      0/s inflight=    0 | e2e p50=  12.35 p99=   55.55 ms | pushRTT p50=  5.22 p99=  23.68 ms | lag=0 | err push=0 pop=0 ack=0 (429=0 403=0 5xx=0 to=0 conn=0) empty=62 cross=0 gor=66
[14:36:54 load ] offered=      35/s push=      35/s pop=      35/s ack=      35/s shed=      0/s inflight=    0 | e2e p50=  12.48 p99=  171.01 ms | pushRTT p50=  5.41 p99=  30.34 ms | lag=0 | err push=0 pop=0 ack=0 (429=0 403=0 5xx=0 to=0 conn=0) empty=62 cross=0 gor=66
[14:41:54 load ] offered=      35/s push=      35/s pop=      35/s ack=      35/s shed=      0/s inflight=    0 | e2e p50=  12.74 p99=   96.77 ms | pushRTT p50=  5.54 p99=  25.98 ms | lag=0 | err push=0 pop=0 ack=0 (429=0 403=0 5xx=0 to=0 conn=0) empty=63 cross=0 gor=66
[14:46:54 load ] offered=      35/s push=      35/s pop=      35/s ack=      35/s shed=      0/s inflight=    0 | e2e p50=  13.50 p99=   80.38 ms | pushRTT p50=  5.92 p99=  29.57 ms | lag=1 | err push=0 pop=0 ack=0 (429=0 403=0 5xx=0 to=0 conn=0) empty=66 cross=0 gor=66
[14:51:54 load ] offered=      35/s push=      35/s pop=      35/s ack=      35/s shed=      0/s inflight=    0 | e2e p50=  13.12 p99=  146.43 ms | pushRTT p50=  5.79 p99=  29.31 ms | lag=0 | err push=0 pop=0 ack=0 (429=0 403=0 5xx=0 to=0 conn=0) empty=67 cross=0 gor=66
[14:56:54 load ] offered=      35/s push=      35/s pop=      35/s ack=      35/s shed=      0/s inflight=    0 | e2e p50=  12.99 p99=   75.26 ms | pushRTT p50=  5.60 p99=  24.70 ms | lag=0 | err push=0 pop=0 ack=0 (429=0 403=0 5xx=0 to=0 conn=0) empty=68 cross=0 gor=66
[15:01:54 load ] offered=      35/s push=      35/s pop=      35/s ack=      35/s shed=      0/s inflight=    0 | e2e p50=  14.40 p99=  142.34 ms | pushRTT p50=  6.30 p99=  30.59 ms | lag=0 | err push=0 pop=0 ack=0 (429=0 403=0 5xx=0 to=0 conn=0) empty=68 cross=0 gor=66
[15:06:54 load ] offered=      35/s push=      35/s pop=      35/s ack=      35/s shed=      0/s inflight=    0 | e2e p50=  12.99 p99=   93.70 ms | pushRTT p50=  5.54 p99=  26.24 ms | lag=0 | err push=0 pop=0 ack=0 (429=0 403=0 5xx=0 to=0 conn=0) empty=68 cross=0 gor=66
[15:11:54 load ] offered=      35/s push=      35/s pop=      35/s ack=      35/s shed=      0/s inflight=    0 | e2e p50=  12.86 p99=   79.36 ms | pushRTT p50=  5.47 p99=  23.68 ms | lag=0 | err push=0 pop=0 ack=0 (429=0 403=0 5xx=0 to=0 conn=0) empty=68 cross=0 gor=66
[15:16:54 load ] offered=      35/s push=      35/s pop=      35/s ack=      35/s shed=      0/s inflight=    0 | e2e p50=  13.76 p99=  156.67 ms | pushRTT p50=  5.98 p99=  30.85 ms | lag=0 | err push=0 pop=0 ack=0 (429=0 403=0 5xx=0 to=0 conn=0) empty=68 cross=0 gor=66
[15:21:54 load ] offered=      35/s push=      35/s pop=      35/s ack=      35/s shed=      0/s inflight=    0 | e2e p50=  12.99 p99=   90.62 ms | pushRTT p50=  5.60 p99=  28.54 ms | lag=0 | err push=0 pop=0 ack=0 (429=0 403=0 5xx=0 to=0 conn=0) empty=68 cross=0 gor=68
[15:26:54 load ] offered=      35/s push=      35/s pop=      35/s ack=      35/s shed=      0/s inflight=    0 | e2e p50=  12.99 p99=   66.05 ms | pushRTT p50=  5.54 p99=  23.42 ms | lag=0 | err push=0 pop=0 ack=0 (429=0 403=0 5xx=0 to=0 conn=0) empty=68 cross=0 gor=66
[15:31:54 load ] offered=      35/s push=      35/s pop=      35/s ack=      35/s shed=      0/s inflight=    0 | e2e p50=  13.12 p99=   99.84 ms | pushRTT p50=  5.60 p99=  24.70 ms | lag=1 | err push=0 pop=0 ack=0 (429=0 403=0 5xx=0 to=0 conn=0) empty=69 cross=0 gor=66
[15:36:54 load ] offered=      35/s push=      35/s pop=      35/s ack=      35/s shed=      0/s inflight=    0 | e2e p50=  13.12 p99=  117.25 ms | pushRTT p50=  5.66 p99=  27.01 ms | lag=0 | err push=0 pop=0 ack=0 (429=0 403=0 5xx=0 to=0 conn=0) empty=70 cross=0 gor=66
[15:41:54 load ] offered=      35/s push=      35/s pop=      35/s ack=      35/s shed=      0/s inflight=    0 | e2e p50=  13.38 p99=   81.41 ms | pushRTT p50=  5.79 p99=  29.31 ms | lag=0 | err push=0 pop=0 ack=0 (429=0 403=0 5xx=0 to=0 conn=0) empty=72 cross=0 gor=66
[15:46:54 load ] offered=      35/s push=      35/s pop=      35/s ack=      35/s shed=      0/s inflight=    0 | e2e p50=  14.27 p99=  156.67 ms | pushRTT p50=  6.37 p99=  35.07 ms | lag=0 | err push=0 pop=0 ack=0 (429=0 403=0 5xx=0 to=0 conn=0) empty=74 cross=0 gor=66
[15:51:54 load ] offered=      35/s push=      35/s pop=      35/s ack=      35/s shed=      0/s inflight=    0 | e2e p50=  13.25 p99=   78.34 ms | pushRTT p50=  5.66 p99=  30.34 ms | lag=0 | err push=0 pop=0 ack=0 (429=0 403=0 5xx=0 to=0 conn=0) empty=77 cross=0 gor=66
[15:56:54 load ] offered=      35/s push=      35/s pop=      35/s ack=      35/s shed=      0/s inflight=    0 | e2e p50=  13.12 p99=   93.70 ms | pushRTT p50=  5.66 p99=  26.75 ms | lag=0 | err push=0 pop=0 ack=0 (429=0 403=0 5xx=0 to=0 conn=0) empty=85 cross=0 gor=66
[16:01:54 load ] offered=      35/s push=      35/s pop=      35/s ack=      35/s shed=      0/s inflight=    0 | e2e p50=  13.12 p99=   63.23 ms | pushRTT p50=  5.66 p99=  24.70 ms | lag=0 | err push=0 pop=0 ack=0 (429=0 403=0 5xx=0 to=0 conn=0) empty=88 cross=0 gor=66
[16:06:54 load ] offered=      35/s push=      35/s pop=      35/s ack=      35/s shed=      0/s inflight=    0 | e2e p50=  13.12 p99=  152.58 ms | pushRTT p50=  5.73 p99=  34.05 ms | lag=0 | err push=0 pop=0 ack=0 (429=0 403=0 5xx=0 to=0 conn=0) empty=89 cross=0 gor=66
[16:11:54 load ] offered=      35/s push=      35/s pop=      35/s ack=      35/s shed=      0/s inflight=    0 | e2e p50=  13.25 p99=  116.22 ms | pushRTT p50=  5.86 p99=  36.61 ms | lag=0 | err push=0 pop=0 ack=0 (429=0 403=0 5xx=0 to=0 conn=0) empty=91 cross=0 gor=66
[16:16:54 load ] offered=      35/s push=      35/s pop=      35/s ack=      35/s shed=      0/s inflight=    0 | e2e p50=  13.76 p99=   89.60 ms | pushRTT p50=  6.05 p99=  28.54 ms | lag=0 | err push=0 pop=0 ack=0 (429=0 403=0 5xx=0 to=0 conn=0) empty=91 cross=0 gor=66
[16:21:54 load ] offered=      35/s push=      35/s pop=      35/s ack=      35/s shed=      0/s inflight=    0 | e2e p50=  13.25 p99=  112.13 ms | pushRTT p50=  5.66 p99=  26.50 ms | lag=0 | err push=0 pop=0 ack=0 (429=0 403=0 5xx=0 to=0 conn=0) empty=91 cross=0 gor=66
[16:26:54 load ] offered=      35/s push=      35/s pop=      35/s ack=      35/s shed=      0/s inflight=    0 | e2e p50=  13.50 p99=  164.86 ms | pushRTT p50=  5.86 p99=  37.12 ms | lag=0 | err push=0 pop=0 ack=0 (429=0 403=0 5xx=0 to=0 conn=0) empty=93 cross=0 gor=66
[16:31:54 load ] offered=      35/s push=      35/s pop=      35/s ack=      35/s shed=      0/s inflight=    0 | e2e p50=  13.89 p99=  114.18 ms | pushRTT p50=  6.11 p99=  36.61 ms | lag=0 | err push=0 pop=0 ack=0 (429=0 403=0 5xx=0 to=0 conn=0) empty=93 cross=0 gor=70
[16:36:54 load ] offered=      35/s push=      35/s pop=      35/s ack=      35/s shed=      0/s inflight=    0 | e2e p50=  13.76 p99=  121.34 ms | pushRTT p50=  5.92 p99=  32.13 ms | lag=0 | err push=0 pop=0 ack=0 (429=0 403=0 5xx=0 to=0 conn=0) empty=94 cross=0 gor=66
[16:41:54 load ] offered=      35/s push=      35/s pop=      35/s ack=      35/s shed=      0/s inflight=    0 | e2e p50=  13.38 p99=  100.86 ms | pushRTT p50=  5.86 p99=  29.57 ms | lag=0 | err push=0 pop=0 ack=0 (429=0 403=0 5xx=0 to=0 conn=0) empty=94 cross=0 gor=66
[16:46:54 load ] offered=      35/s push=      35/s pop=      35/s ack=      35/s shed=      0/s inflight=    0 | e2e p50=  13.76 p99=  146.43 ms | pushRTT p50=  6.18 p99=  35.07 ms | lag=0 | err push=0 pop=0 ack=0 (429=0 403=0 5xx=0 to=0 conn=0) empty=94 cross=0 gor=66
[16:51:54 load ] offered=      35/s push=      35/s pop=      35/s ack=      35/s shed=      0/s inflight=    0 | e2e p50=  12.99 p99=   60.67 ms | pushRTT p50=  5.66 p99=  24.19 ms | lag=0 | err push=0 pop=0 ack=0 (429=0 403=0 5xx=0 to=0 conn=0) empty=94 cross=0 gor=66
[16:56:54 load ] offered=      35/s push=      35/s pop=      35/s ack=      35/s shed=      0/s inflight=    0 | e2e p50=  13.12 p99=  107.01 ms | pushRTT p50=  5.73 p99=  34.05 ms | lag=0 | err push=0 pop=0 ack=0 (429=0 403=0 5xx=0 to=0 conn=0) empty=95 cross=0 gor=66
[17:01:54 load ] offered=      35/s push=      35/s pop=      35/s ack=      35/s shed=      0/s inflight=    0 | e2e p50=  13.89 p99=  127.49 ms | pushRTT p50=  6.11 p99=  31.87 ms | lag=0 | err push=0 pop=0 ack=0 (429=0 403=0 5xx=0 to=0 conn=0) empty=97 cross=0 gor=66
[17:06:54 load ] offered=      35/s push=      35/s pop=      35/s ack=      35/s shed=      0/s inflight=    0 | e2e p50=  13.25 p99=   84.48 ms | pushRTT p50=  5.79 p99=  27.52 ms | lag=0 | err push=0 pop=0 ack=0 (429=0 403=0 5xx=0 to=0 conn=0) empty=99 cross=0 gor=66
[17:11:54 load ] offered=      35/s push=      35/s pop=      35/s ack=      35/s shed=      0/s inflight=    0 | e2e p50=  13.25 p99=   95.74 ms | pushRTT p50=  5.79 p99=  28.54 ms | lag=0 | err push=0 pop=0 ack=0 (429=0 403=0 5xx=0 to=0 conn=0) empty=101 cross=0 gor=66
[17:16:54 load ] offered=      35/s push=      35/s pop=      35/s ack=      35/s shed=      0/s inflight=    0 | e2e p50=  15.17 p99=  185.34 ms | pushRTT p50=  6.62 p99=  40.70 ms | lag=0 | err push=0 pop=0 ack=0 (429=0 403=0 5xx=0 to=0 conn=0) empty=103 cross=0 gor=66
[17:21:54 load ] offered=      35/s push=      35/s pop=      35/s ack=      35/s shed=      0/s inflight=    0 | e2e p50=  13.38 p99=  160.77 ms | pushRTT p50=  5.92 p99=  31.62 ms | lag=2 | err push=0 pop=0 ack=0 (429=0 403=0 5xx=0 to=0 conn=0) empty=105 cross=0 gor=66
[17:26:54 load ] offered=      35/s push=      35/s pop=      35/s ack=      35/s shed=      0/s inflight=    0 | e2e p50=  13.25 p99=  164.86 ms | pushRTT p50=  5.79 p99=  40.19 ms | lag=0 | err push=0 pop=0 ack=0 (429=0 403=0 5xx=0 to=0 conn=0) empty=108 cross=0 gor=66
[17:31:54 load ] offered=      35/s push=      35/s pop=      35/s ack=      35/s shed=      0/s inflight=    0 | e2e p50=  13.25 p99=   79.36 ms | pushRTT p50=  5.73 p99=  27.52 ms | lag=0 | err push=0 pop=0 ack=0 (429=0 403=0 5xx=0 to=0 conn=0) empty=111 cross=0 gor=66
[17:36:54 load ] offered=      35/s push=      35/s pop=      35/s ack=      35/s shed=      0/s inflight=    0 | e2e p50=  13.63 p99=  116.22 ms | pushRTT p50=  5.92 p99=  39.17 ms | lag=0 | err push=0 pop=0 ack=0 (429=0 403=0 5xx=0 to=0 conn=0) empty=116 cross=0 gor=66
[17:41:54 load ] offered=      35/s push=      35/s pop=      35/s ack=      35/s shed=      0/s inflight=    0 | e2e p50=  12.99 p99=  171.01 ms | pushRTT p50=  5.79 p99=  28.29 ms | lag=6 | err push=0 pop=0 ack=0 (429=0 403=0 5xx=0 to=0 conn=0) empty=121 cross=0 gor=66
[17:46:54 load ] offered=      35/s push=      35/s pop=      35/s ack=      35/s shed=      0/s inflight=    0 | e2e p50=  15.04 p99=  191.49 ms | pushRTT p50=  6.69 p99=  43.78 ms | lag=0 | err push=0 pop=0 ack=0 (429=0 403=0 5xx=0 to=0 conn=0) empty=123 cross=0 gor=66
[17:51:54 load ] offered=      35/s push=      35/s pop=      35/s ack=      35/s shed=      0/s inflight=    0 | e2e p50=  13.50 p99=  148.48 ms | pushRTT p50=  6.05 p99=  35.07 ms | lag=0 | err push=0 pop=0 ack=0 (429=0 403=0 5xx=0 to=0 conn=0) empty=123 cross=0 gor=66
[17:56:54 load ] offered=      35/s push=      35/s pop=      35/s ack=      35/s shed=      0/s inflight=    0 | e2e p50=  13.63 p99=   84.48 ms | pushRTT p50=  6.05 p99=  30.08 ms | lag=0 | err push=0 pop=0 ack=0 (429=0 403=0 5xx=0 to=0 conn=0) empty=123 cross=0 gor=70
[18:01:54 load ] offered=      35/s push=      35/s pop=      35/s ack=      35/s shed=      0/s inflight=    0 | e2e p50=  13.63 p99=  179.20 ms | pushRTT p50=  6.05 p99=  27.78 ms | lag=0 | err push=0 pop=0 ack=0 (429=0 403=0 5xx=0 to=0 conn=0) empty=123 cross=0 gor=66
[18:06:54 load ] offered=      35/s push=      35/s pop=      35/s ack=      35/s shed=      0/s inflight=    0 | e2e p50=  13.50 p99=  129.54 ms | pushRTT p50=  6.11 p99=  35.07 ms | lag=0 | err push=0 pop=0 ack=0 (429=0 403=0 5xx=0 to=0 conn=0) empty=124 cross=0 gor=66
[18:11:54 load ] offered=      35/s push=      35/s pop=      35/s ack=      35/s shed=      0/s inflight=    0 | e2e p50=  13.89 p99=   99.84 ms | pushRTT p50=  6.18 p99=  32.13 ms | lag=0 | err push=0 pop=0 ack=0 (429=0 403=0 5xx=0 to=0 conn=0) empty=125 cross=0 gor=66
[18:16:54 load ] offered=      35/s push=      35/s pop=      35/s ack=      35/s shed=      0/s inflight=    0 | e2e p50=  17.54 p99=  152.58 ms | pushRTT p50=  7.97 p99=  48.38 ms | lag=0 | err push=0 pop=0 ack=0 (429=0 403=0 5xx=0 to=0 conn=0) empty=126 cross=0 gor=66
[18:21:54 load ] offered=      35/s push=      35/s pop=      35/s ack=      35/s shed=      0/s inflight=    0 | e2e p50=  15.68 p99=  199.68 ms | pushRTT p50=  6.94 p99=  43.26 ms | lag=0 | err push=0 pop=0 ack=0 (429=0 403=0 5xx=0 to=0 conn=0) empty=129 cross=0 gor=66
[18:26:54 load ] offered=      35/s push=      35/s pop=      35/s ack=      35/s shed=      0/s inflight=    0 | e2e p50=  13.76 p99=   81.41 ms | pushRTT p50=  6.05 p99=  30.85 ms | lag=0 | err push=0 pop=0 ack=0 (429=0 403=0 5xx=0 to=0 conn=0) empty=136 cross=0 gor=66
[18:31:54 load ] offered=      35/s push=      35/s pop=      35/s ack=      35/s shed=      0/s inflight=    0 | e2e p50=  12.86 p99=  115.20 ms | pushRTT p50=  5.60 p99=  25.98 ms | lag=0 | err push=0 pop=0 ack=0 (429=0 403=0 5xx=0 to=0 conn=0) empty=141 cross=0 gor=66
[18:36:54 load ] offered=      35/s push=      35/s pop=      35/s ack=      35/s shed=      0/s inflight=    0 | e2e p50=  13.76 p99=  146.43 ms | pushRTT p50=  5.98 p99=  35.07 ms | lag=0 | err push=0 pop=0 ack=0 (429=0 403=0 5xx=0 to=0 conn=0) empty=147 cross=0 gor=66
[18:41:54 load ] offered=      35/s push=      35/s pop=      35/s ack=      35/s shed=      0/s inflight=    0 | e2e p50=  13.38 p99=  120.32 ms | pushRTT p50=  5.79 p99=  28.54 ms | lag=0 | err push=0 pop=0 ack=0 (429=0 403=0 5xx=0 to=0 conn=0) empty=150 cross=0 gor=66
[18:46:54 load ] offered=      35/s push=      35/s pop=      35/s ack=      35/s shed=      0/s inflight=    0 | e2e p50=  15.17 p99=  181.25 ms | pushRTT p50=  6.82 p99=  50.43 ms | lag=0 | err push=0 pop=0 ack=0 (429=0 403=0 5xx=0 to=0 conn=0) empty=152 cross=0 gor=66
[18:51:54 load ] offered=      35/s push=      35/s pop=      35/s ack=      35/s shed=      0/s inflight=    0 | e2e p50=  13.12 p99=  118.27 ms | pushRTT p50=  5.66 p99=  27.78 ms | lag=0 | err push=0 pop=0 ack=0 (429=0 403=0 5xx=0 to=0 conn=0) empty=155 cross=0 gor=66
[18:56:54 load ] offered=      35/s push=      35/s pop=      35/s ack=      35/s shed=      0/s inflight=    0 | e2e p50=  12.99 p99=  107.01 ms | pushRTT p50=  5.66 p99=  29.82 ms | lag=0 | err push=0 pop=0 ack=0 (429=0 403=0 5xx=0 to=0 conn=0) empty=158 cross=0 gor=66
[19:01:54 load ] offered=      35/s push=      35/s pop=      35/s ack=      35/s shed=      0/s inflight=    0 | e2e p50=  13.25 p99=  103.94 ms | pushRTT p50=  5.92 p99=  27.52 ms | lag=0 | err push=0 pop=0 ack=0 (429=0 403=0 5xx=0 to=0 conn=0) empty=160 cross=0 gor=66
[19:06:54 load ] offered=      35/s push=      35/s pop=      35/s ack=      35/s shed=      0/s inflight=    0 | e2e p50=  14.91 p99=  148.48 ms | pushRTT p50=  6.62 p99=  38.66 ms | lag=0 | err push=0 pop=0 ack=0 (429=0 403=0 5xx=0 to=0 conn=0) empty=161 cross=0 gor=66
[19:11:54 load ] offered=      35/s push=      35/s pop=      35/s ack=      35/s shed=      0/s inflight=    0 | e2e p50=  13.38 p99=   86.53 ms | pushRTT p50=  5.98 p99=  29.82 ms | lag=0 | err push=0 pop=0 ack=0 (429=0 403=0 5xx=0 to=0 conn=0) empty=161 cross=0 gor=66
[19:16:54 load ] offered=      35/s push=      35/s pop=      35/s ack=      35/s shed=      0/s inflight=    0 | e2e p50=  16.19 p99=  173.06 ms | pushRTT p50=  7.20 p99=  45.82 ms | lag=0 | err push=0 pop=0 ack=0 (429=0 403=0 5xx=0 to=0 conn=0) empty=162 cross=0 gor=66
[19:21:54 load ] offered=      35/s push=      35/s pop=      35/s ack=      35/s shed=      0/s inflight=    0 | e2e p50=  13.25 p99=  109.06 ms | pushRTT p50=  5.92 p99=  27.78 ms | lag=0 | err push=0 pop=0 ack=0 (429=0 403=0 5xx=0 to=0 conn=0) empty=163 cross=0 gor=66
[19:26:54 load ] offered=      35/s push=      35/s pop=      35/s ack=      35/s shed=      0/s inflight=    0 | e2e p50=  14.91 p99=  166.91 ms | pushRTT p50=  6.56 p99=  49.41 ms | lag=0 | err push=0 pop=0 ack=0 (429=0 403=0 5xx=0 to=0 conn=0) empty=164 cross=0 gor=66
[19:31:54 load ] offered=      35/s push=      35/s pop=      35/s ack=      35/s shed=      0/s inflight=    0 | e2e p50=  14.66 p99=  115.20 ms | pushRTT p50=  6.50 p99=  30.85 ms | lag=0 | err push=0 pop=0 ack=0 (429=0 403=0 5xx=0 to=0 conn=0) empty=165 cross=0 gor=66
[19:36:54 load ] offered=      35/s push=      35/s pop=      35/s ack=      35/s shed=      0/s inflight=    0 | e2e p50=  15.81 p99=  160.77 ms | pushRTT p50=  7.14 p99=  43.78 ms | lag=0 | err push=0 pop=0 ack=0 (429=0 403=0 5xx=0 to=0 conn=0) empty=166 cross=0 gor=66
[19:41:54 load ] offered=      35/s push=      35/s pop=      35/s ack=      35/s shed=      0/s inflight=    0 | e2e p50=  15.68 p99=   94.72 ms | pushRTT p50=  7.20 p99=  37.63 ms | lag=1 | err push=0 pop=0 ack=0 (429=0 403=0 5xx=0 to=0 conn=0) empty=166 cross=0 gor=66
[19:46:54 load ] offered=      35/s push=      35/s pop=      35/s ack=      35/s shed=      0/s inflight=    0 | e2e p50=  17.79 p99=  136.19 ms | pushRTT p50=  8.26 p99=  54.02 ms | lag=0 | err push=0 pop=0 ack=0 (429=0 403=0 5xx=0 to=0 conn=0) empty=166 cross=0 gor=66
[19:51:54 load ] offered=      35/s push=      35/s pop=      35/s ack=      35/s shed=      0/s inflight=    0 | e2e p50=  15.42 p99=   97.79 ms | pushRTT p50=  6.94 p99=  33.02 ms | lag=0 | err push=0 pop=0 ack=0 (429=0 403=0 5xx=0 to=0 conn=0) empty=166 cross=0 gor=66
[19:56:54 load ] offered=      35/s push=      35/s pop=      35/s ack=      35/s shed=      0/s inflight=    0 | e2e p50=  16.32 p99=  156.67 ms | pushRTT p50=  7.33 p99=  42.75 ms | lag=0 | err push=0 pop=0 ack=0 (429=0 403=0 5xx=0 to=0 conn=0) empty=166 cross=0 gor=66
[20:01:54 load ] offered=      35/s push=      35/s pop=      35/s ack=      35/s shed=      0/s inflight=    0 | e2e p50=  15.81 p99=   91.65 ms | pushRTT p50=  6.94 p99=  33.02 ms | lag=1 | err push=0 pop=0 ack=0 (429=0 403=0 5xx=0 to=0 conn=0) empty=166 cross=0 gor=66
[20:06:54 load ] offered=      35/s push=      35/s pop=      35/s ack=      35/s shed=      0/s inflight=    0 | e2e p50=  16.51 p99=   97.79 ms | pushRTT p50=  7.33 p99=  43.26 ms | lag=0 | err push=0 pop=0 ack=0 (429=0 403=0 5xx=0 to=0 conn=0) empty=166 cross=0 gor=66
[20:11:54 load ] offered=      35/s push=      35/s pop=      35/s ack=      35/s shed=      0/s inflight=    0 | e2e p50=  39.17 p99=  561.15 ms | pushRTT p50= 15.81 p99= 132.10 ms | lag=4 | err push=0 pop=0 ack=0 (429=0 403=0 5xx=0 to=0 conn=0) empty=166 cross=0 gor=80
