goload -mode cloud [pro-q13] -> http://10.114.0.2:6711
  active partitions: 5000 of 5000 per queue (100.000%)
  target=proxy tenants=7 sharedQueue=true queue="pro-q13" group="workers" partitions=5000 brokerTenantHeader=false
  offered=35.0 msg/s total (5.00/tenant) push-batch=1 -> 5.00 req/s per tenant across 1 producer(s) | max-inflight=256
  consumers=2/tenant popBatch=100 popWait=true autoAck=false | payload=256B | duration=2592000s drain=60s | idleConns=8/client verify=true
[configure] 7 queue(s) configured in 0.38s
[11:16:54 load ] offered=      35/s push=      35/s pop=      35/s ack=      35/s shed=      0/s inflight=    0 | e2e p50=  11.97 p99=   74.24 ms | pushRTT p50=  5.41 p99=  38.14 ms | lag=0 | err push=0 pop=0 ack=0 (429=0 403=0 5xx=0 to=0 conn=0) empty=1 cross=0 gor=66
[11:21:54 load ] offered=      35/s push=      35/s pop=      35/s ack=      35/s shed=      0/s inflight=    0 | e2e p50=  13.12 p99=   81.41 ms | pushRTT p50=  5.73 p99=  31.62 ms | lag=0 | err push=0 pop=0 ack=0 (429=0 403=0 5xx=0 to=0 conn=0) empty=2 cross=0 gor=66
[11:26:54 load ] offered=      35/s push=      35/s pop=      35/s ack=      35/s shed=      0/s inflight=    0 | e2e p50=  13.38 p99=   92.67 ms | pushRTT p50=  5.79 p99=  33.02 ms | lag=0 | err push=0 pop=0 ack=0 (429=0 403=0 5xx=0 to=0 conn=0) empty=2 cross=0 gor=66
[11:31:54 load ] offered=      35/s push=      35/s pop=      35/s ack=      35/s shed=      0/s inflight=    0 | e2e p50=  12.86 p99=   89.60 ms | pushRTT p50=  5.28 p99=  26.75 ms | lag=0 | err push=0 pop=0 ack=0 (429=0 403=0 5xx=0 to=0 conn=0) empty=3 cross=0 gor=66
[11:36:54 load ] offered=      35/s push=      35/s pop=      35/s ack=      35/s shed=      0/s inflight=    0 | e2e p50=  12.61 p99=   88.58 ms | pushRTT p50=  5.09 p99=  23.94 ms | lag=0 | err push=0 pop=0 ack=0 (429=0 403=0 5xx=0 to=0 conn=0) empty=3 cross=0 gor=66
[11:41:54 load ] offered=      35/s push=      35/s pop=      35/s ack=      35/s shed=      0/s inflight=    0 | e2e p50=  12.99 p99=  144.38 ms | pushRTT p50=  5.28 p99=  29.06 ms | lag=0 | err push=0 pop=0 ack=0 (429=0 403=0 5xx=0 to=0 conn=0) empty=3 cross=0 gor=66
[11:46:54 load ] offered=      35/s push=      35/s pop=      35/s ack=      35/s shed=      0/s inflight=    0 | e2e p50=  12.86 p99=   55.55 ms | pushRTT p50=  5.22 p99=  23.94 ms | lag=0 | err push=0 pop=0 ack=0 (429=0 403=0 5xx=0 to=0 conn=0) empty=3 cross=0 gor=66
[11:51:54 load ] offered=      35/s push=      35/s pop=      35/s ack=      35/s shed=      0/s inflight=    0 | e2e p50=  12.99 p99=  117.25 ms | pushRTT p50=  5.28 p99=  28.80 ms | lag=0 | err push=0 pop=0 ack=0 (429=0 403=0 5xx=0 to=0 conn=0) empty=3 cross=0 gor=66
[11:56:54 load ] offered=      35/s push=      35/s pop=      35/s ack=      35/s shed=      0/s inflight=    0 | e2e p50=  13.38 p99=   81.41 ms | pushRTT p50=  5.41 p99=  25.47 ms | lag=0 | err push=0 pop=0 ack=0 (429=0 403=0 5xx=0 to=0 conn=0) empty=3 cross=0 gor=66
[12:01:54 load ] offered=      35/s push=      35/s pop=      35/s ack=      35/s shed=      0/s inflight=    0 | e2e p50=  13.89 p99=  112.13 ms | pushRTT p50=  5.73 p99=  28.54 ms | lag=0 | err push=0 pop=0 ack=0 (429=0 403=0 5xx=0 to=0 conn=0) empty=3 cross=0 gor=66
[12:06:54 load ] offered=      35/s push=      35/s pop=      35/s ack=      35/s shed=      0/s inflight=    0 | e2e p50=  13.12 p99=   71.17 ms | pushRTT p50=  5.34 p99=  27.26 ms | lag=0 | err push=0 pop=0 ack=0 (429=0 403=0 5xx=0 to=0 conn=0) empty=4 cross=0 gor=66
[12:11:54 load ] offered=      35/s push=      35/s pop=      35/s ack=      35/s shed=      0/s inflight=    0 | e2e p50=  12.86 p99=  107.01 ms | pushRTT p50=  5.34 p99=  28.29 ms | lag=0 | err push=0 pop=0 ack=0 (429=0 403=0 5xx=0 to=0 conn=0) empty=5 cross=0 gor=66
[12:16:54 load ] offered=      35/s push=      35/s pop=      35/s ack=      35/s shed=      0/s inflight=    0 | e2e p50=  13.25 p99=   67.07 ms | pushRTT p50=  5.54 p99=  24.96 ms | lag=0 | err push=0 pop=0 ack=0 (429=0 403=0 5xx=0 to=0 conn=0) empty=6 cross=0 gor=66
[12:21:54 load ] offered=      35/s push=      35/s pop=      35/s ack=      35/s shed=      0/s inflight=    0 | e2e p50=  13.25 p99=   96.77 ms | pushRTT p50=  5.54 p99=  27.01 ms | lag=0 | err push=0 pop=0 ack=0 (429=0 403=0 5xx=0 to=0 conn=0) empty=6 cross=0 gor=66
[12:26:54 load ] offered=      35/s push=      35/s pop=      35/s ack=      35/s shed=      0/s inflight=    0 | e2e p50=  12.86 p99=   79.36 ms | pushRTT p50=  5.41 p99=  24.96 ms | lag=0 | err push=0 pop=0 ack=0 (429=0 403=0 5xx=0 to=0 conn=0) empty=7 cross=0 gor=66
[12:31:54 load ] offered=      35/s push=      35/s pop=      35/s ack=      35/s shed=      0/s inflight=    0 | e2e p50=  12.74 p99=   57.09 ms | pushRTT p50=  5.41 p99=  25.47 ms | lag=0 | err push=0 pop=0 ack=0 (429=0 403=0 5xx=0 to=0 conn=0) empty=10 cross=0 gor=66
[12:36:54 load ] offered=      35/s push=      35/s pop=      35/s ack=      35/s shed=      0/s inflight=    0 | e2e p50=  13.25 p99=   81.41 ms | pushRTT p50=  5.54 p99=  25.98 ms | lag=0 | err push=0 pop=0 ack=0 (429=0 403=0 5xx=0 to=0 conn=0) empty=10 cross=0 gor=66
[12:41:54 load ] offered=      35/s push=      35/s pop=      35/s ack=      35/s shed=      0/s inflight=    0 | e2e p50=  13.38 p99=   82.43 ms | pushRTT p50=  5.54 p99=  27.52 ms | lag=3 | err push=0 pop=0 ack=0 (429=0 403=0 5xx=0 to=0 conn=0) empty=10 cross=0 gor=66
[12:46:54 load ] offered=      35/s push=      35/s pop=      35/s ack=      35/s shed=      0/s inflight=    0 | e2e p50=  13.38 p99=   94.72 ms | pushRTT p50=  5.47 p99=  27.01 ms | lag=0 | err push=0 pop=0 ack=0 (429=0 403=0 5xx=0 to=0 conn=0) empty=10 cross=0 gor=66
[12:51:54 load ] offered=      35/s push=      35/s pop=      35/s ack=      35/s shed=      0/s inflight=    0 | e2e p50=  13.12 p99=  113.15 ms | pushRTT p50=  5.34 p99=  24.96 ms | lag=0 | err push=0 pop=0 ack=0 (429=0 403=0 5xx=0 to=0 conn=0) empty=12 cross=0 gor=66
[12:56:54 load ] offered=      35/s push=      35/s pop=      35/s ack=      35/s shed=      0/s inflight=    0 | e2e p50=  12.99 p99=   96.77 ms | pushRTT p50=  5.28 p99=  23.94 ms | lag=0 | err push=0 pop=0 ack=0 (429=0 403=0 5xx=0 to=0 conn=0) empty=18 cross=0 gor=66
[13:01:54 load ] offered=      35/s push=      35/s pop=      35/s ack=      35/s shed=      0/s inflight=    0 | e2e p50=  14.02 p99=  120.32 ms | pushRTT p50=  5.86 p99=  28.80 ms | lag=3 | err push=0 pop=0 ack=0 (429=0 403=0 5xx=0 to=0 conn=0) empty=25 cross=0 gor=66
[13:06:54 load ] offered=      35/s push=      35/s pop=      35/s ack=      35/s shed=      0/s inflight=    0 | e2e p50=  13.50 p99=   66.05 ms | pushRTT p50=  5.60 p99=  27.26 ms | lag=0 | err push=0 pop=0 ack=0 (429=0 403=0 5xx=0 to=0 conn=0) empty=37 cross=0 gor=66
[13:11:54 load ] offered=      35/s push=      35/s pop=      35/s ack=      35/s shed=      0/s inflight=    7 | e2e p50=  13.63 p99=  113.15 ms | pushRTT p50=  5.73 p99=  32.38 ms | lag=7 | err push=0 pop=0 ack=0 (429=0 403=0 5xx=0 to=0 conn=0) empty=46 cross=0 gor=75
[13:16:54 load ] offered=      35/s push=      35/s pop=      35/s ack=      35/s shed=      0/s inflight=    0 | e2e p50=  13.76 p99=   93.70 ms | pushRTT p50=  5.73 p99=  30.34 ms | lag=0 | err push=0 pop=0 ack=0 (429=0 403=0 5xx=0 to=0 conn=0) empty=46 cross=0 gor=66
[13:21:54 load ] offered=      35/s push=      35/s pop=      35/s ack=      35/s shed=      0/s inflight=    0 | e2e p50=  13.63 p99=   80.38 ms | pushRTT p50=  5.60 p99=  27.01 ms | lag=0 | err push=0 pop=0 ack=0 (429=0 403=0 5xx=0 to=0 conn=0) empty=46 cross=0 gor=66
[13:26:54 load ] offered=      35/s push=      35/s pop=      35/s ack=      35/s shed=      0/s inflight=    0 | e2e p50=  12.99 p99=   85.50 ms | pushRTT p50=  5.28 p99=  26.75 ms | lag=0 | err push=0 pop=0 ack=0 (429=0 403=0 5xx=0 to=0 conn=0) empty=46 cross=0 gor=66
[13:31:54 load ] offered=      35/s push=      35/s pop=      35/s ack=      35/s shed=      0/s inflight=    0 | e2e p50=  13.38 p99=   76.29 ms | pushRTT p50=  5.47 p99=  26.75 ms | lag=0 | err push=0 pop=0 ack=0 (429=0 403=0 5xx=0 to=0 conn=0) empty=46 cross=0 gor=66
[13:36:54 load ] offered=      35/s push=      35/s pop=      35/s ack=      35/s shed=      0/s inflight=    0 | e2e p50=  13.38 p99=  105.98 ms | pushRTT p50=  5.60 p99=  28.03 ms | lag=0 | err push=0 pop=0 ack=0 (429=0 403=0 5xx=0 to=0 conn=0) empty=46 cross=0 gor=66
[13:41:54 load ] offered=      35/s push=      35/s pop=      35/s ack=      35/s shed=      0/s inflight=    0 | e2e p50=  13.50 p99=   96.77 ms | pushRTT p50=  5.60 p99=  27.52 ms | lag=0 | err push=0 pop=0 ack=0 (429=0 403=0 5xx=0 to=0 conn=0) empty=46 cross=0 gor=66
[13:46:54 load ] offered=      35/s push=      35/s pop=      35/s ack=      35/s shed=      0/s inflight=    0 | e2e p50=  13.89 p99=  148.48 ms | pushRTT p50=  5.92 p99=  33.02 ms | lag=0 | err push=0 pop=0 ack=0 (429=0 403=0 5xx=0 to=0 conn=0) empty=46 cross=0 gor=66
[13:51:54 load ] offered=      35/s push=      35/s pop=      35/s ack=      35/s shed=      0/s inflight=    0 | e2e p50=  14.02 p99=  128.51 ms | pushRTT p50=  5.86 p99=  28.29 ms | lag=0 | err push=0 pop=0 ack=0 (429=0 403=0 5xx=0 to=0 conn=0) empty=46 cross=0 gor=66
[13:56:54 load ] offered=      35/s push=      35/s pop=      35/s ack=      35/s shed=      0/s inflight=    0 | e2e p50=  12.86 p99=   85.50 ms | pushRTT p50=  5.41 p99=  26.50 ms | lag=0 | err push=0 pop=0 ack=0 (429=0 403=0 5xx=0 to=0 conn=0) empty=47 cross=0 gor=66
[14:01:54 load ] offered=      35/s push=      35/s pop=      35/s ack=      35/s shed=      0/s inflight=    0 | e2e p50=  14.40 p99=  111.10 ms | pushRTT p50=  6.05 p99=  29.57 ms | lag=0 | err push=0 pop=0 ack=0 (429=0 403=0 5xx=0 to=0 conn=0) empty=47 cross=0 gor=66
[14:06:54 load ] offered=      35/s push=      35/s pop=      35/s ack=      35/s shed=      0/s inflight=    0 | e2e p50=  13.76 p99=  123.39 ms | pushRTT p50=  5.86 p99=  34.56 ms | lag=0 | err push=0 pop=0 ack=0 (429=0 403=0 5xx=0 to=0 conn=0) empty=47 cross=0 gor=66
[14:11:54 load ] offered=      35/s push=      35/s pop=      35/s ack=      35/s shed=      0/s inflight=    0 | e2e p50=  12.86 p99=  146.43 ms | pushRTT p50=  5.54 p99=  31.36 ms | lag=0 | err push=0 pop=0 ack=0 (429=0 403=0 5xx=0 to=0 conn=0) empty=48 cross=0 gor=66
[14:16:54 load ] offered=      35/s push=      35/s pop=      35/s ack=      35/s shed=      0/s inflight=    0 | e2e p50=  13.76 p99=   68.10 ms | pushRTT p50=  5.92 p99=  29.06 ms | lag=0 | err push=0 pop=0 ack=0 (429=0 403=0 5xx=0 to=0 conn=0) empty=48 cross=0 gor=66
[14:21:54 load ] offered=      35/s push=      35/s pop=      35/s ack=      35/s shed=      0/s inflight=    0 | e2e p50=  13.12 p99=  142.34 ms | pushRTT p50=  5.54 p99=  29.82 ms | lag=0 | err push=0 pop=0 ack=0 (429=0 403=0 5xx=0 to=0 conn=0) empty=49 cross=0 gor=80
[14:26:54 load ] offered=      35/s push=      35/s pop=      35/s ack=      35/s shed=      0/s inflight=    0 | e2e p50=  12.86 p99=   97.79 ms | pushRTT p50=  5.41 p99=  25.98 ms | lag=0 | err push=0 pop=0 ack=0 (429=0 403=0 5xx=0 to=0 conn=0) empty=50 cross=0 gor=66
[14:31:54 load ] offered=      35/s push=      35/s pop=      35/s ack=      35/s shed=      0/s inflight=    0 | e2e p50=  12.48 p99=   56.06 ms | pushRTT p50=  5.22 p99=  25.22 ms | lag=0 | err push=0 pop=0 ack=0 (429=0 403=0 5xx=0 to=0 conn=0) empty=51 cross=0 gor=66
[14:36:54 load ] offered=      35/s push=      35/s pop=      35/s ack=      35/s shed=      0/s inflight=    0 | e2e p50=  12.99 p99=  166.91 ms | pushRTT p50=  5.41 p99=  31.10 ms | lag=0 | err push=0 pop=0 ack=0 (429=0 403=0 5xx=0 to=0 conn=0) empty=51 cross=0 gor=66
[14:41:54 load ] offered=      35/s push=      35/s pop=      35/s ack=      35/s shed=      0/s inflight=    0 | e2e p50=  13.38 p99=   98.82 ms | pushRTT p50=  5.66 p99=  28.80 ms | lag=0 | err push=0 pop=0 ack=0 (429=0 403=0 5xx=0 to=0 conn=0) empty=51 cross=0 gor=66
[14:46:54 load ] offered=      35/s push=      35/s pop=      35/s ack=      35/s shed=      0/s inflight=    0 | e2e p50=  14.14 p99=   81.41 ms | pushRTT p50=  5.98 p99=  31.87 ms | lag=3 | err push=0 pop=0 ack=0 (429=0 403=0 5xx=0 to=0 conn=0) empty=51 cross=0 gor=66
[14:51:54 load ] offered=      35/s push=      35/s pop=      35/s ack=      35/s shed=      0/s inflight=    0 | e2e p50=  13.76 p99=  146.43 ms | pushRTT p50=  5.79 p99=  31.62 ms | lag=0 | err push=0 pop=0 ack=0 (429=0 403=0 5xx=0 to=0 conn=0) empty=52 cross=0 gor=66
[14:56:54 load ] offered=      35/s push=      35/s pop=      35/s ack=      35/s shed=      0/s inflight=    0 | e2e p50=  13.38 p99=   76.29 ms | pushRTT p50=  5.60 p99=  27.01 ms | lag=0 | err push=0 pop=0 ack=0 (429=0 403=0 5xx=0 to=0 conn=0) empty=52 cross=0 gor=66
[15:01:54 load ] offered=      35/s push=      35/s pop=      35/s ack=      35/s shed=      0/s inflight=    0 | e2e p50=  14.78 p99=  142.34 ms | pushRTT p50=  6.24 p99=  31.62 ms | lag=0 | err push=0 pop=0 ack=0 (429=0 403=0 5xx=0 to=0 conn=0) empty=53 cross=0 gor=66
[15:06:54 load ] offered=      35/s push=      35/s pop=      35/s ack=      35/s shed=      0/s inflight=    0 | e2e p50=  12.74 p99=   96.77 ms | pushRTT p50=  5.47 p99=  30.59 ms | lag=0 | err push=0 pop=0 ack=0 (429=0 403=0 5xx=0 to=0 conn=0) empty=63 cross=0 gor=66
[15:11:54 load ] offered=      35/s push=      35/s pop=      35/s ack=      35/s shed=      0/s inflight=    0 | e2e p50=  12.48 p99=   85.50 ms | pushRTT p50=  5.41 p99=  25.22 ms | lag=0 | err push=0 pop=0 ack=0 (429=0 403=0 5xx=0 to=0 conn=0) empty=75 cross=0 gor=66
[15:16:54 load ] offered=      35/s push=      35/s pop=      35/s ack=      35/s shed=      0/s inflight=    0 | e2e p50=  13.50 p99=  154.62 ms | pushRTT p50=  5.73 p99=  34.05 ms | lag=0 | err push=0 pop=0 ack=0 (429=0 403=0 5xx=0 to=0 conn=0) empty=93 cross=0 gor=66
[15:21:54 load ] offered=      35/s push=      35/s pop=      35/s ack=      35/s shed=      0/s inflight=    0 | e2e p50=  12.61 p99=   95.74 ms | pushRTT p50=  5.34 p99=  30.59 ms | lag=0 | err push=0 pop=0 ack=0 (429=0 403=0 5xx=0 to=0 conn=0) empty=110 cross=0 gor=80
[15:26:54 load ] offered=      35/s push=      35/s pop=      35/s ack=      35/s shed=      0/s inflight=    0 | e2e p50=  12.61 p99=   68.10 ms | pushRTT p50=  5.28 p99=  25.47 ms | lag=0 | err push=0 pop=0 ack=0 (429=0 403=0 5xx=0 to=0 conn=0) empty=125 cross=0 gor=66
[15:31:54 load ] offered=      35/s push=      35/s pop=      35/s ack=      35/s shed=      0/s inflight=    0 | e2e p50=  12.86 p99=   95.74 ms | pushRTT p50=  5.41 p99=  25.73 ms | lag=3 | err push=0 pop=0 ack=0 (429=0 403=0 5xx=0 to=0 conn=0) empty=147 cross=0 gor=66
[15:36:54 load ] offered=      35/s push=      35/s pop=      35/s ack=      35/s shed=      0/s inflight=    3 | e2e p50=  13.25 p99=  118.27 ms | pushRTT p50=  5.60 p99=  27.01 ms | lag=0 | err push=0 pop=0 ack=0 (429=0 403=0 5xx=0 to=0 conn=0) empty=159 cross=0 gor=69
[15:41:54 load ] offered=      35/s push=      35/s pop=      35/s ack=      35/s shed=      0/s inflight=    0 | e2e p50=  13.25 p99=   81.41 ms | pushRTT p50=  5.60 p99=  30.34 ms | lag=1 | err push=0 pop=0 ack=0 (429=0 403=0 5xx=0 to=0 conn=0) empty=163 cross=0 gor=66
[15:46:54 load ] offered=      35/s push=      35/s pop=      35/s ack=      35/s shed=      0/s inflight=    0 | e2e p50=  14.40 p99=  156.67 ms | pushRTT p50=  6.11 p99=  37.63 ms | lag=0 | err push=0 pop=0 ack=0 (429=0 403=0 5xx=0 to=0 conn=0) empty=168 cross=0 gor=66
[15:51:54 load ] offered=      35/s push=      35/s pop=      35/s ack=      35/s shed=      0/s inflight=    0 | e2e p50=  13.38 p99=   80.38 ms | pushRTT p50=  5.54 p99=  32.13 ms | lag=2 | err push=0 pop=0 ack=0 (429=0 403=0 5xx=0 to=0 conn=0) empty=175 cross=0 gor=66
[15:56:54 load ] offered=      35/s push=      35/s pop=      35/s ack=      35/s shed=      0/s inflight=    0 | e2e p50=  13.38 p99=   94.72 ms | pushRTT p50=  5.54 p99=  29.57 ms | lag=3 | err push=0 pop=0 ack=0 (429=0 403=0 5xx=0 to=0 conn=0) empty=178 cross=0 gor=66
[16:01:54 load ] offered=      35/s push=      35/s pop=      35/s ack=      35/s shed=      0/s inflight=    0 | e2e p50=  13.25 p99=   66.05 ms | pushRTT p50=  5.47 p99=  27.01 ms | lag=2 | err push=0 pop=0 ack=0 (429=0 403=0 5xx=0 to=0 conn=0) empty=182 cross=0 gor=66
[16:06:54 load ] offered=      35/s push=      35/s pop=      35/s ack=      35/s shed=      0/s inflight=    0 | e2e p50=  13.38 p99=  156.67 ms | pushRTT p50=  5.54 p99=  36.61 ms | lag=0 | err push=0 pop=0 ack=0 (429=0 403=0 5xx=0 to=0 conn=0) empty=190 cross=0 gor=66
[16:11:54 load ] offered=      35/s push=      35/s pop=      35/s ack=      35/s shed=      0/s inflight=    0 | e2e p50=  13.25 p99=  119.30 ms | pushRTT p50=  5.60 p99=  38.14 ms | lag=0 | err push=0 pop=0 ack=0 (429=0 403=0 5xx=0 to=0 conn=0) empty=203 cross=0 gor=66
[16:16:54 load ] offered=      35/s push=      35/s pop=      35/s ack=      35/s shed=      0/s inflight=    0 | e2e p50=  13.76 p99=   96.77 ms | pushRTT p50=  5.92 p99=  31.10 ms | lag=0 | err push=0 pop=0 ack=0 (429=0 403=0 5xx=0 to=0 conn=0) empty=218 cross=0 gor=66
[16:21:54 load ] offered=      35/s push=      35/s pop=      35/s ack=      35/s shed=      0/s inflight=    0 | e2e p50=  13.12 p99=  116.22 ms | pushRTT p50=  5.54 p99=  28.03 ms | lag=0 | err push=0 pop=0 ack=0 (429=0 403=0 5xx=0 to=0 conn=0) empty=232 cross=0 gor=66
[16:26:54 load ] offered=      35/s push=      35/s pop=      35/s ack=      35/s shed=      0/s inflight=    0 | e2e p50=  13.63 p99=  166.91 ms | pushRTT p50=  5.73 p99=  37.63 ms | lag=0 | err push=0 pop=0 ack=0 (429=0 403=0 5xx=0 to=0 conn=0) empty=248 cross=0 gor=66
[16:31:54 load ] offered=      35/s push=      35/s pop=      35/s ack=      35/s shed=      0/s inflight=    0 | e2e p50=  13.76 p99=  115.20 ms | pushRTT p50=  5.79 p99=  43.26 ms | lag=0 | err push=0 pop=0 ack=0 (429=0 403=0 5xx=0 to=0 conn=0) empty=265 cross=0 gor=66
[16:36:54 load ] offered=      35/s push=      35/s pop=      35/s ack=      35/s shed=      0/s inflight=    0 | e2e p50=  13.89 p99=  122.37 ms | pushRTT p50=  5.92 p99=  36.10 ms | lag=0 | err push=0 pop=0 ack=0 (429=0 403=0 5xx=0 to=0 conn=0) empty=270 cross=0 gor=66
[16:41:54 load ] offered=      35/s push=      35/s pop=      35/s ack=      35/s shed=      0/s inflight=    0 | e2e p50=  13.89 p99=  105.98 ms | pushRTT p50=  6.05 p99=  32.13 ms | lag=1 | err push=0 pop=0 ack=0 (429=0 403=0 5xx=0 to=0 conn=0) empty=272 cross=0 gor=66
[16:46:54 load ] offered=      35/s push=      35/s pop=      35/s ack=      35/s shed=      0/s inflight=    0 | e2e p50=  14.40 p99=  148.48 ms | pushRTT p50=  6.30 p99=  38.14 ms | lag=0 | err push=0 pop=0 ack=0 (429=0 403=0 5xx=0 to=0 conn=0) empty=272 cross=0 gor=66
[16:51:54 load ] offered=      35/s push=      35/s pop=      35/s ack=      35/s shed=      0/s inflight=    0 | e2e p50=  13.76 p99=   61.70 ms | pushRTT p50=  5.73 p99=  26.75 ms | lag=0 | err push=0 pop=0 ack=0 (429=0 403=0 5xx=0 to=0 conn=0) empty=272 cross=0 gor=66
[16:56:54 load ] offered=      35/s push=      35/s pop=      35/s ack=      35/s shed=      0/s inflight=    0 | e2e p50=  14.02 p99=  108.03 ms | pushRTT p50=  5.86 p99=  40.70 ms | lag=0 | err push=0 pop=0 ack=0 (429=0 403=0 5xx=0 to=0 conn=0) empty=272 cross=0 gor=66
[17:01:54 load ] offered=      35/s push=      35/s pop=      35/s ack=      35/s shed=      0/s inflight=    0 | e2e p50=  14.66 p99=  126.46 ms | pushRTT p50=  6.24 p99=  32.38 ms | lag=1 | err push=0 pop=0 ack=0 (429=0 403=0 5xx=0 to=0 conn=0) empty=272 cross=0 gor=66
[17:06:54 load ] offered=      35/s push=      35/s pop=      35/s ack=      35/s shed=      0/s inflight=    0 | e2e p50=  14.02 p99=   88.58 ms | pushRTT p50=  5.79 p99=  28.54 ms | lag=0 | err push=0 pop=0 ack=0 (429=0 403=0 5xx=0 to=0 conn=0) empty=272 cross=0 gor=66
[17:11:54 load ] offered=      35/s push=      35/s pop=      35/s ack=      35/s shed=      0/s inflight=    0 | e2e p50=  14.02 p99=   98.82 ms | pushRTT p50=  5.92 p99=  30.85 ms | lag=0 | err push=0 pop=0 ack=0 (429=0 403=0 5xx=0 to=0 conn=0) empty=272 cross=0 gor=66
[17:16:54 load ] offered=      35/s push=      35/s pop=      35/s ack=      35/s shed=      0/s inflight=    0 | e2e p50=  15.81 p99=  183.30 ms | pushRTT p50=  6.82 p99=  43.26 ms | lag=0 | err push=0 pop=0 ack=0 (429=0 403=0 5xx=0 to=0 conn=0) empty=272 cross=0 gor=66
[17:21:54 load ] offered=      35/s push=      35/s pop=      35/s ack=      35/s shed=      0/s inflight=    0 | e2e p50=  14.27 p99=  162.82 ms | pushRTT p50=  5.98 p99=  33.54 ms | lag=3 | err push=0 pop=0 ack=0 (429=0 403=0 5xx=0 to=0 conn=0) empty=272 cross=0 gor=66
[17:26:54 load ] offered=      35/s push=      35/s pop=      35/s ack=      35/s shed=      0/s inflight=    0 | e2e p50=  14.02 p99=  162.82 ms | pushRTT p50=  5.86 p99=  37.63 ms | lag=0 | err push=0 pop=0 ack=0 (429=0 403=0 5xx=0 to=0 conn=0) empty=272 cross=0 gor=66
[17:31:54 load ] offered=      35/s push=      35/s pop=      35/s ack=      35/s shed=      0/s inflight=    0 | e2e p50=  13.89 p99=   79.36 ms | pushRTT p50=  5.79 p99=  28.29 ms | lag=0 | err push=0 pop=0 ack=0 (429=0 403=0 5xx=0 to=0 conn=0) empty=272 cross=0 gor=66
[17:36:54 load ] offered=      35/s push=      35/s pop=      35/s ack=      35/s shed=      0/s inflight=    0 | e2e p50=  14.27 p99=  122.37 ms | pushRTT p50=  5.98 p99=  41.73 ms | lag=0 | err push=0 pop=0 ack=0 (429=0 403=0 5xx=0 to=0 conn=0) empty=272 cross=0 gor=66
[17:41:54 load ] offered=      35/s push=      35/s pop=      35/s ack=      35/s shed=      0/s inflight=    0 | e2e p50=  13.89 p99=  168.96 ms | pushRTT p50=  5.79 p99=  32.64 ms | lag=7 | err push=0 pop=0 ack=0 (429=0 403=0 5xx=0 to=0 conn=0) empty=272 cross=0 gor=66
[17:46:54 load ] offered=      35/s push=      35/s pop=      35/s ack=      35/s shed=      0/s inflight=    0 | e2e p50=  15.68 p99=  191.49 ms | pushRTT p50=  6.82 p99=  46.34 ms | lag=0 | err push=0 pop=0 ack=0 (429=0 403=0 5xx=0 to=0 conn=0) empty=272 cross=0 gor=66
[17:51:54 load ] offered=      35/s push=      35/s pop=      35/s ack=      35/s shed=      0/s inflight=    0 | e2e p50=  14.40 p99=  144.38 ms | pushRTT p50=  6.11 p99=  38.66 ms | lag=0 | err push=0 pop=0 ack=0 (429=0 403=0 5xx=0 to=0 conn=0) empty=272 cross=0 gor=66
[17:56:54 load ] offered=      35/s push=      35/s pop=      35/s ack=      35/s shed=      0/s inflight=    0 | e2e p50=  14.40 p99=   84.48 ms | pushRTT p50=  6.18 p99=  31.36 ms | lag=0 | err push=0 pop=0 ack=0 (429=0 403=0 5xx=0 to=0 conn=0) empty=272 cross=0 gor=72
[18:01:54 load ] offered=      35/s push=      35/s pop=      35/s ack=      35/s shed=      0/s inflight=    0 | e2e p50=  14.53 p99=  185.34 ms | pushRTT p50=  6.24 p99=  30.85 ms | lag=0 | err push=0 pop=0 ack=0 (429=0 403=0 5xx=0 to=0 conn=0) empty=272 cross=0 gor=66
[18:06:54 load ] offered=      35/s push=      35/s pop=      35/s ack=      35/s shed=      0/s inflight=    0 | e2e p50=  14.40 p99=  132.10 ms | pushRTT p50=  6.11 p99=  36.61 ms | lag=0 | err push=0 pop=0 ack=0 (429=0 403=0 5xx=0 to=0 conn=0) empty=272 cross=0 gor=66
[18:11:54 load ] offered=      35/s push=      35/s pop=      35/s ack=      35/s shed=      0/s inflight=    2 | e2e p50=  14.66 p99=  104.96 ms | pushRTT p50=  6.30 p99=  36.61 ms | lag=1 | err push=0 pop=0 ack=0 (429=0 403=0 5xx=0 to=0 conn=0) empty=272 cross=0 gor=68
[18:16:54 load ] offered=      35/s push=      35/s pop=      35/s ack=      35/s shed=      0/s inflight=    0 | e2e p50=  18.05 p99=  156.67 ms | pushRTT p50=  7.90 p99=  54.53 ms | lag=0 | err push=0 pop=0 ack=0 (429=0 403=0 5xx=0 to=0 conn=0) empty=272 cross=0 gor=66
[18:21:54 load ] offered=      35/s push=      35/s pop=      35/s ack=      35/s shed=      0/s inflight=    3 | e2e p50=  16.32 p99=  199.68 ms | pushRTT p50=  7.14 p99=  46.34 ms | lag=0 | err push=0 pop=0 ack=0 (429=0 403=0 5xx=0 to=0 conn=0) empty=272 cross=0 gor=69
[18:26:54 load ] offered=      35/s push=      35/s pop=      35/s ack=      35/s shed=      0/s inflight=    0 | e2e p50=  14.02 p99=   85.50 ms | pushRTT p50=  5.92 p99=  31.87 ms | lag=0 | err push=0 pop=0 ack=0 (429=0 403=0 5xx=0 to=0 conn=0) empty=272 cross=0 gor=66
[18:31:54 load ] offered=      35/s push=      35/s pop=      35/s ack=      35/s shed=      0/s inflight=    0 | e2e p50=  13.38 p99=  118.27 ms | pushRTT p50=  5.54 p99=  30.08 ms | lag=0 | err push=0 pop=0 ack=0 (429=0 403=0 5xx=0 to=0 conn=0) empty=272 cross=0 gor=66
[18:36:54 load ] offered=      35/s push=      35/s pop=      35/s ack=      35/s shed=      0/s inflight=    0 | e2e p50=  14.02 p99=  142.34 ms | pushRTT p50=  5.92 p99=  37.12 ms | lag=0 | err push=0 pop=0 ack=0 (429=0 403=0 5xx=0 to=0 conn=0) empty=272 cross=0 gor=66
[18:41:54 load ] offered=      35/s push=      35/s pop=      35/s ack=      35/s shed=      0/s inflight=    0 | e2e p50=  13.63 p99=  119.30 ms | pushRTT p50=  5.66 p99=  30.85 ms | lag=0 | err push=0 pop=0 ack=0 (429=0 403=0 5xx=0 to=0 conn=0) empty=273 cross=0 gor=66
[18:46:54 load ] offered=      35/s push=      35/s pop=      35/s ack=      35/s shed=      0/s inflight=    0 | e2e p50=  15.55 p99=  185.34 ms | pushRTT p50=  6.62 p99=  50.43 ms | lag=0 | err push=0 pop=0 ack=0 (429=0 403=0 5xx=0 to=0 conn=0) empty=274 cross=0 gor=66
[18:51:54 load ] offered=      35/s push=      35/s pop=      35/s ack=      35/s shed=      0/s inflight=    1 | e2e p50=  13.76 p99=  118.27 ms | pushRTT p50=  5.73 p99=  30.34 ms | lag=2 | err push=0 pop=0 ack=0 (429=0 403=0 5xx=0 to=0 conn=0) empty=274 cross=0 gor=67
[18:56:54 load ] offered=      35/s push=      35/s pop=      35/s ack=      35/s shed=      0/s inflight=    0 | e2e p50=  13.76 p99=  109.06 ms | pushRTT p50=  5.79 p99=  30.59 ms | lag=0 | err push=0 pop=0 ack=0 (429=0 403=0 5xx=0 to=0 conn=0) empty=274 cross=0 gor=66
[19:01:54 load ] offered=      35/s push=      35/s pop=      35/s ack=      35/s shed=      0/s inflight=    0 | e2e p50=  14.14 p99=  104.96 ms | pushRTT p50=  5.98 p99=  30.85 ms | lag=0 | err push=0 pop=0 ack=0 (429=0 403=0 5xx=0 to=0 conn=0) empty=274 cross=0 gor=66
[19:06:54 load ] offered=      35/s push=      35/s pop=      35/s ack=      35/s shed=      0/s inflight=    0 | e2e p50=  15.55 p99=  148.48 ms | pushRTT p50=  6.75 p99=  39.68 ms | lag=0 | err push=0 pop=0 ack=0 (429=0 403=0 5xx=0 to=0 conn=0) empty=274 cross=0 gor=66
[19:11:54 load ] offered=      35/s push=      35/s pop=      35/s ack=      35/s shed=      0/s inflight=    0 | e2e p50=  14.02 p99=   86.53 ms | pushRTT p50=  5.98 p99=  33.54 ms | lag=0 | err push=0 pop=0 ack=0 (429=0 403=0 5xx=0 to=0 conn=0) empty=274 cross=0 gor=66
[19:16:54 load ] offered=      35/s push=      35/s pop=      35/s ack=      35/s shed=      0/s inflight=    0 | e2e p50=  16.77 p99=  175.10 ms | pushRTT p50=  7.33 p99=  55.04 ms | lag=0 | err push=0 pop=0 ack=0 (429=0 403=0 5xx=0 to=0 conn=0) empty=275 cross=0 gor=66
[19:21:54 load ] offered=      35/s push=      35/s pop=      35/s ack=      35/s shed=      0/s inflight=    0 | e2e p50=  14.14 p99=  113.15 ms | pushRTT p50=  5.98 p99=  29.06 ms | lag=0 | err push=0 pop=0 ack=0 (429=0 403=0 5xx=0 to=0 conn=0) empty=275 cross=0 gor=66
[19:26:54 load ] offered=      35/s push=      35/s pop=      35/s ack=      35/s shed=      0/s inflight=    0 | e2e p50=  15.55 p99=  160.77 ms | pushRTT p50=  6.69 p99=  43.78 ms | lag=0 | err push=0 pop=0 ack=0 (429=0 403=0 5xx=0 to=0 conn=0) empty=275 cross=0 gor=66
[19:31:54 load ] offered=      35/s push=      35/s pop=      35/s ack=      35/s shed=      0/s inflight=    0 | e2e p50=  15.30 p99=  120.32 ms | pushRTT p50=  6.56 p99=  34.56 ms | lag=1 | err push=0 pop=0 ack=0 (429=0 403=0 5xx=0 to=0 conn=0) empty=275 cross=0 gor=66
[19:36:54 load ] offered=      35/s push=      35/s pop=      35/s ack=      35/s shed=      0/s inflight=    0 | e2e p50=  16.32 p99=  156.67 ms | pushRTT p50=  7.01 p99=  47.36 ms | lag=0 | err push=0 pop=0 ack=0 (429=0 403=0 5xx=0 to=0 conn=0) empty=276 cross=0 gor=66
[19:41:54 load ] offered=      35/s push=      35/s pop=      35/s ack=      35/s shed=      0/s inflight=    1 | e2e p50=  15.94 p99=   93.70 ms | pushRTT p50=  6.88 p99=  40.19 ms | lag=2 | err push=0 pop=0 ack=0 (429=0 403=0 5xx=0 to=0 conn=0) empty=277 cross=0 gor=67
[19:46:54 load ] offered=      35/s push=      35/s pop=      35/s ack=      35/s shed=      0/s inflight=    0 | e2e p50=  18.30 p99=  142.34 ms | pushRTT p50=  8.03 p99=  60.67 ms | lag=0 | err push=0 pop=0 ack=0 (429=0 403=0 5xx=0 to=0 conn=0) empty=279 cross=0 gor=66
[19:51:54 load ] offered=      35/s push=      35/s pop=      35/s ack=      35/s shed=      0/s inflight=    0 | e2e p50=  15.55 p99=   96.77 ms | pushRTT p50=  6.69 p99=  35.07 ms | lag=0 | err push=0 pop=0 ack=0 (429=0 403=0 5xx=0 to=0 conn=0) empty=282 cross=0 gor=66
[19:56:54 load ] offered=      35/s push=      35/s pop=      35/s ack=      35/s shed=      0/s inflight=    0 | e2e p50=  16.77 p99=  158.72 ms | pushRTT p50=  7.07 p99=  45.31 ms | lag=0 | err push=0 pop=0 ack=0 (429=0 403=0 5xx=0 to=0 conn=0) empty=286 cross=0 gor=66
[20:01:54 load ] offered=      35/s push=      35/s pop=      35/s ack=      35/s shed=      0/s inflight=    0 | e2e p50=  15.81 p99=   92.67 ms | pushRTT p50=  6.82 p99=  34.05 ms | lag=2 | err push=0 pop=0 ack=0 (429=0 403=0 5xx=0 to=0 conn=0) empty=287 cross=0 gor=66
[20:06:54 load ] offered=      35/s push=      35/s pop=      35/s ack=      35/s shed=      0/s inflight=    0 | e2e p50=  16.77 p99=  100.86 ms | pushRTT p50=  7.26 p99=  47.36 ms | lag=0 | err push=0 pop=0 ack=0 (429=0 403=0 5xx=0 to=0 conn=0) empty=287 cross=0 gor=66
[20:11:54 load ] offered=      35/s push=      35/s pop=      35/s ack=      35/s shed=      0/s inflight=    3 | e2e p50=  39.17 p99=  552.96 ms | pushRTT p50= 16.19 p99= 148.48 ms | lag=2 | err push=0 pop=0 ack=0 (429=0 403=0 5xx=0 to=0 conn=0) empty=287 cross=0 gor=83
