WARN max-pending 1000000 per partition producer would preallocate 526 MB over 23 partitions (24 B/slot); using 121574 (-pending-budget-mb 64)
pload tag=pA-r1000k loader=1/9 mode=batch rate=111111 msg/s batch=100 batch-max=0 max-inflight=5000 ramp=10s duration=1m10s report=10s drain=0s GOMAXPROCS=16 GOGC=400(default) seed=1790838009383965195
  offered: 111111 msg/s = 1111.1 units/s (avg 100.0 msgs/unit) across 23 pacer workers (48.31 units/s each)
  topics: 1 x 200 partitions (load..load), entities/topic=0 (explicit partition) | picker: topics=rr entities: rr over space=23 starting at 0 [producer shard 1/9: partitions p % 9 == 1, entity j -> partition 1 + j*9]
  payload: goload jsonEvent target 256 B, avg 289.5 B raw, ~320 B stamped ({"ts":µs,"src":1,...}), pool 64x100
  consumers: 22 here (ci 22..43 of 198), poll=1000 proc-us=0 ack=async ack-inflight=256 local-src=[0 1 2]
  pulsar: url=pulsar://10.114.0.2:6650,10.114.0.3:6650,10.114.0.4:6650 admin=http://10.114.0.2:8080 ns=bench/ns sub=sub type=failover compression=lz4 batch=5ms/1000 msgs/131072 B key-batching=false max-pending=121574/partition mem-limit=365 MB receiver-queue=1000 ack-group=100ms conns/broker=1
  [admin] 1 topics with 200 partitions and subscription "sub" exist (checked in 0.4s)
  [consume] 22 consumers (ci 22..43 of 198), failover, partition slices (every partition exactly one consumer): 22 partition registrations here, 200 in total across all processes; idle 0 here, 0 in total; subscribed in 0.0s, settling 2s
  [produce] producer shard 1/9: 23 partitions per topic (p % 9 == 1) x 1 topics, per-partition producers created lazily on first use
READY 1790837863173
[start] waiting 9.433s for the common start 1790837881830
[start] GO 06:58:01.830 (unix ms 1790837881830)
[06:58:11] offered=    55542/s achieved=    55482/s shed=        0/s inflight=     6 | p50=   6.24 p99=   10.18 p999=   39.68 ms | push=554800 pop=551574 lag=3226 | errs push=0 pop=0 empty=0 gor=262 | ack=    55160/s ackErr=0 ackAvg=0.01ms | e2e p50=6.62 p99=14.91 p999=44.29 n=551574 | e2e_local p50=6.62 p99=14.91 n=147125
[06:58:21] offered=   111100/s achieved=   111100/s shed=        0/s inflight=     6 | p50=   6.18 p99=   14.91 p999=   20.61 ms | push=1665800 pop=1653885 lag=11915 | errs push=0 pop=0 empty=0 gor=262 | ack=   110221/s ackErr=0 ackAvg=0.01ms | e2e p50=6.50 p99=15.81 p999=21.63 n=1102311 | e2e_local p50=6.43 p99=15.55 n=294275
[06:58:31] offered=   111121/s achieved=   111111/s shed=        0/s inflight=     7 | p50=   6.18 p99=   17.54 p999=   23.17 ms | push=2777000 pop=2756304 lag=20696 | errs push=0 pop=0 empty=0 gor=262 | ack=   110243/s ackErr=0 ackAvg=0.01ms | e2e p50=6.50 p99=17.54 p999=23.94 n=1102475 | e2e_local p50=6.43 p99=17.54 n=294300
[06:58:41] offered=   111096/s achieved=   111106/s shed=        0/s inflight=     9 | p50=   6.18 p99=   17.79 p999=   23.94 ms | push=3888000 pop=3858615 lag=29385 | errs push=0 pop=0 empty=0 gor=262 | ack=   110237/s ackErr=0 ackAvg=0.01ms | e2e p50=6.50 p99=18.82 p999=24.70 n=1102255 | e2e_local p50=6.56 p99=18.82 n=294215
[06:58:51] offered=   111132/s achieved=   111112/s shed=        0/s inflight=     8 | p50=   6.18 p99=   15.30 p999=   21.12 ms | push=4999200 pop=4960864 lag=38336 | errs push=0 pop=0 empty=0 gor=262 | ack=   110217/s ackErr=0 ackAvg=0.01ms | e2e p50=6.50 p99=16.51 p999=21.63 n=1102249 | e2e_local p50=6.43 p99=15.81 n=294285
[06:59:01] offered=   111111/s achieved=   111111/s shed=        0/s inflight=     8 | p50=   6.24 p99=   19.33 p999=   24.19 ms | push=6110200 pop=6063167 lag=47033 | errs push=0 pop=0 empty=0 gor=262 | ack=   110241/s ackErr=0 ackAvg=0.01ms | e2e p50=6.69 p99=20.61 p999=25.73 n=1102303 | e2e_local p50=6.56 p99=20.35 n=294200
[06:59:11] offered=   111100/s achieved=   111110/s shed=        0/s inflight=     7 | p50=   6.24 p99=   19.07 p999=   25.73 ms | push=7221400 pop=7165400 lag=56000 | errs push=0 pop=0 empty=0 gor=239 | ack=   110214/s ackErr=0 ackAvg=0.01ms | e2e p50=6.56 p99=20.35 p999=24.96 n=1102233 | e2e_local p50=6.56 p99=19.84 n=294200
[info] producers created: 23 per-partition producers (shard), 0 creation errors, avg creation 23.9 ms
[info] steady window 60s (after the ramp, before the producers stopped): offered 111110/s pushed 111108/s popped 110229/s cpu 97.2% = 0.88 cores per 100k msg/s (produce+consume)
[final] offered=72221 achieved=72221 shed=0 (msgs: offered=7222100 achieved=7222100 shed=0) pushErr=0 | pushed=7222100 popped=7165400 lag=56700 | popErr=0 empty=0 | overall p50=6.24 p99=17.54 p999=24.19 ms | acked=7165400 ackErr=0 ackLag=56700 ackAvg=0.01ms | e2e p50=6.56 p99=18.56 p999=24.70 ms
load_cpu=70.9%
