kload tag=1x200-t1-9k-p1 loader=1/9 mode=batch rate=1000 msg/s batch=10 batch-max=0 max-inflight=5000 ramp=10s duration=1m10s report=10s drain=1m0s GOMAXPROCS=16 GOGC=400 seed=1790870484055087711
  offered: 1000 msg/s = 100.0 units/s (avg 10.0 msgs/unit) across 3 pacer workers (33.33 units/s each)
  topics: 1 x 200 partitions (x1x200-t1-9k..x1x200-t1-9k), entities/topic=0 (explicit partition) | picker: topics=rr entities: rr over space=200 starting at 22
  payload: goload jsonEvent target 256 B, avg 289.4 B raw, ~319 B stamped ({"ts":µs,"src":1,...}), pool 64x10
  consumers: 22 here (ci 22..43 of 198), poll=1000 proc-us=0 ack=async ack-inflight=256 local-src=[0 1 2]
  kafka: brokers=10.114.0.2:9092,10.114.0.3:9092,10.114.0.4:9092 rf=3 min-isr=2 producers=4 linger=5ms compression=lz4 acks=all idempotent batch-max-bytes=1048576 | consumers: protocol=classic fetch-max-wait=500ms fetch-min-bytes=1 fetch-max-partition-bytes=1048576 session=45s | txn: x1x200-t1-9k-in -> 22 workers (GroupTransactSession, transactional.id per worker, txn-timeout 10s, concurrent-txn backoff 20ms, metadata-min-age 250ms, txn-size 1, linger 1s, read_committed) -> x1x200-t1-9k-out, 22 read_committed readers
  [topic] READY after 0.0s: 2 topics x 200 partitions, leaders + full ISR
  [config] broker.compression.type = producer (STATIC_BROKER_CONFIG)
  [config] broker.default.replication.factor = 3 (STATIC_BROKER_CONFIG)
  [config] broker.group.consumer.assignors = uniform,range (DEFAULT_CONFIG)
  [config] broker.group.coordinator.rebalance.protocols = classic,consumer,streams (DEFAULT_CONFIG)
  [config] broker.group.initial.rebalance.delay.ms = 3000 (DEFAULT_CONFIG)
  [config] broker.log.flush.interval.messages = 9223372036854775807 (DEFAULT_CONFIG)
  [config] broker.log.flush.interval.ms = <nil> (DEFAULT_CONFIG)
  [config] broker.max.incremental.fetch.session.cache.slots = 4000 (STATIC_BROKER_CONFIG)
  [config] broker.min.insync.replicas = 2 (DYNAMIC_DEFAULT_BROKER_CONFIG)
  [config] broker.num.io.threads = 16 (STATIC_BROKER_CONFIG)
  [config] broker.num.network.threads = 8 (STATIC_BROKER_CONFIG)
  [config] broker.num.replica.fetchers = 8 (STATIC_BROKER_CONFIG)
  [config] topic.compression.type = producer (STATIC_BROKER_CONFIG)
  [config] topic.flush.messages = 9223372036854775807 (DEFAULT_CONFIG)
  [config] topic.flush.ms = 9223372036854775807 (DEFAULT_CONFIG)
  [config] topic.max.message.bytes = 16777216 (STATIC_BROKER_CONFIG)
  [config] topic.message.timestamp.type = CreateTime (DEFAULT_CONFIG)
  [config] topic.min.insync.replicas = 2 (DYNAMIC_TOPIC_CONFIG)
  [config] topic.retention.ms = 600000 (DYNAMIC_TOPIC_CONFIG)
  [config] topic.segment.bytes = 268435456 (DYNAMIC_TOPIC_CONFIG)
  [config] topic.unclean.leader.election.enable = false (STATIC_BROKER_CONFIG)
  [group] 22 txn workers (GroupTransactSession) in 1 groups (x1x200-t1-9k-in-g-t0 ... ), protocol classic
  [group] 22 consumers in 1 groups (x1x200-t1-9k-out-g-t0 ... ), protocol classic
  [group] t=+0.3s waiting: x1x200-t1-9k-in-g-t0: local members 22/198 hold 0/200 partitions (group-wide PreparingRebalance members=181 assigned=0)
  [group] t=+2.3s waiting: x1x200-t1-9k-in-g-t0: local members 22/198 hold 0/200 partitions (group-wide PreparingRebalance members=198 assigned=0)
  [group] t=+4.3s waiting: x1x200-t1-9k-in-g-t0: local members 22/198 hold 0/200 partitions (group-wide PreparingRebalance members=198 assigned=0)
  [group] t=+6.3s waiting: x1x200-t1-9k-in-g-t0: local members 22/198 hold 22/200 partitions (group-wide PreparingRebalance members=198 assigned=0)
  [group] t=+8.3s waiting: x1x200-t1-9k-in-g-t0: local members 22/198 hold 22/200 partitions (group-wide Stable members=198 assigned=200)
  [group] STABLE after 10.1s: 1 groups, 22 local members holding 22 partitions, assignEv=22 revokeEv=0 lostEv=0
  [group] t=+0.0s waiting: x1x200-t1-9k-out-g-t0: local members 22/198 hold 22/200 partitions (group-wide Stable members=198 assigned=200)
  [group] t=+2.0s waiting: x1x200-t1-9k-out-g-t0: local members 22/198 hold 22/200 partitions (group-wide Stable members=198 assigned=200)
  [group] STABLE after 3.0s: 1 groups, 22 local members holding 22 partitions, assignEv=22 revokeEv=0 lostEv=0
  [produce] 4 clients connected to every broker with producer IDs in 0.01s; max buffered 51024 records per client
READY 1790870793221
[start] waiting 8.525s for the common start 1790870825569
[start] GO 16:07:05.569 (unix ms 1790870825569)
[16:07:15] offered=      501/s achieved=      500/s shed=        0/s inflight=     1 | p50=   8.10 p99=   14.53 p999=   34.05 ms | push=5000 pop=1250 lag=3750 | errs push=0 pop=0 empty=0 gor=430 | ack=      125/s ackErr=0 ackAvg=3.17ms | e2e p50=2179.07 p99=5406.72 p999=5668.86 n=1250 | e2e_local p50=1892.35 p99=5472.26 n=392
[txn] 16:07:15 txn=     126/s msgs=      126/s avg=  1.00 msg/txn | commit p50=125.44 p99=257.02 p999=264.19 ms | aborts=0 errs=0 open=22 | in=      128/s | total txns=1281 msgs=1281 aborts=0 errs=0
[16:07:25] offered=      999/s achieved=     1000/s shed=        0/s inflight=     0 | p50=   7.90 p99=    9.54 p999=   11.97 ms | push=15000 pop=3002 lag=11998 | errs push=0 pop=0 empty=0 gor=429 | ack=      175/s ackErr=0 ackAvg=2.51ms | e2e p50=8454.14 p99=12910.59 p999=13303.81 n=1752 | e2e_local p50=8093.70 p99=12910.59 n=593
[txn] 16:07:25 txn=     175/s msgs=      175/s avg=  1.00 msg/txn | commit p50=118.27 p99=252.93 p999=257.02 ms | aborts=0 errs=0 open=22 | in=      175/s | total txns=3033 msgs=3033 aborts=0 errs=0
[16:07:35] offered=     1001/s achieved=      999/s shed=        0/s inflight=     2 | p50=   7.90 p99=   10.94 p999=   16.06 ms | push=24990 pop=4805 lag=20185 | errs push=0 pop=0 empty=0 gor=431 | ack=      180/s ackErr=0 ackAvg=2.30ms | e2e p50=15925.25 p99=21102.59 p999=21626.88 n=1803 | e2e_local p50=15925.25 p99=21102.59 n=621
[txn] 16:07:35 txn=     180/s msgs=      180/s avg=  1.00 msg/txn | commit p50=115.20 p99=252.93 p999=257.02 ms | aborts=0 errs=0 open=22 | in=      180/s | total txns=4835 msgs=4835 aborts=0 errs=0
[16:07:45] offered=     1000/s achieved=     1001/s shed=        0/s inflight=     1 | p50=   7.84 p99=    9.66 p999=   15.30 ms | push=35000 pop=6641 lag=28359 | errs push=0 pop=0 empty=0 gor=439 | ack=      184/s ackErr=0 ackAvg=2.21ms | e2e p50=23986.18 p99=29753.34 p999=30277.63 n=1836 | e2e_local p50=23724.03 p99=29753.34 n=576
[txn] 16:07:45 txn=     184/s msgs=      184/s avg=  1.00 msg/txn | commit p50=113.15 p99=252.93 p999=257.02 ms | aborts=0 errs=0 open=22 | in=      184/s | total txns=6675 msgs=6675 aborts=0 errs=0
[16:07:55] offered=      999/s achieved=     1000/s shed=        0/s inflight=     0 | p50=   7.84 p99=    9.54 p999=   14.14 ms | push=45000 pop=8468 lag=36532 | errs push=0 pop=0 empty=0 gor=436 | ack=      183/s ackErr=0 ackAvg=2.17ms | e2e p50=32112.64 p99=38535.17 p999=39059.46 n=1827 | e2e_local p50=31064.06 p99=38535.17 n=592
[txn] 16:07:55 txn=     183/s msgs=      183/s avg=  1.00 msg/txn | commit p50=115.20 p99=252.93 p999=257.02 ms | aborts=0 errs=0 open=22 | in=      183/s | total txns=8501 msgs=8501 aborts=0 errs=0
[16:08:05] offered=     1001/s achieved=      999/s shed=        0/s inflight=     2 | p50=   7.90 p99=   10.05 p999=   16.77 ms | push=54990 pop=10309 lag=44681 | errs push=0 pop=0 empty=0 gor=428 | ack=      184/s ackErr=0 ackAvg=2.13ms | e2e p50=40108.03 p99=46923.78 p999=47448.06 n=1841 | e2e_local p50=40108.03 p99=45875.20 n=660
[txn] 16:08:05 txn=     184/s msgs=      184/s avg=  1.00 msg/txn | commit p50=115.20 p99=252.93 p999=254.98 ms | aborts=0 errs=0 open=22 | in=      184/s | total txns=10337 msgs=10337 aborts=0 errs=0
[16:08:15] offered=     1000/s achieved=     1001/s shed=        0/s inflight=     1 | p50=   7.84 p99=    9.28 p999=    9.79 ms | push=65000 pop=12118 lag=52882 | errs push=0 pop=0 empty=0 gor=433 | ack=      181/s ackErr=0 ackAvg=2.11ms | e2e p50=48496.64 p99=55836.67 p999=56360.96 n=1809 | e2e_local p50=47972.35 p99=55836.67 n=614
[txn] 16:08:15 txn=     181/s msgs=      181/s avg=  1.00 msg/txn | commit p50=116.22 p99=252.93 p999=254.98 ms | aborts=0 errs=0 open=22 | in=      181/s | total txns=12145 msgs=12145 aborts=0 errs=0
[drain] workers and readers keep going for up to 59.994s (ends early after 3s idle; lag now 52889)
[16:08:25] offered=        0/s achieved=        1/s shed=        0/s inflight=     0 | p50=   8.38 p99=    8.38 p999=    8.38 ms | push=65010 pop=13998 lag=51012 | errs push=0 pop=0 empty=0 gor=437 | ack=      188/s ackErr=0 ackAvg=2.09ms | e2e p50=56360.96 p99=64225.28 p999=64749.57 n=1880 | e2e_local p50=55836.67 p99=64225.28 n=581
[txn] 16:08:25 txn=     188/s msgs=      188/s avg=  1.00 msg/txn | commit p50=102.91 p99=252.93 p999=261.12 ms | aborts=0 errs=0 open=22 | in=      188/s | total txns=14029 msgs=14029 aborts=0 errs=0
[16:08:35] offered=        0/s achieved=        0/s shed=        0/s inflight=     0 | p50=   0.00 p99=    0.00 p999=    0.00 ms | push=65010 pop=15837 lag=49173 | errs push=0 pop=0 empty=0 gor=434 | ack=      184/s ackErr=0 ackAvg=2.07ms | e2e p50=64225.28 p99=72876.03 p999=73924.61 n=1839 | e2e_local p50=63700.99 p99=72876.03 n=610
[txn] 16:08:35 txn=     184/s msgs=      184/s avg=  1.00 msg/txn | commit p50=115.20 p99=252.93 p999=257.02 ms | aborts=0 errs=0 open=22 | in=      184/s | total txns=15867 msgs=15867 aborts=0 errs=0
[16:08:45] offered=        0/s achieved=        0/s shed=        0/s inflight=     0 | p50=   0.00 p99=    0.00 p999=    0.00 ms | push=65010 pop=17712 lag=47298 | errs push=0 pop=0 empty=0 gor=434 | ack=      187/s ackErr=0 ackAvg=2.06ms | e2e p50=72876.03 p99=81264.64 p999=82313.22 n=1875 | e2e_local p50=71827.46 p99=81264.64 n=646
[txn] 16:08:45 txn=     188/s msgs=      188/s avg=  1.00 msg/txn | commit p50=104.96 p99=250.88 p999=254.98 ms | aborts=0 errs=0 open=22 | in=      188/s | total txns=17744 msgs=17744 aborts=0 errs=0
[16:08:55] offered=        0/s achieved=        0/s shed=        0/s inflight=     0 | p50=   0.00 p99=    0.00 p999=    0.00 ms | push=65010 pop=19562 lag=45448 | errs push=0 pop=0 empty=0 gor=428 | ack=      185/s ackErr=0 ackAvg=2.05ms | e2e p50=80216.06 p99=89653.25 p999=90701.82 n=1850 | e2e_local p50=79167.49 p99=89653.25 n=602
[txn] 16:08:55 txn=     185/s msgs=      185/s avg=  1.00 msg/txn | commit p50=103.94 p99=252.93 p999=257.02 ms | aborts=0 errs=0 open=22 | in=      185/s | total txns=19591 msgs=19591 aborts=0 errs=0
[16:09:05] offered=        0/s achieved=        0/s shed=        0/s inflight=     0 | p50=   0.00 p99=    0.00 p999=    0.00 ms | push=65010 pop=21434 lag=43576 | errs push=0 pop=0 empty=0 gor=432 | ack=      187/s ackErr=0 ackAvg=2.04ms | e2e p50=88604.67 p99=99090.43 p999=99090.43 n=1872 | e2e_local p50=86507.52 p99=96993.28 n=618
[txn] 16:09:05 txn=     188/s msgs=      188/s avg=  1.00 msg/txn | commit p50=105.98 p99=252.93 p999=254.98 ms | aborts=0 errs=0 open=22 | in=      188/s | total txns=21466 msgs=21466 aborts=0 errs=0
[16:09:15] offered=        0/s achieved=        0/s shed=        0/s inflight=     0 | p50=   0.00 p99=    0.00 p999=    0.00 ms | push=65010 pop=23284 lag=41726 | errs push=0 pop=0 empty=0 gor=433 | ack=      185/s ackErr=0 ackAvg=2.03ms | e2e p50=95944.70 p99=107479.04 p999=107479.04 n=1850 | e2e_local p50=95944.70 p99=107479.04 n=654
[txn] 16:09:15 txn=     185/s msgs=      185/s avg=  1.00 msg/txn | commit p50=108.03 p99=252.93 p999=257.02 ms | aborts=0 errs=0 open=22 | in=      185/s | total txns=23314 msgs=23314 aborts=0 errs=0
[info] txn workers began 23349 transactions
[info] steady window 60s (after the ramp, before the producers stopped): offered 1000/s pushed 1000/s popped 181/s cpu 26.6% = 26.59 cores per 100k msg/s (produce+consume)
[info] 44 warm-up messages (no "ts") received and not counted as load
[final] offered=6501 achieved=6501 shed=0 (msgs: offered=65010 achieved=65010 shed=0) pushErr=0 | pushed=65010 popped=23322 lag=41688 | popErr=0 empty=0 | overall p50=7.90 p99=10.18 p999=16.19 ms | acked=23322 ackErr=0 ackLag=41688 ackAvg=2.03ms | e2e p50=50069.50 p99=103284.74 p999=107479.04 ms
load_cpu=17.8%
[txn-final] txns=23349 msgs=23349 aborts=0 errs=0 in=23349 avg=1.00 msg/txn | commit p50=115.20 p99=252.93 p999=264.19 max=643.07 ms
[ids] ledger /root/bench/runs/txn/kafka/1x200-t1-9k/ids/p1.ids: 65010 confirmed, 0 failed, 0 unanswered
