WARN max-pending 1000000 per partition producer would preallocate 503 MB over 22 partitions (24 B/slot); using 127100 (-pending-budget-mb 64)
pload tag=1x200-t100-1152k-w198-b100-p3 loader=3/9 mode=batch rate=128000 msg/s batch=100 batch-max=0 max-inflight=5000 ramp=10s duration=1m10s report=10s drain=1m0s GOMAXPROCS=16 GOGC=400 seed=1790889452142564073
  offered: 128000 msg/s = 1280.0 units/s (avg 100.0 msgs/unit) across 26 pacer workers (49.23 units/s each)
  topics: 1 x 200 partitions (x1x200-t100-1152k-w198-b100..x1x200-t100-1152k-w198-b100), entities/topic=0 (explicit partition) | picker: topics=rr entities: rr over space=22 starting at 0 [producer shard 3/9: partitions p % 9 == 3, entity j -> partition 3 + j*9]
  payload: goload jsonEvent target 256 B, avg 289.6 B raw, ~320 B stamped ({"ts":µs,"src":3,...}), pool 64x100
  consumers: 22 here (ci 66..87 of 198), poll=1000 proc-us=0 ack=async ack-inflight=256 local-src=[3 4 5]
  pulsar: url=pulsar://10.114.0.2:6650,10.114.0.3:6650,10.114.0.4:6650 admin=http://10.114.0.2:8080 ns=bench/ns sub=sub type=failover compression=lz4 batch=5ms/100 msgs/131072 B max-pending=127100/partition mem-limit=365 MB receiver-queue=1000 ack-group=100ms conns/broker=1 | feeder batches capped at -txn-size messages (whole entries per transaction) | txn: x1x200-t100-1152k-w198-b100-in -> 22 workers (own client + TC each, NewTransaction timeout 10s, send+AckWithTxn on whole entries, txn-size 100, linger 1s) -> x1x200-t100-1152k-w198-b100-out, 22 readers
  [admin] 2 topics with 200 partitions and subscription "sub" exist (checked in 0.0s)
  [txn] 22 workers (ci 66..87 of 198, 0 idle): each its own client + TC, a failover consumer on its partitions of x1x200-t100-1152k-w198-b100-in, 22 producers on x1x200-t100-1152k-w198-b100-out in all; txn-size 100, linger 1s, txn-timeout 10s; ready in 1.1s
  [consume] 22 consumers (ci 66..87 of 198), failover, partition slices (every partition exactly one consumer): 22 partition registrations here, 200 in total across all processes; idle 0 here, 0 in total; subscribed in 0.0s, settling 2s
  [produce] producer shard 3/9: 22 partitions per topic (p % 9 == 3) x 1 topics, per-partition producers created lazily on first use
READY 1790889185393
[start] waiting 9.339s for the common start 1790889247748
[start] GO 21:14:07.748 (unix ms 1790889247748)
[21:14:17] offered=    64053/s achieved=    63923/s shed=        0/s inflight=    15 | p50=   7.52 p99=   21.63 p999=   38.66 ms | push=639200 pop=453900 lag=185300 | errs push=0 pop=0 empty=0 gor=5982 | ack=    45392/s ackErr=0 ackAvg=0.02ms | e2e p50=246.78 p99=1597.44 p999=1712.13 n=453900 | e2e_local p50=242.69 p99=1613.82 n=186200
[txn] 21:14:17 txn=     454/s msgs=    45372/s avg=100.00 msg/txn | commit p50=34.05 p99=82.43 p999=252.93 ms | aborts=0 errs=0 open=22 | in=    45592/s | total txns=4537 msgs=453700 aborts=0 errs=0
[21:14:27] offered=   127980/s achieved=   128040/s shed=        0/s inflight=     6 | p50=   7.84 p99=   19.84 p999=   27.52 ms | push=1919600 pop=1044400 lag=875200 | errs push=0 pop=0 empty=0 gor=7332 | ack=    59050/s ackErr=0 ackAvg=0.02ms | e2e p50=4177.92 p99=6848.51 p999=7176.19 n=590500 | e2e_local p50=4227.07 p99=6914.05 n=242600
[txn] 21:14:27 txn=     591/s msgs=    59070/s avg=100.00 msg/txn | commit p50=35.07 p99=64.26 p999=76.29 ms | aborts=0 errs=0 open=22 | in=    59070/s | total txns=10444 msgs=1044400 aborts=0 errs=0
[21:14:37] offered=   127978/s achieved=   127978/s shed=        0/s inflight=     7 | p50=   7.78 p99=   19.07 p999=   24.96 ms | push=3199400 pop=1647500 lag=1551900 | errs push=0 pop=0 empty=0 gor=7454 | ack=    60309/s ackErr=0 ackAvg=0.02ms | e2e p50=9371.65 p99=12255.23 p999=12648.45 n=603100 | e2e_local p50=9371.65 p99=12255.23 n=248300
[txn] 21:14:37 txn=     603/s msgs=    60309/s avg=100.00 msg/txn | commit p50=35.07 p99=57.60 p999=69.12 ms | aborts=0 errs=0 open=22 | in=    60309/s | total txns=16475 msgs=1647500 aborts=0 errs=0
[21:14:47] offered=   128031/s achieved=   127991/s shed=        0/s inflight=    13 | p50=   7.58 p99=   19.33 p999=   24.70 ms | push=4479300 pop=2268500 lag=2210800 | errs push=0 pop=0 empty=0 gor=7638 | ack=    62100/s ackErr=0 ackAvg=0.02ms | e2e p50=14483.46 p99=17432.58 p999=18219.01 n=621000 | e2e_local p50=14483.46 p99=17432.58 n=254500
[txn] 21:14:47 txn=     621/s msgs=    62110/s avg=100.00 msg/txn | commit p50=34.05 p99=59.65 p999=72.19 ms | aborts=0 errs=0 open=22 | in=    62110/s | total txns=22686 msgs=2268600 aborts=0 errs=0
[21:14:57] offered=   128011/s achieved=   128021/s shed=        0/s inflight=    10 | p50=   7.78 p99=   19.07 p999=   24.19 ms | push=5759500 pop=2867400 lag=2892100 | errs push=0 pop=0 empty=0 gor=7409 | ack=    59890/s ackErr=0 ackAvg=0.02ms | e2e p50=19791.87 p99=23199.74 p999=23724.03 n=598900 | e2e_local p50=19791.87 p99=22937.60 n=246500
[txn] 21:14:57 txn=     599/s msgs=    59860/s avg=100.00 msg/txn | commit p50=35.58 p99=57.09 p999=67.07 ms | aborts=0 errs=0 open=22 | in=    59860/s | total txns=28672 msgs=2867200 aborts=0 errs=0
[21:15:07] offered=   127958/s achieved=   128018/s shed=        0/s inflight=     4 | p50=   7.78 p99=   18.56 p999=   22.91 ms | push=7039700 pop=3464500 lag=3575200 | errs push=0 pop=0 empty=0 gor=7399 | ack=    59709/s ackErr=0 ackAvg=0.02ms | e2e p50=25034.75 p99=28704.77 p999=29491.20 n=597100 | e2e_local p50=25296.90 p99=28180.48 n=245700
[txn] 21:15:07 txn=     597/s msgs=    59719/s avg=100.00 msg/txn | commit p50=35.58 p99=57.09 p999=69.12 ms | aborts=0 errs=0 open=22 | in=    59719/s | total txns=34644 msgs=3464400 aborts=0 errs=0
[21:15:17] offered=   127983/s achieved=   127963/s shed=        0/s inflight=     6 | p50=   7.65 p99=   19.84 p999=   24.96 ms | push=8319400 pop=4078000 lag=4241400 | errs push=0 pop=0 empty=0 gor=7531 | ack=    61347/s ackErr=0 ackAvg=0.02ms | e2e p50=30277.63 p99=34340.86 p999=34865.15 n=613500 | e2e_local p50=30277.63 p99=33423.36 n=252500
[txn] 21:15:17 txn=     613/s msgs=    61337/s avg=100.00 msg/txn | commit p50=34.56 p99=58.11 p999=67.07 ms | aborts=0 errs=0 open=22 | in=    61337/s | total txns=40778 msgs=4077800 aborts=0 errs=0
[drain] workers and readers keep going for up to 59.989s (ends early after 3s idle; lag now 4241400)
[21:15:27] offered=        0/s achieved=       60/s shed=        0/s inflight=     0 | p50=   6.43 p99=    8.51 p999=    8.51 ms | push=8320000 pop=4799100 lag=3520900 | errs push=0 pop=0 empty=0 gor=8616 | ack=    72114/s ackErr=0 ackAvg=0.02ms | e2e p50=34865.15 p99=38535.17 p999=39583.74 n=721100 | e2e_local p50=34865.15 p99=38010.88 n=295700
[txn] 21:15:27 txn=     721/s msgs=    72134/s avg=100.00 msg/txn | commit p50=29.82 p99=46.85 p999=56.06 ms | aborts=0 errs=0 open=22 | in=    72134/s | total txns=47991 msgs=4799100 aborts=0 errs=0
[21:15:37] offered=        0/s achieved=        0/s shed=        0/s inflight=     0 | p50=   0.00 p99=    0.00 p999=    0.00 ms | push=8320000 pop=5537900 lag=2782100 | errs push=0 pop=0 empty=0 gor=8775 | ack=    73879/s ackErr=0 ackAvg=0.02ms | e2e p50=39059.46 p99=43253.76 p999=44302.34 n=738800 | e2e_local p50=39059.46 p99=42205.18 n=303500
[txn] 21:15:37 txn=     739/s msgs=    73869/s avg=100.00 msg/txn | commit p50=29.06 p99=44.80 p999=51.46 ms | aborts=0 errs=0 open=22 | in=    73869/s | total txns=55378 msgs=5537800 aborts=0 errs=0
[21:15:47] offered=        0/s achieved=        0/s shed=        0/s inflight=     0 | p50=   0.00 p99=    0.00 p999=    0.00 ms | push=8320000 pop=6282100 lag=2037900 | errs push=0 pop=0 empty=0 gor=8838 | ack=    74418/s ackErr=0 ackAvg=0.02ms | e2e p50=43253.76 p99=47972.35 p999=48496.64 n=744200 | e2e_local p50=43778.05 p99=46399.49 n=305800
[txn] 21:15:47 txn=     744/s msgs=    74428/s avg= 99.99 msg/txn | commit p50=29.06 p99=44.29 p999=54.02 ms | aborts=0 errs=0 open=22 | in=    74428/s | total txns=62822 msgs=6282100 aborts=0 errs=0
[21:15:57] offered=        0/s achieved=        0/s shed=        0/s inflight=     0 | p50=   0.00 p99=    0.00 p999=    0.00 ms | push=8320000 pop=7026800 lag=1293200 | errs push=0 pop=0 empty=0 gor=8836 | ack=    74473/s ackErr=0 ackAvg=0.02ms | e2e p50=47448.06 p99=52166.66 p999=53215.23 n=744700 | e2e_local p50=47972.35 p99=50593.79 n=305700
[txn] 21:15:57 txn=     745/s msgs=    74473/s avg=100.00 msg/txn | commit p50=28.80 p99=43.26 p999=52.48 ms | aborts=0 errs=0 open=22 | in=    74463/s | total txns=70269 msgs=7026800 aborts=0 errs=0
[21:16:07] offered=        0/s achieved=        0/s shed=        0/s inflight=     0 | p50=   0.00 p99=    0.00 p999=    0.00 ms | push=8320000 pop=7744100 lag=575900 | errs push=0 pop=0 empty=0 gor=8571 | ack=    71726/s ackErr=0 ackAvg=0.02ms | e2e p50=51642.37 p99=56885.25 p999=57933.82 n=717300 | e2e_local p50=52166.66 p99=55312.38 n=294100
[txn] 21:16:07 txn=     717/s msgs=    71736/s avg= 99.99 msg/txn | commit p50=29.57 p99=45.82 p999=58.62 ms | aborts=0 errs=0 open=22 | in=    71746/s | total txns=77444 msgs=7744200 aborts=0 errs=0
[21:16:17] offered=        0/s achieved=        0/s shed=        0/s inflight=     0 | p50=   0.00 p99=    0.00 p999=    0.00 ms | push=8320000 pop=8243800 lag=76200 | errs push=0 pop=0 empty=0 gor=6358 | ack=    49973/s ackErr=0 ackAvg=0.02ms | e2e p50=55836.67 p99=61079.55 p999=61603.84 n=499700 | e2e_local p50=56360.96 p99=58458.11 n=222700
[txn] 21:16:17 txn=     500/s msgs=    49963/s avg=100.00 msg/txn | commit p50=27.01 p99=37.63 p999=44.29 ms | aborts=0 errs=0 open=2 | in=    49763/s | total txns=82440 msgs=8243800 aborts=0 errs=0
[info] txn workers: 0 re-subscriptions after an abort, 785 messages held outside a transaction at the stop (left unacked)
[info] producers created: 22 per-partition producers (shard), 0 creation errors, avg creation 23.9 ms
[info] steady window 60s (after the ramp, before the producers stopped): offered 127990/s pushed 128002/s popped 60401/s cpu 196.4% = 1.53 cores per 100k msg/s (produce+consume)
[final] offered=83200 achieved=83200 shed=0 (msgs: offered=8320000 achieved=8320000 shed=0) pushErr=0 | pushed=8320000 popped=8244700 lag=75300 | popErr=0 empty=0 | overall p50=7.71 p99=19.33 p999=25.73 ms | acked=8244700 ackErr=0 ackLag=75300 ackAvg=0.02ms | e2e p50=33161.22 p99=57933.82 p999=61079.55 ms
load_cpu=105.5%
[txn-final] txns=82449 msgs=8244700 aborts=0 errs=0 in=8244700 avg=100.00 msg/txn | commit p50=31.10 p99=56.58 p999=74.24 max=264.19 ms
[ids] ledger /root/bench/runs/txn/pulsar/1x200-t100-1152k-w198-b100/ids/p3.ids: 8320000 confirmed, 0 failed, 0 unanswered
