kload tag=1x200-4000k-p0 loader=0/9 mode=batch rate=444444 msg/s batch=100 batch-max=0 max-inflight=5000 ramp=10s duration=1m10s report=10s drain=0s GOMAXPROCS=16 GOGC=400 seed=1790854632101514684
  offered: 444444 msg/s = 4444.4 units/s (avg 100.0 msgs/unit) across 64 pacer workers (69.44 units/s each)
  topics: 1 x 200 partitions (r1x200-4000k..r1x200-4000k), entities/topic=0 (explicit partition) | picker: topics=rr entities: rr over space=200 starting at 0
  payload: goload jsonEvent target 256 B, avg 289.6 B raw, ~320 B stamped ({"ts":µs,"src":0,...}), pool 64x100
  consumers: 22 here (ci 0..21 of 198), poll=1000 proc-us=0 ack=async ack-inflight=256 local-src=[0 1 2]
  kafka: brokers=10.114.0.2:9092,10.114.0.3:9092,10.114.0.4:9092 rf=3 min-isr=0 producers=4 linger=5ms compression=lz4 acks=all idempotent batch-max-bytes=1048576 | consumers: protocol=classic fetch-max-wait=500ms fetch-min-bytes=1 fetch-max-partition-bytes=1048576 session=45s
  [topic] READY after 0.0s: 1 topics x 200 partitions, leaders + full ISR
  [config] broker.default.replication.factor = 3 (STATIC_BROKER_CONFIG)
  [config] topic.compression.type = producer (DEFAULT_CONFIG)
  [config] topic.flush.ms = 100 (DEFAULT_CONFIG)
  [config] topic.max.message.bytes = 16777216 (DEFAULT_CONFIG)
  [config] topic.message.timestamp.type = CreateTime (DEFAULT_CONFIG)
  [config] topic.retention.ms = 600000 (DYNAMIC_TOPIC_CONFIG)
  [config] topic.segment.bytes = 268435456 (DYNAMIC_TOPIC_CONFIG)
  [group] 22 consumers in 1 groups (r1x200-4000k-g-t0 ... ), protocol classic
  [group] t=+0.4s waiting: r1x200-4000k-g-t0: local members 22/198 hold 0/200 partitions (group-wide PreparingRebalance members=94 assigned=0)
  [group] t=+2.4s waiting: r1x200-4000k-g-t0: local members 22/198 hold 0/200 partitions (group-wide PreparingRebalance members=198 assigned=0)
  [group] t=+4.4s waiting: r1x200-4000k-g-t0: local members 22/198 hold 0/200 partitions (group-wide PreparingRebalance members=198 assigned=0)
  [group] t=+6.5s waiting: r1x200-4000k-g-t0: local members 22/198 hold 22/200 partitions (group-wide PreparingRebalance members=198 assigned=0)
  [group] t=+8.5s waiting: r1x200-4000k-g-t0: local members 22/198 hold 22/200 partitions (group-wide Stable members=198 assigned=200)
  [group] STABLE after 10.1s: 1 groups, 22 local members holding 22 partitions, assignEv=22 revokeEv=0 lostEv=0
  [produce] 4 clients connected to every broker with producer IDs in 0.02s; max buffered 501024 records per client
READY 1790854840711
[start] waiting 9.458s for the common start 1790854889816
[start] GO 11:41:29.816 (unix ms 1790854889816)
[11:41:39] offered=   222189/s achieved=   219339/s shed=        0/s inflight=   291 | p50=  34.56 p99=  158.72 p999=  218.11 ms | push=2193400 pop=2121376 lag=72024 | errs push=0 pop=0 empty=0 gor=567 | ack=   194469/s ackErr=0 ackAvg=135.94ms | e2e p50=61.70 p99=214.02 p999=254.98 n=2121376 | e2e_local p50=61.70 p99=218.11 n=707200
[11:41:49] offered=   444474/s achieved=   444504/s shed=        0/s inflight=   286 | p50=  54.02 p99=  224.26 p999=  313.34 ms | push=6638300 pop=6553100 lag=85200 | errs push=0 pop=0 empty=0 gor=565 | ack=   441674/s ackErr=0 ackAvg=263.52ms | e2e p50=164.86 p99=448.51 p999=505.86 n=4431724 | e2e_local p50=164.86 p99=448.51 n=1477600
[11:41:59] offered=   444456/s achieved=   444706/s shed=        0/s inflight=   257 | p50=  53.50 p99=  268.29 p999=  358.40 ms | push=11085100 pop=10840510 lag=244590 | errs push=0 pop=0 empty=0 gor=564 | ack=   422454/s ackErr=0 ackAvg=316.35ms | e2e p50=138.24 p99=569.34 p999=634.88 n=4287410 | e2e_local p50=138.24 p99=569.34 n=1428800
[11:42:09] offered=   444447/s achieved=   443167/s shed=        0/s inflight=   386 | p50=  61.70 p99=  236.54 p999=  309.25 ms | push=15516900 pop=15322400 lag=194500 | errs push=0 pop=0 empty=0 gor=568 | ack=   450327/s ackErr=0 ackAvg=350.19ms | e2e p50=203.78 p99=473.09 p999=552.96 n=4481890 | e2e_local p50=203.78 p99=473.09 n=1494011
[11:42:19] offered=   444464/s achieved=   445264/s shed=        0/s inflight=   305 | p50=  64.26 p99=  209.92 p999=  268.29 ms | push=19969500 pop=19691200 lag=278300 | errs push=0 pop=0 empty=0 gor=563 | ack=   437154/s ackErr=0 ackAvg=375.03ms | e2e p50=232.45 p99=448.51 p999=493.57 n=4368800 | e2e_local p50=232.45 p99=448.51 n=1456589
[11:42:29] offered=   444437/s achieved=   444367/s shed=        0/s inflight=   309 | p50=  62.21 p99=  199.68 p999=  252.93 ms | push=24413100 pop=24086500 lag=326600 | errs push=0 pop=0 empty=0 gor=563 | ack=   439457/s ackErr=0 ackAvg=387.91ms | e2e p50=189.44 p99=544.77 p999=610.30 n=4395300 | e2e_local p50=189.44 p99=544.77 n=1465200
[11:42:39] offered=   444459/s achieved=   443569/s shed=        0/s inflight=   401 | p50=  69.12 p99=  815.10 p999= 1056.77 ms | push=28849000 pop=28532300 lag=316700 | errs push=0 pop=0 empty=0 gor=501 | ack=   446499/s ackErr=0 ackAvg=399.98ms | e2e p50=252.93 p99=1073.15 p999=1417.22 n=4445800 | e2e_local p50=254.98 p99=1011.71 n=1482500
[info] steady window 60s (after the ramp, before the producers stopped): offered 444456/s pushed 444263/s popped 440185/s cpu 155.5% = 0.35 cores per 100k msg/s (produce+consume)
[final] offered=288891 achieved=288891 shed=0 (msgs: offered=28889100 achieved=28889100 shed=0) pushErr=0 | pushed=28889100 popped=28599900 lag=289200 | popErr=0 empty=0 | overall p50=57.60 p99=284.67 p999=864.26 ms | acked=28599900 ackErr=0 ackLag=289200 ackAvg=399.66ms | e2e p50=181.25 p99=774.14 p999=1155.07 ms
load_cpu=81.5%
