kload tag=10x1000-1000k-p4 loader=4/9 mode=batch rate=111111 msg/s batch=100 batch-max=0 max-inflight=5000 ramp=10s duration=1m10s report=10s drain=0s GOMAXPROCS=16 GOGC=400 seed=1790856001762212087
  offered: 111111 msg/s = 1111.1 units/s (avg 100.0 msgs/unit) across 23 pacer workers (48.31 units/s each)
  topics: 10 x 1000 partitions (r10x1000-1000k-t0..r10x1000-1000k-t9), entities/topic=0 (explicit partition) | picker: topics=rr entities: rr over space=1000 starting at 444
  payload: goload jsonEvent target 256 B, avg 289.5 B raw, ~319 B stamped ({"ts":µs,"src":4,...}), pool 64x100
  consumers: 33 here (ci 132..164 of 297), poll=1000 proc-us=0 ack=async ack-inflight=256 local-src=[3 4 5]
  kafka: brokers=10.114.0.2:9092,10.114.0.3:9092,10.114.0.4:9092 rf=3 min-isr=0 producers=4 linger=5ms compression=lz4 acks=all idempotent batch-max-bytes=1048576 | consumers: protocol=classic fetch-max-wait=500ms fetch-min-bytes=1 fetch-max-partition-bytes=1048576 session=45s
  [topic] READY after 0.0s: 10 topics x 1000 partitions, leaders + full ISR
  [config] broker.default.replication.factor = 3 (STATIC_BROKER_CONFIG)
  [config] topic.compression.type = producer (DEFAULT_CONFIG)
  [config] topic.flush.ms = 100 (DEFAULT_CONFIG)
  [config] topic.max.message.bytes = 16777216 (DEFAULT_CONFIG)
  [config] topic.message.timestamp.type = CreateTime (DEFAULT_CONFIG)
  [config] topic.retention.ms = 600000 (DYNAMIC_TOPIC_CONFIG)
  [config] topic.segment.bytes = 268435456 (DYNAMIC_TOPIC_CONFIG)
  [group] 33 consumers in 10 groups (r10x1000-1000k-g-t2 ... ), protocol classic
  [group] t=+2.4s waiting: r10x1000-1000k-g-t2: local members 4/30 hold 0/1000 partitions (group-wide PreparingRebalance members=30 assigned=0); r10x1000-1000k-g-t3: local members 4/30 hold 0/1000 partitions (group-wide PreparingRebalance members=30 assigned=0); r10x1000-1000k-g-t4: local members 4/30 hold 0/1000 partitions (group-wide PreparingRebalance members=22 assigned=0)
  [group] t=+4.4s waiting: r10x1000-1000k-g-t2: local members 4/30 hold 0/1000 partitions (group-wide PreparingRebalance members=30 assigned=0); r10x1000-1000k-g-t3: local members 4/30 hold 0/1000 partitions (group-wide PreparingRebalance members=30 assigned=0); r10x1000-1000k-g-t4: local members 4/30 hold 0/1000 partitions (group-wide PreparingRebalance members=30 assigned=0)
  [group] t=+6.4s waiting: r10x1000-1000k-g-t2: local members 4/30 hold 0/1000 partitions (group-wide PreparingRebalance members=30 assigned=0); r10x1000-1000k-g-t3: local members 4/30 hold 134/1000 partitions (group-wide PreparingRebalance members=30 assigned=0); r10x1000-1000k-g-t4: local members 4/30 hold 0/1000 partitions (group-wide PreparingRebalance members=30 assigned=0)
  [group] t=+8.5s waiting: r10x1000-1000k-g-t2: local members 4/30 hold 134/1000 partitions (group-wide PreparingRebalance members=30 assigned=0); r10x1000-1000k-g-t3: local members 4/30 hold 134/1000 partitions (group-wide Stable members=30 assigned=1000); r10x1000-1000k-g-t4: local members 4/30 hold 134/1000 partitions (group-wide PreparingRebalance members=30 assigned=0)
  [group] t=+10.5s waiting: r10x1000-1000k-g-t2: local members 4/30 hold 134/1000 partitions (group-wide Stable members=30 assigned=1000); r10x1000-1000k-g-t4: local members 4/30 hold 134/1000 partitions (group-wide Stable members=30 assigned=1000); r10x1000-1000k-g-t7: local members 3/29 hold 105/1000 partitions (group-wide Stable members=29 assigned=1000)
  [group] STABLE after 11.6s: 10 groups, 33 local members holding 1119 partitions, assignEv=33 revokeEv=0 lostEv=0
  [produce] 4 clients connected to every broker with producer IDs in 0.02s; max buffered 501024 records per client
READY 1790856209388
[start] waiting 9.1s for the common start 1790856248649
[start] GO 12:04:08.649 (unix ms 1790856248649)
[12:04:18] offered=    55572/s achieved=    50782/s shed=        0/s inflight=   479 | p50=  24.70 p99=  643.07 p999=  872.45 ms | push=507800 pop=508350 lag=-550 | errs push=0 pop=0 empty=0 gor=755 | ack=    43910/s ackErr=0 ackAvg=95.62ms | e2e p50=25.98 p99=749.57 p999=970.75 n=508350 | e2e_local p50=24.45 p99=749.57 n=170000
[12:04:28] offered=   111112/s achieved=   109062/s shed=        0/s inflight=   684 | p50= 321.54 p99= 3424.26 p999= 4046.85 ms | push=1598400 pop=1546000 lag=52400 | errs push=0 pop=0 empty=0 gor=674 | ack=    98814/s ackErr=0 ackAvg=325.26ms | e2e p50=569.34 p99=2867.20 p999=3719.17 n=1037650 | e2e_local p50=569.34 p99=2867.20 n=345900
[12:04:38] offered=   111104/s achieved=   108914/s shed=        0/s inflight=   903 | p50= 250.88 p99= 2867.20 p999= 3588.10 ms | push=2687500 pop=2555005 lag=132495 | errs push=0 pop=0 empty=0 gor=666 | ack=    99644/s ackErr=0 ackAvg=519.92ms | e2e p50=815.10 p99=3194.88 p999=3784.70 n=1009005 | e2e_local p50=806.91 p99=3227.65 n=335800
[12:04:48] offered=   111116/s achieved=   114526/s shed=        0/s inflight=   563 | p50= 187.39 p99= 3981.31 p999= 4620.29 ms | push=3832800 pop=3725700 lag=107100 | errs push=0 pop=0 empty=0 gor=635 | ack=   113605/s ackErr=0 ackAvg=640.94ms | e2e p50=1155.07 p99=4227.07 p999=4882.43 n=1170695 | e2e_local p50=1171.46 p99=4227.07 n=392800
[12:04:58] offered=   111118/s achieved=   116168/s shed=        0/s inflight=    57 | p50= 127.49 p99= 2637.82 p999= 2899.97 ms | push=4994500 pop=5022600 lag=-28100 | errs push=0 pop=0 empty=0 gor=733 | ack=   141246/s ackErr=0 ackAvg=749.95ms | e2e p50=493.57 p99=3129.34 p999=4620.29 n=1296900 | e2e_local p50=489.47 p99=3063.81 n=430300
[12:05:08] offered=   111085/s achieved=   104905/s shed=        0/s inflight=   675 | p50= 296.96 p99= 3653.63 p999= 4554.75 ms | push=6043600 pop=6059800 lag=-16200 | errs push=0 pop=0 empty=0 gor=709 | ack=    98366/s ackErr=0 ackAvg=780.37ms | e2e p50=561.15 p99=2998.27 p999=3653.63 n=1037200 | e2e_local p50=561.15 p99=2867.20 n=346000
[12:05:18] offered=   111134/s achieved=   113834/s shed=        0/s inflight=   403 | p50= 257.02 p99= 3129.34 p999= 3424.26 ms | push=7181900 pop=7211100 lag=-29200 | errs push=0 pop=0 empty=0 gor=626 | ack=   114674/s ackErr=0 ackAvg=806.90ms | e2e p50=497.66 p99=2342.91 p999=2998.27 n=1151300 | e2e_local p50=489.47 p99=2342.91 n=381000
[info] steady window 60s (after the ramp, before the producers stopped): offered 111111/s pushed 111235/s popped 111712/s cpu 63.0% = 0.57 cores per 100k msg/s (produce+consume)
[info] 1119 warm-up messages (no "ts") received and not counted as load
[final] offered=72224 achieved=72224 shed=0 (msgs: offered=7222400 achieved=7222400 shed=0) pushErr=0 | pushed=7222400 popped=7272900 lag=-50500 | popErr=0 empty=0 | overall p50=218.11 p99=3358.72 p999=4292.61 ms | acked=7270600 ackErr=0 ackLag=-48200 ackAvg=833.30ms | e2e p50=577.54 p99=3325.95 p999=4489.22 ms
load_cpu=37.8%
