pload tag=1x200-t10-9k-p4 loader=4/9 mode=batch rate=1000 msg/s batch=10 batch-max=0 max-inflight=5000 ramp=10s duration=1m10s report=10s drain=1m0s GOMAXPROCS=16 GOGC=400 seed=1790873704715684632
  offered: 1000 msg/s = 100.0 units/s (avg 10.0 msgs/unit) across 3 pacer workers (33.33 units/s each)
  topics: 1 x 200 partitions (x1x200-t10-9k..x1x200-t10-9k), entities/topic=0 (explicit partition) | picker: topics=rr entities: rr over space=22 starting at 0 [producer shard 4/9: partitions p % 9 == 4, entity j -> partition 4 + j*9]
  payload: goload jsonEvent target 256 B, avg 289.1 B raw, ~319 B stamped ({"ts":µs,"src":4,...}), pool 64x10
  consumers: 22 here (ci 88..109 of 198), poll=1000 proc-us=0 ack=async ack-inflight=256 local-src=[3 4 5]
  pulsar: url=pulsar://10.114.0.2:6650,10.114.0.3:6650,10.114.0.4:6650 admin=http://10.114.0.2:8080 ns=bench/ns sub=sub type=failover compression=lz4 batch=5ms/10 msgs/131072 B max-pending=100000/partition mem-limit=64 MB receiver-queue=1000 ack-group=100ms conns/broker=1 | feeder batches capped at -txn-size messages (whole entries per transaction) | txn: x1x200-t10-9k-in -> 22 workers (own client + TC each, NewTransaction timeout 10s, send+AckWithTxn on whole entries, txn-size 10, linger 1s) -> x1x200-t10-9k-out, 22 readers
  [admin] 2 topics with 200 partitions and subscription "sub" exist (checked in 0.0s)
  [txn] 22 workers (ci 88..109 of 198, 0 idle): each its own client + TC, a failover consumer on its partitions of x1x200-t10-9k-in, 22 producers on x1x200-t10-9k-out in all; txn-size 10, linger 1s, txn-timeout 10s; ready in 1.0s
  [consume] 22 consumers (ci 88..109 of 198), failover, partition slices (every partition exactly one consumer): 22 partition registrations here, 200 in total across all processes; idle 0 here, 0 in total; subscribed in 0.0s, settling 2s
  [produce] producer shard 4/9: 22 partitions per topic (p % 9 == 4) x 1 topics, per-partition producers created lazily on first use
READY 1790873983573
[start] waiting 9.306s for the common start 1790873999927
[start] GO 16:59:59.927 (unix ms 1790873999927)
[17:00:09] offered=      501/s achieved=      501/s shed=        0/s inflight=     0 | p50=   6.05 p99=   21.12 p999=   23.17 ms | push=5010 pop=5000 lag=10 | errs push=0 pop=0 empty=0 gor=1892 | ack=      500/s ackErr=0 ackAvg=0.00ms | e2e p50=30.34 p99=91.65 p999=103.94 n=5000 | e2e_local p50=30.59 p99=90.62 n=1380
[txn] 17:00:09 txn=      50/s msgs=      500/s avg= 10.00 msg/txn | commit p50=24.19 p99=66.05 p999=70.14 ms | aborts=0 errs=0 open=0 | in=      500/s | total txns=500 msgs=5000 aborts=0 errs=0
[17:00:19] offered=      999/s achieved=      999/s shed=        0/s inflight=     0 | p50=   6.37 p99=    8.77 p999=    9.92 ms | push=15000 pop=14780 lag=220 | errs push=0 pop=0 empty=0 gor=2360 | ack=      978/s ackErr=0 ackAvg=0.00ms | e2e p50=29.31 p99=38.66 p999=45.31 n=9780 | e2e_local p50=29.06 p99=39.17 n=2700
[txn] 17:00:19 txn=      98/s msgs=      978/s avg= 10.00 msg/txn | commit p50=22.14 p99=27.52 p999=30.08 ms | aborts=0 errs=0 open=0 | in=      978/s | total txns=1478 msgs=14780 aborts=0 errs=0
[17:00:29] offered=      999/s achieved=      999/s shed=        0/s inflight=     0 | p50=   6.37 p99=    8.64 p999=    9.02 ms | push=24990 pop=24760 lag=230 | errs push=0 pop=0 empty=0 gor=2382 | ack=      998/s ackErr=0 ackAvg=0.00ms | e2e p50=29.06 p99=38.66 p999=43.26 n=9980 | e2e_local p50=29.06 p99=38.66 n=2750
[txn] 17:00:29 txn=     100/s msgs=      998/s avg= 10.00 msg/txn | commit p50=22.66 p99=27.52 p999=29.57 ms | aborts=0 errs=0 open=2 | in=     1000/s | total txns=2476 msgs=24760 aborts=0 errs=0
[17:00:39] offered=     1002/s achieved=     1002/s shed=        0/s inflight=     0 | p50=   6.30 p99=    8.77 p999=    9.41 ms | push=35010 pop=34560 lag=450 | errs push=0 pop=0 empty=0 gor=2360 | ack=      980/s ackErr=0 ackAvg=0.00ms | e2e p50=28.80 p99=37.12 p999=40.19 n=9800 | e2e_local p50=28.54 p99=37.12 n=2710
[txn] 17:00:39 txn=      98/s msgs=      980/s avg= 10.00 msg/txn | commit p50=21.89 p99=26.75 p999=27.78 ms | aborts=0 errs=0 open=0 | in=      978/s | total txns=3456 msgs=34560 aborts=0 errs=0
[17:00:49] offered=      999/s achieved=      999/s shed=        0/s inflight=     0 | p50=   6.30 p99=    8.77 p999=   10.30 ms | push=45000 pop=44390 lag=610 | errs push=0 pop=0 empty=0 gor=2386 | ack=      983/s ackErr=0 ackAvg=0.00ms | e2e p50=29.06 p99=37.12 p999=39.17 n=9830 | e2e_local p50=29.06 p99=37.63 n=2700
[txn] 17:00:49 txn=      98/s msgs=      983/s avg= 10.00 msg/txn | commit p50=21.89 p99=27.78 p999=30.59 ms | aborts=0 errs=0 open=14 | in=      997/s | total txns=4439 msgs=44390 aborts=0 errs=0
[17:00:59] offered=      999/s achieved=      999/s shed=        0/s inflight=     0 | p50=   6.24 p99=    8.64 p999=    9.28 ms | push=54990 pop=54340 lag=650 | errs push=0 pop=0 empty=0 gor=2363 | ack=      995/s ackErr=0 ackAvg=0.00ms | e2e p50=28.54 p99=38.66 p999=44.29 n=9950 | e2e_local p50=28.29 p99=38.14 n=2760
[txn] 17:00:59 txn=      99/s msgs=      995/s avg= 10.00 msg/txn | commit p50=21.63 p99=27.26 p999=29.31 ms | aborts=0 errs=0 open=0 | in=      981/s | total txns=5434 msgs=54340 aborts=0 errs=0
[drain] workers and readers keep going for up to 59.999s (ends early after 3s idle; lag now 860)
[17:01:09] offered=     1002/s achieved=     1002/s shed=        0/s inflight=     0 | p50=   6.30 p99=    8.51 p999=    9.15 ms | push=65010 pop=64150 lag=860 | errs push=0 pop=0 empty=0 gor=2370 | ack=      981/s ackErr=0 ackAvg=0.00ms | e2e p50=28.54 p99=38.66 p999=44.80 n=9810 | e2e_local p50=28.54 p99=37.12 n=2700
[txn] 17:01:09 txn=      98/s msgs=      981/s avg= 10.00 msg/txn | commit p50=21.63 p99=26.75 p999=29.57 ms | aborts=0 errs=0 open=8 | in=      989/s | total txns=6415 msgs=64150 aborts=0 errs=0
[drain] idle for 3s after 3.1s: ending the drain (lag 770)
[info] txn workers: 0 re-subscriptions after an abort, 0 messages held outside a transaction at the stop (left unacked)
[info] producers created: 22 per-partition producers (shard), 0 creation errors, avg creation 11.7 ms
[info] steady window 60s (after the ramp, before the producers stopped): offered 1000/s pushed 1000/s popped 986/s cpu 19.5% = 19.47 cores per 100k msg/s (produce+consume)
[final] offered=6501 achieved=6501 shed=0 (msgs: offered=65010 achieved=65010 shed=0) pushErr=0 | pushed=65010 popped=64240 lag=770 | popErr=0 empty=0 | overall p50=6.30 p99=8.90 p999=20.35 ms | acked=64240 ackErr=0 ackLag=770 ackAvg=0.00ms | e2e p50=29.06 p99=38.66 p999=90.62 ms
load_cpu=15.0%
[txn-final] txns=6424 msgs=64240 aborts=0 errs=0 in=64240 avg=10.00 msg/txn | commit p50=22.14 p99=28.54 p999=64.26 max=70.14 ms
[ids] ledger /root/bench/runs/txn/pulsar/1x200-t10-9k/ids/p4.ids: 65010 confirmed, 0 failed, 0 unanswered
