pload tag=1x200-t10-36k-p8 loader=8/9 mode=batch rate=4000 msg/s batch=10 batch-max=0 max-inflight=5000 ramp=10s duration=1m10s report=10s drain=1m0s GOMAXPROCS=16 GOGC=400 seed=1790879386209659006
  offered: 4000 msg/s = 400.0 units/s (avg 10.0 msgs/unit) across 9 pacer workers (44.44 units/s each)
  topics: 1 x 200 partitions (x1x200-t10-36k..x1x200-t10-36k), entities/topic=0 (explicit partition) | picker: topics=rr entities: rr over space=22 starting at 0 [producer shard 8/9: partitions p % 9 == 8, entity j -> partition 8 + j*9]
  payload: goload jsonEvent target 256 B, avg 289.7 B raw, ~320 B stamped ({"ts":µs,"src":8,...}), pool 64x10
  consumers: 22 here (ci 176..197 of 198), poll=1000 proc-us=0 ack=async ack-inflight=256 local-src=[6 7 8]
  pulsar: url=pulsar://10.114.0.2:6650,10.114.0.3:6650,10.114.0.4:6650 admin=http://10.114.0.2:8080 ns=bench/ns sub=sub type=failover compression=lz4 batch=5ms/10 msgs/131072 B max-pending=100000/partition mem-limit=64 MB receiver-queue=1000 ack-group=100ms conns/broker=1 | feeder batches capped at -txn-size messages (whole entries per transaction) | txn: x1x200-t10-36k-in -> 22 workers (own client + TC each, NewTransaction timeout 10s, send+AckWithTxn on whole entries, txn-size 10, linger 1s) -> x1x200-t10-36k-out, 22 readers
  [admin] 2 topics with 200 partitions and subscription "sub" exist (checked in 0.0s)
  [txn] 22 workers (ci 176..197 of 198, 0 idle): each its own client + TC, a failover consumer on its partitions of x1x200-t10-36k-in, 22 producers on x1x200-t10-36k-out in all; txn-size 10, linger 1s, txn-timeout 10s; ready in 1.1s
  [consume] 22 consumers (ci 176..197 of 198), failover, partition slices (every partition exactly one consumer): 22 partition registrations here, 200 in total across all processes; idle 0 here, 0 in total; subscribed in 0.0s, settling 2s
  [produce] producer shard 8/9: 22 partitions per topic (p % 9 == 8) x 1 topics, per-partition producers created lazily on first use
READY 1790879124571
[start] waiting 9.261s for the common start 1790879138663
[start] GO 18:25:38.663 (unix ms 1790879138663)
[18:25:48] offered=     2001/s achieved=     1999/s shed=        0/s inflight=     2 | p50=   5.92 p99=   18.30 p999=   26.24 ms | push=19990 pop=19640 lag=350 | errs push=0 pop=0 empty=0 gor=3364 | ack=     1964/s ackErr=0 ackAvg=0.00ms | e2e p50=31.36 p99=81.41 p999=104.96 n=19640 | e2e_local p50=31.36 p99=86.53 n=8100
[txn] 18:25:48 txn=     196/s msgs=     1964/s avg= 10.00 msg/txn | commit p50=25.73 p99=62.21 p999=78.34 ms | aborts=0 errs=0 open=1 | in=     1965/s | total txns=1964 msgs=19640 aborts=0 errs=0
[18:25:58] offered=     3999/s achieved=     3999/s shed=        0/s inflight=     2 | p50=   5.92 p99=    9.28 p999=   16.51 ms | push=59980 pop=59360 lag=620 | errs push=0 pop=0 empty=0 gor=5360 | ack=     3972/s ackErr=0 ackAvg=0.00ms | e2e p50=31.10 p99=45.31 p999=73.22 n=39720 | e2e_local p50=31.36 p99=44.80 n=16380
[txn] 18:25:58 txn=     397/s msgs=     3972/s avg= 10.00 msg/txn | commit p50=25.73 p99=37.12 p999=68.10 ms | aborts=0 errs=0 open=1 | in=     3972/s | total txns=5936 msgs=59360 aborts=0 errs=0
[18:26:08] offered=     4000/s achieved=     3999/s shed=        0/s inflight=     4 | p50=   5.79 p99=    9.02 p999=    9.92 ms | push=99970 pop=98990 lag=980 | errs push=0 pop=0 empty=0 gor=5360 | ack=     3963/s ackErr=0 ackAvg=0.00ms | e2e p50=30.85 p99=39.17 p999=42.24 n=39630 | e2e_local p50=30.85 p99=39.68 n=16340
[txn] 18:26:08 txn=     396/s msgs=     3960/s avg= 10.00 msg/txn | commit p50=25.22 p99=29.57 p999=31.10 ms | aborts=0 errs=0 open=9 | in=     3971/s | total txns=9896 msgs=98960 aborts=0 errs=0
[18:26:18] offered=     4000/s achieved=     4002/s shed=        0/s inflight=     1 | p50=   5.79 p99=    9.15 p999=   10.05 ms | push=139990 pop=138620 lag=1370 | errs push=0 pop=0 empty=0 gor=5369 | ack=     3963/s ackErr=0 ackAvg=0.00ms | e2e p50=30.85 p99=39.68 p999=43.26 n=39630 | e2e_local p50=31.10 p99=39.68 n=16330
[txn] 18:26:18 txn=     397/s msgs=     3966/s avg= 10.00 msg/txn | commit p50=25.22 p99=30.34 p999=35.58 ms | aborts=0 errs=0 open=18 | in=     3972/s | total txns=13862 msgs=138620 aborts=0 errs=0
[18:26:28] offered=     4000/s achieved=     3998/s shed=        0/s inflight=     3 | p50=   5.79 p99=    9.15 p999=   10.43 ms | push=179970 pop=178340 lag=1630 | errs push=0 pop=0 empty=0 gor=5389 | ack=     3972/s ackErr=0 ackAvg=0.00ms | e2e p50=30.85 p99=39.68 p999=42.24 n=39720 | e2e_local p50=31.10 p99=39.68 n=16380
[txn] 18:26:28 txn=     397/s msgs=     3972/s avg= 10.00 msg/txn | commit p50=25.22 p99=30.34 p999=32.64 ms | aborts=0 errs=0 open=18 | in=     3972/s | total txns=17834 msgs=178340 aborts=0 errs=0
[18:26:38] offered=     4000/s achieved=     4000/s shed=        0/s inflight=     3 | p50=   5.86 p99=    9.15 p999=   10.43 ms | push=219970 pop=218040 lag=1930 | errs push=0 pop=0 empty=0 gor=5344 | ack=     3970/s ackErr=0 ackAvg=0.00ms | e2e p50=30.85 p99=39.68 p999=44.80 n=39700 | e2e_local p50=31.10 p99=39.68 n=16380
[txn] 18:26:38 txn=     397/s msgs=     3970/s avg= 10.00 msg/txn | commit p50=25.22 p99=31.62 p999=36.10 ms | aborts=0 errs=0 open=6 | in=     3958/s | total txns=21804 msgs=218040 aborts=0 errs=0
[18:26:48] offered=     4000/s achieved=     4000/s shed=        0/s inflight=     3 | p50=   5.86 p99=    9.28 p999=   10.94 ms | push=259970 pop=257780 lag=2190 | errs push=0 pop=0 empty=0 gor=5351 | ack=     3974/s ackErr=0 ackAvg=0.00ms | e2e p50=30.85 p99=39.68 p999=46.34 n=39740 | e2e_local p50=31.10 p99=40.19 n=16380
[txn] 18:26:48 txn=     397/s msgs=     3974/s avg= 10.00 msg/txn | commit p50=25.22 p99=31.10 p999=33.54 ms | aborts=0 errs=0 open=0 | in=     3968/s | total txns=25778 msgs=257780 aborts=0 errs=0
[drain] workers and readers keep going for up to 59.994s (ends early after 3s idle; lag now 2220)
[drain] idle for 3s after 3.0s: ending the drain (lag 2220)
[info] txn workers: 0 re-subscriptions after an abort, 0 messages held outside a transaction at the stop (left unacked)
[info] producers created: 22 per-partition producers (shard), 0 creation errors, avg creation 15.5 ms
[info] steady window 60s (after the ramp, before the producers stopped): offered 4000/s pushed 4000/s popped 3969/s cpu 48.1% = 12.03 cores per 100k msg/s (produce+consume)
[final] offered=26000 achieved=26000 shed=0 (msgs: offered=260000 achieved=260000 shed=0) pushErr=0 | pushed=260000 popped=257780 lag=2220 | popErr=0 empty=0 | overall p50=5.86 p99=9.28 p999=16.32 ms | acked=257780 ackErr=0 ackLag=2220 ackAvg=0.00ms | e2e p50=30.85 p99=40.19 p999=73.22 ms
load_cpu=36.1%
[txn-final] txns=25778 msgs=257780 aborts=0 errs=0 in=257780 avg=10.00 msg/txn | commit p50=25.22 p99=32.13 p999=62.21 max=80.38 ms
[ids] ledger /root/bench/runs/txn/pulsar/1x200-t10-36k/ids/p8.ids: 260000 confirmed, 0 failed, 0 unanswered
