{"role":"producer","event":"start","queues":["bench-bp-100"],"queueCount":1,"numWorkers":1,"conns":50,"duration":300,"maxPartition":1000,"msgsPerPush":100,"timestamp":"2026-06-07T08:12:58.562Z"}
(node:30153) [MODULE_TYPELESS_PACKAGE_JSON] Warning: Module type of file:///home/queen/examples/bench-producer.js is not specified and it doesn't parse as CommonJS.
Reparsing as ES module because module syntax was detected. This incurs a performance overhead.
To eliminate this warning, add "type": "module" to /home/queen/examples/package.json.
(Use `node --trace-warnings ...` to show where the warning was created)
(node:30183) [MODULE_TYPELESS_PACKAGE_JSON] Warning: Module type of file:///home/queen/examples/bench-producer.js is not specified and it doesn't parse as CommonJS.
Reparsing as ES module because module syntax was detected. This incurs a performance overhead.
To eliminate this warning, add "type": "module" to /home/queen/examples/package.json.
(Use `node --trace-warnings ...` to show where the warning was created)
{
  "role": "producer",
  "event": "result",
  "totalRequests": 102104,
  "totalMessages": 10210400,
  "reqPerSec": 340,
  "msgPerSec": 34000,
  "latency": {
    "p50": 160,
    "p90": 169,
    "p99": 229,
    "avg": 146.62,
    "max": 1058
  },
  "errors": 0,
  "non2xx": 0,
  "timeouts": 0,
  "durationSec": 300
}
