WARN max-pending 1000000 per partition producer would preallocate 503 MB over 22 partitions (24 B/slot); using 127100 (-pending-budget-mb 64)
pload tag=pA-r300k loader=8/9 mode=batch rate=33333 msg/s batch=100 batch-max=0 max-inflight=5000 ramp=10s duration=1m10s report=10s drain=0s GOMAXPROCS=16 GOGC=400(default) seed=1790837389058659458
  offered: 33333 msg/s = 333.3 units/s (avg 100.0 msgs/unit) across 7 pacer workers (47.62 units/s each)
  topics: 1 x 200 partitions (load..load), entities/topic=0 (explicit partition) | picker: topics=rr entities: rr over space=22 starting at 0 [producer shard 8/9: partitions p % 9 == 8, entity j -> partition 8 + j*9]
  payload: goload jsonEvent target 256 B, avg 289.5 B raw, ~320 B stamped ({"ts":µs,"src":8,...}), pool 64x100
  consumers: 22 here (ci 176..197 of 198), poll=1000 proc-us=0 ack=async ack-inflight=256 local-src=[6 7 8]
  pulsar: url=pulsar://10.114.0.2:6650,10.114.0.3:6650,10.114.0.4:6650 admin=http://10.114.0.2:8080 ns=bench/ns sub=sub type=failover compression=lz4 batch=5ms/1000 msgs/131072 B key-batching=false max-pending=127100/partition mem-limit=365 MB receiver-queue=1000 ack-group=100ms conns/broker=1
  [admin] 1 topics with 200 partitions and subscription "sub" exist (checked in 0.1s)
  [consume] 22 consumers (ci 176..197 of 198), failover, partition slices (every partition exactly one consumer): 22 partition registrations here, 200 in total across all processes; idle 0 here, 0 in total; subscribed in 0.0s, settling 2s
  [produce] producer shard 8/9: 22 partitions per topic (p % 9 == 8) x 1 topics, per-partition producers created lazily on first use
READY 1790837526432
[start] waiting 8.241s for the common start 1790837544549
[start] GO 06:52:24.549 (unix ms 1790837544549)
[06:52:34] offered=    16669/s achieved=    16639/s shed=        0/s inflight=     3 | p50=   6.56 p99=   18.56 p999=   28.29 ms | push=166400 pop=163800 lag=2600 | errs push=0 pop=0 empty=0 gor=242 | ack=    16379/s ackErr=0 ackAvg=0.01ms | e2e p50=7.07 p99=20.10 p999=30.34 n=163800 | e2e_local p50=6.88 p99=22.66 n=67500
[06:52:44] offered=    33332/s achieved=    33342/s shed=        0/s inflight=     2 | p50=   6.18 p99=    9.15 p999=    9.79 ms | push=499800 pop=495400 lag=4400 | errs push=0 pop=0 empty=0 gor=242 | ack=    33162/s ackErr=0 ackAvg=0.01ms | e2e p50=6.75 p99=14.40 p999=15.04 n=331600 | e2e_local p50=6.50 p99=14.14 n=136800
[06:52:54] offered=    33320/s achieved=    33330/s shed=        0/s inflight=     2 | p50=   6.24 p99=   12.74 p999=   20.35 ms | push=833100 pop=825200 lag=7900 | errs push=0 pop=0 empty=0 gor=242 | ack=    32980/s ackErr=0 ackAvg=0.01ms | e2e p50=6.75 p99=14.66 p999=18.30 n=329800 | e2e_local p50=6.43 p99=14.27 n=135900
[06:53:04] offered=    33338/s achieved=    33328/s shed=        0/s inflight=     2 | p50=   6.18 p99=    9.02 p999=    9.92 ms | push=1166400 pop=1156800 lag=9600 | errs push=0 pop=0 empty=0 gor=242 | ack=    33158/s ackErr=0 ackAvg=0.01ms | e2e p50=6.69 p99=14.27 p999=15.17 n=331600 | e2e_local p50=6.37 p99=13.76 n=136800
[06:53:14] offered=    33350/s achieved=    33330/s shed=        0/s inflight=     4 | p50=   6.24 p99=    9.92 p999=   15.04 ms | push=1499700 pop=1486600 lag=13100 | errs push=0 pop=0 empty=0 gor=242 | ack=    32980/s ackErr=0 ackAvg=0.01ms | e2e p50=6.75 p99=14.53 p999=17.02 n=329800 | e2e_local p50=6.50 p99=14.27 n=135900
[06:53:24] offered=    33330/s achieved=    33340/s shed=        0/s inflight=     3 | p50=   6.05 p99=    9.15 p999=   10.43 ms | push=1833100 pop=1818200 lag=14900 | errs push=0 pop=0 empty=0 gor=242 | ack=    33160/s ackErr=0 ackAvg=0.01ms | e2e p50=6.62 p99=14.14 p999=14.91 n=331600 | e2e_local p50=6.30 p99=13.76 n=136800
[06:53:34] offered=    33321/s achieved=    33331/s shed=        0/s inflight=     1 | p50=   6.18 p99=   14.02 p999=   20.35 ms | push=2166400 pop=2147902 lag=18498 | errs push=0 pop=0 empty=0 gor=235 | ack=    32971/s ackErr=0 ackAvg=0.01ms | e2e p50=6.75 p99=14.53 p999=17.79 n=329702 | e2e_local p50=6.37 p99=14.02 n=135900
[info] producers created: 22 per-partition producers (shard), 0 creation errors, avg creation 14.6 ms
[info] steady window 60s (after the ramp, before the producers stopped): offered 33332/s pushed 33334/s popped 33069/s cpu 33.5% = 1.00 cores per 100k msg/s (produce+consume)
[final] offered=21666 achieved=21666 shed=0 (msgs: offered=2166600 achieved=2166600 shed=0) pushErr=0 | pushed=2166600 popped=2147902 lag=18698 | popErr=0 empty=0 | overall p50=6.24 p99=9.92 p999=20.10 ms | acked=2147902 ackErr=0 ackLag=18698 ackAvg=0.01ms | e2e p50=6.75 p99=14.53 p999=19.33 ms
load_cpu=25.3%
