kload tag=1x200-t10-18k-p2 loader=2/9 mode=batch rate=2000 msg/s batch=10 batch-max=0 max-inflight=5000 ramp=10s duration=1m10s report=10s drain=1m0s GOMAXPROCS=16 GOGC=400 seed=1790871681603379795
  offered: 2000 msg/s = 200.0 units/s (avg 10.0 msgs/unit) across 5 pacer workers (40.00 units/s each)
  topics: 1 x 200 partitions (x1x200-t10-18k..x1x200-t10-18k), entities/topic=0 (explicit partition) | picker: topics=rr entities: rr over space=200 starting at 44
  payload: goload jsonEvent target 256 B, avg 289.6 B raw, ~320 B stamped ({"ts":µs,"src":2,...}), pool 64x10
  consumers: 22 here (ci 44..65 of 198), poll=1000 proc-us=0 ack=async ack-inflight=256 local-src=[0 1 2]
  kafka: brokers=10.114.0.2:9092,10.114.0.3:9092,10.114.0.4:9092 rf=3 min-isr=2 producers=4 linger=5ms compression=lz4 acks=all idempotent batch-max-bytes=1048576 | consumers: protocol=classic fetch-max-wait=500ms fetch-min-bytes=1 fetch-max-partition-bytes=1048576 session=45s | txn: x1x200-t10-18k-in -> 22 workers (GroupTransactSession, transactional.id per worker, txn-timeout 10s, concurrent-txn backoff 20ms, metadata-min-age 250ms, txn-size 10, linger 1s, read_committed) -> x1x200-t10-18k-out, 22 read_committed readers
  [topic] READY after 0.0s: 2 topics x 200 partitions, leaders + full ISR
  [config] broker.compression.type = producer (STATIC_BROKER_CONFIG)
  [config] broker.default.replication.factor = 3 (STATIC_BROKER_CONFIG)
  [config] broker.group.consumer.assignors = uniform,range (DEFAULT_CONFIG)
  [config] broker.group.coordinator.rebalance.protocols = classic,consumer,streams (DEFAULT_CONFIG)
  [config] broker.group.initial.rebalance.delay.ms = 3000 (DEFAULT_CONFIG)
  [config] broker.log.flush.interval.messages = 9223372036854775807 (DEFAULT_CONFIG)
  [config] broker.log.flush.interval.ms = <nil> (DEFAULT_CONFIG)
  [config] broker.max.incremental.fetch.session.cache.slots = 4000 (STATIC_BROKER_CONFIG)
  [config] broker.min.insync.replicas = 2 (DYNAMIC_DEFAULT_BROKER_CONFIG)
  [config] broker.num.io.threads = 16 (STATIC_BROKER_CONFIG)
  [config] broker.num.network.threads = 8 (STATIC_BROKER_CONFIG)
  [config] broker.num.replica.fetchers = 8 (STATIC_BROKER_CONFIG)
  [config] topic.compression.type = producer (STATIC_BROKER_CONFIG)
  [config] topic.flush.messages = 9223372036854775807 (DEFAULT_CONFIG)
  [config] topic.flush.ms = 9223372036854775807 (DEFAULT_CONFIG)
  [config] topic.max.message.bytes = 16777216 (STATIC_BROKER_CONFIG)
  [config] topic.message.timestamp.type = CreateTime (DEFAULT_CONFIG)
  [config] topic.min.insync.replicas = 2 (DYNAMIC_TOPIC_CONFIG)
  [config] topic.retention.ms = 600000 (DYNAMIC_TOPIC_CONFIG)
  [config] topic.segment.bytes = 268435456 (DYNAMIC_TOPIC_CONFIG)
  [config] topic.unclean.leader.election.enable = false (STATIC_BROKER_CONFIG)
  [group] 22 txn workers (GroupTransactSession) in 1 groups (x1x200-t10-18k-in-g-t0 ... ), protocol classic
  [group] 22 consumers in 1 groups (x1x200-t10-18k-out-g-t0 ... ), protocol classic
  [group] t=+0.0s waiting: x1x200-t10-18k-in-g-t0: local members 22/198 hold 0/200 partitions (group-wide ? members=0 assigned=0)
  [group] t=+2.0s waiting: x1x200-t10-18k-in-g-t0: local members 22/198 hold 0/200 partitions (group-wide PreparingRebalance members=198 assigned=0)
  [group] t=+4.0s waiting: x1x200-t10-18k-in-g-t0: local members 22/198 hold 0/200 partitions (group-wide PreparingRebalance members=198 assigned=0)
  [group] t=+6.0s waiting: x1x200-t10-18k-in-g-t0: local members 22/198 hold 0/200 partitions (group-wide PreparingRebalance members=198 assigned=0)
  [group] t=+8.0s waiting: x1x200-t10-18k-in-g-t0: local members 22/198 hold 22/200 partitions (group-wide Stable members=198 assigned=200)
  [group] STABLE after 10.1s: 1 groups, 22 local members holding 22 partitions, assignEv=22 revokeEv=0 lostEv=0
  [group] t=+0.0s waiting: x1x200-t10-18k-out-g-t0: local members 22/198 hold 22/200 partitions (group-wide Stable members=198 assigned=200)
  [group] t=+2.0s waiting: x1x200-t10-18k-out-g-t0: local members 22/198 hold 22/200 partitions (group-wide Stable members=198 assigned=200)
  [group] STABLE after 3.0s: 1 groups, 22 local members holding 22 partitions, assignEv=22 revokeEv=0 lostEv=0
  [produce] 4 clients connected to every broker with producer IDs in 0.01s; max buffered 51024 records per client
READY 1790871374947
[start] waiting 9.333s for the common start 1790871391718
[start] GO 16:16:31.718 (unix ms 1790871391718)
[16:16:41] offered=     1000/s achieved=      998/s shed=        0/s inflight=     2 | p50=   8.26 p99=   14.02 p999=   26.50 ms | push=9980 pop=9680 lag=300 | errs push=0 pop=0 empty=0 gor=427 | ack=      968/s ackErr=0 ackAvg=2.91ms | e2e p50=25.22 p99=296.96 p999=366.59 n=9680 | e2e_local p50=25.22 p99=280.58 n=3190
[txn] 16:16:41 txn=      97/s msgs=      970/s avg= 10.00 msg/txn | commit p50=14.53 p99=148.48 p999=248.83 ms | aborts=0 errs=0 open=9 | in=      979/s | total txns=992 msgs=9722 aborts=0 errs=0
[16:16:51] offered=     2000/s achieved=     2000/s shed=        0/s inflight=     2 | p50=   7.90 p99=   10.56 p999=   13.38 ms | push=29980 pop=28720 lag=1260 | errs push=0 pop=0 empty=0 gor=425 | ack=     1904/s ackErr=0 ackAvg=2.43ms | e2e p50=24.70 p99=1515.52 p999=1646.59 n=19040 | e2e_local p50=24.96 p99=1482.75 n=6330
[txn] 16:16:51 txn=     190/s msgs=     1905/s avg= 10.00 msg/txn | commit p50=13.76 p99=230.40 p999=254.98 ms | aborts=0 errs=0 open=8 | in=     1904/s | total txns=2897 msgs=28772 aborts=0 errs=0
[16:17:01] offered=     2000/s achieved=     2000/s shed=        0/s inflight=     2 | p50=   7.84 p99=    9.79 p999=   13.89 ms | push=49980 pop=48060 lag=1920 | errs push=0 pop=0 empty=0 gor=428 | ack=     1934/s ackErr=0 ackAvg=2.24ms | e2e p50=22.40 p99=2506.75 p999=2801.66 n=19340 | e2e_local p50=23.17 p99=2342.91 n=6470
[txn] 16:17:01 txn=     193/s msgs=     1931/s avg= 10.00 msg/txn | commit p50=12.35 p99=140.29 p999=252.93 ms | aborts=0 errs=0 open=8 | in=     1931/s | total txns=4828 msgs=48082 aborts=0 errs=0
[16:17:11] offered=     2000/s achieved=     2000/s shed=        0/s inflight=     2 | p50=   7.84 p99=    9.66 p999=   14.27 ms | push=69980 pop=67370 lag=2610 | errs push=0 pop=0 empty=0 gor=428 | ack=     1931/s ackErr=0 ackAvg=2.15ms | e2e p50=22.40 p99=3883.01 p999=3981.31 n=19310 | e2e_local p50=22.66 p99=3883.01 n=6470
[txn] 16:17:11 txn=     193/s msgs=     1934/s avg= 10.00 msg/txn | commit p50=12.22 p99=134.14 p999=252.93 ms | aborts=0 errs=0 open=8 | in=     1934/s | total txns=6762 msgs=67422 aborts=0 errs=0
[16:17:21] offered=     2000/s achieved=     2000/s shed=        0/s inflight=     2 | p50=   7.84 p99=    9.66 p999=   14.14 ms | push=89980 pop=86590 lag=3390 | errs push=0 pop=0 empty=0 gor=428 | ack=     1922/s ackErr=0 ackAvg=2.12ms | e2e p50=22.40 p99=4882.43 p999=5013.50 n=19220 | e2e_local p50=22.91 p99=4882.43 n=6380
[txn] 16:17:21 txn=     192/s msgs=     1920/s avg= 10.00 msg/txn | commit p50=12.35 p99=140.29 p999=254.98 ms | aborts=0 errs=0 open=8 | in=     1920/s | total txns=8682 msgs=86622 aborts=0 errs=0
[16:17:31] offered=     2000/s achieved=     2000/s shed=        0/s inflight=     2 | p50=   7.78 p99=    9.41 p999=   13.89 ms | push=109980 pop=105920 lag=4060 | errs push=0 pop=0 empty=0 gor=428 | ack=     1933/s ackErr=0 ackAvg=2.08ms | e2e p50=22.14 p99=5931.01 p999=6127.62 n=19330 | e2e_local p50=22.66 p99=5931.01 n=6450
[txn] 16:17:31 txn=     194/s msgs=     1935/s avg= 10.00 msg/txn | commit p50=12.22 p99=138.24 p999=252.93 ms | aborts=0 errs=0 open=8 | in=     1935/s | total txns=10617 msgs=105972 aborts=0 errs=0
[16:17:41] offered=     2000/s achieved=     2000/s shed=        0/s inflight=     2 | p50=   7.78 p99=    9.54 p999=   15.42 ms | push=129980 pop=125410 lag=4570 | errs push=0 pop=0 empty=0 gor=421 | ack=     1949/s ackErr=0 ackAvg=2.05ms | e2e p50=22.40 p99=6717.44 p999=6782.98 n=19490 | e2e_local p50=22.66 p99=6586.37 n=6470
[txn] 16:17:41 txn=     195/s msgs=     1948/s avg= 10.00 msg/txn | commit p50=12.22 p99=132.10 p999=252.93 ms | aborts=0 errs=0 open=8 | in=     1948/s | total txns=12565 msgs=125452 aborts=0 errs=0
[drain] workers and readers keep going for up to 59.995s (ends early after 3s idle; lag now 4580)
[drain] idle for 3s after 7.6s: ending the drain (lag 1300)
[info] txn workers began 12892 transactions
[info] steady window 60s (after the ramp, before the producers stopped): offered 2000/s pushed 2000/s popped 1929/s cpu 33.4% = 16.68 cores per 100k msg/s (produce+consume)
[info] 44 warm-up messages (no "ts") received and not counted as load
[final] offered=13000 achieved=13000 shed=0 (msgs: offered=130000 achieved=130000 shed=0) pushErr=0 | pushed=130000 popped=128700 lag=1300 | popErr=0 empty=0 | overall p50=7.84 p99=10.18 p999=15.30 ms | acked=128700 ackErr=0 ackLag=1300 ackAvg=2.04ms | e2e p50=23.17 p99=6127.62 p999=6782.98 ms
load_cpu=21.3%
[txn-final] txns=12892 msgs=128722 aborts=0 errs=0 in=128722 avg=9.98 msg/txn | commit p50=12.74 p99=144.38 p999=528.38 max=847.87 ms
[ids] ledger /root/bench/runs/txn/kafka/1x200-t10-18k/ids/p2.ids: 130000 confirmed, 0 failed, 0 unanswered
