kload tag=c3-1x100k-1000k-p8 loader=8/9 mode=batch rate=111111 msg/s batch=100 batch-max=0 max-inflight=5000 ramp=10s duration=1m10s report=10s drain=0s GOMAXPROCS=16 GOGC=400 seed=1790894522885986193
  offered: 111111 msg/s = 1111.1 units/s (avg 100.0 msgs/unit) across 23 pacer workers (48.31 units/s each)
  topics: 1 x 100000 partitions (kc3-1x100k-1000k..kc3-1x100k-1000k), entities/topic=0 (explicit partition) | picker: topics=rr entities: rr over space=100000 starting at 88888
  payload: goload jsonEvent target 256 B, avg 289.5 B raw, ~320 B stamped ({"ts":µs,"src":8,...}), pool 64x100
  consumers: 33 here (ci 264..296 of 297), poll=1000 proc-us=0 ack=async ack-inflight=256 local-src=[6 7 8]
  kafka: brokers=10.114.0.2:9092,10.114.0.3:9092,10.114.0.4:9092 rf=3 min-isr=2 producers=4 linger=5ms compression=lz4 acks=all idempotent batch-max-bytes=1048576 | consumers: protocol=classic fetch-max-wait=500ms fetch-min-bytes=1 fetch-max-partition-bytes=1048576 session=45s
  [topic] READY after 0.1s: 1 topics x 100000 partitions, leaders + full ISR
  [config] broker.compression.type = producer (DEFAULT_CONFIG)
  [config] broker.group.initial.rebalance.delay.ms = 3000 (STATIC_BROKER_CONFIG)
  [config] topic.min.insync.replicas = 1 (DYNAMIC_TOPIC_CONFIG)
  [config] topic.retention.ms = 600000 (DYNAMIC_TOPIC_CONFIG)
  [group] 33 consumers in 1 groups (kc3-1x100k-1000k-g-t0 ... ), protocol classic
  [group] t=+0.3s waiting: kc3-1x100k-1000k-g-t0: local members 33/297 hold 0/100000 partitions (group-wide PreparingRebalance members=2 assigned=0)
  [group] t=+2.3s waiting: kc3-1x100k-1000k-g-t0: local members 33/297 hold 0/100000 partitions (group-wide PreparingRebalance members=297 assigned=0)
  [group] t=+4.3s waiting: kc3-1x100k-1000k-g-t0: local members 33/297 hold 0/100000 partitions (group-wide PreparingRebalance members=297 assigned=0)
  [group] t=+6.4s waiting: kc3-1x100k-1000k-g-t0: local members 33/297 hold 11110/100000 partitions (group-wide Stable members=297 assigned=100000)
  [group] t=+8.4s waiting: kc3-1x100k-1000k-g-t0: local members 33/297 hold 11110/100000 partitions (group-wide Stable members=297 assigned=100000)
  [group] STABLE after 9.3s: 1 groups, 33 local members holding 11110 partitions, assignEv=33 revokeEv=0 lostEv=0
  [produce] 4 clients connected to every broker with producer IDs in 0.04s; max buffered 501024 records per client
READY 1790894733736
[start] waiting 9.363s for the common start 1790894749028
[start] GO 22:45:49.028 (unix ms 1790894749028)
[22:45:59] offered=    55535/s achieved=    54965/s shed=        0/s inflight=    59 | p50=  18.56 p99=   78.34 p999=  248.83 ms | push=549700 pop=546012 lag=3688 | errs push=0 pop=0 empty=0 gor=726 | ack=    51255/s ackErr=0 ackAvg=55.03ms | e2e p50=21.12 p99=112.13 p999=257.02 n=546012 | e2e_local p50=20.35 p99=122.37 n=182812
[22:46:09] offered=   111118/s achieved=   111088/s shed=        0/s inflight=    60 | p50=  50.94 p99=  112.13 p999=  232.45 ms | push=1660500 pop=1654900 lag=5600 | errs push=0 pop=0 empty=0 gor=717 | ack=   106628/s ackErr=0 ackAvg=282.74ms | e2e p50=111.10 p99=257.02 p999=342.02 n=1108888 | e2e_local p50=109.06 p99=242.69 n=369388
[22:46:19] offered=   111092/s achieved=   110942/s shed=        0/s inflight=    75 | p50=  48.90 p99=   95.74 p999=  113.15 ms | push=2769900 pop=2767264 lag=2636 | errs push=0 pop=0 empty=0 gor=746 | ack=   112842/s ackErr=0 ackAvg=357.12ms | e2e p50=103.94 p99=197.63 p999=222.21 n=1112364 | e2e_local p50=102.91 p99=191.49 n=370300
[22:46:29] offered=   111112/s achieved=   111082/s shed=        0/s inflight=    85 | p50=  55.55 p99=  111.10 p999=  129.54 ms | push=3880700 pop=3876400 lag=4300 | errs push=0 pop=0 empty=0 gor=733 | ack=   109502/s ackErr=0 ackAvg=404.17ms | e2e p50=123.39 p99=238.59 p999=272.38 n=1109136 | e2e_local p50=120.32 p99=238.59 n=369700
[22:46:39] offered=   111131/s achieved=   111251/s shed=        0/s inflight=    65 | p50=  60.67 p99=  121.34 p999=  142.34 ms | push=4993500 pop=4989200 lag=4300 | errs push=0 pop=0 empty=0 gor=736 | ack=   111591/s ackErr=0 ackAvg=438.38ms | e2e p50=132.10 p99=246.78 p999=280.58 n=1112800 | e2e_local p50=132.10 p99=248.83 n=369800
[22:46:49] offered=   111071/s achieved=   110771/s shed=        0/s inflight=    96 | p50=  56.06 p99=  107.01 p999=  127.49 ms | push=6101000 pop=6094800 lag=6200 | errs push=0 pop=0 empty=0 gor=724 | ack=   110791/s ackErr=0 ackAvg=459.52ms | e2e p50=127.49 p99=230.40 p999=254.98 n=1105800 | e2e_local p50=129.54 p99=232.45 n=368100
[22:46:59] offered=   111154/s achieved=   111224/s shed=        0/s inflight=    83 | p50=  57.60 p99=  117.25 p999=  142.34 ms | push=7213200 pop=7204400 lag=8800 | errs push=0 pop=0 empty=0 gor=703 | ack=   111174/s ackErr=0 ackAvg=475.60ms | e2e p50=128.51 p99=254.98 p999=284.67 n=1109400 | e2e_local p50=134.14 p99=250.88 n=369900
[info] steady window 60s (after the ramp, before the producers stopped): offered 111113/s pushed 111060/s popped 110974/s cpu 322.4% = 2.90 cores per 100k msg/s (produce+consume)
[info] 11110 warm-up messages (no "ts") received and not counted as load
[final] offered=72221 achieved=72221 shed=0 (msgs: offered=7222100 achieved=7222100 shed=0) pushErr=0 | pushed=7222100 popped=7214800 lag=7300 | popErr=0 empty=0 | overall p50=52.99 p99=112.13 p999=154.62 ms | acked=7204700 ackErr=0 ackLag=17400 ackAvg=476.26ms | e2e p50=116.22 p99=238.59 p999=288.77 ms
load_cpu=241.9%
