kload tag=c3-1x200-2000k-p3 loader=3/9 mode=batch rate=222222 msg/s batch=100 batch-max=0 max-inflight=5000 ramp=10s duration=1m10s report=10s drain=0s GOMAXPROCS=16 GOGC=400 seed=1790896497450513689
  offered: 222222 msg/s = 2222.2 units/s (avg 100.0 msgs/unit) across 45 pacer workers (49.38 units/s each)
  topics: 1 x 200 partitions (kc3-1x200-2000k..kc3-1x200-2000k), entities/topic=0 (explicit partition) | picker: topics=rr entities: rr over space=200 starting at 66
  payload: goload jsonEvent target 256 B, avg 289.6 B raw, ~320 B stamped ({"ts":µs,"src":3,...}), pool 64x100
  consumers: 22 here (ci 66..87 of 198), poll=1000 proc-us=0 ack=async ack-inflight=256 local-src=[3 4 5]
  kafka: brokers=10.114.0.2:9092,10.114.0.3:9092,10.114.0.4:9092 rf=3 min-isr=2 producers=4 linger=5ms compression=lz4 acks=all idempotent batch-max-bytes=1048576 | consumers: protocol=classic fetch-max-wait=500ms fetch-min-bytes=1 fetch-max-partition-bytes=1048576 session=45s
  [topic] READY after 0.0s: 1 topics x 200 partitions, leaders + full ISR
  [config] broker.compression.type = producer (DEFAULT_CONFIG)
  [config] broker.group.initial.rebalance.delay.ms = 3000 (STATIC_BROKER_CONFIG)
  [config] topic.min.insync.replicas = 1 (DYNAMIC_TOPIC_CONFIG)
  [config] topic.retention.ms = 600000 (DYNAMIC_TOPIC_CONFIG)
  [group] 22 consumers in 1 groups (kc3-1x200-2000k-g-t0 ... ), protocol classic
  [group] t=+0.0s waiting: kc3-1x200-2000k-g-t0: local members 22/198 hold 0/200 partitions (group-wide PreparingRebalance members=16 assigned=0)
  [group] t=+2.0s waiting: kc3-1x200-2000k-g-t0: local members 22/198 hold 0/200 partitions (group-wide PreparingRebalance members=198 assigned=0)
  [group] t=+4.0s waiting: kc3-1x200-2000k-g-t0: local members 22/198 hold 0/200 partitions (group-wide PreparingRebalance members=198 assigned=0)
  [group] t=+6.0s waiting: kc3-1x200-2000k-g-t0: local members 22/198 hold 22/200 partitions (group-wide Stable members=198 assigned=200)
  [group] t=+8.1s waiting: kc3-1x200-2000k-g-t0: local members 22/198 hold 22/200 partitions (group-wide Stable members=198 assigned=200)
  [group] STABLE after 9.1s: 1 groups, 22 local members holding 22 partitions, assignEv=22 revokeEv=0 lostEv=0
  [produce] 4 clients connected to every broker with producer IDs in 0.01s; max buffered 501024 records per client
READY 1790896342610
[start] waiting 9.333s for the common start 1790896358563
[start] GO 23:12:38.563 (unix ms 1790896358563)
[23:12:48] offered=   111139/s achieved=   103769/s shed=        0/s inflight=   737 | p50=  57.09 p99=  305.15 p999=  342.02 ms | push=1037600 pop=1017100 lag=20500 | errs push=0 pop=0 empty=0 gor=566 | ack=    84317/s ackErr=0 ackAvg=238.89ms | e2e p50=138.24 p99=436.22 p999=493.57 n=1017100 | e2e_local p50=138.24 p99=432.13 n=338300
[23:12:58] offered=   222237/s achieved=   206557/s shed=        0/s inflight=  2305 | p50= 815.10 p99= 1843.20 p999= 2113.54 ms | push=3103200 pop=1415676 lag=1687524 | errs push=0 pop=0 empty=0 gor=551 | ack=    36125/s ackErr=0 ackAvg=499.96ms | e2e p50=1597.44 p99=8585.22 p999=8716.29 n=398576 | e2e_local p50=1564.67 p99=8454.14 n=131923
[23:13:08] offered=   222221/s achieved=   212242/s shed=        0/s inflight=  3304 | p50=1433.60 p99= 2539.52 p999= 2703.36 ms | push=5225800 pop=1552783 lag=3673017 | errs push=0 pop=0 empty=0 gor=560 | ack=    14149/s ackErr=0 ackAvg=813.76ms | e2e p50=12648.45 p99=17694.72 p999=17694.72 n=137107 | e2e_local p50=12648.45 p99=17694.72 n=47098
[23:13:18] offered=   222211/s achieved=   215021/s shed=        0/s inflight=  4022 | p50=1826.82 p99= 3817.47 p999= 4227.07 ms | push=7375900 pop=1647940 lag=5727960 | errs push=0 pop=0 empty=0 gor=561 | ack=     9369/s ackErr=0 ackAvg=1118.80ms | e2e p50=22413.31 p99=26869.76 p999=26869.76 n=95157 | e2e_local p50=22413.31 p99=26869.76 n=30995
[23:13:28] offered=   222149/s achieved=   216608/s shed=     2210/s inflight=  4358 | p50=2408.45 p99= 3424.26 p999= 3489.79 ms | push=9541900 pop=1746160 lag=7795740 | errs push=0 pop=0 empty=0 gor=559 | ack=     9750/s ackErr=0 ackAvg=1515.00ms | e2e p50=32112.64 p99=35913.73 p999=36438.02 n=98220 | e2e_local p50=31588.35 p99=35913.73 n=32699
[23:13:38] offered=   222262/s achieved=   211842/s shed=     5000/s inflight=  4897 | p50=1925.12 p99= 4947.97 p999= 5341.18 ms | push=11660300 pop=1901598 lag=9758702 | errs push=0 pop=0 empty=0 gor=550 | ack=    15471/s ackErr=0 ackAvg=2077.03ms | e2e p50=42729.47 p99=46399.49 p999=46399.49 n=155438 | e2e_local p50=42729.47 p99=46399.49 n=52876
[23:13:48] offered=   222233/s achieved=   178988/s shed=    46744/s inflight=  4547 | p50= 593.92 p99= 8585.22 p999= 8978.43 ms | push=13450400 pop=3139248 lag=10311152 | errs push=0 pop=0 empty=0 gor=507 | ack=   123603/s ackErr=0 ackAvg=2152.06ms | e2e p50=49545.22 p99=50593.79 p999=51118.08 n=1237650 | e2e_local p50=49545.22 p99=50593.79 n=408575
[info] steady window 60s (after the ramp, before the producers stopped): offered 222219/s pushed 206876/s popped 35368/s cpu 64.3% = 0.31 cores per 100k msg/s (produce+consume)
[final] offered=144447 achieved=139051 shed=5396 (msgs: offered=14444700 achieved=13905100 shed=539600) pushErr=0 | pushed=13905100 popped=4427788 lag=9477312 | popErr=0 empty=0 | overall p50=1335.30 p99=7569.41 p999=8716.29 ms | acked=4410182 ackErr=0 ackLag=9494918 ackAvg=1848.82ms | e2e p50=49020.93 p99=50593.79 p999=51118.08 ms
load_cpu=46.6%
