kload tag=c3-1x200-2000k-p4 loader=4/9 mode=batch rate=222222 msg/s batch=100 batch-max=0 max-inflight=5000 ramp=10s duration=1m10s report=10s drain=0s GOMAXPROCS=16 GOGC=400 seed=1790896497453733066
  offered: 222222 msg/s = 2222.2 units/s (avg 100.0 msgs/unit) across 45 pacer workers (49.38 units/s each)
  topics: 1 x 200 partitions (kc3-1x200-2000k..kc3-1x200-2000k), entities/topic=0 (explicit partition) | picker: topics=rr entities: rr over space=200 starting at 88
  payload: goload jsonEvent target 256 B, avg 289.5 B raw, ~320 B stamped ({"ts":µs,"src":4,...}), pool 64x100
  consumers: 22 here (ci 88..109 of 198), poll=1000 proc-us=0 ack=async ack-inflight=256 local-src=[3 4 5]
  kafka: brokers=10.114.0.2:9092,10.114.0.3:9092,10.114.0.4:9092 rf=3 min-isr=2 producers=4 linger=5ms compression=lz4 acks=all idempotent batch-max-bytes=1048576 | consumers: protocol=classic fetch-max-wait=500ms fetch-min-bytes=1 fetch-max-partition-bytes=1048576 session=45s
  [topic] READY after 0.0s: 1 topics x 200 partitions, leaders + full ISR
  [config] broker.compression.type = producer (DEFAULT_CONFIG)
  [config] broker.group.initial.rebalance.delay.ms = 3000 (STATIC_BROKER_CONFIG)
  [config] topic.min.insync.replicas = 1 (DYNAMIC_TOPIC_CONFIG)
  [config] topic.retention.ms = 600000 (DYNAMIC_TOPIC_CONFIG)
  [group] 22 consumers in 1 groups (kc3-1x200-2000k-g-t0 ... ), protocol classic
  [group] t=+0.0s waiting: kc3-1x200-2000k-g-t0: local members 22/198 hold 0/200 partitions (group-wide PreparingRebalance members=154 assigned=0)
  [group] t=+2.0s waiting: kc3-1x200-2000k-g-t0: local members 22/198 hold 0/200 partitions (group-wide PreparingRebalance members=198 assigned=0)
  [group] t=+4.0s waiting: kc3-1x200-2000k-g-t0: local members 22/198 hold 0/200 partitions (group-wide PreparingRebalance members=198 assigned=0)
  [group] t=+6.0s waiting: kc3-1x200-2000k-g-t0: local members 22/198 hold 22/200 partitions (group-wide Stable members=198 assigned=200)
  [group] t=+8.0s waiting: kc3-1x200-2000k-g-t0: local members 22/198 hold 22/200 partitions (group-wide Stable members=198 assigned=200)
  [group] STABLE after 9.0s: 1 groups, 22 local members holding 22 partitions, assignEv=22 revokeEv=0 lostEv=0
  [produce] 4 clients connected to every broker with producer IDs in 0.01s; max buffered 501024 records per client
READY 1790896342638
[start] waiting 9.306s for the common start 1790896358563
[start] GO 23:12:38.563 (unix ms 1790896358563)
[23:12:48] offered=   111118/s achieved=   104328/s shed=        0/s inflight=   680 | p50=  56.06 p99=  317.44 p999=  362.50 ms | push=1043300 pop=1018039 lag=25261 | errs push=0 pop=0 empty=0 gor=560 | ack=    84928/s ackErr=0 ackAvg=239.30ms | e2e p50=136.19 p99=436.22 p999=536.58 n=1018039 | e2e_local p50=136.19 p99=419.84 n=342039
[23:12:58] offered=   222212/s achieved=   204101/s shed=        0/s inflight=  2491 | p50= 806.91 p99= 1630.21 p999= 1744.90 ms | push=3084200 pop=1415240 lag=1668960 | errs push=0 pop=0 empty=0 gor=551 | ack=    35626/s ackErr=0 ackAvg=498.27ms | e2e p50=1581.06 p99=8585.22 p999=8716.29 n=397201 | e2e_local p50=1630.21 p99=8585.22 n=130826
[23:13:08] offered=   222225/s achieved=   210244/s shed=        0/s inflight=  3688 | p50=1384.45 p99= 4046.85 p999= 4358.14 ms | push=5186500 pop=1552282 lag=3634218 | errs push=0 pop=0 empty=0 gor=558 | ack=    13541/s ackErr=0 ackAvg=810.14ms | e2e p50=12779.52 p99=17432.58 p999=17694.72 n=137042 | e2e_local p50=12779.52 p99=17694.72 n=46617
[23:13:18] offered=   222206/s achieved=   211056/s shed=       20/s inflight=  4802 | p50=1843.20 p99= 5210.11 p999= 5472.26 ms | push=7297100 pop=1645241 lag=5651859 | errs push=0 pop=0 empty=0 gor=562 | ack=     9224/s ackErr=0 ackAvg=1116.38ms | e2e p50=22413.31 p99=26869.76 p999=26869.76 n=92959 | e2e_local p50=22413.31 p99=26869.76 n=30708
[23:13:28] offered=   222240/s achieved=   212850/s shed=     8380/s inflight=  4903 | p50=2408.45 p99= 5537.79 p999= 5865.47 ms | push=9425600 pop=1743468 lag=7682132 | errs push=0 pop=0 empty=0 gor=559 | ack=     9749/s ackErr=0 ackAvg=1513.74ms | e2e p50=32112.64 p99=36438.02 p999=36438.02 n=98227 | e2e_local p50=32112.64 p99=35913.73 n=33354
[23:13:38] offered=   222212/s achieved=   207972/s shed=    14690/s inflight=  4862 | p50=1974.27 p99= 5996.54 p999= 6586.37 ms | push=11505300 pop=1900186 lag=9605114 | errs push=0 pop=0 empty=0 gor=551 | ack=    15818/s ackErr=0 ackAvg=2074.14ms | e2e p50=42729.47 p99=46399.49 p999=46399.49 n=156718 | e2e_local p50=42729.47 p99=46399.49 n=53441
[23:13:48] offered=   222247/s achieved=   157108/s shed=    63709/s inflight=  5000 | p50= 569.34 p99= 9895.94 p999=10289.15 ms | push=13076400 pop=3131095 lag=9945305 | errs push=0 pop=0 empty=0 gor=505 | ack=   123163/s ackErr=0 ackAvg=2152.23ms | e2e p50=49545.22 p99=51118.08 p999=51118.08 n=1230909 | e2e_local p50=49545.22 p99=50593.79 n=401896
[info] steady window 60s (after the ramp, before the producers stopped): offered 222223/s pushed 200555/s popped 35218/s cpu 63.2% = 0.31 cores per 100k msg/s (produce+consume)
[final] offered=144444 achieved=135764 shed=8680 (msgs: offered=14444400 achieved=13576400 shed=868000) pushErr=0 | pushed=13576400 popped=4418239 lag=9158161 | popErr=0 empty=0 | overall p50=1302.53 p99=8978.43 p999=10813.44 ms | acked=4401366 ackErr=0 ackLag=9175034 ackAvg=1849.58ms | e2e p50=49020.93 p99=51118.08 p999=51642.37 ms
load_cpu=46.0%
