kload tag=c3-1x200-2000k-p5 loader=5/9 mode=batch rate=222222 msg/s batch=100 batch-max=0 max-inflight=5000 ramp=10s duration=1m10s report=10s drain=0s GOMAXPROCS=16 GOGC=400 seed=1790896497509276139
  offered: 222222 msg/s = 2222.2 units/s (avg 100.0 msgs/unit) across 45 pacer workers (49.38 units/s each)
  topics: 1 x 200 partitions (kc3-1x200-2000k..kc3-1x200-2000k), entities/topic=0 (explicit partition) | picker: topics=rr entities: rr over space=200 starting at 111
  payload: goload jsonEvent target 256 B, avg 289.5 B raw, ~320 B stamped ({"ts":µs,"src":5,...}), pool 64x100
  consumers: 22 here (ci 110..131 of 198), poll=1000 proc-us=0 ack=async ack-inflight=256 local-src=[3 4 5]
  kafka: brokers=10.114.0.2:9092,10.114.0.3:9092,10.114.0.4:9092 rf=3 min-isr=2 producers=4 linger=5ms compression=lz4 acks=all idempotent batch-max-bytes=1048576 | consumers: protocol=classic fetch-max-wait=500ms fetch-min-bytes=1 fetch-max-partition-bytes=1048576 session=45s
  [topic] READY after 0.0s: 1 topics x 200 partitions, leaders + full ISR
  [config] broker.compression.type = producer (DEFAULT_CONFIG)
  [config] broker.group.initial.rebalance.delay.ms = 3000 (STATIC_BROKER_CONFIG)
  [config] topic.min.insync.replicas = 1 (DYNAMIC_TOPIC_CONFIG)
  [config] topic.retention.ms = 600000 (DYNAMIC_TOPIC_CONFIG)
  [group] 22 consumers in 1 groups (kc3-1x200-2000k-g-t0 ... ), protocol classic
  [group] t=+0.0s waiting: kc3-1x200-2000k-g-t0: local members 22/198 hold 0/200 partitions (group-wide PreparingRebalance members=154 assigned=0)
  [group] t=+2.0s waiting: kc3-1x200-2000k-g-t0: local members 22/198 hold 0/200 partitions (group-wide PreparingRebalance members=198 assigned=0)
  [group] t=+4.0s waiting: kc3-1x200-2000k-g-t0: local members 22/198 hold 0/200 partitions (group-wide PreparingRebalance members=198 assigned=0)
  [group] t=+6.0s waiting: kc3-1x200-2000k-g-t0: local members 22/198 hold 23/200 partitions (group-wide Stable members=198 assigned=200)
  [group] t=+8.0s waiting: kc3-1x200-2000k-g-t0: local members 22/198 hold 23/200 partitions (group-wide Stable members=198 assigned=200)
  [group] STABLE after 9.0s: 1 groups, 22 local members holding 23 partitions, assignEv=22 revokeEv=0 lostEv=0
  [produce] 4 clients connected to every broker with producer IDs in 0.01s; max buffered 501024 records per client
READY 1790896342639
[start] waiting 9.303s for the common start 1790896358563
[start] GO 23:12:38.563 (unix ms 1790896358563)
[23:12:48] offered=   111103/s achieved=   104563/s shed=        0/s inflight=   654 | p50=  57.09 p99=  317.44 p999=  374.78 ms | push=1045600 pop=1057900 lag=-12300 | errs push=0 pop=0 empty=0 gor=558 | ack=    86762/s ackErr=0 ackAvg=226.12ms | e2e p50=136.19 p99=501.76 p999=724.99 n=1057900 | e2e_local p50=136.19 p99=501.76 n=353932
[23:12:58] offered=   222241/s achieved=   203730/s shed=        0/s inflight=  2505 | p50= 765.95 p99= 1630.21 p999= 1744.90 ms | push=3082800 pop=1455550 lag=1627250 | errs push=0 pop=0 empty=0 gor=551 | ack=    36658/s ackErr=0 ackAvg=473.81ms | e2e p50=1646.59 p99=8585.22 p999=8978.43 n=397650 | e2e_local p50=1613.82 p99=8585.22 n=131164
[23:13:08] offered=   222117/s achieved=   214217/s shed=        0/s inflight=  3297 | p50=1400.83 p99= 3260.42 p999= 3588.10 ms | push=5225000 pop=1591530 lag=3633470 | errs push=0 pop=0 empty=0 gor=561 | ack=    13504/s ackErr=0 ackAvg=749.52ms | e2e p50=12779.52 p99=17694.72 p999=18219.01 n=135980 | e2e_local p50=12779.52 p99=17694.72 n=44965
[23:13:18] offered=   222247/s achieved=   210347/s shed=        0/s inflight=  4485 | p50=1843.20 p99= 4112.38 p999= 4358.14 ms | push=7328500 pop=1689890 lag=5638610 | errs push=0 pop=0 empty=0 gor=560 | ack=     9543/s ackErr=0 ackAvg=1030.38ms | e2e p50=22413.31 p99=27918.34 p999=28180.48 n=98360 | e2e_local p50=23199.74 p99=27918.34 n=35995
[23:13:28] offered=   222245/s achieved=   210355/s shed=     8640/s inflight=  4810 | p50=2506.75 p99= 4489.22 p999= 4751.36 ms | push=9432100 pop=1789588 lag=7642512 | errs push=0 pop=0 empty=0 gor=558 | ack=     9823/s ackErr=0 ackAvg=1384.80ms | e2e p50=33161.22 p99=37486.59 p999=37486.59 n=99698 | e2e_local p50=33161.22 p99=37486.59 n=30554
[23:13:38] offered=   222271/s achieved=   202880/s shed=    19791/s inflight=  4770 | p50=1941.50 p99= 5931.01 p999= 6520.83 ms | push=11460800 pop=1945040 lag=9515760 | errs push=0 pop=0 empty=0 gor=551 | ack=    15912/s ackErr=0 ackAvg=1881.14ms | e2e p50=42729.47 p99=47448.06 p999=47972.35 n=155452 | e2e_local p50=43253.76 p99=46923.78 n=54969
[23:13:48] offered=   222210/s achieved=   163415/s shed=    56995/s inflight=  4950 | p50= 577.54 p99=10027.01 p999=10682.37 ms | push=13095100 pop=3194834 lag=9900266 | errs push=0 pop=0 empty=0 gor=508 | ack=   125041/s ackErr=0 ackAvg=2123.64ms | e2e p50=50069.50 p99=53739.52 p999=54263.81 n=1249794 | e2e_local p50=50069.50 p99=53739.52 n=411571
[info] steady window 60s (after the ramp, before the producers stopped): offered 222222/s pushed 200824/s popped 35615/s cpu 63.6% = 0.32 cores per 100k msg/s (produce+consume)
[final] offered=144444 achieved=135901 shed=8543 (msgs: offered=14444400 achieved=13590100 shed=854300) pushErr=0 | pushed=13590100 popped=4550398 lag=9039702 | popErr=0 empty=0 | overall p50=1286.14 p99=8847.36 p999=10682.37 ms | acked=4533527 ackErr=0 ackLag=9056573 ackAvg=1826.03ms | e2e p50=49020.93 p99=54263.81 p999=54788.10 ms
load_cpu=46.2%
