[2026-10-01T11:49:39Z] run 1x50000-1000k: start: rate=1000000 over N=9 processes (3 loader hosts x 3) = 111111 msg/s each; 1 topic(s) x 50000 partitions (50000 total), entities=0 mode=batch batch=100 consumers=33/process (297 total) group-protocol=classic warm=1 tune=1 PROFILE=vm out=/Users/alice/Work/queen/benchmark-queen/2026-09-30-kafka-pulsar/runs/redpanda/1x50000-1000k
[2026-10-01T11:49:39Z] run 1x50000-1000k: note: 1000000 is not divisible by 9; offering 999999 msg/s
[2026-10-01T11:49:42Z] run 1x50000-1000k: 1. cluster reset (PARTS=50000, tune=1)
      n1 mkconf: node 1/3 ip=10.114.0.2 PARTS=50000 segment_fallocation_step=524288 partitions_memory_pct=40 memory_per_partition=204800 io-config=yes -> /root/bench/redpanda/conf
      n2 mkconf: node 2/3 ip=10.114.0.3 PARTS=50000 segment_fallocation_step=524288 partitions_memory_pct=40 memory_per_partition=204800 io-config=yes -> /root/bench/redpanda/conf
      n3 mkconf: node 3/3 ip=10.114.0.4 PARTS=50000 segment_fallocation_step=524288 partitions_memory_pct=40 memory_per_partition=204800 io-config=yes -> /root/bench/redpanda/conf
      n1 [2026-10-01T11:49:47Z] rc.sh n1: tuners applied (rc=0): 56 values differ from the OS baseline, 1 refused by the kernel (state/tune.txt)
      n2 [2026-10-01T11:49:47Z] rc.sh n2: tuners applied (rc=0): 56 values differ from the OS baseline, 1 refused by the kernel (state/tune.txt)
      n3 [2026-10-01T11:49:47Z] rc.sh n3: tuners applied (rc=0): 56 values differ from the OS baseline, 1 refused by the kernel (state/tune.txt)
    [2026-10-01T11:49:55Z] cluster: healthy in 13s
      n1 node=1 alive=1 ready=ready healthy=true controller=1 nodes=3 down=0 leaderless=0 under_replicated=0
      n2 node=2 alive=1 ready=ready healthy=true controller=1 nodes=3 down=0 leaderless=0 under_replicated=0
      n3 node=3 alive=1 ready=ready healthy=true controller=1 nodes=3 down=0 leaderless=0 under_replicated=0
      n1 node=1 redpanda=v26.2.3 conf_hash=a6e04e4d pid=801472 cmd=[/opt/redpanda/bin/redpanda --redpanda-cfg /root/bench/redpanda/conf/redpanda.yaml --lock-memory=false --io-properties-file=/root/bench/redpanda/conf/io-config.yaml] nofile=1048576 oom_score_adj=-950
      n2 node=2 redpanda=v26.2.3 conf_hash=a6e04e4d pid=700741 cmd=[/opt/redpanda/bin/redpanda --redpanda-cfg /root/bench/redpanda/conf/redpanda.yaml --io-properties-file=/root/bench/redpanda/conf/io-config.yaml --lock-memory=false] nofile=1048576 oom_score_adj=-950
      n3 node=3 redpanda=v26.2.3 conf_hash=a6e04e4d pid=700041 cmd=[/opt/redpanda/bin/redpanda --redpanda-cfg /root/bench/redpanda/conf/redpanda.yaml --lock-memory=false --io-properties-file=/root/bench/redpanda/conf/io-config.yaml] nofile=1048576 oom_score_adj=-950
      produced: Produced to partition 0 at offset 9999 with timestamp 1790855405792.
[2026-10-01T11:50:12Z] run 1x50000-1000k: 2. samplers start (redpanda-1x50000-1000k, every 2s) on 3 brokers + 3 loader hosts
[2026-10-01T11:50:12Z] run 1x50000-1000k: 3. create 1 topic(s) x 50000 partitions, RF 3, warm on loader 1
      [warm] t=+0s ready, holding for -topic-settle
      [warm] t=+11s ready, holding for -topic-settle
      [warm] t=+21s ready, holding for -topic-settle
      [warm] one record (no "ts") into each of 50000 partitions, acks=all, in 1.4s; READY again after 30.8s
      [config] broker.default.replication.factor = 3 (STATIC_BROKER_CONFIG)
      [config] topic.compression.type = producer (DEFAULT_CONFIG)
      [config] topic.flush.ms = 100 (DEFAULT_CONFIG)
      [config] topic.max.message.bytes = 16777216 (DEFAULT_CONFIG)
      [config] topic.message.timestamp.type = CreateTime (DEFAULT_CONFIG)
      [config] topic.retention.ms = 600000 (DYNAMIC_TOPIC_CONFIG)
      [config] topic.segment.bytes = 268435456 (DYNAMIC_TOPIC_CONFIG)
    [create] done: 1 topics x 50000 partitions ready
[2026-10-01T11:51:54Z] run 1x50000-1000k:    topics ready after 135s since start
    node=1 rss_MB=10733 threads=33 fds=50209 data_MB=26648 part_dirs=50000 disk_free_GB=312 busy_s=358.918 errors=0 warns=57 errors_since_mark=0 warns_since_mark=0 transfers=5 transfers_since_mark=0 elections_won=16673 elections_won_since_mark=0 mark='none' uptime_s=128
    node=2 rss_MB=10679 threads=33 fds=50209 data_MB=26648 part_dirs=50000 disk_free_GB=308 busy_s=393.956 errors=0 warns=57 errors_since_mark=0 warns_since_mark=0 transfers=265 transfers_since_mark=0 elections_won=16932 elections_won_since_mark=0 mark='none' uptime_s=129
    node=3 rss_MB=10667 threads=33 fds=50209 data_MB=26648 part_dirs=50000 disk_free_GB=312 busy_s=319.645 errors=0 warns=57 errors_since_mark=0 warns_since_mark=0 transfers=3578 transfers_since_mark=0 elections_won=20246 elections_won_since_mark=0 mark='none' uptime_s=128
[2026-10-01T11:51:57Z] run 1x50000-1000k: 4. launch 9 kload processes
    launched 3 4 5 on queen-loader-02
    launched 6 7 8 on queen-loader-03
    launched 0 1 2 on queen-loader-01
[2026-10-01T11:52:06Z] run 1x50000-1000k:    READY 0/9
[2026-10-01T11:52:17Z] run 1x50000-1000k:    all 9 READY after 158s since start
[2026-10-01T11:52:58Z] run 1x50000-1000k:    leader balancer quiet for 21s (3854 transfers so far), 64 s after the topics were ready (waited 41 s here)
[2026-10-01T11:53:00Z] run 1x50000-1000k: 5. start instant 1790855590177 (loader-1 clock + 10s) written to 9 start files; producing 70s (ramp 10s)
[2026-10-01T11:53:08Z] run 1x50000-1000k:    0/9 exited | p0: 
[2026-10-01T11:53:41Z] run 1x50000-1000k:    0/9 exited | p0: [11:53:40] offered=   111135/s achieved=    99804/s shed=        0/s inflight=  1419 | p50= 765.95 p99= 2670.59 p999= 2899.97 ms | push=2636100 pop=2180400 lag=455700 | errs push=0 pop=0 empty=0 gor=6
[2026-10-01T11:54:17Z] run 1x50000-1000k:    3/9 exited | p0: [11:53:50] offered=   110711/s achieved=    88912/s shed=        0/s inflight=  3617 | p50= 419.84 p99= 9371.65 p999=10158.08 ms | push=3525700 pop=2812400 lag=713300 | errs push=0 pop=0 empty=0 gor=7
[2026-10-01T11:54:23Z] run 1x50000-1000k:    load finished after 284s since start
[2026-10-01T11:54:23Z] run 1x50000-1000k: 6. collect
    node=1 rss_MB=18378 threads=33 fds=50226 data_MB=26827 part_dirs=50016 disk_free_GB=312 busy_s=1340.064 errors=0 warns=202 errors_since_mark=0 warns_since_mark=145 transfers=6 transfers_since_mark=0 elections_won=16924 elections_won_since_mark=245 mark='2026-10-01 11:52:59' uptime_s=280
    node=2 rss_MB=18465 threads=33 fds=50226 data_MB=26827 part_dirs=50016 disk_free_GB=308 busy_s=1252.892 errors=0 warns=77 errors_since_mark=0 warns_since_mark=20 transfers=267 transfers_since_mark=0 elections_won=17347 elections_won_since_mark=407 mark='2026-10-01 11:52:59' uptime_s=280
    node=3 rss_MB=18353 threads=33 fds=50226 data_MB=26826 part_dirs=50016 disk_free_GB=312 busy_s=1126.112 errors=0 warns=73 errors_since_mark=0 warns_since_mark=16 transfers=3581 transfers_since_mark=0 elections_won=20718 elections_won_since_mark=464 mark='2026-10-01 11:52:59' uptime_s=280
tar: redpanda.log: file changed as we read it
[2026-10-01T11:54:51Z] run 1x50000-1000k:    collected  30M into /Users/alice/Work/queen/benchmark-queen/2026-09-30-kafka-pulsar/runs/redpanda/1x50000-1000k
    p0: NO FINAL LINE
    p1: msgs offered=7222200 achieved=7222200 shed=0 pushed=7222200 popped=6076400 lag=1145800 errs push=0 pop=0 ack=0 | produce p50/p99/p999=189.44/12255.23/15138.82 ms | e2e p50/p99/p999=1105.92/19005.44/21889.02 ms | cpu=86.6%
    p2: msgs offered=7222200 achieved=7185600 shed=36600 pushed=7185600 popped=6073801 lag=1111799 errs push=0 pop=0 ack=0 | produce p50/p99/p999=187.39/13303.81/15532.03 ms | e2e p50/p99/p999=1105.92/19005.44/21889.02 ms | cpu=85.9%
    p3: msgs offered=7222000 achieved=7157700 shed=64300 pushed=7157700 popped=6077700 lag=1080000 errs push=0 pop=0 ack=0 | produce p50/p99/p999=189.44/12124.16/16056.32 ms | e2e p50/p99/p999=1089.54/18219.01/21102.59 ms | cpu=96.0%
    p4: msgs offered=7222100 achieved=7222100 shed=0 pushed=7222100 popped=6078101 lag=1143999 errs push=0 pop=0 ack=0 | produce p50/p99/p999=189.44/11862.02/16908.29 ms | e2e p50/p99/p999=1056.77/17170.43/19791.87 ms | cpu=90.5%
    p5: NO FINAL LINE
    p6: msgs offered=7222300 achieved=6976900 shed=245400 pushed=6976900 popped=6082700 lag=894200 errs push=0 pop=0 ack=0 | produce p50/p99/p999=171.01/14090.24/16908.29 ms | e2e p50/p99/p999=1073.15/17956.86/20840.45 ms | cpu=87.7%
    p7: msgs offered=7222200 achieved=7078200 shed=144000 pushed=7078200 popped=6071776 lag=1006424 errs push=0 pop=0 ack=0 | produce p50/p99/p999=175.10/14352.38/17432.58 ms | e2e p50/p99/p999=1056.77/17170.43/19791.87 ms | cpu=86.7%
    p8: NO FINAL LINE
    total: 6/9 processes with a final line | msgs offered=43333000 achieved=42842700 shed=490300 pushed=42842700 popped=36460478 errors=0 | worst produce p99=14352.38 ms | worst e2e p99=19005.44 ms
    shards busy (redpanda_cpu_busy_seconds_total over the steady window): n1=13.14 n2=11.03 n3=10.89 sum=35.06 cores
    broker produce latency (redpanda_kafka_request_latency_seconds, log2 bucket upper bounds, steady window): n1 p50<=131.1 p99<=4194.3 p999<=8388.6 ms (155169 req) | n2 p50<=131.1 p99<=1048.6 p999<=1048.6 ms (165099 req) | n3 p50<=131.1 p99<=524.3 p999<=1048.6 ms (164267 req)
    p0 DONE 137
    p5 DONE 137
    p8 DONE 137
    p0: no [final] line
    p5: no [final] line
    p8: no [final] line
[2026-10-01T11:54:53Z] run 1x50000-1000k: FAILED: load processes did not all finish cleanly (timeout=0)
[2026-10-01T11:54:54Z] run 1x50000-1000k:    stopping the cluster (data kept until the next reset)
