{"role":"consumer","event":"start","queues":["bench-cg10-simd"],"queueCount":1,"consumerGroup":"cg-8","numWorkers":1,"conns":50,"duration":240,"batchSize":100,"timestamp":"2026-06-04T08:21:30.141Z"}
{
  "role": "consumer",
  "event": "result",
  "consumerGroup": "cg-8",
  "totalRequests": 88439,
  "reqPerSec": 369,
  "maxMsgPerSecCeiling": 36900,
  "latency": {
    "p50": 115,
    "p90": 244,
    "p99": 430,
    "avg": 135.17,
    "max": 5551
  },
  "errors": 0,
  "non2xx": 0,
  "timeouts": 0,
  "durationSec": 240
}
