{"role":"consumer","event":"start","queues":["bench-cg10-simd"],"queueCount":1,"consumerGroup":"cg-5","numWorkers":1,"conns":50,"duration":240,"batchSize":100,"timestamp":"2026-06-04T08:21:30.092Z"}
{
  "role": "consumer",
  "event": "result",
  "consumerGroup": "cg-5",
  "totalRequests": 88338,
  "reqPerSec": 368,
  "maxMsgPerSecCeiling": 36800,
  "latency": {
    "p50": 116,
    "p90": 243,
    "p99": 429,
    "avg": 135.33,
    "max": 5549
  },
  "errors": 0,
  "non2xx": 0,
  "timeouts": 0,
  "durationSec": 240
}
