{"role":"consumer","event":"start","queues":["bench-cg10-simd"],"queueCount":1,"consumerGroup":"cg-1","numWorkers":1,"conns":50,"duration":240,"batchSize":100,"timestamp":"2026-06-04T08:21:30.122Z"}
{
  "role": "consumer",
  "event": "result",
  "consumerGroup": "cg-1",
  "totalRequests": 88827,
  "reqPerSec": 370,
  "maxMsgPerSecCeiling": 37000,
  "latency": {
    "p50": 115,
    "p90": 244,
    "p99": 423,
    "avg": 134.58,
    "max": 5409
  },
  "errors": 0,
  "non2xx": 0,
  "timeouts": 0,
  "durationSec": 240
}
