qload tag= loader=0/1 mode=batch rate=20000 msg/s batch=1 batch-max=0 max-inflight=5000 ramp=10s duration=3m20s report=10s drain=0s GOMAXPROCS=10 GOGC=400(default) seed=1791592754353662169
  offered: 20000 msg/s = 20000.0 units/s (avg 1.0 msgs/unit) across 64 pacer workers (312.50 units/s each)
  topics: 1 x 1000000 partitions (sp..sp), entities/topic=0 (explicit partition) | picker: topics=rr entities: rr over space=1000000 starting at 0
  payload: goload jsonEvent target 256 B, avg 289.8 B raw, ~320 B stamped ({"ts":µs,"src":0,...}), pool 64x1
  consumers: 0 here (ci 0..-1 of 0), poll=1000 proc-us=0 ack=async ack-inflight=256 local-src=[0]
  queen: url=http://127.0.0.1:6632 (of 1) conns=2048 timeout=30s pop-width=10 pop-batch=1000 pop-timeout=2s lease=30s | configure: leaseTime=30 completedRetention=3600 dedup=0 retryLimit=1000000 | plain: consumers pop+ack the queue
  [queen] http://127.0.0.1:6632 healthy: version 2.2.0, this node leader
READY 1791593077914
[start] GO 00:44:37.914 (unix ms 1791593077914)
[00:44:47] offered=     9999/s achieved=     9994/s shed=        0/s inflight=    33 | p50=   1.82 p99=   25.47 p999=   51.46 ms | push=99944 pop=0 lag=99944 | errs push=0 pop=0 empty=0 gor=1648 | ack=        0/s ackErr=0 ackAvg=0.00ms | e2e p50=0.00 p99=0.00 p999=0.00 n=0 | e2e_local p50=0.00 p99=0.00 n=0
[00:44:57] offered=    20000/s achieved=    20001/s shed=        0/s inflight=    23 | p50=   1.91 p99=   18.05 p999=   36.61 ms | push=299961 pop=0 lag=299961 | errs push=0 pop=0 empty=0 gor=1810 | ack=        0/s ackErr=0 ackAvg=0.00ms | e2e p50=0.00 p99=0.00 p999=0.00 n=0 | e2e_local p50=0.00 p99=0.00 n=0
[00:45:07] offered=    20000/s achieved=    19998/s shed=        0/s inflight=    61 | p50=   1.94 p99=   19.58 p999=   32.13 ms | push=499939 pop=0 lag=499939 | errs push=0 pop=0 empty=0 gor=1850 | ack=        0/s ackErr=0 ackAvg=0.00ms | e2e p50=0.00 p99=0.00 p999=0.00 n=0 | e2e_local p50=0.00 p99=0.00 n=0
[00:45:17] offered=    20000/s achieved=    20004/s shed=        0/s inflight=    19 | p50=   1.93 p99=   17.54 p999=   24.45 ms | push=699975 pop=0 lag=699975 | errs push=0 pop=0 empty=0 gor=1808 | ack=        0/s ackErr=0 ackAvg=0.00ms | e2e p50=0.00 p99=0.00 p999=0.00 n=0 | e2e_local p50=0.00 p99=0.00 n=0
[00:45:27] offered=    20000/s achieved=    19999/s shed=        0/s inflight=    31 | p50=   1.98 p99=   18.05 p999=   32.64 ms | push=899963 pop=0 lag=899963 | errs push=0 pop=0 empty=0 gor=1820 | ack=        0/s ackErr=0 ackAvg=0.00ms | e2e p50=0.00 p99=0.00 p999=0.00 n=0 | e2e_local p50=0.00 p99=0.00 n=0
[00:45:37] offered=    19998/s achieved=    19999/s shed=        0/s inflight=    24 | p50=   1.91 p99=   24.45 p999=   56.06 ms | push=1099955 pop=0 lag=1099955 | errs push=0 pop=0 empty=0 gor=2294 | ack=        0/s ackErr=0 ackAvg=0.00ms | e2e p50=0.00 p99=0.00 p999=0.00 n=0 | e2e_local p50=0.00 p99=0.00 n=0
[00:45:47] offered=    20001/s achieved=    20000/s shed=        0/s inflight=    35 | p50=   1.90 p99=   17.79 p999=   28.03 ms | push=1299957 pop=0 lag=1299957 | errs push=0 pop=0 empty=0 gor=2304 | ack=        0/s ackErr=0 ackAvg=0.00ms | e2e p50=0.00 p99=0.00 p999=0.00 n=0 | e2e_local p50=0.00 p99=0.00 n=0
[00:45:57] offered=    20000/s achieved=    20000/s shed=        0/s inflight=    40 | p50=   1.90 p99=   38.14 p999=   60.16 ms | push=1499957 pop=0 lag=1499957 | errs push=0 pop=0 empty=0 gor=2559 | ack=        0/s ackErr=0 ackAvg=0.00ms | e2e p50=0.00 p99=0.00 p999=0.00 n=0 | e2e_local p50=0.00 p99=0.00 n=0
[00:46:07] offered=    20000/s achieved=    19998/s shed=        0/s inflight=    47 | p50=   1.91 p99=   39.17 p999=   61.18 ms | push=1699945 pop=0 lag=1699945 | errs push=0 pop=0 empty=0 gor=2679 | ack=        0/s ackErr=0 ackAvg=0.00ms | e2e p50=0.00 p99=0.00 p999=0.00 n=0 | e2e_local p50=0.00 p99=0.00 n=0
[00:46:17] offered=    20000/s achieved=    20003/s shed=        0/s inflight=    19 | p50=   1.94 p99=   45.31 p999=   84.48 ms | push=1899974 pop=0 lag=1899974 | errs push=0 pop=0 empty=0 gor=3748 | ack=        0/s ackErr=0 ackAvg=0.00ms | e2e p50=0.00 p99=0.00 p999=0.00 n=0 | e2e_local p50=0.00 p99=0.00 n=0
[00:46:27] offered=    19999/s achieved=    19999/s shed=        0/s inflight=    17 | p50=   1.96 p99=   44.80 p999=   77.31 ms | push=2099961 pop=0 lag=2099961 | errs push=0 pop=0 empty=0 gor=3744 | ack=        0/s ackErr=0 ackAvg=0.00ms | e2e p50=0.00 p99=0.00 p999=0.00 n=0 | e2e_local p50=0.00 p99=0.00 n=0
[00:46:37] offered=    20002/s achieved=    20000/s shed=        0/s inflight=    37 | p50=   1.94 p99=   43.26 p999=   57.60 ms | push=2299959 pop=0 lag=2299959 | errs push=0 pop=0 empty=0 gor=3766 | ack=        0/s ackErr=0 ackAvg=0.00ms | e2e p50=0.00 p99=0.00 p999=0.00 n=0 | e2e_local p50=0.00 p99=0.00 n=0
[00:46:47] offered=    19999/s achieved=    20001/s shed=        0/s inflight=    20 | p50=   1.96 p99=   41.73 p999=   55.55 ms | push=2499968 pop=0 lag=2499968 | errs push=0 pop=0 empty=0 gor=3749 | ack=        0/s ackErr=0 ackAvg=0.00ms | e2e p50=0.00 p99=0.00 p999=0.00 n=0 | e2e_local p50=0.00 p99=0.00 n=0
[00:46:57] offered=    19998/s achieved=    19998/s shed=        0/s inflight=    24 | p50=   1.90 p99=   37.63 p999=   44.29 ms | push=2699959 pop=0 lag=2699959 | errs push=0 pop=0 empty=0 gor=3754 | ack=        0/s ackErr=0 ackAvg=0.00ms | e2e p50=0.00 p99=0.00 p999=0.00 n=0 | e2e_local p50=0.00 p99=0.00 n=0
[00:47:07] offered=    20000/s achieved=    19999/s shed=        0/s inflight=    33 | p50=   1.94 p99=   45.31 p999=   66.05 ms | push=2899960 pop=0 lag=2899960 | errs push=0 pop=0 empty=0 gor=3763 | ack=        0/s ackErr=0 ackAvg=0.00ms | e2e p50=0.00 p99=0.00 p999=0.00 n=0 | e2e_local p50=0.00 p99=0.00 n=0
[00:47:17] offered=    20002/s achieved=    20002/s shed=        0/s inflight=    31 | p50=   2.06 p99=   71.17 p999=  116.22 ms | push=3099961 pop=0 lag=3099961 | errs push=0 pop=0 empty=0 gor=4196 | ack=        0/s ackErr=0 ackAvg=0.00ms | e2e p50=0.00 p99=0.00 p999=0.00 n=0 | e2e_local p50=0.00 p99=0.00 n=0
[00:47:27] offered=    19999/s achieved=    19999/s shed=        0/s inflight=    57 | p50=   2.13 p99=   43.26 p999=   51.97 ms | push=3299956 pop=0 lag=3299956 | errs push=0 pop=0 empty=0 gor=4222 | ack=        0/s ackErr=0 ackAvg=0.00ms | e2e p50=0.00 p99=0.00 p999=0.00 n=0 | e2e_local p50=0.00 p99=0.00 n=0
[00:47:37] offered=    20001/s achieved=    20001/s shed=        0/s inflight=    28 | p50=   1.99 p99=   34.05 p999=   43.26 ms | push=3499959 pop=0 lag=3499959 | errs push=0 pop=0 empty=0 gor=4194 | ack=        0/s ackErr=0 ackAvg=0.00ms | e2e p50=0.00 p99=0.00 p999=0.00 n=0 | e2e_local p50=0.00 p99=0.00 n=0
[00:47:47] offered=    20000/s achieved=    20002/s shed=        0/s inflight=    20 | p50=   1.99 p99=   39.17 p999=   60.67 ms | push=3699975 pop=0 lag=3699975 | errs push=0 pop=0 empty=0 gor=4185 | ack=        0/s ackErr=0 ackAvg=0.00ms | e2e p50=0.00 p99=0.00 p999=0.00 n=0 | e2e_local p50=0.00 p99=0.00 n=0
[00:47:57] offered=    19999/s achieved=    20000/s shed=        0/s inflight=     7 | p50=   2.06 p99=   48.90 p999=   58.62 ms | push=3899991 pop=0 lag=3899991 | errs push=0 pop=0 empty=0 gor=4108 | ack=        0/s ackErr=0 ackAvg=0.00ms | e2e p50=0.00 p99=0.00 p999=0.00 n=0 | e2e_local p50=0.00 p99=0.00 n=0
[info] steady window 190s (after the ramp, before the producers stopped): offered 20000/s pushed 20000/s popped 0/s cpu 163.7% = 8.18 cores per 100k msg/s (produce+consume)
[final] offered=3899998 achieved=3899998 shed=0 (msgs: offered=3899998 achieved=3899998 shed=0) pushErr=0 | pushed=3899998 popped=0 lag=3899998 | popErr=0 empty=0 | overall p50=1.96 p99=39.17 p999=65.28 ms | acked=0 ackErr=0 ackLag=3899998 ackAvg=0.00ms | e2e p50=0.00 p99=0.00 p999=0.00 ms
load_cpu=160.2%
