WARN max-pending 1000000 per partition producer would preallocate 25428 MB over 1111 partitions (24 B/slot); using 2516 (-pending-budget-mb 64)
pload tag=pB-p10000 loader=6/9 mode=batch rate=111111 msg/s batch=100 batch-max=0 max-inflight=5000 ramp=10s duration=1m10s report=10s drain=0s GOMAXPROCS=16 GOGC=400(default) seed=1790838397886557347
  offered: 111111 msg/s = 1111.1 units/s (avg 100.0 msgs/unit) across 23 pacer workers (48.31 units/s each)
  topics: 1 x 10000 partitions (load..load), entities/topic=0 (explicit partition) | picker: topics=rr entities: rr over space=1111 starting at 0 [producer shard 6/9: partitions p % 9 == 6, entity j -> partition 6 + j*9]
  payload: goload jsonEvent target 256 B, avg 289.5 B raw, ~320 B stamped ({"ts":µs,"src":6,...}), pool 64x100
  consumers: 33 here (ci 198..230 of 297), poll=1000 proc-us=0 ack=async ack-inflight=256 local-src=[6 7 8]
  pulsar: url=pulsar://10.114.0.2:6650,10.114.0.3:6650,10.114.0.4:6650 admin=http://10.114.0.2:8080 ns=bench/ns sub=sub type=failover compression=lz4 batch=5ms/1000 msgs/131072 B key-batching=false max-pending=2516/partition mem-limit=365 MB receiver-queue=1000 ack-group=100ms conns/broker=1
  [admin] waiting for 1 of 1 topics (partitions + subscription "sub")
  [admin] 1 topics with 10000 partitions and subscription "sub" exist (checked in 22.4s)
  [consume] 33 consumers (ci 198..230 of 297), failover, partition slices (every partition exactly one consumer): 1090 partition registrations here, 10000 in total across all processes; idle 0 here, 0 in total; subscribed in 0.1s, settling 2s
  [produce] producer shard 6/9: 1111 partitions per topic (p % 9 == 6) x 1 topics, per-partition producers created lazily on first use
READY 1790838560639
[start] waiting 8.433s for the common start 1790838577921
[start] GO 07:09:37.921 (unix ms 1790838577921)
[07:09:47] offered=    55541/s achieved=    55461/s shed=        0/s inflight=    11 | p50=   7.14 p99=   27.78 p999=   52.48 ms | push=554600 pop=544900 lag=9700 | errs push=0 pop=0 empty=0 gor=9967 | ack=    54491/s ackErr=0 ackAvg=0.02ms | e2e p50=7.97 p99=32.38 p999=40.19 n=544900 | e2e_local p50=7.71 p99=31.62 n=148500
[07:09:57] offered=   111152/s achieved=   111102/s shed=        0/s inflight=    11 | p50=   6.50 p99=   15.42 p999=   20.10 ms | push=1665600 pop=1634900 lag=30700 | errs push=0 pop=0 empty=0 gor=9965 | ack=   109002/s ackErr=0 ackAvg=0.01ms | e2e p50=7.20 p99=17.54 p999=23.42 n=1090000 | e2e_local p50=6.82 p99=17.54 n=297000
[07:10:07] offered=   111101/s achieved=   111111/s shed=        0/s inflight=    10 | p50=   6.50 p99=   12.22 p999=   18.30 ms | push=2776700 pop=2724704 lag=51996 | errs push=0 pop=0 empty=0 gor=9965 | ack=   108981/s ackErr=0 ackAvg=0.01ms | e2e p50=7.26 p99=16.19 p999=21.63 n=1089804 | e2e_local p50=6.88 p99=15.17 n=297000
[07:10:17] offered=   111099/s achieved=   111139/s shed=        0/s inflight=     5 | p50=   6.56 p99=   26.24 p999=   39.17 ms | push=3888100 pop=3814500 lag=73600 | errs push=0 pop=0 empty=0 gor=9965 | ack=   108978/s ackErr=0 ackAvg=0.01ms | e2e p50=7.26 p99=25.47 p999=30.59 n=1089796 | e2e_local p50=6.94 p99=25.47 n=297000
[07:10:27] offered=   111117/s achieved=   111137/s shed=        0/s inflight=     5 | p50=   6.30 p99=   12.22 p999=   18.05 ms | push=4999500 pop=4904500 lag=95000 | errs push=0 pop=0 empty=0 gor=9965 | ack=   108997/s ackErr=0 ackAvg=0.01ms | e2e p50=6.94 p99=15.04 p999=18.82 n=1090000 | e2e_local p50=6.62 p99=14.53 n=297000
[07:10:37] offered=   111096/s achieved=   111106/s shed=        0/s inflight=     6 | p50=   6.37 p99=   14.78 p999=   19.84 ms | push=6110600 pop=5994500 lag=116100 | errs push=0 pop=0 empty=0 gor=9965 | ack=   108997/s ackErr=0 ackAvg=0.01ms | e2e p50=6.94 p99=16.77 p999=21.12 n=1090000 | e2e_local p50=6.69 p99=16.77 n=297000
[07:10:47] offered=   111098/s achieved=   111118/s shed=        0/s inflight=     3 | p50=   6.24 p99=   12.86 p999=   19.33 ms | push=7221800 pop=7084300 lag=137500 | errs push=0 pop=0 empty=0 gor=9942 | ack=   108978/s ackErr=0 ackAvg=0.01ms | e2e p50=6.88 p99=15.17 p999=20.35 n=1089800 | e2e_local p50=6.50 p99=14.40 n=297000
[info] producers created: 1111 per-partition producers (shard), 0 creation errors, avg creation 15.3 ms
[info] steady window 60s (after the ramp, before the producers stopped): offered 111111/s pushed 111119/s popped 108989/s cpu 178.6% = 1.61 cores per 100k msg/s (produce+consume)
[final] offered=72221 achieved=72221 shed=0 (msgs: offered=7222100 achieved=7222100 shed=0) pushErr=0 | pushed=7222100 popped=7084500 lag=137600 | popErr=0 empty=0 | overall p50=6.50 p99=22.91 p999=30.85 ms | acked=7084500 ackErr=0 ackLag=137600 ackAvg=0.01ms | e2e p50=7.14 p99=24.19 p999=32.13 ms
load_cpu=108.9%
