kload tag=1x200-t10-9k-p8 loader=8/9 mode=batch rate=1000 msg/s batch=10 batch-max=0 max-inflight=5000 ramp=10s duration=1m10s report=10s drain=1m0s GOMAXPROCS=16 GOGC=400 seed=1790872098314148679
  offered: 1000 msg/s = 100.0 units/s (avg 10.0 msgs/unit) across 3 pacer workers (33.33 units/s each)
  topics: 1 x 200 partitions (x1x200-t10-9k..x1x200-t10-9k), entities/topic=0 (explicit partition) | picker: topics=rr entities: rr over space=200 starting at 177
  payload: goload jsonEvent target 256 B, avg 289.7 B raw, ~320 B stamped ({"ts":µs,"src":8,...}), pool 64x10
  consumers: 22 here (ci 176..197 of 198), poll=1000 proc-us=0 ack=async ack-inflight=256 local-src=[6 7 8]
  kafka: brokers=10.114.0.2:9092,10.114.0.3:9092,10.114.0.4:9092 rf=3 min-isr=0 producers=4 linger=5ms compression=lz4 acks=all idempotent batch-max-bytes=1048576 | consumers: protocol=classic fetch-max-wait=500ms fetch-min-bytes=1 fetch-max-partition-bytes=1048576 session=45s | txn: x1x200-t10-9k-in -> 22 workers (GroupTransactSession, transactional.id per worker, txn-timeout 10s, concurrent-txn backoff 20ms, metadata-min-age 250ms, txn-size 10, linger 1s, read_committed) -> x1x200-t10-9k-out, 22 read_committed readers
  [topic] READY after 0.0s: 2 topics x 200 partitions, leaders + full ISR
  [config] broker.default.replication.factor = 3 (STATIC_BROKER_CONFIG)
  [config] topic.compression.type = producer (DEFAULT_CONFIG)
  [config] topic.flush.ms = 100 (DEFAULT_CONFIG)
  [config] topic.max.message.bytes = 16777216 (DEFAULT_CONFIG)
  [config] topic.message.timestamp.type = CreateTime (DEFAULT_CONFIG)
  [config] topic.retention.ms = 600000 (DYNAMIC_TOPIC_CONFIG)
  [config] topic.segment.bytes = 268435456 (DYNAMIC_TOPIC_CONFIG)
  [group] 22 txn workers (GroupTransactSession) in 1 groups (x1x200-t10-9k-in-g-t0 ... ), protocol classic
  [group] 22 consumers in 1 groups (x1x200-t10-9k-out-g-t0 ... ), protocol classic
  [group] t=+2.3s waiting: x1x200-t10-9k-in-g-t0: local members 22/198 hold 0/200 partitions (group-wide PreparingRebalance members=126 assigned=0)
  [group] t=+4.3s waiting: x1x200-t10-9k-in-g-t0: local members 22/198 hold 0/200 partitions (group-wide PreparingRebalance members=198 assigned=0)
  [group] t=+6.3s waiting: x1x200-t10-9k-in-g-t0: local members 22/198 hold 0/200 partitions (group-wide PreparingRebalance members=198 assigned=0)
  [group] t=+8.3s waiting: x1x200-t10-9k-in-g-t0: local members 22/198 hold 23/200 partitions (group-wide PreparingRebalance members=198 assigned=0)
  [group] t=+10.3s waiting: x1x200-t10-9k-in-g-t0: local members 22/198 hold 23/200 partitions (group-wide Stable members=198 assigned=200)
  [group] STABLE after 11.4s: 1 groups, 22 local members holding 23 partitions, assignEv=22 revokeEv=0 lostEv=0
  [group] t=+0.0s waiting: x1x200-t10-9k-out-g-t0: local members 22/198 hold 23/200 partitions (group-wide Stable members=198 assigned=200)
  [group] t=+2.0s waiting: x1x200-t10-9k-out-g-t0: local members 22/198 hold 23/200 partitions (group-wide Stable members=198 assigned=200)
  [group] STABLE after 3.0s: 1 groups, 22 local members holding 23 partitions, assignEv=22 revokeEv=0 lostEv=0
  [produce] 4 clients connected to every broker with producer IDs in 0.01s; max buffered 51024 records per client
READY 1790871990034
[start] waiting 9.321s for the common start 1790872030221
[start] GO 16:27:10.221 (unix ms 1790872030221)
[16:27:20] offered=      499/s achieved=      499/s shed=        0/s inflight=     0 | p50=   7.90 p99=   30.08 p999=   61.18 ms | push=4990 pop=4950 lag=40 | errs push=0 pop=0 empty=0 gor=418 | ack=      495/s ackErr=0 ackAvg=2.20ms | e2e p50=288.77 p99=509.95 p999=536.58 n=4950 | e2e_local p50=276.48 p99=509.95 n=1480
[txn] 16:27:20 txn=      52/s msgs=      516/s avg= 10.00 msg/txn | commit p50=12.74 p99=58.62 p999=128.51 ms | aborts=0 errs=0 open=0 | in=      517/s | total txns=538 msgs=5183 aborts=0 errs=0
[16:27:30] offered=     1001/s achieved=     1000/s shed=        0/s inflight=     1 | p50=   8.10 p99=   56.06 p999=   96.77 ms | push=14990 pop=15290 lag=-300 | errs push=0 pop=0 empty=0 gor=421 | ack=     1034/s ackErr=0 ackAvg=2.31ms | e2e p50=240.64 p99=317.44 p999=366.59 n=10340 | e2e_local p50=238.59 p99=317.44 n=3450
[txn] 16:27:30 txn=     103/s msgs=     1034/s avg= 10.00 msg/txn | commit p50=15.55 p99=128.51 p999=158.72 ms | aborts=0 errs=0 open=3 | in=     1036/s | total txns=1572 msgs=15523 aborts=0 errs=0
[16:27:40] offered=     1000/s achieved=     1000/s shed=        0/s inflight=     1 | p50=   7.97 p99=   56.58 p999=   81.41 ms | push=24990 pop=25640 lag=-650 | errs push=0 pop=0 empty=0 gor=423 | ack=     1035/s ackErr=0 ackAvg=2.26ms | e2e p50=238.59 p99=333.82 p999=403.46 n=10350 | e2e_local p50=236.54 p99=350.21 n=3450
[txn] 16:27:40 txn=     104/s msgs=     1036/s avg= 10.00 msg/txn | commit p50=13.89 p99=144.38 p999=183.30 ms | aborts=0 errs=0 open=2 | in=     1035/s | total txns=2608 msgs=25883 aborts=0 errs=0
[16:27:50] offered=      999/s achieved=     1000/s shed=        0/s inflight=     0 | p50=   7.97 p99=   38.14 p999=   68.10 ms | push=34990 pop=35990 lag=-1000 | errs push=0 pop=0 empty=0 gor=423 | ack=     1035/s ackErr=0 ackAvg=2.23ms | e2e p50=238.59 p99=296.96 p999=337.92 n=10350 | e2e_local p50=236.54 p99=301.06 n=3450
[txn] 16:27:50 txn=     103/s msgs=     1034/s avg= 10.00 msg/txn | commit p50=13.63 p99=114.18 p999=179.20 ms | aborts=0 errs=0 open=3 | in=     1035/s | total txns=3642 msgs=36223 aborts=0 errs=0
[16:28:00] offered=     1001/s achieved=      999/s shed=        0/s inflight=     2 | p50=   8.03 p99=   51.97 p999=  116.22 ms | push=44980 pop=46310 lag=-1330 | errs push=0 pop=0 empty=0 gor=431 | ack=     1032/s ackErr=0 ackAvg=2.28ms | e2e p50=240.64 p99=325.63 p999=514.05 n=10330 | e2e_local p50=238.59 p99=313.34 n=3450
[txn] 16:28:00 txn=     103/s msgs=     1033/s avg= 10.00 msg/txn | commit p50=14.66 p99=132.10 p999=321.54 ms | aborts=0 errs=0 open=3 | in=     1033/s | total txns=4675 msgs=46553 aborts=0 errs=0
[16:28:10] offered=     1000/s achieved=     1001/s shed=        0/s inflight=     1 | p50=   7.97 p99=   51.97 p999=  100.86 ms | push=54990 pop=56680 lag=-1690 | errs push=0 pop=0 empty=0 gor=423 | ack=     1037/s ackErr=0 ackAvg=2.27ms | e2e p50=238.59 p99=313.34 p999=350.21 n=10360 | e2e_local p50=234.50 p99=305.15 n=3450
[txn] 16:28:10 txn=     104/s msgs=     1038/s avg= 10.00 msg/txn | commit p50=14.02 p99=117.25 p999=146.43 ms | aborts=0 errs=0 open=2 | in=     1037/s | total txns=5713 msgs=56933 aborts=0 errs=0
[drain] workers and readers keep going for up to 59.999s (ends early after 3s idle; lag now -2060)
[16:28:20] offered=      999/s achieved=     1000/s shed=        0/s inflight=     0 | p50=   7.90 p99=   40.19 p999=   66.05 ms | push=64990 pop=67050 lag=-2060 | errs push=0 pop=0 empty=0 gor=427 | ack=     1035/s ackErr=0 ackAvg=2.24ms | e2e p50=238.59 p99=292.86 p999=329.73 n=10370 | e2e_local p50=236.54 p99=292.86 n=3450
[txn] 16:28:20 txn=     103/s msgs=     1033/s avg= 10.00 msg/txn | commit p50=13.38 p99=113.15 p999=160.77 ms | aborts=0 errs=0 open=4 | in=     1035/s | total txns=6746 msgs=67263 aborts=0 errs=0
[drain] idle for 3s after 3.5s: ending the drain (lag -2290)
[info] txn workers began 6750 transactions
[info] steady window 60s (after the ramp, before the producers stopped): offered 1000/s pushed 1000/s popped 1035/s cpu 22.0% = 21.98 cores per 100k msg/s (produce+consume)
[info] 46 warm-up messages (no "ts") received and not counted as load
[final] offered=6499 achieved=6499 shed=0 (msgs: offered=64990 achieved=64990 shed=0) pushErr=0 | pushed=64990 popped=67280 lag=-2290 | popErr=0 empty=0 | overall p50=7.97 p99=50.43 p999=90.62 ms | acked=67280 ackErr=0 ackLag=-2290 ackAvg=2.24ms | e2e p50=240.64 p99=403.46 p999=536.58 ms
load_cpu=12.6%
[txn-final] txns=6750 msgs=67303 aborts=0 errs=0 in=67303 avg=9.97 msg/txn | commit p50=14.02 p99=134.14 p999=268.29 max=2441.22 ms
[ids] ledger /root/bench/runs/txn/redpanda/1x200-t10-9k/ids/p8.ids: 64990 confirmed, 0 failed, 0 unanswered
