goload -mode cloud [L025-pro] -> http://10.114.0.2:6711
  target=proxy tenants=1000 sharedQueue=true queue="orders" group="workers" partitions=10 brokerTenantHeader=false
  offered=2500.0 msg/s total (2.50/tenant) push-batch=2 -> 1.25 req/s per tenant across 1 producer(s) | max-inflight=4096
  consumers=1/tenant popBatch=100 popWait=true autoAck=false | payload=256B | duration=150s drain=50s | idleConns=9/client verify=true
[configure] 1000 queue(s) configured in 0.36s
[09:57:51 load ] offered=    2501/s push=    2500/s pop=    2437/s ack=    2435/s shed=      0/s inflight=   24 | e2e p50=1056.77 p99= 3948.54 ms | pushRTT p50= 13.63 p99= 276.48 ms | lag=3764 | err push=0 pop=0 ack=0 (429=0 403=0 5xx=0 to=0 conn=0) empty=0 cross=0 gor=6181
[09:58:51 load ] offered=    2500/s push=    2500/s pop=    2510/s ack=    2510/s shed=      0/s inflight=   37 | e2e p50= 741.38 p99= 5144.58 ms | pushRTT p50= 15.30 p99=  48.38 ms | lag=3114 | err push=0 pop=0 ack=0 (429=0 403=0 5xx=0 to=0 conn=0) empty=0 cross=0 gor=6040
[drain] producers stopped after 150.0s; draining 50s before the correctness verdict
[09:59:51 drain] offered=    1249/s push=    1251/s pop=    1302/s ack=    1304/s shed=      0/s inflight=    0 | e2e p50= 528.38 p99= 4489.22 ms | pushRTT p50= 16.32 p99=  51.97 ms | lag=0 | err push=0 pop=0 ack=0 (429=0 403=0 5xx=0 to=0 conn=0) empty=5431 cross=0 gor=5003

========== L025-pro ==========
offered       2500.0 msg/s (375006 msgs, 0 shed)
achieved  push   2500.0 msg/s (375006 msgs)   pop   2482.5 msg/s during load (  1875.0 msg/s over load+drain, 375006 msgs)   ack 375006 msgs
e2eFromSchedule  n=375006    p50=  905.22 p95= 3686.40 p99= 4685.82 p999= 5603.33 max=  6025.97 ms
e2eFromSend      n=375006    p50=  905.22 p95= 3686.40 p99= 4685.82 p999= 5603.33 max=  6025.62 ms
pushRtt          n=187503    p50=   14.78 p95=   36.10 p99=   79.36 p999=  569.34 max=  1633.34 ms
ackRtt           n=89633     p50=   17.28 p95=   68.10 p99=   99.84 p999=  218.11 max=  1371.37 ms
errors            none
bytes     nominal 292 B/msg -> pushed 104.43 MiB, delivered 104.43 MiB

---- delivery correctness (after the drain) ----
idx  tenant         queue           sentOk  received  missing      dup   extra   cross verdict
0    tp-0000        orders             374       374        0        0       0       0 OK
1    tp-0001        orders             376       376        0        0       0       0 OK
2    tp-0002        orders             374       374        0        0       0       0 OK
3    tp-0003        orders             374       374        0        0       0       0 OK
4    tp-0004        orders             376       376        0        0       0       0 OK
5    tp-0005        orders             376       376        0        0       0       0 OK
6    tp-0006        orders             374       374        0        0       0       0 OK
7    tp-0007        orders             374       374        0        0       0       0 OK
8    tp-0008        orders             376       376        0        0       0       0 OK
9    tp-0009        orders             374       374        0        0       0       0 OK
10   tp-0010        orders             376       376        0        0       0       0 OK
11   tp-0011        orders             376       376        0        0       0       0 OK
12   tp-0012        orders             376       376        0        0       0       0 OK
13   tp-0013        orders             376       376        0        0       0       0 OK
14   tp-0014        orders             374       374        0        0       0       0 OK
15   tp-0015        orders             374       374        0        0       0       0 OK
16   tp-0016        orders             376       376        0        0       0       0 OK
17   tp-0017        orders             376       376        0        0       0       0 OK
18   tp-0018        orders             374       374        0        0       0       0 OK
19   tp-0019        orders             374       374        0        0       0       0 OK
20   tp-0020        orders             376       376        0        0       0       0 OK
21   tp-0021        orders             374       374        0        0       0       0 OK
22   tp-0022        orders             376       376        0        0       0       0 OK
23   tp-0023        orders             374       374        0        0       0       0 OK
24   tp-0024        orders             376       376        0        0       0       0 OK
25   tp-0025        orders             376       376        0        0       0       0 OK
26   tp-0026        orders             376       376        0        0       0       0 OK
27   tp-0027        orders             374       374        0        0       0       0 OK
28   tp-0028        orders             376       376        0        0       0       0 OK
29   tp-0029        orders             374       374        0        0       0       0 OK
30   tp-0030        orders             376       376        0        0       0       0 OK
31   tp-0031        orders             376       376        0        0       0       0 OK
32   tp-0032        orders             374       374        0        0       0       0 OK
33   tp-0033        orders             374       374        0        0       0       0 OK
34   tp-0034        orders             376       376        0        0       0       0 OK
35   tp-0035        orders             376       376        0        0       0       0 OK
36   tp-0036        orders             376       376        0        0       0       0 OK
37   tp-0037        orders             376       376        0        0       0       0 OK
38   tp-0038        orders             374       374        0        0       0       0 OK
39   tp-0039        orders             376       376        0        0       0       0 OK
40   tp-0040        orders             376       376        0        0       0       0 OK
41   tp-0041        orders             374       374        0        0       0       0 OK
42   tp-0042        orders             374       374        0        0       0       0 OK
43   tp-0043        orders             374       374        0        0       0       0 OK
44   tp-0044        orders             376       376        0        0       0       0 OK
45   tp-0045        orders             376       376        0        0       0       0 OK
46   tp-0046        orders             376       376        0        0       0       0 OK
47   tp-0047        orders             376       376        0        0       0       0 OK
48   tp-0048        orders             374       374        0        0       0       0 OK
49   tp-0049        orders             374       374        0        0       0       0 OK
50   tp-0050        orders             374       374        0        0       0       0 OK
51   tp-0051        orders             374       374        0        0       0       0 OK
52   tp-0052        orders             376       376        0        0       0       0 OK
53   tp-0053        orders             374       374        0        0       0       0 OK
54   tp-0054        orders             376       376        0        0       0       0 OK
55   tp-0055        orders             374       374        0        0       0       0 OK
56   tp-0056        orders             376       376        0        0       0       0 OK
57   tp-0057        orders             374       374        0        0       0       0 OK
58   tp-0058        orders             376       376        0        0       0       0 OK
59   tp-0059        orders             374       374        0        0       0       0 OK
60   tp-0060        orders             374       374        0        0       0       0 OK
61   tp-0061        orders             376       376        0        0       0       0 OK
62   tp-0062        orders             374       374        0        0       0       0 OK
63   tp-0063        orders             376       376        0        0       0       0 OK
64   tp-0064        orders             374       374        0        0       0       0 OK
65   tp-0065        orders             376       376        0        0       0       0 OK
66   tp-0066        orders             374       374        0        0       0       0 OK
67   tp-0067        orders             376       376        0        0       0       0 OK
68   tp-0068        orders             374       374        0        0       0       0 OK
69   tp-0069        orders             376       376        0        0       0       0 OK
70   tp-0070        orders             376       376        0        0       0       0 OK
71   tp-0071        orders             374       374        0        0       0       0 OK
72   tp-0072        orders             376       376        0        0       0       0 OK
73   tp-0073        orders             376       376        0        0       0       0 OK
74   tp-0074        orders             376       376        0        0       0       0 OK
75   tp-0075        orders             374       374        0        0       0       0 OK
76   tp-0076        orders             374       374        0        0       0       0 OK
77   tp-0077        orders             374       374        0        0       0       0 OK
78   tp-0078        orders             376       376        0        0       0       0 OK
79   tp-0079        orders             374       374        0        0       0       0 OK
80   tp-0080        orders             374       374        0        0       0       0 OK
81   tp-0081        orders             374       374        0        0       0       0 OK
82   tp-0082        orders             376       376        0        0       0       0 OK
83   tp-0083        orders             376       376        0        0       0       0 OK
84   tp-0084        orders             376       376        0        0       0       0 OK
85   tp-0085        orders             376       376        0        0       0       0 OK
86   tp-0086        orders             376       376        0        0       0       0 OK
87   tp-0087        orders             374       374        0        0       0       0 OK
88   tp-0088        orders             374       374        0        0       0       0 OK
89   tp-0089        orders             376       376        0        0       0       0 OK
90   tp-0090        orders             374       374        0        0       0       0 OK
91   tp-0091        orders             376       376        0        0       0       0 OK
92   tp-0092        orders             374       374        0        0       0       0 OK
93   tp-0093        orders             374       374        0        0       0       0 OK
94   tp-0094        orders             374       374        0        0       0       0 OK
95   tp-0095        orders             374       374        0        0       0       0 OK
96   tp-0096        orders             374       374        0        0       0       0 OK
97   tp-0097        orders             374       374        0        0       0       0 OK
98   tp-0098        orders             376       376        0        0       0       0 OK
99   tp-0099        orders             374       374        0        0       0       0 OK
100  tp-0100        orders             376       376        0        0       0       0 OK
101  tp-0101        orders             374       374        0        0       0       0 OK
102  tp-0102        orders             376       376        0        0       0       0 OK
103  tp-0103        orders             376       376        0        0       0       0 OK
104  tp-0104        orders             376       376        0        0       0       0 OK
105  tp-0105        orders             376       376        0        0       0       0 OK
106  tp-0106        orders             376       376        0        0       0       0 OK
107  tp-0107        orders             376       376        0        0       0       0 OK
108  tp-0108        orders             376       376        0        0       0       0 OK
109  tp-0109        orders             374       374        0        0       0       0 OK
110  tp-0110        orders             376       376        0        0       0       0 OK
111  tp-0111        orders             374       374        0        0       0       0 OK
112  tp-0112        orders             374       374        0        0       0       0 OK
113  tp-0113        orders             376       376        0        0       0       0 OK
114  tp-0114        orders             374       374        0        0       0       0 OK
115  tp-0115        orders             376       376        0        0       0       0 OK
116  tp-0116        orders             374       374        0        0       0       0 OK
117  tp-0117        orders             374       374        0        0       0       0 OK
118  tp-0118        orders             376       376        0        0       0       0 OK
119  tp-0119        orders             374       374        0        0       0       0 OK
120  tp-0120        orders             376       376        0        0       0       0 OK
121  tp-0121        orders             374       374        0        0       0       0 OK
122  tp-0122        orders             374       374        0        0       0       0 OK
123  tp-0123        orders             376       376        0        0       0       0 OK
124  tp-0124        orders             374       374        0        0       0       0 OK
125  tp-0125        orders             376       376        0        0       0       0 OK
126  tp-0126        orders             374       374        0        0       0       0 OK
127  tp-0127        orders             376       376        0        0       0       0 OK
128  tp-0128        orders             376       376        0        0       0       0 OK
129  tp-0129        orders             376       376        0        0       0       0 OK
130  tp-0130        orders             374       374        0        0       0       0 OK
131  tp-0131        orders             376       376        0        0       0       0 OK
132  tp-0132        orders             374       374        0        0       0       0 OK
133  tp-0133        orders             376       376        0        0       0       0 OK
134  tp-0134        orders             376       376        0        0       0       0 OK
135  tp-0135        orders             376       376        0        0       0       0 OK
136  tp-0136        orders             376       376        0        0       0       0 OK
137  tp-0137        orders             374       374        0        0       0       0 OK
138  tp-0138        orders             376       376        0        0       0       0 OK
139  tp-0139        orders             374       374        0        0       0       0 OK
140  tp-0140        orders             376       376        0        0       0       0 OK
141  tp-0141        orders             376       376        0        0       0       0 OK
142  tp-0142        orders             374       374        0        0       0       0 OK
143  tp-0143        orders             376       376        0        0       0       0 OK
144  tp-0144        orders             376       376        0        0       0       0 OK
145  tp-0145        orders             376       376        0        0       0       0 OK
146  tp-0146        orders             376       376        0        0       0       0 OK
147  tp-0147        orders             376       376        0        0       0       0 OK
148  tp-0148        orders             376       376        0        0       0       0 OK
149  tp-0149        orders             374       374        0        0       0       0 OK
150  tp-0150        orders             376       376        0        0       0       0 OK
151  tp-0151        orders             376       376        0        0       0       0 OK
152  tp-0152        orders             376       376        0        0       0       0 OK
153  tp-0153        orders             374       374        0        0       0       0 OK
154  tp-0154        orders             376       376        0        0       0       0 OK
155  tp-0155        orders             374       374        0        0       0       0 OK
156  tp-0156        orders             374       374        0        0       0       0 OK
157  tp-0157        orders             376       376        0        0       0       0 OK
158  tp-0158        orders             376       376        0        0       0       0 OK
159  tp-0159        orders             374       374        0        0       0       0 OK
160  tp-0160        orders             376       376        0        0       0       0 OK
161  tp-0161        orders             376       376        0        0       0       0 OK
162  tp-0162        orders             376       376        0        0       0       0 OK
163  tp-0163        orders             374       374        0        0       0       0 OK
164  tp-0164        orders             376       376        0        0       0       0 OK
165  tp-0165        orders             374       374        0        0       0       0 OK
166  tp-0166        orders             374       374        0        0       0       0 OK
167  tp-0167        orders             376       376        0        0       0       0 OK
168  tp-0168        orders             376       376        0        0       0       0 OK
169  tp-0169        orders             376       376        0        0       0       0 OK
170  tp-0170        orders             376       376        0        0       0       0 OK
171  tp-0171        orders             376       376        0        0       0       0 OK
172  tp-0172        orders             376       376        0        0       0       0 OK
173  tp-0173        orders             374       374        0        0       0       0 OK
174  tp-0174        orders             376       376        0        0       0       0 OK
175  tp-0175        orders             374       374        0        0       0       0 OK
176  tp-0176        orders             376       376        0        0       0       0 OK
177  tp-0177        orders             374       374        0        0       0       0 OK
178  tp-0178        orders             374       374        0        0       0       0 OK
179  tp-0179        orders             374       374        0        0       0       0 OK
180  tp-0180        orders             376       376        0        0       0       0 OK
181  tp-0181        orders             376       376        0        0       0       0 OK
182  tp-0182        orders             374       374        0        0       0       0 OK
183  tp-0183        orders             374       374        0        0       0       0 OK
184  tp-0184        orders             376       376        0        0       0       0 OK
185  tp-0185        orders             374       374        0        0       0       0 OK
186  tp-0186        orders             376       376        0        0       0       0 OK
187  tp-0187        orders             376       376        0        0       0       0 OK
188  tp-0188        orders             374       374        0        0       0       0 OK
189  tp-0189        orders             374       374        0        0       0       0 OK
190  tp-0190        orders             374       374        0        0       0       0 OK
191  tp-0191        orders             376       376        0        0       0       0 OK
192  tp-0192        orders             374       374        0        0       0       0 OK
193  tp-0193        orders             374       374        0        0       0       0 OK
194  tp-0194        orders             376       376        0        0       0       0 OK
195  tp-0195        orders             376       376        0        0       0       0 OK
196  tp-0196        orders             376       376        0        0       0       0 OK
197  tp-0197        orders             376       376        0        0       0       0 OK
198  tp-0198        orders             376       376        0        0       0       0 OK
199  tp-0199        orders             376       376        0        0       0       0 OK
200  tp-0200        orders             376       376        0        0       0       0 OK
201  tp-0201        orders             376       376        0        0       0       0 OK
202  tp-0202        orders             376       376        0        0       0       0 OK
203  tp-0203        orders             374       374        0        0       0       0 OK
204  tp-0204        orders             374       374        0        0       0       0 OK
205  tp-0205        orders             374       374        0        0       0       0 OK
206  tp-0206        orders             376       376        0        0       0       0 OK
207  tp-0207        orders             376       376        0        0       0       0 OK
208  tp-0208        orders             374       374        0        0       0       0 OK
209  tp-0209        orders             374       374        0        0       0       0 OK
210  tp-0210        orders             374       374        0        0       0       0 OK
211  tp-0211        orders             376       376        0        0       0       0 OK
212  tp-0212        orders             376       376        0        0       0       0 OK
213  tp-0213        orders             376       376        0        0       0       0 OK
214  tp-0214        orders             376       376        0        0       0       0 OK
215  tp-0215        orders             374       374        0        0       0       0 OK
216  tp-0216        orders             376       376        0        0       0       0 OK
217  tp-0217        orders             376       376        0        0       0       0 OK
218  tp-0218        orders             374       374        0        0       0       0 OK
219  tp-0219        orders             376       376        0        0       0       0 OK
220  tp-0220        orders             374       374        0        0       0       0 OK
221  tp-0221        orders             376       376        0        0       0       0 OK
222  tp-0222        orders             374       374        0        0       0       0 OK
223  tp-0223        orders             376       376        0        0       0       0 OK
224  tp-0224        orders             374       374        0        0       0       0 OK
225  tp-0225        orders             374       374        0        0       0       0 OK
226  tp-0226        orders             374       374        0        0       0       0 OK
227  tp-0227        orders             376       376        0        0       0       0 OK
228  tp-0228        orders             376       376        0        0       0       0 OK
229  tp-0229        orders             376       376        0        0       0       0 OK
230  tp-0230        orders             376       376        0        0       0       0 OK
231  tp-0231        orders             376       376        0        0       0       0 OK
232  tp-0232        orders             374       374        0        0       0       0 OK
233  tp-0233        orders             374       374        0        0       0       0 OK
234  tp-0234        orders             376       376        0        0       0       0 OK
235  tp-0235        orders             376       376        0        0       0       0 OK
236  tp-0236        orders             374       374        0        0       0       0 OK
237  tp-0237        orders             374       374        0        0       0       0 OK
238  tp-0238        orders             374       374        0        0       0       0 OK
239  tp-0239        orders             374       374        0        0       0       0 OK
240  tp-0240        orders             376       376        0        0       0       0 OK
241  tp-0241        orders             374       374        0        0       0       0 OK
242  tp-0242        orders             374       374        0        0       0       0 OK
243  tp-0243        orders             376       376        0        0       0       0 OK
244  tp-0244        orders             376       376        0        0       0       0 OK
245  tp-0245        orders             374       374        0        0       0       0 OK
246  tp-0246        orders             374       374        0        0       0       0 OK
247  tp-0247        orders             374       374        0        0       0       0 OK
248  tp-0248        orders             374       374        0        0       0       0 OK
249  tp-0249        orders             376       376        0        0       0       0 OK
250  tp-0250        orders             376       376        0        0       0       0 OK
251  tp-0251        orders             376       376        0        0       0       0 OK
252  tp-0252        orders             376       376        0        0       0       0 OK
253  tp-0253        orders             374       374        0        0       0       0 OK
254  tp-0254        orders             376       376        0        0       0       0 OK
255  tp-0255        orders             376       376        0        0       0       0 OK
256  tp-0256        orders             376       376        0        0       0       0 OK
257  tp-0257        orders             376       376        0        0       0       0 OK
258  tp-0258        orders             376       376        0        0       0       0 OK
259  tp-0259        orders             374       374        0        0       0       0 OK
260  tp-0260        orders             374       374        0        0       0       0 OK
261  tp-0261        orders             376       376        0        0       0       0 OK
262  tp-0262        orders             374       374        0        0       0       0 OK
263  tp-0263        orders             374       374        0        0       0       0 OK
264  tp-0264        orders             376       376        0        0       0       0 OK
265  tp-0265        orders             376       376        0        0       0       0 OK
266  tp-0266        orders             376       376        0        0       0       0 OK
267  tp-0267        orders             374       374        0        0       0       0 OK
268  tp-0268        orders             376       376        0        0       0       0 OK
269  tp-0269        orders             376       376        0        0       0       0 OK
270  tp-0270        orders             374       374        0        0       0       0 OK
271  tp-0271        orders             376       376        0        0       0       0 OK
272  tp-0272        orders             374       374        0        0       0       0 OK
273  tp-0273        orders             374       374        0        0       0       0 OK
274  tp-0274        orders             376       376        0        0       0       0 OK
275  tp-0275        orders             374       374        0        0       0       0 OK
276  tp-0276        orders             376       376        0        0       0       0 OK
277  tp-0277        orders             374       374        0        0       0       0 OK
278  tp-0278        orders             374       374        0        0       0       0 OK
279  tp-0279        orders             374       374        0        0       0       0 OK
280  tp-0280        orders             374       374        0        0       0       0 OK
281  tp-0281        orders             374       374        0        0       0       0 OK
282  tp-0282        orders             374       374        0        0       0       0 OK
283  tp-0283        orders             374       374        0        0       0       0 OK
284  tp-0284        orders             374       374        0        0       0       0 OK
285  tp-0285        orders             376       376        0        0       0       0 OK
286  tp-0286        orders             374       374        0        0       0       0 OK
287  tp-0287        orders             374       374        0        0       0       0 OK
288  tp-0288        orders             374       374        0        0       0       0 OK
289  tp-0289        orders             374       374        0        0       0       0 OK
290  tp-0290        orders             374       374        0        0       0       0 OK
291  tp-0291        orders             374       374        0        0       0       0 OK
292  tp-0292        orders             376       376        0        0       0       0 OK
293  tp-0293        orders             376       376        0        0       0       0 OK
294  tp-0294        orders             374       374        0        0       0       0 OK
295  tp-0295        orders             374       374        0        0       0       0 OK
296  tp-0296        orders             376       376        0        0       0       0 OK
297  tp-0297        orders             376       376        0        0       0       0 OK
298  tp-0298        orders             376       376        0        0       0       0 OK
299  tp-0299        orders             376       376        0        0       0       0 OK
300  tp-0300        orders             374       374        0        0       0       0 OK
301  tp-0301        orders             374       374        0        0       0       0 OK
302  tp-0302        orders             374       374        0        0       0       0 OK
303  tp-0303        orders             374       374        0        0       0       0 OK
304  tp-0304        orders             374       374        0        0       0       0 OK
305  tp-0305        orders             376       376        0        0       0       0 OK
306  tp-0306        orders             374       374        0        0       0       0 OK
307  tp-0307        orders             374       374        0        0       0       0 OK
308  tp-0308        orders             374       374        0        0       0       0 OK
309  tp-0309        orders             374       374        0        0       0       0 OK
310  tp-0310        orders             376       376        0        0       0       0 OK
311  tp-0311        orders             374       374        0        0       0       0 OK
312  tp-0312        orders             376       376        0        0       0       0 OK
313  tp-0313        orders             376       376        0        0       0       0 OK
314  tp-0314        orders             374       374        0        0       0       0 OK
315  tp-0315        orders             374       374        0        0       0       0 OK
316  tp-0316        orders             376       376        0        0       0       0 OK
317  tp-0317        orders             374       374        0        0       0       0 OK
318  tp-0318        orders             374       374        0        0       0       0 OK
319  tp-0319        orders             376       376        0        0       0       0 OK
320  tp-0320        orders             374       374        0        0       0       0 OK
321  tp-0321        orders             376       376        0        0       0       0 OK
322  tp-0322        orders             374       374        0        0       0       0 OK
323  tp-0323        orders             376       376        0        0       0       0 OK
324  tp-0324        orders             376       376        0        0       0       0 OK
325  tp-0325        orders             376       376        0        0       0       0 OK
326  tp-0326        orders             376       376        0        0       0       0 OK
327  tp-0327        orders             376       376        0        0       0       0 OK
328  tp-0328        orders             376       376        0        0       0       0 OK
329  tp-0329        orders             376       376        0        0       0       0 OK
330  tp-0330        orders             376       376        0        0       0       0 OK
331  tp-0331        orders             376       376        0        0       0       0 OK
332  tp-0332        orders             376       376        0        0       0       0 OK
333  tp-0333        orders             376       376        0        0       0       0 OK
334  tp-0334        orders             376       376        0        0       0       0 OK
335  tp-0335        orders             374       374        0        0       0       0 OK
336  tp-0336        orders             374       374        0        0       0       0 OK
337  tp-0337        orders             374       374        0        0       0       0 OK
338  tp-0338        orders             376       376        0        0       0       0 OK
339  tp-0339        orders             374       374        0        0       0       0 OK
340  tp-0340        orders             374       374        0        0       0       0 OK
341  tp-0341        orders             376       376        0        0       0       0 OK
342  tp-0342        orders             374       374        0        0       0       0 OK
343  tp-0343        orders             374       374        0        0       0       0 OK
344  tp-0344        orders             374       374        0        0       0       0 OK
345  tp-0345        orders             374       374        0        0       0       0 OK
346  tp-0346        orders             376       376        0        0       0       0 OK
347  tp-0347        orders             374       374        0        0       0       0 OK
348  tp-0348        orders             376       376        0        0       0       0 OK
349  tp-0349        orders             374       374        0        0       0       0 OK
350  tp-0350        orders             376       376        0        0       0       0 OK
351  tp-0351        orders             374       374        0        0       0       0 OK
352  tp-0352        orders             374       374        0        0       0       0 OK
353  tp-0353        orders             374       374        0        0       0       0 OK
354  tp-0354        orders             376       376        0        0       0       0 OK
355  tp-0355        orders             374       374        0        0       0       0 OK
356  tp-0356        orders             374       374        0        0       0       0 OK
357  tp-0357        orders             376       376        0        0       0       0 OK
358  tp-0358        orders             374       374        0        0       0       0 OK
359  tp-0359        orders             376       376        0        0       0       0 OK
360  tp-0360        orders             376       376        0        0       0       0 OK
361  tp-0361        orders             374       374        0        0       0       0 OK
362  tp-0362        orders             374       374        0        0       0       0 OK
363  tp-0363        orders             376       376        0        0       0       0 OK
364  tp-0364        orders             374       374        0        0       0       0 OK
365  tp-0365        orders             374       374        0        0       0       0 OK
366  tp-0366        orders             374       374        0        0       0       0 OK
367  tp-0367        orders             376       376        0        0       0       0 OK
368  tp-0368        orders             374       374        0        0       0       0 OK
369  tp-0369        orders             374       374        0        0       0       0 OK
370  tp-0370        orders             376       376        0        0       0       0 OK
371  tp-0371        orders             376       376        0        0       0       0 OK
372  tp-0372        orders             376       376        0        0       0       0 OK
373  tp-0373        orders             376       376        0        0       0       0 OK
374  tp-0374        orders             374       374        0        0       0       0 OK
375  tp-0375        orders             374       374        0        0       0       0 OK
376  tp-0376        orders             374       374        0        0       0       0 OK
377  tp-0377        orders             374       374        0        0       0       0 OK
378  tp-0378        orders             376       376        0        0       0       0 OK
379  tp-0379        orders             374       374        0        0       0       0 OK
380  tp-0380        orders             374       374        0        0       0       0 OK
381  tp-0381        orders             376       376        0        0       0       0 OK
382  tp-0382        orders             374       374        0        0       0       0 OK
383  tp-0383        orders             376       376        0        0       0       0 OK
384  tp-0384        orders             376       376        0        0       0       0 OK
385  tp-0385        orders             376       376        0        0       0       0 OK
386  tp-0386        orders             376       376        0        0       0       0 OK
387  tp-0387        orders             374       374        0        0       0       0 OK
388  tp-0388        orders             374       374        0        0       0       0 OK
389  tp-0389        orders             374       374        0        0       0       0 OK
390  tp-0390        orders             376       376        0        0       0       0 OK
391  tp-0391        orders             374       374        0        0       0       0 OK
392  tp-0392        orders             376       376        0        0       0       0 OK
393  tp-0393        orders             376       376        0        0       0       0 OK
394  tp-0394        orders             374       374        0        0       0       0 OK
395  tp-0395        orders             374       374        0        0       0       0 OK
396  tp-0396        orders             376       376        0        0       0       0 OK
397  tp-0397        orders             374       374        0        0       0       0 OK
398  tp-0398        orders             374       374        0        0       0       0 OK
399  tp-0399        orders             376       376        0        0       0       0 OK
400  tp-0400        orders             374       374        0        0       0       0 OK
401  tp-0401        orders             374       374        0        0       0       0 OK
402  tp-0402        orders             374       374        0        0       0       0 OK
403  tp-0403        orders             374       374        0        0       0       0 OK
404  tp-0404        orders             376       376        0        0       0       0 OK
405  tp-0405        orders             374       374        0        0       0       0 OK
406  tp-0406        orders             376       376        0        0       0       0 OK
407  tp-0407        orders             374       374        0        0       0       0 OK
408  tp-0408        orders             376       376        0        0       0       0 OK
409  tp-0409        orders             376       376        0        0       0       0 OK
410  tp-0410        orders             374       374        0        0       0       0 OK
411  tp-0411        orders             376       376        0        0       0       0 OK
412  tp-0412        orders             374       374        0        0       0       0 OK
413  tp-0413        orders             376       376        0        0       0       0 OK
414  tp-0414        orders             374       374        0        0       0       0 OK
415  tp-0415        orders             374       374        0        0       0       0 OK
416  tp-0416        orders             374       374        0        0       0       0 OK
417  tp-0417        orders             376       376        0        0       0       0 OK
418  tp-0418        orders             376       376        0        0       0       0 OK
419  tp-0419        orders             376       376        0        0       0       0 OK
420  tp-0420        orders             376       376        0        0       0       0 OK
421  tp-0421        orders             374       374        0        0       0       0 OK
422  tp-0422        orders             376       376        0        0       0       0 OK
423  tp-0423        orders             376       376        0        0       0       0 OK
424  tp-0424        orders             374       374        0        0       0       0 OK
425  tp-0425        orders             374       374        0        0       0       0 OK
426  tp-0426        orders             374       374        0        0       0       0 OK
427  tp-0427        orders             374       374        0        0       0       0 OK
428  tp-0428        orders             374       374        0        0       0       0 OK
429  tp-0429        orders             374       374        0        0       0       0 OK
430  tp-0430        orders             376       376        0        0       0       0 OK
431  tp-0431        orders             376       376        0        0       0       0 OK
432  tp-0432        orders             374       374        0        0       0       0 OK
433  tp-0433        orders             374       374        0        0       0       0 OK
434  tp-0434        orders             374       374        0        0       0       0 OK
435  tp-0435        orders             376       376        0        0       0       0 OK
436  tp-0436        orders             374       374        0        0       0       0 OK
437  tp-0437        orders             376       376        0        0       0       0 OK
438  tp-0438        orders             374       374        0        0       0       0 OK
439  tp-0439        orders             376       376        0        0       0       0 OK
440  tp-0440        orders             376       376        0        0       0       0 OK
441  tp-0441        orders             376       376        0        0       0       0 OK
442  tp-0442        orders             374       374        0        0       0       0 OK
443  tp-0443        orders             374       374        0        0       0       0 OK
444  tp-0444        orders             376       376        0        0       0       0 OK
445  tp-0445        orders             376       376        0        0       0       0 OK
446  tp-0446        orders             376       376        0        0       0       0 OK
447  tp-0447        orders             376       376        0        0       0       0 OK
448  tp-0448        orders             376       376        0        0       0       0 OK
449  tp-0449        orders             374       374        0        0       0       0 OK
450  tp-0450        orders             374       374        0        0       0       0 OK
451  tp-0451        orders             376       376        0        0       0       0 OK
452  tp-0452        orders             376       376        0        0       0       0 OK
453  tp-0453        orders             374       374        0        0       0       0 OK
454  tp-0454        orders             376       376        0        0       0       0 OK
455  tp-0455        orders             376       376        0        0       0       0 OK
456  tp-0456        orders             376       376        0        0       0       0 OK
457  tp-0457        orders             374       374        0        0       0       0 OK
458  tp-0458        orders             374       374        0        0       0       0 OK
459  tp-0459        orders             374       374        0        0       0       0 OK
460  tp-0460        orders             374       374        0        0       0       0 OK
461  tp-0461        orders             376       376        0        0       0       0 OK
462  tp-0462        orders             376       376        0        0       0       0 OK
463  tp-0463        orders             374       374        0        0       0       0 OK
464  tp-0464        orders             374       374        0        0       0       0 OK
465  tp-0465        orders             376       376        0        0       0       0 OK
466  tp-0466        orders             374       374        0        0       0       0 OK
467  tp-0467        orders             376       376        0        0       0       0 OK
468  tp-0468        orders             376       376        0        0       0       0 OK
469  tp-0469        orders             376       376        0        0       0       0 OK
470  tp-0470        orders             376       376        0        0       0       0 OK
471  tp-0471        orders             374       374        0        0       0       0 OK
472  tp-0472        orders             376       376        0        0       0       0 OK
473  tp-0473        orders             374       374        0        0       0       0 OK
474  tp-0474        orders             376       376        0        0       0       0 OK
475  tp-0475        orders             374       374        0        0       0       0 OK
476  tp-0476        orders             376       376        0        0       0       0 OK
477  tp-0477        orders             376       376        0        0       0       0 OK
478  tp-0478        orders             374       374        0        0       0       0 OK
479  tp-0479        orders             376       376        0        0       0       0 OK
480  tp-0480        orders             374       374        0        0       0       0 OK
481  tp-0481        orders             374       374        0        0       0       0 OK
482  tp-0482        orders             376       376        0        0       0       0 OK
483  tp-0483        orders             376       376        0        0       0       0 OK
484  tp-0484        orders             374       374        0        0       0       0 OK
485  tp-0485        orders             374       374        0        0       0       0 OK
486  tp-0486        orders             374       374        0        0       0       0 OK
487  tp-0487        orders             374       374        0        0       0       0 OK
488  tp-0488        orders             374       374        0        0       0       0 OK
489  tp-0489        orders             374       374        0        0       0       0 OK
490  tp-0490        orders             376       376        0        0       0       0 OK
491  tp-0491        orders             374       374        0        0       0       0 OK
492  tp-0492        orders             374       374        0        0       0       0 OK
493  tp-0493        orders             374       374        0        0       0       0 OK
494  tp-0494        orders             376       376        0        0       0       0 OK
495  tp-0495        orders             376       376        0        0       0       0 OK
496  tp-0496        orders             376       376        0        0       0       0 OK
497  tp-0497        orders             374       374        0        0       0       0 OK
498  tp-0498        orders             374       374        0        0       0       0 OK
499  tp-0499        orders             376       376        0        0       0       0 OK
500  tp-0500        orders             374       374        0        0       0       0 OK
501  tp-0501        orders             376       376        0        0       0       0 OK
502  tp-0502        orders             374       374        0        0       0       0 OK
503  tp-0503        orders             374       374        0        0       0       0 OK
504  tp-0504        orders             374       374        0        0       0       0 OK
505  tp-0505        orders             374       374        0        0       0       0 OK
506  tp-0506        orders             376       376        0        0       0       0 OK
507  tp-0507        orders             376       376        0        0       0       0 OK
508  tp-0508        orders             374       374        0        0       0       0 OK
509  tp-0509        orders             374       374        0        0       0       0 OK
510  tp-0510        orders             376       376        0        0       0       0 OK
511  tp-0511        orders             376       376        0        0       0       0 OK
512  tp-0512        orders             376       376        0        0       0       0 OK
513  tp-0513        orders             374       374        0        0       0       0 OK
514  tp-0514        orders             374       374        0        0       0       0 OK
515  tp-0515        orders             374       374        0        0       0       0 OK
516  tp-0516        orders             376       376        0        0       0       0 OK
517  tp-0517        orders             374       374        0        0       0       0 OK
518  tp-0518        orders             374       374        0        0       0       0 OK
519  tp-0519        orders             376       376        0        0       0       0 OK
520  tp-0520        orders             376       376        0        0       0       0 OK
521  tp-0521        orders             374       374        0        0       0       0 OK
522  tp-0522        orders             374       374        0        0       0       0 OK
523  tp-0523        orders             376       376        0        0       0       0 OK
524  tp-0524        orders             376       376        0        0       0       0 OK
525  tp-0525        orders             376       376        0        0       0       0 OK
526  tp-0526        orders             376       376        0        0       0       0 OK
527  tp-0527        orders             374       374        0        0       0       0 OK
528  tp-0528        orders             374       374        0        0       0       0 OK
529  tp-0529        orders             374       374        0        0       0       0 OK
530  tp-0530        orders             374       374        0        0       0       0 OK
531  tp-0531        orders             374       374        0        0       0       0 OK
532  tp-0532        orders             376       376        0        0       0       0 OK
533  tp-0533        orders             374       374        0        0       0       0 OK
534  tp-0534        orders             376       376        0        0       0       0 OK
535  tp-0535        orders             374       374        0        0       0       0 OK
536  tp-0536        orders             374       374        0        0       0       0 OK
537  tp-0537        orders             376       376        0        0       0       0 OK
538  tp-0538        orders             374       374        0        0       0       0 OK
539  tp-0539        orders             374       374        0        0       0       0 OK
540  tp-0540        orders             376       376        0        0       0       0 OK
541  tp-0541        orders             374       374        0        0       0       0 OK
542  tp-0542        orders             374       374        0        0       0       0 OK
543  tp-0543        orders             376       376        0        0       0       0 OK
544  tp-0544        orders             376       376        0        0       0       0 OK
545  tp-0545        orders             374       374        0        0       0       0 OK
546  tp-0546        orders             376       376        0        0       0       0 OK
547  tp-0547        orders             374       374        0        0       0       0 OK
548  tp-0548        orders             374       374        0        0       0       0 OK
549  tp-0549        orders             376       376        0        0       0       0 OK
550  tp-0550        orders             374       374        0        0       0       0 OK
551  tp-0551        orders             376       376        0        0       0       0 OK
552  tp-0552        orders             376       376        0        0       0       0 OK
553  tp-0553        orders             374       374        0        0       0       0 OK
554  tp-0554        orders             374       374        0        0       0       0 OK
555  tp-0555        orders             376       376        0        0       0       0 OK
556  tp-0556        orders             374       374        0        0       0       0 OK
557  tp-0557        orders             374       374        0        0       0       0 OK
558  tp-0558        orders             374       374        0        0       0       0 OK
559  tp-0559        orders             376       376        0        0       0       0 OK
560  tp-0560        orders             376       376        0        0       0       0 OK
561  tp-0561        orders             376       376        0        0       0       0 OK
562  tp-0562        orders             374       374        0        0       0       0 OK
563  tp-0563        orders             374       374        0        0       0       0 OK
564  tp-0564        orders             374       374        0        0       0       0 OK
565  tp-0565        orders             376       376        0        0       0       0 OK
566  tp-0566        orders             374       374        0        0       0       0 OK
567  tp-0567        orders             374       374        0        0       0       0 OK
568  tp-0568        orders             376       376        0        0       0       0 OK
569  tp-0569        orders             374       374        0        0       0       0 OK
570  tp-0570        orders             376       376        0        0       0       0 OK
571  tp-0571        orders             376       376        0        0       0       0 OK
572  tp-0572        orders             376       376        0        0       0       0 OK
573  tp-0573        orders             374       374        0        0       0       0 OK
574  tp-0574        orders             376       376        0        0       0       0 OK
575  tp-0575        orders             374       374        0        0       0       0 OK
576  tp-0576        orders             376       376        0        0       0       0 OK
577  tp-0577        orders             374       374        0        0       0       0 OK
578  tp-0578        orders             374       374        0        0       0       0 OK
579  tp-0579        orders             374       374        0        0       0       0 OK
580  tp-0580        orders             376       376        0        0       0       0 OK
581  tp-0581        orders             376       376        0        0       0       0 OK
582  tp-0582        orders             376       376        0        0       0       0 OK
583  tp-0583        orders             376       376        0        0       0       0 OK
584  tp-0584        orders             374       374        0        0       0       0 OK
585  tp-0585        orders             374       374        0        0       0       0 OK
586  tp-0586        orders             376       376        0        0       0       0 OK
587  tp-0587        orders             374       374        0        0       0       0 OK
588  tp-0588        orders             376       376        0        0       0       0 OK
589  tp-0589        orders             374       374        0        0       0       0 OK
590  tp-0590        orders             374       374        0        0       0       0 OK
591  tp-0591        orders             374       374        0        0       0       0 OK
592  tp-0592        orders             376       376        0        0       0       0 OK
593  tp-0593        orders             376       376        0        0       0       0 OK
594  tp-0594        orders             376       376        0        0       0       0 OK
595  tp-0595        orders             376       376        0        0       0       0 OK
596  tp-0596        orders             374       374        0        0       0       0 OK
597  tp-0597        orders             374       374        0        0       0       0 OK
598  tp-0598        orders             376       376        0        0       0       0 OK
599  tp-0599        orders             376       376        0        0       0       0 OK
600  tp-0600        orders             376       376        0        0       0       0 OK
601  tp-0601        orders             374       374        0        0       0       0 OK
602  tp-0602        orders             376       376        0        0       0       0 OK
603  tp-0603        orders             376       376        0        0       0       0 OK
604  tp-0604        orders             374       374        0        0       0       0 OK
605  tp-0605        orders             374       374        0        0       0       0 OK
606  tp-0606        orders             374       374        0        0       0       0 OK
607  tp-0607        orders             376       376        0        0       0       0 OK
608  tp-0608        orders             374       374        0        0       0       0 OK
609  tp-0609        orders             374       374        0        0       0       0 OK
610  tp-0610        orders             376       376        0        0       0       0 OK
611  tp-0611        orders             376       376        0        0       0       0 OK
612  tp-0612        orders             376       376        0        0       0       0 OK
613  tp-0613        orders             374       374        0        0       0       0 OK
614  tp-0614        orders             374       374        0        0       0       0 OK
615  tp-0615        orders             374       374        0        0       0       0 OK
616  tp-0616        orders             374       374        0        0       0       0 OK
617  tp-0617        orders             374       374        0        0       0       0 OK
618  tp-0618        orders             374       374        0        0       0       0 OK
619  tp-0619        orders             374       374        0        0       0       0 OK
620  tp-0620        orders             374       374        0        0       0       0 OK
621  tp-0621        orders             376       376        0        0       0       0 OK
622  tp-0622        orders             374       374        0        0       0       0 OK
623  tp-0623        orders             374       374        0        0       0       0 OK
624  tp-0624        orders             374       374        0        0       0       0 OK
625  tp-0625        orders             376       376        0        0       0       0 OK
626  tp-0626        orders             376       376        0        0       0       0 OK
627  tp-0627        orders             376       376        0        0       0       0 OK
628  tp-0628        orders             374       374        0        0       0       0 OK
629  tp-0629        orders             376       376        0        0       0       0 OK
630  tp-0630        orders             374       374        0        0       0       0 OK
631  tp-0631        orders             374       374        0        0       0       0 OK
632  tp-0632        orders             376       376        0        0       0       0 OK
633  tp-0633        orders             374       374        0        0       0       0 OK
634  tp-0634        orders             376       376        0        0       0       0 OK
635  tp-0635        orders             374       374        0        0       0       0 OK
636  tp-0636        orders             376       376        0        0       0       0 OK
637  tp-0637        orders             374       374        0        0       0       0 OK
638  tp-0638        orders             376       376        0        0       0       0 OK
639  tp-0639        orders             376       376        0        0       0       0 OK
640  tp-0640        orders             376       376        0        0       0       0 OK
641  tp-0641        orders             374       374        0        0       0       0 OK
642  tp-0642        orders             374       374        0        0       0       0 OK
643  tp-0643        orders             376       376        0        0       0       0 OK
644  tp-0644        orders             376       376        0        0       0       0 OK
645  tp-0645        orders             376       376        0        0       0       0 OK
646  tp-0646        orders             376       376        0        0       0       0 OK
647  tp-0647        orders             374       374        0        0       0       0 OK
648  tp-0648        orders             374       374        0        0       0       0 OK
649  tp-0649        orders             374       374        0        0       0       0 OK
650  tp-0650        orders             376       376        0        0       0       0 OK
651  tp-0651        orders             376       376        0        0       0       0 OK
652  tp-0652        orders             374       374        0        0       0       0 OK
653  tp-0653        orders             374       374        0        0       0       0 OK
654  tp-0654        orders             376       376        0        0       0       0 OK
655  tp-0655        orders             374       374        0        0       0       0 OK
656  tp-0656        orders             376       376        0        0       0       0 OK
657  tp-0657        orders             374       374        0        0       0       0 OK
658  tp-0658        orders             374       374        0        0       0       0 OK
659  tp-0659        orders             374       374        0        0       0       0 OK
660  tp-0660        orders             376       376        0        0       0       0 OK
661  tp-0661        orders             376       376        0        0       0       0 OK
662  tp-0662        orders             376       376        0        0       0       0 OK
663  tp-0663        orders             376       376        0        0       0       0 OK
664  tp-0664        orders             374       374        0        0       0       0 OK
665  tp-0665        orders             376       376        0        0       0       0 OK
666  tp-0666        orders             374       374        0        0       0       0 OK
667  tp-0667        orders             374       374        0        0       0       0 OK
668  tp-0668        orders             374       374        0        0       0       0 OK
669  tp-0669        orders             374       374        0        0       0       0 OK
670  tp-0670        orders             376       376        0        0       0       0 OK
671  tp-0671        orders             376       376        0        0       0       0 OK
672  tp-0672        orders             374       374        0        0       0       0 OK
673  tp-0673        orders             374       374        0        0       0       0 OK
674  tp-0674        orders             376       376        0        0       0       0 OK
675  tp-0675        orders             374       374        0        0       0       0 OK
676  tp-0676        orders             374       374        0        0       0       0 OK
677  tp-0677        orders             374       374        0        0       0       0 OK
678  tp-0678        orders             376       376        0        0       0       0 OK
679  tp-0679        orders             374       374        0        0       0       0 OK
680  tp-0680        orders             376       376        0        0       0       0 OK
681  tp-0681        orders             376       376        0        0       0       0 OK
682  tp-0682        orders             376       376        0        0       0       0 OK
683  tp-0683        orders             374       374        0        0       0       0 OK
684  tp-0684        orders             376       376        0        0       0       0 OK
685  tp-0685        orders             374       374        0        0       0       0 OK
686  tp-0686        orders             374       374        0        0       0       0 OK
687  tp-0687        orders             374       374        0        0       0       0 OK
688  tp-0688        orders             374       374        0        0       0       0 OK
689  tp-0689        orders             376       376        0        0       0       0 OK
690  tp-0690        orders             376       376        0        0       0       0 OK
691  tp-0691        orders             374       374        0        0       0       0 OK
692  tp-0692        orders             374       374        0        0       0       0 OK
693  tp-0693        orders             374       374        0        0       0       0 OK
694  tp-0694        orders             376       376        0        0       0       0 OK
695  tp-0695        orders             374       374        0        0       0       0 OK
696  tp-0696        orders             374       374        0        0       0       0 OK
697  tp-0697        orders             374       374        0        0       0       0 OK
698  tp-0698        orders             374       374        0        0       0       0 OK
699  tp-0699        orders             376       376        0        0       0       0 OK
700  tp-0700        orders             374       374        0        0       0       0 OK
701  tp-0701        orders             374       374        0        0       0       0 OK
702  tp-0702        orders             374       374        0        0       0       0 OK
703  tp-0703        orders             376       376        0        0       0       0 OK
704  tp-0704        orders             376       376        0        0       0       0 OK
705  tp-0705        orders             374       374        0        0       0       0 OK
706  tp-0706        orders             376       376        0        0       0       0 OK
707  tp-0707        orders             376       376        0        0       0       0 OK
708  tp-0708        orders             374       374        0        0       0       0 OK
709  tp-0709        orders             376       376        0        0       0       0 OK
710  tp-0710        orders             374       374        0        0       0       0 OK
711  tp-0711        orders             374       374        0        0       0       0 OK
712  tp-0712        orders             374       374        0        0       0       0 OK
713  tp-0713        orders             376       376        0        0       0       0 OK
714  tp-0714        orders             376       376        0        0       0       0 OK
715  tp-0715        orders             376       376        0        0       0       0 OK
716  tp-0716        orders             374       374        0        0       0       0 OK
717  tp-0717        orders             376       376        0        0       0       0 OK
718  tp-0718        orders             374       374        0        0       0       0 OK
719  tp-0719        orders             376       376        0        0       0       0 OK
720  tp-0720        orders             374       374        0        0       0       0 OK
721  tp-0721        orders             374       374        0        0       0       0 OK
722  tp-0722        orders             376       376        0        0       0       0 OK
723  tp-0723        orders             374       374        0        0       0       0 OK
724  tp-0724        orders             374       374        0        0       0       0 OK
725  tp-0725        orders             374       374        0        0       0       0 OK
726  tp-0726        orders             374       374        0        0       0       0 OK
727  tp-0727        orders             374       374        0        0       0       0 OK
728  tp-0728        orders             376       376        0        0       0       0 OK
729  tp-0729        orders             376       376        0        0       0       0 OK
730  tp-0730        orders             374       374        0        0       0       0 OK
731  tp-0731        orders             376       376        0        0       0       0 OK
732  tp-0732        orders             374       374        0        0       0       0 OK
733  tp-0733        orders             374       374        0        0       0       0 OK
734  tp-0734        orders             374       374        0        0       0       0 OK
735  tp-0735        orders             376       376        0        0       0       0 OK
736  tp-0736        orders             376       376        0        0       0       0 OK
737  tp-0737        orders             376       376        0        0       0       0 OK
738  tp-0738        orders             376       376        0        0       0       0 OK
739  tp-0739        orders             376       376        0        0       0       0 OK
740  tp-0740        orders             374       374        0        0       0       0 OK
741  tp-0741        orders             374       374        0        0       0       0 OK
742  tp-0742        orders             376       376        0        0       0       0 OK
743  tp-0743        orders             374       374        0        0       0       0 OK
744  tp-0744        orders             376       376        0        0       0       0 OK
745  tp-0745        orders             374       374        0        0       0       0 OK
746  tp-0746        orders             376       376        0        0       0       0 OK
747  tp-0747        orders             376       376        0        0       0       0 OK
748  tp-0748        orders             374       374        0        0       0       0 OK
749  tp-0749        orders             376       376        0        0       0       0 OK
750  tp-0750        orders             376       376        0        0       0       0 OK
751  tp-0751        orders             374       374        0        0       0       0 OK
752  tp-0752        orders             376       376        0        0       0       0 OK
753  tp-0753        orders             376       376        0        0       0       0 OK
754  tp-0754        orders             376       376        0        0       0       0 OK
755  tp-0755        orders             376       376        0        0       0       0 OK
756  tp-0756        orders             376       376        0        0       0       0 OK
757  tp-0757        orders             374       374        0        0       0       0 OK
758  tp-0758        orders             376       376        0        0       0       0 OK
759  tp-0759        orders             374       374        0        0       0       0 OK
760  tp-0760        orders             374       374        0        0       0       0 OK
761  tp-0761        orders             376       376        0        0       0       0 OK
762  tp-0762        orders             374       374        0        0       0       0 OK
763  tp-0763        orders             374       374        0        0       0       0 OK
764  tp-0764        orders             374       374        0        0       0       0 OK
765  tp-0765        orders             374       374        0        0       0       0 OK
766  tp-0766        orders             376       376        0        0       0       0 OK
767  tp-0767        orders             374       374        0        0       0       0 OK
768  tp-0768        orders             376       376        0        0       0       0 OK
769  tp-0769        orders             376       376        0        0       0       0 OK
770  tp-0770        orders             374       374        0        0       0       0 OK
771  tp-0771        orders             374       374        0        0       0       0 OK
772  tp-0772        orders             376       376        0        0       0       0 OK
773  tp-0773        orders             374       374        0        0       0       0 OK
774  tp-0774        orders             376       376        0        0       0       0 OK
775  tp-0775        orders             376       376        0        0       0       0 OK
776  tp-0776        orders             374       374        0        0       0       0 OK
777  tp-0777        orders             374       374        0        0       0       0 OK
778  tp-0778        orders             376       376        0        0       0       0 OK
779  tp-0779        orders             376       376        0        0       0       0 OK
780  tp-0780        orders             376       376        0        0       0       0 OK
781  tp-0781        orders             376       376        0        0       0       0 OK
782  tp-0782        orders             376       376        0        0       0       0 OK
783  tp-0783        orders             374       374        0        0       0       0 OK
784  tp-0784        orders             374       374        0        0       0       0 OK
785  tp-0785        orders             374       374        0        0       0       0 OK
786  tp-0786        orders             374       374        0        0       0       0 OK
787  tp-0787        orders             376       376        0        0       0       0 OK
788  tp-0788        orders             374       374        0        0       0       0 OK
789  tp-0789        orders             374       374        0        0       0       0 OK
790  tp-0790        orders             374       374        0        0       0       0 OK
791  tp-0791        orders             376       376        0        0       0       0 OK
792  tp-0792        orders             376       376        0        0       0       0 OK
793  tp-0793        orders             374       374        0        0       0       0 OK
794  tp-0794        orders             374       374        0        0       0       0 OK
795  tp-0795        orders             374       374        0        0       0       0 OK
796  tp-0796        orders             374       374        0        0       0       0 OK
797  tp-0797        orders             376       376        0        0       0       0 OK
798  tp-0798        orders             376       376        0        0       0       0 OK
799  tp-0799        orders             376       376        0        0       0       0 OK
800  tp-0800        orders             374       374        0        0       0       0 OK
801  tp-0801        orders             376       376        0        0       0       0 OK
802  tp-0802        orders             374       374        0        0       0       0 OK
803  tp-0803        orders             374       374        0        0       0       0 OK
804  tp-0804        orders             374       374        0        0       0       0 OK
805  tp-0805        orders             374       374        0        0       0       0 OK
806  tp-0806        orders             374       374        0        0       0       0 OK
807  tp-0807        orders             376       376        0        0       0       0 OK
808  tp-0808        orders             376       376        0        0       0       0 OK
809  tp-0809        orders             376       376        0        0       0       0 OK
810  tp-0810        orders             376       376        0        0       0       0 OK
811  tp-0811        orders             374       374        0        0       0       0 OK
812  tp-0812        orders             376       376        0        0       0       0 OK
813  tp-0813        orders             376       376        0        0       0       0 OK
814  tp-0814        orders             374       374        0        0       0       0 OK
815  tp-0815        orders             374       374        0        0       0       0 OK
816  tp-0816        orders             374       374        0        0       0       0 OK
817  tp-0817        orders             374       374        0        0       0       0 OK
818  tp-0818        orders             376       376        0        0       0       0 OK
819  tp-0819        orders             374       374        0        0       0       0 OK
820  tp-0820        orders             374       374        0        0       0       0 OK
821  tp-0821        orders             374       374        0        0       0       0 OK
822  tp-0822        orders             374       374        0        0       0       0 OK
823  tp-0823        orders             374       374        0        0       0       0 OK
824  tp-0824        orders             374       374        0        0       0       0 OK
825  tp-0825        orders             374       374        0        0       0       0 OK
826  tp-0826        orders             376       376        0        0       0       0 OK
827  tp-0827        orders             374       374        0        0       0       0 OK
828  tp-0828        orders             374       374        0        0       0       0 OK
829  tp-0829        orders             376       376        0        0       0       0 OK
830  tp-0830        orders             374       374        0        0       0       0 OK
831  tp-0831        orders             374       374        0        0       0       0 OK
832  tp-0832        orders             374       374        0        0       0       0 OK
833  tp-0833        orders             376       376        0        0       0       0 OK
834  tp-0834        orders             376       376        0        0       0       0 OK
835  tp-0835        orders             376       376        0        0       0       0 OK
836  tp-0836        orders             376       376        0        0       0       0 OK
837  tp-0837        orders             374       374        0        0       0       0 OK
838  tp-0838        orders             376       376        0        0       0       0 OK
839  tp-0839        orders             374       374        0        0       0       0 OK
840  tp-0840        orders             374       374        0        0       0       0 OK
841  tp-0841        orders             376       376        0        0       0       0 OK
842  tp-0842        orders             376       376        0        0       0       0 OK
843  tp-0843        orders             374       374        0        0       0       0 OK
844  tp-0844        orders             374       374        0        0       0       0 OK
845  tp-0845        orders             374       374        0        0       0       0 OK
846  tp-0846        orders             374       374        0        0       0       0 OK
847  tp-0847        orders             376       376        0        0       0       0 OK
848  tp-0848        orders             374       374        0        0       0       0 OK
849  tp-0849        orders             376       376        0        0       0       0 OK
850  tp-0850        orders             376       376        0        0       0       0 OK
851  tp-0851        orders             376       376        0        0       0       0 OK
852  tp-0852        orders             374       374        0        0       0       0 OK
853  tp-0853        orders             376       376        0        0       0       0 OK
854  tp-0854        orders             376       376        0        0       0       0 OK
855  tp-0855        orders             376       376        0        0       0       0 OK
856  tp-0856        orders             374       374        0        0       0       0 OK
857  tp-0857        orders             376       376        0        0       0       0 OK
858  tp-0858        orders             376       376        0        0       0       0 OK
859  tp-0859        orders             376       376        0        0       0       0 OK
860  tp-0860        orders             376       376        0        0       0       0 OK
861  tp-0861        orders             376       376        0        0       0       0 OK
862  tp-0862        orders             376       376        0        0       0       0 OK
863  tp-0863        orders             374       374        0        0       0       0 OK
864  tp-0864        orders             376       376        0        0       0       0 OK
865  tp-0865        orders             376       376        0        0       0       0 OK
866  tp-0866        orders             376       376        0        0       0       0 OK
867  tp-0867        orders             376       376        0        0       0       0 OK
868  tp-0868        orders             376       376        0        0       0       0 OK
869  tp-0869        orders             376       376        0        0       0       0 OK
870  tp-0870        orders             376       376        0        0       0       0 OK
871  tp-0871        orders             374       374        0        0       0       0 OK
872  tp-0872        orders             376       376        0        0       0       0 OK
873  tp-0873        orders             374       374        0        0       0       0 OK
874  tp-0874        orders             376       376        0        0       0       0 OK
875  tp-0875        orders             374       374        0        0       0       0 OK
876  tp-0876        orders             376       376        0        0       0       0 OK
877  tp-0877        orders             376       376        0        0       0       0 OK
878  tp-0878        orders             374       374        0        0       0       0 OK
879  tp-0879        orders             376       376        0        0       0       0 OK
880  tp-0880        orders             374       374        0        0       0       0 OK
881  tp-0881        orders             374       374        0        0       0       0 OK
882  tp-0882        orders             374       374        0        0       0       0 OK
883  tp-0883        orders             376       376        0        0       0       0 OK
884  tp-0884        orders             376       376        0        0       0       0 OK
885  tp-0885        orders             376       376        0        0       0       0 OK
886  tp-0886        orders             376       376        0        0       0       0 OK
887  tp-0887        orders             376       376        0        0       0       0 OK
888  tp-0888        orders             376       376        0        0       0       0 OK
889  tp-0889        orders             376       376        0        0       0       0 OK
890  tp-0890        orders             376       376        0        0       0       0 OK
891  tp-0891        orders             376       376        0        0       0       0 OK
892  tp-0892        orders             376       376        0        0       0       0 OK
893  tp-0893        orders             376       376        0        0       0       0 OK
894  tp-0894        orders             376       376        0        0       0       0 OK
895  tp-0895        orders             374       374        0        0       0       0 OK
896  tp-0896        orders             376       376        0        0       0       0 OK
897  tp-0897        orders             374       374        0        0       0       0 OK
898  tp-0898        orders             376       376        0        0       0       0 OK
899  tp-0899        orders             376       376        0        0       0       0 OK
900  tp-0900        orders             374       374        0        0       0       0 OK
901  tp-0901        orders             374       374        0        0       0       0 OK
902  tp-0902        orders             376       376        0        0       0       0 OK
903  tp-0903        orders             374       374        0        0       0       0 OK
904  tp-0904        orders             376       376        0        0       0       0 OK
905  tp-0905        orders             374       374        0        0       0       0 OK
906  tp-0906        orders             376       376        0        0       0       0 OK
907  tp-0907        orders             376       376        0        0       0       0 OK
908  tp-0908        orders             374       374        0        0       0       0 OK
909  tp-0909        orders             374       374        0        0       0       0 OK
910  tp-0910        orders             374       374        0        0       0       0 OK
911  tp-0911        orders             374       374        0        0       0       0 OK
912  tp-0912        orders             376       376        0        0       0       0 OK
913  tp-0913        orders             376       376        0        0       0       0 OK
914  tp-0914        orders             376       376        0        0       0       0 OK
915  tp-0915        orders             376       376        0        0       0       0 OK
916  tp-0916        orders             376       376        0        0       0       0 OK
917  tp-0917        orders             376       376        0        0       0       0 OK
918  tp-0918        orders             374       374        0        0       0       0 OK
919  tp-0919        orders             374       374        0        0       0       0 OK
920  tp-0920        orders             374       374        0        0       0       0 OK
921  tp-0921        orders             374       374        0        0       0       0 OK
922  tp-0922        orders             376       376        0        0       0       0 OK
923  tp-0923        orders             376       376        0        0       0       0 OK
924  tp-0924        orders             376       376        0        0       0       0 OK
925  tp-0925        orders             376       376        0        0       0       0 OK
926  tp-0926        orders             376       376        0        0       0       0 OK
927  tp-0927        orders             376       376        0        0       0       0 OK
928  tp-0928        orders             374       374        0        0       0       0 OK
929  tp-0929        orders             376       376        0        0       0       0 OK
930  tp-0930        orders             374       374        0        0       0       0 OK
931  tp-0931        orders             374       374        0        0       0       0 OK
932  tp-0932        orders             376       376        0        0       0       0 OK
933  tp-0933        orders             376       376        0        0       0       0 OK
934  tp-0934        orders             376       376        0        0       0       0 OK
935  tp-0935        orders             376       376        0        0       0       0 OK
936  tp-0936        orders             374       374        0        0       0       0 OK
937  tp-0937        orders             374       374        0        0       0       0 OK
938  tp-0938        orders             376       376        0        0       0       0 OK
939  tp-0939        orders             376       376        0        0       0       0 OK
940  tp-0940        orders             374       374        0        0       0       0 OK
941  tp-0941        orders             376       376        0        0       0       0 OK
942  tp-0942        orders             374       374        0        0       0       0 OK
943  tp-0943        orders             374       374        0        0       0       0 OK
944  tp-0944        orders             374       374        0        0       0       0 OK
945  tp-0945        orders             376       376        0        0       0       0 OK
946  tp-0946        orders             376       376        0        0       0       0 OK
947  tp-0947        orders             374       374        0        0       0       0 OK
948  tp-0948        orders             376       376        0        0       0       0 OK
949  tp-0949        orders             376       376        0        0       0       0 OK
950  tp-0950        orders             374       374        0        0       0       0 OK
951  tp-0951        orders             376       376        0        0       0       0 OK
952  tp-0952        orders             374       374        0        0       0       0 OK
953  tp-0953        orders             374       374        0        0       0       0 OK
954  tp-0954        orders             376       376        0        0       0       0 OK
955  tp-0955        orders             376       376        0        0       0       0 OK
956  tp-0956        orders             376       376        0        0       0       0 OK
957  tp-0957        orders             376       376        0        0       0       0 OK
958  tp-0958        orders             374       374        0        0       0       0 OK
959  tp-0959        orders             376       376        0        0       0       0 OK
960  tp-0960        orders             376       376        0        0       0       0 OK
961  tp-0961        orders             374       374        0        0       0       0 OK
962  tp-0962        orders             376       376        0        0       0       0 OK
963  tp-0963        orders             376       376        0        0       0       0 OK
964  tp-0964        orders             376       376        0        0       0       0 OK
965  tp-0965        orders             376       376        0        0       0       0 OK
966  tp-0966        orders             374       374        0        0       0       0 OK
967  tp-0967        orders             376       376        0        0       0       0 OK
968  tp-0968        orders             374       374        0        0       0       0 OK
969  tp-0969        orders             376       376        0        0       0       0 OK
970  tp-0970        orders             376       376        0        0       0       0 OK
971  tp-0971        orders             374       374        0        0       0       0 OK
972  tp-0972        orders             376       376        0        0       0       0 OK
973  tp-0973        orders             374       374        0        0       0       0 OK
974  tp-0974        orders             374       374        0        0       0       0 OK
975  tp-0975        orders             374       374        0        0       0       0 OK
976  tp-0976        orders             376       376        0        0       0       0 OK
977  tp-0977        orders             374       374        0        0       0       0 OK
978  tp-0978        orders             374       374        0        0       0       0 OK
979  tp-0979        orders             376       376        0        0       0       0 OK
980  tp-0980        orders             376       376        0        0       0       0 OK
981  tp-0981        orders             374       374        0        0       0       0 OK
982  tp-0982        orders             374       374        0        0       0       0 OK
983  tp-0983        orders             374       374        0        0       0       0 OK
984  tp-0984        orders             376       376        0        0       0       0 OK
985  tp-0985        orders             376       376        0        0       0       0 OK
986  tp-0986        orders             376       376        0        0       0       0 OK
987  tp-0987        orders             376       376        0        0       0       0 OK
988  tp-0988        orders             376       376        0        0       0       0 OK
989  tp-0989        orders             374       374        0        0       0       0 OK
990  tp-0990        orders             374       374        0        0       0       0 OK
991  tp-0991        orders             374       374        0        0       0       0 OK
992  tp-0992        orders             376       376        0        0       0       0 OK
993  tp-0993        orders             374       374        0        0       0       0 OK
994  tp-0994        orders             374       374        0        0       0       0 OK
995  tp-0995        orders             376       376        0        0       0       0 OK
996  tp-0996        orders             374       374        0        0       0       0 OK
997  tp-0997        orders             376       376        0        0       0       0 OK
998  tp-0998        orders             374       374        0        0       0       0 OK
999  tp-0999        orders             374       374        0        0       0       0 OK
     TOTAL                          375006    375006        0        0       0       0
VERDICT: PASS

[artifacts] /root/loadladder/L025-pro.json
            /root/loadladder/L025-pro-interval.csv
