goload -mode cloud [L100-pro] -> http://10.114.0.2:6711
  target=proxy tenants=1000 sharedQueue=true queue="orders" group="workers" partitions=10 brokerTenantHeader=false
  offered=10000.0 msg/s total (10.00/tenant) push-batch=2 -> 5.00 req/s per tenant across 1 producer(s) | max-inflight=4096
  consumers=1/tenant popBatch=100 popWait=true autoAck=false | payload=256B | duration=150s drain=50s | idleConns=9/client verify=true
[configure] 1000 queue(s) configured in 0.44s
[10:08:01 load ] offered=    9991/s push=    1552/s pop=    1415/s ack=    1343/s shed=   8133/s inflight= 4096 | e2e p50=3883.01 p99=30801.92 ms | pushRTT p50=1482.75 p99=21102.59 ms | lag=8246 | err push=5087 pop=2476 ack=318 (429=0 403=0 5xx=4649 to=880 conn=2352) empty=363 cross=0 gor=23883
[10:09:01 load ] offered=    9912/s push=    3381/s pop=    1416/s ack=    1234/s shed=   6508/s inflight= 4096 | e2e p50=11599.87 p99=79167.49 ms | pushRTT p50= 61.70 p99=18743.30 ms | lag=126134 | err push=5804 pop=8878 ack=421 (429=0 403=0 5xx=7730 to=4629 conn=2744) empty=781 cross=0 gor=24149
[drain] producers stopped after 150.0s; draining 50s before the correctness verdict
[10:10:01 drain] offered=    5086/s push=     848/s pop=    3060/s ack=    3203/s shed=   4292/s inflight=    0 | e2e p50=54263.81 p99=127401.98 ms | pushRTT p50=5079.04 p99=16711.68 ms | lag=-6610 | err push=8288 pop=10650 ack=447 (429=0 403=0 5xx=10201 to=6176 conn=3008) empty=4428 cross=0 gor=17189

========== L100-pro ==========
offered       9995.8 msg/s (1499378 msgs, 1135940 shed)
achieved  push   2312.4 msg/s (346862 msgs)   pop   1657.0 msg/s during load (  1768.1 msg/s over load+drain, 353628 msgs)   ack 346958 msgs
e2eFromSchedule  n=353628    p50=22675.46 p95=84410.37 p99=115867.65 p999=133693.44 max=159124.40 ms
e2eFromSend      n=353628    p50=22675.46 p95=84410.37 p99=114819.07 p999=133693.44 max=159124.29 ms
pushRtt          n=173431    p50=  317.44 p95=12910.59 p99=18743.30 p999=28966.91 max= 43800.63 ms
ackRtt           n=14125     p50=  333.82 p95=11468.80 p99=19529.73 p999=33161.22 max= 40143.31 ms
errors push       total=8288 kinds=map[conn:2990 http_5xx:4982 timeout:316] codes=map[502/bad_gateway:4982]
    first timeout: push request failed: request failed after 1 attempts: Post "http://10.114.0.2:6711/api/v1/push": context deadline exceeded
    first conn: push request failed: request failed after 1 attempts: Post "http://10.114.0.2:6711/api/v1/push": dial tcp 10.114.0.2:6711: connect: cannot assign requested address
    first http_5xx: push request failed: request failed after 1 attempts: HTTP 502 [bad_gateway]: {"code":"bad_gateway","error":"upstream unreachable"}
errors pop        total=10650 kinds=map[canceled:1000 http_5xx:4814 timeout:5836] codes=map[502/bad_gateway:4814]
    first timeout: pop request failed: Get "http://10.114.0.2:6711/api/v1/pop/queue/orders?autoAck=false&batch=100&consumerGroup=workers&partitions=10&timeout=5000&wait=true": context deadline exceeded
    first http_5xx: pop request failed: request failed after 1 attempts: HTTP 502 [bad_gateway]: {"code":"bad_gateway","error":"upstream unreachable"}
errors ack        total=447 kinds=map[conn:18 http_5xx:405 timeout:24] codes=map[502/bad_gateway:405]
    first conn: batch ack request failed: request failed after 1 attempts: Post "http://10.114.0.2:6711/api/v1/ack/batch": dial tcp 10.114.0.2:6711: connect: cannot assign requested address
    first http_5xx: batch ack request failed: request failed after 1 attempts: HTTP 502 [bad_gateway]: {"code":"bad_gateway","error":"upstream unreachable"}
    first timeout: batch ack request failed: request failed after 1 attempts: Post "http://10.114.0.2:6711/api/v1/ack/batch": context deadline exceeded
bytes     nominal 292 B/msg -> pushed 96.59 MiB, delivered 98.48 MiB

---- delivery correctness (after the drain) ----
idx  tenant         queue           sentOk  received  missing      dup   extra   cross verdict
0    tp-0000        orders             358       378        0       20       0       0 FAIL
1    tp-0001        orders             402       516        0      114       0       0 FAIL
2    tp-0002        orders             266       268        0        2       0       0 FAIL
3    tp-0003        orders             280       280        0        0       0       0 OK
4    tp-0004        orders             360       360        0        0       0       0 OK
5    tp-0005        orders             216       216        0        0       0       0 OK
6    tp-0006        orders             362       362        0        0       0       0 OK
7    tp-0007        orders             358       482        0      124       0       0 FAIL
8    tp-0008        orders             388       400        0       10       2       0 FAIL
9    tp-0009        orders             318       318        0        0       0       0 OK
10   tp-0010        orders             398       398        0        0       0       0 OK
11   tp-0011        orders             344       348        0        4       0       0 FAIL
12   tp-0012        orders             330       330        0        0       0       0 OK
13   tp-0013        orders             388       490        0      102       0       0 FAIL
14   tp-0014        orders             290       294        0        4       0       0 FAIL
15   tp-0015        orders             472       486        0       14       0       0 FAIL
16   tp-0016        orders             278       278        0        0       0       0 OK
17   tp-0017        orders             204       204        0        0       0       0 OK
18   tp-0018        orders             458       464        0        6       0       0 FAIL
19   tp-0019        orders             350       350        0        0       0       0 OK
20   tp-0020        orders             278       296        0       18       0       0 FAIL
21   tp-0021        orders             276       288        0       12       0       0 FAIL
22   tp-0022        orders             444       444        0        0       0       0 OK
23   tp-0023        orders             566       566        0        0       0       0 OK
24   tp-0024        orders             374       382        0        8       0       0 FAIL
25   tp-0025        orders             322       322        0        0       0       0 OK
26   tp-0026        orders             396       396        0        0       0       0 OK
27   tp-0027        orders             362       362        0        0       0       0 OK
28   tp-0028        orders             422       422        0        0       0       0 OK
29   tp-0029        orders             252       252        0        0       0       0 OK
30   tp-0030        orders             558       578        0       20       0       0 FAIL
31   tp-0031        orders             454       502        0       48       0       0 FAIL
32   tp-0032        orders             346       382        0       36       0       0 FAIL
33   tp-0033        orders             250       254        0        4       0       0 FAIL
34   tp-0034        orders             466       466        0        0       0       0 OK
35   tp-0035        orders             328       346        0       18       0       0 FAIL
36   tp-0036        orders             322       322        0        0       0       0 OK
37   tp-0037        orders             438       444        0        6       0       0 FAIL
38   tp-0038        orders             274       274        0        0       0       0 OK
39   tp-0039        orders             306       306        0        0       0       0 OK
40   tp-0040        orders             336       340        0        4       0       0 FAIL
41   tp-0041        orders             270       270        0        0       0       0 OK
42   tp-0042        orders             284       308        0       24       0       0 FAIL
43   tp-0043        orders             366       366        0        0       0       0 OK
44   tp-0044        orders             354       354        0        0       0       0 OK
45   tp-0045        orders             264       264        0        0       0       0 OK
46   tp-0046        orders             358       358        0        0       0       0 OK
47   tp-0047        orders             400       400        0        0       0       0 OK
48   tp-0048        orders             196       198        0        2       0       0 FAIL
49   tp-0049        orders             380       380        0        0       0       0 OK
50   tp-0050        orders             394       394        0        0       0       0 OK
51   tp-0051        orders             316       316        0        0       0       0 OK
52   tp-0052        orders             380       382        0        2       0       0 FAIL
53   tp-0053        orders             340       404        0       64       0       0 FAIL
54   tp-0054        orders             312       312        0        0       0       0 OK
55   tp-0055        orders             292       302        0       10       0       0 FAIL
56   tp-0056        orders             372       382        0       10       0       0 FAIL
57   tp-0057        orders             340       342        0        2       0       0 FAIL
58   tp-0058        orders             300       320        0       20       0       0 FAIL
59   tp-0059        orders             336       336        0        0       0       0 OK
60   tp-0060        orders             386       406        0       20       0       0 FAIL
61   tp-0061        orders             352       352        0        0       0       0 OK
62   tp-0062        orders             482       486        0        4       0       0 FAIL
63   tp-0063        orders             368       370        0        2       0       0 FAIL
64   tp-0064        orders             338       338        0        0       0       0 OK
65   tp-0065        orders             262       288        0       26       0       0 FAIL
66   tp-0066        orders             418       418        0        0       0       0 OK
67   tp-0067        orders             418       418        0        0       0       0 OK
68   tp-0068        orders             288       288        0        0       0       0 OK
69   tp-0069        orders             360       366        0        6       0       0 FAIL
70   tp-0070        orders             284       304        0       20       0       0 FAIL
71   tp-0071        orders             258       260        0        2       0       0 FAIL
72   tp-0072        orders             312       312        0        0       0       0 OK
73   tp-0073        orders             334       334        0        0       0       0 OK
74   tp-0074        orders             268       268        0        0       0       0 OK
75   tp-0075        orders             452       452        0        0       0       0 OK
76   tp-0076        orders             398       398        0        0       0       0 OK
77   tp-0077        orders             380       382        0        0       2       0 FAIL
78   tp-0078        orders             332       334        0        2       0       0 FAIL
79   tp-0079        orders             308       308        0        0       0       0 OK
80   tp-0080        orders             288       290        0        2       0       0 FAIL
81   tp-0081        orders             300       304        0        4       0       0 FAIL
82   tp-0082        orders             332       332        0        0       0       0 OK
83   tp-0083        orders             302       312        0       10       0       0 FAIL
84   tp-0084        orders             366       366        0        0       0       0 OK
85   tp-0085        orders             264       264        0        0       0       0 OK
86   tp-0086        orders             264       266        0        2       0       0 FAIL
87   tp-0087        orders             332       336        0        4       0       0 FAIL
88   tp-0088        orders             314       316        0        2       0       0 FAIL
89   tp-0089        orders             318       318        0        0       0       0 OK
90   tp-0090        orders             454       464        0       10       0       0 FAIL
91   tp-0091        orders             308       314        0        6       0       0 FAIL
92   tp-0092        orders             288       300        0       12       0       0 FAIL
93   tp-0093        orders             436       440        0        4       0       0 FAIL
94   tp-0094        orders             370       372        0        0       2       0 FAIL
95   tp-0095        orders             442       452        0        8       2       0 FAIL
96   tp-0096        orders             348       348        0        0       0       0 OK
97   tp-0097        orders             412       430        0       18       0       0 FAIL
98   tp-0098        orders             460       460        0        0       0       0 OK
99   tp-0099        orders             332       334        0        2       0       0 FAIL
100  tp-0100        orders             382       384        0        2       0       0 FAIL
101  tp-0101        orders             380       394        0       14       0       0 FAIL
102  tp-0102        orders             264       264        0        0       0       0 OK
103  tp-0103        orders             418       418        0        0       0       0 OK
104  tp-0104        orders             314       340        0       26       0       0 FAIL
105  tp-0105        orders             504       504        0        0       0       0 OK
106  tp-0106        orders             292       292        0        0       0       0 OK
107  tp-0107        orders             436       462        0       26       0       0 FAIL
108  tp-0108        orders             328       330        0        2       0       0 FAIL
109  tp-0109        orders             464       486        0       22       0       0 FAIL
110  tp-0110        orders             314       318        0        4       0       0 FAIL
111  tp-0111        orders             430       448        0       18       0       0 FAIL
112  tp-0112        orders             282       286        0        4       0       0 FAIL
113  tp-0113        orders             334       336        0        2       0       0 FAIL
114  tp-0114        orders             302       302        0        0       0       0 OK
115  tp-0115        orders             404       404        0        0       0       0 OK
116  tp-0116        orders             380       382        0        2       0       0 FAIL
117  tp-0117        orders             372       374        0        0       2       0 FAIL
118  tp-0118        orders             338       348        0       10       0       0 FAIL
119  tp-0119        orders             256       256        0        0       0       0 OK
120  tp-0120        orders             292       292        0        0       0       0 OK
121  tp-0121        orders             316       320        0        4       0       0 FAIL
122  tp-0122        orders             384       384        0        0       0       0 OK
123  tp-0123        orders             258       258        0        0       0       0 OK
124  tp-0124        orders             302       302        0        0       0       0 OK
125  tp-0125        orders             368       368        0        0       0       0 OK
126  tp-0126        orders             410       418        0        8       0       0 FAIL
127  tp-0127        orders             258       258        0        0       0       0 OK
128  tp-0128        orders             262       262        0        0       0       0 OK
129  tp-0129        orders             436       536        0      100       0       0 FAIL
130  tp-0130        orders             352       352        0        0       0       0 OK
131  tp-0131        orders             282       282        0        0       0       0 OK
132  tp-0132        orders             304       304        0        0       0       0 OK
133  tp-0133        orders             292       292        0        0       0       0 OK
134  tp-0134        orders             262       264        0        2       0       0 FAIL
135  tp-0135        orders             544       554        0       10       0       0 FAIL
136  tp-0136        orders             566       566        0        0       0       0 OK
137  tp-0137        orders             284       284        0        0       0       0 OK
138  tp-0138        orders             342       356        0       14       0       0 FAIL
139  tp-0139        orders             248       248        0        0       0       0 OK
140  tp-0140        orders             454       464        0       10       0       0 FAIL
141  tp-0141        orders             352       352        0        0       0       0 OK
142  tp-0142        orders             418       418        0        0       0       0 OK
143  tp-0143        orders             316       416        0      100       0       0 FAIL
144  tp-0144        orders             324       324        0        0       0       0 OK
145  tp-0145        orders             314       314        0        0       0       0 OK
146  tp-0146        orders             318       332        0       14       0       0 FAIL
147  tp-0147        orders             318       318        0        0       0       0 OK
148  tp-0148        orders             354       354        0        0       0       0 OK
149  tp-0149        orders             294       294        0        0       0       0 OK
150  tp-0150        orders             262       262        0        0       0       0 OK
151  tp-0151        orders             232       232        0        0       0       0 OK
152  tp-0152        orders             342       342        0        0       0       0 OK
153  tp-0153        orders             392       392        0        0       0       0 OK
154  tp-0154        orders             312       320        0        8       0       0 FAIL
155  tp-0155        orders             280       280        0        0       0       0 OK
156  tp-0156        orders             344       344        0        0       0       0 OK
157  tp-0157        orders             484       496        0       12       0       0 FAIL
158  tp-0158        orders             336       358        0       20       2       0 FAIL
159  tp-0159        orders             392       392        0        0       0       0 OK
160  tp-0160        orders             244       244        0        0       0       0 OK
161  tp-0161        orders             268       268        0        0       0       0 OK
162  tp-0162        orders             240       242        0        2       0       0 FAIL
163  tp-0163        orders             296       296        0        0       0       0 OK
164  tp-0164        orders             292       304        0       12       0       0 FAIL
165  tp-0165        orders             440       544        0      104       0       0 FAIL
166  tp-0166        orders             278       292        0       14       0       0 FAIL
167  tp-0167        orders             550       570        0       20       0       0 FAIL
168  tp-0168        orders             460       460        0        0       0       0 OK
169  tp-0169        orders             342       342        0        0       0       0 OK
170  tp-0170        orders             346       346        0        0       0       0 OK
171  tp-0171        orders             402       442        0       40       0       0 FAIL
172  tp-0172        orders             340       342        0        2       0       0 FAIL
173  tp-0173        orders             430       430        0        0       0       0 OK
174  tp-0174        orders             280       280        0        0       0       0 OK
175  tp-0175        orders             232       232        0        0       0       0 OK
176  tp-0176        orders             378       380        0        0       2       0 FAIL
177  tp-0177        orders             376       428        0       50       2       0 FAIL
178  tp-0178        orders             432       432        0        0       0       0 OK
179  tp-0179        orders             322       322        0        0       0       0 OK
180  tp-0180        orders             352       354        0        0       2       0 FAIL
181  tp-0181        orders             388       402        0       14       0       0 FAIL
182  tp-0182        orders             342       342        0        0       0       0 OK
183  tp-0183        orders             332       332        0        0       0       0 OK
184  tp-0184        orders             324       324        0        0       0       0 OK
185  tp-0185        orders             408       408        0        0       0       0 OK
186  tp-0186        orders             384       420        0       36       0       0 FAIL
187  tp-0187        orders             368       382        0       14       0       0 FAIL
188  tp-0188        orders             362       364        0        2       0       0 FAIL
189  tp-0189        orders             352       354        0        2       0       0 FAIL
190  tp-0190        orders             400       402        0        0       2       0 FAIL
191  tp-0191        orders             378       378        0        0       0       0 OK
192  tp-0192        orders             300       300        0        0       0       0 OK
193  tp-0193        orders             452       452        0        0       0       0 OK
194  tp-0194        orders             268       268        0        0       0       0 OK
195  tp-0195        orders             344       352        0        8       0       0 FAIL
196  tp-0196        orders             404       404        0        0       0       0 OK
197  tp-0197        orders             394       410        0       16       0       0 FAIL
198  tp-0198        orders             358       358        0        0       0       0 OK
199  tp-0199        orders             304       304        0        0       0       0 OK
200  tp-0200        orders             328       328        0        0       0       0 OK
201  tp-0201        orders             332       360        0       28       0       0 FAIL
202  tp-0202        orders             248       248        0        0       0       0 OK
203  tp-0203        orders             564       618        0       54       0       0 FAIL
204  tp-0204        orders             344       344        0        0       0       0 OK
205  tp-0205        orders             498       500        0        2       0       0 FAIL
206  tp-0206        orders             290       290        0        0       0       0 OK
207  tp-0207        orders             308       324        0       16       0       0 FAIL
208  tp-0208        orders             332       396        0       64       0       0 FAIL
209  tp-0209        orders             424       424        0        0       0       0 OK
210  tp-0210        orders             274       280        0        6       0       0 FAIL
211  tp-0211        orders             380       380        0        0       0       0 OK
212  tp-0212        orders             422       422        0        0       0       0 OK
213  tp-0213        orders             314       322        0        8       0       0 FAIL
214  tp-0214        orders             274       274        0        0       0       0 OK
215  tp-0215        orders             338       338        0        0       0       0 OK
216  tp-0216        orders             350       408        0       58       0       0 FAIL
217  tp-0217        orders             394       400        0        6       0       0 FAIL
218  tp-0218        orders             362       366        0        4       0       0 FAIL
219  tp-0219        orders             380       392        0       12       0       0 FAIL
220  tp-0220        orders             440       440        0        0       0       0 OK
221  tp-0221        orders             376       376        0        0       0       0 OK
222  tp-0222        orders             340       340        0        0       0       0 OK
223  tp-0223        orders             514       574        0       60       0       0 FAIL
224  tp-0224        orders             430       430        0        0       0       0 OK
225  tp-0225        orders             248       252        0        4       0       0 FAIL
226  tp-0226        orders             406       406        0        0       0       0 OK
227  tp-0227        orders             452       452        0        0       0       0 OK
228  tp-0228        orders             384       384        0        0       0       0 OK
229  tp-0229        orders             388       388        0        0       0       0 OK
230  tp-0230        orders             296       296        0        0       0       0 OK
231  tp-0231        orders             458       458        0        0       0       0 OK
232  tp-0232        orders             202       202        0        0       0       0 OK
233  tp-0233        orders             360       360        0        0       0       0 OK
234  tp-0234        orders             292       294        0        2       0       0 FAIL
235  tp-0235        orders             358       358        0        0       0       0 OK
236  tp-0236        orders             390       396        0        6       0       0 FAIL
237  tp-0237        orders             310       310        0        0       0       0 OK
238  tp-0238        orders             302       306        0        4       0       0 FAIL
239  tp-0239        orders             296       300        0        2       2       0 FAIL
240  tp-0240        orders             296       296        0        0       0       0 OK
241  tp-0241        orders             258       262        0        4       0       0 FAIL
242  tp-0242        orders             286       288        0        2       0       0 FAIL
243  tp-0243        orders             398       398        0        0       0       0 OK
244  tp-0244        orders             316       332        0       16       0       0 FAIL
245  tp-0245        orders             348       398        0       50       0       0 FAIL
246  tp-0246        orders             312       312        0        0       0       0 OK
247  tp-0247        orders             378       378        0        0       0       0 OK
248  tp-0248        orders             362       386        0       24       0       0 FAIL
249  tp-0249        orders             310       314        0        4       0       0 FAIL
250  tp-0250        orders             472       492        0       20       0       0 FAIL
251  tp-0251        orders             362       392        0       30       0       0 FAIL
252  tp-0252        orders             316       328        0       12       0       0 FAIL
253  tp-0253        orders             368       386        0       18       0       0 FAIL
254  tp-0254        orders             350       350        0        0       0       0 OK
255  tp-0255        orders             404       404        0        0       0       0 OK
256  tp-0256        orders             364       376        0       10       2       0 FAIL
257  tp-0257        orders             262       262        0        0       0       0 OK
258  tp-0258        orders             340       340        0        0       0       0 OK
259  tp-0259        orders             574       574        0        0       0       0 OK
260  tp-0260        orders             310       310        0        0       0       0 OK
261  tp-0261        orders             290       290        0        0       0       0 OK
262  tp-0262        orders             440       440        0        0       0       0 OK
263  tp-0263        orders             412       412        0        0       0       0 OK
264  tp-0264        orders             324       324        0        0       0       0 OK
265  tp-0265        orders             356       356        0        0       0       0 OK
266  tp-0266        orders             304       304        0        0       0       0 OK
267  tp-0267        orders             296       296        0        0       0       0 OK
268  tp-0268        orders             282       284        0        2       0       0 FAIL
269  tp-0269        orders             366       366        0        0       0       0 OK
270  tp-0270        orders             378       378        0        0       0       0 OK
271  tp-0271        orders             396       398        0        2       0       0 FAIL
272  tp-0272        orders             484       546        0       62       0       0 FAIL
273  tp-0273        orders             340       344        0        4       0       0 FAIL
274  tp-0274        orders             366       366        0        0       0       0 OK
275  tp-0275        orders             376       376        0        0       0       0 OK
276  tp-0276        orders             272       306        0       34       0       0 FAIL
277  tp-0277        orders             412       424        0       12       0       0 FAIL
278  tp-0278        orders             290       292        0        2       0       0 FAIL
279  tp-0279        orders             376       378        0        0       2       0 FAIL
280  tp-0280        orders             258       258        0        0       0       0 OK
281  tp-0281        orders             346       346        0        0       0       0 OK
282  tp-0282        orders             342       342        0        0       0       0 OK
283  tp-0283        orders             298       304        0        6       0       0 FAIL
284  tp-0284        orders             330       330        0        0       0       0 OK
285  tp-0285        orders             338       372        0       34       0       0 FAIL
286  tp-0286        orders             240       242        0        2       0       0 FAIL
287  tp-0287        orders             396       396        0        0       0       0 OK
288  tp-0288        orders             360       472        0      112       0       0 FAIL
289  tp-0289        orders             252       252        0        0       0       0 OK
290  tp-0290        orders             392       410        0       18       0       0 FAIL
291  tp-0291        orders             320       320        0        0       0       0 OK
292  tp-0292        orders             360       368        0        6       2       0 FAIL
293  tp-0293        orders             230       234        0        4       0       0 FAIL
294  tp-0294        orders             428       434        0        6       0       0 FAIL
295  tp-0295        orders             272       274        0        0       2       0 FAIL
296  tp-0296        orders             332       332        0        0       0       0 OK
297  tp-0297        orders             346       348        0        2       0       0 FAIL
298  tp-0298        orders             442       524        0       78       4       0 FAIL
299  tp-0299        orders             360       364        0        4       0       0 FAIL
300  tp-0300        orders             448       448        0        0       0       0 OK
301  tp-0301        orders             256       256        0        0       0       0 OK
302  tp-0302        orders             378       378        0        0       0       0 OK
303  tp-0303        orders             372       374        0        2       0       0 FAIL
304  tp-0304        orders             246       246        0        0       0       0 OK
305  tp-0305        orders             412       412        0        0       0       0 OK
306  tp-0306        orders             398       398        0        0       0       0 OK
307  tp-0307        orders             378       382        0        4       0       0 FAIL
308  tp-0308        orders             332       338        0        6       0       0 FAIL
309  tp-0309        orders             312       332        0       20       0       0 FAIL
310  tp-0310        orders             300       300        0        0       0       0 OK
311  tp-0311        orders             458       458        0        0       0       0 OK
312  tp-0312        orders             358       360        0        2       0       0 FAIL
313  tp-0313        orders             270       276        0        6       0       0 FAIL
314  tp-0314        orders             384       422        0       38       0       0 FAIL
315  tp-0315        orders             396       400        0        4       0       0 FAIL
316  tp-0316        orders             372       372        0        0       0       0 OK
317  tp-0317        orders             296       332        0       36       0       0 FAIL
318  tp-0318        orders             314       314        0        0       0       0 OK
319  tp-0319        orders             546       546        0        0       0       0 OK
320  tp-0320        orders             346       354        0        8       0       0 FAIL
321  tp-0321        orders             432       432        0        0       0       0 OK
322  tp-0322        orders             360       368        0        8       0       0 FAIL
323  tp-0323        orders             438       438        0        0       0       0 OK
324  tp-0324        orders             278       278        0        0       0       0 OK
325  tp-0325        orders             276       278        0        0       2       0 FAIL
326  tp-0326        orders             520       522        0        2       0       0 FAIL
327  tp-0327        orders             342       360        0       18       0       0 FAIL
328  tp-0328        orders             360       360        0        0       0       0 OK
329  tp-0329        orders             336       336        0        0       0       0 OK
330  tp-0330        orders             508       520        0       12       0       0 FAIL
331  tp-0331        orders             342       342        0        0       0       0 OK
332  tp-0332        orders             238       238        0        0       0       0 OK
333  tp-0333        orders             314       314        0        0       0       0 OK
334  tp-0334        orders             378       378        0        0       0       0 OK
335  tp-0335        orders             262       264        0        2       0       0 FAIL
336  tp-0336        orders             484       484        0        0       0       0 OK
337  tp-0337        orders             360       360        0        0       0       0 OK
338  tp-0338        orders             428       434        0        2       4       0 FAIL
339  tp-0339        orders             444       444        0        0       0       0 OK
340  tp-0340        orders             402       402        0        0       0       0 OK
341  tp-0341        orders             378       384        0        6       0       0 FAIL
342  tp-0342        orders             396       398        0        2       0       0 FAIL
343  tp-0343        orders             300       300        0        0       0       0 OK
344  tp-0344        orders             372       372        0        0       0       0 OK
345  tp-0345        orders             308       308        0        0       0       0 OK
346  tp-0346        orders             328       328        0        0       0       0 OK
347  tp-0347        orders             334       334        0        0       0       0 OK
348  tp-0348        orders             318       326        0        8       0       0 FAIL
349  tp-0349        orders             402       402        0        0       0       0 OK
350  tp-0350        orders             416       416        0        0       0       0 OK
351  tp-0351        orders             442       442        0        0       0       0 OK
352  tp-0352        orders             280       280        0        0       0       0 OK
353  tp-0353        orders             264       268        0        4       0       0 FAIL
354  tp-0354        orders             320       320        0        0       0       0 OK
355  tp-0355        orders             366       366        0        0       0       0 OK
356  tp-0356        orders             400       404        0        4       0       0 FAIL
357  tp-0357        orders             328       328        0        0       0       0 OK
358  tp-0358        orders             278       278        0        0       0       0 OK
359  tp-0359        orders             334       340        0        6       0       0 FAIL
360  tp-0360        orders             280       282        0        0       2       0 FAIL
361  tp-0361        orders             276       276        0        0       0       0 OK
362  tp-0362        orders             314       314        0        0       0       0 OK
363  tp-0363        orders             246       250        0        4       0       0 FAIL
364  tp-0364        orders             250       250        0        0       0       0 OK
365  tp-0365        orders             456       472        0       16       0       0 FAIL
366  tp-0366        orders             440       460        0       20       0       0 FAIL
367  tp-0367        orders             362       376        0       14       0       0 FAIL
368  tp-0368        orders             328       328        0        0       0       0 OK
369  tp-0369        orders             346       346        0        0       0       0 OK
370  tp-0370        orders             404       404        0        0       0       0 OK
371  tp-0371        orders             280       280        0        0       0       0 OK
372  tp-0372        orders             386       424        0       38       0       0 FAIL
373  tp-0373        orders             244       264        0       20       0       0 FAIL
374  tp-0374        orders             304       304        0        0       0       0 OK
375  tp-0375        orders             404       406        0        2       0       0 FAIL
376  tp-0376        orders             248       254        0        6       0       0 FAIL
377  tp-0377        orders             484       490        0        6       0       0 FAIL
378  tp-0378        orders             306       306        0        0       0       0 OK
379  tp-0379        orders             436       436        0        0       0       0 OK
380  tp-0380        orders             464       464        0        0       0       0 OK
381  tp-0381        orders             360       372        0       12       0       0 FAIL
382  tp-0382        orders             426       426        0        0       0       0 OK
383  tp-0383        orders             238       238        0        0       0       0 OK
384  tp-0384        orders             236       236        0        0       0       0 OK
385  tp-0385        orders             360       360        0        0       0       0 OK
386  tp-0386        orders             306       306        0        0       0       0 OK
387  tp-0387        orders             388       388        0        0       0       0 OK
388  tp-0388        orders             320       348        0       28       0       0 FAIL
389  tp-0389        orders             258       262        0        4       0       0 FAIL
390  tp-0390        orders             390       390        0        0       0       0 OK
391  tp-0391        orders             442       442        0        0       0       0 OK
392  tp-0392        orders             268       268        0        0       0       0 OK
393  tp-0393        orders             330       330        0        0       0       0 OK
394  tp-0394        orders             402       502        0      100       0       0 FAIL
395  tp-0395        orders             206       206        0        0       0       0 OK
396  tp-0396        orders             324       346        0       22       0       0 FAIL
397  tp-0397        orders             374       386        0       12       0       0 FAIL
398  tp-0398        orders             348       348        0        0       0       0 OK
399  tp-0399        orders             424       424        0        0       0       0 OK
400  tp-0400        orders             442       442        0        0       0       0 OK
401  tp-0401        orders             392       402        0       10       0       0 FAIL
402  tp-0402        orders             316       316        0        0       0       0 OK
403  tp-0403        orders             296       296        0        0       0       0 OK
404  tp-0404        orders             274       282        0        6       2       0 FAIL
405  tp-0405        orders             216       216        0        0       0       0 OK
406  tp-0406        orders             274       274        0        0       0       0 OK
407  tp-0407        orders             432       446        0       14       0       0 FAIL
408  tp-0408        orders             422       512        0       90       0       0 FAIL
409  tp-0409        orders             330       330        0        0       0       0 OK
410  tp-0410        orders             374       374        0        0       0       0 OK
411  tp-0411        orders             336       336        0        0       0       0 OK
412  tp-0412        orders             338       346        0        8       0       0 FAIL
413  tp-0413        orders             422       454        0       32       0       0 FAIL
414  tp-0414        orders             226       226        0        0       0       0 OK
415  tp-0415        orders             374       374        0        0       0       0 OK
416  tp-0416        orders             424       424        0        0       0       0 OK
417  tp-0417        orders             324       324        0        0       0       0 OK
418  tp-0418        orders             326       326        0        0       0       0 OK
419  tp-0419        orders             350       370        0       18       2       0 FAIL
420  tp-0420        orders             362       362        0        0       0       0 OK
421  tp-0421        orders             364       366        0        0       2       0 FAIL
422  tp-0422        orders             308       308        0        0       0       0 OK
423  tp-0423        orders             298       340        0       42       0       0 FAIL
424  tp-0424        orders             314       318        0        4       0       0 FAIL
425  tp-0425        orders             462       462        0        0       0       0 OK
426  tp-0426        orders             362       362        0        0       0       0 OK
427  tp-0427        orders             324       346        0       22       0       0 FAIL
428  tp-0428        orders             240       240        0        0       0       0 OK
429  tp-0429        orders             304       304        0        0       0       0 OK
430  tp-0430        orders             290       290        0        0       0       0 OK
431  tp-0431        orders             364       364        0        0       0       0 OK
432  tp-0432        orders             374       374        0        0       0       0 OK
433  tp-0433        orders             256       256        0        0       0       0 OK
434  tp-0434        orders             362       362        0        0       0       0 OK
435  tp-0435        orders             328       328        0        0       0       0 OK
436  tp-0436        orders             216       216        0        0       0       0 OK
437  tp-0437        orders             354       354        0        0       0       0 OK
438  tp-0438        orders             378       378        0        0       0       0 OK
439  tp-0439        orders             306       306        0        0       0       0 OK
440  tp-0440        orders             390       392        0        0       2       0 FAIL
441  tp-0441        orders             280       280        0        0       0       0 OK
442  tp-0442        orders             422       422        0        0       0       0 OK
443  tp-0443        orders             460       460        0        0       0       0 OK
444  tp-0444        orders             296       296        0        0       0       0 OK
445  tp-0445        orders             394       404        0       10       0       0 FAIL
446  tp-0446        orders             414       420        0        6       0       0 FAIL
447  tp-0447        orders             290       306        0       16       0       0 FAIL
448  tp-0448        orders             300       300        0        0       0       0 OK
449  tp-0449        orders             296       296        0        0       0       0 OK
450  tp-0450        orders             368       368        0        0       0       0 OK
451  tp-0451        orders             474       474        0        0       0       0 OK
452  tp-0452        orders             370       372        0        2       0       0 FAIL
453  tp-0453        orders             308       310        0        2       0       0 FAIL
454  tp-0454        orders             276       276        0        0       0       0 OK
455  tp-0455        orders             440       442        0        0       2       0 FAIL
456  tp-0456        orders             258       264        0        6       0       0 FAIL
457  tp-0457        orders             296       302        0        4       2       0 FAIL
458  tp-0458        orders             336       336        0        0       0       0 OK
459  tp-0459        orders             298       310        0       12       0       0 FAIL
460  tp-0460        orders             298       320        0       22       0       0 FAIL
461  tp-0461        orders             406       424        0       18       0       0 FAIL
462  tp-0462        orders             394       402        0        8       0       0 FAIL
463  tp-0463        orders             414       414        0        0       0       0 OK
464  tp-0464        orders             268       268        0        0       0       0 OK
465  tp-0465        orders             352       368        0       16       0       0 FAIL
466  tp-0466        orders             324       324        0        0       0       0 OK
467  tp-0467        orders             336       338        0        2       0       0 FAIL
468  tp-0468        orders             372       472        0      100       0       0 FAIL
469  tp-0469        orders             262       262        0        0       0       0 OK
470  tp-0470        orders             390       402        0       12       0       0 FAIL
471  tp-0471        orders             370       370        0        0       0       0 OK
472  tp-0472        orders             348       448        0      100       0       0 FAIL
473  tp-0473        orders             372       376        0        4       0       0 FAIL
474  tp-0474        orders             284       284        0        0       0       0 OK
475  tp-0475        orders             514       542        0       28       0       0 FAIL
476  tp-0476        orders             372       408        0       36       0       0 FAIL
477  tp-0477        orders             306       306        0        0       0       0 OK
478  tp-0478        orders             408       416        0        8       0       0 FAIL
479  tp-0479        orders             412       414        0        0       2       0 FAIL
480  tp-0480        orders             408       420        0       12       0       0 FAIL
481  tp-0481        orders             228       228        0        0       0       0 OK
482  tp-0482        orders             374       476        0      102       0       0 FAIL
483  tp-0483        orders             202       202        0        0       0       0 OK
484  tp-0484        orders             290       290        0        0       0       0 OK
485  tp-0485        orders             372       372        0        0       0       0 OK
486  tp-0486        orders             336       340        0        2       2       0 FAIL
487  tp-0487        orders             252       252        0        0       0       0 OK
488  tp-0488        orders             318       320        0        2       0       0 FAIL
489  tp-0489        orders             312       312        0        0       0       0 OK
490  tp-0490        orders             360       362        0        2       0       0 FAIL
491  tp-0491        orders             362       368        0        6       0       0 FAIL
492  tp-0492        orders             330       330        0        0       0       0 OK
493  tp-0493        orders             344       344        0        0       0       0 OK
494  tp-0494        orders             502       502        0        0       0       0 OK
495  tp-0495        orders             298       298        0        0       0       0 OK
496  tp-0496        orders             358       360        0        0       2       0 FAIL
497  tp-0497        orders             354       356        0        2       0       0 FAIL
498  tp-0498        orders             452       552        0      100       0       0 FAIL
499  tp-0499        orders             318       324        0        6       0       0 FAIL
500  tp-0500        orders             382       382        0        0       0       0 OK
501  tp-0501        orders             394       396        0        2       0       0 FAIL
502  tp-0502        orders             270       270        0        0       0       0 OK
503  tp-0503        orders             362       364        0        2       0       0 FAIL
504  tp-0504        orders             370       372        0        2       0       0 FAIL
505  tp-0505        orders             288       288        0        0       0       0 OK
506  tp-0506        orders             234       234        0        0       0       0 OK
507  tp-0507        orders             456       486        0       30       0       0 FAIL
508  tp-0508        orders             322       322        0        0       0       0 OK
509  tp-0509        orders             384       384        0        0       0       0 OK
510  tp-0510        orders             208       208        0        0       0       0 OK
511  tp-0511        orders             318       318        0        0       0       0 OK
512  tp-0512        orders             418       418        0        0       0       0 OK
513  tp-0513        orders             292       292        0        0       0       0 OK
514  tp-0514        orders             344       344        0        0       0       0 OK
515  tp-0515        orders             410       426        0       16       0       0 FAIL
516  tp-0516        orders             416       420        0        4       0       0 FAIL
517  tp-0517        orders             366       366        0        0       0       0 OK
518  tp-0518        orders             330       334        0        4       0       0 FAIL
519  tp-0519        orders             258       264        0        6       0       0 FAIL
520  tp-0520        orders             458       458        0        0       0       0 OK
521  tp-0521        orders             264       264        0        0       0       0 OK
522  tp-0522        orders             280       280        0        0       0       0 OK
523  tp-0523        orders             492       492        0        0       0       0 OK
524  tp-0524        orders             438       438        0        0       0       0 OK
525  tp-0525        orders             362       362        0        0       0       0 OK
526  tp-0526        orders             322       322        0        0       0       0 OK
527  tp-0527        orders             408       410        0        2       0       0 FAIL
528  tp-0528        orders             348       348        0        0       0       0 OK
529  tp-0529        orders             288       288        0        0       0       0 OK
530  tp-0530        orders             322       322        0        0       0       0 OK
531  tp-0531        orders             320       338        0       18       0       0 FAIL
532  tp-0532        orders             472       478        0        6       0       0 FAIL
533  tp-0533        orders             338       338        0        0       0       0 OK
534  tp-0534        orders             300       306        0        6       0       0 FAIL
535  tp-0535        orders             472       472        0        0       0       0 OK
536  tp-0536        orders             240       240        0        0       0       0 OK
537  tp-0537        orders             410       416        0        6       0       0 FAIL
538  tp-0538        orders             434       436        0        2       0       0 FAIL
539  tp-0539        orders             302       302        0        0       0       0 OK
540  tp-0540        orders             230       230        0        0       0       0 OK
541  tp-0541        orders             444       444        0        0       0       0 OK
542  tp-0542        orders             386       386        0        0       0       0 OK
543  tp-0543        orders             370       382        0       12       0       0 FAIL
544  tp-0544        orders             290       290        0        0       0       0 OK
545  tp-0545        orders             292       292        0        0       0       0 OK
546  tp-0546        orders             432       434        0        2       0       0 FAIL
547  tp-0547        orders             534       534        0        0       0       0 OK
548  tp-0548        orders             260       260        0        0       0       0 OK
549  tp-0549        orders             310       328        0       18       0       0 FAIL
550  tp-0550        orders             312       314        0        2       0       0 FAIL
551  tp-0551        orders             242       242        0        0       0       0 OK
552  tp-0552        orders             398       398        0        0       0       0 OK
553  tp-0553        orders             314       322        0        8       0       0 FAIL
554  tp-0554        orders             268       276        0        8       0       0 FAIL
555  tp-0555        orders             388       488        0      100       0       0 FAIL
556  tp-0556        orders             314       314        0        0       0       0 OK
557  tp-0557        orders             364       368        0        4       0       0 FAIL
558  tp-0558        orders             360       376        0       16       0       0 FAIL
559  tp-0559        orders             402       412        0       10       0       0 FAIL
560  tp-0560        orders             250       250        0        0       0       0 OK
561  tp-0561        orders             418       418        0        0       0       0 OK
562  tp-0562        orders             274       282        0        8       0       0 FAIL
563  tp-0563        orders             294       294        0        0       0       0 OK
564  tp-0564        orders             354       354        0        0       0       0 OK
565  tp-0565        orders             296       296        0        0       0       0 OK
566  tp-0566        orders             264       266        0        2       0       0 FAIL
567  tp-0567        orders             376       384        0        8       0       0 FAIL
568  tp-0568        orders             284       290        0        6       0       0 FAIL
569  tp-0569        orders             434       440        0        6       0       0 FAIL
570  tp-0570        orders             388       390        0        2       0       0 FAIL
571  tp-0571        orders             204       204        0        0       0       0 OK
572  tp-0572        orders             342       342        0        0       0       0 OK
573  tp-0573        orders             256       256        0        0       0       0 OK
574  tp-0574        orders             208       208        0        0       0       0 OK
575  tp-0575        orders             298       300        0        2       0       0 FAIL
576  tp-0576        orders             418       418        0        0       0       0 OK
577  tp-0577        orders             384       384        0        0       0       0 OK
578  tp-0578        orders             274       274        0        0       0       0 OK
579  tp-0579        orders             336       336        0        0       0       0 OK
580  tp-0580        orders             294       298        0        4       0       0 FAIL
581  tp-0581        orders             456       456        0        0       0       0 OK
582  tp-0582        orders             486       486        0        0       0       0 OK
583  tp-0583        orders             364       414        0       50       0       0 FAIL
584  tp-0584        orders             420       520        0      100       0       0 FAIL
585  tp-0585        orders             358       358        0        0       0       0 OK
586  tp-0586        orders             336       338        0        2       0       0 FAIL
587  tp-0587        orders             306       312        0        6       0       0 FAIL
588  tp-0588        orders             418       418        0        0       0       0 OK
589  tp-0589        orders             316       316        0        0       0       0 OK
590  tp-0590        orders             380       380        0        0       0       0 OK
591  tp-0591        orders             378       378        0        0       0       0 OK
592  tp-0592        orders             292       292        0        0       0       0 OK
593  tp-0593        orders             320       320        0        0       0       0 OK
594  tp-0594        orders             312       318        0        4       2       0 FAIL
595  tp-0595        orders             306       316        0       10       0       0 FAIL
596  tp-0596        orders             384       384        0        0       0       0 OK
597  tp-0597        orders             254       254        0        0       0       0 OK
598  tp-0598        orders             274       274        0        0       0       0 OK
599  tp-0599        orders             406       406        0        0       0       0 OK
600  tp-0600        orders             342       364        0       20       2       0 FAIL
601  tp-0601        orders             302       304        0        0       2       0 FAIL
602  tp-0602        orders             268       268        0        0       0       0 OK
603  tp-0603        orders             492       492        0        0       0       0 OK
604  tp-0604        orders             366       396        0       30       0       0 FAIL
605  tp-0605        orders             370       376        0        6       0       0 FAIL
606  tp-0606        orders             436       438        0        2       0       0 FAIL
607  tp-0607        orders             340       340        0        0       0       0 OK
608  tp-0608        orders             384       384        0        0       0       0 OK
609  tp-0609        orders             454       454        0        0       0       0 OK
610  tp-0610        orders             290       290        0        0       0       0 OK
611  tp-0611        orders             302       302        0        0       0       0 OK
612  tp-0612        orders             448       448        0        0       0       0 OK
613  tp-0613        orders             282       290        0        6       2       0 FAIL
614  tp-0614        orders             350       356        0        4       2       0 FAIL
615  tp-0615        orders             374       374        0        0       0       0 OK
616  tp-0616        orders             404       418        0       12       2       0 FAIL
617  tp-0617        orders             302       302        0        0       0       0 OK
618  tp-0618        orders             272       272        0        0       0       0 OK
619  tp-0619        orders             396       398        0        0       2       0 FAIL
620  tp-0620        orders             342       392        0       50       0       0 FAIL
621  tp-0621        orders             398       402        0        4       0       0 FAIL
622  tp-0622        orders             394       396        0        0       2       0 FAIL
623  tp-0623        orders             288       288        0        0       0       0 OK
624  tp-0624        orders             304       312        0        8       0       0 FAIL
625  tp-0625        orders             280       286        0        6       0       0 FAIL
626  tp-0626        orders             336       336        0        0       0       0 OK
627  tp-0627        orders             350       356        0        6       0       0 FAIL
628  tp-0628        orders             312       328        0       16       0       0 FAIL
629  tp-0629        orders             354       358        0        4       0       0 FAIL
630  tp-0630        orders             440       440        0        0       0       0 OK
631  tp-0631        orders             382       382        0        0       0       0 OK
632  tp-0632        orders             368       368        0        0       0       0 OK
633  tp-0633        orders             162       162        0        0       0       0 OK
634  tp-0634        orders             330       332        0        2       0       0 FAIL
635  tp-0635        orders             256       256        0        0       0       0 OK
636  tp-0636        orders             312       316        0        4       0       0 FAIL
637  tp-0637        orders             286       286        0        0       0       0 OK
638  tp-0638        orders             376       376        0        0       0       0 OK
639  tp-0639        orders             466       466        0        0       0       0 OK
640  tp-0640        orders             234       234        0        0       0       0 OK
641  tp-0641        orders             454       454        0        0       0       0 OK
642  tp-0642        orders             382       382        0        0       0       0 OK
643  tp-0643        orders             370       370        0        0       0       0 OK
644  tp-0644        orders             284       290        0        6       0       0 FAIL
645  tp-0645        orders             354       356        0        2       0       0 FAIL
646  tp-0646        orders             298       300        0        2       0       0 FAIL
647  tp-0647        orders             374       374        0        0       0       0 OK
648  tp-0648        orders             344       350        0        4       2       0 FAIL
649  tp-0649        orders             378       390        0       12       0       0 FAIL
650  tp-0650        orders             380       382        0        2       0       0 FAIL
651  tp-0651        orders             398       416        0       18       0       0 FAIL
652  tp-0652        orders             294       328        0       34       0       0 FAIL
653  tp-0653        orders             466       468        0        2       0       0 FAIL
654  tp-0654        orders             336       356        0       20       0       0 FAIL
655  tp-0655        orders             352       360        0        8       0       0 FAIL
656  tp-0656        orders             258       358        0      100       0       0 FAIL
657  tp-0657        orders             344       344        0        0       0       0 OK
658  tp-0658        orders             306       310        0        4       0       0 FAIL
659  tp-0659        orders             306       312        0        6       0       0 FAIL
660  tp-0660        orders             294       294        0        0       0       0 OK
661  tp-0661        orders             416       416        0        0       0       0 OK
662  tp-0662        orders             254       254        0        0       0       0 OK
663  tp-0663        orders             406       456        0       48       2       0 FAIL
664  tp-0664        orders             258       258        0        0       0       0 OK
665  tp-0665        orders             348       348        0        0       0       0 OK
666  tp-0666        orders             250       250        0        0       0       0 OK
667  tp-0667        orders             288       290        0        2       0       0 FAIL
668  tp-0668        orders             374       380        0        6       0       0 FAIL
669  tp-0669        orders             414       414        0        0       0       0 OK
670  tp-0670        orders             396       396        0        0       0       0 OK
671  tp-0671        orders             338       338        0        0       0       0 OK
672  tp-0672        orders             476       476        0        0       0       0 OK
673  tp-0673        orders             432       492        0       60       0       0 FAIL
674  tp-0674        orders             356       362        0        6       0       0 FAIL
675  tp-0675        orders             410       412        0        2       0       0 FAIL
676  tp-0676        orders             364       364        0        0       0       0 OK
677  tp-0677        orders             294       296        0        2       0       0 FAIL
678  tp-0678        orders             364       364        0        0       0       0 OK
679  tp-0679        orders             376       376        0        0       0       0 OK
680  tp-0680        orders             318       318        0        0       0       0 OK
681  tp-0681        orders             356       358        0        2       0       0 FAIL
682  tp-0682        orders             222       244        0       22       0       0 FAIL
683  tp-0683        orders             262       262        0        0       0       0 OK
684  tp-0684        orders             384       384        0        0       0       0 OK
685  tp-0685        orders             414       414        0        0       0       0 OK
686  tp-0686        orders             426       426        0        0       0       0 OK
687  tp-0687        orders             250       254        0        4       0       0 FAIL
688  tp-0688        orders             340       340        0        0       0       0 OK
689  tp-0689        orders             286       286        0        0       0       0 OK
690  tp-0690        orders             278       278        0        0       0       0 OK
691  tp-0691        orders             384       386        0        2       0       0 FAIL
692  tp-0692        orders             312       312        0        0       0       0 OK
693  tp-0693        orders             344       344        0        0       0       0 OK
694  tp-0694        orders             340       352        0       12       0       0 FAIL
695  tp-0695        orders             364       364        0        0       0       0 OK
696  tp-0696        orders             276       276        0        0       0       0 OK
697  tp-0697        orders             296       304        0        8       0       0 FAIL
698  tp-0698        orders             314       318        0        4       0       0 FAIL
699  tp-0699        orders             202       202        0        0       0       0 OK
700  tp-0700        orders             270       270        0        0       0       0 OK
701  tp-0701        orders             400       400        0        0       0       0 OK
702  tp-0702        orders             312       312        0        0       0       0 OK
703  tp-0703        orders             408       408        0        0       0       0 OK
704  tp-0704        orders             360       454        0       94       0       0 FAIL
705  tp-0705        orders             284       284        0        0       0       0 OK
706  tp-0706        orders             352       354        0        2       0       0 FAIL
707  tp-0707        orders             372       384        0       12       0       0 FAIL
708  tp-0708        orders             398       404        0        6       0       0 FAIL
709  tp-0709        orders             282       282        0        0       0       0 OK
710  tp-0710        orders             362       366        0        4       0       0 FAIL
711  tp-0711        orders             290       290        0        0       0       0 OK
712  tp-0712        orders             312       318        0        6       0       0 FAIL
713  tp-0713        orders             380       380        0        0       0       0 OK
714  tp-0714        orders             298       298        0        0       0       0 OK
715  tp-0715        orders             364       370        0        6       0       0 FAIL
716  tp-0716        orders             314       314        0        0       0       0 OK
717  tp-0717        orders             562       562        0        0       0       0 OK
718  tp-0718        orders             372       372        0        0       0       0 OK
719  tp-0719        orders             306       306        0        0       0       0 OK
720  tp-0720        orders             346       348        0        2       0       0 FAIL
721  tp-0721        orders             342       342        0        0       0       0 OK
722  tp-0722        orders             388       394        0        6       0       0 FAIL
723  tp-0723        orders             494       496        0        2       0       0 FAIL
724  tp-0724        orders             230       246        0       16       0       0 FAIL
725  tp-0725        orders             324       342        0       18       0       0 FAIL
726  tp-0726        orders             358       382        0       24       0       0 FAIL
727  tp-0727        orders             362       370        0        8       0       0 FAIL
728  tp-0728        orders             322       322        0        0       0       0 OK
729  tp-0729        orders             298       298        0        0       0       0 OK
730  tp-0730        orders             370       370        0        0       0       0 OK
731  tp-0731        orders             268       278        0       10       0       0 FAIL
732  tp-0732        orders             340       452        0      112       0       0 FAIL
733  tp-0733        orders             364       364        0        0       0       0 OK
734  tp-0734        orders             254       260        0        6       0       0 FAIL
735  tp-0735        orders             292       294        0        2       0       0 FAIL
736  tp-0736        orders             244       248        0        4       0       0 FAIL
737  tp-0737        orders             328       334        0        6       0       0 FAIL
738  tp-0738        orders             386       486        0      100       0       0 FAIL
739  tp-0739        orders             262       262        0        0       0       0 OK
740  tp-0740        orders             408       408        0        0       0       0 OK
741  tp-0741        orders             360       360        0        0       0       0 OK
742  tp-0742        orders             350       350        0        0       0       0 OK
743  tp-0743        orders             234       234        0        0       0       0 OK
744  tp-0744        orders             392       392        0        0       0       0 OK
745  tp-0745        orders             346       346        0        0       0       0 OK
746  tp-0746        orders             338       338        0        0       0       0 OK
747  tp-0747        orders             382       382        0        0       0       0 OK
748  tp-0748        orders             444       444        0        0       0       0 OK
749  tp-0749        orders             406       420        0       14       0       0 FAIL
750  tp-0750        orders             390       392        0        2       0       0 FAIL
751  tp-0751        orders             396       396        0        0       0       0 OK
752  tp-0752        orders             284       284        0        0       0       0 OK
753  tp-0753        orders             476       476        0        0       0       0 OK
754  tp-0754        orders             302       302        0        0       0       0 OK
755  tp-0755        orders             368       370        0        2       0       0 FAIL
756  tp-0756        orders             252       252        0        0       0       0 OK
757  tp-0757        orders             306       308        0        2       0       0 FAIL
758  tp-0758        orders             390       390        0        0       0       0 OK
759  tp-0759        orders             418       420        0        2       0       0 FAIL
760  tp-0760        orders             402       402        0        0       0       0 OK
761  tp-0761        orders             334       334        0        0       0       0 OK
762  tp-0762        orders             280       280        0        0       0       0 OK
763  tp-0763        orders             238       238        0        0       0       0 OK
764  tp-0764        orders             294       296        0        2       0       0 FAIL
765  tp-0765        orders             236       238        0        2       0       0 FAIL
766  tp-0766        orders             400       400        0        0       0       0 OK
767  tp-0767        orders             296       298        0        2       0       0 FAIL
768  tp-0768        orders             338       352        0       14       0       0 FAIL
769  tp-0769        orders             228       234        0        6       0       0 FAIL
770  tp-0770        orders             350       350        0        0       0       0 OK
771  tp-0771        orders             258       260        0        2       0       0 FAIL
772  tp-0772        orders             314       314        0        0       0       0 OK
773  tp-0773        orders             356       356        0        0       0       0 OK
774  tp-0774        orders             414       416        0        0       2       0 FAIL
775  tp-0775        orders             306       306        0        0       0       0 OK
776  tp-0776        orders             334       334        0        0       0       0 OK
777  tp-0777        orders             376       376        0        0       0       0 OK
778  tp-0778        orders             352       354        0        2       0       0 FAIL
779  tp-0779        orders             378       378        0        0       0       0 OK
780  tp-0780        orders             250       256        0        6       0       0 FAIL
781  tp-0781        orders             286       286        0        0       0       0 OK
782  tp-0782        orders             280       280        0        0       0       0 OK
783  tp-0783        orders             246       246        0        0       0       0 OK
784  tp-0784        orders             420       472        0       50       2       0 FAIL
785  tp-0785        orders             350       350        0        0       0       0 OK
786  tp-0786        orders             420       420        0        0       0       0 OK
787  tp-0787        orders             244       248        0        2       2       0 FAIL
788  tp-0788        orders             370       380        0       10       0       0 FAIL
789  tp-0789        orders             300       310        0       10       0       0 FAIL
790  tp-0790        orders             300       300        0        0       0       0 OK
791  tp-0791        orders             330       330        0        0       0       0 OK
792  tp-0792        orders             318       318        0        0       0       0 OK
793  tp-0793        orders             354       354        0        0       0       0 OK
794  tp-0794        orders             362       372        0        8       2       0 FAIL
795  tp-0795        orders             358       362        0        4       0       0 FAIL
796  tp-0796        orders             368       368        0        0       0       0 OK
797  tp-0797        orders             402       404        0        2       0       0 FAIL
798  tp-0798        orders             342       342        0        0       0       0 OK
799  tp-0799        orders             308       322        0       14       0       0 FAIL
800  tp-0800        orders             298       298        0        0       0       0 OK
801  tp-0801        orders             454       454        0        0       0       0 OK
802  tp-0802        orders             424       424        0        0       0       0 OK
803  tp-0803        orders             302       406        0      104       0       0 FAIL
804  tp-0804        orders             380       382        0        0       2       0 FAIL
805  tp-0805        orders             412       416        0        4       0       0 FAIL
806  tp-0806        orders             362       364        0        2       0       0 FAIL
807  tp-0807        orders             366       366        0        0       0       0 OK
808  tp-0808        orders             400       408        0        8       0       0 FAIL
809  tp-0809        orders             238       238        0        0       0       0 OK
810  tp-0810        orders             298       302        0        4       0       0 FAIL
811  tp-0811        orders             384       396        0       12       0       0 FAIL
812  tp-0812        orders             414       422        0        8       0       0 FAIL
813  tp-0813        orders             282       316        0       34       0       0 FAIL
814  tp-0814        orders             384       390        0        6       0       0 FAIL
815  tp-0815        orders             294       294        0        0       0       0 OK
816  tp-0816        orders             256       258        0        2       0       0 FAIL
817  tp-0817        orders             384       384        0        0       0       0 OK
818  tp-0818        orders             340       356        0       16       0       0 FAIL
819  tp-0819        orders             340       340        0        0       0       0 OK
820  tp-0820        orders             332       366        0       34       0       0 FAIL
821  tp-0821        orders             252       252        0        0       0       0 OK
822  tp-0822        orders             282       284        0        2       0       0 FAIL
823  tp-0823        orders             412       414        0        2       0       0 FAIL
824  tp-0824        orders             394       394        0        0       0       0 OK
825  tp-0825        orders             402       402        0        0       0       0 OK
826  tp-0826        orders             366       366        0        0       0       0 OK
827  tp-0827        orders             240       240        0        0       0       0 OK
828  tp-0828        orders             384       390        0        6       0       0 FAIL
829  tp-0829        orders             428       428        0        0       0       0 OK
830  tp-0830        orders             336       344        0        8       0       0 FAIL
831  tp-0831        orders             270       276        0        6       0       0 FAIL
832  tp-0832        orders             324       324        0        0       0       0 OK
833  tp-0833        orders             402       402        0        0       0       0 OK
834  tp-0834        orders             414       414        0        0       0       0 OK
835  tp-0835        orders             376       384        0        8       0       0 FAIL
836  tp-0836        orders             262       264        0        2       0       0 FAIL
837  tp-0837        orders             412       414        0        2       0       0 FAIL
838  tp-0838        orders             448       452        0        0       4       0 FAIL
839  tp-0839        orders             216       216        0        0       0       0 OK
840  tp-0840        orders             464       464        0        0       0       0 OK
841  tp-0841        orders             290       290        0        0       0       0 OK
842  tp-0842        orders             380       402        0       22       0       0 FAIL
843  tp-0843        orders             336       352        0       16       0       0 FAIL
844  tp-0844        orders             354       358        0        4       0       0 FAIL
845  tp-0845        orders             254       254        0        0       0       0 OK
846  tp-0846        orders             374       376        0        2       0       0 FAIL
847  tp-0847        orders             396       396        0        0       0       0 OK
848  tp-0848        orders             276       276        0        0       0       0 OK
849  tp-0849        orders             380       380        0        0       0       0 OK
850  tp-0850        orders             326       326        0        0       0       0 OK
851  tp-0851        orders             300       300        0        0       0       0 OK
852  tp-0852        orders             290       290        0        0       0       0 OK
853  tp-0853        orders             308       308        0        0       0       0 OK
854  tp-0854        orders             308       308        0        0       0       0 OK
855  tp-0855        orders             356       356        0        0       0       0 OK
856  tp-0856        orders             360       360        0        0       0       0 OK
857  tp-0857        orders             366       366        0        0       0       0 OK
858  tp-0858        orders             466       468        0        2       0       0 FAIL
859  tp-0859        orders             398       450        0       52       0       0 FAIL
860  tp-0860        orders             392       392        0        0       0       0 OK
861  tp-0861        orders             344       344        0        0       0       0 OK
862  tp-0862        orders             378       378        0        0       0       0 OK
863  tp-0863        orders             290       294        0        4       0       0 FAIL
864  tp-0864        orders             360       362        0        0       2       0 FAIL
865  tp-0865        orders             366       368        0        0       2       0 FAIL
866  tp-0866        orders             312       312        0        0       0       0 OK
867  tp-0867        orders             266       286        0       20       0       0 FAIL
868  tp-0868        orders             428       432        0        4       0       0 FAIL
869  tp-0869        orders             308       332        0       24       0       0 FAIL
870  tp-0870        orders             472       472        0        0       0       0 OK
871  tp-0871        orders             274       276        0        2       0       0 FAIL
872  tp-0872        orders             370       378        0        8       0       0 FAIL
873  tp-0873        orders             276       276        0        0       0       0 OK
874  tp-0874        orders             354       354        0        0       0       0 OK
875  tp-0875        orders             508       570        0       62       0       0 FAIL
876  tp-0876        orders             316       316        0        0       0       0 OK
877  tp-0877        orders             302       302        0        0       0       0 OK
878  tp-0878        orders             298       298        0        0       0       0 OK
879  tp-0879        orders             292       296        0        4       0       0 FAIL
880  tp-0880        orders             292       292        0        0       0       0 OK
881  tp-0881        orders             306       308        0        2       0       0 FAIL
882  tp-0882        orders             252       252        0        0       0       0 OK
883  tp-0883        orders             378       378        0        0       0       0 OK
884  tp-0884        orders             278       282        0        4       0       0 FAIL
885  tp-0885        orders             284       300        0       16       0       0 FAIL
886  tp-0886        orders             300       300        0        0       0       0 OK
887  tp-0887        orders             506       518        0       12       0       0 FAIL
888  tp-0888        orders             302       310        0        8       0       0 FAIL
889  tp-0889        orders             454       466        0       12       0       0 FAIL
890  tp-0890        orders             362       362        0        0       0       0 OK
891  tp-0891        orders             262       262        0        0       0       0 OK
892  tp-0892        orders             364       370        0        6       0       0 FAIL
893  tp-0893        orders             352       352        0        0       0       0 OK
894  tp-0894        orders             544       544        0        0       0       0 OK
895  tp-0895        orders             266       266        0        0       0       0 OK
896  tp-0896        orders             370       370        0        0       0       0 OK
897  tp-0897        orders             308       314        0        6       0       0 FAIL
898  tp-0898        orders             500       500        0        0       0       0 OK
899  tp-0899        orders             486       488        0        0       2       0 FAIL
900  tp-0900        orders             388       388        0        0       0       0 OK
901  tp-0901        orders             322       322        0        0       0       0 OK
902  tp-0902        orders             470       470        0        0       0       0 OK
903  tp-0903        orders             330       330        0        0       0       0 OK
904  tp-0904        orders             308       308        0        0       0       0 OK
905  tp-0905        orders             356       356        0        0       0       0 OK
906  tp-0906        orders             340       342        0        2       0       0 FAIL
907  tp-0907        orders             402       408        0        6       0       0 FAIL
908  tp-0908        orders             342       372        0       30       0       0 FAIL
909  tp-0909        orders             298       298        0        0       0       0 OK
910  tp-0910        orders             224       224        0        0       0       0 OK
911  tp-0911        orders             386       388        0        0       2       0 FAIL
912  tp-0912        orders             442       442        0        0       0       0 OK
913  tp-0913        orders             388       388        0        0       0       0 OK
914  tp-0914        orders             422       440        0       18       0       0 FAIL
915  tp-0915        orders             290       298        0        8       0       0 FAIL
916  tp-0916        orders             280       280        0        0       0       0 OK
917  tp-0917        orders             408       412        0        4       0       0 FAIL
918  tp-0918        orders             312       312        0        0       0       0 OK
919  tp-0919        orders             304       304        0        0       0       0 OK
920  tp-0920        orders             316       320        0        4       0       0 FAIL
921  tp-0921        orders             282       286        0        4       0       0 FAIL
922  tp-0922        orders             358       358        0        0       0       0 OK
923  tp-0923        orders             470       504        0       34       0       0 FAIL
924  tp-0924        orders             314       326        0       12       0       0 FAIL
925  tp-0925        orders             546       572        0       26       0       0 FAIL
926  tp-0926        orders             354       354        0        0       0       0 OK
927  tp-0927        orders             364       364        0        0       0       0 OK
928  tp-0928        orders             502       504        0        0       2       0 FAIL
929  tp-0929        orders             374       374        0        0       0       0 OK
930  tp-0930        orders             386       386        0        0       0       0 OK
931  tp-0931        orders             286       286        0        0       0       0 OK
932  tp-0932        orders             348       376        0       28       0       0 FAIL
933  tp-0933        orders             320       320        0        0       0       0 OK
934  tp-0934        orders             264       276        0       12       0       0 FAIL
935  tp-0935        orders             266       276        0       10       0       0 FAIL
936  tp-0936        orders             312       316        0        2       2       0 FAIL
937  tp-0937        orders             472       472        0        0       0       0 OK
938  tp-0938        orders             366       366        0        0       0       0 OK
939  tp-0939        orders             342       342        0        0       0       0 OK
940  tp-0940        orders             254       254        0        0       0       0 OK
941  tp-0941        orders             290       292        0        0       2       0 FAIL
942  tp-0942        orders             384       386        0        0       2       0 FAIL
943  tp-0943        orders             270       270        0        0       0       0 OK
944  tp-0944        orders             378       388        0       10       0       0 FAIL
945  tp-0945        orders             274       274        0        0       0       0 OK
946  tp-0946        orders             304       308        0        4       0       0 FAIL
947  tp-0947        orders             324       324        0        0       0       0 OK
948  tp-0948        orders             348       362        0       14       0       0 FAIL
949  tp-0949        orders             428       430        0        0       2       0 FAIL
950  tp-0950        orders             340       346        0        6       0       0 FAIL
951  tp-0951        orders             342       342        0        0       0       0 OK
952  tp-0952        orders             312       316        0        4       0       0 FAIL
953  tp-0953        orders             288       298        0       10       0       0 FAIL
954  tp-0954        orders             402       402        0        0       0       0 OK
955  tp-0955        orders             358       362        0        4       0       0 FAIL
956  tp-0956        orders             304       304        0        0       0       0 OK
957  tp-0957        orders             326       328        0        2       0       0 FAIL
958  tp-0958        orders             448       456        0        8       0       0 FAIL
959  tp-0959        orders             380       386        0        6       0       0 FAIL
960  tp-0960        orders             360       360        0        0       0       0 OK
961  tp-0961        orders             374       424        0       50       0       0 FAIL
962  tp-0962        orders             264       264        0        0       0       0 OK
963  tp-0963        orders             428       434        0        6       0       0 FAIL
964  tp-0964        orders             306       306        0        0       0       0 OK
965  tp-0965        orders             312       312        0        0       0       0 OK
966  tp-0966        orders             302       386        0       84       0       0 FAIL
967  tp-0967        orders             276       284        0        6       2       0 FAIL
968  tp-0968        orders             350       350        0        0       0       0 OK
969  tp-0969        orders             354       358        0        4       0       0 FAIL
970  tp-0970        orders             388       388        0        0       0       0 OK
971  tp-0971        orders             326       326        0        0       0       0 OK
972  tp-0972        orders             408       412        0        2       2       0 FAIL
973  tp-0973        orders             336       336        0        0       0       0 OK
974  tp-0974        orders             282       282        0        0       0       0 OK
975  tp-0975        orders             316       326        0       10       0       0 FAIL
976  tp-0976        orders             316       316        0        0       0       0 OK
977  tp-0977        orders             354       354        0        0       0       0 OK
978  tp-0978        orders             434       434        0        0       0       0 OK
979  tp-0979        orders             530       530        0        0       0       0 OK
980  tp-0980        orders             260       260        0        0       0       0 OK
981  tp-0981        orders             314       316        0        2       0       0 FAIL
982  tp-0982        orders             256       256        0        0       0       0 OK
983  tp-0983        orders             424       424        0        0       0       0 OK
984  tp-0984        orders             370       370        0        0       0       0 OK
985  tp-0985        orders             282       282        0        0       0       0 OK
986  tp-0986        orders             374       374        0        0       0       0 OK
987  tp-0987        orders             346       346        0        0       0       0 OK
988  tp-0988        orders             284       284        0        0       0       0 OK
989  tp-0989        orders             344       344        0        0       0       0 OK
990  tp-0990        orders             254       254        0        0       0       0 OK
991  tp-0991        orders             482       482        0        0       0       0 OK
992  tp-0992        orders             282       282        0        0       0       0 OK
993  tp-0993        orders             306       306        0        0       0       0 OK
994  tp-0994        orders             322       322        0        0       0       0 OK
995  tp-0995        orders             400       400        0        0       0       0 OK
996  tp-0996        orders             426       438        0       12       0       0 FAIL
997  tp-0997        orders             328       332        0        4       0       0 FAIL
998  tp-0998        orders             210       210        0        0       0       0 OK
999  tp-0999        orders             338       342        0        4       0       0 FAIL
     TOTAL                          346862    353628        0     6650     116       0
VERDICT: FAIL

[artifacts] /root/loadladder/L100-pro.json
            /root/loadladder/L100-pro-interval.csv
