WARN max-pending 100000 per partition producer would preallocate 457 MB over 200 partitions (24 B/slot); using 13981 (-pending-budget-mb 64)
pload tag=1x1800-t10-288k-w1800-p8 loader=8/9 mode=batch rate=32000 msg/s batch=10 batch-max=0 max-inflight=5000 ramp=10s duration=1m10s report=10s drain=1m0s GOMAXPROCS=16 GOGC=400 seed=1790884901108128530
  offered: 32000 msg/s = 3200.0 units/s (avg 10.0 msgs/unit) across 64 pacer workers (50.00 units/s each)
  topics: 1 x 1800 partitions (x1x1800-t10-288k-w1800..x1x1800-t10-288k-w1800), entities/topic=0 (explicit partition) | picker: topics=rr entities: rr over space=200 starting at 0 [producer shard 8/9: partitions p % 9 == 8, entity j -> partition 8 + j*9]
  payload: goload jsonEvent target 256 B, avg 289.5 B raw, ~320 B stamped ({"ts":µs,"src":8,...}), pool 64x10
  consumers: 200 here (ci 1600..1799 of 1800), poll=1000 proc-us=0 ack=async ack-inflight=256 local-src=[6 7 8]
  pulsar: url=pulsar://10.114.0.2:6650,10.114.0.3:6650,10.114.0.4:6650 admin=http://10.114.0.2:8080 ns=bench/ns sub=sub type=failover compression=lz4 batch=5ms/10 msgs/131072 B max-pending=13981/partition mem-limit=64 MB receiver-queue=1000 ack-group=100ms conns/broker=1 | feeder batches capped at -txn-size messages (whole entries per transaction) | txn: x1x1800-t10-288k-w1800-in -> 200 workers (own client + TC each, NewTransaction timeout 10s, send+AckWithTxn on whole entries, txn-size 10, linger 1s) -> x1x1800-t10-288k-w1800-out, 200 readers
  [admin] 2 topics with 1800 partitions and subscription "sub" exist (checked in 0.0s)
  [txn] 200 workers (ci 1600..1799 of 1800, 0 idle): each its own client + TC, a failover consumer on its partitions of x1x1800-t10-288k-w1800-in, 200 producers on x1x1800-t10-288k-w1800-out in all; txn-size 10, linger 1s, txn-timeout 10s; ready in 1.4s
  [consume] 200 consumers (ci 1600..1799 of 1800), failover, partition slices (every partition exactly one consumer): 200 partition registrations here, 1800 in total across all processes; idle 0 here, 0 in total; subscribed in 0.2s, settling 2s
  [produce] producer shard 8/9: 200 partitions per topic (p % 9 == 8) x 1 topics, per-partition producers created lazily on first use
READY 1790884672257
[start] waiting 9.224s for the common start 1790884686508
[start] GO 19:58:06.508 (unix ms 1790884686508)
[19:58:16] offered=    16000/s achieved=    15955/s shed=        0/s inflight=    40 | p50=   9.28 p99=   38.66 p999=   58.11 ms | push=159550 pop=127510 lag=32040 | errs push=0 pop=0 empty=0 gor=25546 | ack=    12751/s ackErr=0 ackAvg=0.01ms | e2e p50=493.57 p99=1204.22 p999=1318.91 n=127520 | e2e_local p50=497.66 p99=1220.61 n=43390
[txn] 19:58:16 txn=    1273/s msgs=    12731/s avg= 10.00 msg/txn | commit p50=83.46 p99=382.98 p999=415.74 ms | aborts=0 errs=0 open=200 | in=    12931/s | total txns=12731 msgs=127310 aborts=0 errs=0
[19:58:26] offered=    31999/s achieved=    32004/s shed=        0/s inflight=    42 | p50=  12.10 p99=   46.85 p999=   73.22 ms | push=479580 pop=301600 lag=177980 | errs push=0 pop=0 empty=0 gor=30030 | ack=    17410/s ackErr=0 ackAvg=0.01ms | e2e p50=3031.04 p99=6127.62 p999=6717.44 n=174090 | e2e_local p50=3031.04 p99=6127.62 n=59570
[txn] 19:58:26 txn=    1741/s msgs=    17410/s avg= 10.00 msg/txn | commit p50=93.70 p99=321.54 p999=493.57 ms | aborts=0 errs=0 open=200 | in=    17410/s | total txns=30140 msgs=301400 aborts=0 errs=0
[19:58:36] offered=    32001/s achieved=    32006/s shed=        0/s inflight=    37 | p50=  11.71 p99=   44.29 p999=   59.14 ms | push=799630 pop=487300 lag=312330 | errs push=0 pop=0 empty=0 gor=31155 | ack=    18570/s ackErr=0 ackAvg=0.01ms | e2e p50=7438.34 p99=11075.58 p999=11862.02 n=185690 | e2e_local p50=7372.80 p99=11075.58 n=63350
[txn] 19:58:36 txn=    1856/s msgs=    18555/s avg= 10.00 msg/txn | commit p50=88.58 p99=366.59 p999=452.61 ms | aborts=0 errs=0 open=200 | in=    18555/s | total txns=48695 msgs=486950 aborts=0 errs=0
[19:58:46] offered=    32000/s achieved=    31979/s shed=        0/s inflight=    58 | p50=  11.58 p99=   47.36 p999=   72.19 ms | push=1119420 pop=687900 lag=431520 | errs push=0 pop=0 empty=0 gor=32701 | ack=    20060/s ackErr=0 ackAvg=0.01ms | e2e p50=11599.87 p99=15663.10 p999=16580.61 n=200610 | e2e_local p50=11599.87 p99=15532.03 n=68300
[txn] 19:58:46 txn=    2008/s msgs=    20079/s avg= 10.00 msg/txn | commit p50=84.48 p99=317.44 p999=432.13 ms | aborts=0 errs=0 open=200 | in=    20079/s | total txns=68775 msgs=687740 aborts=0 errs=0
[19:58:56] offered=    32000/s achieved=    32013/s shed=        0/s inflight=    44 | p50=  11.71 p99=   52.99 p999=   85.50 ms | push=1439550 pop=888850 lag=550700 | errs push=0 pop=0 empty=0 gor=32747 | ack=    20095/s ackErr=0 ackAvg=0.01ms | e2e p50=15532.03 p99=20316.16 p999=21364.74 n=200940 | e2e_local p50=15400.96 p99=20316.16 n=68090
[txn] 19:58:56 txn=    2009/s msgs=    20088/s avg= 10.00 msg/txn | commit p50=84.48 p99=329.73 p999=501.76 ms | aborts=0 errs=0 open=200 | in=    20088/s | total txns=88863 msgs=888620 aborts=0 errs=0
[19:59:06] offered=    31999/s achieved=    31999/s shed=        0/s inflight=    49 | p50=  11.71 p99=   47.87 p999=   79.36 ms | push=1759540 pop=1076120 lag=683420 | errs push=0 pop=0 empty=0 gor=31297 | ack=    18727/s ackErr=0 ackAvg=0.01ms | e2e p50=19529.73 p99=25034.75 p999=26607.62 n=187270 | e2e_local p50=19267.58 p99=25034.75 n=64020
[txn] 19:59:06 txn=    1872/s msgs=    18717/s avg= 10.00 msg/txn | commit p50=87.55 p99=342.02 p999=460.80 ms | aborts=0 errs=0 open=200 | in=    18717/s | total txns=107580 msgs=1075790 aborts=0 errs=0
[19:59:16] offered=    32000/s achieved=    32005/s shed=        0/s inflight=    32 | p50=  11.20 p99=   42.75 p999=   67.07 ms | push=2079620 pop=1261960 lag=817660 | errs push=0 pop=0 empty=0 gor=31119 | ack=    18582/s ackErr=0 ackAvg=0.01ms | e2e p50=23724.03 p99=30015.49 p999=31588.35 n=185840 | e2e_local p50=23461.89 p99=30015.49 n=62940
[txn] 19:59:16 txn=    1859/s msgs=    18591/s avg= 10.00 msg/txn | commit p50=80.38 p99=432.13 p999=473.09 ms | aborts=0 errs=0 open=200 | in=    18591/s | total txns=126173 msgs=1261720 aborts=0 errs=0
[drain] workers and readers keep going for up to 59.938s (ends early after 3s idle; lag now 816730)
[19:59:26] offered=        0/s achieved=       38/s shed=        0/s inflight=     0 | p50=  10.05 p99=   66.05 p999=   66.05 ms | push=2080000 pop=1484820 lag=595180 | errs push=0 pop=0 empty=0 gor=34849 | ack=    22288/s ackErr=0 ackAvg=0.01ms | e2e p50=27394.05 p99=34340.86 p999=36438.02 n=222860 | e2e_local p50=27131.90 p99=34340.86 n=76880
[txn] 19:59:26 txn=    2230/s msgs=    22298/s avg= 10.00 msg/txn | commit p50=69.12 p99=382.98 p999=618.50 ms | aborts=0 errs=0 open=200 | in=    22298/s | total txns=148469 msgs=1484680 aborts=0 errs=0
[19:59:36] offered=        0/s achieved=        0/s shed=        0/s inflight=     0 | p50=   0.00 p99=    0.00 p999=    0.00 ms | push=2080000 pop=1729430 lag=350570 | errs push=0 pop=0 empty=0 gor=37021 | ack=    24461/s ackErr=0 ackAvg=0.01ms | e2e p50=30015.49 p99=38010.88 p999=39583.74 n=244620 | e2e_local p50=29491.20 p99=38535.17 n=82860
[txn] 19:59:36 txn=    2447/s msgs=    24468/s avg= 10.00 msg/txn | commit p50=66.05 p99=292.86 p999=374.78 ms | aborts=0 errs=0 open=195 | in=    24463/s | total txns=172937 msgs=1729360 aborts=0 errs=0
[19:59:46] offered=        0/s achieved=        0/s shed=        0/s inflight=     0 | p50=   0.00 p99=    0.00 p999=    0.00 ms | push=2080000 pop=1957810 lag=122190 | errs push=0 pop=0 empty=0 gor=35321 | ack=    22838/s ackErr=0 ackAvg=0.01ms | e2e p50=33816.58 p99=41156.61 p999=42729.47 n=228380 | e2e_local p50=33161.22 p99=41680.90 n=78490
[txn] 19:59:46 txn=    2283/s msgs=    22834/s avg= 10.00 msg/txn | commit p50=62.21 p99=242.69 p999=321.54 ms | aborts=0 errs=0 open=147 | in=    22786/s | total txns=195771 msgs=1957700 aborts=0 errs=0
[19:59:56] offered=        0/s achieved=        0/s shed=        0/s inflight=     0 | p50=   0.00 p99=    0.00 p999=    0.00 ms | push=2080000 pop=2080000 lag=0 | errs push=0 pop=0 empty=0 gor=24520 | ack=    12218/s ackErr=0 ackAvg=0.01ms | e2e p50=36438.02 p99=41680.90 p999=42729.47 n=122180 | e2e_local p50=36438.02 p99=42729.47 n=39310
[txn] 19:59:56 txn=    1223/s msgs=    12229/s avg= 10.00 msg/txn | commit p50=44.80 p99=129.54 p999=152.58 ms | aborts=0 errs=0 open=0 | in=    12082/s | total txns=208001 msgs=2080000 aborts=0 errs=0
[drain] idle for 3s after 41.2s: ending the drain (lag 0)
[info] txn workers: 0 re-subscriptions after an abort, 0 messages held outside a transaction at the stop (left unacked)
[info] producers created: 200 per-partition producers (shard), 0 creation errors, avg creation 22.6 ms
[info] steady window 60s (after the ramp, before the producers stopped): offered 32000/s pushed 32001/s popped 18907/s cpu 258.2% = 8.07 cores per 100k msg/s (produce+consume)
[final] offered=208000 achieved=208000 shed=0 (msgs: offered=2080000 achieved=2080000 shed=0) pushErr=0 | pushed=2080000 popped=2080000 lag=0 | popErr=0 empty=0 | overall p50=11.46 p99=46.34 p999=73.22 ms | acked=2080000 ackErr=0 ackLag=0 ackAvg=0.01ms | e2e p50=19529.73 p99=39583.74 p999=41680.90 ms
load_cpu=192.5%
[txn-final] txns=208001 msgs=2080000 aborts=0 errs=0 in=2080000 avg=10.00 msg/txn | commit p50=76.29 p99=337.92 p999=485.38 max=684.03 ms
[ids] ledger /root/bench/runs/txn/pulsar/1x1800-t10-288k-w1800/ids/p8.ids: 2080000 confirmed, 0 failed, 0 unanswered
