qload tag=ramp-rc7-single-fine-80000 loader=1/9 mode=batch rate=8888 msg/s batch=1 batch-max=0 max-inflight=5000 ramp=10s duration=1m15s report=10s drain=10s GOMAXPROCS=16 GOGC=400(default) seed=1791632818790938151
  offered: 8888 msg/s = 8888.0 units/s (avg 1.0 msgs/unit) across 64 pacer workers (138.88 units/s each)
  topics: 1 x 500000 partitions (bench..bench), entities/topic=0 (explicit partition) | picker: topics=rr entities: rr over space=500000 starting at 55555
  payload: goload jsonEvent target 256 B, avg 289.8 B raw, ~320 B stamped ({"ts":µs,"src":1,...}), pool 64x1
  consumers: 33 here (ci 33..65 of 297), poll=1000 proc-us=0 ack=async ack-inflight=256 local-src=[0 1 2]
  queen: url=http://10.114.0.19:6632 (of 3) conns=2048 timeout=30s pop-width=100 pop-batch=1000 pop-timeout=2s lease=30s | configure: leaseTime=30 completedRetention=3600 dedup=0 retryLimit=1000000 | plain: consumers pop+ack the queue
  [queen] http://10.114.0.19:6632 healthy: version 2.2.0, this node follower
  [consume] 33 consumers of bench: pop width 100, batch 1000, long poll 2s, lease 30s, async batch acks (ack-inflight 256)
READY 1791632812764
[start] waiting 11.269s for the common start 1791632824033
[start] GO 11:47:04.033 (unix ms 1791632824033)
[11:47:14] offered=     4444/s achieved=     4257/s shed=        0/s inflight=  1863 | p50=  40.19 p99=  118.27 p999=  218.11 ms | push=42567 pop=27899 lag=14668 | errs push=0 pop=0 empty=198 gor=5987 | ack=     2762/s ackErr=0 ackAvg=35.29ms | e2e p50=987.14 p99=1597.44 p999=1695.74 n=27899 | e2e_local p50=995.33 p99=1597.44 n=9164
[11:47:24] offered=     8888/s achieved=     8609/s shed=       12/s inflight=  4541 | p50= 193.54 p99=  552.96 p999=  593.92 ms | push=128659 pop=87879 lag=40780 | errs push=0 pop=0 empty=198 gor=14128 | ack=     5969/s ackErr=0 ackAvg=92.78ms | e2e p50=2605.06 p99=3555.33 p999=3588.10 n=59980 | e2e_local p50=2605.06 p99=3522.56 n=19909
[11:47:34] offered=     8888/s achieved=     7605/s shed=     1236/s inflight=  5000 | p50= 610.30 p99=  823.30 p999=  847.87 ms | push=204712 pop=152415 lag=52297 | errs push=0 pop=0 empty=198 gor=15273 | ack=     6393/s ackErr=0 ackAvg=114.72ms | e2e p50=3850.24 p99=4227.07 p999=4292.61 n=64536 | e2e_local p50=3850.24 p99=4227.07 n=21610
[11:47:44] offered=     8889/s achieved=     7830/s shed=     1058/s inflight=  5000 | p50= 577.54 p99=  839.68 p999=  921.60 ms | push=283020 pop=210781 lag=72239 | errs push=0 pop=0 empty=198 gor=15255 | ack=     5899/s ackErr=0 ackAvg=144.14ms | e2e p50=3719.17 p99=4177.92 p999=4227.07 n=58366 | e2e_local p50=3719.17 p99=4177.92 n=19448
[11:47:54] offered=     8887/s achieved=     7550/s shed=     1337/s inflight=  5000 | p50= 585.73 p99=  905.22 p999=  954.37 ms | push=358510 pop=258081 lag=100429 | errs push=0 pop=0 empty=198 gor=15273 | ack=     4574/s ackErr=0 ackAvg=172.05ms | e2e p50=3588.10 p99=3850.24 p999=3915.78 n=47300 | e2e_local p50=3588.10 p99=3850.24 n=15711
[11:48:04] offered=     8889/s achieved=     6897/s shed=     2027/s inflight=  4652 | p50= 733.18 p99=  995.33 p999= 1056.77 ms | push=427476 pop=280823 lag=146653 | errs push=0 pop=0 empty=198 gor=14931 | ack=     2365/s ackErr=0 ackAvg=207.56ms | e2e p50=1335.30 p99=3424.26 p999=3457.02 n=22742 | e2e_local p50=1335.30 p99=3391.49 n=7631
[11:48:14] offered=     8888/s achieved=     8405/s shed=      682/s inflight=  2657 | p50= 509.95 p99=  806.91 p999=  847.87 ms | push=511526 pop=308832 lag=202694 | errs push=0 pop=0 empty=198 gor=10298 | ack=     2767/s ackErr=0 ackAvg=229.52ms | e2e p50=1187.84 p99=1728.51 p999=1761.28 n=28009 | e2e_local p50=1187.84 p99=1728.51 n=9328
[drain] consumers keep going for 9.874s (lag now 220445)
[11:48:24] offered=     4444/s achieved=     4710/s shed=        0/s inflight=     0 | p50= 209.92 p99=  415.74 p999=  473.09 ms | push=558628 pop=360569 lag=198059 | errs push=0 pop=0 empty=231 gor=4190 | ack=     5328/s ackErr=0 ackAvg=211.50ms | e2e p50=2539.52 p99=2867.20 p999=2899.97 n=51737 | e2e_local p50=2539.52 p99=2867.20 n=17131
[info] steady window 60s (after the ramp, before the producers stopped): offered 8888/s pushed 7816/s popped 4682/s cpu 134.1% = 17.16 cores per 100k msg/s (produce+consume)
[final] offered=622158 achieved=558628 shed=63530 (msgs: offered=622158 achieved=558628 shed=63530) pushErr=0 | pushed=558628 popped=360569 lag=198059 | popErr=0 empty=330 | overall p50=528.38 p99=897.02 p999=1003.52 ms | acked=360569 ackErr=0 ackLag=198059 ackAvg=211.50ms | e2e p50=3129.34 p99=4112.38 p999=4227.07 ms
load_cpu=100.5%
