kload tag=c3-1x200-300k-p3 loader=3/9 mode=batch rate=33333 msg/s batch=100 batch-max=0 max-inflight=5000 ramp=10s duration=1m10s report=10s drain=0s GOMAXPROCS=16 GOGC=400 seed=1790896991897898945
  offered: 33333 msg/s = 333.3 units/s (avg 100.0 msgs/unit) across 7 pacer workers (47.62 units/s each)
  topics: 1 x 200 partitions (kc3-1x200-300k..kc3-1x200-300k), entities/topic=0 (explicit partition) | picker: topics=rr entities: rr over space=200 starting at 66
  payload: goload jsonEvent target 256 B, avg 289.5 B raw, ~320 B stamped ({"ts":µs,"src":3,...}), pool 64x100
  consumers: 22 here (ci 66..87 of 198), poll=1000 proc-us=0 ack=async ack-inflight=256 local-src=[3 4 5]
  kafka: brokers=10.114.0.2:9092,10.114.0.3:9092,10.114.0.4:9092 rf=3 min-isr=2 producers=4 linger=5ms compression=lz4 acks=all idempotent batch-max-bytes=1048576 | consumers: protocol=classic fetch-max-wait=500ms fetch-min-bytes=1 fetch-max-partition-bytes=1048576 session=45s
  [topic] READY after 0.0s: 1 topics x 200 partitions, leaders + full ISR
  [config] broker.compression.type = producer (DEFAULT_CONFIG)
  [config] broker.group.initial.rebalance.delay.ms = 3000 (STATIC_BROKER_CONFIG)
  [config] topic.min.insync.replicas = 1 (DYNAMIC_TOPIC_CONFIG)
  [config] topic.retention.ms = 600000 (DYNAMIC_TOPIC_CONFIG)
  [group] 22 consumers in 1 groups (kc3-1x200-300k-g-t0 ... ), protocol classic
  [group] t=+0.0s waiting: kc3-1x200-300k-g-t0: local members 22/198 hold 0/200 partitions (group-wide PreparingRebalance members=163 assigned=0)
  [group] t=+2.0s waiting: kc3-1x200-300k-g-t0: local members 22/198 hold 0/200 partitions (group-wide PreparingRebalance members=198 assigned=0)
  [group] t=+4.0s waiting: kc3-1x200-300k-g-t0: local members 22/198 hold 0/200 partitions (group-wide PreparingRebalance members=198 assigned=0)
  [group] t=+6.0s waiting: kc3-1x200-300k-g-t0: local members 22/198 hold 22/200 partitions (group-wide Stable members=198 assigned=200)
  [group] t=+8.0s waiting: kc3-1x200-300k-g-t0: local members 22/198 hold 22/200 partitions (group-wide Stable members=198 assigned=200)
  [group] STABLE after 9.0s: 1 groups, 22 local members holding 22 partitions, assignEv=22 revokeEv=0 lostEv=0
  [produce] 4 clients connected to every broker with producer IDs in 0.01s; max buffered 501024 records per client
READY 1790896685070
[start] waiting 9.33s for the common start 1790896701023
[start] GO 23:18:21.023 (unix ms 1790896701023)
[23:18:31] offered=    16659/s achieved=    16649/s shed=        0/s inflight=     1 | p50=   8.90 p99=   11.20 p999=   14.14 ms | push=166500 pop=164800 lag=1700 | errs push=0 pop=0 empty=0 gor=224 | ack=    16469/s ackErr=0 ackAvg=3.06ms | e2e p50=8.64 p99=11.33 p999=14.78 n=164800 | e2e_local p50=9.28 p99=11.58 n=54000
[23:18:41] offered=    33352/s achieved=    33322/s shed=        0/s inflight=     4 | p50=   8.77 p99=   12.61 p999=   20.61 ms | push=499700 pop=494600 lag=5100 | errs push=0 pop=0 empty=0 gor=225 | ack=    32992/s ackErr=0 ackAvg=3.14ms | e2e p50=8.51 p99=12.86 p999=19.58 n=329800 | e2e_local p50=9.15 p99=12.48 n=110800
[23:18:51] offered=    33330/s achieved=    33330/s shed=        0/s inflight=     4 | p50=   8.90 p99=   13.89 p999=   21.38 ms | push=833000 pop=824800 lag=8200 | errs push=0 pop=0 empty=0 gor=227 | ack=    33000/s ackErr=0 ackAvg=3.18ms | e2e p50=8.51 p99=15.04 p999=23.42 n=330200 | e2e_local p50=9.15 p99=14.14 n=107800
[23:19:01] offered=    33339/s achieved=    33329/s shed=        0/s inflight=     5 | p50=   8.90 p99=   13.76 p999=   21.12 ms | push=1166300 pop=1154700 lag=11600 | errs push=0 pop=0 empty=0 gor=231 | ack=    32999/s ackErr=0 ackAvg=3.21ms | e2e p50=8.64 p99=15.04 p999=21.63 n=329900 | e2e_local p50=9.28 p99=15.68 n=111400
[23:19:11] offered=    33322/s achieved=    33352/s shed=        0/s inflight=     2 | p50=   8.90 p99=   16.77 p999=   21.89 ms | push=1499800 pop=1484700 lag=15100 | errs push=0 pop=0 empty=0 gor=230 | ack=    32992/s ackErr=0 ackAvg=3.29ms | e2e p50=8.64 p99=16.51 p999=23.94 n=330000 | e2e_local p50=9.28 p99=17.28 n=110800
[23:19:21] offered=    33327/s achieved=    33337/s shed=        0/s inflight=     1 | p50=   8.90 p99=   16.51 p999=   25.98 ms | push=1833200 pop=1814800 lag=18400 | errs push=0 pop=0 empty=0 gor=221 | ack=    33027/s ackErr=0 ackAvg=3.31ms | e2e p50=8.64 p99=15.30 p999=23.17 n=330100 | e2e_local p50=9.28 p99=17.28 n=107800
[23:19:31] offered=    33330/s achieved=    33320/s shed=        0/s inflight=     2 | p50=   8.90 p99=   12.61 p999=   18.30 ms | push=2166400 pop=2144800 lag=21600 | errs push=0 pop=0 empty=0 gor=216 | ack=    33000/s ackErr=0 ackAvg=3.32ms | e2e p50=8.64 p99=13.50 p999=19.07 n=330000 | e2e_local p50=9.28 p99=13.38 n=111400
[info] steady window 60s (after the ramp, before the producers stopped): offered 33333/s pushed 33331/s popped 33000/s cpu 28.6% = 0.86 cores per 100k msg/s (produce+consume)
[final] offered=21666 achieved=21666 shed=0 (msgs: offered=2166600 achieved=2166600 shed=0) pushErr=0 | pushed=2166600 popped=2145000 lag=21600 | popErr=0 empty=0 | overall p50=8.90 p99=13.89 p999=21.89 ms | acked=2145000 ackErr=0 ackLag=21600 ackAvg=3.32ms | e2e p50=8.64 p99=14.40 p999=22.40 ms
load_cpu=20.4%
