kload tag=c3-1x200-1500k-p3 loader=3/9 mode=batch rate=166666 msg/s batch=100 batch-max=0 max-inflight=5000 ramp=10s duration=1m10s report=10s drain=0s GOMAXPROCS=16 GOGC=400 seed=1790896428551506718
  offered: 166666 msg/s = 1666.7 units/s (avg 100.0 msgs/unit) across 34 pacer workers (49.02 units/s each)
  topics: 1 x 200 partitions (kc3-1x200-1500k..kc3-1x200-1500k), entities/topic=0 (explicit partition) | picker: topics=rr entities: rr over space=200 starting at 66
  payload: goload jsonEvent target 256 B, avg 289.5 B raw, ~319 B stamped ({"ts":µs,"src":3,...}), pool 64x100
  consumers: 22 here (ci 66..87 of 198), poll=1000 proc-us=0 ack=async ack-inflight=256 local-src=[3 4 5]
  kafka: brokers=10.114.0.2:9092,10.114.0.3:9092,10.114.0.4:9092 rf=3 min-isr=2 producers=4 linger=5ms compression=lz4 acks=all idempotent batch-max-bytes=1048576 | consumers: protocol=classic fetch-max-wait=500ms fetch-min-bytes=1 fetch-max-partition-bytes=1048576 session=45s
  [topic] READY after 0.0s: 1 topics x 200 partitions, leaders + full ISR
  [config] broker.compression.type = producer (DEFAULT_CONFIG)
  [config] broker.group.initial.rebalance.delay.ms = 3000 (STATIC_BROKER_CONFIG)
  [config] topic.min.insync.replicas = 1 (DYNAMIC_TOPIC_CONFIG)
  [config] topic.retention.ms = 600000 (DYNAMIC_TOPIC_CONFIG)
  [group] 22 consumers in 1 groups (kc3-1x200-1500k-g-t0 ... ), protocol classic
  [group] t=+0.0s waiting: kc3-1x200-1500k-g-t0: local members 22/198 hold 0/200 partitions (group-wide Dead members=0 assigned=0)
  [group] t=+2.0s waiting: kc3-1x200-1500k-g-t0: local members 22/198 hold 0/200 partitions (group-wide PreparingRebalance members=198 assigned=0)
  [group] t=+4.0s waiting: kc3-1x200-1500k-g-t0: local members 22/198 hold 0/200 partitions (group-wide PreparingRebalance members=198 assigned=0)
  [group] t=+6.0s waiting: kc3-1x200-1500k-g-t0: local members 22/198 hold 22/200 partitions (group-wide Stable members=198 assigned=200)
  [group] t=+8.0s waiting: kc3-1x200-1500k-g-t0: local members 22/198 hold 22/200 partitions (group-wide Stable members=198 assigned=200)
  [group] STABLE after 9.0s: 1 groups, 22 local members holding 22 partitions, assignEv=22 revokeEv=0 lostEv=0
  [produce] 4 clients connected to every broker with producer IDs in 0.01s; max buffered 501024 records per client
READY 1790896135755
[start] waiting 9.305s for the common start 1790896151888
[start] GO 23:09:11.888 (unix ms 1790896151888)
[23:09:21] offered=    83365/s achieved=    81465/s shed=        0/s inflight=   190 | p50=  20.35 p99=   98.82 p999=  120.32 ms | push=814600 pop=787405 lag=27195 | errs push=0 pop=0 empty=0 gor=535 | ack=    67238/s ackErr=0 ackAvg=124.03ms | e2e p50=22.14 p99=199.68 p999=226.30 n=787405 | e2e_local p50=22.14 p99=195.58 n=261000
[23:09:31] offered=   166630/s achieved=   167060/s shed=        0/s inflight=   147 | p50=  75.26 p99=  195.58 p999=  250.88 ms | push=2485200 pop=2448500 lag=36700 | errs push=0 pop=0 empty=0 gor=533 | ack=   164776/s ackErr=0 ackAvg=375.63ms | e2e p50=177.15 p99=350.21 p999=428.03 n=1661095 | e2e_local p50=179.20 p99=354.30 n=553400
[23:09:41] offered=   166645/s achieved=   166655/s shed=        0/s inflight=   147 | p50=  67.07 p99=  136.19 p999=  166.91 ms | push=4151900 pop=4095200 lag=56700 | errs push=0 pop=0 empty=0 gor=535 | ack=   162815/s ackErr=0 ackAvg=486.90ms | e2e p50=168.96 p99=268.29 p999=296.96 n=1646700 | e2e_local p50=168.96 p99=268.29 n=549700
[23:09:51] offered=   166649/s achieved=   166399/s shed=        0/s inflight=   171 | p50=  78.34 p99=  152.58 p999=  173.06 ms | push=5815800 pop=5743200 lag=72600 | errs push=0 pop=0 empty=0 gor=532 | ack=   164909/s ackErr=0 ackAvg=556.83ms | e2e p50=183.30 p99=292.86 p999=325.63 n=1648000 | e2e_local p50=183.30 p99=292.86 n=549500
[23:10:01] offered=   166646/s achieved=   166746/s shed=        0/s inflight=   164 | p50=  76.29 p99=  164.86 p999=  195.58 ms | push=7483300 pop=7398318 lag=84982 | errs push=0 pop=0 empty=0 gor=535 | ack=   164616/s ackErr=0 ackAvg=601.30ms | e2e p50=179.20 p99=292.86 p999=325.63 n=1655118 | e2e_local p50=181.25 p99=296.96 n=550800
[23:10:11] offered=   166760/s achieved=   166980/s shed=        0/s inflight=   139 | p50=  73.22 p99=  150.53 p999=  171.01 ms | push=9153000 pop=9048600 lag=104400 | errs push=0 pop=0 empty=0 gor=539 | ack=   165990/s ackErr=0 ackAvg=632.21ms | e2e p50=175.10 p99=284.67 p999=317.44 n=1650282 | e2e_local p50=177.15 p99=288.77 n=551200
[23:10:21] offered=   166632/s achieved=   166602/s shed=        0/s inflight=   142 | p50=  84.48 p99=  164.86 p999=  261.12 ms | push=10819100 pop=10695600 lag=123500 | errs push=0 pop=0 empty=0 gor=504 | ack=   164332/s ackErr=0 ackAvg=660.63ms | e2e p50=195.58 p99=301.06 p999=358.40 n=1647000 | e2e_local p50=195.58 p99=301.06 n=549000
[info] steady window 60s (after the ramp, before the producers stopped): offered 166660/s pushed 166740/s popped 165135/s cpu 68.3% = 0.41 cores per 100k msg/s (produce+consume)
[final] offered=108333 achieved=108333 shed=0 (msgs: offered=10833300 achieved=10833300 shed=0) pushErr=0 | pushed=10833300 popped=10710300 lag=123000 | popErr=0 empty=0 | overall p50=73.22 p99=160.77 p999=216.06 ms | acked=10701000 ackErr=0 ackLag=132300 ackAvg=659.38ms | e2e p50=175.10 p99=301.06 p999=366.59 ms
load_cpu=49.4%
