qload tag=ramp-rc7-1600000 loader=7/9 mode=batch rate=177777 msg/s batch=100 batch-max=0 max-inflight=5000 ramp=10s duration=1m15s report=10s drain=10s GOMAXPROCS=16 GOGC=400(default) seed=1791631760869844769
  offered: 177777 msg/s = 1777.8 units/s (avg 100.0 msgs/unit) across 36 pacer workers (49.38 units/s each)
  topics: 1 x 500000 partitions (bench..bench), entities/topic=0 (explicit partition) | picker: topics=rr entities: rr over space=500000 starting at 388888
  payload: goload jsonEvent target 256 B, avg 289.5 B raw, ~320 B stamped ({"ts":µs,"src":7,...}), pool 64x100
  consumers: 33 here (ci 231..263 of 297), poll=1000 proc-us=0 ack=async ack-inflight=256 local-src=[6 7 8]
  queen: url=http://10.114.0.19:6632 (of 3) conns=2048 timeout=30s pop-width=10 pop-batch=1000 pop-timeout=2s lease=30s | configure: leaseTime=30 completedRetention=3600 dedup=0 retryLimit=1000000 | plain: consumers pop+ack the queue
  [queen] http://10.114.0.19:6632 healthy: version 2.2.0, this node follower
  [consume] 33 consumers of bench: pop width 10, batch 1000, long poll 2s, lease 30s, async batch acks (ack-inflight 256)
READY 1791631767690
[start] waiting 11.153s for the common start 1791631778843
[start] GO 11:29:38.843 (unix ms 1791631778843)
[11:29:48] offered=    88872/s achieved=    86222/s shed=        0/s inflight=   267 | p50=  19.58 p99=  142.34 p999=  154.62 ms | push=862200 pop=831500 lag=30700 | errs push=0 pop=0 empty=231 gor=998 | ack=    81412/s ackErr=0 ackAvg=25.15ms | e2e p50=51.46 p99=296.96 p999=329.73 n=831500 | e2e_local p50=51.46 p99=305.15 n=272600
[11:29:58] offered=   177780/s achieved=   161220/s shed=        0/s inflight=  1922 | p50= 593.92 p99= 1105.92 p999= 1122.30 ms | push=2474400 pop=2389400 lag=85000 | errs push=0 pop=0 empty=231 gor=6154 | ack=   156650/s ackErr=0 ackAvg=66.37ms | e2e p50=651.26 p99=1204.22 p999=1236.99 n=1557900 | e2e_local p50=651.26 p99=1204.22 n=525900
[11:30:08] offered=   177794/s achieved=   151733/s shed=        0/s inflight=  4527 | p50=1777.66 p99= 2539.52 p999= 2572.29 ms | push=3991700 pop=3820000 lag=171700 | errs push=0 pop=0 empty=231 gor=13808 | ack=   142893/s ackErr=0 ackAvg=81.19ms | e2e p50=1712.13 p99=2670.59 p999=2703.36 n=1430600 | e2e_local p50=1695.74 p99=2670.59 n=479600
[11:30:18] offered=   177758/s achieved=   164858/s shed=     8630/s inflight=  4956 | p50=2932.74 p99= 3063.81 p999= 3096.58 ms | push=5640300 pop=5382000 lag=258300 | errs push=0 pop=0 empty=231 gor=15187 | ack=   155338/s ackErr=0 ackAvg=87.79ms | e2e p50=2867.20 p99=3162.11 p999=3227.65 n=1562000 | e2e_local p50=2867.20 p99=3162.11 n=517400
[11:30:28] offered=   177805/s achieved=   165985/s shed=    11590/s inflight=  4980 | p50=2998.27 p99= 3096.58 p999= 3096.58 ms | push=7300100 pop=6964800 lag=335300 | errs push=0 pop=0 empty=231 gor=15215 | ack=   158424/s ackErr=0 ackAvg=91.76ms | e2e p50=3031.04 p99=3194.88 p999=3194.88 n=1582800 | e2e_local p50=3031.04 p99=3194.88 n=523800
[11:30:38] offered=   177769/s achieved=   168299/s shed=     9859/s inflight=  4939 | p50=2965.50 p99= 3031.04 p999= 3063.81 ms | push=8983200 pop=8588800 lag=394400 | errs push=0 pop=0 empty=231 gor=15160 | ack=   163150/s ackErr=0 ackAvg=92.88ms | e2e p50=2998.27 p99=3129.34 p999=3162.11 n=1624000 | e2e_local p50=2998.27 p99=3129.34 n=554200
[11:30:48] offered=   177722/s achieved=   163812/s shed=    13980/s inflight=  4929 | p50=2998.27 p99= 3129.34 p999= 3162.11 ms | push=10621300 pop=10156200 lag=465100 | errs push=0 pop=0 empty=231 gor=15163 | ack=   155592/s ackErr=0 ackAvg=94.50ms | e2e p50=3063.81 p99=3260.42 p999=3293.18 n=1567400 | e2e_local p50=3063.81 p99=3260.42 n=520700
[drain] consumers keep going for 7.361s (lag now 657700)
[11:30:58] offered=    88918/s achieved=   128177/s shed=    10050/s inflight=     0 | p50=3096.58 p99= 3391.49 p999= 3391.49 ms | push=11903100 pop=11296500 lag=606600 | errs push=0 pop=0 empty=264 gor=4158 | ack=   116187/s ackErr=0 ackAvg=96.24ms | e2e p50=3194.88 p99=3588.10 p999=3620.86 n=1140300 | e2e_local p50=3194.88 p99=3588.10 n=381300
[info] steady window 60s (after the ramp, before the producers stopped): offered 177771/s pushed 162651/s popped 155411/s cpu 322.0% = 1.98 cores per 100k msg/s (produce+consume)
[final] offered=124442 achieved=119031 shed=5411 (msgs: offered=12444200 achieved=11903100 shed=541100) pushErr=0 | pushed=11903100 popped=11296500 lag=606600 | popErr=0 empty=363 | overall p50=2932.74 p99=3293.18 p999=3391.49 ms | acked=11296500 ackErr=0 ackLag=606600 ackAvg=96.24ms | e2e p50=1777.66 p99=3522.56 p999=3588.10 ms
load_cpu=240.4%
