qload tag= loader=0/1 mode=batch rate=300000 msg/s batch=100 batch-max=0 max-inflight=5000 ramp=10s duration=1m10s report=2s drain=10s GOMAXPROCS=10 GOGC=400(default) seed=1791599768585511006
  offered: 300000 msg/s = 3000.0 units/s (avg 100.0 msgs/unit) across 61 pacer workers (49.18 units/s each)
  topics: 1 x 200 partitions (mix..mix), entities/topic=0 (explicit partition) | picker: topics=rr entities: rr over space=200 starting at 0
  payload: goload jsonEvent target 256 B, avg 289.5 B raw, ~319 B stamped ({"ts":µs,"src":0,...}), pool 64x100
  consumers: 16 here (ci 0..15 of 16), poll=1000 proc-us=0 ack=async ack-inflight=256 local-src=[0]
  queen: url=http://127.0.0.1:6632 (of 1) conns=2048 timeout=30s pop-width=10 pop-batch=1000 pop-timeout=2s lease=30s | configure: leaseTime=30 completedRetention=3600 dedup=0 retryLimit=1000000 | plain: consumers pop+ack the queue
  [queen] http://127.0.0.1:6632 healthy: version 2.1.0, this node leader
  [consume] 16 consumers of mix: pop width 10, batch 1000, long poll 2s, lease 30s, async batch acks (ack-inflight 256)
READY 1791600227787
[start] GO 02:43:47.787 (unix ms 1791600227787)
[02:43:49] offered=    30493/s achieved=    30493/s shed=        0/s inflight=     0 | p50=   5.34 p99=   14.91 p999=   17.79 ms | push=61000 pop=61000 lag=0 | errs push=0 pop=0 empty=0 gor=190 | ack=    30493/s ackErr=0 ackAvg=6.73ms | e2e p50=13.89 p99=27.26 p999=28.03 n=61000 | e2e_local p50=13.89 p99=27.26 n=61000
[02:43:51] offered=    91060/s achieved=    90460/s shed=        0/s inflight=    12 | p50=   3.82 p99=   27.26 p999=   31.10 ms | push=241900 pop=240700 lag=1200 | errs push=0 pop=0 empty=0 gor=230 | ack=    88460/s ackErr=0 ackAvg=6.47ms | e2e p50=11.71 p99=37.63 p999=46.34 n=179700 | e2e_local p50=11.71 p99=37.63 n=179700
[02:43:53] offered=   149512/s achieved=   149512/s shed=        0/s inflight=    12 | p50=   3.76 p99=   21.12 p999=   25.22 ms | push=540900 pop=538200 lag=2700 | errs push=0 pop=0 empty=0 gor=275 | ack=   147961/s ackErr=0 ackAvg=6.41ms | e2e p50=11.20 p99=44.80 p999=50.94 n=297500 | e2e_local p50=11.20 p99=44.80 n=297500
[02:43:55] offered=   209352/s achieved=   208802/s shed=        0/s inflight=    23 | p50=   3.82 p99=   29.31 p999=   33.54 ms | push=958500 pop=955300 lag=3200 | errs push=0 pop=0 empty=0 gor=349 | ack=   209852/s ackErr=0 ackAvg=6.58ms | e2e p50=11.46 p99=49.41 p999=52.99 n=417100 | e2e_local p50=11.46 p99=49.41 n=417100
[02:43:57] offered=   269545/s achieved=   269445/s shed=        0/s inflight=    25 | p50=   6.69 p99=   47.36 p999=   53.50 ms | push=1497400 pop=1481900 lag=15500 | errs push=0 pop=0 empty=0 gor=497 | ack=   259995/s ackErr=0 ackAvg=7.66ms | e2e p50=17.28 p99=77.31 p999=85.50 n=526600 | e2e_local p50=17.28 p99=77.31 n=526600
[02:43:59] offered=   299994/s achieved=   299595/s shed=        0/s inflight=    34 | p50=   8.51 p99=   39.68 p999=   45.82 ms | push=2096900 pop=2083000 lag=13900 | errs push=0 pop=0 empty=0 gor=503 | ack=   301394/s ackErr=0 ackAvg=8.73ms | e2e p50=22.40 p99=72.19 p999=79.36 n=601100 | e2e_local p50=22.40 p99=72.19 n=601100
[02:44:01] offered=   300214/s achieved=   297112/s shed=        0/s inflight=    95 | p50=   9.41 p99=   48.38 p999=   54.02 ms | push=2690800 pop=2677900 lag=12900 | errs push=0 pop=0 empty=0 gor=585 | ack=   299364/s ackErr=0 ackAvg=9.55ms | e2e p50=24.70 p99=81.41 p999=100.86 n=594900 | e2e_local p50=24.70 p99=81.41 n=594900
[02:44:03] offered=   299721/s achieved=   302871/s shed=        0/s inflight=    34 | p50=   9.79 p99=   35.58 p999=   40.19 ms | push=3296600 pop=3289000 lag=7600 | errs push=0 pop=0 empty=0 gor=524 | ack=   302771/s ackErr=0 ackAvg=10.15ms | e2e p50=25.47 p99=68.10 p999=76.29 n=611100 | e2e_local p50=25.47 p99=68.10 n=611100
[02:44:05] offered=   299600/s achieved=   300050/s shed=        0/s inflight=    23 | p50=   8.90 p99=   36.10 p999=   38.66 ms | push=3896700 pop=3882000 lag=14700 | errs push=0 pop=0 empty=0 gor=504 | ack=   299450/s ackErr=0 ackAvg=10.46ms | e2e p50=22.91 p99=52.99 p999=62.72 n=593000 | e2e_local p50=22.91 p99=52.99 n=593000
[02:44:07] offered=   300604/s achieved=   300304/s shed=        0/s inflight=    28 | p50=   8.38 p99=   35.07 p999=   43.78 ms | push=4497600 pop=4485000 lag=12600 | errs push=0 pop=0 empty=0 gor=513 | ack=   299254/s ackErr=0 ackAvg=10.67ms | e2e p50=22.14 p99=59.14 p999=69.12 n=603000 | e2e_local p50=22.14 p99=59.14 n=603000
[02:44:09] offered=   299669/s achieved=   299419/s shed=        0/s inflight=    37 | p50=   8.38 p99=   43.26 p999=   52.48 ms | push=5096100 pop=5078900 lag=17200 | errs push=0 pop=0 empty=0 gor=528 | ack=   298418/s ackErr=0 ackAvg=10.86ms | e2e p50=22.40 p99=67.07 p999=79.36 n=593900 | e2e_local p50=22.40 p99=67.07 n=593900
[02:44:11] offered=   300085/s achieved=   300535/s shed=        0/s inflight=    25 | p50=   8.26 p99=   27.01 p999=   31.10 ms | push=5697500 pop=5690700 lag=6800 | errs push=0 pop=0 empty=0 gor=519 | ack=   302534/s ackErr=0 ackAvg=10.99ms | e2e p50=22.14 p99=73.22 p999=95.74 n=611800 | e2e_local p50=22.14 p99=73.22 n=611800
[02:44:13] offered=   300159/s achieved=   295857/s shed=        0/s inflight=   114 | p50=  12.48 p99=   66.05 p999=   74.24 ms | push=6289000 pop=6235700 lag=53300 | errs push=0 pop=0 empty=0 gor=611 | ack=   268347/s ackErr=0 ackAvg=11.46ms | e2e p50=28.54 p99=305.15 p999=423.94 n=545000 | e2e_local p50=28.54 p99=305.15 n=545000
[02:44:15] offered=   299841/s achieved=   298540/s shed=        0/s inflight=   137 | p50=  38.14 p99=   81.41 p999=   95.74 ms | push=6886000 pop=6725700 lag=160300 | errs push=0 pop=0 empty=0 gor=719 | ack=   245533/s ackErr=0 ackAvg=12.52ms | e2e p50=354.30 p99=1105.92 p999=1417.22 n=490000 | e2e_local p50=354.30 p99=1105.92 n=490000
[02:44:17] offered=   300234/s achieved=   297334/s shed=        0/s inflight=   195 | p50=  36.61 p99=   83.46 p999=   93.70 ms | push=7480700 pop=7200700 lag=280000 | errs push=0 pop=0 empty=0 gor=774 | ack=   238987/s ackErr=0 ackAvg=13.49ms | e2e p50=544.77 p99=2179.07 p999=2572.29 n=475000 | e2e_local p50=544.77 p99=2179.07 n=475000
[02:44:19] offered=   299857/s achieved=   301157/s shed=        0/s inflight=   170 | p50=  39.17 p99=   91.65 p999=  108.03 ms | push=8083100 pop=7677700 lag=405400 | errs push=0 pop=0 empty=0 gor=852 | ack=   237966/s ackErr=0 ackAvg=14.43ms | e2e p50=929.79 p99=3063.81 p999=4079.62 n=477000 | e2e_local p50=929.79 p99=3063.81 n=477000
[02:44:21] offered=   299336/s achieved=   303437/s shed=        0/s inflight=    67 | p50=  31.87 p99=   91.65 p999=  103.94 ms | push=8689800 pop=8311700 lag=378100 | errs push=0 pop=0 empty=0 gor=739 | ack=   322093/s ackErr=0 ackAvg=15.18ms | e2e p50=1302.53 p99=4620.29 p999=5210.11 n=634000 | e2e_local p50=1302.53 p99=4620.29 n=634000
[02:44:23] offered=   300800/s achieved=   298900/s shed=        0/s inflight=   125 | p50=  15.94 p99=   40.19 p999=   51.46 ms | push=9287600 pop=9277900 lag=9700 | errs push=0 pop=0 empty=0 gor=809 | ack=   481000/s ackErr=0 ackAvg=15.61ms | e2e p50=489.47 p99=3784.70 p999=4882.43 n=966200 | e2e_local p50=489.47 p99=3784.70 n=966200
[02:44:25] offered=   299816/s achieved=   300366/s shed=        0/s inflight=   116 | p50=   8.64 p99=   42.24 p999=   52.48 ms | push=9888400 pop=9886500 lag=1900 | errs push=0 pop=0 empty=0 gor=798 | ack=   306665/s ackErr=0 ackAvg=15.43ms | e2e p50=24.19 p99=79.36 p999=724.99 n=608600 | e2e_local p50=24.19 p99=79.36 n=608600
[02:44:27] offered=   299959/s achieved=   300059/s shed=        0/s inflight=   114 | p50=   9.28 p99=   62.72 p999=   71.17 ms | push=10488600 pop=10476100 lag=12500 | errs push=0 pop=0 empty=0 gor=795 | ack=   289961/s ackErr=0 ackAvg=15.36ms | e2e p50=23.94 p99=158.72 p999=179.20 n=589600 | e2e_local p50=23.94 p99=158.72 n=589600
[02:44:29] offered=   300242/s achieved=   300442/s shed=        0/s inflight=   112 | p50=   8.77 p99=   36.61 p999=   41.22 ms | push=11089400 pop=11086200 lag=3200 | errs push=0 pop=0 empty=0 gor=790 | ack=   309094/s ackErr=0 ackAvg=15.23ms | e2e p50=23.42 p99=89.60 p999=120.32 n=610100 | e2e_local p50=23.42 p99=89.60 n=610100
[02:44:31] offered=   299903/s achieved=   300453/s shed=        0/s inflight=    97 | p50=   8.51 p99=   49.41 p999=   57.60 ms | push=11690300 pop=11687800 lag=2500 | errs push=0 pop=0 empty=0 gor=771 | ack=   302703/s ackErr=0 ackAvg=15.09ms | e2e p50=22.91 p99=81.41 p999=99.84 n=601600 | e2e_local p50=22.91 p99=81.41 n=601600
[02:44:33] offered=   299879/s achieved=   300179/s shed=        0/s inflight=    91 | p50=   7.33 p99=   29.06 p999=   34.56 ms | push=12290600 pop=12286000 lag=4600 | errs push=0 pop=0 empty=0 gor=764 | ack=   299078/s ackErr=0 ackAvg=14.82ms | e2e p50=19.58 p99=47.87 p999=52.99 n=598200 | e2e_local p50=19.58 p99=47.87 n=598200
[02:44:35] offered=   300265/s achieved=   299365/s shed=        0/s inflight=   109 | p50=   7.65 p99=   33.02 p999=   39.68 ms | push=12889500 pop=12887500 lag=2000 | errs push=0 pop=0 empty=0 gor=791 | ack=   298915/s ackErr=0 ackAvg=14.65ms | e2e p50=21.12 p99=54.53 p999=63.23 n=601500 | e2e_local p50=21.12 p99=54.53 n=601500
[02:44:37] offered=   299735/s achieved=   301535/s shed=        0/s inflight=    73 | p50=   8.38 p99=   36.10 p999=   41.73 ms | push=13492600 pop=13492400 lag=200 | errs push=0 pop=0 empty=0 gor=751 | ack=   302785/s ackErr=0 ackAvg=14.53ms | e2e p50=22.40 p99=60.16 p999=69.12 n=604900 | e2e_local p50=22.40 p99=60.16 n=604900
[02:44:39] offered=   300197/s achieved=   301897/s shed=        0/s inflight=    39 | p50=   8.51 p99=   40.19 p999=   45.82 ms | push=14096200 pop=14092400 lag=3800 | errs push=0 pop=0 empty=0 gor=722 | ack=   299547/s ackErr=0 ackAvg=14.47ms | e2e p50=23.17 p99=64.26 p999=76.29 n=600000 | e2e_local p50=23.17 p99=64.26 n=600000
[02:44:41] offered=   299925/s achieved=   298225/s shed=        0/s inflight=    74 | p50=   8.90 p99=   30.34 p999=   37.63 ms | push=14692800 pop=14689400 lag=3400 | errs push=0 pop=0 empty=0 gor=756 | ack=   298875/s ackErr=0 ackAvg=14.41ms | e2e p50=24.19 p99=55.04 p999=59.65 n=597000 | e2e_local p50=24.19 p99=55.04 n=597000
[02:44:43] offered=   299904/s achieved=   298754/s shed=        0/s inflight=    96 | p50=   9.02 p99=   46.34 p999=   54.02 ms | push=15290300 pop=15285600 lag=4700 | errs push=0 pop=0 empty=0 gor=780 | ack=   298154/s ackErr=0 ackAvg=14.36ms | e2e p50=23.68 p99=68.10 p999=80.38 n=596200 | e2e_local p50=23.68 p99=68.10 n=596200
[02:44:45] offered=   300317/s achieved=   300317/s shed=        0/s inflight=    96 | p50=   8.77 p99=   35.58 p999=   40.70 ms | push=15891100 pop=15885000 lag=6100 | errs push=0 pop=0 empty=0 gor=775 | ack=   297468/s ackErr=0 ackAvg=14.32ms | e2e p50=23.17 p99=60.67 p999=72.19 n=599400 | e2e_local p50=23.17 p99=60.67 n=599400
[02:44:47] offered=   299756/s achieved=   301407/s shed=        0/s inflight=    63 | p50=   8.51 p99=   38.66 p999=   48.90 ms | push=16493600 pop=16491700 lag=1900 | errs push=0 pop=0 empty=0 gor=743 | ack=   305709/s ackErr=0 ackAvg=14.24ms | e2e p50=22.66 p99=67.07 p999=73.22 n=606700 | e2e_local p50=22.66 p99=67.07 n=606700
[02:44:49] offered=   300029/s achieved=   301029/s shed=        0/s inflight=    44 | p50=   8.26 p99=   30.85 p999=   38.14 ms | push=17095900 pop=17093000 lag=2900 | errs push=0 pop=0 empty=0 gor=722 | ack=   301479/s ackErr=0 ackAvg=14.17ms | e2e p50=21.89 p99=52.99 p999=61.18 n=601300 | e2e_local p50=21.89 p99=52.99 n=601300
[02:44:51] offered=   299982/s achieved=   300232/s shed=        0/s inflight=    37 | p50=   9.54 p99=   33.02 p999=   39.17 ms | push=17696300 pop=17692900 lag=3400 | errs push=0 pop=0 empty=0 gor=714 | ack=   300482/s ackErr=0 ackAvg=14.15ms | e2e p50=25.22 p99=54.02 p999=60.16 n=599900 | e2e_local p50=25.22 p99=54.02 n=599900
[02:44:53] offered=   299955/s achieved=   298955/s shed=        0/s inflight=    58 | p50=   8.26 p99=   43.26 p999=   51.97 ms | push=18294100 pop=18290300 lag=3800 | errs push=0 pop=0 empty=0 gor=739 | ack=   297705/s ackErr=0 ackAvg=14.10ms | e2e p50=22.14 p99=71.17 p999=82.43 n=597400 | e2e_local p50=22.14 p99=71.17 n=597400
[02:44:55] offered=   300227/s achieved=   299577/s shed=        0/s inflight=    71 | p50=   7.65 p99=   34.56 p999=   40.19 ms | push=18893400 pop=18891800 lag=1600 | errs push=0 pop=0 empty=0 gor=753 | ack=   300777/s ackErr=0 ackAvg=14.02ms | e2e p50=21.38 p99=59.14 p999=68.10 n=601500 | e2e_local p50=21.38 p99=59.14 n=601500
[02:44:57] offered=   299765/s achieved=   302863/s shed=        0/s inflight=     8 | p50=   8.64 p99=   36.10 p999=   40.70 ms | push=19499600 pop=19494700 lag=4900 | errs push=0 pop=0 empty=0 gor=623 | ack=   302164/s ackErr=0 ackAvg=13.99ms | e2e p50=23.17 p99=60.67 p999=76.29 n=602900 | e2e_local p50=23.17 p99=60.67 n=602900
[drain] consumers keep going for 9.988s (lag now 2400)
[02:44:59] offered=        0/s achieved=      450/s shed=        0/s inflight=     0 | p50=   7.71 p99=    9.54 p999=    9.54 ms | push=19500500 pop=19500500 lag=0 | errs push=0 pop=0 empty=16 gor=605 | ack=     4503/s ackErr=0 ackAvg=13.99ms | e2e p50=21.38 p99=38.14 p999=38.14 n=5800 | e2e_local p50=21.38 p99=38.14 n=5800
[02:45:01] offered=        0/s achieved=        0/s shed=        0/s inflight=     0 | p50=   0.00 p99=    0.00 p999=    0.00 ms | push=19500500 pop=19500500 lag=0 | errs push=0 pop=0 empty=32 gor=605 | ack=        0/s ackErr=0 ackAvg=13.99ms | e2e p50=0.00 p99=0.00 p999=0.00 n=0 | e2e_local p50=0.00 p99=0.00 n=0
[02:45:03] offered=        0/s achieved=        0/s shed=        0/s inflight=     0 | p50=   0.00 p99=    0.00 p999=    0.00 ms | push=19500500 pop=19500500 lag=0 | errs push=0 pop=0 empty=48 gor=605 | ack=        0/s ackErr=0 ackAvg=13.99ms | e2e p50=0.00 p99=0.00 p999=0.00 n=0 | e2e_local p50=0.00 p99=0.00 n=0
[02:45:05] offered=        0/s achieved=        0/s shed=        0/s inflight=     0 | p50=   0.00 p99=    0.00 p999=    0.00 ms | push=19500500 pop=19500500 lag=0 | errs push=0 pop=0 empty=64 gor=605 | ack=        0/s ackErr=0 ackAvg=13.99ms | e2e p50=0.00 p99=0.00 p999=0.00 n=0 | e2e_local p50=0.00 p99=0.00 n=0
[02:45:07] offered=        0/s achieved=        0/s shed=        0/s inflight=     0 | p50=   0.00 p99=    0.00 p999=    0.00 ms | push=19500500 pop=19500500 lag=0 | errs push=0 pop=0 empty=80 gor=605 | ack=        0/s ackErr=0 ackAvg=13.99ms | e2e p50=0.00 p99=0.00 p999=0.00 n=0 | e2e_local p50=0.00 p99=0.00 n=0
[info] steady window 60s (after the ramp, before the producers stopped): offered 299999/s pushed 300026/s popped 300202/s cpu 361.7% = 1.21 cores per 100k msg/s (produce+consume)
[final] offered=195005 achieved=195005 shed=0 (msgs: offered=19500500 achieved=19500500 shed=0) pushErr=0 | pushed=19500500 popped=19500500 lag=0 | popErr=0 empty=80 | overall p50=9.02 p99=64.77 p999=87.55 ms | acked=19500500 ackErr=0 ackLag=0 ackAvg=13.99ms | e2e p50=24.19 p99=2473.98 p999=4177.92 ms
load_cpu=295.6%
