qload tag=1x200-t100-9k-p4 loader=4/9 mode=batch rate=1000 msg/s batch=10 batch-max=0 max-inflight=5000 ramp=10s duration=1m10s report=10s drain=1m0s GOMAXPROCS=16 GOGC=400 seed=1790880718043906895
  offered: 1000 msg/s = 100.0 units/s (avg 10.0 msgs/unit) across 3 pacer workers (33.33 units/s each)
  topics: 1 x 200 partitions (x1x200-t100-9k..x1x200-t100-9k), entities/topic=0 (explicit partition) | picker: topics=rr entities: rr over space=200 starting at 88
  payload: goload jsonEvent target 256 B, avg 289.8 B raw, ~320 B stamped ({"ts":µs,"src":4,...}), pool 64x10
  consumers: 22 here (ci 88..109 of 198), poll=1000 proc-us=0 ack=async ack-inflight=256 local-src=[3 4 5]
  queen: url=http://10.114.0.3:6632 (of 3) conns=2048 timeout=30s pop-width=10 pop-batch=1000 pop-timeout=2s lease=10s | configure: leaseTime=30 completedRetention=3600 dedup=0 retryLimit=1000000 | txn: x1x200-t100-9k-in -> workers (txn-size 100, linger 3s, one /transaction = acks with leases + pushes) -> x1x200-t100-9k-out, 22 read-committed readers
  [queen] http://10.114.0.3:6632 healthy: version 2.0.0-beta.2, this node follower
  [txn] 22 workers (ci 88..109 of 198): x1x200-t100-9k-in -> x1x200-t100-9k-out, txn-size 100, linger 3s, pop width 10, lease 10s
  [consume] 22 consumers of x1x200-t100-9k-out: pop width 10, batch 1000, long poll 2s, lease 10s, async batch acks (ack-inflight 256)
READY 1790880981036
[start] waiting 9.363s for the common start 1790880993408
[start] GO 18:56:33.408 (unix ms 1790880993408)
[18:56:43] offered=      500/s achieved=      499/s shed=        0/s inflight=     1 | p50=   2.45 p99=    3.70 p999=    4.19 ms | push=4990 pop=3860 lag=1130 | errs push=0 pop=0 empty=248 gor=155 | ack=      386/s ackErr=0 ackAvg=4.63ms | e2e p50=1449.98 p99=4489.22 p999=5013.50 n=3860 | e2e_local p50=1335.30 p99=4423.68 n=1200
[txn] 18:56:43 txn=       4/s msgs=      315/s avg= 80.77 msg/txn | commit p50=4.13 p99=6.11 p999=6.11 ms | aborts=0 errs=0 open=1 | in=      356/s | total txns=39 msgs=3150 aborts=0 errs=0
[err pop-in #1] 18:56:52.599 HTTP 503: {"error":"the request deadline elapsed","code":"timeout"}
[18:56:53] offered=     1000/s achieved=     1001/s shed=        0/s inflight=     0 | p50=   2.45 p99=    5.98 p999=    9.79 ms | push=15000 pop=13700 lag=1300 | errs push=0 pop=0 empty=314 gor=160 | ack=      984/s ackErr=0 ackAvg=5.66ms | e2e p50=1630.21 p99=3784.70 p999=4751.36 n=9840 | e2e_local p50=1646.59 p99=3948.54 n=3100
[txn] 18:56:53 txn=      13/s msgs=     1069/s avg= 83.52 msg/txn | commit p50=6.50 p99=13.12 p999=13.25 ms | aborts=0 errs=0 open=0 | in=     1061/s | total txns=167 msgs=13840 aborts=0 errs=0
[err pop-in #2] 18:57:01.839 HTTP 503: {"error":"the request deadline elapsed","code":"timeout"}
[18:57:03] offered=      999/s achieved=      999/s shed=        0/s inflight=     0 | p50=   2.45 p99=    6.56 p999=   11.84 ms | push=24990 pop=21930 lag=3060 | errs push=0 pop=0 empty=380 gor=160 | ack=      823/s ackErr=0 ackAvg=5.94ms | e2e p50=1449.98 p99=3522.56 p999=4145.15 n=8230 | e2e_local p50=1466.37 p99=3293.18 n=2690
[txn] 18:57:03 txn=      11/s msgs=      871/s avg= 79.91 msg/txn | commit p50=7.90 p99=14.78 p999=15.04 ms | aborts=0 errs=0 open=0 | in=      876/s | total txns=276 msgs=22550 aborts=0 errs=0
[err pop-in #3] 18:57:04.924 HTTP 503: {"error":"the request deadline elapsed","code":"timeout"}
[err pop-in #4] 18:57:07.980 HTTP 503: {"error":"the request deadline elapsed","code":"timeout"}
[err pop-in #5] 18:57:08.033 HTTP 503: {"error":"the request deadline elapsed","code":"timeout"}
[18:57:13] offered=     1001/s achieved=     1000/s shed=        0/s inflight=     1 | p50=   2.48 p99=    7.26 p999=   12.86 ms | push=34990 pop=32200 lag=2790 | errs push=0 pop=0 empty=468 gor=161 | ack=     1027/s ackErr=0 ackAvg=6.38ms | e2e p50=1482.75 p99=3391.49 p999=4112.38 n=10270 | e2e_local p50=1286.14 p99=3850.24 n=3440
[txn] 18:57:13 txn=      11/s msgs=      825/s avg= 75.69 msg/txn | commit p50=8.38 p99=16.77 p999=16.77 ms | aborts=0 errs=0 open=0 | in=      819/s | total txns=385 msgs=30800 aborts=0 errs=0
[18:57:23] offered=     1000/s achieved=     1001/s shed=        0/s inflight=     0 | p50=   2.48 p99=    5.98 p999=   12.61 ms | push=45000 pop=44110 lag=890 | errs push=0 pop=0 empty=536 gor=160 | ack=     1191/s ackErr=0 ackAvg=6.75ms | e2e p50=1695.74 p99=3588.10 p999=4046.85 n=11910 | e2e_local p50=1728.51 p99=3588.10 n=4000
[txn] 18:57:23 txn=      11/s msgs=      814/s avg= 72.68 msg/txn | commit p50=8.10 p99=15.94 p999=17.02 ms | aborts=0 errs=0 open=3 | in=      827/s | total txns=497 msgs=38940 aborts=0 errs=0
[18:57:33] offered=      999/s achieved=      999/s shed=        0/s inflight=     0 | p50=   2.51 p99=    8.03 p999=   12.99 ms | push=54990 pop=54820 lag=170 | errs push=0 pop=0 empty=606 gor=160 | ack=     1071/s ackErr=0 ackAvg=7.10ms | e2e p50=1712.13 p99=3850.24 p999=4358.14 n=10710 | e2e_local p50=1712.13 p99=3588.10 n=3450
[txn] 18:57:33 txn=      14/s msgs=     1113/s avg= 77.83 msg/txn | commit p50=8.26 p99=16.32 p999=17.02 ms | aborts=0 errs=0 open=0 | in=     1127/s | total txns=640 msgs=50070 aborts=0 errs=0
[18:57:43] offered=     1001/s achieved=     1000/s shed=        0/s inflight=     1 | p50=   2.51 p99=    6.11 p999=   10.94 ms | push=64990 pop=64320 lag=670 | errs push=0 pop=0 empty=672 gor=158 | ack=      950/s ackErr=0 ackAvg=7.21ms | e2e p50=1564.67 p99=3620.86 p999=4947.97 n=9500 | e2e_local p50=1564.67 p99=3391.49 n=3010
[txn] 18:57:43 txn=      12/s msgs=      984/s avg= 81.32 msg/txn | commit p50=7.14 p99=15.55 p999=16.77 ms | aborts=0 errs=0 open=0 | in=      949/s | total txns=761 msgs=59910 aborts=0 errs=0
[drain] workers and readers keep going for up to 59.994s (ends early after 3s idle; lag now 680)
[drain] idle for 3s after 7.8s: ending the drain (lag -150)
[info] steady window 60s (after the ramp, before the producers stopped): offered 1000/s pushed 1000/s popped 1008/s cpu 13.3% = 13.32 cores per 100k msg/s (produce+consume)
[info] errors pop-in=5 first: HTTP 503: {"error":"the request deadline elapsed","code":"timeout"}
[final] offered=6500 achieved=6500 shed=0 (msgs: offered=65000 achieved=65000 shed=0) pushErr=0 | pushed=65000 popped=65150 lag=-150 | popErr=0 empty=779 | overall p50=2.48 p99=6.43 p999=12.35 ms | acked=65150 ackErr=0 ackLag=-150 ackAvg=7.11ms | e2e p50=1613.82 p99=3751.94 p999=5013.50 ms
load_cpu=10.2%
[txn-final] txns=792 msgs=61800 aborts=0 errs=0 in=61800 avg=78.03 msg/txn | commit p50=7.46 p99=16.32 p999=17.02 max=17.02 ms
[ids] ledger /root/bench/runs/txn/queen/1x200-t100-9k/ids/p4.ids: 65000 confirmed, 0 failed, 0 unanswered
