kload tag=1x200-300k-p6 loader=6/9 mode=batch rate=33333 msg/s batch=100 batch-max=0 max-inflight=5000 ramp=10s duration=1m10s report=10s drain=0s GOMAXPROCS=16 GOGC=400 seed=1790753019919857863
  offered: 33333 msg/s = 333.3 units/s (avg 100.0 msgs/unit) across 7 pacer workers (47.62 units/s each)
  topics: 1 x 200 partitions (k1x200-300k..k1x200-300k), entities/topic=0 (explicit partition) | picker: topics=rr entities: rr over space=200 starting at 133
  payload: goload jsonEvent target 256 B, avg 289.5 B raw, ~320 B stamped ({"ts":µs,"src":6,...}), pool 64x100
  consumers: 22 here (ci 132..153 of 198), poll=1000 proc-us=0 ack=async ack-inflight=256 local-src=[6 7 8]
  kafka: brokers=10.114.0.2:9092,10.114.0.3:9092,10.114.0.4:9092 rf=3 min-isr=2 producers=4 linger=5ms compression=lz4 acks=all idempotent batch-max-bytes=1048576 | consumers: protocol=consumer fetch-max-wait=500ms fetch-min-bytes=1 fetch-max-partition-bytes=1048576 session=45s
  [topic] READY after 0.0s: 1 topics x 200 partitions, leaders + full ISR
  [config] broker.compression.type = producer (STATIC_BROKER_CONFIG)
  [config] broker.default.replication.factor = 3 (STATIC_BROKER_CONFIG)
  [config] broker.group.consumer.assignors = uniform,range (DEFAULT_CONFIG)
  [config] broker.group.coordinator.rebalance.protocols = classic,consumer,streams (DEFAULT_CONFIG)
  [config] broker.group.initial.rebalance.delay.ms = 3000 (DEFAULT_CONFIG)
  [config] broker.log.flush.interval.messages = 9223372036854775807 (DEFAULT_CONFIG)
  [config] broker.log.flush.interval.ms = <nil> (DEFAULT_CONFIG)
  [config] broker.max.incremental.fetch.session.cache.slots = 4000 (STATIC_BROKER_CONFIG)
  [config] broker.min.insync.replicas = 2 (DYNAMIC_DEFAULT_BROKER_CONFIG)
  [config] broker.num.io.threads = 16 (STATIC_BROKER_CONFIG)
  [config] broker.num.network.threads = 8 (STATIC_BROKER_CONFIG)
  [config] broker.num.replica.fetchers = 4 (STATIC_BROKER_CONFIG)
  [config] topic.compression.type = producer (STATIC_BROKER_CONFIG)
  [config] topic.flush.messages = 9223372036854775807 (DEFAULT_CONFIG)
  [config] topic.flush.ms = 9223372036854775807 (DEFAULT_CONFIG)
  [config] topic.max.message.bytes = 1048588 (DEFAULT_CONFIG)
  [config] topic.message.timestamp.type = CreateTime (DEFAULT_CONFIG)
  [config] topic.min.insync.replicas = 2 (DYNAMIC_TOPIC_CONFIG)
  [config] topic.retention.ms = 600000 (DYNAMIC_TOPIC_CONFIG)
  [config] topic.segment.bytes = 268435456 (DYNAMIC_TOPIC_CONFIG)
  [config] topic.unclean.leader.election.enable = false (STATIC_BROKER_CONFIG)
  [group] 22 consumers in 1 groups (k1x200-300k-g-t0 ... ), protocol consumer
  [group] t=+0.0s waiting: k1x200-300k-g-t0: local members 22/198 hold 0/200 partitions (group-wide ? members=0 assigned=0)
  [group] t=+2.0s waiting: k1x200-300k-g-t0: local members 22/198 hold 200/200 partitions (group-wide Assigning members=198 assigned=200)
  [group] t=+4.0s waiting: k1x200-300k-g-t0: local members 22/198 hold 200/200 partitions (group-wide Assigning members=198 assigned=200)
  [group] t=+6.0s waiting: k1x200-300k-g-t0: local members 22/198 hold 2/200 partitions (group-wide Reconciling members=198 assigned=2)
  [group] t=+8.1s waiting: k1x200-300k-g-t0: local members 22/198 hold 2/200 partitions (group-wide Reconciling members=198 assigned=2)
  [group] t=+10.1s waiting: k1x200-300k-g-t0: local members 22/198 hold 2/200 partitions (group-wide Reconciling members=198 assigned=2)
  [group] t=+12.1s waiting: k1x200-300k-g-t0: local members 22/198 hold 23/200 partitions (group-wide Stable members=198 assigned=200)
  [group] STABLE after 14.1s: 1 groups, 22 local members holding 23 partitions, assignEv=44 revokeEv=1 lostEv=0
  [produce] 4 clients connected to every broker with producer IDs in 0.30s; max buffered 501024 records per client
READY 1790753036383
[start] waiting 3.967s for the common start 1790753048880
[start] GO 07:24:08.880 (unix ms 1790753048880)
[07:24:18] offered=    16660/s achieved=    16640/s shed=        0/s inflight=     3 | p50=   8.26 p99=   14.27 p999=   65.28 ms | push=166400 pop=172300 lag=-5900 | errs push=0 pop=0 empty=0 gor=223 | ack=    17230/s ackErr=0 ackAvg=2.19ms | e2e p50=10.05 p99=25.98 p999=70.14 n=172300 | e2e_local p50=8.38 p99=16.19 n=57400
[07:24:28] offered=    33333/s achieved=    33323/s shed=        0/s inflight=     1 | p50=   8.03 p99=    9.66 p999=   11.33 ms | push=499600 pop=517300 lag=-17700 | errs push=0 pop=0 empty=0 gor=229 | ack=    34483/s ackErr=0 ackAvg=2.04ms | e2e p50=9.66 p99=21.63 p999=23.68 n=345000 | e2e_local p50=8.16 p99=9.79 n=115100
[07:24:38] offered=    33339/s achieved=    33349/s shed=        0/s inflight=     2 | p50=   7.97 p99=    9.66 p999=   10.30 ms | push=833100 pop=862200 lag=-29100 | errs push=0 pop=0 empty=0 gor=226 | ack=    34499/s ackErr=0 ackAvg=2.01ms | e2e p50=9.66 p99=21.63 p999=22.14 n=344900 | e2e_local p50=8.03 p99=9.79 n=115700
[07:24:48] offered=    33338/s achieved=    33328/s shed=        0/s inflight=     3 | p50=   7.97 p99=   10.56 p999=   37.63 ms | push=1166400 pop=1207200 lag=-40800 | errs push=0 pop=0 empty=0 gor=228 | ack=    34498/s ackErr=0 ackAvg=2.01ms | e2e p50=9.79 p99=22.40 p999=42.24 n=345000 | e2e_local p50=8.03 p99=9.92 n=114200
[07:24:58] offered=    33322/s achieved=    33342/s shed=        0/s inflight=     1 | p50=   7.97 p99=    9.66 p999=   10.82 ms | push=1499800 pop=1552100 lag=-52300 | errs push=0 pop=0 empty=0 gor=228 | ack=    34492/s ackErr=0 ackAvg=2.00ms | e2e p50=9.92 p99=21.89 p999=22.66 n=345000 | e2e_local p50=8.03 p99=9.54 n=115000
[07:25:08] offered=    33337/s achieved=    33327/s shed=        0/s inflight=     2 | p50=   7.97 p99=   10.05 p999=   30.08 ms | push=1833100 pop=1897100 lag=-64000 | errs push=0 pop=0 empty=0 gor=223 | ack=    34507/s ackErr=0 ackAvg=2.00ms | e2e p50=9.92 p99=22.40 p999=40.70 n=344900 | e2e_local p50=8.03 p99=9.66 n=115800
[07:25:18] offered=    33331/s achieved=    33321/s shed=        0/s inflight=     3 | p50=   7.97 p99=    9.79 p999=   22.40 ms | push=2166300 pop=2242100 lag=-75800 | errs push=0 pop=0 empty=0 gor=218 | ack=    34501/s ackErr=0 ackAvg=1.99ms | e2e p50=10.05 p99=22.66 p999=27.78 n=345000 | e2e_local p50=8.03 p99=9.66 n=114100
[info] steady window 60s (after the ramp, before the producers stopped): offered 33333/s pushed 33332/s popped 34497/s cpu 32.1% = 0.96 cores per 100k msg/s (produce+consume)
[final] offered=21666 achieved=21666 shed=0 (msgs: offered=2166600 achieved=2166600 shed=0) pushErr=0 | pushed=2166600 popped=2242500 lag=-75900 | popErr=0 empty=0 | overall p50=7.97 p99=9.92 p999=28.03 ms | acked=2242500 ackErr=0 ackLag=-75900 ackAvg=1.99ms | e2e p50=9.79 p99=22.14 p999=37.12 ms
load_cpu=22.3%
