kload tag=1x200-300k-p7 loader=7/9 mode=batch rate=33333 msg/s batch=100 batch-max=0 max-inflight=5000 ramp=10s duration=1m10s report=10s drain=0s GOMAXPROCS=16 GOGC=400 seed=1790753019918860272
  offered: 33333 msg/s = 333.3 units/s (avg 100.0 msgs/unit) across 7 pacer workers (47.62 units/s each)
  topics: 1 x 200 partitions (k1x200-300k..k1x200-300k), entities/topic=0 (explicit partition) | picker: topics=rr entities: rr over space=200 starting at 155
  payload: goload jsonEvent target 256 B, avg 289.5 B raw, ~320 B stamped ({"ts":µs,"src":7,...}), pool 64x100
  consumers: 22 here (ci 154..175 of 198), poll=1000 proc-us=0 ack=async ack-inflight=256 local-src=[6 7 8]
  kafka: brokers=10.114.0.2:9092,10.114.0.3:9092,10.114.0.4:9092 rf=3 min-isr=2 producers=4 linger=5ms compression=lz4 acks=all idempotent batch-max-bytes=1048576 | consumers: protocol=consumer fetch-max-wait=500ms fetch-min-bytes=1 fetch-max-partition-bytes=1048576 session=45s
  [topic] READY after 0.0s: 1 topics x 200 partitions, leaders + full ISR
  [config] broker.compression.type = producer (STATIC_BROKER_CONFIG)
  [config] broker.default.replication.factor = 3 (STATIC_BROKER_CONFIG)
  [config] broker.group.consumer.assignors = uniform,range (DEFAULT_CONFIG)
  [config] broker.group.coordinator.rebalance.protocols = classic,consumer,streams (DEFAULT_CONFIG)
  [config] broker.group.initial.rebalance.delay.ms = 3000 (DEFAULT_CONFIG)
  [config] broker.log.flush.interval.messages = 9223372036854775807 (DEFAULT_CONFIG)
  [config] broker.log.flush.interval.ms = <nil> (DEFAULT_CONFIG)
  [config] broker.max.incremental.fetch.session.cache.slots = 4000 (STATIC_BROKER_CONFIG)
  [config] broker.min.insync.replicas = 2 (DYNAMIC_DEFAULT_BROKER_CONFIG)
  [config] broker.num.io.threads = 16 (STATIC_BROKER_CONFIG)
  [config] broker.num.network.threads = 8 (STATIC_BROKER_CONFIG)
  [config] broker.num.replica.fetchers = 4 (STATIC_BROKER_CONFIG)
  [config] topic.compression.type = producer (STATIC_BROKER_CONFIG)
  [config] topic.flush.messages = 9223372036854775807 (DEFAULT_CONFIG)
  [config] topic.flush.ms = 9223372036854775807 (DEFAULT_CONFIG)
  [config] topic.max.message.bytes = 1048588 (DEFAULT_CONFIG)
  [config] topic.message.timestamp.type = CreateTime (DEFAULT_CONFIG)
  [config] topic.min.insync.replicas = 2 (DYNAMIC_TOPIC_CONFIG)
  [config] topic.retention.ms = 600000 (DYNAMIC_TOPIC_CONFIG)
  [config] topic.segment.bytes = 268435456 (DYNAMIC_TOPIC_CONFIG)
  [config] topic.unclean.leader.election.enable = false (STATIC_BROKER_CONFIG)
  [group] 22 consumers in 1 groups (k1x200-300k-g-t0 ... ), protocol consumer
  [group] t=+0.0s waiting: k1x200-300k-g-t0: local members 22/198 hold 0/200 partitions (group-wide ? members=0 assigned=0)
  [group] t=+2.0s waiting: k1x200-300k-g-t0: local members 22/198 hold 0/200 partitions (group-wide Assigning members=198 assigned=200)
  [group] t=+4.0s waiting: k1x200-300k-g-t0: local members 22/198 hold 0/200 partitions (group-wide Assigning members=198 assigned=200)
  [group] t=+6.0s waiting: k1x200-300k-g-t0: local members 22/198 hold 0/200 partitions (group-wide Reconciling members=198 assigned=2)
  [group] t=+8.0s waiting: k1x200-300k-g-t0: local members 22/198 hold 0/200 partitions (group-wide Reconciling members=198 assigned=2)
  [group] t=+10.0s waiting: k1x200-300k-g-t0: local members 22/198 hold 0/200 partitions (group-wide Reconciling members=198 assigned=2)
  [group] t=+12.1s waiting: k1x200-300k-g-t0: local members 22/198 hold 22/200 partitions (group-wide Stable members=198 assigned=200)
  [group] STABLE after 14.1s: 1 groups, 22 local members holding 22 partitions, assignEv=44 revokeEv=0 lostEv=0
  [produce] 4 clients connected to every broker with producer IDs in 0.29s; max buffered 501024 records per client
READY 1790753036366
[start] waiting 3.98s for the common start 1790753048880
[start] GO 07:24:08.880 (unix ms 1790753048880)
[07:24:18] offered=    16671/s achieved=    16641/s shed=        0/s inflight=     3 | p50=   8.26 p99=   15.04 p999=   66.05 ms | push=166400 pop=164900 lag=1500 | errs push=0 pop=0 empty=0 gor=224 | ack=    16481/s ackErr=0 ackAvg=2.13ms | e2e p50=10.05 p99=26.24 p999=71.17 n=164900 | e2e_local p50=8.38 p99=14.27 n=54200
[07:24:28] offered=    33330/s achieved=    33330/s shed=        0/s inflight=     2 | p50=   7.97 p99=    9.41 p999=   11.07 ms | push=499700 pop=494800 lag=4900 | errs push=0 pop=0 empty=0 gor=227 | ack=    32980/s ackErr=0 ackAvg=1.98ms | e2e p50=9.66 p99=21.63 p999=23.42 n=329900 | e2e_local p50=8.16 p99=9.92 n=110700
[07:24:38] offered=    33350/s achieved=    33340/s shed=        0/s inflight=     4 | p50=   7.90 p99=    9.41 p999=   10.30 ms | push=833100 pop=824800 lag=8300 | errs push=0 pop=0 empty=0 gor=224 | ack=    33010/s ackErr=0 ackAvg=1.95ms | e2e p50=9.66 p99=21.63 p999=22.14 n=330000 | e2e_local p50=8.10 p99=9.54 n=110300
[07:24:48] offered=    33319/s achieved=    33329/s shed=        0/s inflight=     3 | p50=   7.90 p99=   10.94 p999=   42.75 ms | push=1166400 pop=1154700 lag=11700 | errs push=0 pop=0 empty=0 gor=230 | ack=    32999/s ackErr=0 ackAvg=1.95ms | e2e p50=9.79 p99=22.14 p999=46.34 n=330000 | e2e_local p50=8.10 p99=9.79 n=109000
[07:24:58] offered=    33321/s achieved=    33351/s shed=        0/s inflight=     0 | p50=   7.90 p99=    9.41 p999=   11.97 ms | push=1499900 pop=1484700 lag=15200 | errs push=0 pop=0 empty=0 gor=227 | ack=    32981/s ackErr=0 ackAvg=1.94ms | e2e p50=9.79 p99=21.89 p999=22.91 n=330000 | e2e_local p50=8.03 p99=9.66 n=110700
[07:25:08] offered=    33338/s achieved=    33318/s shed=        0/s inflight=     3 | p50=   7.90 p99=    9.54 p999=   29.82 ms | push=1833100 pop=1814700 lag=18400 | errs push=0 pop=0 empty=0 gor=221 | ack=    33018/s ackErr=0 ackAvg=1.94ms | e2e p50=9.92 p99=22.40 p999=39.68 n=329900 | e2e_local p50=8.10 p99=10.18 n=110300
[07:25:18] offered=    33328/s achieved=    33318/s shed=        0/s inflight=     1 | p50=   7.90 p99=    9.79 p999=   17.79 ms | push=2166300 pop=2144900 lag=21400 | errs push=0 pop=0 empty=0 gor=220 | ack=    32998/s ackErr=0 ackAvg=1.93ms | e2e p50=10.05 p99=22.66 p999=26.24 n=330200 | e2e_local p50=8.03 p99=10.18 n=109000
[info] steady window 60s (after the ramp, before the producers stopped): offered 33331/s pushed 33331/s popped 32999/s cpu 30.8% = 0.92 cores per 100k msg/s (produce+consume)
[final] offered=21666 achieved=21666 shed=0 (msgs: offered=2166600 achieved=2166600 shed=0) pushErr=0 | pushed=2166600 popped=2145000 lag=21600 | popErr=0 empty=0 | overall p50=7.97 p99=9.79 p999=27.78 ms | acked=2145000 ackErr=0 ackLag=21600 ackAvg=1.93ms | e2e p50=9.79 p99=22.14 p999=35.58 ms
load_cpu=21.5%
