kload tag=c3-1x10k-1000k-p3 loader=3/9 mode=batch rate=111111 msg/s batch=100 batch-max=0 max-inflight=5000 ramp=10s duration=1m10s report=10s drain=0s GOMAXPROCS=16 GOGC=400 seed=1790895083960755213
  offered: 111111 msg/s = 1111.1 units/s (avg 100.0 msgs/unit) across 23 pacer workers (48.31 units/s each)
  topics: 1 x 10000 partitions (kc3-1x10k-1000k..kc3-1x10k-1000k), entities/topic=0 (explicit partition) | picker: topics=rr entities: rr over space=10000 starting at 3333
  payload: goload jsonEvent target 256 B, avg 289.5 B raw, ~320 B stamped ({"ts":µs,"src":3,...}), pool 64x100
  consumers: 33 here (ci 99..131 of 297), poll=1000 proc-us=0 ack=async ack-inflight=256 local-src=[3 4 5]
  kafka: brokers=10.114.0.2:9092,10.114.0.3:9092,10.114.0.4:9092 rf=3 min-isr=2 producers=4 linger=5ms compression=lz4 acks=all idempotent batch-max-bytes=1048576 | consumers: protocol=classic fetch-max-wait=500ms fetch-min-bytes=1 fetch-max-partition-bytes=1048576 session=45s
  [topic] READY after 0.0s: 1 topics x 10000 partitions, leaders + full ISR
  [config] broker.compression.type = producer (DEFAULT_CONFIG)
  [config] broker.group.initial.rebalance.delay.ms = 3000 (STATIC_BROKER_CONFIG)
  [config] topic.min.insync.replicas = 1 (DYNAMIC_TOPIC_CONFIG)
  [config] topic.retention.ms = 600000 (DYNAMIC_TOPIC_CONFIG)
  [group] 33 consumers in 1 groups (kc3-1x10k-1000k-g-t0 ... ), protocol classic
  [group] t=+0.0s waiting: kc3-1x10k-1000k-g-t0: local members 33/297 hold 0/10000 partitions (group-wide Dead members=0 assigned=0)
  [group] t=+2.0s waiting: kc3-1x10k-1000k-g-t0: local members 33/297 hold 0/10000 partitions (group-wide PreparingRebalance members=297 assigned=0)
  [group] t=+4.1s waiting: kc3-1x10k-1000k-g-t0: local members 33/297 hold 0/10000 partitions (group-wide PreparingRebalance members=297 assigned=0)
  [group] t=+6.1s waiting: kc3-1x10k-1000k-g-t0: local members 33/297 hold 1103/10000 partitions (group-wide Stable members=297 assigned=10000)
  [group] t=+8.2s waiting: kc3-1x10k-1000k-g-t0: local members 33/297 hold 1103/10000 partitions (group-wide Stable members=297 assigned=10000)
  [group] STABLE after 9.2s: 1 groups, 33 local members holding 1103 partitions, assignEv=33 revokeEv=0 lostEv=0
  [produce] 4 clients connected to every broker with producer IDs in 0.01s; max buffered 501024 records per client
READY 1790895336749
[start] waiting 9.311s for the common start 1790895352783
[start] GO 22:55:52.783 (unix ms 1790895352783)
[22:56:02] offered=    55531/s achieved=    55231/s shed=        0/s inflight=    24 | p50=  14.14 p99=   52.99 p999=   74.24 ms | push=552300 pop=547800 lag=4500 | errs push=0 pop=0 empty=0 gor=707 | ack=    53241/s ackErr=0 ackAvg=22.92ms | e2e p50=14.53 p99=54.02 p999=73.22 n=547800 | e2e_local p50=15.17 p99=52.48 n=182100
[22:56:12] offered=   111122/s achieved=   111192/s shed=        0/s inflight=    25 | p50=  25.98 p99=   91.65 p999=  109.06 ms | push=1664300 pop=1649900 lag=14400 | errs push=0 pop=0 empty=0 gor=751 | ack=   107762/s ackErr=0 ackAvg=186.82ms | e2e p50=42.24 p99=150.53 p999=189.44 n=1102100 | e2e_local p50=42.24 p99=158.72 n=366400
[22:56:22] offered=   111117/s achieved=   111147/s shed=        0/s inflight=    22 | p50=  23.68 p99=   86.53 p999=  114.18 ms | push=2775700 pop=2752174 lag=23526 | errs push=0 pop=0 empty=0 gor=752 | ack=   110408/s ackErr=0 ackAvg=224.94ms | e2e p50=37.12 p99=144.38 p999=181.25 n=1102274 | e2e_local p50=38.14 p99=144.38 n=367900
[22:56:32] offered=   111115/s achieved=   111145/s shed=        0/s inflight=    18 | p50=  23.17 p99=   70.14 p999=   85.50 ms | push=3887200 pop=3856500 lag=30700 | errs push=0 pop=0 empty=0 gor=754 | ack=   110525/s ackErr=0 ackAvg=240.80ms | e2e p50=37.63 p99=127.49 p999=156.67 n=1104326 | e2e_local p50=37.63 p99=130.56 n=368900
[22:56:42] offered=   111115/s achieved=   111025/s shed=        0/s inflight=    26 | p50=  25.73 p99=   79.36 p999=   96.77 ms | push=4997400 pop=4957000 lag=40400 | errs push=0 pop=0 empty=0 gor=751 | ack=   109975/s ackErr=0 ackAvg=252.74ms | e2e p50=43.26 p99=140.29 p999=171.01 n=1100500 | e2e_local p50=42.75 p99=136.19 n=366400
[22:56:52] offered=   111088/s achieved=   110888/s shed=        0/s inflight=    49 | p50=  23.94 p99=   71.17 p999=   99.84 ms | push=6106300 pop=6059700 lag=46600 | errs push=0 pop=0 empty=0 gor=774 | ack=   109808/s ackErr=0 ackAvg=258.55ms | e2e p50=39.68 p99=128.51 p999=152.58 n=1102700 | e2e_local p50=39.68 p99=128.51 n=367500
[22:57:02] offered=   111129/s achieved=   109639/s shed=        0/s inflight=   195 | p50=  26.50 p99=  544.77 p999=  716.80 ms | push=7202700 pop=7137300 lag=65400 | errs push=0 pop=0 empty=0 gor=713 | ack=   108299/s ackErr=0 ackAvg=265.72ms | e2e p50=45.31 p99=528.38 p999=757.76 n=1077600 | e2e_local p50=45.82 p99=428.03 n=359600
[info] steady window 60s (after the ramp, before the producers stopped): offered 111115/s pushed 110840/s popped 109825/s cpu 99.0% = 0.89 cores per 100k msg/s (produce+consume)
[info] 1103 warm-up messages (no "ts") received and not counted as load
[final] offered=72222 achieved=72222 shed=0 (msgs: offered=7222200 achieved=7222200 shed=0) pushErr=0 | pushed=7222200 popped=7162700 lag=59500 | popErr=0 empty=0 | overall p50=23.68 p99=95.74 p999=593.92 ms | acked=7149000 ackErr=0 ackLag=73200 ackAvg=267.24ms | e2e p50=38.14 p99=156.67 p999=667.65 ms
load_cpu=72.2%
