kload tag=c3-1x10k-1000k-p5 loader=5/9 mode=batch rate=111111 msg/s batch=100 batch-max=0 max-inflight=5000 ramp=10s duration=1m10s report=10s drain=0s GOMAXPROCS=16 GOGC=400 seed=1790895083955330082
  offered: 111111 msg/s = 1111.1 units/s (avg 100.0 msgs/unit) across 23 pacer workers (48.31 units/s each)
  topics: 1 x 10000 partitions (kc3-1x10k-1000k..kc3-1x10k-1000k), entities/topic=0 (explicit partition) | picker: topics=rr entities: rr over space=10000 starting at 5555
  payload: goload jsonEvent target 256 B, avg 289.5 B raw, ~319 B stamped ({"ts":µs,"src":5,...}), pool 64x100
  consumers: 33 here (ci 165..197 of 297), poll=1000 proc-us=0 ack=async ack-inflight=256 local-src=[3 4 5]
  kafka: brokers=10.114.0.2:9092,10.114.0.3:9092,10.114.0.4:9092 rf=3 min-isr=2 producers=4 linger=5ms compression=lz4 acks=all idempotent batch-max-bytes=1048576 | consumers: protocol=classic fetch-max-wait=500ms fetch-min-bytes=1 fetch-max-partition-bytes=1048576 session=45s
  [topic] READY after 0.0s: 1 topics x 10000 partitions, leaders + full ISR
  [config] broker.compression.type = producer (DEFAULT_CONFIG)
  [config] broker.group.initial.rebalance.delay.ms = 3000 (STATIC_BROKER_CONFIG)
  [config] topic.min.insync.replicas = 1 (DYNAMIC_TOPIC_CONFIG)
  [config] topic.retention.ms = 600000 (DYNAMIC_TOPIC_CONFIG)
  [group] 33 consumers in 1 groups (kc3-1x10k-1000k-g-t0 ... ), protocol classic
  [group] t=+0.0s waiting: kc3-1x10k-1000k-g-t0: local members 33/297 hold 0/10000 partitions (group-wide Dead members=0 assigned=0)
  [group] t=+2.0s waiting: kc3-1x10k-1000k-g-t0: local members 33/297 hold 0/10000 partitions (group-wide PreparingRebalance members=297 assigned=0)
  [group] t=+4.0s waiting: kc3-1x10k-1000k-g-t0: local members 33/297 hold 0/10000 partitions (group-wide PreparingRebalance members=297 assigned=0)
  [group] t=+6.0s waiting: kc3-1x10k-1000k-g-t0: local members 33/297 hold 0/10000 partitions (group-wide PreparingRebalance members=297 assigned=0)
  [group] t=+8.1s waiting: kc3-1x10k-1000k-g-t0: local members 33/297 hold 1110/10000 partitions (group-wide Stable members=297 assigned=10000)
  [group] STABLE after 10.1s: 1 groups, 33 local members holding 1110 partitions, assignEv=33 revokeEv=0 lostEv=0
  [produce] 4 clients connected to every broker with producer IDs in 0.01s; max buffered 501024 records per client
READY 1790895337642
[start] waiting 9.315s for the common start 1790895352783
[start] GO 22:55:52.783 (unix ms 1790895352783)
[22:56:02] offered=    55553/s achieved=    55253/s shed=        0/s inflight=    30 | p50=  14.53 p99=   52.48 p999=   68.10 ms | push=552500 pop=552200 lag=300 | errs push=0 pop=0 empty=0 gor=709 | ack=    53623/s ackErr=0 ackAvg=23.66ms | e2e p50=14.40 p99=55.55 p999=73.22 n=552200 | e2e_local p50=15.17 p99=58.11 n=185000
[22:56:12] offered=   111105/s achieved=   111195/s shed=        0/s inflight=    25 | p50=  25.22 p99=   88.58 p999=  110.08 ms | push=1664500 pop=1660000 lag=4500 | errs push=0 pop=0 empty=0 gor=749 | ack=   108515/s ackErr=0 ackAvg=186.67ms | e2e p50=41.22 p99=148.48 p999=183.30 n=1107800 | e2e_local p50=41.22 p99=146.43 n=369000
[22:56:22] offered=   111155/s achieved=   111145/s shed=        0/s inflight=    22 | p50=  23.17 p99=   80.38 p999=  101.89 ms | push=2775900 pop=2769000 lag=6900 | errs push=0 pop=0 empty=0 gor=740 | ack=   110945/s ackErr=0 ackAvg=225.32ms | e2e p50=37.12 p99=140.29 p999=179.20 n=1109000 | e2e_local p50=38.14 p99=144.38 n=369100
[22:56:32] offered=   111091/s achieved=   111101/s shed=        0/s inflight=    21 | p50=  22.66 p99=   66.05 p999=   82.43 ms | push=3886900 pop=3879902 lag=6998 | errs push=0 pop=0 empty=0 gor=747 | ack=   111301/s ackErr=0 ackAvg=241.21ms | e2e p50=36.10 p99=124.42 p999=154.62 n=1111402 | e2e_local p50=36.61 p99=126.46 n=370800
[22:56:42] offered=   111107/s achieved=   111037/s shed=        0/s inflight=    29 | p50=  24.96 p99=   74.24 p999=   91.65 ms | push=4997300 pop=4987400 lag=9900 | errs push=0 pop=0 empty=0 gor=742 | ack=   110527/s ackErr=0 ackAvg=253.42ms | e2e p50=42.75 p99=140.29 p999=171.01 n=1106998 | e2e_local p50=43.26 p99=136.19 n=369100
[22:56:52] offered=   111103/s achieved=   110933/s shed=        0/s inflight=    44 | p50=  23.68 p99=   69.12 p999=   85.50 ms | push=6106600 pop=6097800 lag=8800 | errs push=0 pop=0 empty=0 gor=753 | ack=   110573/s ackErr=0 ackAvg=259.54ms | e2e p50=40.19 p99=126.46 p999=152.58 n=1110400 | e2e_local p50=40.19 p99=127.49 n=370000
[22:57:02] offered=   111096/s achieved=   109366/s shed=        0/s inflight=   215 | p50=  25.73 p99=  536.58 p999=  724.99 ms | push=7200300 pop=7179400 lag=20900 | errs push=0 pop=0 empty=0 gor=723 | ack=   108716/s ackErr=0 ackAvg=267.05ms | e2e p50=45.31 p99=387.07 p999=765.95 n=1081600 | e2e_local p50=46.34 p99=280.58 n=359600
[info] steady window 60s (after the ramp, before the producers stopped): offered 111109/s pushed 110796/s popped 110453/s cpu 98.6% = 0.89 cores per 100k msg/s (produce+consume)
[info] 1110 warm-up messages (no "ts") received and not counted as load
[final] offered=72221 achieved=72221 shed=0 (msgs: offered=7222100 achieved=7222100 shed=0) pushErr=0 | pushed=7222100 popped=7193400 lag=28700 | popErr=0 empty=0 | overall p50=23.17 p99=92.67 p999=602.11 ms | acked=7179400 ackErr=0 ackLag=42700 ackAvg=269.48ms | e2e p50=37.63 p99=148.48 p999=667.65 ms
load_cpu=72.1%
