WARN max-pending 100000 per partition producer would preallocate 228 MB over 100 partitions (24 B/slot); using 27962 (-pending-budget-mb 64)
pload tag=1x900-t10-144k-w900-p4 loader=4/9 mode=batch rate=16000 msg/s batch=10 batch-max=0 max-inflight=5000 ramp=10s duration=1m10s report=10s drain=1m0s GOMAXPROCS=16 GOGC=400 seed=1790883846768292491
  offered: 16000 msg/s = 1600.0 units/s (avg 10.0 msgs/unit) across 33 pacer workers (48.48 units/s each)
  topics: 1 x 900 partitions (x1x900-t10-144k-w900..x1x900-t10-144k-w900), entities/topic=0 (explicit partition) | picker: topics=rr entities: rr over space=100 starting at 0 [producer shard 4/9: partitions p % 9 == 4, entity j -> partition 4 + j*9]
  payload: goload jsonEvent target 256 B, avg 289.2 B raw, ~319 B stamped ({"ts":µs,"src":4,...}), pool 64x10
  consumers: 100 here (ci 400..499 of 900), poll=1000 proc-us=0 ack=async ack-inflight=256 local-src=[3 4 5]
  pulsar: url=pulsar://10.114.0.2:6650,10.114.0.3:6650,10.114.0.4:6650 admin=http://10.114.0.2:8080 ns=bench/ns sub=sub type=failover compression=lz4 batch=5ms/10 msgs/131072 B max-pending=27962/partition mem-limit=64 MB receiver-queue=1000 ack-group=100ms conns/broker=1 | feeder batches capped at -txn-size messages (whole entries per transaction) | txn: x1x900-t10-144k-w900-in -> 100 workers (own client + TC each, NewTransaction timeout 10s, send+AckWithTxn on whole entries, txn-size 10, linger 1s) -> x1x900-t10-144k-w900-out, 100 readers
  [admin] 2 topics with 900 partitions and subscription "sub" exist (checked in 0.0s)
  [txn] 100 workers (ci 400..499 of 900, 0 idle): each its own client + TC, a failover consumer on its partitions of x1x900-t10-144k-w900-in, 100 producers on x1x900-t10-144k-w900-out in all; txn-size 10, linger 1s, txn-timeout 10s; ready in 1.3s
  [consume] 100 consumers (ci 400..499 of 900), failover, partition slices (every partition exactly one consumer): 100 partition registrations here, 900 in total across all processes; idle 0 here, 0 in total; subscribed in 0.1s, settling 2s
  [produce] producer shard 4/9: 100 partitions per topic (p % 9 == 4) x 1 topics, per-partition producers created lazily on first use
READY 1790883545351
[start] waiting 9.174s for the common start 1790883577153
[start] GO 19:39:37.153 (unix ms 1790883577153)
[19:39:47] offered=     8006/s achieved=     7991/s shed=        0/s inflight=    15 | p50=   7.14 p99=   27.26 p999=   41.73 ms | push=79910 pop=78220 lag=1690 | errs push=0 pop=0 empty=0 gor=14199 | ack=     7822/s ackErr=0 ackAvg=0.00ms | e2e p50=70.14 p99=224.26 p999=261.12 n=78230 | e2e_local p50=70.14 p99=224.26 n=26620
[txn] 19:39:47 txn=     781/s msgs=     7806/s avg= 10.00 msg/txn | commit p50=54.02 p99=252.93 p999=292.86 ms | aborts=0 errs=0 open=100 | in=     7906/s | total txns=7806 msgs=78060 aborts=0 errs=0
[19:39:57] offered=    15997/s achieved=    15998/s shed=        0/s inflight=    15 | p50=   7.65 p99=   20.61 p999=   27.78 ms | push=239890 pop=235700 lag=4190 | errs push=0 pop=0 empty=0 gor=22072 | ack=    15748/s ackErr=0 ackAvg=0.00ms | e2e p50=132.10 p99=362.50 p999=403.46 n=157470 | e2e_local p50=138.24 p99=346.11 n=53460
[txn] 19:39:57 txn=    1575/s msgs=    15754/s avg= 10.00 msg/txn | commit p50=55.04 p99=122.37 p999=140.29 ms | aborts=0 errs=0 open=100 | in=    15754/s | total txns=23560 msgs=235600 aborts=0 errs=0
[19:40:07] offered=    15998/s achieved=    16001/s shed=        0/s inflight=    15 | p50=   7.90 p99=   24.45 p999=   38.14 ms | push=399900 pop=398610 lag=1290 | errs push=0 pop=0 empty=0 gor=22677 | ack=    16291/s ackErr=0 ackAvg=0.00ms | e2e p50=224.26 p99=782.34 p999=839.68 n=162910 | e2e_local p50=250.88 p99=749.57 n=55460
[txn] 19:40:07 txn=    1630/s msgs=    16302/s avg= 10.00 msg/txn | commit p50=51.46 p99=164.86 p999=238.59 ms | aborts=0 errs=0 open=100 | in=    16302/s | total txns=39862 msgs=398620 aborts=0 errs=0
[19:40:17] offered=    15999/s achieved=    16001/s shed=        0/s inflight=     7 | p50=   7.58 p99=   19.58 p999=   27.78 ms | push=559910 pop=557920 lag=1990 | errs push=0 pop=0 empty=0 gor=22175 | ack=    15931/s ackErr=0 ackAvg=0.00ms | e2e p50=132.10 p99=358.40 p999=378.88 n=159310 | e2e_local p50=138.24 p99=354.30 n=54070
[txn] 19:40:17 txn=    1590/s msgs=    15903/s avg= 10.00 msg/txn | commit p50=55.04 p99=127.49 p999=150.53 ms | aborts=0 errs=0 open=100 | in=    15903/s | total txns=55765 msgs=557650 aborts=0 errs=0
[19:40:27] offered=    16000/s achieved=    16003/s shed=        0/s inflight=     6 | p50=   7.90 p99=   23.94 p999=   31.10 ms | push=719940 pop=716910 lag=3030 | errs push=0 pop=0 empty=0 gor=22240 | ack=    15899/s ackErr=0 ackAvg=0.00ms | e2e p50=164.86 p99=798.72 p999=847.87 n=158990 | e2e_local p50=175.10 p99=790.53 n=54140
[txn] 19:40:27 txn=    1591/s msgs=    15912/s avg= 10.00 msg/txn | commit p50=54.53 p99=138.24 p999=199.68 ms | aborts=0 errs=0 open=100 | in=    15912/s | total txns=71677 msgs=716770 aborts=0 errs=0
[19:40:37] offered=    16002/s achieved=    15999/s shed=        0/s inflight=     9 | p50=   7.65 p99=   20.86 p999=   29.82 ms | push=879930 pop=877740 lag=2190 | errs push=0 pop=0 empty=0 gor=22381 | ack=    16083/s ackErr=0 ackAvg=0.00ms | e2e p50=154.62 p99=428.03 p999=452.61 n=160830 | e2e_local p50=162.82 p99=419.84 n=54680
[txn] 19:40:37 txn=    1609/s msgs=    16094/s avg= 10.00 msg/txn | commit p50=52.48 p99=134.14 p999=152.58 ms | aborts=0 errs=0 open=100 | in=    16094/s | total txns=87771 msgs=877710 aborts=0 errs=0
[19:40:47] offered=    16003/s achieved=    15999/s shed=        0/s inflight=    13 | p50=   7.58 p99=   20.61 p999=   27.78 ms | push=1039930 pop=1036610 lag=3320 | errs push=0 pop=0 empty=0 gor=22187 | ack=    15886/s ackErr=0 ackAvg=0.00ms | e2e p50=138.24 p99=362.50 p999=395.26 n=158870 | e2e_local p50=144.38 p99=354.30 n=53970
[txn] 19:40:47 txn=    1588/s msgs=    15883/s avg= 10.00 msg/txn | commit p50=54.53 p99=144.38 p999=179.20 ms | aborts=0 errs=0 open=100 | in=    15883/s | total txns=103655 msgs=1036550 aborts=0 errs=0
[drain] workers and readers keep going for up to 59.989s (ends early after 3s idle; lag now 3280)
[drain] idle for 3s after 3.2s: ending the drain (lag 60)
[info] txn workers: 0 re-subscriptions after an abort, 0 messages held outside a transaction at the stop (left unacked)
[info] producers created: 100 per-partition producers (shard), 0 creation errors, avg creation 17.9 ms
[info] steady window 60s (after the ramp, before the producers stopped): offered 16000/s pushed 16000/s popped 15973/s cpu 185.6% = 11.60 cores per 100k msg/s (produce+consume)
[final] offered=104006 achieved=104006 shed=0 (msgs: offered=1040060 achieved=1040060 shed=0) pushErr=0 | pushed=1040060 popped=1040000 lag=60 | popErr=0 empty=0 | overall p50=7.65 p99=22.14 p999=32.38 ms | acked=1040000 ackErr=0 ackLag=60 ackAvg=0.00ms | e2e p50=142.34 p99=700.42 p999=823.30 ms
load_cpu=115.9%
[txn-final] txns=104000 msgs=1040000 aborts=0 errs=0 in=1040000 avg=10.00 msg/txn | commit p50=54.02 p99=142.34 p999=242.69 max=329.73 ms
[ids] ledger /root/bench/runs/txn/pulsar/1x900-t10-144k-w900/ids/p4.ids: 1040060 confirmed, 0 failed, 0 unanswered
