kload tag=100x1000-1000k-p0 loader=0/9 mode=batch rate=111111 msg/s batch=100 batch-max=0 max-inflight=5000 ramp=10s duration=1m10s report=10s drain=0s GOMAXPROCS=16 GOGC=400 seed=1790760020894425483
  offered: 111111 msg/s = 1111.1 units/s (avg 100.0 msgs/unit) across 23 pacer workers (48.31 units/s each)
  topics: 100 x 1000 partitions (k100x1000-1000k-t0..k100x1000-1000k-t99), entities/topic=0 (explicit partition) | picker: topics=rr entities: rr over space=1000 starting at 0
  payload: goload jsonEvent target 256 B, avg 289.5 B raw, ~320 B stamped ({"ts":µs,"src":0,...}), pool 64x100
  consumers: 33 here (ci 0..32 of 297), poll=1000 proc-us=0 ack=async ack-inflight=256 local-src=[0 1 2]
  kafka: brokers=10.114.0.2:9092,10.114.0.3:9092,10.114.0.4:9092 rf=3 min-isr=2 producers=4 linger=5ms compression=lz4 acks=all idempotent batch-max-bytes=1048576 | consumers: protocol=consumer fetch-max-wait=500ms fetch-min-bytes=1 fetch-max-partition-bytes=1048576 session=45s
  [topic] READY after 0.2s: 100 topics x 1000 partitions, leaders + full ISR
  [config] broker.compression.type = producer (STATIC_BROKER_CONFIG)
  [config] broker.default.replication.factor = 3 (STATIC_BROKER_CONFIG)
  [config] broker.group.consumer.assignors = uniform,range (DEFAULT_CONFIG)
  [config] broker.group.coordinator.rebalance.protocols = classic,consumer,streams (DEFAULT_CONFIG)
  [config] broker.group.initial.rebalance.delay.ms = 3000 (DEFAULT_CONFIG)
  [config] broker.log.flush.interval.messages = 9223372036854775807 (DEFAULT_CONFIG)
  [config] broker.log.flush.interval.ms = <nil> (DEFAULT_CONFIG)
  [config] broker.max.incremental.fetch.session.cache.slots = 4000 (STATIC_BROKER_CONFIG)
  [config] broker.min.insync.replicas = 2 (DYNAMIC_DEFAULT_BROKER_CONFIG)
  [config] broker.num.io.threads = 16 (STATIC_BROKER_CONFIG)
  [config] broker.num.network.threads = 8 (STATIC_BROKER_CONFIG)
  [config] broker.num.replica.fetchers = 8 (STATIC_BROKER_CONFIG)
  [config] topic.compression.type = producer (STATIC_BROKER_CONFIG)
  [config] topic.flush.messages = 9223372036854775807 (DEFAULT_CONFIG)
  [config] topic.flush.ms = 9223372036854775807 (DEFAULT_CONFIG)
  [config] topic.max.message.bytes = 16777216 (STATIC_BROKER_CONFIG)
  [config] topic.message.timestamp.type = CreateTime (DEFAULT_CONFIG)
  [config] topic.min.insync.replicas = 2 (DYNAMIC_TOPIC_CONFIG)
  [config] topic.retention.ms = 600000 (DYNAMIC_TOPIC_CONFIG)
  [config] topic.segment.bytes = 268435456 (DYNAMIC_TOPIC_CONFIG)
  [config] topic.unclean.leader.election.enable = false (STATIC_BROKER_CONFIG)
  [group] 33 consumers in 33 groups (k100x1000-1000k-g-t0 ... ), protocol consumer
  [group] t=+0.0s waiting: k100x1000-1000k-g-t0: local members 1/3 hold 0/1000 partitions (group-wide ? members=0 assigned=0); k100x1000-1000k-g-t1: local members 1/3 hold 0/1000 partitions (group-wide ? members=0 assigned=0); k100x1000-1000k-g-t2: local members 1/3 hold 0/1000 partitions (group-wide ? members=0 assigned=0)
  [group] t=+2.1s waiting: k100x1000-1000k-g-t0: local members 1/3 hold 0/1000 partitions (group-wide Assigning members=3 assigned=1000); k100x1000-1000k-g-t1: local members 1/3 hold 0/1000 partitions (group-wide Assigning members=3 assigned=1000); k100x1000-1000k-g-t2: local members 1/3 hold 1000/1000 partitions (group-wide Assigning members=3 assigned=1000)
  [group] t=+4.1s waiting: k100x1000-1000k-g-t0: local members 1/3 hold 0/1000 partitions (group-wide Assigning members=3 assigned=1000); k100x1000-1000k-g-t1: local members 1/3 hold 0/1000 partitions (group-wide Assigning members=3 assigned=1000); k100x1000-1000k-g-t2: local members 1/3 hold 1000/1000 partitions (group-wide Assigning members=3 assigned=1000)
  [group] t=+6.2s waiting: k100x1000-1000k-g-t0: local members 1/3 hold 0/1000 partitions (group-wide Reconciling members=3 assigned=1000); k100x1000-1000k-g-t1: local members 1/3 hold 0/1000 partitions (group-wide Reconciling members=3 assigned=334); k100x1000-1000k-g-t2: local members 1/3 hold 334/1000 partitions (group-wide Reconciling members=3 assigned=334)
  [group] t=+8.3s waiting: k100x1000-1000k-g-t0: local members 1/3 hold 0/1000 partitions (group-wide Reconciling members=3 assigned=334); k100x1000-1000k-g-t1: local members 1/3 hold 333/1000 partitions (group-wide Stable members=3 assigned=1000); k100x1000-1000k-g-t2: local members 1/3 hold 334/1000 partitions (group-wide Reconciling members=3 assigned=334)
  [group] t=+10.3s waiting: k100x1000-1000k-g-t0: local members 1/3 hold 0/1000 partitions (group-wide Reconciling members=3 assigned=334); k100x1000-1000k-g-t2: local members 1/3 hold 334/1000 partitions (group-wide Reconciling members=3 assigned=334); k100x1000-1000k-g-t3: local members 1/3 hold 0/1000 partitions (group-wide Reconciling members=3 assigned=334)
  [group] t=+12.3s waiting: k100x1000-1000k-g-t0: local members 1/3 hold 333/1000 partitions (group-wide Stable members=3 assigned=1000); k100x1000-1000k-g-t2: local members 1/3 hold 334/1000 partitions (group-wide Stable members=3 assigned=1000); k100x1000-1000k-g-t3: local members 1/3 hold 333/1000 partitions (group-wide Stable members=3 assigned=1000)
  [group] t=+14.4s waiting: k100x1000-1000k-g-t0: local members 1/3 hold 333/1000 partitions (group-wide Stable members=3 assigned=1000); k100x1000-1000k-g-t3: local members 1/3 hold 333/1000 partitions (group-wide Stable members=3 assigned=1000); k100x1000-1000k-g-t4: local members 1/3 hold 333/1000 partitions (group-wide Stable members=3 assigned=1000)
  [group] STABLE after 15.3s: 33 groups, 33 local members holding 10998 partitions, assignEv=66 revokeEv=9 lostEv=0
  [produce] 4 clients connected to every broker with producer IDs in 0.31s; max buffered 501024 records per client
READY 1790760096250
[start] waiting 9.137s for the common start 1790760112123
[start] GO 09:21:52.123 (unix ms 1790760112123)
[09:22:02] offered=    55538/s achieved=    46599/s shed=        0/s inflight=   894 | p50= 724.99 p99= 1105.92 p999= 1187.84 ms | push=466000 pop=451600 lag=14400 | errs push=0 pop=0 empty=0 gor=711 | ack=    35269/s ackErr=0 ackAvg=540.73ms | e2e p50=782.34 p99=1236.99 p999=1351.68 n=451600 | e2e_local p50=782.34 p99=1236.99 n=123000
[09:22:12] offered=   111095/s achieved=   105465/s shed=        0/s inflight=  1457 | p50=1003.52 p99= 1646.59 p999= 1859.58 ms | push=1520600 pop=1483900 lag=36700 | errs push=0 pop=0 empty=0 gor=700 | ack=    97110/s ackErr=0 ackAvg=815.77ms | e2e p50=1155.07 p99=1826.82 p999=2007.04 n=1032300 | e2e_local p50=1155.07 p99=1794.05 n=269800
[09:22:22] offered=   111114/s achieved=   104243/s shed=        0/s inflight=  2144 | p50=1859.58 p99= 3096.58 p999= 3325.95 ms | push=2563000 pop=2478400 lag=84600 | errs push=0 pop=0 empty=0 gor=693 | ack=    89949/s ackErr=0 ackAvg=1038.48ms | e2e p50=2146.30 p99=3457.02 p999=3817.47 n=994500 | e2e_local p50=2146.30 p99=3489.79 n=233600
[09:22:32] offered=   111109/s achieved=   122169/s shed=        0/s inflight=  1038 | p50=1089.54 p99= 2342.91 p999= 2473.98 ms | push=3784700 pop=3729755 lag=54945 | errs push=0 pop=0 empty=0 gor=706 | ack=   135830/s ackErr=0 ackAvg=1095.47ms | e2e p50=1236.99 p99=2703.36 p999=2965.50 n=1251355 | e2e_local p50=1253.38 p99=2736.13 n=252800
[09:22:42] offered=   111130/s achieved=   109970/s shed=        0/s inflight=  1156 | p50=1019.90 p99= 1449.98 p999= 1531.90 ms | push=4884500 pop=4822700 lag=61800 | errs push=0 pop=0 empty=0 gor=711 | ack=   110007/s ackErr=0 ackAvg=1109.16ms | e2e p50=1171.46 p99=1564.67 p999=1679.36 n=1092945 | e2e_local p50=1171.46 p99=1613.82 n=249400
[09:22:52] offered=   111132/s achieved=   111282/s shed=        0/s inflight=  1139 | p50= 954.37 p99= 1253.38 p999= 1318.91 ms | push=5997200 pop=5928200 lag=69000 | errs push=0 pop=0 empty=0 gor=700 | ack=   111092/s ackErr=0 ackAvg=1104.04ms | e2e p50=1122.30 p99=1466.37 p999=1597.44 n=1105500 | e2e_local p50=1122.30 p99=1466.37 n=386500
[09:23:02] offered=   111091/s achieved=   110551/s shed=        0/s inflight=  1193 | p50=1019.90 p99= 1318.91 p999= 1433.60 ms | push=7102800 pop=7023720 lag=79080 | errs push=0 pop=0 empty=0 gor=677 | ack=   108973/s ackErr=0 ackAvg=1107.99ms | e2e p50=1171.46 p99=1515.52 p999=1597.44 n=1095520 | e2e_local p50=1171.46 p99=1515.52 n=515620
[info] steady window 60s (after the ramp, before the producers stopped): offered 111112/s pushed 110614/s popped 109536/s cpu 62.0% = 0.56 cores per 100k msg/s (produce+consume)
[info] 9000 warm-up messages (no "ts") received and not counted as load
[final] offered=72221 achieved=72221 shed=0 (msgs: offered=7222100 achieved=7222100 shed=0) pushErr=0 | pushed=7222100 popped=7144032 lag=78068 | popErr=0 empty=0 | overall p50=1036.29 p99=2605.06 p999=3162.11 ms | acked=7125332 ackErr=0 ackLag=96768 ackAvg=1134.29ms | e2e p50=1187.84 p99=2998.27 p999=3555.33 ms
load_cpu=42.8%
