{"role":"consumer","event":"start","queues":["bench-bp-10-cg5"],"queueCount":1,"consumerGroup":"cg-3","numWorkers":1,"conns":50,"duration":300,"batchSize":100,"timestamp":"2026-06-07T08:37:25.984Z"}
(node:35928) [MODULE_TYPELESS_PACKAGE_JSON] Warning: Module type of file:///home/queen/examples/bench-consumer.js is not specified and it doesn't parse as CommonJS.
Reparsing as ES module because module syntax was detected. This incurs a performance overhead.
To eliminate this warning, add "type": "module" to /home/queen/examples/package.json.
(Use `node --trace-warnings ...` to show where the warning was created)
(node:36003) [MODULE_TYPELESS_PACKAGE_JSON] Warning: Module type of file:///home/queen/examples/bench-consumer.js is not specified and it doesn't parse as CommonJS.
Reparsing as ES module because module syntax was detected. This incurs a performance overhead.
To eliminate this warning, add "type": "module" to /home/queen/examples/package.json.
(Use `node --trace-warnings ...` to show where the warning was created)
{
  "role": "consumer",
  "event": "result",
  "consumerGroup": "cg-3",
  "totalRequests": 165742,
  "reqPerSec": 552,
  "maxMsgPerSecCeiling": 55200,
  "latency": {
    "p50": 62,
    "p90": 184,
    "p99": 439,
    "avg": 90.01,
    "max": 6612
  },
  "errors": 0,
  "non2xx": 0,
  "timeouts": 0,
  "durationSec": 300
}
