kload tag=1x200-3000k-p7 loader=7/9 mode=batch rate=333333 msg/s batch=100 batch-max=0 max-inflight=5000 ramp=10s duration=1m10s report=10s drain=0s GOMAXPROCS=16 GOGC=400 seed=1790761351071321509
  offered: 333333 msg/s = 3333.3 units/s (avg 100.0 msgs/unit) across 64 pacer workers (52.08 units/s each)
  topics: 1 x 200 partitions (k1x200-3000k..k1x200-3000k), entities/topic=0 (explicit partition) | picker: topics=rr entities: rr over space=200 starting at 155
  payload: goload jsonEvent target 256 B, avg 289.5 B raw, ~320 B stamped ({"ts":µs,"src":7,...}), pool 64x100
  consumers: 22 here (ci 154..175 of 198), poll=1000 proc-us=0 ack=async ack-inflight=256 local-src=[6 7 8]
  kafka: brokers=10.114.0.2:9092,10.114.0.3:9092,10.114.0.4:9092 rf=3 min-isr=2 producers=4 linger=5ms compression=lz4 acks=all idempotent batch-max-bytes=1048576 | consumers: protocol=consumer fetch-max-wait=500ms fetch-min-bytes=1 fetch-max-partition-bytes=1048576 session=45s
  [topic] READY after 0.0s: 1 topics x 200 partitions, leaders + full ISR
  [config] broker.compression.type = producer (STATIC_BROKER_CONFIG)
  [config] broker.default.replication.factor = 3 (STATIC_BROKER_CONFIG)
  [config] broker.group.consumer.assignors = uniform,range (DEFAULT_CONFIG)
  [config] broker.group.coordinator.rebalance.protocols = classic,consumer,streams (DEFAULT_CONFIG)
  [config] broker.group.initial.rebalance.delay.ms = 3000 (DEFAULT_CONFIG)
  [config] broker.log.flush.interval.messages = 9223372036854775807 (DEFAULT_CONFIG)
  [config] broker.log.flush.interval.ms = <nil> (DEFAULT_CONFIG)
  [config] broker.max.incremental.fetch.session.cache.slots = 4000 (STATIC_BROKER_CONFIG)
  [config] broker.min.insync.replicas = 2 (DYNAMIC_DEFAULT_BROKER_CONFIG)
  [config] broker.num.io.threads = 16 (STATIC_BROKER_CONFIG)
  [config] broker.num.network.threads = 8 (STATIC_BROKER_CONFIG)
  [config] broker.num.replica.fetchers = 8 (STATIC_BROKER_CONFIG)
  [config] topic.compression.type = producer (STATIC_BROKER_CONFIG)
  [config] topic.flush.messages = 9223372036854775807 (DEFAULT_CONFIG)
  [config] topic.flush.ms = 9223372036854775807 (DEFAULT_CONFIG)
  [config] topic.max.message.bytes = 16777216 (STATIC_BROKER_CONFIG)
  [config] topic.message.timestamp.type = CreateTime (DEFAULT_CONFIG)
  [config] topic.min.insync.replicas = 2 (DYNAMIC_TOPIC_CONFIG)
  [config] topic.retention.ms = 600000 (DYNAMIC_TOPIC_CONFIG)
  [config] topic.segment.bytes = 268435456 (DYNAMIC_TOPIC_CONFIG)
  [config] topic.unclean.leader.election.enable = false (STATIC_BROKER_CONFIG)
  [group] 22 consumers in 1 groups (k1x200-3000k-g-t0 ... ), protocol consumer
  [group] t=+0.0s waiting: k1x200-3000k-g-t0: local members 22/198 hold 0/200 partitions (group-wide ? members=0 assigned=0)
  [group] t=+2.0s waiting: k1x200-3000k-g-t0: local members 22/198 hold 0/200 partitions (group-wide Assigning members=198 assigned=200)
  [group] t=+4.0s waiting: k1x200-3000k-g-t0: local members 22/198 hold 0/200 partitions (group-wide Assigning members=198 assigned=200)
  [group] t=+6.0s waiting: k1x200-3000k-g-t0: local members 22/198 hold 0/200 partitions (group-wide Reconciling members=198 assigned=2)
  [group] t=+8.1s waiting: k1x200-3000k-g-t0: local members 22/198 hold 0/200 partitions (group-wide Reconciling members=198 assigned=2)
  [group] t=+10.1s waiting: k1x200-3000k-g-t0: local members 22/198 hold 0/200 partitions (group-wide Reconciling members=198 assigned=2)
  [group] t=+12.1s waiting: k1x200-3000k-g-t0: local members 22/198 hold 22/200 partitions (group-wide Stable members=198 assigned=200)
  [group] STABLE after 14.1s: 1 groups, 22 local members holding 22 partitions, assignEv=44 revokeEv=0 lostEv=0
  [produce] 4 clients connected to every broker with producer IDs in 0.26s; max buffered 501024 records per client
READY 1790761386499
[start] waiting 9.362s for the common start 1790761400878
[start] GO 09:43:20.878 (unix ms 1790761400878)
[09:43:30] offered=   166736/s achieved=   166416/s shed=        0/s inflight=    32 | p50=   8.77 p99=   54.02 p999=  127.49 ms | push=1664000 pop=1647700 lag=16300 | errs push=0 pop=0 empty=0 gor=332 | ack=   164655/s ackErr=0 ackAvg=5.76ms | e2e p50=8.90 p99=56.58 p999=115.20 n=1647800 | e2e_local p50=8.90 p99=56.58 n=549300
[09:43:40] offered=   333290/s achieved=   333380/s shed=        0/s inflight=    23 | p50=   8.51 p99=   42.75 p999=   60.67 ms | push=4997800 pop=4947700 lag=50100 | errs push=0 pop=0 empty=0 gor=314 | ack=   330040/s ackErr=0 ackAvg=5.95ms | e2e p50=8.51 p99=41.22 p999=61.18 n=3300000 | e2e_local p50=8.51 p99=40.19 n=1100100
[09:43:50] offered=   333310/s achieved=   333330/s shed=        0/s inflight=    21 | p50=   8.51 p99=   33.02 p999=   74.24 ms | push=8331100 pop=8247700 lag=83400 | errs push=0 pop=0 empty=0 gor=325 | ack=   329940/s ackErr=0 ackAvg=6.99ms | e2e p50=8.51 p99=33.02 p999=75.26 n=3299900 | e2e_local p50=8.51 p99=33.54 n=1099500
[09:44:00] offered=   333339/s achieved=   333339/s shed=        0/s inflight=    21 | p50=   8.77 p99=   63.74 p999=  116.22 ms | push=11664600 pop=11547500 lag=117100 | errs push=0 pop=0 empty=0 gor=336 | ack=   329929/s ackErr=0 ackAvg=7.44ms | e2e p50=8.77 p99=55.55 p999=110.08 n=3299800 | e2e_local p50=8.77 p99=56.58 n=1100400
[09:44:10] offered=   333381/s achieved=   333321/s shed=        0/s inflight=    25 | p50=   8.64 p99=   52.48 p999=   92.67 ms | push=14997700 pop=14847949 lag=149751 | errs push=0 pop=0 empty=0 gor=329 | ack=   330121/s ackErr=0 ackAvg=7.21ms | e2e p50=8.64 p99=45.82 p999=86.53 n=3300449 | e2e_local p50=8.64 p99=45.82 n=1100200
[09:44:20] offered=   333320/s achieved=   333330/s shed=        0/s inflight=    27 | p50=   8.51 p99=   46.85 p999=   69.12 ms | push=18331000 pop=18147600 lag=183400 | errs push=0 pop=0 empty=0 gor=333 | ack=   329940/s ackErr=0 ackAvg=7.32ms | e2e p50=8.64 p99=47.36 p999=73.22 n=3299651 | e2e_local p50=8.64 p99=46.85 n=1099600
[09:44:30] offered=   333303/s achieved=   333213/s shed=        0/s inflight=    35 | p50=   8.64 p99=   34.05 p999=   58.11 ms | push=21663700 pop=21446900 lag=216800 | errs push=0 pop=0 empty=0 gor=251 | ack=   329944/s ackErr=0 ackAvg=7.17ms | e2e p50=8.64 p99=32.13 p999=51.97 n=3299300 | e2e_local p50=8.64 p99=31.62 n=1099900
[info] steady window 60s (after the ramp, before the producers stopped): offered 333324/s pushed 333319/s popped 329977/s cpu 220.2% = 0.66 cores per 100k msg/s (produce+consume)
[final] offered=216672 achieved=216672 shed=0 (msgs: offered=21667200 achieved=21667200 shed=0) pushErr=0 | pushed=21667200 popped=21450000 lag=217200 | popErr=0 empty=0 | overall p50=8.64 p99=46.34 p999=94.72 ms | acked=21450000 ackErr=0 ackLag=217200 ackAvg=7.17ms | e2e p50=8.64 p99=43.78 p999=83.46 ms
load_cpu=146.5%
