qload tag=a2-210-completed loader=1/9 mode=batch rate=111111 msg/s batch=100 batch-max=0 max-inflight=5000 ramp=10s duration=5m0s report=10s drain=10s GOMAXPROCS=16 GOGC=400(default) seed=1791630702881750485
  offered: 111111 msg/s = 1111.1 units/s (avg 100.0 msgs/unit) across 23 pacer workers (48.31 units/s each)
  topics: 1 x 500000 partitions (bench..bench), entities/topic=0 (explicit partition) | picker: topics=rr entities: rr over space=500000 starting at 55555
  payload: goload jsonEvent target 256 B, avg 289.5 B raw, ~319 B stamped ({"ts":µs,"src":1,...}), pool 64x100
  consumers: 33 here (ci 33..65 of 297), poll=1000 proc-us=0 ack=async ack-inflight=256 local-src=[0 1 2]
  queen: url=http://10.114.0.19:6632 (of 3) conns=2048 timeout=30s pop-width=10 pop-batch=1000 pop-timeout=2s lease=30s | configure: leaseTime=30 completedRetention=3600 dedup=0 retryLimit=1000000 | plain: consumers pop+ack the queue
  [queen] http://10.114.0.19:6632 healthy: version 2.1.0, this node follower
  [consume] 33 consumers of bench: pop width 10, batch 1000, long poll 2s, lease 30s, async batch acks (ack-inflight 256)
READY 1791630695614
[start] waiting 19.15s for the common start 1791630714764
[start] GO 11:11:54.764 (unix ms 1791630714764)
[11:12:04] offered=    55563/s achieved=    55473/s shed=        0/s inflight=     9 | p50=   6.82 p99=   21.38 p999=   32.13 ms | push=554700 pop=543900 lag=10800 | errs push=0 pop=0 empty=363 gor=210 | ack=    54113/s ackErr=0 ackAvg=9.75ms | e2e p50=19.33 p99=44.29 p999=55.55 n=543900 | e2e_local p50=18.56 p99=40.19 n=185700
[11:12:14] offered=   111133/s achieved=   111063/s shed=        0/s inflight=    16 | p50=   9.02 p99=   51.46 p999=   66.05 ms | push=1665400 pop=1663000 lag=2400 | errs push=0 pop=0 empty=363 gor=327 | ack=   111843/s ackErr=0 ackAvg=12.46ms | e2e p50=25.47 p99=87.55 p999=107.01 n=1119100 | e2e_local p50=25.22 p99=84.48 n=372200
[11:12:24] offered=   111103/s achieved=   111113/s shed=        0/s inflight=    15 | p50=   9.02 p99=   44.80 p999=   63.74 ms | push=2776500 pop=2761900 lag=14600 | errs push=0 pop=0 empty=363 gor=327 | ack=   110063/s ackErr=0 ackAvg=12.91ms | e2e p50=24.96 p99=80.38 p999=94.72 n=1098900 | e2e_local p50=24.70 p99=79.36 n=371300
[11:12:34] offered=   111063/s achieved=   111063/s shed=        0/s inflight=    15 | p50=  11.71 p99=   78.34 p999=  126.46 ms | push=3887300 pop=3854100 lag=33200 | errs push=0 pop=0 empty=363 gor=481 | ack=   109263/s ackErr=0 ackAvg=14.07ms | e2e p50=57.09 p99=181.25 p999=211.97 n=1092200 | e2e_local p50=56.06 p99=181.25 n=354800
[11:12:44] offered=   111123/s achieved=   111203/s shed=        0/s inflight=     8 | p50=  12.86 p99=   81.41 p999=   96.77 ms | push=4999100 pop=4951000 lag=48100 | errs push=0 pop=0 empty=363 gor=472 | ack=   109613/s ackErr=0 ackAvg=15.29ms | e2e p50=90.62 p99=264.19 p999=276.48 n=1096900 | e2e_local p50=77.31 p99=264.19 n=370600
[11:12:54] offered=   111130/s achieved=   111110/s shed=        0/s inflight=     9 | p50=   9.28 p99=   50.43 p999=   66.05 ms | push=6110200 pop=6049700 lag=60500 | errs push=0 pop=0 empty=363 gor=472 | ack=   110050/s ackErr=0 ackAvg=15.08ms | e2e p50=25.73 p99=86.53 p999=104.96 n=1098700 | e2e_local p50=25.22 p99=85.50 n=360300
[11:13:04] offered=   111109/s achieved=   111119/s shed=        0/s inflight=     8 | p50=   9.54 p99=   51.97 p999=   61.70 ms | push=7221500 pop=7164600 lag=56900 | errs push=0 pop=0 empty=363 gor=473 | ack=   111399/s ackErr=0 ackAvg=15.02ms | e2e p50=26.75 p99=87.55 p999=100.86 n=1114900 | e2e_local p50=26.50 p99=87.55 n=370700
[11:13:14] offered=   111109/s achieved=   111099/s shed=        0/s inflight=     9 | p50=  10.18 p99=   74.24 p999=   88.58 ms | push=8332400 pop=8253600 lag=78800 | errs push=0 pop=0 empty=363 gor=474 | ack=   108849/s ackErr=0 ackAvg=15.13ms | e2e p50=30.08 p99=127.49 p999=150.53 n=1089000 | e2e_local p50=29.82 p99=127.49 n=360100
[11:13:24] offered=   111108/s achieved=   111088/s shed=        0/s inflight=    11 | p50=  10.82 p99=   82.43 p999=  102.91 ms | push=9443300 pop=9361900 lag=81400 | errs push=0 pop=0 empty=363 gor=476 | ack=   110708/s ackErr=0 ackAvg=15.35ms | e2e p50=32.13 p99=154.62 p999=177.15 n=1108300 | e2e_local p50=31.87 p99=156.67 n=371600
[11:13:34] offered=   111093/s achieved=   111113/s shed=        0/s inflight=     9 | p50=  10.69 p99=   73.22 p999=   87.55 ms | push=10554400 pop=10480600 lag=73800 | errs push=0 pop=0 empty=363 gor=472 | ack=   112143/s ackErr=0 ackAvg=15.50ms | e2e p50=31.36 p99=140.29 p999=173.06 n=1118700 | e2e_local p50=31.10 p99=140.29 n=368500
[11:13:44] offered=   111130/s achieved=   111120/s shed=        0/s inflight=    11 | p50=  11.58 p99=   74.24 p999=  105.98 ms | push=11665600 pop=11599700 lag=65900 | errs push=0 pop=0 empty=363 gor=476 | ack=   111830/s ackErr=0 ackAvg=15.70ms | e2e p50=33.54 p99=156.67 p999=168.96 n=1119100 | e2e_local p50=32.38 p99=158.72 n=371900
[11:13:54] offered=   111136/s achieved=   111116/s shed=        0/s inflight=    13 | p50=  11.71 p99=   89.60 p999=  148.48 ms | push=12776800 pop=12700600 lag=76200 | errs push=0 pop=0 empty=363 gor=513 | ack=   110056/s ackErr=0 ackAvg=15.90ms | e2e p50=34.56 p99=171.01 p999=183.30 n=1100900 | e2e_local p50=34.56 p99=168.96 n=361600
[11:14:04] offered=   111113/s achieved=   111113/s shed=        0/s inflight=    11 | p50=  11.71 p99=   84.48 p999=  116.22 ms | push=13888000 pop=13773200 lag=114800 | errs push=0 pop=0 empty=363 gor=510 | ack=   107353/s ackErr=0 ackAvg=16.07ms | e2e p50=34.56 p99=138.24 p999=175.10 n=1072600 | e2e_local p50=35.58 p99=138.24 n=353200
[11:14:14] offered=   111097/s achieved=   111087/s shed=        0/s inflight=    14 | p50=  11.46 p99=   82.43 p999=  104.96 ms | push=14998800 pop=14882300 lag=116500 | errs push=0 pop=0 empty=363 gor=511 | ack=   110947/s ackErr=0 ackAvg=16.21ms | e2e p50=33.02 p99=148.48 p999=189.44 n=1109100 | e2e_local p50=32.13 p99=144.38 n=362500
[11:14:24] offered=   111104/s achieved=   111074/s shed=        0/s inflight=    16 | p50=  11.20 p99=   57.09 p999=   69.12 ms | push=16109500 pop=15997400 lag=112100 | errs push=0 pop=0 empty=363 gor=518 | ack=   111374/s ackErr=0 ackAvg=16.28ms | e2e p50=33.02 p99=116.22 p999=125.44 n=1115100 | e2e_local p50=33.02 p99=116.22 n=373500
[11:14:34] offered=   111100/s achieved=   111120/s shed=        0/s inflight=    14 | p50=  11.33 p99=   56.06 p999=   71.17 ms | push=17220700 pop=17077100 lag=143600 | errs push=0 pop=0 empty=363 gor=520 | ack=   107850/s ackErr=0 ackAvg=16.34ms | e2e p50=34.05 p99=193.54 p999=226.30 n=1079700 | e2e_local p50=34.05 p99=189.44 n=369600
[11:14:44] offered=   111128/s achieved=   111138/s shed=        0/s inflight=    13 | p50=  11.46 p99=   52.99 p999=   63.74 ms | push=18332100 pop=18186300 lag=145800 | errs push=0 pop=0 empty=363 gor=516 | ack=   110858/s ackErr=0 ackAvg=16.40ms | e2e p50=33.54 p99=129.54 p999=144.38 n=1109200 | e2e_local p50=33.02 p99=126.46 n=370800
[11:14:54] offered=   111101/s achieved=   111161/s shed=        0/s inflight=     7 | p50=  11.33 p99=   58.62 p999=   73.22 ms | push=19443700 pop=19288400 lag=155300 | errs push=0 pop=0 empty=363 gor=505 | ack=   110521/s ackErr=0 ackAvg=16.43ms | e2e p50=33.02 p99=117.25 p999=122.37 n=1102100 | e2e_local p50=33.02 p99=117.25 n=361600
[11:15:04] offered=   111093/s achieved=   111083/s shed=        0/s inflight=     9 | p50=  12.10 p99=   60.67 p999=   71.17 ms | push=20554600 pop=20391000 lag=163600 | errs push=0 pop=0 empty=363 gor=508 | ack=   110203/s ackErr=0 ackAvg=16.54ms | e2e p50=36.61 p99=152.58 p999=166.91 n=1102600 | e2e_local p50=37.12 p99=154.62 n=363000
[11:15:14] offered=   111119/s achieved=   111149/s shed=        0/s inflight=     4 | p50=  11.71 p99=   60.16 p999=   72.19 ms | push=21666000 pop=21515800 lag=150200 | errs push=0 pop=0 empty=363 gor=502 | ack=   112539/s ackErr=0 ackAvg=16.63ms | e2e p50=33.54 p99=129.54 p999=154.62 n=1124800 | e2e_local p50=33.54 p99=130.56 n=379400
[11:15:24] offered=   111104/s achieved=   111064/s shed=        0/s inflight=     8 | p50=  11.71 p99=   52.48 p999=   73.22 ms | push=22776700 pop=22623100 lag=153600 | errs push=0 pop=0 empty=363 gor=412 | ack=   110644/s ackErr=0 ackAvg=16.67ms | e2e p50=33.54 p99=100.86 p999=112.13 n=1107300 | e2e_local p50=33.02 p99=99.84 n=374500
[11:15:34] offered=   111135/s achieved=   111145/s shed=        0/s inflight=     8 | p50=  11.71 p99=   54.02 p999=   70.14 ms | push=23888100 pop=23786300 lag=101800 | errs push=0 pop=0 empty=363 gor=401 | ack=   116315/s ackErr=0 ackAvg=16.70ms | e2e p50=34.05 p99=113.15 p999=134.14 n=1163200 | e2e_local p50=33.54 p99=112.13 n=388000
[11:15:44] offered=   111121/s achieved=   111091/s shed=        0/s inflight=    11 | p50=  11.84 p99=   65.28 p999=   78.34 ms | push=24999000 pop=24900100 lag=98900 | errs push=0 pop=0 empty=363 gor=341 | ack=   111201/s ackErr=0 ackAvg=16.77ms | e2e p50=33.54 p99=222.21 p999=259.07 n=1113800 | e2e_local p50=33.02 p99=218.11 n=371600
[11:15:54] offered=   111120/s achieved=   111110/s shed=        0/s inflight=    12 | p50=  11.58 p99=   48.90 p999=   65.28 ms | push=26110200 pop=26034100 lag=76100 | errs push=0 pop=0 empty=363 gor=340 | ack=   113490/s ackErr=0 ackAvg=16.80ms | e2e p50=33.54 p99=104.96 p999=127.49 n=1134000 | e2e_local p50=32.64 p99=103.94 n=370400
[11:16:04] offered=   111099/s achieved=   111099/s shed=        0/s inflight=    11 | p50=  12.10 p99=   58.11 p999=   69.12 ms | push=27221100 pop=27145000 lag=76100 | errs push=0 pop=0 empty=363 gor=340 | ack=   111019/s ackErr=0 ackAvg=16.86ms | e2e p50=35.58 p99=126.46 p999=154.62 n=1110900 | e2e_local p50=35.07 p99=126.46 n=376100
[11:16:14] offered=   111100/s achieved=   111150/s shed=        0/s inflight=     7 | p50=  11.84 p99=   49.92 p999=   57.09 ms | push=28332600 pop=28208600 lag=124000 | errs push=0 pop=0 empty=363 gor=336 | ack=   106550/s ackErr=0 ackAvg=16.90ms | e2e p50=34.56 p99=138.24 p999=166.91 n=1063600 | e2e_local p50=34.56 p99=136.19 n=367200
[11:16:24] offered=   111096/s achieved=   111026/s shed=        0/s inflight=    14 | p50=  11.58 p99=   45.82 p999=   59.14 ms | push=29442900 pop=29340300 lag=102600 | errs push=0 pop=0 empty=363 gor=343 | ack=   112926/s ackErr=0 ackAvg=16.93ms | e2e p50=34.05 p99=160.77 p999=179.20 n=1131700 | e2e_local p50=33.54 p99=158.72 n=378900
[11:16:34] offered=   111133/s achieved=   111153/s shed=        0/s inflight=    10 | p50=  11.97 p99=   51.46 p999=   68.10 ms | push=30554400 pop=30449000 lag=105400 | errs push=0 pop=0 empty=363 gor=338 | ack=   111103/s ackErr=0 ackAvg=16.97ms | e2e p50=35.58 p99=125.44 p999=152.58 n=1108700 | e2e_local p50=36.10 p99=125.44 n=370800
[11:16:44] offered=   111100/s achieved=   111040/s shed=        0/s inflight=    18 | p50=  11.46 p99=   40.19 p999=   54.02 ms | push=31664800 pop=31528200 lag=136600 | errs push=0 pop=0 empty=363 gor=351 | ack=   107650/s ackErr=0 ackAvg=16.98ms | e2e p50=34.05 p99=124.42 p999=154.62 n=1079200 | e2e_local p50=34.05 p99=128.51 n=366900
[11:16:54] offered=   111109/s achieved=   111189/s shed=        0/s inflight=    10 | p50=  11.58 p99=   44.80 p999=   64.77 ms | push=32776700 pop=32656600 lag=120100 | errs push=0 pop=0 empty=363 gor=321 | ack=   112749/s ackErr=0 ackAvg=17.01ms | e2e p50=34.56 p99=211.97 p999=244.74 n=1128400 | e2e_local p50=35.07 p99=211.97 n=372900
[drain] consumers keep going for 9.984s (lag now 120900)
[11:17:04] offered=        0/s achieved=      100/s shed=        0/s inflight=     0 | p50=  13.63 p99=   17.54 p999=   17.54 ms | push=32777700 pop=32660400 lag=117300 | errs push=0 pop=0 empty=528 gor=302 | ack=      820/s ackErr=0 ackAvg=17.01ms | e2e p50=30.59 p99=36.61 p999=36.61 n=3800 | e2e_local p50=28.54 p99=32.38 n=1200
[info] steady window 290s (after the ramp, before the producers stopped): offered 111111/s pushed 111110/s popped 110733/s cpu 193.3% = 1.74 cores per 100k msg/s (produce+consume)
[final] offered=327777 achieved=327777 shed=0 (msgs: offered=32777700 achieved=32777700 shed=0) pushErr=0 | pushed=32777700 popped=32660400 lag=117300 | popErr=0 empty=528 | overall p50=11.07 p99=64.26 p999=96.77 ms | acked=32660400 ackErr=0 ackLag=117300 ackAvg=17.01ms | e2e p50=32.13 p99=181.25 p999=250.88 ms
load_cpu=173.4%
