qload tag=a2-210-completed loader=3/9 mode=batch rate=111111 msg/s batch=100 batch-max=0 max-inflight=5000 ramp=10s duration=5m0s report=10s drain=10s GOMAXPROCS=16 GOGC=400(default) seed=1791630701771673879
  offered: 111111 msg/s = 1111.1 units/s (avg 100.0 msgs/unit) across 23 pacer workers (48.31 units/s each)
  topics: 1 x 500000 partitions (bench..bench), entities/topic=0 (explicit partition) | picker: topics=rr entities: rr over space=500000 starting at 166666
  payload: goload jsonEvent target 256 B, avg 289.5 B raw, ~320 B stamped ({"ts":µs,"src":3,...}), pool 64x100
  consumers: 33 here (ci 99..131 of 297), poll=1000 proc-us=0 ack=async ack-inflight=256 local-src=[3 4 5]
  queen: url=http://10.114.0.14:6632 (of 3) conns=2048 timeout=30s pop-width=10 pop-batch=1000 pop-timeout=2s lease=30s | configure: leaseTime=30 completedRetention=3600 dedup=0 retryLimit=1000000 | plain: consumers pop+ack the queue
  [queen] http://10.114.0.14:6632 healthy: version 2.1.0, this node leader
  [consume] 33 consumers of bench: pop width 10, batch 1000, long poll 2s, lease 30s, async batch acks (ack-inflight 256)
READY 1791630695722
[start] waiting 19.042s for the common start 1791630714764
[start] GO 11:11:54.764 (unix ms 1791630714764)
[11:12:04] offered=    55521/s achieved=    55471/s shed=        0/s inflight=     5 | p50=   6.43 p99=   18.82 p999=   27.01 ms | push=554700 pop=546000 lag=8700 | errs push=0 pop=0 empty=363 gor=213 | ack=    54451/s ackErr=0 ackAvg=9.63ms | e2e p50=19.58 p99=52.48 p999=56.58 n=546000 | e2e_local p50=20.10 p99=52.48 n=182300
[11:12:14] offered=   111100/s achieved=   111080/s shed=        0/s inflight=     6 | p50=   8.26 p99=   45.82 p999=   61.70 ms | push=1665500 pop=1662100 lag=3400 | errs push=0 pop=0 empty=363 gor=294 | ack=   111600/s ackErr=0 ackAvg=12.44ms | e2e p50=25.22 p99=84.48 p999=103.94 n=1116100 | e2e_local p50=25.22 p99=84.48 n=369300
[11:12:24] offered=   111140/s achieved=   111090/s shed=        0/s inflight=    11 | p50=   8.26 p99=   42.24 p999=   53.50 ms | push=2776400 pop=2770000 lag=6400 | errs push=0 pop=0 empty=363 gor=301 | ack=   110710/s ackErr=0 ackAvg=12.98ms | e2e p50=24.70 p99=81.41 p999=96.77 n=1107900 | e2e_local p50=24.70 p99=78.34 n=370100
[11:12:34] offered=   111133/s achieved=   111113/s shed=        0/s inflight=    15 | p50=  10.82 p99=   75.26 p999=  110.08 ms | push=3887600 pop=3887400 lag=200 | errs push=0 pop=0 empty=363 gor=423 | ack=   111913/s ackErr=0 ackAvg=14.16ms | e2e p50=58.62 p99=185.34 p999=211.97 n=1117400 | e2e_local p50=56.06 p99=185.34 n=365300
[11:12:44] offered=   111127/s achieved=   111127/s shed=        0/s inflight=    14 | p50=  11.71 p99=   77.31 p999=   94.72 ms | push=4998800 pop=5002200 lag=-3400 | errs push=0 pop=0 empty=363 gor=421 | ack=   111377/s ackErr=0 ackAvg=15.28ms | e2e p50=85.50 p99=264.19 p999=280.58 n=1114800 | e2e_local p50=84.48 p99=264.19 n=375600
[11:12:54] offered=   111090/s achieved=   111090/s shed=        0/s inflight=    14 | p50=   8.51 p99=   48.38 p999=   62.21 ms | push=6109700 pop=6101400 lag=8300 | errs push=0 pop=0 empty=363 gor=422 | ack=   109940/s ackErr=0 ackAvg=15.08ms | e2e p50=25.47 p99=86.53 p999=97.79 n=1099200 | e2e_local p50=25.47 p99=85.50 n=363900
[11:13:04] offered=   111085/s achieved=   111105/s shed=        0/s inflight=    13 | p50=   8.64 p99=   48.90 p999=   60.67 ms | push=7220800 pop=7204200 lag=16600 | errs push=0 pop=0 empty=363 gor=418 | ack=   110305/s ackErr=0 ackAvg=14.96ms | e2e p50=25.98 p99=92.67 p999=110.08 n=1102800 | e2e_local p50=26.24 p99=92.67 n=365200
[11:13:14] offered=   111114/s achieved=   111134/s shed=        0/s inflight=     4 | p50=   9.41 p99=   64.77 p999=   73.22 ms | push=8332100 pop=8330800 lag=1300 | errs push=0 pop=0 empty=363 gor=413 | ack=   112604/s ackErr=0 ackAvg=15.08ms | e2e p50=29.31 p99=115.20 p999=128.51 n=1126600 | e2e_local p50=29.57 p99=115.20 n=383400
[11:13:24] offered=   111113/s achieved=   111083/s shed=        0/s inflight=    14 | p50=  10.05 p99=   76.29 p999=   99.84 ms | push=9443000 pop=9449700 lag=-6700 | errs push=0 pop=0 empty=363 gor=422 | ack=   111843/s ackErr=0 ackAvg=15.32ms | e2e p50=32.64 p99=158.72 p999=177.15 n=1118900 | e2e_local p50=32.64 p99=158.72 n=370800
[11:13:34] offered=   111117/s achieved=   111167/s shed=        0/s inflight=     7 | p50=   9.79 p99=   64.77 p999=   77.31 ms | push=10554600 pop=10564400 lag=-9800 | errs push=0 pop=0 empty=363 gor=413 | ack=   111577/s ackErr=0 ackAvg=15.45ms | e2e p50=31.62 p99=126.46 p999=148.48 n=1114700 | e2e_local p50=31.62 p99=127.49 n=367800
[11:13:44] offered=   111091/s achieved=   111111/s shed=        0/s inflight=     8 | p50=  10.56 p99=   71.17 p999=   84.48 ms | push=11665700 pop=11667500 lag=-1800 | errs push=0 pop=0 empty=363 gor=415 | ack=   110251/s ackErr=0 ackAvg=15.64ms | e2e p50=33.54 p99=144.38 p999=158.72 n=1103100 | e2e_local p50=33.54 p99=142.34 n=366400
[11:13:54] offered=   111107/s achieved=   111077/s shed=        0/s inflight=     9 | p50=  10.56 p99=   64.77 p999=   74.24 ms | push=12776500 pop=12788800 lag=-12300 | errs push=0 pop=0 empty=363 gor=416 | ack=   112247/s ackErr=0 ackAvg=15.84ms | e2e p50=33.02 p99=148.48 p999=181.25 n=1121300 | e2e_local p50=33.54 p99=148.48 n=370000
[11:14:04] offered=   111112/s achieved=   111152/s shed=        0/s inflight=     5 | p50=  10.56 p99=   71.17 p999=  100.86 ms | push=13888000 pop=13886000 lag=2000 | errs push=0 pop=0 empty=363 gor=397 | ack=   109612/s ackErr=0 ackAvg=15.98ms | e2e p50=34.56 p99=146.43 p999=164.86 n=1097300 | e2e_local p50=35.07 p99=146.43 n=370700
[11:14:14] offered=   111130/s achieved=   111090/s shed=        0/s inflight=     9 | p50=  10.43 p99=   75.26 p999=  107.01 ms | push=14998900 pop=15021000 lag=-22100 | errs push=0 pop=0 empty=363 gor=402 | ack=   113450/s ackErr=0 ackAvg=16.11ms | e2e p50=32.64 p99=148.48 p999=191.49 n=1134900 | e2e_local p50=32.64 p99=146.43 n=380600
[11:14:24] offered=   111141/s achieved=   111091/s shed=        0/s inflight=    14 | p50=  10.30 p99=   54.02 p999=   60.67 ms | push=16109800 pop=16126300 lag=-16500 | errs push=0 pop=0 empty=363 gor=405 | ack=   110621/s ackErr=0 ackAvg=16.16ms | e2e p50=32.64 p99=113.15 p999=126.46 n=1105300 | e2e_local p50=33.02 p99=114.18 n=366900
[11:14:34] offered=   111120/s achieved=   111080/s shed=        0/s inflight=    17 | p50=  10.43 p99=   52.99 p999=   65.28 ms | push=17220600 pop=17220900 lag=-300 | errs push=0 pop=0 empty=363 gor=418 | ack=   109220/s ackErr=0 ackAvg=16.22ms | e2e p50=33.02 p99=199.68 p999=240.64 n=1094600 | e2e_local p50=33.02 p99=199.68 n=360200
[11:14:44] offered=   111085/s achieved=   111125/s shed=        0/s inflight=    14 | p50=  10.43 p99=   49.92 p999=   60.67 ms | push=18331900 pop=18366500 lag=-34600 | errs push=0 pop=0 empty=363 gor=406 | ack=   114795/s ackErr=0 ackAvg=16.28ms | e2e p50=34.05 p99=123.39 p999=140.29 n=1145600 | e2e_local p50=33.54 p99=123.39 n=380700
[11:14:54] offered=   111090/s achieved=   111150/s shed=        0/s inflight=     9 | p50=  10.43 p99=   53.50 p999=   69.12 ms | push=19443400 pop=19467600 lag=-24200 | errs push=0 pop=0 empty=363 gor=401 | ack=   110190/s ackErr=0 ackAvg=16.32ms | e2e p50=32.38 p99=118.27 p999=125.44 n=1101100 | e2e_local p50=32.13 p99=119.30 n=358500
[11:15:04] offered=   111103/s achieved=   111073/s shed=        0/s inflight=    12 | p50=  10.94 p99=   57.09 p999=   69.12 ms | push=20554100 pop=20587000 lag=-32900 | errs push=0 pop=0 empty=363 gor=408 | ack=   111693/s ackErr=0 ackAvg=16.41ms | e2e p50=35.07 p99=138.24 p999=166.91 n=1119400 | e2e_local p50=35.07 p99=148.48 n=374600
[11:15:14] offered=   111115/s achieved=   111185/s shed=        0/s inflight=     6 | p50=  10.82 p99=   55.04 p999=   69.12 ms | push=21666000 pop=21699800 lag=-33800 | errs push=0 pop=0 empty=363 gor=395 | ack=   111575/s ackErr=0 ackAvg=16.48ms | e2e p50=33.54 p99=128.51 p999=150.53 n=1112800 | e2e_local p50=34.05 p99=128.51 n=366900
[11:15:24] offered=   111125/s achieved=   111095/s shed=        0/s inflight=     5 | p50=  10.56 p99=   49.92 p999=   63.23 ms | push=22776900 pop=22804900 lag=-28000 | errs push=0 pop=0 empty=363 gor=396 | ack=   110455/s ackErr=0 ackAvg=16.53ms | e2e p50=33.54 p99=99.84 p999=112.13 n=1105100 | e2e_local p50=33.54 p99=99.84 n=374800
[11:15:34] offered=   111108/s achieved=   111108/s shed=        0/s inflight=     7 | p50=  10.69 p99=   49.41 p999=   59.65 ms | push=23888000 pop=23897300 lag=-9300 | errs push=0 pop=0 empty=363 gor=400 | ack=   109228/s ackErr=0 ackAvg=16.56ms | e2e p50=33.02 p99=114.18 p999=130.56 n=1092400 | e2e_local p50=33.02 p99=113.15 n=366500
[11:15:44] offered=   111092/s achieved=   111092/s shed=        0/s inflight=     6 | p50=  10.69 p99=   61.18 p999=   73.22 ms | push=24998900 pop=25040000 lag=-41100 | errs push=0 pop=0 empty=363 gor=323 | ack=   114292/s ackErr=0 ackAvg=16.63ms | e2e p50=33.54 p99=216.06 p999=244.74 n=1142700 | e2e_local p50=33.54 p99=214.02 n=382400
[11:15:54] offered=   111106/s achieved=   111126/s shed=        0/s inflight=     8 | p50=  10.56 p99=   47.36 p999=   60.16 ms | push=26110200 pop=26146900 lag=-36700 | errs push=0 pop=0 empty=363 gor=329 | ack=   110306/s ackErr=0 ackAvg=16.64ms | e2e p50=34.56 p99=105.98 p999=128.51 n=1106900 | e2e_local p50=34.56 p99=105.98 n=371100
[11:16:04] offered=   111129/s achieved=   111079/s shed=        0/s inflight=     9 | p50=  10.94 p99=   54.53 p999=   66.05 ms | push=27221000 pop=27271400 lag=-50400 | errs push=0 pop=0 empty=363 gor=330 | ack=   112639/s ackErr=0 ackAvg=16.70ms | e2e p50=35.07 p99=130.56 p999=158.72 n=1124500 | e2e_local p50=35.07 p99=127.49 n=371100
[11:16:14] offered=   111144/s achieved=   111134/s shed=        0/s inflight=    11 | p50=  10.82 p99=   46.85 p999=   54.53 ms | push=28332300 pop=28369400 lag=-37100 | errs push=0 pop=0 empty=363 gor=327 | ack=   109994/s ackErr=0 ackAvg=16.74ms | e2e p50=34.56 p99=152.58 p999=171.01 n=1098000 | e2e_local p50=35.07 p99=154.62 n=366800
[11:16:24] offered=   111122/s achieved=   111092/s shed=        0/s inflight=    14 | p50=  10.69 p99=   43.78 p999=   52.99 ms | push=29443200 pop=29503200 lag=-60000 | errs push=0 pop=0 empty=363 gor=332 | ack=   113212/s ackErr=0 ackAvg=16.77ms | e2e p50=33.54 p99=140.29 p999=166.91 n=1133800 | e2e_local p50=33.54 p99=140.29 n=375200
[11:16:34] offered=   111088/s achieved=   111098/s shed=        0/s inflight=    13 | p50=  10.94 p99=   49.41 p999=   66.05 ms | push=30554200 pop=30608000 lag=-53800 | errs push=0 pop=0 empty=363 gor=331 | ack=   110658/s ackErr=0 ackAvg=16.81ms | e2e p50=36.10 p99=119.30 p999=142.34 n=1104800 | e2e_local p50=35.58 p99=119.30 n=381900
[11:16:44] offered=   111089/s achieved=   111079/s shed=        0/s inflight=    14 | p50=  10.56 p99=   38.14 p999=   48.90 ms | push=31665000 pop=31732000 lag=-67000 | errs push=0 pop=0 empty=363 gor=335 | ack=   111939/s ackErr=0 ackAvg=16.83ms | e2e p50=34.05 p99=126.46 p999=160.77 n=1124000 | e2e_local p50=34.05 p99=125.44 n=380500
[11:16:54] offered=   111107/s achieved=   111107/s shed=        0/s inflight=    14 | p50=  10.56 p99=   41.73 p999=   50.94 ms | push=32776100 pop=32838400 lag=-62300 | errs push=0 pop=0 empty=363 gor=310 | ack=   110927/s ackErr=0 ackAvg=16.85ms | e2e p50=33.54 p99=220.16 p999=246.78 n=1106400 | e2e_local p50=33.54 p99=218.11 n=376900
[drain] consumers keep going for 9.989s (lag now -62000)
[11:17:04] offered=        0/s achieved=      140/s shed=        0/s inflight=     0 | p50=  13.76 p99=   16.32 p999=   16.32 ms | push=32777500 pop=32840500 lag=-63000 | errs push=0 pop=0 empty=528 gor=290 | ack=      420/s ackErr=0 ackAvg=16.85ms | e2e p50=28.54 p99=36.61 p999=36.61 n=2100 | e2e_local p50=32.64 p99=35.58 n=900
[info] steady window 290s (after the ramp, before the producers stopped): offered 111111/s pushed 111108/s popped 111353/s cpu 199.5% = 1.80 cores per 100k msg/s (produce+consume)
[final] offered=327775 achieved=327775 shed=0 (msgs: offered=32777500 achieved=32777500 shed=0) pushErr=0 | pushed=32777500 popped=32840500 lag=-63000 | popErr=0 empty=528 | overall p50=10.18 p99=59.14 p999=83.46 ms | acked=32840500 ackErr=0 ackLag=-63000 ackAvg=16.85ms | e2e p50=31.87 p99=181.25 p999=244.74 ms
load_cpu=179.0%
