{"role":"producer","event":"start","queues":["bench-cal-A"],"queueCount":1,"numWorkers":2,"conns":100,"duration":90,"maxPartition":1000,"msgsPerPush":100,"timestamp":"2026-06-04T10:45:32.463Z"}
{
  "role": "producer",
  "event": "result",
  "totalRequests": 150625,
  "totalMessages": 15062500,
  "reqPerSec": 1674,
  "msgPerSec": 167400,
  "latency": {
    "p50": 119,
    "p90": 150.5,
    "p99": 335.5,
    "avg": 120.11500000000001,
    "max": 2032
  },
  "errors": 0,
  "non2xx": 0,
  "timeouts": 0,
  "durationSec": 90
}
