=== CM-BENCH  system=queen  R=2500 ev/s  P=1000  duration=150s ===
invariants: 15000 deliveries/s, 412 ordered lanes, publishes/s native=5000 copied=15000
started 12 stages, lane budget 618 (headroom 1.50x)
warmup: 1000 properties x 2 flows in 3.59s, pipeline drained=true (12000/12000)
t=   1  off=   126 pub=   125 der=   120 del=    712 proc=    675 ack=    670  lag=      50  shed=0 pushErr=0 ackErr=0  e2eA p50=2287 p99=3527  e2eB p50=2287 p99=3527
t=   2  off=   376 pub=   375 der=   360 del=   2111 proc=   2068 ack=   2059  lag=     157  shed=0 pushErr=0 ackErr=0  e2eA p50=2097 p99=3527  e2eB p50=2097 p99=3527
t=   3  off=   624 pub=   620 der=   602 del=   3567 proc=   3509 ack=   3455  lag=     278  shed=0 pushErr=0 ackErr=0  e2eA p50=1617 p99=3527  e2eB p50=1617 p99=3527
t=   4  off=   875 pub=   872 der=   841 del=   4922 proc=   4966 ack=   4555  lag=     389  shed=0 pushErr=0 ackErr=0  e2eA p50=809 p99=3527  e2eB p50=882 p99=3527
t=   5  off=  1124 pub=  1120 der=  1083 del=   6314 proc=   6247 ack=   5972  lag=     677  shed=0 pushErr=0 ackErr=0  e2eA p50=185 p99=3527  e2eB p50=170 p99=3527
t=   6  off=  1376 pub=  1353 der=  1341 del=   8083 proc=   8063 ack=   7903  lag=     672  shed=0 pushErr=0 ackErr=0  e2eA p50=185 p99=3527  e2eB p50=185 p99=3527
t=   7  off=  1625 pub=  1623 der=  1536 del=   9444 proc=   9242 ack=   8711  lag=     733  shed=0 pushErr=0 ackErr=0  e2eA p50=202 p99=3527  e2eB p50=185 p99=3527
t=   8  off=  1874 pub=  1823 der=  1761 del=  10446 proc=  10439 ack=   9262  lag=     922  shed=0 pushErr=0 ackErr=0  e2eA p50=202 p99=3527  e2eB p50=202 p99=3527
t=   9  off=  2126 pub=  2121 der=  2042 del=  11888 proc=  11703 ack=  11075  lag=    1550  shed=0 pushErr=0 ackErr=0  e2eA p50=220 p99=3527  e2eB p50=220 p99=3527
t=  10  off=  2376 pub=  2309 der=  2056 del=  12817 proc=  12819 ack=  11469  lag=    1320  shed=0 pushErr=0 ackErr=0  e2eA p50=240 p99=3527  e2eB p50=240 p99=3527
t=  11  off=  2499 pub=  2128 der=  1901 del=  10987 proc=  11338 ack=  11484  lag=    1615  shed=0 pushErr=0 ackErr=0  e2eA p50=262 p99=3527  e2eB p50=262 p99=3527
t=  12  off=  2500 pub=  2425 der=  2154 del=  13164 proc=  12854 ack=  11833  lag=    1956  shed=0 pushErr=0 ackErr=0  e2eA p50=312 p99=3527  e2eB p50=286 p99=3527
t=  13  off=  2501 pub=  2792 der=  2228 del=  13200 proc=  13059 ack=  13625  lag=    2829  shed=0 pushErr=0 ackErr=0  e2eA p50=340 p99=3527  e2eB p50=312 p99=3527
t=  14  off=  2499 pub=  2381 der=  2580 del=  15543 proc=  15659 ack=  14971  lag=    2451  shed=0 pushErr=0 ackErr=0  e2eA p50=441 p99=3527  e2eB p50=340 p99=3527
t=  15  off=  2501 pub=  2488 der=  2393 del=  14343 proc=  14359 ack=  14341  lag=    2545  shed=0 pushErr=0 ackErr=0  e2eA p50=481 p99=3527  e2eB p50=404 p99=3527
t=  16  off=  2501 pub=  2623 der=  2429 del=  14803 proc=  15080 ack=  15722  lag=    2233  shed=0 pushErr=0 ackErr=0  e2eA p50=572 p99=3527  e2eB p50=481 p99=3527
t=  17  off=  2497 pub=  2725 der=  2975 del=  16535 proc=  15934 ack=  14180  lag=    3899  shed=0 pushErr=0 ackErr=0  e2eA p50=623 p99=3234  e2eB p50=572 p99=3527
t=  18  off=  2504 pub=  2462 der=  2398 del=  15201 proc=  15482 ack=  17535  lag=    2869  shed=0 pushErr=0 ackErr=0  e2eA p50=623 p99=3234  e2eB p50=623 p99=3234
t=  19  off=  2495 pub=  2448 der=  2409 del=  14540 proc=  14526 ack=  14474  lag=    2836  shed=0 pushErr=0 ackErr=0  e2eA p50=680 p99=3234  e2eB p50=680 p99=3234
t=  20  off=  2503 pub=  2418 der=  2321 del=  14155 proc=  14097 ack=  13847  lag=    2762  shed=0 pushErr=0 ackErr=0  e2eA p50=680 p99=3234  e2eB p50=680 p99=3234
t=  21  off=  2498 pub=  1916 der=  2169 del=  12942 proc=  12844 ack=  13553  lag=    2679  shed=0 pushErr=0 ackErr=0  e2eA p50=680 p99=3234  e2eB p50=680 p99=3234
t=  22  off=  2503 pub=  3156 der=  2793 del=  15598 proc=  15400 ack=  13193  lag=    4400  shed=0 pushErr=0 ackErr=0  e2eA p50=741 p99=3234  e2eB p50=741 p99=3234
t=  23  off=  2500 pub=  2478 der=  2849 del=  17672 proc=  18005 ack=  18532  lag=    3118  shed=0 pushErr=0 ackErr=0  e2eA p50=741 p99=3234  e2eB p50=741 p99=3234
t=  24  off=  2498 pub=  2586 der=  2457 del=  14614 proc=  14203 ack=  14852  lag=    3786  shed=0 pushErr=0 ackErr=0  e2eA p50=741 p99=3234  e2eB p50=741 p99=3234
t=  25  off=  2501 pub=  2487 der=  2592 del=  15639 proc=  16211 ack=  15460  lag=    3022  shed=0 pushErr=0 ackErr=0  e2eA p50=809 p99=3234  e2eB p50=741 p99=3234
t=  26  off=  2500 pub=  2526 der=  2431 del=  14039 proc=  13916 ack=  14257  lag=    3787  shed=0 pushErr=0 ackErr=0  e2eA p50=809 p99=3234  e2eB p50=741 p99=3234
t=  27  off=  2500 pub=  2496 der=  2442 del=  15797 proc=  15651 ack=  15053  lag=    2842  shed=0 pushErr=0 ackErr=0  e2eA p50=809 p99=3234  e2eB p50=809 p99=3234
t=  28  off=  2499 pub=  2376 der=  2406 del=  14486 proc=  13753 ack=  14797  lag=    3495  shed=0 pushErr=0 ackErr=0  e2eA p50=809 p99=3234  e2eB p50=809 p99=3234
t=  29  off=  2500 pub=  2543 der=  2639 del=  14861 proc=  15720 ack=  15435  lag=    3513  shed=0 pushErr=0 ackErr=0  e2eA p50=809 p99=2966  e2eB p50=809 p99=2966
t=  30  off=  2501 pub=  2441 der=  2612 del=  16277 proc=  16167 ack=  16036  lag=    2847  shed=0 pushErr=0 ackErr=0  e2eA p50=809 p99=2966  e2eB p50=809 p99=2966
t=  31  off=  2501 pub=  2117 der=  2076 del=  12626 proc=  12603 ack=  13407  lag=    2741  shed=0 pushErr=0 ackErr=0  e2eA p50=809 p99=2966  e2eB p50=809 p99=2966
t=  32  off=  2499 pub=  2626 der=  2389 del=  14522 proc=  14302 ack=  13319  lag=    3010  shed=0 pushErr=0 ackErr=0  e2eA p50=809 p99=2966  e2eB p50=809 p99=2966
t=  33  off=  2499 pub=  2467 der=  2498 del=  15317 proc=  15607 ack=  16436  lag=    2360  shed=0 pushErr=0 ackErr=0  e2eA p50=809 p99=2966  e2eB p50=809 p99=2966
t=  34  off=  2499 pub=  2438 der=  2342 del=  14016 proc=  13887 ack=  16169  lag=    2621  shed=0 pushErr=0 ackErr=0  e2eA p50=809 p99=2966  e2eB p50=809 p99=2966
t=  35  off=  2501 pub=  2603 der=  2604 del=  15148 proc=  14962 ack=  12513  lag=    3282  shed=0 pushErr=0 ackErr=0  e2eA p50=809 p99=2720  e2eB p50=809 p99=2720
t=  36  off=  2501 pub=  2487 der=  2443 del=  14765 proc=  15057 ack=  16230  lag=    2927  shed=0 pushErr=0 ackErr=0  e2eA p50=809 p99=2720  e2eB p50=809 p99=2720
t=  37  off=  2500 pub=  2736 der=  2584 del=  15599 proc=  15179 ack=  14569  lag=    3404  shed=0 pushErr=0 ackErr=0  e2eA p50=809 p99=2720  e2eB p50=809 p99=2720
t=  38  off=  2499 pub=  2542 der=  2875 del=  16660 proc=  16995 ack=  15608  lag=    3326  shed=0 pushErr=0 ackErr=0  e2eA p50=809 p99=2720  e2eB p50=809 p99=2720
t=  39  off=  2500 pub=  2530 der=  2627 del=  15564 proc=  15598 ack=  16379  lag=    3393  shed=0 pushErr=0 ackErr=0  e2eA p50=809 p99=2720  e2eB p50=809 p99=2720
t=  40  off=  2501 pub=  2398 der=  2447 del=  15383 proc=  15193 ack=  15487  lag=    2833  shed=0 pushErr=0 ackErr=0  e2eA p50=809 p99=2720  e2eB p50=809 p99=2720
t=  41  off=  2499 pub=  1999 der=  2237 del=  12967 proc=  13392 ack=  13246  lag=    2625  shed=0 pushErr=0 ackErr=0  e2eA p50=809 p99=2720  e2eB p50=809 p99=2720
t=  42  off=  2501 pub=  2613 der=  2162 del=  12862 proc=  12665 ack=  13058  lag=    3383  shed=0 pushErr=0 ackErr=0  e2eA p50=809 p99=2494  e2eB p50=809 p99=2494
t=  43  off=  2499 pub=  2686 der=  2696 del=  16503 proc=  16204 ack=  15568  lag=    3345  shed=0 pushErr=0 ackErr=0  e2eA p50=809 p99=2494  e2eB p50=882 p99=2494
t=  44  off=  2500 pub=  2724 der=  2727 del=  16182 proc=  16190 ack=  16360  lag=    3514  shed=0 pushErr=0 ackErr=0  e2eA p50=809 p99=2494  e2eB p50=882 p99=2494
t=  45  off=  2500 pub=  2577 der=  2694 del=  15972 proc=  16212 ack=  15021  lag=    3349  shed=0 pushErr=0 ackErr=0  e2eA p50=809 p99=2494  e2eB p50=882 p99=2494
t=  46  off=  2501 pub=  2500 der=  2354 del=  14703 proc=  14826 ack=  16804  lag=    2793  shed=0 pushErr=0 ackErr=0  e2eA p50=809 p99=2494  e2eB p50=882 p99=2494
t=  47  off=  2499 pub=  2506 der=  2491 del=  15124 proc=  14569 ack=  13996  lag=    3185  shed=0 pushErr=0 ackErr=0  e2eA p50=809 p99=2494  e2eB p50=882 p99=2494
t=  48  off=  2501 pub=  2516 der=  2568 del=  15059 proc=  15523 ack=  15252  lag=    3018  shed=0 pushErr=0 ackErr=0  e2eA p50=809 p99=2494  e2eB p50=882 p99=2494
t=  49  off=  2498 pub=  2426 der=  2486 del=  14760 proc=  14407 ack=  13476  lag=    3467  shed=0 pushErr=0 ackErr=0  e2eA p50=809 p99=2287  e2eB p50=882 p99=2494
t=  50  off=  2501 pub=  2577 der=  2606 del=  15353 proc=  15834 ack=  16702  lag=    3240  shed=0 pushErr=0 ackErr=0  e2eA p50=809 p99=2287  e2eB p50=882 p99=2494
t=  51  off=  2499 pub=  2227 der=  2269 del=  13397 proc=  13454 ack=  13620  lag=    3358  shed=0 pushErr=0 ackErr=0  e2eA p50=809 p99=2287  e2eB p50=882 p99=2494
t=  52  off=  2501 pub=  2782 der=  2408 del=  14891 proc=  13710 ack=  13520  lag=    4470  shed=0 pushErr=0 ackErr=0  e2eA p50=809 p99=2287  e2eB p50=882 p99=2287
t=  53  off=  2500 pub=  2508 der=  3050 del=  17567 proc=  18675 ack=  17168  lag=    3553  shed=0 pushErr=0 ackErr=0  e2eA p50=809 p99=2287  e2eB p50=882 p99=2287
t=  54  off=  2500 pub=  2605 der=  2096 del=  14607 proc=  14269 ack=  16360  lag=    2369  shed=0 pushErr=0 ackErr=0  e2eA p50=809 p99=2287  e2eB p50=882 p99=2287
t=  55  off=  2502 pub=  2524 der=  2597 del=  14340 proc=  14719 ack=  13657  lag=    3159  shed=0 pushErr=0 ackErr=0  e2eA p50=809 p99=2287  e2eB p50=882 p99=2287
t=  56  off=  2499 pub=  2233 der=  2477 del=  14687 proc=  14560 ack=  15421  lag=    3217  shed=0 pushErr=0 ackErr=0  e2eA p50=809 p99=2287  e2eB p50=882 p99=2287
t=  57  off=  2498 pub=  2589 der=  2468 del=  15160 proc=  14865 ack=  14664  lag=    3281  shed=0 pushErr=0 ackErr=0  e2eA p50=809 p99=2287  e2eB p50=882 p99=2287
t=  58  off=  2504 pub=  2626 der=  2594 del=  15186 proc=  15003 ack=  13928  lag=    3874  shed=0 pushErr=0 ackErr=0  e2eA p50=809 p99=2097  e2eB p50=882 p99=2287
t=  59  off=  2498 pub=  2375 der=  2715 del=  16099 proc=  16387 ack=  16574  lag=    3437  shed=0 pushErr=0 ackErr=0  e2eA p50=809 p99=2097  e2eB p50=882 p99=2287
t=  60  off=  2499 pub=  2433 der=  2323 del=  14746 proc=  15056 ack=  14871  lag=    2429  shed=0 pushErr=0 ackErr=0  e2eA p50=809 p99=2097  e2eB p50=882 p99=2287
t=  61  off=  2500 pub=  2332 der=  2341 del=  13263 proc=  13243 ack=  14350  lag=    3223  shed=0 pushErr=0 ackErr=0  e2eA p50=882 p99=2097  e2eB p50=882 p99=2287
t=  62  off=  2500 pub=  2495 der=  2077 del=  13518 proc=  13662 ack=  14368  lag=    2441  shed=0 pushErr=0 ackErr=0  e2eA p50=882 p99=2097  e2eB p50=882 p99=2097
t=  63  off=  2500 pub=  2234 der=  2669 del=  15647 proc=  15148 ack=  14429  lag=    2872  shed=0 pushErr=0 ackErr=0  e2eA p50=882 p99=2097  e2eB p50=882 p99=2097
t=  64  off=  2501 pub=  2256 der=  2324 del=  14362 proc=  14697 ack=  15354  lag=    2051  shed=0 pushErr=0 ackErr=0  e2eA p50=882 p99=2097  e2eB p50=882 p99=2097
t=  65  off=  2501 pub=  2500 der=  2198 del=  12928 proc=  12863 ack=  12907  lag=    2678  shed=0 pushErr=0 ackErr=0  e2eA p50=882 p99=2097  e2eB p50=882 p99=2097
t=  66  off=  2499 pub=  2746 der=  2556 del=  15278 proc=  14975 ack=  14765  lag=    3229  shed=0 pushErr=0 ackErr=0  e2eA p50=882 p99=2097  e2eB p50=882 p99=2287
t=  67  off=  2499 pub=  2581 der=  2667 del=  15974 proc=  16667 ack=  15294  lag=    2478  shed=0 pushErr=0 ackErr=0  e2eA p50=882 p99=2097  e2eB p50=882 p99=2287
t=  68  off=  2501 pub=  2695 der=  2766 del=  16275 proc=  15818 ack=  16167  lag=    3185  shed=0 pushErr=0 ackErr=0  e2eA p50=882 p99=2097  e2eB p50=882 p99=2287
t=  69  off=  2500 pub=  2465 der=  2700 del=  16274 proc=  16223 ack=  15257  lag=    2927  shed=0 pushErr=0 ackErr=0  e2eA p50=882 p99=2097  e2eB p50=882 p99=2287
t=  70  off=  2499 pub=  2517 der=  2700 del=  16003 proc=  15954 ack=  15923  lag=    2990  shed=0 pushErr=0 ackErr=0  e2eA p50=882 p99=2097  e2eB p50=882 p99=2287
t=  71  off=  2501 pub=  2338 der=  2185 del=  13376 proc=  13644 ack=  15287  lag=    2609  shed=0 pushErr=0 ackErr=0  e2eA p50=882 p99=2097  e2eB p50=882 p99=2287
t=  72  off=  2499 pub=  2309 der=  2269 del=  14062 proc=  13698 ack=  13619  lag=    2565  shed=0 pushErr=0 ackErr=0  e2eA p50=882 p99=2097  e2eB p50=882 p99=2287
t=  73  off=  2501 pub=  2687 der=  2683 del=  15518 proc=  15605 ack=  15250  lag=    3062  shed=0 pushErr=0 ackErr=0  e2eA p50=882 p99=2097  e2eB p50=882 p99=2494
t=  74  off=  2498 pub=  2649 der=  2565 del=  14740 proc=  14979 ack=  15757  lag=    3557  shed=0 pushErr=0 ackErr=0  e2eA p50=882 p99=2097  e2eB p50=882 p99=2494
t=  75  off=  2501 pub=  2583 der=  2797 del=  17460 proc=  17497 ack=  14378  lag=    2628  shed=0 pushErr=0 ackErr=0  e2eA p50=882 p99=2097  e2eB p50=882 p99=2494
t=  76  off=  2500 pub=  2583 der=  2440 del=  15070 proc=  14782 ack=  17195  lag=    2629  shed=0 pushErr=0 ackErr=0  e2eA p50=882 p99=2097  e2eB p50=882 p99=2494
t=  77  off=  2501 pub=  2425 der=  2481 del=  14794 proc=  14913 ack=  15161  lag=    2546  shed=0 pushErr=0 ackErr=0  e2eA p50=809 p99=2097  e2eB p50=882 p99=2494
t=  78  off=  2499 pub=  2579 der=  2467 del=  14657 proc=  14838 ack=  14037  lag=    2622  shed=0 pushErr=0 ackErr=0  e2eA p50=809 p99=2097  e2eB p50=882 p99=2494
t=  79  off=  2501 pub=  2472 der=  2540 del=  15243 proc=  15004 ack=  14919  lag=    2790  shed=0 pushErr=0 ackErr=0  e2eA p50=809 p99=2097  e2eB p50=882 p99=2494
t=  80  off=  2505 pub=  2542 der=  2537 del=  14507 proc=  14907 ack=  15557  lag=    3110  shed=0 pushErr=0 ackErr=0  e2eA p50=809 p99=2097  e2eB p50=882 p99=2494
t=  81  off=  2496 pub=  2254 der=  2095 del=  13079 proc=  12881 ack=  14052  lag=    2958  shed=0 pushErr=0 ackErr=0  e2eA p50=809 p99=2097  e2eB p50=882 p99=2494
t=  82  off=  2499 pub=  2541 der=  2324 del=  14448 proc=  14085 ack=  13339  lag=    3034  shed=0 pushErr=0 ackErr=0  e2eA p50=882 p99=2097  e2eB p50=882 p99=2494
t=  83  off=  2500 pub=  2620 der=  2835 del=  16498 proc=  16588 ack=  16198  lag=    3241  shed=0 pushErr=0 ackErr=0  e2eA p50=882 p99=2097  e2eB p50=882 p99=2494
t=  84  off=  2500 pub=  2616 der=  2672 del=  16006 proc=  16374 ack=  14964  lag=    2843  shed=0 pushErr=0 ackErr=0  e2eA p50=882 p99=2097  e2eB p50=882 p99=2494
t=  85  off=  2499 pub=  2503 der=  2845 del=  16834 proc=  16707 ack=  16414  lag=    2864  shed=0 pushErr=0 ackErr=0  e2eA p50=809 p99=2097  e2eB p50=882 p99=2494
t=  86  off=  2500 pub=  2537 der=  2322 del=  14137 proc=  14277 ack=  16493  lag=    2734  shed=0 pushErr=0 ackErr=0  e2eA p50=809 p99=2097  e2eB p50=882 p99=2494
t=  87  off=  2501 pub=  2569 der=  2533 del=  15056 proc=  15079 ack=  13947  lag=    2889  shed=0 pushErr=0 ackErr=0  e2eA p50=809 p99=2097  e2eB p50=882 p99=2494
t=  88  off=  2499 pub=  2426 der=  2330 del=  14244 proc=  14043 ack=  13468  lag=    2922  shed=0 pushErr=0 ackErr=0  e2eA p50=809 p99=2097  e2eB p50=882 p99=2494
t=  89  off=  2501 pub=  2445 der=  2540 del=  15132 proc=  15217 ack=  15627  lag=    2850  shed=0 pushErr=0 ackErr=0  e2eA p50=809 p99=2097  e2eB p50=882 p99=2494
t=  90  off=  2498 pub=  2566 der=  2532 del=  15398 proc=  15393 ack=  14742  lag=    2683  shed=0 pushErr=0 ackErr=0  e2eA p50=809 p99=2097  e2eB p50=882 p99=2494
t=  91  off=  2501 pub=  2272 der=  2348 del=  13509 proc=  13644 ack=  13865  lag=    3051  shed=0 pushErr=0 ackErr=0  e2eA p50=809 p99=2097  e2eB p50=882 p99=2494
t=  92  off=  2500 pub=  2523 der=  2270 del=  14794 proc=  14352 ack=  16069  lag=    2572  shed=0 pushErr=0 ackErr=0  e2eA p50=809 p99=2097  e2eB p50=882 p99=2494
t=  93  off=  2500 pub=  2552 der=  2517 del=  14889 proc=  14954 ack=  15084  lag=    2755  shed=0 pushErr=0 ackErr=0  e2eA p50=809 p99=2097  e2eB p50=882 p99=2494
t=  94  off=  2500 pub=  2470 der=  2689 del=  15811 proc=  16039 ack=  15238  lag=    2631  shed=0 pushErr=0 ackErr=0  e2eA p50=809 p99=2097  e2eB p50=882 p99=2494
t=  95  off=  2500 pub=  2396 der=  2213 del=  13142 proc=  13112 ack=  15100  lag=    2980  shed=0 pushErr=0 ackErr=0  e2eA p50=809 p99=2097  e2eB p50=882 p99=2494
t=  96  off=  2501 pub=  2576 der=  2394 del=  14986 proc=  15404 ack=  14305  lag=    2122  shed=0 pushErr=0 ackErr=0  e2eA p50=809 p99=2097  e2eB p50=882 p99=2494
t=  97  off=  2499 pub=  2636 der=  2968 del=  17489 proc=  16763 ack=  14075  lag=    2835  shed=0 pushErr=0 ackErr=0  e2eA p50=809 p99=2097  e2eB p50=882 p99=2494
t=  98  off=  2501 pub=  2473 der=  2627 del=  15641 proc=  16013 ack=  16875  lag=    2430  shed=0 pushErr=0 ackErr=0  e2eA p50=809 p99=1923  e2eB p50=882 p99=2494
t=  99  off=  2499 pub=  2579 der=  2440 del=  14825 proc=  14748 ack=  15718  lag=    2461  shed=0 pushErr=0 ackErr=0  e2eA p50=809 p99=1923  e2eB p50=882 p99=2494
t= 100  off=  2501 pub=  2388 der=  2583 del=  14799 proc=  14727 ack=  14426  lag=    3037  shed=0 pushErr=0 ackErr=0  e2eA p50=809 p99=1923  e2eB p50=882 p99=2494
t= 101  off=  2498 pub=  2338 der=  2137 del=  13182 proc=  13110 ack=  13785  lag=    2950  shed=0 pushErr=0 ackErr=0  e2eA p50=809 p99=1923  e2eB p50=882 p99=2494
t= 102  off=  2502 pub=  2635 der=  2381 del=  13767 proc=  13729 ack=  13106  lag=    3761  shed=0 pushErr=0 ackErr=0  e2eA p50=809 p99=1923  e2eB p50=882 p99=2494
t= 103  off=  2498 pub=  2594 der=  2812 del=  17133 proc=  17085 ack=  17695  lag=    3330  shed=0 pushErr=0 ackErr=0  e2eA p50=809 p99=1923  e2eB p50=882 p99=2494
t= 104  off=  2502 pub=  2597 der=  2704 del=  15888 proc=  15939 ack=  16143  lag=    3508  shed=0 pushErr=0 ackErr=0  e2eA p50=809 p99=1923  e2eB p50=882 p99=2494
t= 105  off=  2497 pub=  2555 der=  2496 del=  14949 proc=  15182 ack=  14779  lag=    3361  shed=0 pushErr=0 ackErr=0  e2eA p50=809 p99=1923  e2eB p50=882 p99=2494
t= 106  off=  2504 pub=  2482 der=  2649 del=  16141 proc=  15883 ack=  15207  lag=    3205  shed=0 pushErr=0 ackErr=0  e2eA p50=809 p99=1923  e2eB p50=882 p99=2494
t= 107  off=  2500 pub=  2453 der=  2314 del=  14080 proc=  14271 ack=  14894  lag=    2957  shed=0 pushErr=0 ackErr=0  e2eA p50=809 p99=1923  e2eB p50=882 p99=2494
t= 108  off=  2498 pub=  2479 der=  2595 del=  15508 proc=  15271 ack=  15586  lag=    3140  shed=0 pushErr=0 ackErr=0  e2eA p50=809 p99=1923  e2eB p50=882 p99=2494
t= 109  off=  2499 pub=  2499 der=  2621 del=  15446 proc=  15759 ack=  13736  lag=    2985  shed=0 pushErr=0 ackErr=0  e2eA p50=809 p99=1923  e2eB p50=882 p99=2494
t= 110  off=  2501 pub=  2449 der=  2451 del=  14588 proc=  14658 ack=  15884  lag=    3031  shed=0 pushErr=0 ackErr=0  e2eA p50=809 p99=1923  e2eB p50=882 p99=2494
t= 111  off=  2500 pub=  2265 der=  2159 del=  13218 proc=  13196 ack=  13297  lag=    2895  shed=0 pushErr=0 ackErr=0  e2eA p50=809 p99=1923  e2eB p50=882 p99=2494
t= 112  off=  2502 pub=  2618 der=  2400 del=  14576 proc=  14699 ack=  13434  lag=    2814  shed=0 pushErr=0 ackErr=0  e2eA p50=809 p99=1923  e2eB p50=882 p99=2494
t= 113  off=  2497 pub=  2645 der=  2710 del=  15925 proc=  15243 ack=  16798  lag=    3766  shed=0 pushErr=0 ackErr=0  e2eA p50=809 p99=1923  e2eB p50=882 p99=2494
t= 114  off=  2500 pub=  2554 der=  2662 del=  16113 proc=  16373 ack=  15409  lag=    3257  shed=0 pushErr=0 ackErr=0  e2eA p50=809 p99=1923  e2eB p50=882 p99=2494
t= 115  off=  2502 pub=  2529 der=  2445 del=  14954 proc=  15065 ack=  16442  lag=    2946  shed=0 pushErr=0 ackErr=0  e2eA p50=809 p99=1923  e2eB p50=882 p99=2494
t= 116  off=  2499 pub=  2553 der=  2768 del=  16055 proc=  15791 ack=  15141  lag=    3548  shed=0 pushErr=0 ackErr=0  e2eA p50=809 p99=1923  e2eB p50=882 p99=2494
t= 117  off=  2498 pub=  2487 der=  2247 del=  14467 proc=  14886 ack=  16454  lag=    2384  shed=0 pushErr=0 ackErr=0  e2eA p50=809 p99=1923  e2eB p50=882 p99=2494
t= 118  off=  2502 pub=  2382 der=  2429 del=  14412 proc=  14198 ack=  12049  lag=    2713  shed=0 pushErr=0 ackErr=0  e2eA p50=809 p99=1923  e2eB p50=882 p99=2494
t= 119  off=  2501 pub=  2504 der=  2496 del=  15296 proc=  15342 ack=  14892  lag=    2355  shed=0 pushErr=0 ackErr=0  e2eA p50=809 p99=1923  e2eB p50=882 p99=2494
t= 120  off=  2498 pub=  2517 der=  2420 del=  13898 proc=  14031 ack=  16592  lag=    2941  shed=0 pushErr=0 ackErr=0  e2eA p50=809 p99=1923  e2eB p50=882 p99=2494
t= 121  off=  2502 pub=  2291 der=  2047 del=  12999 proc=  13485 ack=  13703  lag=    1982  shed=0 pushErr=0 ackErr=0  e2eA p50=809 p99=1923  e2eB p50=882 p99=2494
t= 122  off=  2499 pub=  2752 der=  2826 del=  16049 proc=  14722 ack=  12358  lag=    4142  shed=0 pushErr=0 ackErr=0  e2eA p50=809 p99=1923  e2eB p50=882 p99=2494
t= 123  off=  2500 pub=  2376 der=  2836 del=  17121 proc=  17997 ack=  17864  lag=    2701  shed=0 pushErr=0 ackErr=0  e2eA p50=809 p99=1923  e2eB p50=882 p99=2494
t= 124  off=  2500 pub=  2412 der=  2168 del=  13787 proc=  14063 ack=  16195  lag=    1890  shed=0 pushErr=0 ackErr=0  e2eA p50=809 p99=1923  e2eB p50=882 p99=2287
t= 125  off=  2501 pub=  2271 der=  2370 del=  13933 proc=  13531 ack=  14043  lag=    2480  shed=0 pushErr=0 ackErr=0  e2eA p50=809 p99=1923  e2eB p50=882 p99=2287
t= 126  off=  2500 pub=  2458 der=  2171 del=  13135 proc=  13086 ack=  13094  lag=    2707  shed=0 pushErr=0 ackErr=0  e2eA p50=809 p99=1923  e2eB p50=882 p99=2287
t= 127  off=  2499 pub=  2715 der=  2545 del=  14861 proc=  14743 ack=  13448  lag=    3404  shed=0 pushErr=0 ackErr=0  e2eA p50=809 p99=1923  e2eB p50=882 p99=2287
t= 128  off=  2500 pub=  2593 der=  2908 del=  17763 proc=  17788 ack=  16718  lag=    2749  shed=0 pushErr=0 ackErr=0  e2eA p50=809 p99=1923  e2eB p50=882 p99=2287
t= 129  off=  2501 pub=  2613 der=  2353 del=  14192 proc=  14155 ack=  16882  lag=    2972  shed=0 pushErr=0 ackErr=0  e2eA p50=809 p99=1923  e2eB p50=882 p99=2287
t= 130  off=  2500 pub=  2515 der=  2694 del=  16260 proc=  16678 ack=  13349  lag=    2279  shed=0 pushErr=0 ackErr=0  e2eA p50=809 p99=1923  e2eB p50=882 p99=2287
t= 131  off=  2499 pub=  2026 der=  2301 del=  13740 proc=  13713 ack=  14755  lag=    2097  shed=0 pushErr=0 ackErr=0  e2eA p50=809 p99=1923  e2eB p50=882 p99=2287
t= 132  off=  2500 pub=  2593 der=  2408 del=  14691 proc=  14244 ack=  14318  lag=    2486  shed=0 pushErr=0 ackErr=0  e2eA p50=809 p99=1923  e2eB p50=882 p99=2287
t= 133  off=  2500 pub=  2976 der=  2815 del=  15330 proc=  15384 ack=  15748  lag=    4153  shed=0 pushErr=0 ackErr=0  e2eA p50=809 p99=1923  e2eB p50=882 p99=2287
t= 134  off=  2500 pub=  2529 der=  2608 del=  16131 proc=  16403 ack=  17415  lag=    3319  shed=0 pushErr=0 ackErr=0  e2eA p50=809 p99=1923  e2eB p50=882 p99=2287
t= 135  off=  2500 pub=  2458 der=  2627 del=  15561 proc=  15660 ack=  14290  lag=    3252  shed=0 pushErr=0 ackErr=0  e2eA p50=809 p99=1923  e2eB p50=882 p99=2287
t= 136  off=  2500 pub=  2535 der=  2392 del=  14690 proc=  14239 ack=  15022  lag=    3508  shed=0 pushErr=0 ackErr=0  e2eA p50=809 p99=1923  e2eB p50=882 p99=2287
t= 137  off=  2499 pub=  2471 der=  2353 del=  14846 proc=  15185 ack=  14837  lag=    2559  shed=0 pushErr=0 ackErr=0  e2eA p50=809 p99=1923  e2eB p50=882 p99=2287
t= 138  off=  2501 pub=  2465 der=  2683 del=  15073 proc=  15060 ack=  14955  lag=    3379  shed=0 pushErr=0 ackErr=0  e2eA p50=809 p99=1923  e2eB p50=882 p99=2287
t= 139  off=  2500 pub=  2524 der=  2595 del=  16750 proc=  16612 ack=  15175  lag=    2266  shed=0 pushErr=0 ackErr=0  e2eA p50=809 p99=1923  e2eB p50=882 p99=2287
t= 140  off=  2500 pub=  2544 der=  2515 del=  14482 proc=  14927 ack=  15624  lag=    2458  shed=0 pushErr=0 ackErr=0  e2eA p50=809 p99=1923  e2eB p50=882 p99=2287
t= 141  off=  2500 pub=  2101 der=  2186 del=  12687 proc=  12472 ack=  13952  lag=    3017  shed=0 pushErr=0 ackErr=0  e2eA p50=809 p99=1923  e2eB p50=882 p99=2287
t= 142  off=  2499 pub=  2787 der=  2409 del=  15126 proc=  14601 ack=  12113  lag=    3248  shed=0 pushErr=0 ackErr=0  e2eA p50=809 p99=1923  e2eB p50=882 p99=2287
t= 143  off=  2501 pub=  2605 der=  2656 del=  15821 proc=  16164 ack=  17500  lag=    2969  shed=0 pushErr=0 ackErr=0  e2eA p50=809 p99=1923  e2eB p50=882 p99=2287
t= 144  off=  2501 pub=  2484 der=  2790 del=  15812 proc=  15615 ack=  15578  lag=    3788  shed=0 pushErr=0 ackErr=0  e2eA p50=809 p99=1923  e2eB p50=882 p99=2287
t= 145  off=  2500 pub=  2516 der=  2528 del=  15411 proc=  15602 ack=  15037  lag=    3342  shed=0 pushErr=0 ackErr=0  e2eA p50=809 p99=1923  e2eB p50=882 p99=2287
t= 146  off=  2500 pub=  2418 der=  2480 del=  14947 proc=  15175 ack=  15233  lag=    2985  shed=0 pushErr=0 ackErr=0  e2eA p50=809 p99=1923  e2eB p50=882 p99=2287
t= 147  off=  2495 pub=  2528 der=  2455 del=  14449 proc=  14178 ack=  14513  lag=    3610  shed=0 pushErr=0 ackErr=0  e2eA p50=809 p99=1923  e2eB p50=882 p99=2287
t= 148  off=  2504 pub=  2553 der=  2350 del=  14277 proc=  13883 ack=  15484  lag=    4030  shed=0 pushErr=0 ackErr=0  e2eA p50=809 p99=1923  e2eB p50=882 p99=2287
t= 149  off=  2500 pub=  2319 der=  2644 del=  16415 proc=  16903 ack=  15135  lag=    2666  shed=0 pushErr=0 ackErr=0  e2eA p50=809 p99=1923  e2eB p50=882 p99=2287
t= 150  off=  2499 pub=  2514 der=  2452 del=  14318 proc=  14215 ack=  14523  lag=    3225  shed=0 pushErr=0 ackErr=0  e2eA p50=809 p99=1923  e2eB p50=882 p99=2287
draining up to 10s...

=== VERIFIER (dir=results/vegas-probe, ackErr=0, baseSeq=0) ===
stage(topic_group)                   msgs     unique     dups     gaps    viols   inflight  verdict
cm-avail_cm-db                     182160     182160        0        0        0         91  PASS
cm-prices_cm-cal                   182158     182158        0        0        0         92  PASS
cm-ota-sync_ota-1                  182160     182160        0        0        0         91  PASS
cm-ota-sync_ota-2                  182160     182160        0        0        0         91  PASS
cm-ota-sync_ota-3                  182160     182160        0        0        0         91  PASS
cm-ota-sync_ota-4                  182160     182160        0        0        0         91  PASS
cm-ota-sync_ota-5                  182160     182160        0        0        0         91  PASS
cm-ota-prices_otap-1               182158     182158        0        0        0         92  PASS
cm-ota-prices_otap-2               182158     182158        0        0        0         92  PASS
cm-ota-prices_otap-3               182158     182158        0        0        0         92  PASS
cm-ota-prices_otap-4               182158     182158        0        0        0         92  PASS
cm-ota-prices_otap-5               182158     182158        0        0        0         92  PASS
TOTAL                             2185908    2185908        0        0        0       1098
VERDICT: PASS  (0 gaps below frontier, 0 order-violations, 0 dups, 1098 in-flight at cutoff)

=== SUMMARY  system=queen  R=2500  P=1000  elapsed=2m30s ===

-- workload demand (broker-independent) --
  deliveries/s required      15000
  ordered lanes required     412

-- what actually flowed --
  offered              362501  (2417/s)
  published            364215  (2428/s)
  derived              364318  (2429/s)
  delivered           2185908  (14573/s)
  processed           2185908  (14573/s)
  shed                      0
  pushErr                 103   pushRetry 0
  acked               2185908   ackErr 0
  broker-reported redeliveries 0

-- end-to-end latency (CO-corrected, terminal stages) --
  flow A  p50 808.6 ms   p95 1482.9 ms   p99 1923.1 ms
  flow B  p50 881.7 ms   p95 1482.9 ms   p99 2287.0 ms

-- cost to serve: what this system needed --
  ordered lanes provisioned  4000
  physical queues/topics     4
  consumer members           96
  connections                1
  publishes / ingress event  2.0
  semantics built in the app:
      - consumption mode: WILDCARD pops, up to 40 partitions per pop
      - lanes assigned dynamically by the broker: no application-side ownership map, no advance knowledge of key cardinality
      - cost of that flexibility is the server-side candidate scan, which is charged to Queen here and not hidden behind the targeted mode

-- adapter counters --
  queen_ack_errors           0
  queen_acked                2185908
  queen_batched_pushes       313505
  queen_dedup_window         0
  queen_empty_pops           246
  queen_lanes_per_queue      1000
  queen_lease_seconds        60
  queen_messages_popped      2185908
  queen_messages_pushed      728533
  queen_mode                 wildcard
  queen_pop_workers          96
  queen_pops                 125475
  queen_props_per_lane       1
  queen_redelivered          0

-- per-stage entry age (ms from producer schedule; decomposes e2e) --
  stage                                p50       p95       p99
  cm-avail/cm-db                     623.5    1247.0    1617.1
  cm-prices/cm-cal                   679.9    1247.0    1923.1
  cm-ota-sync/ota-1                  808.6    1359.8    1763.5
  cm-ota-sync/ota-2                  808.6    1359.8    1763.5
  cm-ota-sync/ota-3                  808.6    1359.8    1763.5
  cm-ota-sync/ota-4                  808.6    1359.8    1763.5
  cm-ota-sync/ota-5                  808.6    1359.8    1763.5
  cm-ota-prices/otap-1               808.6    1482.9    2287.0
  cm-ota-prices/otap-2               808.6    1482.9    2287.0
  cm-ota-prices/otap-3               808.6    1482.9    2287.0
  cm-ota-prices/otap-4               808.6    1482.9    2287.0
  cm-ota-prices/otap-5               808.6    1482.9    2287.0

-- worker cycle phases, p50/p95 ms (popRTT + barrier + push + ackDisp ~= cycle) --
  stage                                   popRTT         barrier            push         ackDisp
  cm-avail/cm-db                   65.5 /  142.9   42.5 /  110.2   21.2 /  142.9    0.0 /    0.0
  cm-prices/cm-cal                 77.9 /  142.9   42.5 /  120.2   21.2 /  142.9    0.0 /    0.0
  cm-ota-sync/ota-1                65.5 /  131.1   32.8 /   60.1    0.0 /    0.0    0.0 /    0.0
  cm-ota-sync/ota-2                65.5 /  131.1   32.8 /   60.1    0.0 /    0.0    0.0 /    0.0
  cm-ota-sync/ota-3                65.5 /  131.1   32.8 /   60.1    0.0 /    0.0    0.0 /    0.0
  cm-ota-sync/ota-4                65.5 /  131.1   32.8 /   60.1    0.0 /    0.0    0.0 /    0.0
  cm-ota-sync/ota-5                65.5 /  131.1   32.8 /   60.1    0.0 /    0.0    0.0 /    0.0
  cm-ota-prices/otap-1             65.5 /  131.1   32.8 /   65.5    0.0 /    0.0    0.0 /    0.0
  cm-ota-prices/otap-2             65.5 /  131.1   32.8 /   65.5    0.0 /    0.0    0.0 /    0.0
  cm-ota-prices/otap-3             65.5 /  131.1   32.8 /   60.1    0.0 /    0.0    0.0 /    0.0
  cm-ota-prices/otap-4             65.5 /  131.1   32.8 /   65.5    0.0 /    0.0    0.0 /    0.0
  cm-ota-prices/otap-5             65.5 /  131.1   32.8 /   65.5    0.0 /    0.0    0.0 /    0.0

-- correctness --
  gaps 0   order violations 0   dups 0   in-flight at cutoff 1098
  VERDICT: PASS
