kload tag=c3-1x200-600k-p8 loader=8/9 mode=batch rate=66666 msg/s batch=100 batch-max=0 max-inflight=5000 ramp=10s duration=1m10s report=10s drain=0s GOMAXPROCS=16 GOGC=400 seed=1790897096666055187
  offered: 66666 msg/s = 666.7 units/s (avg 100.0 msgs/unit) across 14 pacer workers (47.62 units/s each)
  topics: 1 x 200 partitions (kc3-1x200-600k..kc3-1x200-600k), entities/topic=0 (explicit partition) | picker: topics=rr entities: rr over space=200 starting at 177
  payload: goload jsonEvent target 256 B, avg 289.6 B raw, ~320 B stamped ({"ts":µs,"src":8,...}), pool 64x100
  consumers: 22 here (ci 176..197 of 198), poll=1000 proc-us=0 ack=async ack-inflight=256 local-src=[6 7 8]
  kafka: brokers=10.114.0.2:9092,10.114.0.3:9092,10.114.0.4:9092 rf=3 min-isr=2 producers=4 linger=5ms compression=lz4 acks=all idempotent batch-max-bytes=1048576 | consumers: protocol=classic fetch-max-wait=500ms fetch-min-bytes=1 fetch-max-partition-bytes=1048576 session=45s
  [topic] READY after 0.0s: 1 topics x 200 partitions, leaders + full ISR
  [config] broker.compression.type = producer (DEFAULT_CONFIG)
  [config] broker.group.initial.rebalance.delay.ms = 3000 (STATIC_BROKER_CONFIG)
  [config] topic.min.insync.replicas = 1 (DYNAMIC_TOPIC_CONFIG)
  [config] topic.retention.ms = 600000 (DYNAMIC_TOPIC_CONFIG)
  [group] 22 consumers in 1 groups (kc3-1x200-600k-g-t0 ... ), protocol classic
  [group] t=+0.0s waiting: kc3-1x200-600k-g-t0: local members 22/198 hold 0/200 partitions (group-wide PreparingRebalance members=28 assigned=0)
  [group] t=+2.0s waiting: kc3-1x200-600k-g-t0: local members 22/198 hold 0/200 partitions (group-wide PreparingRebalance members=198 assigned=0)
  [group] t=+4.0s waiting: kc3-1x200-600k-g-t0: local members 22/198 hold 0/200 partitions (group-wide PreparingRebalance members=198 assigned=0)
  [group] t=+6.0s waiting: kc3-1x200-600k-g-t0: local members 22/198 hold 23/200 partitions (group-wide Stable members=198 assigned=200)
  [group] t=+8.0s waiting: kc3-1x200-600k-g-t0: local members 22/198 hold 23/200 partitions (group-wide Stable members=198 assigned=200)
  [group] STABLE after 9.0s: 1 groups, 22 local members holding 23 partitions, assignEv=22 revokeEv=0 lostEv=0
  [produce] 4 clients connected to every broker with producer IDs in 0.01s; max buffered 501024 records per client
READY 1790896854354
[start] waiting 9.304s for the common start 1790896871183
[start] GO 23:21:11.183 (unix ms 1790896871183)
[23:21:21] offered=    33334/s achieved=    33274/s shed=        0/s inflight=     6 | p50=  10.43 p99=   23.17 p999=   36.10 ms | push=332700 pop=344400 lag=-11700 | errs push=0 pop=0 empty=0 gor=259 | ack=    34374/s ackErr=0 ackAvg=7.19ms | e2e p50=11.33 p99=22.91 p999=36.10 n=344400 | e2e_local p50=10.94 p99=30.59 n=111500
[23:21:31] offered=    66660/s achieved=    66680/s shed=        0/s inflight=     4 | p50=  10.43 p99=   29.57 p999=   39.17 ms | push=999500 pop=1034300 lag=-34800 | errs push=0 pop=0 empty=0 gor=238 | ack=    69040/s ackErr=0 ackAvg=8.13ms | e2e p50=11.46 p99=30.85 p999=39.17 n=689900 | e2e_local p50=10.94 p99=31.62 n=233400
[23:21:41] offered=    66668/s achieved=    66648/s shed=        0/s inflight=     6 | p50=  10.43 p99=   31.62 p999=   42.75 ms | push=1666000 pop=1724100 lag=-58100 | errs push=0 pop=0 empty=0 gor=240 | ack=    68978/s ackErr=0 ackAvg=8.35ms | e2e p50=11.46 p99=33.02 p999=43.26 n=689800 | e2e_local p50=10.94 p99=33.02 n=228700
[23:21:51] offered=    66657/s achieved=    66637/s shed=        0/s inflight=     8 | p50=  10.43 p99=   29.57 p999=   38.14 ms | push=2332400 pop=2414200 lag=-81800 | errs push=0 pop=0 empty=0 gor=253 | ack=    68987/s ackErr=0 ackAvg=8.48ms | e2e p50=11.58 p99=31.10 p999=37.63 n=690100 | e2e_local p50=11.07 p99=31.87 n=227800
[23:22:01] offered=    66691/s achieved=    66691/s shed=        0/s inflight=     8 | p50=  10.56 p99=   34.05 p999=   45.82 ms | push=2999300 pop=3104300 lag=-105000 | errs push=0 pop=0 empty=0 gor=255 | ack=    68991/s ackErr=0 ackAvg=8.65ms | e2e p50=11.58 p99=37.12 p999=50.43 n=690200 | e2e_local p50=11.07 p99=34.56 n=233500
[23:22:11] offered=    66653/s achieved=    66663/s shed=        0/s inflight=     7 | p50=  10.43 p99=   36.61 p999=   47.87 ms | push=3665900 pop=3794300 lag=-128400 | errs push=0 pop=0 empty=0 gor=249 | ack=    68983/s ackErr=0 ackAvg=8.72ms | e2e p50=11.58 p99=37.12 p999=48.90 n=689900 | e2e_local p50=11.07 p99=38.14 n=228700
[23:22:21] offered=    66660/s achieved=    66690/s shed=        0/s inflight=     4 | p50=  10.43 p99=   34.05 p999=   43.78 ms | push=4332900 pop=4484500 lag=-151600 | errs push=0 pop=0 empty=0 gor=239 | ack=    69019/s ackErr=0 ackAvg=8.75ms | e2e p50=11.46 p99=34.56 p999=41.73 n=690200 | e2e_local p50=10.94 p99=33.02 n=228000
[info] steady window 60s (after the ramp, before the producers stopped): offered 66665/s pushed 66668/s popped 69000/s cpu 52.7% = 0.79 cores per 100k msg/s (produce+consume)
[final] offered=43333 achieved=43333 shed=0 (msgs: offered=4333300 achieved=4333300 shed=0) pushErr=0 | pushed=4333300 popped=4484900 lag=-151600 | popErr=0 empty=0 | overall p50=10.43 p99=32.64 p999=42.75 ms | acked=4484900 ackErr=0 ackLag=-151600 ackAvg=8.75ms | e2e p50=11.46 p99=33.54 p999=44.29 ms
load_cpu=36.8%
