WARN max-pending 1000000 per partition producer would preallocate 25405 MB over 1110 partitions (24 B/slot); using 2519 (-pending-budget-mb 64)
pload tag=pC-t10-p10k loader=4/9 mode=batch rate=111111 msg/s batch=100 batch-max=0 max-inflight=5000 ramp=10s duration=1m10s report=10s drain=0s GOMAXPROCS=16 GOGC=400(default) seed=1790843712941048214
  offered: 111111 msg/s = 1111.1 units/s (avg 100.0 msgs/unit) across 23 pacer workers (48.31 units/s each)
  topics: 10 x 1000 partitions (load-t0..load-t9), entities/topic=0 (explicit partition) | picker: topics=rr entities: rr over space=111 starting at 0 [producer shard 4/9: partitions p % 9 == 4, entity j -> partition 4 + j*9]
  payload: goload jsonEvent target 256 B, avg 289.5 B raw, ~320 B stamped ({"ts":µs,"src":4,...}), pool 64x100
  consumers: 33 here (ci 132..164 of 297), poll=1000 proc-us=0 ack=async ack-inflight=256 local-src=[3 4 5]
  pulsar: url=pulsar://10.114.0.2:6650,10.114.0.3:6650,10.114.0.4:6650 admin=http://10.114.0.2:8080 ns=bench/ns sub=sub type=failover compression=lz4 batch=5ms/1000 msgs/131072 B key-batching=false max-pending=2519/partition mem-limit=365 MB receiver-queue=1000 ack-group=100ms conns/broker=1
  [admin] 10 topics with 1000 partitions and subscription "sub" exist (checked in 0.0s)
  [consume] 33 consumers (ci 132..164 of 297), failover, partition slices (every partition exactly one consumer): 1101 partition registrations here, 10000 in total across all processes; idle 0 here, 0 in total; subscribed in 0.2s, settling 2s
  [produce] producer shard 4/9: 111 partitions per topic (p % 9 == 4) x 10 topics, per-partition producers created lazily on first use
READY 1790843815976
[start] waiting 8.995s for the common start 1790843834325
[start] GO 08:37:14.325 (unix ms 1790843834325)
[08:37:24] offered=    55584/s achieved=    55484/s shed=        0/s inflight=    10 | p50=   7.14 p99=   25.98 p999=   29.31 ms | push=554800 pop=549900 lag=4900 | errs push=0 pop=0 empty=0 gor=10016 | ack=    54994/s ackErr=0 ackAvg=0.02ms | e2e p50=7.33 p99=30.59 p999=35.07 n=549900 | e2e_local p50=7.58 p99=31.62 n=183000
[08:37:34] offered=   111111/s achieved=   111141/s shed=        0/s inflight=     7 | p50=   6.56 p99=   15.17 p999=   19.33 ms | push=1666200 pop=1650405 lag=15795 | errs push=0 pop=0 empty=0 gor=10016 | ack=   110052/s ackErr=0 ackAvg=0.02ms | e2e p50=6.82 p99=16.77 p999=21.38 n=1100505 | e2e_local p50=6.88 p99=17.02 n=366204
[08:37:44] offered=   111100/s achieved=   111120/s shed=        0/s inflight=     3 | p50=   6.62 p99=   17.02 p999=   21.89 ms | push=2777400 pop=2752997 lag=24403 | errs push=0 pop=0 empty=0 gor=10016 | ack=   110259/s ackErr=0 ackAvg=0.02ms | e2e p50=6.94 p99=17.79 p999=21.89 n=1102692 | e2e_local p50=7.20 p99=19.07 n=367397
[08:37:54] offered=   111120/s achieved=   111120/s shed=        0/s inflight=     5 | p50=   6.50 p99=   15.17 p999=   19.84 ms | push=3888600 pop=3853500 lag=35100 | errs push=0 pop=0 empty=0 gor=10016 | ack=   110050/s ackErr=0 ackAvg=0.02ms | e2e p50=6.69 p99=15.81 p999=22.40 n=1100403 | e2e_local p50=6.82 p99=16.51 n=366199
[08:38:04] offered=   111094/s achieved=   111084/s shed=        0/s inflight=     5 | p50=   6.30 p99=   12.74 p999=   17.79 ms | push=4999500 pop=4953704 lag=45796 | errs push=0 pop=0 empty=0 gor=10016 | ack=   110014/s ackErr=0 ackAvg=0.02ms | e2e p50=6.50 p99=14.66 p999=18.30 n=1100204 | e2e_local p50=6.69 p99=14.66 n=366000
[08:38:14] offered=   111104/s achieved=   111114/s shed=        0/s inflight=     4 | p50=   6.30 p99=   13.76 p999=   21.38 ms | push=6110600 pop=6055601 lag=54999 | errs push=0 pop=0 empty=0 gor=10016 | ack=   110194/s ackErr=0 ackAvg=0.02ms | e2e p50=6.43 p99=15.17 p999=21.63 n=1101997 | e2e_local p50=6.62 p99=16.32 n=366000
[08:38:24] offered=   111093/s achieved=   111123/s shed=        0/s inflight=     2 | p50=   6.30 p99=   13.76 p999=   18.05 ms | push=7221900 pop=7156400 lag=65500 | errs push=0 pop=0 empty=0 gor=9993 | ack=   110073/s ackErr=0 ackAvg=0.02ms | e2e p50=6.43 p99=15.17 p999=18.82 n=1100699 | e2e_local p50=6.56 p99=15.04 n=366000
[info] producers created: 1110 per-partition producers (shard), 0 creation errors, avg creation 12.7 ms
[info] steady window 60s (after the ramp, before the producers stopped): offered 111104/s pushed 111117/s popped 110107/s cpu 206.9% = 1.86 cores per 100k msg/s (produce+consume)
[final] offered=72221 achieved=72221 shed=0 (msgs: offered=7222100 achieved=7222100 shed=0) pushErr=0 | pushed=7222100 popped=7156400 lag=65700 | popErr=0 empty=0 | overall p50=6.50 p99=19.33 p999=25.73 ms | acked=7156400 ackErr=0 ackLag=65700 ackAvg=0.02ms | e2e p50=6.69 p99=20.35 p999=30.08 ms
load_cpu=156.4%
