qload tag=d-210-off loader=1/9 mode=batch rate=111111 msg/s batch=100 batch-max=0 max-inflight=5000 ramp=10s duration=5m0s report=10s drain=10s GOMAXPROCS=16 GOGC=400(default) seed=1791629888338088329
  offered: 111111 msg/s = 1111.1 units/s (avg 100.0 msgs/unit) across 23 pacer workers (48.31 units/s each)
  topics: 1 x 500000 partitions (bench..bench), entities/topic=0 (explicit partition) | picker: topics=rr entities: rr over space=500000 starting at 55555
  payload: goload jsonEvent target 256 B, avg 289.6 B raw, ~320 B stamped ({"ts":µs,"src":1,...}), pool 64x100
  consumers: 33 here (ci 33..65 of 297), poll=1000 proc-us=0 ack=async ack-inflight=256 local-src=[0 1 2]
  queen: url=http://10.114.0.19:6632 (of 3) conns=2048 timeout=30s pop-width=10 pop-batch=1000 pop-timeout=2s lease=30s | configure: leaseTime=30 completedRetention=3600 dedup=0 retryLimit=1000000 | plain: consumers pop+ack the queue
  [queen] http://10.114.0.19:6632 healthy: version 2.1.0, this node follower
  [consume] 33 consumers of bench: pop width 10, batch 1000, long poll 2s, lease 30s, async batch acks (ack-inflight 256)
READY 1791629894143
[start] waiting 19.179s for the common start 1791629913323
[start] GO 10:58:33.323 (unix ms 1791629913323)
[10:58:43] offered=    55514/s achieved=    55454/s shed=        0/s inflight=     7 | p50=   6.94 p99=   32.38 p999=   51.46 ms | push=554500 pop=545600 lag=8900 | errs push=0 pop=0 empty=363 gor=274 | ack=    54254/s ackErr=0 ackAvg=9.81ms | e2e p50=18.82 p99=58.62 p999=83.46 n=545600 | e2e_local p50=18.56 p99=58.62 n=188400
[10:58:53] offered=   111119/s achieved=   111109/s shed=        0/s inflight=     7 | p50=   9.02 p99=   48.90 p999=   73.22 ms | push=1665600 pop=1635600 lag=30000 | errs push=0 pop=0 empty=363 gor=315 | ack=   109249/s ackErr=0 ackAvg=12.22ms | e2e p50=24.45 p99=81.41 p999=99.84 n=1090000 | e2e_local p50=24.19 p99=80.38 n=371300
[10:59:03] offered=   111100/s achieved=   111080/s shed=        0/s inflight=    10 | p50=   9.28 p99=   48.90 p999=   65.28 ms | push=2776500 pop=2727200 lag=49300 | errs push=0 pop=0 empty=363 gor=324 | ack=   109080/s ackErr=0 ackAvg=12.75ms | e2e p50=24.96 p99=82.43 p999=108.03 n=1091600 | e2e_local p50=24.70 p99=82.43 n=374400
[10:59:13] offered=   111078/s achieved=   111108/s shed=        0/s inflight=    12 | p50=   9.28 p99=   46.34 p999=   60.16 ms | push=3887600 pop=3860200 lag=27400 | errs push=0 pop=0 empty=363 gor=323 | ack=   113247/s ackErr=0 ackAvg=13.04ms | e2e p50=25.22 p99=82.43 p999=110.08 n=1133000 | e2e_local p50=24.96 p99=80.38 n=376600
[10:59:23] offered=   111162/s achieved=   111122/s shed=        0/s inflight=    10 | p50=   9.15 p99=   44.29 p999=   59.14 ms | push=4998700 pop=4951000 lag=47700 | errs push=0 pop=0 empty=363 gor=320 | ack=   109182/s ackErr=0 ackAvg=13.12ms | e2e p50=24.70 p99=76.29 p999=101.89 n=1090800 | e2e_local p50=24.45 p99=75.26 n=366100
[10:59:33] offered=   111132/s achieved=   111092/s shed=        0/s inflight=    15 | p50=   9.41 p99=   46.85 p999=   59.14 ms | push=6109700 pop=6068300 lag=41400 | errs push=0 pop=0 empty=363 gor=325 | ack=   111762/s ackErr=0 ackAvg=13.32ms | e2e p50=25.47 p99=82.43 p999=102.91 n=1117300 | e2e_local p50=25.22 p99=82.43 n=370800
[10:59:43] offered=   111113/s achieved=   111113/s shed=        0/s inflight=    14 | p50=   9.66 p99=   51.46 p999=   69.12 ms | push=7220800 pop=7168300 lag=52500 | errs push=0 pop=0 empty=363 gor=325 | ack=   109923/s ackErr=0 ackAvg=13.48ms | e2e p50=26.24 p99=89.60 p999=105.98 n=1100000 | e2e_local p50=25.73 p99=89.60 n=361600
[10:59:53] offered=   111114/s achieved=   111104/s shed=        0/s inflight=    14 | p50=   9.66 p99=   49.41 p999=   68.10 ms | push=8331800 pop=8293500 lag=38300 | errs push=0 pop=0 empty=363 gor=326 | ack=   112254/s ackErr=0 ackAvg=13.60ms | e2e p50=26.75 p99=78.34 p999=89.60 n=1125200 | e2e_local p50=26.24 p99=78.34 n=380800
[11:00:03] offered=   111080/s achieved=   111140/s shed=        0/s inflight=     9 | p50=   9.92 p99=   58.11 p999=   85.50 ms | push=9443300 pop=9396500 lag=46800 | errs push=0 pop=0 empty=363 gor=354 | ack=   110690/s ackErr=0 ackAvg=13.74ms | e2e p50=27.01 p99=97.79 p999=120.32 n=1103000 | e2e_local p50=26.75 p99=103.94 n=369700
[11:00:13] offered=   111113/s achieved=   111043/s shed=        0/s inflight=    17 | p50=  10.18 p99=   54.53 p999=   73.22 ms | push=10553700 pop=10469200 lag=84500 | errs push=0 pop=0 empty=363 gor=371 | ack=   106752/s ackErr=0 ackAvg=13.89ms | e2e p50=27.52 p99=90.62 p999=100.86 n=1072700 | e2e_local p50=27.26 p99=89.60 n=354000
[11:00:23] offered=   111109/s achieved=   111149/s shed=        0/s inflight=    12 | p50=  10.43 p99=   72.19 p999=   98.82 ms | push=11665100 pop=11555600 lag=109500 | errs push=0 pop=0 empty=363 gor=393 | ack=   109059/s ackErr=0 ackAvg=14.09ms | e2e p50=28.29 p99=122.37 p999=140.29 n=1086400 | e2e_local p50=28.03 p99=121.34 n=367800
[11:00:33] offered=   111107/s achieved=   111177/s shed=        0/s inflight=     5 | p50=  10.82 p99=   87.55 p999=  126.46 ms | push=12776900 pop=12701600 lag=75300 | errs push=0 pop=0 empty=363 gor=434 | ack=   114457/s ackErr=0 ackAvg=14.29ms | e2e p50=28.80 p99=136.19 p999=171.01 n=1146000 | e2e_local p50=28.54 p99=136.19 n=376700
[11:00:43] offered=   111112/s achieved=   111092/s shed=        0/s inflight=     7 | p50=  10.94 p99=   79.36 p999=   94.72 ms | push=13887800 pop=13796200 lag=91600 | errs push=0 pop=0 empty=363 gor=434 | ack=   109602/s ackErr=0 ackAvg=14.46ms | e2e p50=29.31 p99=144.38 p999=166.91 n=1094600 | e2e_local p50=28.80 p99=146.43 n=367300
[11:00:53] offered=   111105/s achieved=   111085/s shed=        0/s inflight=     9 | p50=  11.84 p99=   91.65 p999=  123.39 ms | push=14998700 pop=14902800 lag=95900 | errs push=0 pop=0 empty=363 gor=439 | ack=   110505/s ackErr=0 ackAvg=14.68ms | e2e p50=30.85 p99=144.38 p999=183.30 n=1106600 | e2e_local p50=30.59 p99=142.34 n=370600
[11:01:03] offered=   111122/s achieved=   111092/s shed=        0/s inflight=    12 | p50=  11.33 p99=  118.27 p999=  168.96 ms | push=16109600 pop=16028800 lag=80800 | errs push=0 pop=0 empty=363 gor=532 | ack=   112852/s ackErr=0 ackAvg=14.85ms | e2e p50=29.82 p99=214.02 p999=246.78 n=1126000 | e2e_local p50=29.31 p99=216.06 n=377300
[11:01:13] offered=   111124/s achieved=   111134/s shed=        0/s inflight=    11 | p50=  10.82 p99=   71.17 p999=  100.86 ms | push=17221000 pop=17117600 lag=103400 | errs push=0 pop=0 empty=363 gor=535 | ack=   108654/s ackErr=0 ackAvg=14.93ms | e2e p50=28.03 p99=116.22 p999=128.51 n=1088800 | e2e_local p50=28.03 p99=116.22 n=357100
[11:01:23] offered=   111127/s achieved=   111117/s shed=        0/s inflight=    12 | p50=  10.56 p99=   54.02 p999=   81.41 ms | push=18332100 pop=18243400 lag=88700 | errs push=0 pop=0 empty=363 gor=534 | ack=   112697/s ackErr=0 ackAvg=14.97ms | e2e p50=28.03 p99=107.01 p999=123.39 n=1125800 | e2e_local p50=27.78 p99=104.96 n=384400
[11:01:33] offered=   111114/s achieved=   111094/s shed=        0/s inflight=    14 | p50=  10.82 p99=   63.23 p999=   89.60 ms | push=19443000 pop=19378800 lag=64200 | errs push=0 pop=0 empty=363 gor=535 | ack=   113634/s ackErr=0 ackAvg=15.01ms | e2e p50=28.80 p99=113.15 p999=150.53 n=1135400 | e2e_local p50=28.80 p99=117.25 n=379200
[11:01:43] offered=   111110/s achieved=   111100/s shed=        0/s inflight=    15 | p50=  10.82 p99=   56.58 p999=   86.53 ms | push=20554000 pop=20492900 lag=61100 | errs push=0 pop=0 empty=363 gor=538 | ack=   111350/s ackErr=0 ackAvg=15.07ms | e2e p50=28.80 p99=93.70 p999=126.46 n=1114100 | e2e_local p50=28.54 p99=92.67 n=364600
[11:01:53] offered=   111089/s achieved=   111109/s shed=        0/s inflight=    13 | p50=  10.69 p99=   49.92 p999=   69.12 ms | push=21665100 pop=21612000 lag=53100 | errs push=0 pop=0 empty=363 gor=538 | ack=   111749/s ackErr=0 ackAvg=15.11ms | e2e p50=28.29 p99=107.01 p999=130.56 n=1119100 | e2e_local p50=28.29 p99=107.01 n=379500
[11:02:03] offered=   111112/s achieved=   111112/s shed=        0/s inflight=    13 | p50=  11.07 p99=   71.17 p999=   93.70 ms | push=22776200 pop=22733500 lag=42700 | errs push=0 pop=0 empty=363 gor=534 | ack=   112352/s ackErr=0 ackAvg=15.17ms | e2e p50=29.57 p99=123.39 p999=152.58 n=1121500 | e2e_local p50=29.31 p99=124.42 n=367200
[11:02:13] offered=   111099/s achieved=   111149/s shed=        0/s inflight=     8 | p50=  10.94 p99=   55.04 p999=   69.12 ms | push=23887700 pop=23840100 lag=47600 | errs push=0 pop=0 empty=363 gor=532 | ack=   110559/s ackErr=0 ackAvg=15.22ms | e2e p50=29.06 p99=108.03 p999=121.34 n=1106600 | e2e_local p50=28.80 p99=105.98 n=365300
[11:02:23] offered=   111111/s achieved=   111111/s shed=        0/s inflight=     5 | p50=  11.20 p99=   58.11 p999=  100.86 ms | push=24998800 pop=24945800 lag=53000 | errs push=0 pop=0 empty=363 gor=530 | ack=   110381/s ackErr=0 ackAvg=15.29ms | e2e p50=30.08 p99=113.15 p999=136.19 n=1105700 | e2e_local p50=29.82 p99=117.25 n=372300
[11:02:33] offered=   111110/s achieved=   111100/s shed=        0/s inflight=     7 | p50=  11.20 p99=   56.06 p999=   82.43 ms | push=26109800 pop=26089200 lag=20600 | errs push=0 pop=0 empty=363 gor=381 | ack=   114570/s ackErr=0 ackAvg=15.36ms | e2e p50=30.08 p99=94.72 p999=124.42 n=1143400 | e2e_local p50=29.57 p99=94.72 n=380900
[11:02:43] offered=   111100/s achieved=   111120/s shed=        0/s inflight=     6 | p50=  11.07 p99=   69.12 p999=   92.67 ms | push=27221000 pop=27194100 lag=26900 | errs push=0 pop=0 empty=363 gor=382 | ack=   110380/s ackErr=0 ackAvg=15.42ms | e2e p50=29.31 p99=123.39 p999=150.53 n=1104900 | e2e_local p50=29.06 p99=122.37 n=366400
[11:02:53] offered=   111125/s achieved=   111075/s shed=        0/s inflight=    14 | p50=  11.33 p99=   66.05 p999=   84.48 ms | push=28331800 pop=28289300 lag=42500 | errs push=0 pop=0 empty=363 gor=388 | ack=   109585/s ackErr=0 ackAvg=15.49ms | e2e p50=29.82 p99=125.44 p999=146.43 n=1095200 | e2e_local p50=29.31 p99=125.44 n=365100
[11:03:03] offered=   111104/s achieved=   111154/s shed=        0/s inflight=    10 | p50=  11.07 p99=   40.70 p999=   50.43 ms | push=29443400 pop=29401500 lag=41900 | errs push=0 pop=0 empty=363 gor=385 | ack=   111294/s ackErr=0 ackAvg=15.52ms | e2e p50=29.82 p99=83.46 p999=95.74 n=1112200 | e2e_local p50=29.82 p99=84.48 n=365200
[11:03:13] offered=   111138/s achieved=   111098/s shed=        0/s inflight=    12 | p50=  10.82 p99=   36.10 p999=   48.90 ms | push=30554300 pop=30510800 lag=43500 | errs push=0 pop=0 empty=363 gor=386 | ack=   110948/s ackErr=0 ackAvg=15.53ms | e2e p50=28.80 p99=78.34 p999=97.79 n=1109300 | e2e_local p50=28.29 p99=77.31 n=364700
[11:03:23] offered=   111120/s achieved=   111100/s shed=        0/s inflight=    13 | p50=  11.20 p99=   47.36 p999=   73.22 ms | push=31665300 pop=31604900 lag=60400 | errs push=0 pop=0 empty=363 gor=387 | ack=   109430/s ackErr=0 ackAvg=15.56ms | e2e p50=29.82 p99=109.06 p999=120.32 n=1094100 | e2e_local p50=29.82 p99=112.13 n=359100
[11:03:33] offered=   111110/s achieved=   111080/s shed=        0/s inflight=    16 | p50=  10.82 p99=   35.58 p999=   45.31 ms | push=32776100 pop=32692200 lag=83900 | errs push=0 pop=0 empty=363 gor=366 | ack=   108750/s ackErr=0 ackAvg=15.57ms | e2e p50=29.06 p99=83.46 p999=113.15 n=1087300 | e2e_local p50=28.80 p99=83.46 n=362000
[drain] consumers keep going for 9.989s (lag now 83400)
[11:03:43] offered=        0/s achieved=      160/s shed=        0/s inflight=     0 | p50=  11.33 p99=   12.86 p999=   12.86 ms | push=32777700 pop=32695400 lag=82300 | errs push=0 pop=0 empty=528 gor=348 | ack=      340/s ackErr=0 ackAvg=15.57ms | e2e p50=31.36 p99=36.10 p999=36.10 n=3200 | e2e_local p50=25.98 p99=32.64 n=800
[info] steady window 290s (after the ramp, before the producers stopped): offered 111112/s pushed 111109/s popped 110850/s cpu 190.0% = 1.71 cores per 100k msg/s (produce+consume)
[final] offered=327777 achieved=327777 shed=0 (msgs: offered=32777700 achieved=32777700 shed=0) pushErr=0 | pushed=32777700 popped=32695400 lag=82300 | popErr=0 empty=528 | overall p50=10.43 p99=63.74 p999=98.82 ms | acked=32695400 ackErr=0 ackLag=82300 ackAvg=15.57ms | e2e p50=27.78 p99=114.18 p999=171.01 ms
load_cpu=170.4%
