qload tag=d-210-off loader=4/9 mode=batch rate=111111 msg/s batch=100 batch-max=0 max-inflight=5000 ramp=10s duration=5m0s report=10s drain=10s GOMAXPROCS=16 GOGC=400(default) seed=1791629888925015432
  offered: 111111 msg/s = 1111.1 units/s (avg 100.0 msgs/unit) across 23 pacer workers (48.31 units/s each)
  topics: 1 x 500000 partitions (bench..bench), entities/topic=0 (explicit partition) | picker: topics=rr entities: rr over space=500000 starting at 222222
  payload: goload jsonEvent target 256 B, avg 289.5 B raw, ~320 B stamped ({"ts":µs,"src":4,...}), pool 64x100
  consumers: 33 here (ci 132..164 of 297), poll=1000 proc-us=0 ack=async ack-inflight=256 local-src=[3 4 5]
  queen: url=http://10.114.0.19:6632 (of 3) conns=2048 timeout=30s pop-width=10 pop-batch=1000 pop-timeout=2s lease=30s | configure: leaseTime=30 completedRetention=3600 dedup=0 retryLimit=1000000 | plain: consumers pop+ack the queue
  [queen] http://10.114.0.19:6632 healthy: version 2.1.0, this node follower
  [consume] 33 consumers of bench: pop width 10, batch 1000, long poll 2s, lease 30s, async batch acks (ack-inflight 256)
READY 1791629894267
[start] waiting 19.055s for the common start 1791629913323
[start] GO 10:58:33.323 (unix ms 1791629913323)
[10:58:43] offered=    55568/s achieved=    55468/s shed=        0/s inflight=     9 | p50=   6.62 p99=   29.82 p999=   52.48 ms | push=554700 pop=549400 lag=5300 | errs push=0 pop=0 empty=363 gor=252 | ack=    54838/s ackErr=0 ackAvg=9.78ms | e2e p50=19.07 p99=64.26 p999=84.48 n=549400 | e2e_local p50=19.07 p99=67.07 n=184700
[10:58:53] offered=   111105/s achieved=   111095/s shed=        0/s inflight=    12 | p50=   8.90 p99=   48.90 p999=   70.14 ms | push=1665700 pop=1682500 lag=-16800 | errs push=0 pop=0 empty=363 gor=325 | ack=   113115/s ackErr=0 ackAvg=12.13ms | e2e p50=24.96 p99=86.53 p999=98.82 n=1133100 | e2e_local p50=25.22 p99=86.53 n=376500
[10:59:03] offered=   111121/s achieved=   111121/s shed=        0/s inflight=    11 | p50=   9.02 p99=   48.38 p999=   67.07 ms | push=2776800 pop=2814400 lag=-37600 | errs push=0 pop=0 empty=363 gor=325 | ack=   113391/s ackErr=0 ackAvg=12.76ms | e2e p50=25.22 p99=81.41 p999=108.03 n=1131900 | e2e_local p50=25.22 p99=80.38 n=374000
[10:59:13] offered=   111115/s achieved=   111115/s shed=        0/s inflight=    10 | p50=   9.02 p99=   45.82 p999=   66.05 ms | push=3888000 pop=3934200 lag=-46200 | errs push=0 pop=0 empty=363 gor=324 | ack=   111885/s ackErr=0 ackAvg=13.06ms | e2e p50=25.22 p99=75.26 p999=99.84 n=1119800 | e2e_local p50=25.22 p99=75.26 n=367600
[10:59:23] offered=   111096/s achieved=   111136/s shed=        0/s inflight=     7 | p50=   8.90 p99=   43.78 p999=   58.62 ms | push=4999300 pop=5024100 lag=-24800 | errs push=0 pop=0 empty=363 gor=322 | ack=   108986/s ackErr=0 ackAvg=13.15ms | e2e p50=24.45 p99=78.34 p999=103.94 n=1089900 | e2e_local p50=24.45 p99=78.34 n=357400
[10:59:33] offered=   111109/s achieved=   111089/s shed=        0/s inflight=     9 | p50=   9.02 p99=   46.85 p999=   62.72 ms | push=6110200 pop=6131900 lag=-21700 | errs push=0 pop=0 empty=363 gor=323 | ack=   110729/s ackErr=0 ackAvg=13.33ms | e2e p50=25.47 p99=86.53 p999=94.72 n=1107800 | e2e_local p50=25.73 p99=85.50 n=371800
[10:59:43] offered=   111105/s achieved=   111105/s shed=        0/s inflight=    10 | p50=   9.28 p99=   51.46 p999=   66.05 ms | push=7221300 pop=7250700 lag=-29400 | errs push=0 pop=0 empty=363 gor=323 | ack=   111965/s ackErr=0 ackAvg=13.49ms | e2e p50=25.98 p99=85.50 p999=95.74 n=1118800 | e2e_local p50=26.24 p99=85.50 n=367800
[10:59:53] offered=   111111/s achieved=   111081/s shed=        0/s inflight=    10 | p50=   9.41 p99=   48.90 p999=   68.10 ms | push=8332100 pop=8358600 lag=-26500 | errs push=0 pop=0 empty=363 gor=323 | ack=   110671/s ackErr=0 ackAvg=13.65ms | e2e p50=26.24 p99=82.43 p999=99.84 n=1107900 | e2e_local p50=26.50 p99=84.48 n=364700
[11:00:03] offered=   111114/s achieved=   111154/s shed=        0/s inflight=     9 | p50=   9.54 p99=   57.60 p999=   83.46 ms | push=9443600 pop=9481600 lag=-38000 | errs push=0 pop=0 empty=363 gor=350 | ack=   112134/s ackErr=0 ackAvg=13.77ms | e2e p50=26.50 p99=98.82 p999=118.27 n=1123000 | e2e_local p50=26.75 p99=101.89 n=380300
[11:00:13] offered=   111124/s achieved=   111054/s shed=        0/s inflight=    15 | p50=   9.92 p99=   54.53 p999=   69.12 ms | push=10554200 pop=10601800 lag=-47600 | errs push=0 pop=0 empty=363 gor=352 | ack=   112384/s ackErr=0 ackAvg=13.93ms | e2e p50=27.26 p99=91.65 p999=100.86 n=1120200 | e2e_local p50=27.52 p99=91.65 n=369200
[11:00:23] offered=   111118/s achieved=   111138/s shed=        0/s inflight=    12 | p50=  10.18 p99=   73.22 p999=  102.91 ms | push=11665500 pop=11719300 lag=-53800 | errs push=0 pop=0 empty=363 gor=389 | ack=   111748/s ackErr=0 ackAvg=14.12ms | e2e p50=28.29 p99=132.10 p999=150.53 n=1117500 | e2e_local p50=28.29 p99=130.56 n=370500
[11:00:33] offered=   111108/s achieved=   111138/s shed=        0/s inflight=    10 | p50=  10.56 p99=   87.55 p999=  126.46 ms | push=12776900 pop=12842900 lag=-66000 | errs push=0 pop=0 empty=363 gor=445 | ack=   112318/s ackErr=0 ackAvg=14.32ms | e2e p50=28.54 p99=129.54 p999=152.58 n=1123600 | e2e_local p50=28.80 p99=128.51 n=374100
[11:00:43] offered=   111101/s achieved=   111141/s shed=        0/s inflight=     7 | p50=  10.69 p99=   79.36 p999=   92.67 ms | push=13888300 pop=13968700 lag=-80400 | errs push=0 pop=0 empty=363 gor=442 | ack=   112481/s ackErr=0 ackAvg=14.50ms | e2e p50=29.06 p99=132.10 p999=160.77 n=1126052 | e2e_local p50=29.57 p99=132.10 n=378600
[11:00:53] offered=   111104/s achieved=   111054/s shed=        0/s inflight=    10 | p50=  11.46 p99=   91.65 p999=  122.37 ms | push=14998900 pop=15113500 lag=-114600 | errs push=0 pop=0 empty=363 gor=446 | ack=   114434/s ackErr=0 ackAvg=14.73ms | e2e p50=30.85 p99=144.38 p999=181.25 n=1144548 | e2e_local p50=31.10 p99=148.48 n=386300
[11:01:03] offered=   111119/s achieved=   111089/s shed=        0/s inflight=    15 | p50=  11.07 p99=  119.30 p999=  171.01 ms | push=16109800 pop=16256000 lag=-146200 | errs push=0 pop=0 empty=363 gor=549 | ack=   114329/s ackErr=0 ackAvg=14.89ms | e2e p50=29.82 p99=185.34 p999=218.11 n=1142500 | e2e_local p50=30.08 p99=156.67 n=381300
[11:01:13] offered=   111107/s achieved=   111177/s shed=        0/s inflight=     7 | p50=  10.56 p99=   70.14 p999=   97.79 ms | push=17221500 pop=17365200 lag=-143700 | errs push=0 pop=0 empty=363 gor=541 | ack=   110977/s ackErr=0 ackAvg=14.99ms | e2e p50=28.54 p99=122.37 p999=158.72 n=1109200 | e2e_local p50=28.80 p99=122.37 n=367269
[11:01:23] offered=   111097/s achieved=   111107/s shed=        0/s inflight=     8 | p50=  10.30 p99=   54.53 p999=   79.36 ms | push=18332600 pop=18472000 lag=-139400 | errs push=0 pop=0 empty=363 gor=543 | ack=   110657/s ackErr=0 ackAvg=15.02ms | e2e p50=28.03 p99=98.82 p999=115.20 n=1106800 | e2e_local p50=28.29 p99=94.72 n=369031
[11:01:33] offered=   111122/s achieved=   111082/s shed=        0/s inflight=    10 | p50=  10.43 p99=   63.23 p999=   87.55 ms | push=19443400 pop=19576100 lag=-132700 | errs push=0 pop=0 empty=363 gor=542 | ack=   110532/s ackErr=0 ackAvg=15.07ms | e2e p50=28.54 p99=102.91 p999=148.48 n=1104100 | e2e_local p50=28.54 p99=104.96 n=363500
[11:01:43] offered=   111103/s achieved=   111123/s shed=        0/s inflight=     8 | p50=  10.56 p99=   55.04 p999=   85.50 ms | push=20554700 pop=20685800 lag=-131100 | errs push=0 pop=0 empty=363 gor=544 | ack=   110884/s ackErr=0 ackAvg=15.12ms | e2e p50=28.54 p99=94.72 p999=118.27 n=1109700 | e2e_local p50=28.80 p99=91.65 n=366200
[11:01:53] offered=   111115/s achieved=   111095/s shed=        0/s inflight=    11 | p50=  10.30 p99=   50.43 p999=   69.12 ms | push=21665600 pop=21770900 lag=-105300 | errs push=0 pop=0 empty=363 gor=545 | ack=   108475/s ackErr=0 ackAvg=15.15ms | e2e p50=28.29 p99=102.91 p999=132.10 n=1085100 | e2e_local p50=28.29 p99=98.82 n=364400
[11:02:03] offered=   111122/s achieved=   111112/s shed=        0/s inflight=    11 | p50=  10.82 p99=   72.19 p999=   91.65 ms | push=22776700 pop=22894900 lag=-118200 | errs push=0 pop=0 empty=363 gor=546 | ack=   112302/s ackErr=0 ackAvg=15.21ms | e2e p50=29.06 p99=132.10 p999=150.53 n=1124000 | e2e_local p50=29.31 p99=132.10 n=367500
[11:02:13] offered=   111115/s achieved=   111095/s shed=        0/s inflight=    14 | p50=  10.69 p99=   55.04 p999=   68.10 ms | push=23887700 pop=23997500 lag=-109800 | errs push=0 pop=0 empty=363 gor=548 | ack=   110295/s ackErr=0 ackAvg=15.27ms | e2e p50=29.06 p99=107.01 p999=127.49 n=1102600 | e2e_local p50=29.06 p99=108.03 n=372200
[11:02:23] offered=   111114/s achieved=   111154/s shed=        0/s inflight=     9 | p50=  10.94 p99=   57.60 p999=  104.96 ms | push=24999200 pop=25088400 lag=-89200 | errs push=0 pop=0 empty=363 gor=547 | ack=   108964/s ackErr=0 ackAvg=15.33ms | e2e p50=29.82 p99=115.20 p999=144.38 n=1090900 | e2e_local p50=29.82 p99=113.15 n=360200
[11:02:33] offered=   111099/s achieved=   111089/s shed=        0/s inflight=    11 | p50=  10.94 p99=   54.53 p999=   84.48 ms | push=26110100 pop=26202500 lag=-92400 | errs push=0 pop=0 empty=363 gor=391 | ack=   111639/s ackErr=0 ackAvg=15.39ms | e2e p50=29.82 p99=96.77 p999=134.14 n=1114100 | e2e_local p50=30.08 p99=96.77 n=372400
[11:02:43] offered=   111116/s achieved=   111136/s shed=        0/s inflight=     8 | p50=  10.69 p99=   70.14 p999=   93.70 ms | push=27221500 pop=27294600 lag=-73100 | errs push=0 pop=0 empty=363 gor=388 | ack=   109206/s ackErr=0 ackAvg=15.44ms | e2e p50=30.08 p99=125.44 p999=144.38 n=1092100 | e2e_local p50=29.82 p99=126.46 n=362700
[11:02:53] offered=   111107/s achieved=   111067/s shed=        0/s inflight=    11 | p50=  10.94 p99=   66.05 p999=   86.53 ms | push=28332300 pop=28421200 lag=-88900 | errs push=0 pop=0 empty=363 gor=389 | ack=   112697/s ackErr=0 ackAvg=15.51ms | e2e p50=30.08 p99=119.30 p999=132.10 n=1126600 | e2e_local p50=30.08 p99=116.22 n=377400
[11:03:03] offered=   111112/s achieved=   111162/s shed=        0/s inflight=     7 | p50=  10.82 p99=   40.19 p999=   49.92 ms | push=29443800 pop=29526700 lag=-82900 | errs push=0 pop=0 empty=363 gor=387 | ack=   110562/s ackErr=0 ackAvg=15.54ms | e2e p50=29.31 p99=84.48 p999=97.79 n=1105500 | e2e_local p50=29.31 p99=84.48 n=366500
[11:03:13] offered=   111095/s achieved=   111115/s shed=        0/s inflight=     5 | p50=  10.56 p99=   36.61 p999=   48.90 ms | push=30554900 pop=30642500 lag=-87600 | errs push=0 pop=0 empty=363 gor=386 | ack=   111565/s ackErr=0 ackAvg=15.55ms | e2e p50=29.06 p99=78.34 p999=100.86 n=1115800 | e2e_local p50=29.06 p99=77.31 n=362400
[11:03:23] offered=   111114/s achieved=   111094/s shed=        0/s inflight=     7 | p50=  10.82 p99=   46.85 p999=   74.24 ms | push=31665900 pop=31756800 lag=-90900 | errs push=0 pop=0 empty=363 gor=389 | ack=   111254/s ackErr=0 ackAvg=15.58ms | e2e p50=29.82 p99=105.98 p999=120.32 n=1114300 | e2e_local p50=29.82 p99=103.94 n=377900
[11:03:33] offered=   111114/s achieved=   111064/s shed=        0/s inflight=    12 | p50=  10.56 p99=   35.07 p999=   44.29 ms | push=32776500 pop=32870300 lag=-93800 | errs push=0 pop=0 empty=363 gor=369 | ack=   111574/s ackErr=0 ackAvg=15.60ms | e2e p50=29.06 p99=86.53 p999=111.10 n=1113500 | e2e_local p50=29.06 p99=88.58 n=378500
[drain] consumers keep going for 9.99s (lag now -94900)
[11:03:43] offered=        0/s achieved=      120/s shed=        0/s inflight=     0 | p50=  11.84 p99=   14.27 p999=   14.27 ms | push=32777700 pop=32874600 lag=-96900 | errs push=0 pop=0 empty=528 gor=354 | ack=      470/s ackErr=0 ackAvg=15.60ms | e2e p50=29.57 p99=37.12 p999=37.12 n=4300 | e2e_local p50=22.91 p99=37.12 n=1000
[info] steady window 290s (after the ramp, before the producers stopped): offered 111110/s pushed 111110/s popped 111452/s cpu 197.5% = 1.78 cores per 100k msg/s (produce+consume)
[final] offered=327777 achieved=327777 shed=0 (msgs: offered=32777700 achieved=32777700 shed=0) pushErr=0 | pushed=32777700 popped=32874600 lag=-96900 | popErr=0 empty=528 | overall p50=10.05 p99=63.23 p999=97.79 ms | acked=32874600 ackErr=0 ackLag=-96900 ackAvg=15.60ms | e2e p50=27.78 p99=113.15 p999=152.58 ms
load_cpu=177.3%
