qload tag=d-210-off loader=7/9 mode=batch rate=111111 msg/s batch=100 batch-max=0 max-inflight=5000 ramp=10s duration=5m0s report=10s drain=10s GOMAXPROCS=16 GOGC=400(default) seed=1791629888998915547
  offered: 111111 msg/s = 1111.1 units/s (avg 100.0 msgs/unit) across 23 pacer workers (48.31 units/s each)
  topics: 1 x 500000 partitions (bench..bench), entities/topic=0 (explicit partition) | picker: topics=rr entities: rr over space=500000 starting at 388888
  payload: goload jsonEvent target 256 B, avg 289.5 B raw, ~320 B stamped ({"ts":µs,"src":7,...}), pool 64x100
  consumers: 33 here (ci 231..263 of 297), poll=1000 proc-us=0 ack=async ack-inflight=256 local-src=[6 7 8]
  queen: url=http://10.114.0.19:6632 (of 3) conns=2048 timeout=30s pop-width=10 pop-batch=1000 pop-timeout=2s lease=30s | configure: leaseTime=30 completedRetention=3600 dedup=0 retryLimit=1000000 | plain: consumers pop+ack the queue
  [queen] http://10.114.0.19:6632 healthy: version 2.1.0, this node follower
  [consume] 33 consumers of bench: pop width 10, batch 1000, long poll 2s, lease 30s, async batch acks (ack-inflight 256)
READY 1791629894257
[start] waiting 19.066s for the common start 1791629913323
[start] GO 10:58:33.323 (unix ms 1791629913323)
[10:58:43] offered=    55519/s achieved=    55429/s shed=        0/s inflight=     8 | p50=   7.46 p99=   35.07 p999=   51.46 ms | push=554300 pop=566800 lag=-12500 | errs push=0 pop=0 empty=363 gor=264 | ack=    56579/s ackErr=0 ackAvg=10.33ms | e2e p50=19.58 p99=67.07 p999=89.60 n=566800 | e2e_local p50=19.58 p99=65.28 n=190900
[10:58:53] offered=   111098/s achieved=   111098/s shed=        0/s inflight=    11 | p50=   9.41 p99=   48.90 p999=   75.26 ms | push=1665200 pop=1655300 lag=9900 | errs push=0 pop=0 empty=363 gor=322 | ack=   108828/s ackErr=0 ackAvg=12.64ms | e2e p50=24.45 p99=89.60 p999=104.96 n=1088500 | e2e_local p50=24.96 p99=91.65 n=374000
[10:59:03] offered=   111109/s achieved=   111109/s shed=        0/s inflight=    10 | p50=   9.54 p99=   48.90 p999=   69.12 ms | push=2776300 pop=2782100 lag=-5800 | errs push=0 pop=0 empty=363 gor=325 | ack=   112709/s ackErr=0 ackAvg=13.22ms | e2e p50=25.22 p99=88.58 p999=104.96 n=1126800 | e2e_local p50=25.22 p99=88.58 n=376900
[10:59:13] offered=   111140/s achieved=   111100/s shed=        0/s inflight=    13 | p50=   9.54 p99=   45.31 p999=   60.16 ms | push=3887300 pop=3879200 lag=8100 | errs push=0 pop=0 empty=363 gor=324 | ack=   109790/s ackErr=0 ackAvg=13.51ms | e2e p50=24.45 p99=77.31 p999=98.82 n=1097100 | e2e_local p50=24.70 p99=77.31 n=356700
[10:59:23] offered=   111135/s achieved=   111125/s shed=        0/s inflight=    12 | p50=   9.41 p99=   44.29 p999=   60.16 ms | push=4998800 pop=5004100 lag=-5300 | errs push=0 pop=0 empty=363 gor=333 | ack=   111935/s ackErr=0 ackAvg=13.60ms | e2e p50=24.45 p99=77.31 p999=101.89 n=1124900 | e2e_local p50=24.45 p99=77.31 n=384800
[10:59:33] offered=   111105/s achieved=   111075/s shed=        0/s inflight=    17 | p50=   9.54 p99=   45.82 p999=   60.67 ms | push=6109400 pop=6133000 lag=-23600 | errs push=0 pop=0 empty=363 gor=333 | ack=   113265/s ackErr=0 ackAvg=13.78ms | e2e p50=25.22 p99=81.41 p999=99.84 n=1128900 | e2e_local p50=25.22 p99=82.43 n=378700
[10:59:43] offered=   111096/s achieved=   111146/s shed=        0/s inflight=    12 | p50=   9.79 p99=   51.46 p999=   70.14 ms | push=7220800 pop=7256400 lag=-35600 | errs push=0 pop=0 empty=363 gor=324 | ack=   112416/s ackErr=0 ackAvg=13.93ms | e2e p50=25.98 p99=85.50 p999=95.74 n=1123400 | e2e_local p50=25.73 p99=85.50 n=372800
[10:59:53] offered=   111094/s achieved=   111094/s shed=        0/s inflight=    11 | p50=   9.92 p99=   49.92 p999=   68.10 ms | push=8331700 pop=8364500 lag=-32800 | errs push=0 pop=0 empty=363 gor=326 | ack=   110544/s ackErr=0 ackAvg=14.05ms | e2e p50=26.50 p99=82.43 p999=101.89 n=1108100 | e2e_local p50=26.75 p99=81.41 n=369800
[11:00:03] offered=   111108/s achieved=   111168/s shed=        0/s inflight=     6 | p50=  10.18 p99=   57.60 p999=   86.53 ms | push=9443400 pop=9511600 lag=-68200 | errs push=0 pop=0 empty=363 gor=354 | ack=   114958/s ackErr=0 ackAvg=14.19ms | e2e p50=26.24 p99=94.72 p999=113.15 n=1147562 | e2e_local p50=26.75 p99=94.72 n=387300
[11:00:13] offered=   111089/s achieved=   111019/s shed=        0/s inflight=    16 | p50=  10.43 p99=   54.53 p999=   69.12 ms | push=10553600 pop=10636000 lag=-82400 | errs push=0 pop=0 empty=363 gor=370 | ack=   112099/s ackErr=0 ackAvg=14.33ms | e2e p50=27.26 p99=92.67 p999=101.89 n=1123938 | e2e_local p50=27.26 p99=92.67 n=369800
[11:00:23] offered=   111132/s achieved=   111192/s shed=        0/s inflight=     7 | p50=  10.69 p99=   73.22 p999=   99.84 ms | push=11665500 pop=11773600 lag=-108100 | errs push=0 pop=0 empty=363 gor=383 | ack=   113972/s ackErr=0 ackAvg=14.50ms | e2e p50=28.03 p99=118.27 p999=142.34 n=1137600 | e2e_local p50=28.03 p99=120.32 n=384200
[11:00:33] offered=   111110/s achieved=   111100/s shed=        0/s inflight=     9 | p50=  11.20 p99=   87.55 p999=  125.44 ms | push=12776500 pop=12891500 lag=-115000 | errs push=0 pop=0 empty=363 gor=433 | ack=   111720/s ackErr=0 ackAvg=14.71ms | e2e p50=28.54 p99=136.19 p999=166.91 n=1117900 | e2e_local p50=28.54 p99=138.24 n=373500
[11:00:43] offered=   111120/s achieved=   111100/s shed=        0/s inflight=    10 | p50=  11.33 p99=   79.36 p999=   92.67 ms | push=13887500 pop=14010500 lag=-123000 | errs push=0 pop=0 empty=363 gor=432 | ack=   112050/s ackErr=0 ackAvg=14.89ms | e2e p50=29.06 p99=136.19 p999=162.82 n=1119000 | e2e_local p50=29.31 p99=132.10 n=371500
[11:00:53] offered=   111100/s achieved=   111080/s shed=        0/s inflight=    11 | p50=  12.22 p99=   88.58 p999=  124.42 ms | push=14998300 pop=15128900 lag=-130600 | errs push=0 pop=0 empty=363 gor=441 | ack=   111640/s ackErr=0 ackAvg=15.12ms | e2e p50=30.85 p99=156.67 p999=181.25 n=1118400 | e2e_local p50=30.85 p99=158.72 n=370300
[11:01:03] offered=   111140/s achieved=   111090/s shed=        0/s inflight=    17 | p50=  11.58 p99=  118.27 p999=  166.91 ms | push=16109200 pop=16235000 lag=-125800 | errs push=0 pop=0 empty=363 gor=549 | ack=   110920/s ackErr=0 ackAvg=15.29ms | e2e p50=30.34 p99=197.63 p999=222.21 n=1106100 | e2e_local p50=30.59 p99=189.44 n=360700
[11:01:13] offered=   111130/s achieved=   111170/s shed=        0/s inflight=    13 | p50=  11.07 p99=   71.17 p999=  101.89 ms | push=17220900 pop=17342400 lag=-121500 | errs push=0 pop=0 empty=363 gor=549 | ack=   110590/s ackErr=0 ackAvg=15.39ms | e2e p50=28.29 p99=121.34 p999=134.14 n=1107400 | e2e_local p50=28.80 p99=122.37 n=371600
[11:01:23] offered=   111109/s achieved=   111119/s shed=        0/s inflight=    12 | p50=  10.82 p99=   55.55 p999=   81.41 ms | push=18332100 pop=18423400 lag=-91300 | errs push=0 pop=0 empty=363 gor=545 | ack=   108199/s ackErr=0 ackAvg=15.43ms | e2e p50=27.52 p99=102.91 p999=125.44 n=1081000 | e2e_local p50=27.78 p99=100.86 n=360000
[11:01:33] offered=   111090/s achieved=   111060/s shed=        0/s inflight=    13 | p50=  11.07 p99=   63.23 p999=   89.60 ms | push=19442700 pop=19510400 lag=-67700 | errs push=0 pop=0 empty=363 gor=545 | ack=   108690/s ackErr=0 ackAvg=15.47ms | e2e p50=28.03 p99=107.01 p999=128.51 n=1087000 | e2e_local p50=28.29 p99=108.03 n=359300
[11:01:43] offered=   111082/s achieved=   111122/s shed=        0/s inflight=     7 | p50=  11.20 p99=   56.58 p999=   87.55 ms | push=20554000 pop=20656200 lag=-102200 | errs push=0 pop=0 empty=363 gor=539 | ack=   114662/s ackErr=0 ackAvg=15.55ms | e2e p50=28.80 p99=109.06 p999=130.56 n=1145800 | e2e_local p50=28.80 p99=109.06 n=375700
[11:01:53] offered=   111115/s achieved=   111115/s shed=        0/s inflight=    11 | p50=  10.94 p99=   50.94 p999=   71.17 ms | push=21665100 pop=21770100 lag=-105000 | errs push=0 pop=0 empty=363 gor=545 | ack=   111165/s ackErr=0 ackAvg=15.58ms | e2e p50=28.29 p99=102.91 p999=124.42 n=1113900 | e2e_local p50=28.54 p99=102.91 n=374700
[11:02:03] offered=   111102/s achieved=   111142/s shed=        0/s inflight=     5 | p50=  11.33 p99=   70.14 p999=   95.74 ms | push=22776500 pop=22882400 lag=-105900 | errs push=0 pop=0 empty=363 gor=538 | ack=   111412/s ackErr=0 ackAvg=15.64ms | e2e p50=29.31 p99=121.34 p999=144.38 n=1112300 | e2e_local p50=29.57 p99=123.39 n=374000
[11:02:13] offered=   111131/s achieved=   111111/s shed=        0/s inflight=     9 | p50=  11.33 p99=   56.06 p999=   69.12 ms | push=23887600 pop=23991800 lag=-104200 | errs push=0 pop=0 empty=363 gor=541 | ack=   111001/s ackErr=0 ackAvg=15.70ms | e2e p50=29.57 p99=111.10 p999=126.46 n=1109400 | e2e_local p50=29.57 p99=112.13 n=373300
[11:02:23] offered=   111101/s achieved=   111111/s shed=        0/s inflight=     8 | p50=  11.58 p99=   58.11 p999=  101.89 ms | push=24998700 pop=25092700 lag=-94000 | errs push=0 pop=0 empty=363 gor=542 | ack=   109881/s ackErr=0 ackAvg=15.76ms | e2e p50=29.57 p99=103.94 p999=138.24 n=1100900 | e2e_local p50=29.57 p99=103.94 n=362200
[11:02:33] offered=   111115/s achieved=   111085/s shed=        0/s inflight=    11 | p50=  11.58 p99=   56.06 p999=   81.41 ms | push=26109600 pop=26174200 lag=-64600 | errs push=0 pop=0 empty=363 gor=382 | ack=   108395/s ackErr=0 ackAvg=15.83ms | e2e p50=29.82 p99=95.74 p999=136.19 n=1081500 | e2e_local p50=30.08 p99=98.82 n=356300
[11:02:43] offered=   111105/s achieved=   111125/s shed=        0/s inflight=     8 | p50=  11.33 p99=   69.12 p999=   94.72 ms | push=27220800 pop=27266600 lag=-45800 | errs push=0 pop=0 empty=363 gor=386 | ack=   108874/s ackErr=0 ackAvg=15.88ms | e2e p50=29.31 p99=138.24 p999=185.34 n=1092400 | e2e_local p50=29.82 p99=142.34 n=369400
[11:02:53] offered=   111140/s achieved=   111080/s shed=        0/s inflight=    15 | p50=  11.58 p99=   67.07 p999=   83.46 ms | push=28331600 pop=28369900 lag=-38300 | errs push=0 pop=0 empty=363 gor=389 | ack=   110660/s ackErr=0 ackAvg=15.95ms | e2e p50=29.82 p99=130.56 p999=144.38 n=1103300 | e2e_local p50=30.08 p99=129.54 n=372200
[11:03:03] offered=   111128/s achieved=   111148/s shed=        0/s inflight=    13 | p50=  11.46 p99=   41.22 p999=   50.94 ms | push=29443100 pop=29505500 lag=-62400 | errs push=0 pop=0 empty=363 gor=388 | ack=   113398/s ackErr=0 ackAvg=15.98ms | e2e p50=29.31 p99=85.50 p999=108.03 n=1135600 | e2e_local p50=29.31 p99=84.48 n=378500
[11:03:13] offered=   111110/s achieved=   111120/s shed=        0/s inflight=    11 | p50=  11.07 p99=   36.61 p999=   48.38 ms | push=30554300 pop=30592100 lag=-37800 | errs push=0 pop=0 empty=363 gor=385 | ack=   108780/s ackErr=0 ackAvg=15.98ms | e2e p50=28.80 p99=75.26 p999=99.84 n=1086600 | e2e_local p50=28.80 p99=75.26 n=362000
[11:03:23] offered=   111090/s achieved=   111120/s shed=        0/s inflight=     9 | p50=  11.46 p99=   47.87 p999=   73.22 ms | push=31665500 pop=31685900 lag=-20400 | errs push=0 pop=0 empty=363 gor=380 | ack=   109460/s ackErr=0 ackAvg=16.02ms | e2e p50=29.57 p99=117.25 p999=146.43 n=1093800 | e2e_local p50=29.57 p99=118.27 n=364800
[11:03:33] offered=   111081/s achieved=   111031/s shed=        0/s inflight=    14 | p50=  11.20 p99=   36.10 p999=   45.31 ms | push=32775900 pop=32775400 lag=500 | errs push=0 pop=0 empty=363 gor=366 | ack=   108831/s ackErr=0 ackAvg=16.03ms | e2e p50=28.80 p99=82.43 p999=118.27 n=1089500 | e2e_local p50=28.80 p99=76.29 n=363700
[drain] consumers keep going for 9.988s (lag now 100)
[11:03:43] offered=        0/s achieved=      140/s shed=        0/s inflight=     0 | p50=  12.22 p99=   14.02 p999=   14.02 ms | push=32777300 pop=32777200 lag=100 | errs push=0 pop=0 empty=528 gor=348 | ack=      290/s ackErr=0 ackAvg=16.03ms | e2e p50=25.98 p99=28.80 p999=28.80 n=1800 | e2e_local p50=27.01 p99=28.03 n=700
[info] steady window 290s (after the ramp, before the producers stopped): offered 111111/s pushed 111109/s popped 111064/s cpu 189.3% = 1.70 cores per 100k msg/s (produce+consume)
[final] offered=327773 achieved=327773 shed=0 (msgs: offered=32777300 achieved=32777300 shed=0) pushErr=0 | pushed=32777300 popped=32777200 lag=100 | popErr=0 empty=528 | overall p50=10.69 p99=63.74 p999=98.82 ms | acked=32777200 ackErr=0 ackLag=100 ackAvg=16.03ms | e2e p50=27.78 p99=114.18 p999=162.82 ms
load_cpu=169.9%
