qload tag=d-210-off loader=8/9 mode=batch rate=111111 msg/s batch=100 batch-max=0 max-inflight=5000 ramp=10s duration=5m0s report=10s drain=10s GOMAXPROCS=16 GOGC=400(default) seed=1791629888997580465
  offered: 111111 msg/s = 1111.1 units/s (avg 100.0 msgs/unit) across 23 pacer workers (48.31 units/s each)
  topics: 1 x 500000 partitions (bench..bench), entities/topic=0 (explicit partition) | picker: topics=rr entities: rr over space=500000 starting at 444444
  payload: goload jsonEvent target 256 B, avg 289.6 B raw, ~320 B stamped ({"ts":µs,"src":8,...}), pool 64x100
  consumers: 33 here (ci 264..296 of 297), poll=1000 proc-us=0 ack=async ack-inflight=256 local-src=[6 7 8]
  queen: url=http://10.114.0.18:6632 (of 3) conns=2048 timeout=30s pop-width=10 pop-batch=1000 pop-timeout=2s lease=30s | configure: leaseTime=30 completedRetention=3600 dedup=0 retryLimit=1000000 | plain: consumers pop+ack the queue
  [queen] http://10.114.0.18:6632 healthy: version 2.1.0, this node follower
  [consume] 33 consumers of bench: pop width 10, batch 1000, long poll 2s, lease 30s, async batch acks (ack-inflight 256)
READY 1791629894255
[start] waiting 19.068s for the common start 1791629913323
[start] GO 10:58:33.323 (unix ms 1791629913323)
[10:58:43] offered=    55530/s achieved=    55470/s shed=        0/s inflight=     5 | p50=   6.50 p99=   29.82 p999=   51.46 ms | push=554700 pop=548900 lag=5800 | errs push=0 pop=0 empty=363 gor=252 | ack=    54700/s ackErr=0 ackAvg=9.41ms | e2e p50=18.05 p99=66.05 p999=83.46 n=548900 | e2e_local p50=18.30 p99=67.07 n=182200
[10:58:53] offered=   111103/s achieved=   111123/s shed=        0/s inflight=     4 | p50=   8.64 p99=   48.38 p999=   70.14 ms | push=1665900 pop=1662100 lag=3800 | errs push=0 pop=0 empty=363 gor=313 | ack=   111513/s ackErr=0 ackAvg=11.60ms | e2e p50=24.19 p99=82.43 p999=100.86 n=1113200 | e2e_local p50=24.19 p99=82.43 n=373500
[10:59:03] offered=   111112/s achieved=   111082/s shed=        0/s inflight=     8 | p50=   8.77 p99=   48.38 p999=   67.07 ms | push=2776800 pop=2759500 lag=17300 | errs push=0 pop=0 empty=363 gor=321 | ack=   109672/s ackErr=0 ackAvg=12.19ms | e2e p50=24.19 p99=88.58 p999=99.84 n=1097400 | e2e_local p50=24.45 p99=88.58 n=368400
[10:59:13] offered=   111126/s achieved=   111126/s shed=        0/s inflight=     7 | p50=   8.77 p99=   44.80 p999=   58.11 ms | push=3888000 pop=3880900 lag=7100 | errs push=0 pop=0 empty=363 gor=318 | ack=   112106/s ackErr=0 ackAvg=12.51ms | e2e p50=24.45 p99=73.22 p999=90.62 n=1121400 | e2e_local p50=24.45 p99=73.22 n=369600
[10:59:23] offered=   111112/s achieved=   111072/s shed=        0/s inflight=    12 | p50=   8.64 p99=   43.78 p999=   57.09 ms | push=4998900 pop=5029600 lag=-30700 | errs push=0 pop=0 empty=363 gor=325 | ack=   114881/s ackErr=0 ackAvg=12.61ms | e2e p50=24.19 p99=82.43 p999=102.91 n=1148700 | e2e_local p50=24.19 p99=83.46 n=369200
[10:59:33] offered=   111124/s achieved=   111104/s shed=        0/s inflight=    13 | p50=   8.77 p99=   45.82 p999=   57.09 ms | push=6109800 pop=6125800 lag=-16000 | errs push=0 pop=0 empty=363 gor=324 | ack=   109604/s ackErr=0 ackAvg=12.78ms | e2e p50=24.19 p99=81.41 p999=95.74 n=1096200 | e2e_local p50=24.45 p99=79.36 n=370000
[10:59:43] offered=   111103/s achieved=   111103/s shed=        0/s inflight=    15 | p50=   9.02 p99=   50.94 p999=   68.10 ms | push=7220800 pop=7246400 lag=-25600 | errs push=0 pop=0 empty=363 gor=328 | ack=   112073/s ackErr=0 ackAvg=12.96ms | e2e p50=25.47 p99=84.48 p999=98.82 n=1120600 | e2e_local p50=25.98 p99=84.48 n=381400
[10:59:53] offered=   111118/s achieved=   111108/s shed=        0/s inflight=    14 | p50=   9.15 p99=   48.38 p999=   67.07 ms | push=8331900 pop=8363700 lag=-31800 | errs push=0 pop=0 empty=363 gor=333 | ack=   111448/s ackErr=0 ackAvg=13.13ms | e2e p50=25.73 p99=81.41 p999=93.70 n=1117300 | e2e_local p50=25.73 p99=81.41 n=382000
[11:00:03] offered=   111123/s achieved=   111133/s shed=        0/s inflight=    13 | p50=   9.41 p99=   59.14 p999=   84.48 ms | push=9443200 pop=9468800 lag=-25600 | errs push=0 pop=0 empty=363 gor=350 | ack=   110843/s ackErr=0 ackAvg=13.26ms | e2e p50=25.98 p99=90.62 p999=118.27 n=1105100 | e2e_local p50=26.24 p99=90.62 n=373000
[11:00:13] offered=   111095/s achieved=   111045/s shed=        0/s inflight=    17 | p50=   9.54 p99=   55.55 p999=   72.19 ms | push=10553700 pop=10560700 lag=-7000 | errs push=0 pop=0 empty=363 gor=360 | ack=   109045/s ackErr=0 ackAvg=13.38ms | e2e p50=26.75 p99=89.60 p999=105.98 n=1091900 | e2e_local p50=27.01 p99=89.60 n=357600
[11:00:23] offered=   111117/s achieved=   111177/s shed=        0/s inflight=    12 | p50=   9.92 p99=   72.19 p999=   95.74 ms | push=11665400 pop=11662400 lag=3000 | errs push=0 pop=0 empty=363 gor=381 | ack=   110307/s ackErr=0 ackAvg=13.56ms | e2e p50=27.52 p99=117.25 p999=148.48 n=1101700 | e2e_local p50=27.78 p99=118.27 n=367600
[11:00:33] offered=   111092/s achieved=   111152/s shed=        0/s inflight=     4 | p50=  10.30 p99=   91.65 p999=  123.39 ms | push=12777000 pop=12771400 lag=5600 | errs push=0 pop=0 empty=363 gor=435 | ack=   110802/s ackErr=0 ackAvg=13.77ms | e2e p50=28.29 p99=146.43 p999=191.49 n=1109000 | e2e_local p50=28.54 p99=146.43 n=367900
[11:00:43] offered=   111093/s achieved=   111103/s shed=        0/s inflight=     6 | p50=  10.43 p99=   79.36 p999=   97.79 ms | push=13888000 pop=13898700 lag=-10700 | errs push=0 pop=0 empty=363 gor=438 | ack=   112663/s ackErr=0 ackAvg=13.94ms | e2e p50=28.54 p99=132.10 p999=152.58 n=1127300 | e2e_local p50=28.80 p99=134.14 n=373500
[11:00:53] offered=   111113/s achieved=   111103/s shed=        0/s inflight=     6 | p50=  11.46 p99=   90.62 p999=  134.14 ms | push=14999000 pop=15012200 lag=-13200 | errs push=0 pop=0 empty=363 gor=442 | ack=   111423/s ackErr=0 ackAvg=14.15ms | e2e p50=30.34 p99=140.29 p999=179.20 n=1113500 | e2e_local p50=30.85 p99=142.34 n=368700
[11:01:03] offered=   111132/s achieved=   111072/s shed=        0/s inflight=    12 | p50=  10.82 p99=  121.34 p999=  168.96 ms | push=16109700 pop=16103400 lag=6300 | errs push=0 pop=0 empty=363 gor=546 | ack=   109072/s ackErr=0 ackAvg=14.33ms | e2e p50=29.06 p99=207.87 p999=284.67 n=1091200 | e2e_local p50=29.31 p99=201.73 n=363400
[11:01:13] offered=   111120/s achieved=   111140/s shed=        0/s inflight=    10 | p50=  10.30 p99=   71.17 p999=   94.72 ms | push=17221100 pop=17228900 lag=-7800 | errs push=0 pop=0 empty=363 gor=540 | ack=   112690/s ackErr=0 ackAvg=14.43ms | e2e p50=27.78 p99=118.27 p999=134.14 n=1125500 | e2e_local p50=28.03 p99=118.27 n=374000
[11:01:23] offered=   111107/s achieved=   111097/s shed=        0/s inflight=    11 | p50=  10.05 p99=   54.02 p999=   86.53 ms | push=18332100 pop=18349500 lag=-17400 | errs push=0 pop=0 empty=363 gor=545 | ack=   111817/s ackErr=0 ackAvg=14.47ms | e2e p50=27.01 p99=103.94 p999=128.51 n=1120600 | e2e_local p50=27.26 p99=99.84 n=364000
[11:01:33] offered=   111123/s achieved=   111103/s shed=        0/s inflight=    13 | p50=  10.30 p99=   60.16 p999=   83.46 ms | push=19443100 pop=19447900 lag=-4800 | errs push=0 pop=0 empty=363 gor=545 | ack=   110033/s ackErr=0 ackAvg=14.52ms | e2e p50=27.78 p99=112.13 p999=148.48 n=1098400 | e2e_local p50=28.03 p99=113.15 n=374900
[11:01:43] offered=   111121/s achieved=   111121/s shed=        0/s inflight=    13 | p50=  10.43 p99=   56.06 p999=   94.72 ms | push=20554300 pop=20566600 lag=-12300 | errs push=0 pop=0 empty=363 gor=549 | ack=   111811/s ackErr=0 ackAvg=14.58ms | e2e p50=28.29 p99=102.91 p999=128.51 n=1118700 | e2e_local p50=28.54 p99=102.91 n=369000
[11:01:53] offered=   111098/s achieved=   111088/s shed=        0/s inflight=    11 | p50=  10.18 p99=   49.92 p999=   66.05 ms | push=21665300 pop=21685100 lag=-19800 | errs push=0 pop=0 empty=363 gor=543 | ack=   111748/s ackErr=0 ackAvg=14.62ms | e2e p50=27.78 p99=110.08 p999=125.44 n=1118500 | e2e_local p50=28.03 p99=109.06 n=371500
[11:02:03] offered=   111112/s achieved=   111132/s shed=        0/s inflight=    12 | p50=  10.56 p99=   70.14 p999=   94.72 ms | push=22776500 pop=22783300 lag=-6800 | errs push=0 pop=0 empty=363 gor=545 | ack=   109732/s ackErr=0 ackAvg=14.68ms | e2e p50=28.54 p99=144.38 p999=179.20 n=1098200 | e2e_local p50=28.54 p99=146.43 n=366700
[11:02:13] offered=   111107/s achieved=   111117/s shed=        0/s inflight=    11 | p50=  10.56 p99=   54.02 p999=   68.10 ms | push=23887700 pop=23914900 lag=-27200 | errs push=0 pop=0 empty=363 gor=543 | ack=   113437/s ackErr=0 ackAvg=14.74ms | e2e p50=29.06 p99=107.01 p999=120.32 n=1131600 | e2e_local p50=29.06 p99=109.06 n=388600
[11:02:23] offered=   111088/s achieved=   111148/s shed=        0/s inflight=     4 | p50=  10.82 p99=   57.60 p999=   81.41 ms | push=24999200 pop=25020400 lag=-21200 | errs push=0 pop=0 empty=363 gor=538 | ack=   110428/s ackErr=0 ackAvg=14.80ms | e2e p50=29.06 p99=116.22 p999=148.48 n=1105500 | e2e_local p50=28.80 p99=117.25 n=368500
[11:02:33] offered=   111104/s achieved=   111094/s shed=        0/s inflight=     6 | p50=  10.82 p99=   54.02 p999=   82.43 ms | push=26110100 pop=26125500 lag=-15400 | errs push=0 pop=0 empty=363 gor=373 | ack=   110624/s ackErr=0 ackAvg=14.86ms | e2e p50=28.80 p99=94.72 p999=119.30 n=1105100 | e2e_local p50=29.06 p99=95.74 n=368800
[11:02:43] offered=   111111/s achieved=   111121/s shed=        0/s inflight=     5 | p50=  10.56 p99=   59.65 p999=   94.72 ms | push=27221300 pop=27240500 lag=-19200 | errs push=0 pop=0 empty=363 gor=382 | ack=   111411/s ackErr=0 ackAvg=14.91ms | e2e p50=28.80 p99=121.34 p999=162.82 n=1115000 | e2e_local p50=29.06 p99=120.32 n=371800
[11:02:53] offered=   111129/s achieved=   111069/s shed=        0/s inflight=    11 | p50=  10.82 p99=   66.05 p999=   84.48 ms | push=28332000 pop=28371800 lag=-39800 | errs push=0 pop=0 empty=363 gor=382 | ack=   113299/s ackErr=0 ackAvg=14.98ms | e2e p50=29.57 p99=125.44 p999=142.34 n=1131300 | e2e_local p50=29.57 p99=125.44 n=375000
[11:03:03] offered=   111120/s achieved=   111140/s shed=        0/s inflight=     9 | p50=  10.56 p99=   40.19 p999=   51.46 ms | push=29443400 pop=29484000 lag=-40600 | errs push=0 pop=0 empty=363 gor=382 | ack=   111000/s ackErr=0 ackAvg=15.02ms | e2e p50=28.29 p99=82.43 p999=94.72 n=1112200 | e2e_local p50=28.80 p99=83.46 n=374500
[11:03:13] offered=   111120/s achieved=   111100/s shed=        0/s inflight=    10 | p50=  10.30 p99=   35.07 p999=   45.82 ms | push=30554400 pop=30616900 lag=-62500 | errs push=0 pop=0 empty=363 gor=385 | ack=   113470/s ackErr=0 ackAvg=15.03ms | e2e p50=28.54 p99=79.36 p999=100.86 n=1132900 | e2e_local p50=28.80 p99=80.38 n=387700
[11:03:23] offered=   111109/s achieved=   111149/s shed=        0/s inflight=     6 | p50=  10.69 p99=   47.36 p999=   73.22 ms | push=31665900 pop=31752800 lag=-86900 | errs push=0 pop=0 empty=363 gor=380 | ack=   113509/s ackErr=0 ackAvg=15.07ms | e2e p50=29.57 p99=112.13 p999=126.46 n=1135900 | e2e_local p50=29.57 p99=111.10 n=377600
[11:03:33] offered=   111110/s achieved=   111010/s shed=        0/s inflight=    16 | p50=  10.43 p99=   36.10 p999=   46.34 ms | push=32776100 pop=32862400 lag=-86300 | errs push=0 pop=0 empty=363 gor=367 | ack=   110920/s ackErr=0 ackAvg=15.09ms | e2e p50=28.54 p99=91.65 p999=115.20 n=1109600 | e2e_local p50=28.80 p99=93.70 n=371500
[drain] consumers keep going for 9.988s (lag now -86200)
[11:03:43] offered=        0/s achieved=      170/s shed=        0/s inflight=     0 | p50=  10.18 p99=   12.35 p999=   12.35 ms | push=32777800 pop=32865100 lag=-87300 | errs push=0 pop=0 empty=528 gor=348 | ack=      420/s ackErr=0 ackAvg=15.09ms | e2e p50=25.73 p99=28.03 p999=28.03 n=2700 | e2e_local p50=25.73 p99=27.52 n=1300
[info] steady window 290s (after the ramp, before the producers stopped): offered 111112/s pushed 111108/s popped 111426/s cpu 189.9% = 1.71 cores per 100k msg/s (produce+consume)
[final] offered=327778 achieved=327778 shed=0 (msgs: offered=32777800 achieved=32777800 shed=0) pushErr=0 | pushed=32777800 popped=32865100 lag=-87300 | popErr=0 empty=528 | overall p50=9.92 p99=63.23 p999=100.86 ms | acked=32865100 ackErr=0 ackLag=-87300 ackAvg=15.09ms | e2e p50=27.26 p99=114.18 p999=162.82 ms
load_cpu=170.4%
