goload -mode cloud [pro-n5-q1] -> http://10.114.0.2:6711
  target=proxy tenants=5 sharedQueue=true queue="app-q1" group="workers" partitions=500 brokerTenantHeader=false
  offered=12.5 msg/s total (2.50/tenant) push-batch=1 -> 2.50 req/s per tenant across 1 producer(s) | max-inflight=4096
  consumers=1/tenant popBatch=100 popWait=true autoAck=false | payload=256B | duration=120s drain=45s | idleConns=512/client verify=true
[configure] 5 queue(s) configured in 0.06s
[11:09:07 load ] offered=      12/s push=      12/s pop=      12/s ack=      12/s shed=      0/s inflight=    0 | e2e p50=  12.22 p99=   25.98 ms | pushRTT p50=  5.54 p99=  16.06 ms | lag=0 | err push=0 pop=0 ack=0 (429=0 403=0 5xx=0 to=0 conn=0) empty=0 cross=0 gor=33
[drain] producers stopped after 120.0s; draining 45s before the correctness verdict
[11:10:07 drain] offered=      12/s push=      13/s pop=      13/s ack=      12/s shed=      0/s inflight=    0 | e2e p50=  12.48 p99=   23.94 ms | pushRTT p50=  5.60 p99=  12.99 ms | lag=0 | err push=0 pop=0 ack=0 (429=0 403=0 5xx=0 to=0 conn=0) empty=0 cross=0 gor=28

========== pro-n5-q1 ==========
offered         12.5 msg/s (1500 msgs, 0 shed)
achieved  push     12.5 msg/s (1500 msgs)   pop     12.5 msg/s during load (     9.1 msg/s over load+drain, 1500 msgs)   ack 1500 msgs
e2eFromSchedule  n=1500      p50=   12.35 p95=   19.33 p99=   24.96 p999=   37.63 max=    38.48 ms
e2eFromSend      n=1500      p50=   11.71 p95=   18.82 p99=   24.45 p999=   37.63 max=    38.45 ms
pushRtt          n=1500      p50=    5.60 p95=   10.56 p99=   14.27 p999=   22.91 max=    26.91 ms
ackRtt           n=1500      p50=    2.51 p95=    4.90 p99=    7.01 p999=    9.28 max=    22.25 ms
errors            none
bytes     nominal 292 B/msg -> pushed 0.42 MiB, delivered 0.42 MiB

---- delivery correctness (after the drain) ----
idx  tenant         queue           sentOk  received  missing      dup   extra   cross verdict
0    cp-0000        app-q1             300       300        0        0       0       0 OK
1    cp-0001        app-q1             300       300        0        0       0       0 OK
2    cp-0002        app-q1             300       300        0        0       0       0 OK
3    cp-0003        app-q1             300       300        0        0       0       0 OK
4    cp-0004        app-q1             300       300        0        0       0       0 OK
     TOTAL                            1500      1500        0        0       0       0
VERDICT: PASS

[artifacts] /root/cap16-pro/pro-n5-q1.json
            /root/cap16-pro/pro-n5-q1-interval.csv
