goload -mode cloud [pro-n5-q6] -> http://10.114.0.2:6711
  target=proxy tenants=5 sharedQueue=true queue="app-q6" group="workers" partitions=500 brokerTenantHeader=false
  offered=12.5 msg/s total (2.50/tenant) push-batch=1 -> 2.50 req/s per tenant across 1 producer(s) | max-inflight=4096
  consumers=1/tenant popBatch=100 popWait=true autoAck=false | payload=256B | duration=120s drain=45s | idleConns=512/client verify=true
[configure] 5 queue(s) configured in 0.07s
[11:09:07 load ] offered=      12/s push=      12/s pop=      12/s ack=      12/s shed=      0/s inflight=    0 | e2e p50=  11.07 p99=   26.75 ms | pushRTT p50=  5.22 p99=  16.77 ms | lag=1 | err push=0 pop=0 ack=0 (429=0 403=0 5xx=0 to=0 conn=0) empty=0 cross=0 gor=33
[drain] producers stopped after 120.0s; draining 45s before the correctness verdict
[11:10:07 drain] offered=      12/s push=      12/s pop=      12/s ack=      12/s shed=      0/s inflight=    0 | e2e p50=  11.20 p99=   20.10 ms | pushRTT p50=  5.28 p99=  11.07 ms | lag=1 | err push=0 pop=0 ack=0 (429=0 403=0 5xx=0 to=0 conn=0) empty=0 cross=0 gor=28

========== pro-n5-q6 ==========
offered         12.5 msg/s (1500 msgs, 0 shed)
achieved  push     12.5 msg/s (1500 msgs)   pop     12.5 msg/s during load (     9.1 msg/s over load+drain, 1499 msgs)   ack 1499 msgs
e2eFromSchedule  n=1499      p50=   11.20 p95=   16.77 p99=   22.14 p999=   35.07 max=    39.42 ms
e2eFromSend      n=1499      p50=   10.69 p95=   16.32 p99=   21.63 p999=   35.07 max=    38.60 ms
pushRtt          n=1500      p50=    5.28 p95=    9.15 p99=   12.74 p999=   22.14 max=    22.99 ms
ackRtt           n=1499      p50=    2.45 p95=    4.96 p99=    6.88 p999=    9.54 max=    10.19 ms
errors            none
bytes     nominal 292 B/msg -> pushed 0.42 MiB, delivered 0.42 MiB

---- delivery correctness (after the drain) ----
idx  tenant         queue           sentOk  received  missing      dup   extra   cross verdict
0    cp-0000        app-q6             300       300        0        0       0       0 OK
1    cp-0001        app-q6             300       300        0        0       0       0 OK
2    cp-0002        app-q6             300       300        0        0       0       0 OK
3    cp-0003        app-q6             300       299        1        0       0       0 FAIL  firstMissing=[1]
4    cp-0004        app-q6             300       300        0        0       0       0 OK
     TOTAL                            1500      1499        1        0       0       0
VERDICT: FAIL
NOTE: consumers were idle at the cutoff and the consume path reported no errors, so 1 missing is real LOSS, not a tail.

[artifacts] /root/cap16-pro/pro-n5-q6.json
            /root/cap16-pro/pro-n5-q6-interval.csv
