goload -mode cloud [pro-n30-q2] -> http://10.114.0.2:6711
  target=proxy tenants=30 sharedQueue=true queue="app-q2" group="workers" partitions=500 brokerTenantHeader=false
  offered=75.0 msg/s total (2.50/tenant) push-batch=1 -> 2.50 req/s per tenant across 1 producer(s) | max-inflight=4096
  consumers=1/tenant popBatch=100 popWait=true autoAck=false | payload=256B | duration=120s drain=45s | idleConns=141/client verify=true
[configure] 30 queue(s) configured in 1.09s
[11:17:28 load ] offered=      75/s push=      75/s pop=      75/s ack=      75/s shed=      0/s inflight=    3 | e2e p50=  30.34 p99=  651.26 ms | pushRTT p50= 13.12 p99=  49.41 ms | lag=1 | err push=0 pop=0 ack=0 (429=0 403=0 5xx=0 to=0 conn=0) empty=0 cross=0 gor=186
[drain] producers stopped after 120.0s; draining 45s before the correctness verdict
[11:18:28 drain] offered=      75/s push=      68/s pop=      68/s ack=      67/s shed=      0/s inflight=    2 | e2e p50=  30.34 p99=  528.38 ms | pushRTT p50= 14.66 p99=  57.60 ms | lag=11 | err push=439 pop=1863 ack=2 (429=0 403=0 5xx=0 to=1863 conn=441) empty=28 cross=0 gor=217

========== pro-n30-q2 ==========
offered         75.0 msg/s (9000 msgs, 0 shed)
achieved  push     71.3 msg/s (8561 msgs)   pop     71.2 msg/s during load (    51.9 msg/s over load+drain, 8563 msgs)   ack 8561 msgs
e2eFromSchedule  n=8563      p50=   30.34 p95=  350.21 p99=  585.73 p999=  831.49 max= 30392.49 ms
e2eFromSend      n=8563      p50=   29.82 p95=  350.21 p99=  585.73 p999=  823.30 max= 30391.97 ms
pushRtt          n=8561      p50=   13.76 p95=   33.54 p99=   52.48 p999=  175.10 max=   510.17 ms
ackRtt           n=8309      p50=    8.38 p95=   22.14 p99=   32.38 p999=   49.92 max=    73.23 ms
errors push       total=439 kinds=map[conn:439] codes=map[]
    first conn: push request failed: request failed after 1 attempts: Post "http://10.114.0.2:6711/api/v1/push": dial tcp 10.114.0.2:6711: connect: connection refused
errors pop        total=1863 kinds=map[canceled:30 timeout:1863] codes=map[]
    first timeout: pop request failed: Get "http://10.114.0.2:6711/api/v1/pop/queue/app-q2?autoAck=false&batch=100&consumerGroup=workers&partitions=500&timeout=5000&wait=true": dial tcp 10.114.0.2:6711: connect: connection refused
errors ack        total=2 kinds=map[conn:2] codes=map[]
    first conn: ack request failed: request failed after 1 attempts: Post "http://10.114.0.2:6711/api/v1/ack": dial tcp 10.114.0.2:6711: connect: connection refused
bytes     nominal 292 B/msg -> pushed 2.38 MiB, delivered 2.38 MiB

---- delivery correctness (after the drain) ----
idx  tenant         queue           sentOk  received  missing      dup   extra   cross verdict
0    cp-0000        app-q2             285       285        0        0       0       0 OK
1    cp-0001        app-q2             285       285        0        0       0       0 OK
2    cp-0002        app-q2             286       286        0        0       0       0 OK
3    cp-0003        app-q2             285       285        0        0       0       0 OK
4    cp-0004        app-q2             286       286        0        0       0       0 OK
5    cp-0005        app-q2             285       285        0        0       0       0 OK
6    cp-0006        app-q2             286       286        0        0       0       0 OK
7    cp-0007        app-q2             285       285        0        0       0       0 OK
8    cp-0008        app-q2             286       286        0        0       0       0 OK
9    cp-0009        app-q2             285       285        0        0       0       0 OK
10   cp-0010        app-q2             285       285        0        0       0       0 OK
11   cp-0011        app-q2             285       285        0        0       0       0 OK
12   cp-0012        app-q2             285       285        0        0       0       0 OK
13   cp-0013        app-q2             286       287        0        1       0       0 FAIL
14   cp-0014        app-q2             285       285        0        0       0       0 OK
15   cp-0015        app-q2             285       285        0        0       0       0 OK
16   cp-0016        app-q2             285       285        0        0       0       0 OK
17   cp-0017        app-q2             285       285        0        0       0       0 OK
18   cp-0018        app-q2             286       286        0        0       0       0 OK
19   cp-0019        app-q2             285       285        0        0       0       0 OK
20   cp-0020        app-q2             286       286        0        0       0       0 OK
21   cp-0021        app-q2             286       286        0        0       0       0 OK
22   cp-0022        app-q2             285       285        0        0       0       0 OK
23   cp-0023        app-q2             286       287        0        1       0       0 FAIL
24   cp-0024        app-q2             285       285        0        0       0       0 OK
25   cp-0025        app-q2             285       285        0        0       0       0 OK
26   cp-0026        app-q2             285       285        0        0       0       0 OK
27   cp-0027        app-q2             286       286        0        0       0       0 OK
28   cp-0028        app-q2             285       285        0        0       0       0 OK
29   cp-0029        app-q2             286       286        0        0       0       0 OK
     TOTAL                            8561      8563        0        2       0       0
VERDICT: FAIL

[artifacts] /root/cap16-pro/pro-n30-q2.json
            /root/cap16-pro/pro-n30-q2-interval.csv
