goload -mode cloud [pro-n10-q9] -> http://10.114.0.2:6711
  target=proxy tenants=10 sharedQueue=true queue="app-q9" group="workers" partitions=500 brokerTenantHeader=false
  offered=125.0 msg/s total (12.50/tenant) push-batch=1 -> 12.50 req/s per tenant across 1 producer(s) | max-inflight=4096
  consumers=1/tenant popBatch=100 popWait=true autoAck=false | payload=256B | duration=120s drain=45s | idleConns=414/client verify=true
[configure] 10 queue(s) configured in 0.10s
[11:20:36 load ] offered=     125/s push=     125/s pop=     125/s ack=     125/s shed=      0/s inflight=    1 | e2e p50= 618.50 p99=15532.03 ms | pushRTT p50=175.10 p99=13828.10 ms | lag=14 | err push=0 pop=0 ack=0 (429=0 403=0 5xx=0 to=0 conn=0) empty=0 cross=0 gor=2246
[drain] producers stopped after 120.0s; draining 45s before the correctness verdict
[11:21:36 drain] offered=     125/s push=     125/s pop=     125/s ack=     125/s shed=      0/s inflight=    1 | e2e p50= 136.19 p99=  305.15 ms | pushRTT p50= 15.94 p99=  47.36 ms | lag=13 | err push=0 pop=0 ack=0 (429=0 403=0 5xx=0 to=0 conn=0) empty=0 cross=0 gor=2246

========== pro-n10-q9 ==========
offered        125.0 msg/s (15000 msgs, 0 shed)
achieved  push    125.0 msg/s (15000 msgs)   pop    124.9 msg/s during load (    90.9 msg/s over load+drain, 15000 msgs)   ack 15000 msgs
e2eFromSchedule  n=15000     p50=  193.54 p95= 8978.43 p99=13565.95 p999=17956.86 max= 21633.23 ms
e2eFromSend      n=15000     p50=  193.54 p95= 8978.43 p99=13565.95 p999=17956.86 max= 21632.96 ms
pushRtt          n=15000     p50=   22.91 p95= 8028.16 p99=11993.09 p999=16908.29 max= 19298.30 ms
ackRtt           n=4628      p50=   31.36 p95=   97.79 p99=  264.19 p999= 1597.44 max=  2181.86 ms
errors            none
bytes     nominal 292 B/msg -> pushed 4.18 MiB, delivered 4.18 MiB

---- delivery correctness (after the drain) ----
idx  tenant         queue           sentOk  received  missing      dup   extra   cross verdict
0    cp-0000        app-q9            1500      1500        0        0       0       0 OK
1    cp-0001        app-q9            1500      1500        0        0       0       0 OK
2    cp-0002        app-q9            1500      1500        0        0       0       0 OK
3    cp-0003        app-q9            1500      1500        0        0       0       0 OK
4    cp-0004        app-q9            1500      1500        0        0       0       0 OK
5    cp-0005        app-q9            1500      1500        0        0       0       0 OK
6    cp-0006        app-q9            1500      1500        0        0       0       0 OK
7    cp-0007        app-q9            1500      1500        0        0       0       0 OK
8    cp-0008        app-q9            1500      1500        0        0       0       0 OK
9    cp-0009        app-q9            1500      1500        0        0       0       0 OK
     TOTAL                           15000     15000        0        0       0       0
VERDICT: PASS

[artifacts] /root/pro-shape/pro-n10-q9.json
            /root/pro-shape/pro-n10-q9-interval.csv
