goload -mode cloud [pro-n5-q15] -> http://10.114.0.2:6711
  target=proxy tenants=5 sharedQueue=true queue="app-q15" group="workers" partitions=500 brokerTenantHeader=false
  offered=12.5 msg/s total (2.50/tenant) push-batch=1 -> 2.50 req/s per tenant across 1 producer(s) | max-inflight=4096
  consumers=1/tenant popBatch=100 popWait=true autoAck=false | payload=256B | duration=120s drain=45s | idleConns=512/client verify=true
[configure] 5 queue(s) configured in 0.07s
[11:09:07 load ] offered=      12/s push=      12/s pop=      12/s ack=      12/s shed=      0/s inflight=    0 | e2e p50=  10.43 p99=   20.10 ms | pushRTT p50=  4.70 p99=  11.33 ms | lag=2 | err push=0 pop=0 ack=0 (429=0 403=0 5xx=0 to=0 conn=0) empty=0 cross=0 gor=33
[drain] producers stopped after 120.0s; draining 45s before the correctness verdict
[11:10:07 drain] offered=      12/s push=      12/s pop=      12/s ack=      12/s shed=      0/s inflight=    0 | e2e p50=  10.43 p99=   18.30 ms | pushRTT p50=  4.77 p99=  11.33 ms | lag=2 | err push=0 pop=0 ack=0 (429=0 403=0 5xx=0 to=0 conn=0) empty=0 cross=0 gor=28

========== pro-n5-q15 ==========
offered         12.5 msg/s (1500 msgs, 0 shed)
achieved  push     12.5 msg/s (1500 msgs)   pop     12.5 msg/s during load (     9.1 msg/s over load+drain, 1499 msgs)   ack 1499 msgs
e2eFromSchedule  n=1499      p50=   10.43 p95=   16.32 p99=   20.10 p999=   30.85 max=    34.29 ms
e2eFromSend      n=1499      p50=    9.92 p95=   15.81 p99=   19.58 p999=   30.08 max=    33.42 ms
pushRtt          n=1500      p50=    4.70 p95=    8.26 p99=   11.33 p999=   24.96 max=    26.69 ms
ackRtt           n=1499      p50=    2.06 p95=    4.32 p99=    5.54 p999=   18.56 max=    18.83 ms
errors            none
bytes     nominal 292 B/msg -> pushed 0.42 MiB, delivered 0.42 MiB

---- delivery correctness (after the drain) ----
idx  tenant         queue           sentOk  received  missing      dup   extra   cross verdict
0    cp-0000        app-q15            300       300        0        0       0       0 OK
1    cp-0001        app-q15            300       300        0        0       0       0 OK
2    cp-0002        app-q15            300       300        0        0       0       0 OK
3    cp-0003        app-q15            300       300        0        0       0       0 OK
4    cp-0004        app-q15            300       299        1        0       0       0 FAIL  firstMissing=[1]
     TOTAL                            1500      1499        1        0       0       0
VERDICT: FAIL
NOTE: consumers were idle at the cutoff and the consume path reported no errors, so 1 missing is real LOSS, not a tail.

[artifacts] /root/cap16-pro/pro-n5-q15.json
            /root/cap16-pro/pro-n5-q15-interval.csv
