goload -mode cloud [pro-n5-q9] -> http://10.114.0.2:6711
  target=proxy tenants=5 sharedQueue=true queue="app-q9" group="workers" partitions=500 brokerTenantHeader=false
  offered=12.5 msg/s total (2.50/tenant) push-batch=1 -> 2.50 req/s per tenant across 1 producer(s) | max-inflight=4096
  consumers=1/tenant popBatch=100 popWait=true autoAck=false | payload=256B | duration=120s drain=45s | idleConns=512/client verify=true
[configure] 5 queue(s) configured in 0.07s
[11:09:07 load ] offered=      12/s push=      12/s pop=      12/s ack=      12/s shed=      0/s inflight=    0 | e2e p50=  10.56 p99=   25.73 ms | pushRTT p50=  5.15 p99=  15.17 ms | lag=1 | err push=0 pop=0 ack=0 (429=0 403=0 5xx=0 to=0 conn=0) empty=0 cross=0 gor=33
[drain] producers stopped after 120.0s; draining 45s before the correctness verdict
[11:10:07 drain] offered=      12/s push=      12/s pop=      13/s ack=      13/s shed=      0/s inflight=    0 | e2e p50=  10.56 p99=   22.91 ms | pushRTT p50=  5.22 p99=  11.71 ms | lag=0 | err push=0 pop=0 ack=0 (429=0 403=0 5xx=0 to=0 conn=0) empty=0 cross=0 gor=33

========== pro-n5-q9 ==========
offered         12.5 msg/s (1500 msgs, 0 shed)
achieved  push     12.5 msg/s (1500 msgs)   pop     12.5 msg/s during load (     9.1 msg/s over load+drain, 1500 msgs)   ack 1500 msgs
e2eFromSchedule  n=1500      p50=   10.56 p95=   17.79 p99=   23.94 p999=   37.63 max=    39.56 ms
e2eFromSend      n=1500      p50=   10.05 p95=   17.02 p99=   23.42 p999=   37.63 max=    38.86 ms
pushRtt          n=1500      p50=    5.22 p95=    8.77 p99=   13.12 p999=   25.22 max=    32.01 ms
ackRtt           n=1500      p50=    2.32 p95=    5.02 p99=    7.01 p999=   10.43 max=    14.85 ms
errors            none
bytes     nominal 292 B/msg -> pushed 0.42 MiB, delivered 0.42 MiB

---- delivery correctness (after the drain) ----
idx  tenant         queue           sentOk  received  missing      dup   extra   cross verdict
0    cp-0000        app-q9             300       300        0        0       0       0 OK
1    cp-0001        app-q9             300       300        0        0       0       0 OK
2    cp-0002        app-q9             300       300        0        0       0       0 OK
3    cp-0003        app-q9             300       300        0        0       0       0 OK
4    cp-0004        app-q9             300       300        0        0       0       0 OK
     TOTAL                            1500      1500        0        0       0       0
VERDICT: PASS

[artifacts] /root/cap16-pro/pro-n5-q9.json
            /root/cap16-pro/pro-n5-q9-interval.csv
