goload -mode cloud [pro-n20-q20] -> http://10.114.0.2:6711
  target=proxy tenants=20 sharedQueue=true queue="app-q20" group="workers" partitions=500 brokerTenantHeader=false
  offered=50.0 msg/s total (2.50/tenant) push-batch=1 -> 2.50 req/s per tenant across 1 producer(s) | max-inflight=4096
  consumers=1/tenant popBatch=100 popWait=true autoAck=false | payload=256B | duration=120s drain=45s | idleConns=209/client verify=true
[configure] 20 queue(s) configured in 0.13s
[11:14:40 load ] offered=      50/s push=      50/s pop=      50/s ack=      50/s shed=      0/s inflight=    1 | e2e p50=  16.06 p99=  296.96 ms | pushRTT p50=  7.65 p99=  27.01 ms | lag=0 | err push=0 pop=0 ack=0 (429=0 403=0 5xx=0 to=0 conn=0) empty=0 cross=0 gor=124
[11:15:40 load ] offered=      50/s push=      50/s pop=      50/s ack=      50/s shed=      0/s inflight=    1 | e2e p50=  15.94 p99=   38.66 ms | pushRTT p50=  7.65 p99=  21.12 ms | lag=0 | err push=0 pop=0 ack=0 (429=0 403=0 5xx=0 to=0 conn=0) empty=0 cross=0 gor=124
[drain] producers stopped after 120.0s; draining 45s before the correctness verdict

========== pro-n20-q20 ==========
offered         50.0 msg/s (6000 msgs, 0 shed)
achieved  push     50.0 msg/s (6000 msgs)   pop     50.0 msg/s during load (    36.4 msg/s over load+drain, 6000 msgs)   ack 6000 msgs
e2eFromSchedule  n=6000      p50=   15.94 p95=   30.59 p99=  264.19 p999=  436.22 max=   465.05 ms
e2eFromSend      n=6000      p50=   15.42 p95=   30.08 p99=  264.19 p999=  436.22 max=   464.28 ms
pushRtt          n=6000      p50=    7.65 p95=   14.53 p99=   23.94 p999=   61.18 max=   176.25 ms
ackRtt           n=5989      p50=    3.89 p95=    7.90 p99=   11.20 p999=   31.87 max=    42.39 ms
errors            none
bytes     nominal 292 B/msg -> pushed 1.67 MiB, delivered 1.67 MiB

---- delivery correctness (after the drain) ----
idx  tenant         queue           sentOk  received  missing      dup   extra   cross verdict
0    cp-0000        app-q20            300       300        0        0       0       0 OK
1    cp-0001        app-q20            300       300        0        0       0       0 OK
2    cp-0002        app-q20            300       300        0        0       0       0 OK
3    cp-0003        app-q20            300       300        0        0       0       0 OK
4    cp-0004        app-q20            300       300        0        0       0       0 OK
5    cp-0005        app-q20            300       300        0        0       0       0 OK
6    cp-0006        app-q20            300       300        0        0       0       0 OK
7    cp-0007        app-q20            300       300        0        0       0       0 OK
8    cp-0008        app-q20            300       300        0        0       0       0 OK
9    cp-0009        app-q20            300       300        0        0       0       0 OK
10   cp-0010        app-q20            300       300        0        0       0       0 OK
11   cp-0011        app-q20            300       300        0        0       0       0 OK
12   cp-0012        app-q20            300       300        0        0       0       0 OK
13   cp-0013        app-q20            300       300        0        0       0       0 OK
14   cp-0014        app-q20            300       300        0        0       0       0 OK
15   cp-0015        app-q20            300       300        0        0       0       0 OK
16   cp-0016        app-q20            300       300        0        0       0       0 OK
17   cp-0017        app-q20            300       300        0        0       0       0 OK
18   cp-0018        app-q20            300       300        0        0       0       0 OK
19   cp-0019        app-q20            300       300        0        0       0       0 OK
     TOTAL                            6000      6000        0        0       0       0
VERDICT: PASS

[artifacts] /root/cap16-pro/pro-n20-q20.json
            /root/cap16-pro/pro-n20-q20-interval.csv
