qload tag=ramp-rc7-single-100000 loader=4/9 mode=batch rate=11111 msg/s batch=1 batch-max=0 max-inflight=5000 ramp=10s duration=1m15s report=10s drain=10s GOMAXPROCS=16 GOGC=400(default) seed=1791632425965385721
  offered: 11111 msg/s = 11111.0 units/s (avg 1.0 msgs/unit) across 64 pacer workers (173.61 units/s each)
  topics: 1 x 500000 partitions (bench..bench), entities/topic=0 (explicit partition) | picker: topics=rr entities: rr over space=500000 starting at 222222
  payload: goload jsonEvent target 256 B, avg 289.8 B raw, ~320 B stamped ({"ts":µs,"src":4,...}), pool 64x1
  consumers: 33 here (ci 132..164 of 297), poll=1000 proc-us=0 ack=async ack-inflight=256 local-src=[3 4 5]
  queen: url=http://10.114.0.19:6632 (of 3) conns=2048 timeout=30s pop-width=100 pop-batch=1000 pop-timeout=2s lease=30s | configure: leaseTime=30 completedRetention=3600 dedup=0 retryLimit=1000000 | plain: consumers pop+ack the queue
  [queen] http://10.114.0.19:6632 healthy: version 2.2.0, this node follower
  [consume] 33 consumers of bench: pop width 100, batch 1000, long poll 2s, lease 30s, async batch acks (ack-inflight 256)
READY 1791632426564
[start] waiting 11.234s for the common start 1791632437798
[start] GO 11:40:37.798 (unix ms 1791632437798)
[11:40:47] offered=     5555/s achieved=     5422/s shed=        0/s inflight=  1342 | p50=  53.50 p99=  211.97 p999=  276.48 ms | push=54221 pop=35702 lag=18519 | errs push=0 pop=0 empty=198 gor=5853 | ack=     3445/s ackErr=0 ackAvg=53.55ms | e2e p50=823.30 p99=1777.66 p999=1810.43 n=35702 | e2e_local p50=823.30 p99=1777.66 n=11854
[11:40:57] offered=    11112/s achieved=     8088/s shed=     2657/s inflight=  5000 | p50= 544.77 p99=  856.06 p999=  905.22 ms | push=135098 pop=87021 lag=48077 | errs push=0 pop=0 empty=198 gor=15267 | ack=     5117/s ackErr=0 ackAvg=147.14ms | e2e p50=3260.42 p99=4112.38 p999=4227.07 n=51319 | e2e_local p50=3260.42 p99=4112.38 n=17221
[11:41:07] offered=    11110/s achieved=     7843/s shed=     3269/s inflight=  4992 | p50= 602.11 p99=  839.68 p999=  921.60 ms | push=213528 pop=157350 lag=56178 | errs push=0 pop=0 empty=198 gor=15271 | ack=     6968/s ackErr=0 ackAvg=149.59ms | e2e p50=3948.54 p99=4358.14 p999=4423.68 n=70329 | e2e_local p50=3948.54 p99=4358.14 n=23487
[11:41:17] offered=    11111/s achieved=     7620/s shed=     3509/s inflight=  4810 | p50= 618.50 p99=  937.98 p999= 1011.71 ms | push=289723 pop=222075 lag=67648 | errs push=0 pop=0 empty=198 gor=15075 | ack=     6586/s ackErr=0 ackAvg=163.58ms | e2e p50=3719.17 p99=4014.08 p999=4079.62 n=64725 | e2e_local p50=3719.17 p99=4014.08 n=21585
[11:41:27] offered=    11111/s achieved=     6729/s shed=     4362/s inflight=  5000 | p50= 700.42 p99= 1073.15 p999= 1122.30 ms | push=357012 pop=263693 lag=93319 | errs push=0 pop=0 empty=198 gor=15281 | ack=     4043/s ackErr=0 ackAvg=188.75ms | e2e p50=3522.56 p99=3817.47 p999=4292.61 n=41618 | e2e_local p50=3522.56 p99=3817.47 n=13996
[11:41:37] offered=    11111/s achieved=     6228/s shed=     4894/s inflight=  4902 | p50= 798.72 p99= 1044.48 p999= 1105.92 ms | push=419292 pop=281194 lag=138098 | errs push=0 pop=0 empty=198 gor=15182 | ack=     1839/s ackErr=0 ackAvg=225.67ms | e2e p50=1122.30 p99=2539.52 p999=2670.59 n=17501 | e2e_local p50=1122.30 p99=2539.52 n=5819
[11:41:47] offered=    11112/s achieved=     7432/s shed=     3678/s inflight=  4898 | p50= 659.46 p99= 1019.90 p999= 1105.92 ms | push=493610 pop=302124 lag=191486 | errs push=0 pop=0 empty=198 gor=15172 | ack=     2078/s ackErr=0 ackAvg=253.57ms | e2e p50=1286.14 p99=2441.22 p999=2473.98 n=20930 | e2e_local p50=1286.14 p99=2441.22 n=6979
[drain] consumers keep going for 9.455s (lag now 208592)
[11:41:57] offered=     5555/s achieved=     4190/s shed=     1856/s inflight=     0 | p50= 634.88 p99= 1011.71 p999= 1073.15 ms | push=535512 pop=350263 lag=185249 | errs push=0 pop=0 empty=231 gor=4188 | ack=     4951/s ackErr=0 ackAvg=242.08ms | e2e p50=3227.65 p99=3948.54 p999=4046.85 n=48139 | e2e_local p50=3227.65 p99=3948.54 n=16094
[info] steady window 60s (after the ramp, before the producers stopped): offered 11111/s pushed 7323/s popped 4440/s cpu 134.9% = 18.42 cores per 100k msg/s (produce+consume)
[final] offered=777769 achieved=535512 shed=242257 (msgs: offered=777769 achieved=535512 shed=242257) pushErr=0 | pushed=535512 popped=350263 lag=185249 | popErr=0 empty=330 | overall p50=626.69 p99=1011.71 p999=1089.54 ms | acked=350263 ackErr=0 ackLag=185249 ackAvg=242.08ms | e2e p50=3489.79 p99=4177.92 p999=4358.14 ms
load_cpu=103.4%
