qload tag=ramp-rc7-single-100000 loader=5/9 mode=batch rate=11111 msg/s batch=1 batch-max=0 max-inflight=5000 ramp=10s duration=1m15s report=10s drain=10s GOMAXPROCS=16 GOGC=400(default) seed=1791632425964228705
  offered: 11111 msg/s = 11111.0 units/s (avg 1.0 msgs/unit) across 64 pacer workers (173.61 units/s each)
  topics: 1 x 500000 partitions (bench..bench), entities/topic=0 (explicit partition) | picker: topics=rr entities: rr over space=500000 starting at 277777
  payload: goload jsonEvent target 256 B, avg 289.9 B raw, ~320 B stamped ({"ts":µs,"src":5,...}), pool 64x1
  consumers: 33 here (ci 165..197 of 297), poll=1000 proc-us=0 ack=async ack-inflight=256 local-src=[3 4 5]
  queen: url=http://10.114.0.18:6632 (of 3) conns=2048 timeout=30s pop-width=100 pop-batch=1000 pop-timeout=2s lease=30s | configure: leaseTime=30 completedRetention=3600 dedup=0 retryLimit=1000000 | plain: consumers pop+ack the queue
  [queen] http://10.114.0.18:6632 healthy: version 2.2.0, this node follower
  [consume] 33 consumers of bench: pop width 100, batch 1000, long poll 2s, lease 30s, async batch acks (ack-inflight 256)
READY 1791632426565
[start] waiting 11.232s for the common start 1791632437798
[start] GO 11:40:37.798 (unix ms 1791632437798)
[11:40:47] offered=     5555/s achieved=     5421/s shed=        0/s inflight=  1346 | p50=  52.99 p99=  207.87 p999=  280.58 ms | push=54211 pop=34747 lag=19464 | errs push=0 pop=0 empty=205 gor=5720 | ack=     3339/s ackErr=0 ackAvg=53.07ms | e2e p50=823.30 p99=1794.05 p999=1810.43 n=34747 | e2e_local p50=823.30 p99=1794.05 n=11456
[11:40:57] offered=    11112/s achieved=     8065/s shed=     2680/s inflight=  5000 | p50= 544.77 p99=  839.68 p999=  864.26 ms | push=134862 pop=85802 lag=49060 | errs push=0 pop=0 empty=205 gor=15272 | ack=     5057/s ackErr=0 ackAvg=147.12ms | e2e p50=3325.95 p99=4145.15 p999=4227.07 n=51055 | e2e_local p50=3325.95 p99=4145.15 n=17091
[11:41:07] offered=    11111/s achieved=     7813/s shed=     3302/s inflight=  4967 | p50= 602.11 p99=  831.49 p999=  905.22 ms | push=212988 pop=152415 lag=60573 | errs push=0 pop=0 empty=205 gor=15244 | ack=     6621/s ackErr=0 ackAvg=149.79ms | e2e p50=3948.54 p99=4358.14 p999=4489.22 n=66613 | e2e_local p50=3948.54 p99=4358.14 n=22187
[11:41:17] offered=    11110/s achieved=     7658/s shed=     3458/s inflight=  4905 | p50= 626.69 p99=  921.60 p999=  987.14 ms | push=289575 pop=217891 lag=71684 | errs push=0 pop=0 empty=205 gor=15169 | ack=     6694/s ackErr=0 ackAvg=163.31ms | e2e p50=3719.17 p99=4014.08 p999=4079.62 n=65476 | e2e_local p50=3719.17 p99=4014.08 n=21894
[11:41:27] offered=    11112/s achieved=     6674/s shed=     4428/s inflight=  4993 | p50= 692.22 p99= 1122.30 p999= 1220.61 ms | push=356313 pop=260448 lag=95865 | errs push=0 pop=0 empty=205 gor=15268 | ack=     4135/s ackErr=0 ackAvg=188.38ms | e2e p50=3522.56 p99=3817.47 p999=4292.61 n=42557 | e2e_local p50=3522.56 p99=3817.47 n=14113
[11:41:37] offered=    11110/s achieved=     6308/s shed=     4811/s inflight=  4915 | p50= 782.34 p99= 1003.52 p999= 1073.15 ms | push=419400 pop=278163 lag=141237 | errs push=0 pop=0 empty=205 gor=15194 | ack=     1888/s ackErr=0 ackAvg=225.70ms | e2e p50=1122.30 p99=2473.98 p999=2637.82 n=17715 | e2e_local p50=1122.30 p99=2408.45 n=5818
[11:41:47] offered=    11111/s achieved=     7445/s shed=     3658/s inflight=  4975 | p50= 667.65 p99=  913.41 p999= 1003.52 ms | push=493848 pop=298801 lag=195047 | errs push=0 pop=0 empty=205 gor=15255 | ack=     1988/s ackErr=0 ackAvg=253.61ms | e2e p50=1286.14 p99=2441.22 p999=2539.52 n=20702 | e2e_local p50=1286.14 p99=2441.22 n=6874
[drain] consumers keep going for 9.439s (lag now 213513)
[11:41:57] offered=     5556/s achieved=     4150/s shed=     1904/s inflight=     0 | p50= 651.26 p99=  970.75 p999= 1028.10 ms | push=535353 pop=345288 lag=190065 | errs push=0 pop=0 empty=238 gor=4184 | ack=     4806/s ackErr=0 ackAvg=242.15ms | e2e p50=3227.65 p99=3948.54 p999=4046.85 n=46423 | e2e_local p50=3227.65 p99=3948.54 n=15415
[info] steady window 60s (after the ramp, before the producers stopped): offered 11111/s pushed 7327/s popped 4401/s cpu 138.2% = 18.86 cores per 100k msg/s (produce+consume)
[final] offered=777768 achieved=535353 shed=242415 (msgs: offered=777768 achieved=535353 shed=242415) pushErr=0 | pushed=535353 popped=345288 lag=190065 | popErr=0 empty=337 | overall p50=626.69 p99=995.33 p999=1122.30 ms | acked=345288 ackErr=0 ackLag=190065 ackAvg=242.15ms | e2e p50=3522.56 p99=4177.92 p999=4358.14 ms
load_cpu=105.0%
