kload tag=1x200-t1-9k-p7 loader=7/9 mode=batch rate=1000 msg/s batch=10 batch-max=0 max-inflight=5000 ramp=10s duration=1m10s report=10s drain=1m0s GOMAXPROCS=16 GOGC=400 seed=1790872476200080326
  offered: 1000 msg/s = 100.0 units/s (avg 10.0 msgs/unit) across 3 pacer workers (33.33 units/s each)
  topics: 1 x 200 partitions (x1x200-t1-9k..x1x200-t1-9k), entities/topic=0 (explicit partition) | picker: topics=rr entities: rr over space=200 starting at 155
  payload: goload jsonEvent target 256 B, avg 289.6 B raw, ~320 B stamped ({"ts":µs,"src":7,...}), pool 64x10
  consumers: 22 here (ci 154..175 of 198), poll=1000 proc-us=0 ack=async ack-inflight=256 local-src=[6 7 8]
  kafka: brokers=10.114.0.2:9092,10.114.0.3:9092,10.114.0.4:9092 rf=3 min-isr=0 producers=4 linger=5ms compression=lz4 acks=all idempotent batch-max-bytes=1048576 | consumers: protocol=classic fetch-max-wait=500ms fetch-min-bytes=1 fetch-max-partition-bytes=1048576 session=45s | txn: x1x200-t1-9k-in -> 22 workers (GroupTransactSession, transactional.id per worker, txn-timeout 10s, concurrent-txn backoff 20ms, metadata-min-age 250ms, txn-size 1, linger 1s, read_committed) -> x1x200-t1-9k-out, 22 read_committed readers
  [topic] READY after 0.0s: 2 topics x 200 partitions, leaders + full ISR
  [config] broker.default.replication.factor = 3 (STATIC_BROKER_CONFIG)
  [config] topic.compression.type = producer (DEFAULT_CONFIG)
  [config] topic.flush.ms = 100 (DEFAULT_CONFIG)
  [config] topic.max.message.bytes = 16777216 (DEFAULT_CONFIG)
  [config] topic.message.timestamp.type = CreateTime (DEFAULT_CONFIG)
  [config] topic.retention.ms = 600000 (DYNAMIC_TOPIC_CONFIG)
  [config] topic.segment.bytes = 268435456 (DYNAMIC_TOPIC_CONFIG)
  [group] 22 txn workers (GroupTransactSession) in 1 groups (x1x200-t1-9k-in-g-t0 ... ), protocol classic
  [group] 22 consumers in 1 groups (x1x200-t1-9k-out-g-t0 ... ), protocol classic
  [group] t=+0.2s waiting: x1x200-t1-9k-in-g-t0: local members 22/198 hold 0/200 partitions (group-wide Empty members=0 assigned=0)
  [group] t=+2.2s waiting: x1x200-t1-9k-in-g-t0: local members 22/198 hold 0/200 partitions (group-wide PreparingRebalance members=198 assigned=0)
  [group] t=+4.2s waiting: x1x200-t1-9k-in-g-t0: local members 22/198 hold 0/200 partitions (group-wide PreparingRebalance members=198 assigned=0)
  [group] t=+6.2s waiting: x1x200-t1-9k-in-g-t0: local members 22/198 hold 22/200 partitions (group-wide PreparingRebalance members=198 assigned=0)
  [group] t=+8.2s waiting: x1x200-t1-9k-in-g-t0: local members 22/198 hold 22/200 partitions (group-wide Stable members=198 assigned=200)
  [group] STABLE after 10.1s: 1 groups, 22 local members holding 22 partitions, assignEv=22 revokeEv=0 lostEv=0
  [group] t=+0.0s waiting: x1x200-t1-9k-out-g-t0: local members 22/198 hold 22/200 partitions (group-wide Stable members=198 assigned=200)
  [group] t=+2.0s waiting: x1x200-t1-9k-out-g-t0: local members 22/198 hold 22/200 partitions (group-wide Stable members=198 assigned=200)
  [group] STABLE after 3.0s: 1 groups, 22 local members holding 22 partitions, assignEv=22 revokeEv=0 lostEv=0
  [produce] 4 clients connected to every broker with producer IDs in 0.06s; max buffered 51024 records per client
READY 1790872706083
[start] waiting 9.035s for the common start 1790872762092
[start] GO 16:39:22.092 (unix ms 1790872762092)
[16:39:32] offered=      499/s achieved=      498/s shed=        0/s inflight=     1 | p50=   8.51 p99=   83.46 p999=  108.03 ms | push=4980 pop=1306 lag=3674 | errs push=0 pop=0 empty=0 gor=456 | ack=      131/s ackErr=0 ackAvg=2.31ms | e2e p50=1761.28 p99=4882.43 p999=5144.58 n=1306 | e2e_local p50=3522.56 p99=5079.04 n=394
[txn] 16:39:32 txn=     132/s msgs=      132/s avg=  1.00 msg/txn | commit p50=132.10 p99=292.86 p999=370.69 ms | aborts=0 errs=0 open=22 | in=      134/s | total txns=1339 msgs=1339 aborts=0 errs=0
[16:39:42] offered=     1001/s achieved=      999/s shed=        0/s inflight=     3 | p50=   8.51 p99=   77.31 p999=  114.18 ms | push=14970 pop=2704 lag=12266 | errs push=0 pop=0 empty=0 gor=454 | ack=      140/s ackErr=0 ackAvg=2.35ms | e2e p50=8454.14 p99=12648.45 p999=12910.59 n=1398 | e2e_local p50=6062.08 p99=11862.02 n=314
[txn] 16:39:42 txn=     139/s msgs=      139/s avg=  1.00 msg/txn | commit p50=150.53 p99=333.82 p999=436.22 ms | aborts=0 errs=0 open=22 | in=      139/s | total txns=2734 msgs=2734 aborts=0 errs=0
[16:39:52] offered=      999/s achieved=     1000/s shed=        0/s inflight=     2 | p50=   8.51 p99=   61.18 p999=   89.60 ms | push=24970 pop=4175 lag=20795 | errs push=0 pop=0 empty=0 gor=444 | ack=      147/s ackErr=0 ackAvg=2.39ms | e2e p50=16580.61 p99=21102.59 p999=21364.74 n=1471 | e2e_local p50=15925.25 p99=20316.16 n=619
[txn] 16:39:52 txn=     147/s msgs=      147/s avg=  1.00 msg/txn | commit p50=148.48 p99=284.67 p999=317.44 ms | aborts=0 errs=0 open=22 | in=      147/s | total txns=4204 msgs=4204 aborts=0 errs=0
[16:40:02] offered=     1000/s achieved=     1001/s shed=        0/s inflight=     1 | p50=   8.51 p99=   90.62 p999=  110.08 ms | push=34980 pop=5669 lag=29311 | errs push=0 pop=0 empty=0 gor=454 | ack=      149/s ackErr=0 ackAvg=2.40ms | e2e p50=25034.75 p99=29491.20 p999=30015.49 n=1494 | e2e_local p50=26607.62 p99=29753.34 n=536
[txn] 16:40:02 txn=     150/s msgs=      150/s avg=  1.00 msg/txn | commit p50=140.29 p99=280.58 p999=329.73 ms | aborts=0 errs=0 open=22 | in=      150/s | total txns=5701 msgs=5701 aborts=0 errs=0
[16:40:12] offered=     1001/s achieved=      996/s shed=        0/s inflight=     6 | p50=   8.77 p99=   70.14 p999=  100.86 ms | push=44940 pop=7076 lag=37864 | errs push=0 pop=0 empty=0 gor=444 | ack=      141/s ackErr=0 ackAvg=2.45ms | e2e p50=33423.36 p99=38010.88 p999=38535.17 n=1407 | e2e_local p50=32112.64 p99=38010.88 n=336
[txn] 16:40:12 txn=     140/s msgs=      140/s avg=  1.00 msg/txn | commit p50=150.53 p99=309.25 p999=346.11 ms | aborts=0 errs=0 open=22 | in=      140/s | total txns=7106 msgs=7106 aborts=0 errs=0
[16:40:22] offered=      999/s achieved=     1003/s shed=        0/s inflight=     2 | p50=   8.51 p99=   91.65 p999=  146.43 ms | push=54970 pop=8492 lag=46478 | errs push=0 pop=0 empty=0 gor=456 | ack=      142/s ackErr=0 ackAvg=2.42ms | e2e p50=42205.18 p99=46923.78 p999=47448.06 n=1416 | e2e_local p50=41680.90 p99=46923.78 n=606
[txn] 16:40:22 txn=     142/s msgs=      142/s avg=  1.00 msg/txn | commit p50=150.53 p99=313.34 p999=399.36 ms | aborts=0 errs=0 open=22 | in=      142/s | total txns=8525 msgs=8525 aborts=0 errs=0
[16:40:32] offered=     1000/s achieved=     1000/s shed=        0/s inflight=     2 | p50=   8.64 p99=   91.65 p999=  111.10 ms | push=64970 pop=9864 lag=55106 | errs push=0 pop=0 empty=0 gor=447 | ack=      137/s ackErr=0 ackAvg=2.43ms | e2e p50=50069.50 p99=55312.38 p999=56360.96 n=1372 | e2e_local p50=52166.66 p99=55836.67 n=471
[txn] 16:40:32 txn=     137/s msgs=      137/s avg=  1.00 msg/txn | commit p50=150.53 p99=337.92 p999=370.69 ms | aborts=0 errs=0 open=22 | in=      137/s | total txns=9895 msgs=9895 aborts=0 errs=0
[drain] workers and readers keep going for up to 59.983s (ends early after 3s idle; lag now 55123)
[16:40:42] offered=        0/s achieved=        2/s shed=        0/s inflight=     0 | p50=  15.81 p99=   34.05 p999=   34.05 ms | push=64990 pop=11140 lag=53850 | errs push=0 pop=0 empty=0 gor=444 | ack=      128/s ackErr=0 ackAvg=2.41ms | e2e p50=58982.40 p99=64225.28 p999=65273.86 n=1276 | e2e_local p50=58458.11 p99=63700.99 n=260
[txn] 16:40:42 txn=     128/s msgs=      128/s avg=  1.00 msg/txn | commit p50=164.86 p99=354.30 p999=440.32 ms | aborts=0 errs=0 open=22 | in=      128/s | total txns=11171 msgs=11171 aborts=0 errs=0
[16:40:52] offered=        0/s achieved=        0/s shed=        0/s inflight=     0 | p50=   0.00 p99=    0.00 p999=    0.00 ms | push=64990 pop=12505 lag=52485 | errs push=0 pop=0 empty=0 gor=451 | ack=      137/s ackErr=0 ackAvg=2.41ms | e2e p50=67633.15 p99=72876.03 p999=73924.61 n=1365 | e2e_local p50=66322.43 p99=72876.03 n=542
[txn] 16:40:52 txn=     137/s msgs=      137/s avg=  1.00 msg/txn | commit p50=154.62 p99=305.15 p999=358.40 ms | aborts=0 errs=0 open=22 | in=      137/s | total txns=12538 msgs=12538 aborts=0 errs=0
[16:41:02] offered=        0/s achieved=        0/s shed=        0/s inflight=     0 | p50=   0.00 p99=    0.00 p999=    0.00 ms | push=64990 pop=13900 lag=51090 | errs push=0 pop=0 empty=0 gor=436 | ack=      139/s ackErr=0 ackAvg=2.42ms | e2e p50=77070.34 p99=82313.22 p999=82313.22 n=1395 | e2e_local p50=77070.34 p99=81264.64 n=550
[txn] 16:41:02 txn=     139/s msgs=      139/s avg=  1.00 msg/txn | commit p50=154.62 p99=317.44 p999=419.84 ms | aborts=0 errs=0 open=22 | in=      139/s | total txns=13930 msgs=13930 aborts=0 errs=0
[16:41:12] offered=        0/s achieved=        0/s shed=        0/s inflight=     0 | p50=   0.00 p99=    0.00 p999=    0.00 ms | push=64990 pop=15170 lag=49820 | errs push=0 pop=0 empty=0 gor=432 | ack=      127/s ackErr=0 ackAvg=2.41ms | e2e p50=85458.94 p99=90701.82 p999=91750.40 n=1270 | e2e_local p50=86507.52 p99=90701.82 n=320
[txn] 16:41:12 txn=     127/s msgs=      127/s avg=  1.00 msg/txn | commit p50=166.91 p99=362.50 p999=423.94 ms | aborts=0 errs=0 open=22 | in=      127/s | total txns=15198 msgs=15198 aborts=0 errs=0
[16:41:22] offered=        0/s achieved=        0/s shed=        0/s inflight=     0 | p50=   0.00 p99=    0.00 p999=    0.00 ms | push=64990 pop=16520 lag=48470 | errs push=0 pop=0 empty=0 gor=440 | ack=      135/s ackErr=0 ackAvg=2.40ms | e2e p50=93847.55 p99=100139.01 p999=100139.01 n=1350 | e2e_local p50=92798.98 p99=99090.43 n=461
[txn] 16:41:22 txn=     135/s msgs=      135/s avg=  1.00 msg/txn | commit p50=160.77 p99=301.06 p999=382.98 ms | aborts=0 errs=0 open=22 | in=      135/s | total txns=16549 msgs=16549 aborts=0 errs=0
[16:41:32] offered=        0/s achieved=        0/s shed=        0/s inflight=     0 | p50=   0.00 p99=    0.00 p999=    0.00 ms | push=64990 pop=17836 lag=47154 | errs push=0 pop=0 empty=0 gor=439 | ack=      132/s ackErr=0 ackAvg=2.39ms | e2e p50=102236.16 p99=108527.62 p999=109576.19 n=1316 | e2e_local p50=103284.74 p99=107479.04 n=473
[txn] 16:41:32 txn=     132/s msgs=      132/s avg=  1.00 msg/txn | commit p50=162.82 p99=317.44 p999=387.07 ms | aborts=0 errs=0 open=22 | in=      132/s | total txns=17864 msgs=17864 aborts=0 errs=0
[info] txn workers began 17903 transactions
[info] steady window 60s (after the ramp, before the producers stopped): offered 1000/s pushed 1000/s popped 143/s cpu 23.6% = 23.62 cores per 100k msg/s (produce+consume)
[info] 44 warm-up messages (no "ts") received and not counted as load
[final] offered=6499 achieved=6499 shed=0 (msgs: offered=64990 achieved=64990 shed=0) pushErr=0 | pushed=64990 popped=17859 lag=47131 | popErr=0 empty=0 | overall p50=8.51 p99=82.43 p999=118.27 ms | acked=17859 ackErr=0 ackLag=47131 ackAvg=2.39ms | e2e p50=49020.93 p99=106430.46 p999=108527.62 ms
load_cpu=14.1%
[txn-final] txns=17903 msgs=17903 aborts=0 errs=0 in=17903 avg=1.00 msg/txn | commit p50=152.58 p99=321.54 p999=428.03 max=2441.22 ms
[ids] ledger /root/bench/runs/txn/redpanda/1x200-t1-9k/ids/p7.ids: 64990 confirmed, 0 failed, 0 unanswered
