kload tag=100x100-1000k-p8 loader=8/9 mode=batch rate=111111 msg/s batch=100 batch-max=0 max-inflight=5000 ramp=10s duration=1m10s report=10s drain=0s GOMAXPROCS=16 GOGC=400 seed=1790758650401922883
  offered: 111111 msg/s = 1111.1 units/s (avg 100.0 msgs/unit) across 23 pacer workers (48.31 units/s each)
  topics: 100 x 100 partitions (k100x100-1000k-t0..k100x100-1000k-t99), entities/topic=0 (explicit partition) | picker: topics=rr entities: rr over space=100 starting at 88
  payload: goload jsonEvent target 256 B, avg 289.5 B raw, ~319 B stamped ({"ts":µs,"src":8,...}), pool 64x100
  consumers: 33 here (ci 264..296 of 297), poll=1000 proc-us=0 ack=async ack-inflight=256 local-src=[6 7 8]
  kafka: brokers=10.114.0.2:9092,10.114.0.3:9092,10.114.0.4:9092 rf=3 min-isr=2 producers=4 linger=5ms compression=lz4 acks=all idempotent batch-max-bytes=1048576 | consumers: protocol=consumer fetch-max-wait=500ms fetch-min-bytes=1 fetch-max-partition-bytes=1048576 session=45s
  [topic] READY after 0.0s: 100 topics x 100 partitions, leaders + full ISR
  [config] broker.compression.type = producer (STATIC_BROKER_CONFIG)
  [config] broker.default.replication.factor = 3 (STATIC_BROKER_CONFIG)
  [config] broker.group.consumer.assignors = uniform,range (DEFAULT_CONFIG)
  [config] broker.group.coordinator.rebalance.protocols = classic,consumer,streams (DEFAULT_CONFIG)
  [config] broker.group.initial.rebalance.delay.ms = 3000 (DEFAULT_CONFIG)
  [config] broker.log.flush.interval.messages = 9223372036854775807 (DEFAULT_CONFIG)
  [config] broker.log.flush.interval.ms = <nil> (DEFAULT_CONFIG)
  [config] broker.max.incremental.fetch.session.cache.slots = 4000 (STATIC_BROKER_CONFIG)
  [config] broker.min.insync.replicas = 2 (DYNAMIC_DEFAULT_BROKER_CONFIG)
  [config] broker.num.io.threads = 16 (STATIC_BROKER_CONFIG)
  [config] broker.num.network.threads = 8 (STATIC_BROKER_CONFIG)
  [config] broker.num.replica.fetchers = 8 (STATIC_BROKER_CONFIG)
  [config] topic.compression.type = producer (STATIC_BROKER_CONFIG)
  [config] topic.flush.messages = 9223372036854775807 (DEFAULT_CONFIG)
  [config] topic.flush.ms = 9223372036854775807 (DEFAULT_CONFIG)
  [config] topic.max.message.bytes = 16777216 (STATIC_BROKER_CONFIG)
  [config] topic.message.timestamp.type = CreateTime (DEFAULT_CONFIG)
  [config] topic.min.insync.replicas = 2 (DYNAMIC_TOPIC_CONFIG)
  [config] topic.retention.ms = 600000 (DYNAMIC_TOPIC_CONFIG)
  [config] topic.segment.bytes = 268435456 (DYNAMIC_TOPIC_CONFIG)
  [config] topic.unclean.leader.election.enable = false (STATIC_BROKER_CONFIG)
  [group] 33 consumers in 33 groups (k100x100-1000k-g-t64 ... ), protocol consumer
  [group] t=+0.0s waiting: k100x100-1000k-g-t64: local members 1/3 hold 0/100 partitions (group-wide ? members=0 assigned=0); k100x100-1000k-g-t65: local members 1/3 hold 0/100 partitions (group-wide ? members=0 assigned=0); k100x100-1000k-g-t66: local members 1/3 hold 0/100 partitions (group-wide ? members=0 assigned=0)
  [group] t=+2.0s waiting: k100x100-1000k-g-t64: local members 1/3 hold 0/100 partitions (group-wide Assigning members=3 assigned=100); k100x100-1000k-g-t65: local members 1/3 hold 0/100 partitions (group-wide Assigning members=3 assigned=100); k100x100-1000k-g-t66: local members 1/3 hold 0/100 partitions (group-wide Assigning members=3 assigned=100)
  [group] t=+4.0s waiting: k100x100-1000k-g-t64: local members 1/3 hold 0/100 partitions (group-wide Assigning members=3 assigned=100); k100x100-1000k-g-t65: local members 1/3 hold 0/100 partitions (group-wide Assigning members=3 assigned=100); k100x100-1000k-g-t66: local members 1/3 hold 0/100 partitions (group-wide Assigning members=3 assigned=100)
  [group] t=+6.0s waiting: k100x100-1000k-g-t64: local members 1/3 hold 0/100 partitions (group-wide Reconciling members=3 assigned=34); k100x100-1000k-g-t65: local members 1/3 hold 0/100 partitions (group-wide Reconciling members=3 assigned=34); k100x100-1000k-g-t66: local members 1/3 hold 0/100 partitions (group-wide Reconciling members=3 assigned=34)
  [group] t=+8.1s waiting: k100x100-1000k-g-t64: local members 1/3 hold 0/100 partitions (group-wide Reconciling members=3 assigned=34); k100x100-1000k-g-t65: local members 1/3 hold 0/100 partitions (group-wide Reconciling members=3 assigned=34); k100x100-1000k-g-t66: local members 1/3 hold 0/100 partitions (group-wide Reconciling members=3 assigned=34)
  [group] t=+10.1s waiting: k100x100-1000k-g-t64: local members 1/3 hold 0/100 partitions (group-wide Reconciling members=3 assigned=34); k100x100-1000k-g-t65: local members 1/3 hold 0/100 partitions (group-wide Reconciling members=3 assigned=34); k100x100-1000k-g-t66: local members 1/3 hold 0/100 partitions (group-wide Reconciling members=3 assigned=34)
  [group] t=+12.1s waiting: k100x100-1000k-g-t64: local members 1/3 hold 33/100 partitions (group-wide Stable members=3 assigned=100); k100x100-1000k-g-t65: local members 1/3 hold 33/100 partitions (group-wide Stable members=3 assigned=100); k100x100-1000k-g-t66: local members 1/3 hold 33/100 partitions (group-wide Stable members=3 assigned=100)
  [group] STABLE after 14.1s: 33 groups, 33 local members holding 1106 partitions, assignEv=66 revokeEv=17 lostEv=0
  [produce] 4 clients connected to every broker with producer IDs in 0.31s; max buffered 501024 records per client
READY 1790758697516
[start] waiting 9.306s for the common start 1790758712753
[start] GO 08:58:32.753 (unix ms 1790758712753)
[08:58:42] offered=    55573/s achieved=    55363/s shed=        0/s inflight=    20 | p50=  17.28 p99=   47.36 p999=   61.70 ms | push=553600 pop=546300 lag=7300 | errs push=0 pop=0 empty=0 gor=484 | ack=    54633/s ackErr=0 ackAvg=15.78ms | e2e p50=17.02 p99=42.75 p999=59.65 n=546300 | e2e_local p50=17.02 p99=46.34 n=210300
[08:58:52] offered=   111104/s achieved=   111094/s shed=        0/s inflight=    22 | p50=  18.82 p99=   90.62 p999=  118.27 ms | push=1664600 pop=1651500 lag=13100 | errs push=0 pop=0 empty=0 gor=489 | ack=   110514/s ackErr=0 ackAvg=15.80ms | e2e p50=18.56 p99=91.65 p999=125.44 n=1105200 | e2e_local p50=18.30 p99=89.60 n=369900
[08:59:02] offered=   111100/s achieved=   110950/s shed=        0/s inflight=    39 | p50=  18.82 p99=   68.10 p999=   85.50 ms | push=2774000 pop=2756627 lag=17373 | errs push=0 pop=0 empty=0 gor=502 | ack=   110490/s ackErr=0 ackAvg=15.69ms | e2e p50=18.56 p99=69.12 p999=89.60 n=1105127 | e2e_local p50=18.56 p99=73.22 n=360100
[08:59:12] offered=   111108/s achieved=   111208/s shed=        0/s inflight=    28 | p50=  19.07 p99=   72.19 p999=   98.82 ms | push=3886100 pop=3862900 lag=23200 | errs push=0 pop=0 empty=0 gor=510 | ack=   110568/s ackErr=0 ackAvg=15.61ms | e2e p50=18.82 p99=76.29 p999=102.91 n=1106273 | e2e_local p50=18.82 p99=70.14 n=358400
[08:59:22] offered=   111117/s achieved=   110957/s shed=        0/s inflight=    44 | p50=  18.56 p99=   66.05 p999=   89.60 ms | push=4995700 pop=4970202 lag=25498 | errs push=0 pop=0 empty=0 gor=543 | ack=   110597/s ackErr=0 ackAvg=15.60ms | e2e p50=18.05 p99=66.05 p999=81.41 n=1107302 | e2e_local p50=18.05 p99=66.05 n=358802
[08:59:32] offered=   111115/s achieved=   111205/s shed=        0/s inflight=    33 | p50=  18.82 p99=   79.36 p999=  100.86 ms | push=6107700 pop=6076368 lag=31332 | errs push=0 pop=0 empty=0 gor=566 | ack=   110535/s ackErr=0 ackAvg=15.60ms | e2e p50=18.82 p99=74.24 p999=97.79 n=1106166 | e2e_local p50=18.56 p99=71.17 n=358666
[08:59:42] offered=   111108/s achieved=   111238/s shed=        0/s inflight=    21 | p50=  18.82 p99=   69.12 p999=   88.58 ms | push=7220100 pop=7185700 lag=34400 | errs push=0 pop=0 empty=0 gor=534 | ack=   110948/s ackErr=0 ackAvg=15.58ms | e2e p50=18.56 p99=74.24 p999=98.82 n=1109332 | e2e_local p50=18.82 p99=77.31 n=367932
[info] steady window 60s (after the ramp, before the producers stopped): offered 111109/s pushed 111109/s popped 110657/s cpu 90.7% = 0.82 cores per 100k msg/s (produce+consume)
[info] 1700 warm-up messages (no "ts") received and not counted as load
[final] offered=72222 achieved=72222 shed=0 (msgs: offered=7222200 achieved=7222200 shed=0) pushErr=0 | pushed=7222200 popped=7186500 lag=35700 | popErr=0 empty=0 | overall p50=18.56 p99=75.26 p999=101.89 ms | acked=7186500 ackErr=0 ackLag=35700 ackAvg=15.58ms | e2e p50=18.30 p99=76.29 p999=100.86 ms
load_cpu=61.2%
