kload tag=1x200-4000k-p3 loader=3/9 mode=batch rate=444444 msg/s batch=100 batch-max=0 max-inflight=5000 ramp=10s duration=1m10s report=10s drain=0s GOMAXPROCS=16 GOGC=400 seed=1790761565095686000
  offered: 444444 msg/s = 4444.4 units/s (avg 100.0 msgs/unit) across 64 pacer workers (69.44 units/s each)
  topics: 1 x 200 partitions (k1x200-4000k..k1x200-4000k), entities/topic=0 (explicit partition) | picker: topics=rr entities: rr over space=200 starting at 66
  payload: goload jsonEvent target 256 B, avg 289.5 B raw, ~320 B stamped ({"ts":µs,"src":3,...}), pool 64x100
  consumers: 22 here (ci 66..87 of 198), poll=1000 proc-us=0 ack=async ack-inflight=256 local-src=[3 4 5]
  kafka: brokers=10.114.0.2:9092,10.114.0.3:9092,10.114.0.4:9092 rf=3 min-isr=2 producers=4 linger=5ms compression=lz4 acks=all idempotent batch-max-bytes=1048576 | consumers: protocol=consumer fetch-max-wait=500ms fetch-min-bytes=1 fetch-max-partition-bytes=1048576 session=45s
  [topic] READY after 0.0s: 1 topics x 200 partitions, leaders + full ISR
  [config] broker.compression.type = producer (STATIC_BROKER_CONFIG)
  [config] broker.default.replication.factor = 3 (STATIC_BROKER_CONFIG)
  [config] broker.group.consumer.assignors = uniform,range (DEFAULT_CONFIG)
  [config] broker.group.coordinator.rebalance.protocols = classic,consumer,streams (DEFAULT_CONFIG)
  [config] broker.group.initial.rebalance.delay.ms = 3000 (DEFAULT_CONFIG)
  [config] broker.log.flush.interval.messages = 9223372036854775807 (DEFAULT_CONFIG)
  [config] broker.log.flush.interval.ms = <nil> (DEFAULT_CONFIG)
  [config] broker.max.incremental.fetch.session.cache.slots = 4000 (STATIC_BROKER_CONFIG)
  [config] broker.min.insync.replicas = 2 (DYNAMIC_DEFAULT_BROKER_CONFIG)
  [config] broker.num.io.threads = 16 (STATIC_BROKER_CONFIG)
  [config] broker.num.network.threads = 8 (STATIC_BROKER_CONFIG)
  [config] broker.num.replica.fetchers = 8 (STATIC_BROKER_CONFIG)
  [config] topic.compression.type = producer (STATIC_BROKER_CONFIG)
  [config] topic.flush.messages = 9223372036854775807 (DEFAULT_CONFIG)
  [config] topic.flush.ms = 9223372036854775807 (DEFAULT_CONFIG)
  [config] topic.max.message.bytes = 16777216 (STATIC_BROKER_CONFIG)
  [config] topic.message.timestamp.type = CreateTime (DEFAULT_CONFIG)
  [config] topic.min.insync.replicas = 2 (DYNAMIC_TOPIC_CONFIG)
  [config] topic.retention.ms = 600000 (DYNAMIC_TOPIC_CONFIG)
  [config] topic.segment.bytes = 268435456 (DYNAMIC_TOPIC_CONFIG)
  [config] topic.unclean.leader.election.enable = false (STATIC_BROKER_CONFIG)
  [group] 22 consumers in 1 groups (k1x200-4000k-g-t0 ... ), protocol consumer
  [group] t=+0.0s waiting: k1x200-4000k-g-t0: local members 22/198 hold 0/200 partitions (group-wide ? members=0 assigned=0)
  [group] t=+2.0s waiting: k1x200-4000k-g-t0: local members 22/198 hold 0/200 partitions (group-wide Assigning members=198 assigned=200)
  [group] t=+4.0s waiting: k1x200-4000k-g-t0: local members 22/198 hold 0/200 partitions (group-wide Assigning members=198 assigned=200)
  [group] t=+6.1s waiting: k1x200-4000k-g-t0: local members 22/198 hold 0/200 partitions (group-wide Reconciling members=198 assigned=2)
  [group] t=+8.1s waiting: k1x200-4000k-g-t0: local members 22/198 hold 0/200 partitions (group-wide Reconciling members=198 assigned=2)
  [group] t=+10.1s waiting: k1x200-4000k-g-t0: local members 22/198 hold 0/200 partitions (group-wide Reconciling members=198 assigned=2)
  [group] t=+12.1s waiting: k1x200-4000k-g-t0: local members 22/198 hold 22/200 partitions (group-wide Stable members=198 assigned=200)
  [group] STABLE after 14.1s: 1 groups, 22 local members holding 22 partitions, assignEv=44 revokeEv=0 lostEv=0
  [produce] 4 clients connected to every broker with producer IDs in 0.30s; max buffered 501024 records per client
READY 1790761591382
[start] waiting 9.342s for the common start 1790761606243
[start] GO 09:46:46.243 (unix ms 1790761606243)
[09:46:56] offered=   222243/s achieved=   221853/s shed=        0/s inflight=    35 | p50=   9.66 p99=   36.61 p999=  127.49 ms | push=2218300 pop=2194600 lag=23700 | errs push=0 pop=0 empty=0 gor=553 | ack=   216233/s ackErr=0 ackAvg=21.05ms | e2e p50=9.79 p99=38.14 p999=125.44 n=2194600 | e2e_local p50=9.92 p99=38.66 n=731300
[09:47:06] offered=   444441/s achieved=   444311/s shed=        0/s inflight=    56 | p50=   9.54 p99=   59.14 p999=   95.74 ms | push=6662000 pop=6593500 lag=68500 | errs push=0 pop=0 empty=0 gor=564 | ack=   437984/s ackErr=0 ackAvg=54.61ms | e2e p50=16.06 p99=79.36 p999=136.19 n=4398900 | e2e_local p50=16.06 p99=78.34 n=1466400
[09:47:16] offered=   444441/s achieved=   444601/s shed=        0/s inflight=    30 | p50=   9.41 p99=   81.41 p999=  138.24 ms | push=11107500 pop=10992000 lag=115500 | errs push=0 pop=0 empty=0 gor=546 | ack=   441549/s ackErr=0 ackAvg=62.59ms | e2e p50=15.94 p99=92.67 p999=144.38 n=4398500 | e2e_local p50=16.06 p99=92.67 n=1465900
[09:47:26] offered=   444435/s achieved=   444415/s shed=        0/s inflight=    33 | p50=   9.41 p99=   59.65 p999=  105.98 ms | push=15551600 pop=15394000 lag=157600 | errs push=0 pop=0 empty=0 gor=547 | ack=   439976/s ackErr=0 ackAvg=66.91ms | e2e p50=16.51 p99=75.26 p999=113.15 n=4402000 | e2e_local p50=16.51 p99=75.26 n=1467100
[09:47:36] offered=   444421/s achieved=   444121/s shed=        0/s inflight=    73 | p50=   9.41 p99=   42.75 p999=   71.17 ms | push=19992900 pop=19792766 lag=200134 | errs push=0 pop=0 empty=0 gor=580 | ack=   440456/s ackErr=0 ackAvg=68.81ms | e2e p50=16.06 p99=51.97 p999=82.43 n=4398866 | e2e_local p50=16.19 p99=51.97 n=1466466
[09:47:46] offered=   444462/s achieved=   444772/s shed=        0/s inflight=    39 | p50=   9.41 p99=   52.48 p999=   78.34 ms | push=24440500 pop=24192600 lag=247900 | errs push=0 pop=0 empty=0 gor=563 | ack=   439375/s ackErr=0 ackAvg=70.10ms | e2e p50=16.19 p99=62.21 p999=95.74 n=4399934 | e2e_local p50=16.32 p99=62.21 n=1467034
[09:47:56] offered=   444469/s achieved=   444349/s shed=        0/s inflight=    49 | p50=   9.41 p99=   45.82 p999=   72.19 ms | push=28884300 pop=28591800 lag=292500 | errs push=0 pop=0 empty=0 gor=487 | ack=   440199/s ackErr=0 ackAvg=71.00ms | e2e p50=16.19 p99=52.99 p999=73.22 n=4399000 | e2e_local p50=16.19 p99=52.99 n=1466300
[info] steady window 60s (after the ramp, before the producers stopped): offered 444445/s pushed 444428/s popped 439948/s cpu 281.0% = 0.63 cores per 100k msg/s (produce+consume)
[final] offered=288892 achieved=288892 shed=0 (msgs: offered=28889200 achieved=28889200 shed=0) pushErr=0 | pushed=28889200 popped=28598500 lag=290700 | popErr=0 empty=0 | overall p50=9.41 p99=55.04 p999=114.18 ms | acked=28594000 ackErr=0 ackLag=295200 ackAvg=71.54ms | e2e p50=15.81 p99=68.10 p999=126.46 ms
load_cpu=185.7%
