kload tag=1x200-4000k-p5 loader=5/9 mode=batch rate=444444 msg/s batch=100 batch-max=0 max-inflight=5000 ramp=10s duration=1m10s report=10s drain=0s GOMAXPROCS=16 GOGC=400 seed=1790761565083329210
  offered: 444444 msg/s = 4444.4 units/s (avg 100.0 msgs/unit) across 64 pacer workers (69.44 units/s each)
  topics: 1 x 200 partitions (k1x200-4000k..k1x200-4000k), entities/topic=0 (explicit partition) | picker: topics=rr entities: rr over space=200 starting at 111
  payload: goload jsonEvent target 256 B, avg 289.5 B raw, ~320 B stamped ({"ts":µs,"src":5,...}), pool 64x100
  consumers: 22 here (ci 110..131 of 198), poll=1000 proc-us=0 ack=async ack-inflight=256 local-src=[3 4 5]
  kafka: brokers=10.114.0.2:9092,10.114.0.3:9092,10.114.0.4:9092 rf=3 min-isr=2 producers=4 linger=5ms compression=lz4 acks=all idempotent batch-max-bytes=1048576 | consumers: protocol=consumer fetch-max-wait=500ms fetch-min-bytes=1 fetch-max-partition-bytes=1048576 session=45s
  [topic] READY after 0.0s: 1 topics x 200 partitions, leaders + full ISR
  [config] broker.compression.type = producer (STATIC_BROKER_CONFIG)
  [config] broker.default.replication.factor = 3 (STATIC_BROKER_CONFIG)
  [config] broker.group.consumer.assignors = uniform,range (DEFAULT_CONFIG)
  [config] broker.group.coordinator.rebalance.protocols = classic,consumer,streams (DEFAULT_CONFIG)
  [config] broker.group.initial.rebalance.delay.ms = 3000 (DEFAULT_CONFIG)
  [config] broker.log.flush.interval.messages = 9223372036854775807 (DEFAULT_CONFIG)
  [config] broker.log.flush.interval.ms = <nil> (DEFAULT_CONFIG)
  [config] broker.max.incremental.fetch.session.cache.slots = 4000 (STATIC_BROKER_CONFIG)
  [config] broker.min.insync.replicas = 2 (DYNAMIC_DEFAULT_BROKER_CONFIG)
  [config] broker.num.io.threads = 16 (STATIC_BROKER_CONFIG)
  [config] broker.num.network.threads = 8 (STATIC_BROKER_CONFIG)
  [config] broker.num.replica.fetchers = 8 (STATIC_BROKER_CONFIG)
  [config] topic.compression.type = producer (STATIC_BROKER_CONFIG)
  [config] topic.flush.messages = 9223372036854775807 (DEFAULT_CONFIG)
  [config] topic.flush.ms = 9223372036854775807 (DEFAULT_CONFIG)
  [config] topic.max.message.bytes = 16777216 (STATIC_BROKER_CONFIG)
  [config] topic.message.timestamp.type = CreateTime (DEFAULT_CONFIG)
  [config] topic.min.insync.replicas = 2 (DYNAMIC_TOPIC_CONFIG)
  [config] topic.retention.ms = 600000 (DYNAMIC_TOPIC_CONFIG)
  [config] topic.segment.bytes = 268435456 (DYNAMIC_TOPIC_CONFIG)
  [config] topic.unclean.leader.election.enable = false (STATIC_BROKER_CONFIG)
  [group] 22 consumers in 1 groups (k1x200-4000k-g-t0 ... ), protocol consumer
  [group] t=+0.0s waiting: k1x200-4000k-g-t0: local members 22/198 hold 0/200 partitions (group-wide ? members=0 assigned=0)
  [group] t=+2.0s waiting: k1x200-4000k-g-t0: local members 22/198 hold 0/200 partitions (group-wide Assigning members=198 assigned=200)
  [group] t=+4.0s waiting: k1x200-4000k-g-t0: local members 22/198 hold 0/200 partitions (group-wide Assigning members=198 assigned=200)
  [group] t=+6.1s waiting: k1x200-4000k-g-t0: local members 22/198 hold 0/200 partitions (group-wide Reconciling members=198 assigned=2)
  [group] t=+8.1s waiting: k1x200-4000k-g-t0: local members 22/198 hold 0/200 partitions (group-wide Reconciling members=198 assigned=2)
  [group] t=+10.1s waiting: k1x200-4000k-g-t0: local members 22/198 hold 0/200 partitions (group-wide Reconciling members=198 assigned=2)
  [group] t=+12.1s waiting: k1x200-4000k-g-t0: local members 22/198 hold 22/200 partitions (group-wide Stable members=198 assigned=200)
  [group] STABLE after 14.1s: 1 groups, 22 local members holding 22 partitions, assignEv=44 revokeEv=0 lostEv=0
  [produce] 4 clients connected to every broker with producer IDs in 0.31s; max buffered 501024 records per client
READY 1790761591388
[start] waiting 9.335s for the common start 1790761606243
[start] GO 09:46:46.243 (unix ms 1790761606243)
[09:46:56] offered=   222219/s achieved=   221909/s shed=        0/s inflight=    30 | p50=   9.54 p99=   37.63 p999=  132.10 ms | push=2219300 pop=2194200 lag=25100 | errs push=0 pop=0 empty=0 gor=547 | ack=   216139/s ackErr=0 ackAvg=21.38ms | e2e p50=9.79 p99=36.10 p999=128.51 n=2194200 | e2e_local p50=9.79 p99=35.58 n=731500
[09:47:06] offered=   444491/s achieved=   444361/s shed=        0/s inflight=    44 | p50=   9.54 p99=   58.62 p999=   97.79 ms | push=6662300 pop=6592300 lag=70000 | errs push=0 pop=0 empty=0 gor=552 | ack=   437840/s ackErr=0 ackAvg=55.41ms | e2e p50=15.94 p99=74.24 p999=122.37 n=4398400 | e2e_local p50=15.94 p99=75.26 n=1465600
[09:47:16] offered=   444442/s achieved=   444562/s shed=        0/s inflight=    32 | p50=   9.41 p99=   76.29 p999=  138.24 ms | push=11108100 pop=10991700 lag=116400 | errs push=0 pop=0 empty=0 gor=540 | ack=   441642/s ackErr=0 ackAvg=63.20ms | e2e p50=15.68 p99=84.48 p999=138.24 n=4399100 | e2e_local p50=15.81 p99=85.50 n=1466600
[09:47:26] offered=   444438/s achieved=   444318/s shed=        0/s inflight=    41 | p50=   9.41 p99=   60.67 p999=  102.91 ms | push=15551100 pop=15394000 lag=157100 | errs push=0 pop=0 empty=0 gor=549 | ack=   440198/s ackErr=0 ackAvg=67.38ms | e2e p50=16.06 p99=74.24 p999=109.06 n=4402300 | e2e_local p50=16.19 p99=75.26 n=1467900
[09:47:36] offered=   444436/s achieved=   444186/s shed=        0/s inflight=    69 | p50=   9.41 p99=   43.26 p999=   75.26 ms | push=19992900 pop=19793200 lag=199700 | errs push=0 pop=0 empty=0 gor=576 | ack=   440086/s ackErr=0 ackAvg=69.39ms | e2e p50=15.94 p99=53.50 p999=84.48 n=4399200 | e2e_local p50=16.06 p99=52.99 n=1466400
[09:47:46] offered=   444446/s achieved=   444766/s shed=        0/s inflight=    37 | p50=   9.41 p99=   52.48 p999=   86.53 ms | push=24441800 pop=24194900 lag=246900 | errs push=0 pop=0 empty=0 gor=568 | ack=   439837/s ackErr=0 ackAvg=70.83ms | e2e p50=15.94 p99=62.21 p999=96.77 n=4401700 | e2e_local p50=15.94 p99=62.72 n=1466900
[09:47:56] offered=   444451/s achieved=   444391/s shed=        0/s inflight=    43 | p50=   9.41 p99=   45.82 p999=   70.14 ms | push=28884700 pop=28593000 lag=291700 | errs push=0 pop=0 empty=0 gor=487 | ack=   440210/s ackErr=0 ackAvg=71.88ms | e2e p50=15.94 p99=53.50 p999=76.29 n=4398100 | e2e_local p50=16.06 p99=53.50 n=1466100
[info] steady window 60s (after the ramp, before the producers stopped): offered 444451/s pushed 444431/s popped 439987/s cpu 279.8% = 0.63 cores per 100k msg/s (produce+consume)
[final] offered=288890 achieved=288890 shed=0 (msgs: offered=28889000 achieved=28889000 shed=0) pushErr=0 | pushed=28889000 popped=28600100 lag=288900 | popErr=0 empty=0 | overall p50=9.41 p99=55.04 p999=114.18 ms | acked=28599600 ackErr=0 ackLag=289400 ackAvg=72.12ms | e2e p50=15.55 p99=67.07 p999=118.27 ms
load_cpu=185.5%
