kload tag=1x1000-1000k-e1m-p4 loader=4/9 mode=batch rate=111111 msg/s batch=100 batch-max=0 max-inflight=5000 ramp=10s duration=1m10s report=10s drain=0s GOMAXPROCS=16 GOGC=400 seed=1790761012840495494
  offered: 111111 msg/s = 1111.1 units/s (avg 100.0 msgs/unit) across 23 pacer workers (48.31 units/s each)
  topics: 1 x 1000 partitions (k1x1000-1000k-e1m..k1x1000-1000k-e1m), entities/topic=1000000 (key e<id>, system key partitioner) | picker: topics=rr entities: rr over space=1000000 starting at 444444
  payload: goload jsonEvent target 256 B, avg 289.5 B raw, ~320 B stamped ({"ts":µs,"src":4,...}), pool 64x100
  consumers: 33 here (ci 132..164 of 297), poll=1000 proc-us=0 ack=async ack-inflight=256 local-src=[3 4 5]
  kafka: brokers=10.114.0.2:9092,10.114.0.3:9092,10.114.0.4:9092 rf=3 min-isr=2 producers=4 linger=5ms compression=lz4 acks=all idempotent batch-max-bytes=1048576 | consumers: protocol=consumer fetch-max-wait=500ms fetch-min-bytes=1 fetch-max-partition-bytes=1048576 session=45s
  [topic] READY after 0.0s: 1 topics x 1000 partitions, leaders + full ISR
  [config] broker.compression.type = producer (STATIC_BROKER_CONFIG)
  [config] broker.default.replication.factor = 3 (STATIC_BROKER_CONFIG)
  [config] broker.group.consumer.assignors = uniform,range (DEFAULT_CONFIG)
  [config] broker.group.coordinator.rebalance.protocols = classic,consumer,streams (DEFAULT_CONFIG)
  [config] broker.group.initial.rebalance.delay.ms = 3000 (DEFAULT_CONFIG)
  [config] broker.log.flush.interval.messages = 9223372036854775807 (DEFAULT_CONFIG)
  [config] broker.log.flush.interval.ms = <nil> (DEFAULT_CONFIG)
  [config] broker.max.incremental.fetch.session.cache.slots = 4000 (STATIC_BROKER_CONFIG)
  [config] broker.min.insync.replicas = 2 (DYNAMIC_DEFAULT_BROKER_CONFIG)
  [config] broker.num.io.threads = 16 (STATIC_BROKER_CONFIG)
  [config] broker.num.network.threads = 8 (STATIC_BROKER_CONFIG)
  [config] broker.num.replica.fetchers = 8 (STATIC_BROKER_CONFIG)
  [config] topic.compression.type = producer (STATIC_BROKER_CONFIG)
  [config] topic.flush.messages = 9223372036854775807 (DEFAULT_CONFIG)
  [config] topic.flush.ms = 9223372036854775807 (DEFAULT_CONFIG)
  [config] topic.max.message.bytes = 16777216 (STATIC_BROKER_CONFIG)
  [config] topic.message.timestamp.type = CreateTime (DEFAULT_CONFIG)
  [config] topic.min.insync.replicas = 2 (DYNAMIC_TOPIC_CONFIG)
  [config] topic.retention.ms = 600000 (DYNAMIC_TOPIC_CONFIG)
  [config] topic.segment.bytes = 268435456 (DYNAMIC_TOPIC_CONFIG)
  [config] topic.unclean.leader.election.enable = false (STATIC_BROKER_CONFIG)
  [group] 33 consumers in 1 groups (k1x1000-1000k-e1m-g-t0 ... ), protocol consumer
  [group] t=+0.0s waiting: k1x1000-1000k-e1m-g-t0: local members 33/297 hold 0/1000 partitions (group-wide ? members=0 assigned=0)
  [group] t=+2.0s waiting: k1x1000-1000k-e1m-g-t0: local members 33/297 hold 0/1000 partitions (group-wide Assigning members=297 assigned=1000)
  [group] t=+4.0s waiting: k1x1000-1000k-e1m-g-t0: local members 33/297 hold 0/1000 partitions (group-wide Assigning members=297 assigned=1000)
  [group] t=+6.0s waiting: k1x1000-1000k-e1m-g-t0: local members 33/297 hold 0/1000 partitions (group-wide Reconciling members=297 assigned=4)
  [group] t=+8.1s waiting: k1x1000-1000k-e1m-g-t0: local members 33/297 hold 0/1000 partitions (group-wide Reconciling members=297 assigned=4)
  [group] t=+10.1s waiting: k1x1000-1000k-e1m-g-t0: local members 33/297 hold 0/1000 partitions (group-wide Reconciling members=297 assigned=4)
  [group] t=+12.1s waiting: k1x1000-1000k-e1m-g-t0: local members 33/297 hold 108/1000 partitions (group-wide Stable members=297 assigned=1000)
  [group] STABLE after 14.1s: 1 groups, 33 local members holding 108 partitions, assignEv=66 revokeEv=0 lostEv=0
  [produce] 4 clients connected to every broker with producer IDs in 0.30s; max buffered 501024 records per client
READY 1790761044515
[start] waiting 9.334s for the common start 1790761060073
[start] GO 09:37:40.073 (unix ms 1790761060073)
[09:37:50] offered=    55541/s achieved=    55491/s shed=        0/s inflight=     5 | p50=   8.51 p99=   27.26 p999=  110.08 ms | push=554900 pop=547600 lag=7300 | errs push=0 pop=0 empty=0 gor=447 | ack=    54721/s ackErr=0 ackAvg=3.43ms | e2e p50=8.51 p99=28.80 p999=100.86 n=547600 | e2e_local p50=8.51 p99=28.80 n=181000
[09:38:00] offered=   111117/s achieved=   111107/s shed=        0/s inflight=     6 | p50=   8.16 p99=   13.76 p999=   39.17 ms | push=1666000 pop=1639900 lag=26100 | errs push=0 pop=0 empty=0 gor=434 | ack=   109267/s ackErr=0 ackAvg=2.93ms | e2e p50=8.16 p99=13.76 p999=34.56 n=1092300 | e2e_local p50=8.26 p99=14.27 n=362300
[09:38:10] offered=   111143/s achieved=   111103/s shed=        0/s inflight=    10 | p50=   8.16 p99=   12.35 p999=   21.89 ms | push=2777000 pop=2725600 lag=51400 | errs push=0 pop=0 empty=0 gor=455 | ack=   108503/s ackErr=0 ackAvg=2.83ms | e2e p50=8.16 p99=12.48 p999=22.40 n=1085700 | e2e_local p50=8.26 p99=12.61 n=364800
[09:38:20] offered=   111100/s achieved=   111100/s shed=        0/s inflight=    11 | p50=   8.16 p99=   13.25 p999=   26.24 ms | push=3888000 pop=3805200 lag=82800 | errs push=0 pop=0 empty=0 gor=442 | ack=   108010/s ackErr=0 ackAvg=2.78ms | e2e p50=8.10 p99=11.58 p999=23.94 n=1079600 | e2e_local p50=8.26 p99=12.35 n=352500
[09:38:30] offered=   111108/s achieved=   111128/s shed=        0/s inflight=     8 | p50=   8.16 p99=   13.50 p999=   29.82 ms | push=4999300 pop=4872400 lag=126900 | errs push=0 pop=0 empty=0 gor=441 | ack=   106718/s ackErr=0 ackAvg=2.76ms | e2e p50=8.16 p99=12.74 p999=30.85 n=1067200 | e2e_local p50=8.26 p99=12.10 n=359500
[09:38:40] offered=   111101/s achieved=   111081/s shed=        0/s inflight=     9 | p50=   8.10 p99=   10.69 p999=   17.02 ms | push=6110100 pop=5953900 lag=156200 | errs push=0 pop=0 empty=0 gor=450 | ack=   108151/s ackErr=0 ackAvg=2.73ms | e2e p50=8.10 p99=10.82 p999=16.77 n=1081500 | e2e_local p50=8.16 p99=11.07 n=359000
[09:38:50] offered=   111115/s achieved=   111165/s shed=        0/s inflight=     5 | p50=   8.10 p99=   11.33 p999=   18.56 ms | push=7221800 pop=7050900 lag=170900 | errs push=0 pop=0 empty=0 gor=421 | ack=   109665/s ackErr=0 ackAvg=2.71ms | e2e p50=8.10 p99=11.20 p999=20.35 n=1097000 | e2e_local p50=8.26 p99=10.94 n=365500
[info] steady window 60s (after the ramp, before the producers stopped): offered 111114/s pushed 111114/s popped 108388/s cpu 94.1% = 0.85 cores per 100k msg/s (produce+consume)
[final] offered=72223 achieved=72223 shed=0 (msgs: offered=7222300 achieved=7222300 shed=0) pushErr=0 | pushed=7222300 popped=7051300 lag=171000 | popErr=0 empty=0 | overall p50=8.16 p99=14.27 p999=32.64 ms | acked=7051300 ackErr=0 ackLag=171000 ackAvg=2.71ms | e2e p50=8.16 p99=13.76 p999=32.38 ms
load_cpu=63.0%
