kload tag=1x200-600k-p3 loader=3/9 mode=batch rate=66666 msg/s batch=100 batch-max=0 max-inflight=5000 ramp=10s duration=1m10s report=10s drain=0s GOMAXPROCS=16 GOGC=400 seed=1790753494367220061
  offered: 66666 msg/s = 666.7 units/s (avg 100.0 msgs/unit) across 14 pacer workers (47.62 units/s each)
  topics: 1 x 200 partitions (k1x200-600k..k1x200-600k), entities/topic=0 (explicit partition) | picker: topics=rr entities: rr over space=200 starting at 66
  payload: goload jsonEvent target 256 B, avg 289.6 B raw, ~320 B stamped ({"ts":µs,"src":3,...}), pool 64x100
  consumers: 22 here (ci 66..87 of 198), poll=1000 proc-us=0 ack=async ack-inflight=256 local-src=[3 4 5]
  kafka: brokers=10.114.0.2:9092,10.114.0.3:9092,10.114.0.4:9092 rf=3 min-isr=2 producers=4 linger=5ms compression=lz4 acks=all idempotent batch-max-bytes=1048576 | consumers: protocol=consumer fetch-max-wait=500ms fetch-min-bytes=1 fetch-max-partition-bytes=1048576 session=45s
  [topic] READY after 0.0s: 1 topics x 200 partitions, leaders + full ISR
  [config] broker.compression.type = producer (STATIC_BROKER_CONFIG)
  [config] broker.default.replication.factor = 3 (STATIC_BROKER_CONFIG)
  [config] broker.group.consumer.assignors = uniform,range (DEFAULT_CONFIG)
  [config] broker.group.coordinator.rebalance.protocols = classic,consumer,streams (DEFAULT_CONFIG)
  [config] broker.group.initial.rebalance.delay.ms = 3000 (DEFAULT_CONFIG)
  [config] broker.log.flush.interval.messages = 9223372036854775807 (DEFAULT_CONFIG)
  [config] broker.log.flush.interval.ms = <nil> (DEFAULT_CONFIG)
  [config] broker.max.incremental.fetch.session.cache.slots = 4000 (STATIC_BROKER_CONFIG)
  [config] broker.min.insync.replicas = 2 (DYNAMIC_DEFAULT_BROKER_CONFIG)
  [config] broker.num.io.threads = 16 (STATIC_BROKER_CONFIG)
  [config] broker.num.network.threads = 8 (STATIC_BROKER_CONFIG)
  [config] broker.num.replica.fetchers = 4 (STATIC_BROKER_CONFIG)
  [config] topic.compression.type = producer (STATIC_BROKER_CONFIG)
  [config] topic.flush.messages = 9223372036854775807 (DEFAULT_CONFIG)
  [config] topic.flush.ms = 9223372036854775807 (DEFAULT_CONFIG)
  [config] topic.max.message.bytes = 1048588 (DEFAULT_CONFIG)
  [config] topic.message.timestamp.type = CreateTime (DEFAULT_CONFIG)
  [config] topic.min.insync.replicas = 2 (DYNAMIC_TOPIC_CONFIG)
  [config] topic.retention.ms = 600000 (DYNAMIC_TOPIC_CONFIG)
  [config] topic.segment.bytes = 268435456 (DYNAMIC_TOPIC_CONFIG)
  [config] topic.unclean.leader.election.enable = false (STATIC_BROKER_CONFIG)
  [group] 22 consumers in 1 groups (k1x200-600k-g-t0 ... ), protocol consumer
  [group] t=+0.0s waiting: k1x200-600k-g-t0: local members 22/198 hold 0/200 partitions (group-wide ? members=0 assigned=0)
  [group] t=+2.0s waiting: k1x200-600k-g-t0: local members 22/198 hold 0/200 partitions (group-wide Assigning members=198 assigned=200)
  [group] t=+4.0s waiting: k1x200-600k-g-t0: local members 22/198 hold 0/200 partitions (group-wide Assigning members=198 assigned=200)
  [group] t=+6.1s waiting: k1x200-600k-g-t0: local members 22/198 hold 0/200 partitions (group-wide Reconciling members=198 assigned=2)
  [group] t=+8.1s waiting: k1x200-600k-g-t0: local members 22/198 hold 0/200 partitions (group-wide Reconciling members=198 assigned=2)
  [group] t=+10.1s waiting: k1x200-600k-g-t0: local members 22/198 hold 0/200 partitions (group-wide Reconciling members=198 assigned=2)
  [group] t=+12.1s waiting: k1x200-600k-g-t0: local members 22/198 hold 22/200 partitions (group-wide Stable members=198 assigned=200)
  [group] STABLE after 14.1s: 1 groups, 22 local members holding 22 partitions, assignEv=44 revokeEv=0 lostEv=0
  [produce] 4 clients connected to every broker with producer IDs in 0.29s; max buffered 501024 records per client
READY 1790753511493
[start] waiting 4.336s for the common start 1790753520747
[start] GO 07:32:00.747 (unix ms 1790753520747)
[07:32:10] offered=    33342/s achieved=    33322/s shed=        0/s inflight=     2 | p50=   8.03 p99=   18.82 p999=   76.29 ms | push=333200 pop=329400 lag=3800 | errs push=0 pop=0 empty=0 gor=231 | ack=    32932/s ackErr=0 ackAvg=2.73ms | e2e p50=7.65 p99=18.30 p999=78.34 n=329400 | e2e_local p50=8.26 p99=18.56 n=109700
[07:32:20] offered=    66713/s achieved=    66643/s shed=        0/s inflight=     9 | p50=   7.78 p99=    9.66 p999=   11.46 ms | push=999600 pop=989500 lag=10100 | errs push=0 pop=0 empty=0 gor=231 | ack=    66013/s ackErr=0 ackAvg=2.33ms | e2e p50=7.33 p99=9.41 p999=11.71 n=660100 | e2e_local p50=7.90 p99=9.92 n=220200
[07:32:30] offered=    66663/s achieved=    66643/s shed=        0/s inflight=    10 | p50=   7.78 p99=   18.56 p999=   80.38 ms | push=1666100 pop=1649400 lag=16700 | errs push=0 pop=0 empty=0 gor=239 | ack=    65993/s ackErr=0 ackAvg=2.29ms | e2e p50=7.33 p99=21.12 p999=93.70 n=659900 | e2e_local p50=7.97 p99=21.89 n=219700
[07:32:40] offered=    66667/s achieved=    66727/s shed=        0/s inflight=     5 | p50=   7.71 p99=    9.54 p999=   10.18 ms | push=2333300 pop=2309300 lag=24000 | errs push=0 pop=0 empty=0 gor=238 | ack=    65997/s ackErr=0 ackAvg=2.25ms | e2e p50=7.33 p99=9.41 p999=10.18 n=660000 | e2e_local p50=7.90 p99=9.66 n=220100
[07:32:50] offered=    66639/s achieved=    66669/s shed=        0/s inflight=     2 | p50=   7.71 p99=   25.98 p999=   59.14 ms | push=3000000 pop=2969500 lag=30500 | errs push=0 pop=0 empty=0 gor=233 | ack=    66009/s ackErr=0 ackAvg=2.37ms | e2e p50=7.46 p99=25.47 p999=60.16 n=660100 | e2e_local p50=7.97 p99=22.40 n=220200
[07:33:00] offered=    66641/s achieved=    66661/s shed=        0/s inflight=     0 | p50=   7.71 p99=    9.54 p999=   15.68 ms | push=3666600 pop=3629400 lag=37200 | errs push=0 pop=0 empty=0 gor=237 | ack=    65981/s ackErr=0 ackAvg=2.35ms | e2e p50=7.39 p99=9.54 p999=20.86 n=659900 | e2e_local p50=7.97 p99=9.79 n=219700
[07:33:10] offered=    66699/s achieved=    66639/s shed=        0/s inflight=     6 | p50=   7.71 p99=   23.94 p999=   50.43 ms | push=4333000 pop=4289400 lag=43600 | errs push=0 pop=0 empty=0 gor=220 | ack=    65999/s ackErr=0 ackAvg=2.34ms | e2e p50=7.46 p99=25.47 p999=50.94 n=660000 | e2e_local p50=8.03 p99=23.17 n=220100
[info] steady window 60s (after the ramp, before the producers stopped): offered 66670/s pushed 66664/s popped 66000/s cpu 59.2% = 0.89 cores per 100k msg/s (produce+consume)
[final] offered=43336 achieved=43336 shed=0 (msgs: offered=4333600 achieved=4333600 shed=0) pushErr=0 | pushed=4333600 popped=4289900 lag=43700 | popErr=0 empty=0 | overall p50=7.78 p99=12.48 p999=54.02 ms | acked=4289900 ackErr=0 ackLag=43700 ackAvg=2.34ms | e2e p50=7.39 p99=12.74 p999=57.60 ms
load_cpu=42.0%
