pload tag=1x200-t10-9k-p7 loader=7/9 mode=batch rate=1000 msg/s batch=10 batch-max=0 max-inflight=5000 ramp=10s duration=1m10s report=10s drain=1m0s GOMAXPROCS=16 GOGC=400 seed=1790873703296427311
  offered: 1000 msg/s = 100.0 units/s (avg 10.0 msgs/unit) across 3 pacer workers (33.33 units/s each)
  topics: 1 x 200 partitions (x1x200-t10-9k..x1x200-t10-9k), entities/topic=0 (explicit partition) | picker: topics=rr entities: rr over space=22 starting at 0 [producer shard 7/9: partitions p % 9 == 7, entity j -> partition 7 + j*9]
  payload: goload jsonEvent target 256 B, avg 289.2 B raw, ~319 B stamped ({"ts":µs,"src":7,...}), pool 64x10
  consumers: 22 here (ci 154..175 of 198), poll=1000 proc-us=0 ack=async ack-inflight=256 local-src=[6 7 8]
  pulsar: url=pulsar://10.114.0.2:6650,10.114.0.3:6650,10.114.0.4:6650 admin=http://10.114.0.2:8080 ns=bench/ns sub=sub type=failover compression=lz4 batch=5ms/10 msgs/131072 B max-pending=100000/partition mem-limit=64 MB receiver-queue=1000 ack-group=100ms conns/broker=1 | feeder batches capped at -txn-size messages (whole entries per transaction) | txn: x1x200-t10-9k-in -> 22 workers (own client + TC each, NewTransaction timeout 10s, send+AckWithTxn on whole entries, txn-size 10, linger 1s) -> x1x200-t10-9k-out, 22 readers
  [admin] 2 topics with 200 partitions and subscription "sub" exist (checked in 0.0s)
  [txn] 22 workers (ci 154..175 of 198, 0 idle): each its own client + TC, a failover consumer on its partitions of x1x200-t10-9k-in, 22 producers on x1x200-t10-9k-out in all; txn-size 10, linger 1s, txn-timeout 10s; ready in 1.0s
  [consume] 22 consumers (ci 154..175 of 198), failover, partition slices (every partition exactly one consumer): 22 partition registrations here, 200 in total across all processes; idle 0 here, 0 in total; subscribed in 0.0s, settling 2s
  [produce] producer shard 7/9: 22 partitions per topic (p % 9 == 7) x 1 topics, per-partition producers created lazily on first use
READY 1790873983573
[start] waiting 9.322s for the common start 1790873999927
[start] GO 16:59:59.927 (unix ms 1790873999927)
[17:00:09] offered=      500/s achieved=      499/s shed=        0/s inflight=     1 | p50=   6.18 p99=   22.14 p999=   29.82 ms | push=4990 pop=4790 lag=200 | errs push=0 pop=0 empty=0 gor=1869 | ack=      479/s ackErr=0 ackAvg=0.00ms | e2e p50=30.85 p99=92.67 p999=101.89 n=4790 | e2e_local p50=30.59 p99=92.67 n=1320
[txn] 17:00:09 txn=      48/s msgs=      479/s avg= 10.00 msg/txn | commit p50=24.19 p99=67.07 p999=70.14 ms | aborts=0 errs=0 open=0 | in=      479/s | total txns=479 msgs=4790 aborts=0 errs=0
[17:00:19] offered=     1000/s achieved=     1001/s shed=        0/s inflight=     0 | p50=   5.60 p99=    9.15 p999=    9.54 ms | push=15000 pop=14810 lag=190 | errs push=0 pop=0 empty=0 gor=2384 | ack=     1002/s ackErr=0 ackAvg=0.00ms | e2e p50=29.06 p99=37.63 p999=38.66 n=10020 | e2e_local p50=28.80 p99=38.14 n=2760
[txn] 17:00:19 txn=     100/s msgs=     1002/s avg= 10.00 msg/txn | commit p50=22.14 p99=26.75 p999=28.29 ms | aborts=0 errs=0 open=0 | in=     1002/s | total txns=1481 msgs=14810 aborts=0 errs=0
[17:00:29] offered=     1000/s achieved=     1000/s shed=        0/s inflight=     0 | p50=   5.54 p99=    9.15 p999=    9.79 ms | push=25000 pop=24610 lag=390 | errs push=0 pop=0 empty=0 gor=2362 | ack=      980/s ackErr=0 ackAvg=0.00ms | e2e p50=29.06 p99=37.63 p999=44.80 n=9800 | e2e_local p50=29.06 p99=37.63 n=2700
[txn] 17:00:29 txn=      98/s msgs=      980/s avg= 10.00 msg/txn | commit p50=22.14 p99=26.75 p999=28.29 ms | aborts=0 errs=0 open=0 | in=      980/s | total txns=2461 msgs=24610 aborts=0 errs=0
[17:00:39] offered=     1000/s achieved=     1000/s shed=        0/s inflight=     0 | p50=   5.60 p99=    9.28 p999=    9.54 ms | push=35000 pop=34630 lag=370 | errs push=0 pop=0 empty=0 gor=2384 | ack=     1002/s ackErr=0 ackAvg=0.00ms | e2e p50=28.80 p99=37.63 p999=44.80 n=10020 | e2e_local p50=29.06 p99=37.63 n=2760
[txn] 17:00:39 txn=     100/s msgs=     1002/s avg= 10.00 msg/txn | commit p50=21.63 p99=26.50 p999=28.80 ms | aborts=0 errs=0 open=0 | in=     1002/s | total txns=3463 msgs=34630 aborts=0 errs=0
[17:00:49] offered=     1000/s achieved=      999/s shed=        0/s inflight=     1 | p50=   5.54 p99=    9.28 p999=   11.46 ms | push=44990 pop=44430 lag=560 | errs push=0 pop=0 empty=0 gor=2362 | ack=      980/s ackErr=0 ackAvg=0.00ms | e2e p50=29.06 p99=38.66 p999=40.70 n=9800 | e2e_local p50=29.06 p99=38.66 n=2700
[txn] 17:00:49 txn=      98/s msgs=      980/s avg= 10.00 msg/txn | commit p50=22.14 p99=27.26 p999=32.38 ms | aborts=0 errs=0 open=0 | in=      980/s | total txns=4443 msgs=44430 aborts=0 errs=0
[17:00:59] offered=     1000/s achieved=     1000/s shed=        0/s inflight=     1 | p50=   5.54 p99=    9.15 p999=    9.54 ms | push=54990 pop=54410 lag=580 | errs push=0 pop=0 empty=0 gor=2384 | ack=      998/s ackErr=0 ackAvg=0.00ms | e2e p50=28.80 p99=38.14 p999=44.80 n=9980 | e2e_local p50=28.80 p99=39.17 n=2760
[txn] 17:00:59 txn=     100/s msgs=     1001/s avg= 10.00 msg/txn | commit p50=21.38 p99=26.50 p999=28.03 ms | aborts=0 errs=0 open=1 | in=     1002/s | total txns=5444 msgs=54440 aborts=0 errs=0
[drain] workers and readers keep going for up to 1m0s (ends early after 3s idle; lag now 750)
[17:01:09] offered=     1000/s achieved=     1001/s shed=        0/s inflight=     0 | p50=   5.54 p99=    9.41 p999=    9.54 ms | push=65000 pop=64250 lag=750 | errs push=0 pop=0 empty=0 gor=2359 | ack=      984/s ackErr=0 ackAvg=0.00ms | e2e p50=28.80 p99=38.14 p999=43.26 n=9840 | e2e_local p50=28.54 p99=38.14 n=2700
[txn] 17:01:09 txn=      98/s msgs=      981/s avg= 10.00 msg/txn | commit p50=21.63 p99=27.26 p999=29.31 ms | aborts=0 errs=0 open=0 | in=      980/s | total txns=6425 msgs=64250 aborts=0 errs=0
[drain] idle for 3s after 3.0s: ending the drain (lag 750)
[info] txn workers: 0 re-subscriptions after an abort, 0 messages held outside a transaction at the stop (left unacked)
[info] producers created: 22 per-partition producers (shard), 0 creation errors, avg creation 12.1 ms
[info] steady window 60s (after the ramp, before the producers stopped): offered 1000/s pushed 1000/s popped 991/s cpu 18.1% = 18.10 cores per 100k msg/s (produce+consume)
[final] offered=6500 achieved=6500 shed=0 (msgs: offered=65000 achieved=65000 shed=0) pushErr=0 | pushed=65000 popped=64250 lag=750 | popErr=0 empty=0 | overall p50=5.60 p99=9.28 p999=21.89 ms | acked=64250 ackErr=0 ackLag=750 ackAvg=0.00ms | e2e p50=29.06 p99=38.66 p999=90.62 ms
load_cpu=14.1%
[txn-final] txns=6425 msgs=64250 aborts=0 errs=0 in=64250 avg=10.00 msg/txn | commit p50=22.14 p99=28.03 p999=66.05 max=70.14 ms
[ids] ledger /root/bench/runs/txn/pulsar/1x200-t10-9k/ids/p7.ids: 65000 confirmed, 0 failed, 0 unanswered
