kload tag=1x200-300k-p3 loader=3/9 mode=batch rate=33333 msg/s batch=100 batch-max=0 max-inflight=5000 ramp=10s duration=1m10s report=10s drain=0s GOMAXPROCS=16 GOGC=400 seed=1790753272379244400
  offered: 33333 msg/s = 333.3 units/s (avg 100.0 msgs/unit) across 7 pacer workers (47.62 units/s each)
  topics: 1 x 200 partitions (k1x200-300k..k1x200-300k), entities/topic=0 (explicit partition) | picker: topics=rr entities: rr over space=200 starting at 66
  payload: goload jsonEvent target 256 B, avg 289.5 B raw, ~320 B stamped ({"ts":µs,"src":3,...}), pool 64x100
  consumers: 22 here (ci 66..87 of 198), poll=1000 proc-us=0 ack=async ack-inflight=256 local-src=[3 4 5]
  kafka: brokers=10.114.0.2:9092,10.114.0.3:9092,10.114.0.4:9092 rf=3 min-isr=2 producers=4 linger=5ms compression=lz4 acks=all idempotent batch-max-bytes=1048576 | consumers: protocol=consumer fetch-max-wait=500ms fetch-min-bytes=1 fetch-max-partition-bytes=1048576 session=45s
  [topic] READY after 0.0s: 1 topics x 200 partitions, leaders + full ISR
  [config] broker.compression.type = producer (STATIC_BROKER_CONFIG)
  [config] broker.default.replication.factor = 3 (STATIC_BROKER_CONFIG)
  [config] broker.group.consumer.assignors = uniform,range (DEFAULT_CONFIG)
  [config] broker.group.coordinator.rebalance.protocols = classic,consumer,streams (DEFAULT_CONFIG)
  [config] broker.group.initial.rebalance.delay.ms = 3000 (DEFAULT_CONFIG)
  [config] broker.log.flush.interval.messages = 9223372036854775807 (DEFAULT_CONFIG)
  [config] broker.log.flush.interval.ms = <nil> (DEFAULT_CONFIG)
  [config] broker.max.incremental.fetch.session.cache.slots = 4000 (STATIC_BROKER_CONFIG)
  [config] broker.min.insync.replicas = 2 (DYNAMIC_DEFAULT_BROKER_CONFIG)
  [config] broker.num.io.threads = 16 (STATIC_BROKER_CONFIG)
  [config] broker.num.network.threads = 8 (STATIC_BROKER_CONFIG)
  [config] broker.num.replica.fetchers = 4 (STATIC_BROKER_CONFIG)
  [config] topic.compression.type = producer (STATIC_BROKER_CONFIG)
  [config] topic.flush.messages = 9223372036854775807 (DEFAULT_CONFIG)
  [config] topic.flush.ms = 9223372036854775807 (DEFAULT_CONFIG)
  [config] topic.max.message.bytes = 1048588 (DEFAULT_CONFIG)
  [config] topic.message.timestamp.type = CreateTime (DEFAULT_CONFIG)
  [config] topic.min.insync.replicas = 2 (DYNAMIC_TOPIC_CONFIG)
  [config] topic.retention.ms = 600000 (DYNAMIC_TOPIC_CONFIG)
  [config] topic.segment.bytes = 268435456 (DYNAMIC_TOPIC_CONFIG)
  [config] topic.unclean.leader.election.enable = false (STATIC_BROKER_CONFIG)
  [group] 22 consumers in 1 groups (k1x200-300k-g-t0 ... ), protocol consumer
  [group] t=+0.0s waiting: k1x200-300k-g-t0: local members 22/198 hold 0/200 partitions (group-wide ? members=0 assigned=0)
  [group] t=+2.0s waiting: k1x200-300k-g-t0: local members 22/198 hold 0/200 partitions (group-wide Assigning members=198 assigned=200)
  [group] t=+4.0s waiting: k1x200-300k-g-t0: local members 22/198 hold 0/200 partitions (group-wide Assigning members=198 assigned=200)
  [group] t=+6.0s waiting: k1x200-300k-g-t0: local members 22/198 hold 6/200 partitions (group-wide Reconciling members=198 assigned=154)
  [group] t=+8.1s waiting: k1x200-300k-g-t0: local members 22/198 hold 6/200 partitions (group-wide Reconciling members=198 assigned=154)
  [group] t=+10.1s waiting: k1x200-300k-g-t0: local members 22/198 hold 6/200 partitions (group-wide Reconciling members=198 assigned=154)
  [group] t=+12.1s waiting: k1x200-300k-g-t0: local members 22/198 hold 22/200 partitions (group-wide Stable members=198 assigned=200)
  [group] STABLE after 14.1s: 1 groups, 22 local members holding 22 partitions, assignEv=44 revokeEv=0 lostEv=0
  [produce] 4 clients connected to every broker with producer IDs in 0.30s; max buffered 501024 records per client
READY 1790753284590
[start] waiting 4.216s for the common start 1790753294523
[start] GO 07:28:14.523 (unix ms 1790753294523)
[07:28:24] offered=    16660/s achieved=    16640/s shed=        0/s inflight=     2 | p50=   8.26 p99=   15.94 p999=   65.28 ms | push=166400 pop=164900 lag=1500 | errs push=0 pop=0 empty=0 gor=221 | ack=    16490/s ackErr=0 ackAvg=2.30ms | e2e p50=6.82 p99=12.61 p999=62.72 n=164900 | e2e_local p50=8.26 p99=14.14 n=54600
[07:28:34] offered=    33330/s achieved=    33340/s shed=        0/s inflight=     1 | p50=   7.90 p99=    9.54 p999=   12.10 ms | push=499800 pop=494800 lag=5000 | errs push=0 pop=0 empty=0 gor=221 | ack=    32990/s ackErr=0 ackAvg=2.08ms | e2e p50=6.50 p99=9.28 p999=10.82 n=329900 | e2e_local p50=7.90 p99=9.54 n=110300
[07:28:44] offered=    33338/s achieved=    33328/s shed=        0/s inflight=     2 | p50=   7.90 p99=    9.54 p999=   12.99 ms | push=833100 pop=824900 lag=8200 | errs push=0 pop=0 empty=0 gor=221 | ack=    33008/s ackErr=0 ackAvg=2.03ms | e2e p50=6.62 p99=9.15 p999=11.97 n=330100 | e2e_local p50=7.90 p99=9.41 n=109300
[07:28:54] offered=    33340/s achieved=    33320/s shed=        0/s inflight=     4 | p50=   7.90 p99=    9.41 p999=   10.18 ms | push=1166300 pop=1154900 lag=11400 | errs push=0 pop=0 empty=0 gor=221 | ack=    33000/s ackErr=0 ackAvg=2.01ms | e2e p50=6.75 p99=9.15 p999=9.92 n=330000 | e2e_local p50=7.97 p99=9.41 n=110400
[07:29:04] offered=    33331/s achieved=    33331/s shed=        0/s inflight=     4 | p50=   7.97 p99=    9.54 p999=   11.20 ms | push=1499600 pop=1484800 lag=14800 | errs push=0 pop=0 empty=0 gor=227 | ack=    32991/s ackErr=0 ackAvg=2.00ms | e2e p50=6.94 p99=9.28 p999=9.92 n=329900 | e2e_local p50=7.97 p99=9.54 n=110300
[07:29:14] offered=    33329/s achieved=    33349/s shed=        0/s inflight=     3 | p50=   7.97 p99=   13.38 p999=  132.10 ms | push=1833100 pop=1814900 lag=18200 | errs push=0 pop=0 empty=0 gor=223 | ack=    33009/s ackErr=0 ackAvg=2.00ms | e2e p50=7.07 p99=15.17 p999=144.38 n=330100 | e2e_local p50=7.97 p99=15.17 n=109300
[07:29:24] offered=    33329/s achieved=    33339/s shed=        0/s inflight=     1 | p50=   7.97 p99=    9.54 p999=   41.22 ms | push=2166500 pop=2144900 lag=21600 | errs push=0 pop=0 empty=0 gor=217 | ack=    32989/s ackErr=0 ackAvg=2.01ms | e2e p50=7.14 p99=9.28 p999=26.50 n=330000 | e2e_local p50=7.97 p99=9.41 n=110400
[info] steady window 60s (after the ramp, before the producers stopped): offered 33333/s pushed 33335/s popped 33000/s cpu 33.1% = 0.99 cores per 100k msg/s (produce+consume)
[final] offered=21666 achieved=21666 shed=0 (msgs: offered=2166600 achieved=2166600 shed=0) pushErr=0 | pushed=2166600 popped=2145000 lag=21600 | popErr=0 empty=0 | overall p50=7.97 p99=9.79 p999=46.85 ms | acked=2145000 ackErr=0 ackLag=21600 ackAvg=2.01ms | e2e p50=6.88 p99=9.41 p999=54.02 ms
load_cpu=23.6%
