kload tag=1x1000-1000k-e1m-p1 loader=1/9 mode=batch rate=111111 msg/s batch=100 batch-max=0 max-inflight=5000 ramp=10s duration=1m10s report=10s drain=0s GOMAXPROCS=16 GOGC=400 seed=1790858290061975280
  offered: 111111 msg/s = 1111.1 units/s (avg 100.0 msgs/unit) across 23 pacer workers (48.31 units/s each)
  topics: 1 x 1000 partitions (r1x1000-1000k-e1m..r1x1000-1000k-e1m), entities/topic=1000000 (key e<id>, system key partitioner) | picker: topics=rr entities: rr over space=1000000 starting at 111111
  payload: goload jsonEvent target 256 B, avg 289.6 B raw, ~320 B stamped ({"ts":µs,"src":1,...}), pool 64x100
  consumers: 33 here (ci 33..65 of 297), poll=1000 proc-us=0 ack=async ack-inflight=256 local-src=[0 1 2]
  kafka: brokers=10.114.0.2:9092,10.114.0.3:9092,10.114.0.4:9092 rf=3 min-isr=0 producers=4 linger=5ms compression=lz4 acks=all idempotent batch-max-bytes=1048576 | consumers: protocol=classic fetch-max-wait=500ms fetch-min-bytes=1 fetch-max-partition-bytes=1048576 session=45s
  [topic] READY after 0.0s: 1 topics x 1000 partitions, leaders + full ISR
  [config] broker.default.replication.factor = 3 (STATIC_BROKER_CONFIG)
  [config] topic.compression.type = producer (DEFAULT_CONFIG)
  [config] topic.flush.ms = 100 (DEFAULT_CONFIG)
  [config] topic.max.message.bytes = 16777216 (DEFAULT_CONFIG)
  [config] topic.message.timestamp.type = CreateTime (DEFAULT_CONFIG)
  [config] topic.retention.ms = 600000 (DYNAMIC_TOPIC_CONFIG)
  [config] topic.segment.bytes = 268435456 (DYNAMIC_TOPIC_CONFIG)
  [group] 33 consumers in 1 groups (r1x1000-1000k-e1m-g-t0 ... ), protocol classic
  [group] t=+2.0s waiting: r1x1000-1000k-e1m-g-t0: local members 33/297 hold 0/1000 partitions (group-wide PreparingRebalance members=123 assigned=0)
  [group] t=+4.0s waiting: r1x1000-1000k-e1m-g-t0: local members 33/297 hold 0/1000 partitions (group-wide PreparingRebalance members=297 assigned=0)
  [group] t=+6.0s waiting: r1x1000-1000k-e1m-g-t0: local members 33/297 hold 0/1000 partitions (group-wide PreparingRebalance members=297 assigned=0)
  [group] t=+8.0s waiting: r1x1000-1000k-e1m-g-t0: local members 33/297 hold 108/1000 partitions (group-wide PreparingRebalance members=297 assigned=0)
  [group] t=+10.0s waiting: r1x1000-1000k-e1m-g-t0: local members 33/297 hold 108/1000 partitions (group-wide Stable members=297 assigned=1000)
  [group] STABLE after 11.1s: 1 groups, 33 local members holding 108 partitions, assignEv=33 revokeEv=0 lostEv=0
  [produce] 4 clients connected to every broker with producer IDs in 0.03s; max buffered 501024 records per client
READY 1790858283614
[start] waiting 9.438s for the common start 1790858332606
[start] GO 12:38:52.606 (unix ms 1790858332606)
[12:39:02] offered=    55540/s achieved=    55280/s shed=        0/s inflight=    24 | p50=  12.35 p99=  140.29 p999=  272.38 ms | push=552800 pop=543700 lag=9100 | errs push=0 pop=0 empty=0 gor=701 | ack=    50010/s ackErr=0 ackAvg=129.17ms | e2e p50=14.02 p99=193.54 p999=329.73 n=543700 | e2e_local p50=14.40 p99=177.15 n=179600
[12:39:12] offered=   111102/s achieved=   111132/s shed=        0/s inflight=    23 | p50=  14.53 p99=  130.56 p999=  250.88 ms | push=1664200 pop=1597100 lag=67100 | errs push=0 pop=0 empty=0 gor=663 | ack=   104095/s ackErr=0 ackAvg=274.20ms | e2e p50=56.58 p99=216.06 p999=296.96 n=1053400 | e2e_local p50=57.09 p99=214.02 n=353000
[12:39:22] offered=   111099/s achieved=   111169/s shed=        0/s inflight=    15 | p50=  15.04 p99=  134.14 p999=  276.48 ms | push=2775800 pop=2697700 lag=78100 | errs push=0 pop=0 empty=0 gor=700 | ack=   110606/s ackErr=0 ackAvg=322.50ms | e2e p50=68.10 p99=246.78 p999=301.06 n=1100600 | e2e_local p50=67.07 p99=244.74 n=370400
[12:39:32] offered=   111120/s achieved=   111010/s shed=        0/s inflight=    27 | p50=  14.27 p99=  140.29 p999=  309.25 ms | push=3885900 pop=3764200 lag=121700 | errs push=0 pop=0 empty=0 gor=689 | ack=   106730/s ackErr=0 ackAvg=338.43ms | e2e p50=55.55 p99=220.16 p999=284.67 n=1066500 | e2e_local p50=57.60 p99=222.21 n=351600
[12:39:42] offered=   111125/s achieved=   111285/s shed=        0/s inflight=    12 | p50=  13.89 p99=  127.49 p999=  195.58 ms | push=4998800 pop=4845800 lag=153000 | errs push=0 pop=0 empty=0 gor=710 | ack=   108065/s ackErr=0 ackAvg=354.66ms | e2e p50=69.12 p99=257.02 p999=317.44 n=1081600 | e2e_local p50=69.12 p99=259.07 n=355600
[12:39:52] offered=   111118/s achieved=   110748/s shed=        0/s inflight=    48 | p50=  15.30 p99=  164.86 p999=  284.67 ms | push=6106300 pop=5915460 lag=190840 | errs push=0 pop=0 empty=0 gor=692 | ack=   106539/s ackErr=0 ackAvg=360.25ms | e2e p50=58.11 p99=242.69 p999=329.73 n=1069660 | e2e_local p50=57.60 p99=246.78 n=351700
[12:40:02] offered=   111109/s achieved=   111209/s shed=        0/s inflight=    38 | p50=  14.40 p99=  226.30 p999=  317.44 ms | push=7218400 pop=6987100 lag=231300 | errs push=0 pop=0 empty=0 gor=665 | ack=   106989/s ackErr=0 ackAvg=371.39ms | e2e p50=76.29 p99=325.63 p999=423.94 n=1071640 | e2e_local p50=76.29 p99=321.54 n=357200
[info] steady window 60s (after the ramp, before the producers stopped): offered 111112/s pushed 111092/s popped 107389/s cpu 73.1% = 0.66 cores per 100k msg/s (produce+consume)
[final] offered=72222 achieved=72222 shed=0 (msgs: offered=7222200 achieved=7222200 shed=0) pushErr=0 | pushed=7222200 popped=6995700 lag=226500 | popErr=0 empty=0 | overall p50=14.40 p99=150.53 p999=296.96 ms | acked=6989100 ackErr=0 ackLag=233100 ackAvg=374.92ms | e2e p50=59.65 p99=248.83 p999=370.69 ms
load_cpu=38.9%
