[2026-09-30T07:45:11Z] run 1x2000-1000k: start: rate=1000000 over N=9 processes (3 loader hosts x 3) = 111111 msg/s each; 1 topic(s) x 2000 partitions (2000 total), entities=0 mode=batch batch=100 consumers=33/process (297 total) warm=1 profile=default PROFILE=vm out=/Users/alice/Work/queen/benchmark-queen/2026-09-30-kafka-pulsar/runs/kafka/1x2000-1000k
[2026-09-30T07:45:11Z] run 1x2000-1000k: note: 1000000 is not divisible by 9; offering 999999 msg/s
[2026-09-30T07:45:16Z] run 1x2000-1000k: 1. cluster reset (profile default, PARTS=2000)
    [2026-09-30T07:45:27Z] cluster: healthy in 11s: cluster id yoyjm_XQTPTgD2A40fb8hA
      n1 node=1 alive=1 leader=3 voters=3 unfenced=3 fenced=0 maxlag=0
      n2 node=2 alive=1 leader=3 voters=3 unfenced=3 fenced=0 maxlag=0
      n3 node=3 alive=1 leader=3 voters=3 unfenced=3 fenced=0 maxlag=0
    [2026-09-30T07:45:28Z] cluster: versions (conf_hash must be equal: nodes differ only in node.id + listener IPs)
      n1 node=1 kafka=4.3.1 java="openjdk version "21.0.12.1" 2026-08-18" profile=default PROFILE=vm conf_hash=df306073 pid=41543 jvm=[-Xms6g -Xmx6g -XX:+UseG1GC -XX:MaxGCPauseMillis=20 -XX:InitiatingHeapOccupancyPercent=35 -XX:+AlwaysPreTouch] nofile=1048576
      n2 node=2 kafka=4.3.1 java="openjdk version "21.0.12.1" 2026-08-18" profile=default PROFILE=vm conf_hash=df306073 pid=38434 jvm=[-Xms6g -Xmx6g -XX:+UseG1GC -XX:MaxGCPauseMillis=20 -XX:InitiatingHeapOccupancyPercent=35 -XX:+AlwaysPreTouch] nofile=1048576
      n3 node=3 kafka=4.3.1 java="openjdk version "21.0.12.1" 2026-08-18" profile=default PROFILE=vm conf_hash=df306073 pid=40340 jvm=[-Xms6g -Xmx6g -XX:+UseG1GC -XX:MaxGCPauseMillis=20 -XX:InitiatingHeapOccupancyPercent=35 -XX:+AlwaysPreTouch] nofile=1048576
    [2026-09-30T07:45:30Z] cluster: features: eligible.leader.replicas.version=1 group.version=1 kraft.version=0 metadata.version=4.3-IV0 share.version=1 streams.version=1 transaction.version=2 
[2026-09-30T07:45:31Z] run 1x2000-1000k: 2. samplers start (kafka-1x2000-1000k, every 2s) on 3 brokers + 3 loader hosts
[2026-09-30T07:45:32Z] run 1x2000-1000k: 3. create 1 topic(s) x 2000 partitions, RF 3, min.insync 2, warm on loader 1
      [config] broker.num.network.threads = 8 (STATIC_BROKER_CONFIG)
      [config] broker.num.replica.fetchers = 4 (STATIC_BROKER_CONFIG)
      [config] topic.compression.type = producer (STATIC_BROKER_CONFIG)
      [config] topic.flush.messages = 9223372036854775807 (DEFAULT_CONFIG)
      [config] topic.flush.ms = 9223372036854775807 (DEFAULT_CONFIG)
      [config] topic.max.message.bytes = 1048588 (DEFAULT_CONFIG)
      [config] topic.message.timestamp.type = CreateTime (DEFAULT_CONFIG)
      [config] topic.min.insync.replicas = 2 (DYNAMIC_TOPIC_CONFIG)
      [config] topic.retention.ms = 600000 (DYNAMIC_TOPIC_CONFIG)
      [config] topic.segment.bytes = 268435456 (DYNAMIC_TOPIC_CONFIG)
      [config] topic.unclean.leader.election.enable = false (STATIC_BROKER_CONFIG)
    [create] done: 1 topics x 2000 partitions ready
[2026-09-30T07:45:42Z] run 1x2000-1000k:    topics ready after 31s since start
    node=1 rss_MB=6540 threads=162 maps=4752 fds=2221 data_MB=32 part_dirs=2001 gc_pauses=11 gc_max_ms=12.284 gc_sum_ms=51 errors=0 warns=3 isr_shrinks=0 isr_updates=0 errors_since_mark=0 isr_shrinks_since_mark=0 isr_updates_since_mark=0 mark='none' uptime_s=20
    node=2 rss_MB=6627 threads=162 maps=4756 fds=2221 data_MB=32 part_dirs=2001 gc_pauses=11 gc_max_ms=15.049 gc_sum_ms=61 errors=0 warns=2 isr_shrinks=0 isr_updates=0 errors_since_mark=0 isr_shrinks_since_mark=0 isr_updates_since_mark=0 mark='none' uptime_s=20
    node=3 rss_MB=6558 threads=161 maps=4759 fds=2230 data_MB=32 part_dirs=2001 gc_pauses=11 gc_max_ms=12.152 gc_sum_ms=50 errors=0 warns=9 isr_shrinks=0 isr_updates=0 errors_since_mark=0 isr_shrinks_since_mark=0 isr_updates_since_mark=0 mark='none' uptime_s=20
[2026-09-30T07:45:42Z] run 1x2000-1000k: 4. launch 9 kload processes
    launched 3 4 5 on queen-loader-02
    launched 6 7 8 on queen-loader-03
    launched 0 1 2 on queen-loader-01
[2026-09-30T07:45:53Z] run 1x2000-1000k:    READY 0/9
[2026-09-30T07:46:09Z] run 1x2000-1000k:    all 9 READY after 58s since start
[2026-09-30T07:46:11Z] run 1x2000-1000k: 5. start instant 1790754376408 (loader-1 clock + 5s) written to 9 start files; producing 70s (ramp 10s)
[2026-09-30T07:46:19Z] run 1x2000-1000k:    0/9 exited | p0: 
[2026-09-30T07:46:55Z] run 1x2000-1000k:    0/9 exited | p0: [07:46:46] offered=   111119/s achieved=   111109/s shed=        0/s inflight=    14 | p50=   9.02 p99=   19.58 p999=   73.22 ms | push=2776500 pop=2811900 lag=-35400 | errs push=0 pop=0 empty=0 gor=5
[2026-09-30T07:47:25Z] run 1x2000-1000k:    0/9 exited | p0: [07:47:16] offered=   111112/s achieved=   111102/s shed=        0/s inflight=     9 | p50=   9.02 p99=  158.72 p999=  284.67 ms | push=6110200 pop=6186300 lag=-76100 | errs push=0 pop=0 empty=0 gor=5
[2026-09-30T07:47:32Z] run 1x2000-1000k:    load finished after 141s since start
[2026-09-30T07:47:32Z] run 1x2000-1000k: 6. collect
    node=1 rss_MB=6720 threads=162 maps=4864 fds=2272 data_MB=9084 part_dirs=2051 gc_pauses=71 gc_max_ms=12.284 gc_sum_ms=479 errors=0 warns=5 isr_shrinks=0 isr_updates=0 errors_since_mark=0 isr_shrinks_since_mark=0 isr_updates_since_mark=0 mark='2026-09-30 07:46:10' uptime_s=131
    node=2 rss_MB=6777 threads=163 maps=4861 fds=2272 data_MB=9085 part_dirs=2051 gc_pauses=64 gc_max_ms=15.049 gc_sum_ms=416 errors=0 warns=4 isr_shrinks=0 isr_updates=0 errors_since_mark=0 isr_shrinks_since_mark=0 isr_updates_since_mark=0 mark='2026-09-30 07:46:10' uptime_s=131
    node=3 rss_MB=6683 threads=162 maps=4864 fds=2281 data_MB=9086 part_dirs=2051 gc_pauses=69 gc_max_ms=29.020 gc_sum_ms=423 errors=0 warns=9 isr_shrinks=0 isr_updates=0 errors_since_mark=0 isr_shrinks_since_mark=0 isr_updates_since_mark=0 mark='2026-09-30 07:46:10' uptime_s=131
[2026-09-30T07:47:48Z] run 1x2000-1000k:    collected 1.8M into /Users/alice/Work/queen/benchmark-queen/2026-09-30-kafka-pulsar/runs/kafka/1x2000-1000k
    p0: msgs offered=7222100 achieved=7222100 shed=0 pushed=7222100 popped=7312500 lag=-90400 errs push=0 pop=0 ack=0 | produce p50/p99/p999=9.15/23.42/211.97 ms | e2e p50/p99/p999=9.41/23.94/238.59 ms | cpu=63.0%
    p1: msgs offered=7222400 achieved=7222400 shed=0 pushed=7222400 popped=7279900 lag=-57500 errs push=0 pop=0 ack=0 | produce p50/p99/p999=9.02/25.98/211.97 ms | e2e p50/p99/p999=9.28/27.52/220.16 ms | cpu=63.0%
    p2: msgs offered=7222200 achieved=7222200 shed=0 pushed=7222200 popped=7247700 lag=-25500 errs push=0 pop=0 ack=0 | produce p50/p99/p999=9.15/25.47/220.16 ms | e2e p50/p99/p999=9.28/27.01/201.73 ms | cpu=62.4%
    p3: msgs offered=7222000 achieved=7222000 shed=0 pushed=7222000 popped=7149800 lag=72200 errs push=0 pop=0 ack=0 | produce p50/p99/p999=9.15/25.47/222.21 ms | e2e p50/p99/p999=8.90/25.98/218.11 ms | cpu=65.2%
    p4: msgs offered=7222100 achieved=7222100 shed=0 pushed=7222100 popped=7085000 lag=137100 errs push=0 pop=0 ack=0 | produce p50/p99/p999=9.15/24.70/226.30 ms | e2e p50/p99/p999=8.90/24.19/189.44 ms | cpu=64.6%
    p5: msgs offered=7222200 achieved=7222200 shed=0 pushed=7222200 popped=7150000 lag=72200 errs push=0 pop=0 ack=0 | produce p50/p99/p999=9.15/25.22/214.02 ms | e2e p50/p99/p999=8.90/22.40/209.92 ms | cpu=64.7%
    p6: msgs offered=7222300 achieved=7222300 shed=0 pushed=7222300 popped=7247100 lag=-24800 errs push=0 pop=0 ack=0 | produce p50/p99/p999=9.02/24.19/222.21 ms | e2e p50/p99/p999=9.41/27.26/234.50 ms | cpu=63.1%
    p7: msgs offered=7222100 achieved=7222100 shed=0 pushed=7222100 popped=7247500 lag=-25400 errs push=0 pop=0 ack=0 | produce p50/p99/p999=9.15/23.94/211.97 ms | e2e p50/p99/p999=9.41/23.17/214.02 ms | cpu=63.3%
    p8: msgs offered=7222100 achieved=7222100 shed=0 pushed=7222100 popped=7280000 lag=-57900 errs push=0 pop=0 ack=0 | produce p50/p99/p999=9.15/24.70/209.92 ms | e2e p50/p99/p999=9.41/25.98/211.97 ms | cpu=63.1%
    total: 9/9 processes with a final line | msgs offered=64999500 achieved=64999500 shed=0 pushed=64999500 popped=64999500 errors=0 | worst produce p99=25.98 ms | worst e2e p99=27.52 ms
[2026-09-30T07:47:50Z] run 1x2000-1000k:    stopping the cluster (data kept until the next reset)
[2026-09-30T07:47:58Z] run 1x2000-1000k: DONE in 167s -> /Users/alice/Work/queen/benchmark-queen/2026-09-30-kafka-pulsar/runs/kafka/1x2000-1000k
