kload tag=c3-1x200-1500k-p6 loader=6/9 mode=batch rate=166666 msg/s batch=100 batch-max=0 max-inflight=5000 ramp=10s duration=1m10s report=10s drain=0s GOMAXPROCS=16 GOGC=400 seed=1790896429947991286
  offered: 166666 msg/s = 1666.7 units/s (avg 100.0 msgs/unit) across 34 pacer workers (49.02 units/s each)
  topics: 1 x 200 partitions (kc3-1x200-1500k..kc3-1x200-1500k), entities/topic=0 (explicit partition) | picker: topics=rr entities: rr over space=200 starting at 133
  payload: goload jsonEvent target 256 B, avg 289.5 B raw, ~320 B stamped ({"ts":µs,"src":6,...}), pool 64x100
  consumers: 22 here (ci 132..153 of 198), poll=1000 proc-us=0 ack=async ack-inflight=256 local-src=[6 7 8]
  kafka: brokers=10.114.0.2:9092,10.114.0.3:9092,10.114.0.4:9092 rf=3 min-isr=2 producers=4 linger=5ms compression=lz4 acks=all idempotent batch-max-bytes=1048576 | consumers: protocol=classic fetch-max-wait=500ms fetch-min-bytes=1 fetch-max-partition-bytes=1048576 session=45s
  [topic] READY after 0.0s: 1 topics x 200 partitions, leaders + full ISR
  [config] broker.compression.type = producer (DEFAULT_CONFIG)
  [config] broker.group.initial.rebalance.delay.ms = 3000 (STATIC_BROKER_CONFIG)
  [config] topic.min.insync.replicas = 1 (DYNAMIC_TOPIC_CONFIG)
  [config] topic.retention.ms = 600000 (DYNAMIC_TOPIC_CONFIG)
  [group] 22 consumers in 1 groups (kc3-1x200-1500k-g-t0 ... ), protocol classic
  [group] t=+0.0s waiting: kc3-1x200-1500k-g-t0: local members 22/198 hold 0/200 partitions (group-wide Dead members=0 assigned=0)
  [group] t=+2.0s waiting: kc3-1x200-1500k-g-t0: local members 22/198 hold 0/200 partitions (group-wide PreparingRebalance members=198 assigned=0)
  [group] t=+4.0s waiting: kc3-1x200-1500k-g-t0: local members 22/198 hold 0/200 partitions (group-wide PreparingRebalance members=198 assigned=0)
  [group] t=+6.0s waiting: kc3-1x200-1500k-g-t0: local members 22/198 hold 22/200 partitions (group-wide Stable members=198 assigned=200)
  [group] t=+8.0s waiting: kc3-1x200-1500k-g-t0: local members 22/198 hold 22/200 partitions (group-wide Stable members=198 assigned=200)
  [group] STABLE after 9.0s: 1 groups, 22 local members holding 22 partitions, assignEv=22 revokeEv=0 lostEv=0
  [produce] 4 clients connected to every broker with producer IDs in 0.01s; max buffered 501024 records per client
READY 1790896135757
[start] waiting 9.303s for the common start 1790896151888
[start] GO 23:09:11.888 (unix ms 1790896151888)
[23:09:21] offered=    83304/s achieved=    81634/s shed=        0/s inflight=   168 | p50=  21.12 p99=  102.91 p999=  127.49 ms | push=816300 pop=788100 lag=28200 | errs push=0 pop=0 empty=0 gor=536 | ack=    66983/s ackErr=0 ackAvg=124.98ms | e2e p50=22.91 p99=197.63 p999=222.21 n=788100 | e2e_local p50=22.66 p99=195.58 n=264000
[23:09:31] offered=   166664/s achieved=   166864/s shed=        0/s inflight=   145 | p50=  76.29 p99=  189.44 p999=  234.50 ms | push=2484900 pop=2450100 lag=34800 | errs push=0 pop=0 empty=0 gor=538 | ack=   164554/s ackErr=0 ackAvg=377.55ms | e2e p50=175.10 p99=337.92 p999=403.46 n=1662000 | e2e_local p50=173.06 p99=333.82 n=554100
[23:09:41] offered=   166688/s achieved=   166718/s shed=        0/s inflight=   144 | p50=  68.10 p99=  136.19 p999=  158.72 ms | push=4152200 pop=4098100 lag=54100 | errs push=0 pop=0 empty=0 gor=532 | ack=   163648/s ackErr=0 ackAvg=489.65ms | e2e p50=164.86 p99=268.29 p999=296.96 n=1648000 | e2e_local p50=164.86 p99=264.19 n=548100
[23:09:51] offered=   166681/s achieved=   166391/s shed=        0/s inflight=   173 | p50=  79.36 p99=  152.58 p999=  179.20 ms | push=5816000 pop=5742200 lag=73800 | errs push=0 pop=0 empty=0 gor=532 | ack=   164131/s ackErr=0 ackAvg=560.84ms | e2e p50=181.25 p99=296.96 p999=325.63 n=1644100 | e2e_local p50=183.30 p99=296.96 n=548200
[23:10:01] offered=   166675/s achieved=   166905/s shed=        0/s inflight=   150 | p50=  76.29 p99=  156.67 p999=  183.30 ms | push=7485100 pop=7395800 lag=89300 | errs push=0 pop=0 empty=0 gor=533 | ack=   164475/s ackErr=0 ackAvg=605.33ms | e2e p50=177.15 p99=292.86 p999=321.54 n=1653600 | e2e_local p50=177.15 p99=296.96 n=552000
[23:10:11] offered=   166633/s achieved=   166863/s shed=        0/s inflight=   127 | p50=  74.24 p99=  152.58 p999=  181.25 ms | push=9153800 pop=9051800 lag=102000 | errs push=0 pop=0 empty=0 gor=546 | ack=   166703/s ackErr=0 ackAvg=636.79ms | e2e p50=173.06 p99=280.58 p999=309.25 n=1656000 | e2e_local p50=171.01 p99=276.48 n=550300
[23:10:21] offered=   166647/s achieved=   166677/s shed=        0/s inflight=   124 | p50=  84.48 p99=  162.82 p999=  246.78 ms | push=10820600 pop=10695500 lag=125100 | errs push=0 pop=0 empty=0 gor=507 | ack=   163947/s ackErr=0 ackAvg=665.34ms | e2e p50=193.54 p99=301.06 p999=358.40 n=1643700 | e2e_local p50=191.49 p99=305.15 n=548800
[info] steady window 60s (after the ramp, before the producers stopped): offered 166665/s pushed 166737/s popped 165122/s cpu 67.1% = 0.40 cores per 100k msg/s (produce+consume)
[final] offered=108330 achieved=108330 shed=0 (msgs: offered=10833000 achieved=10833000 shed=0) pushErr=0 | pushed=10833000 popped=10711700 lag=121300 | popErr=0 empty=0 | overall p50=73.22 p99=158.72 p999=207.87 ms | acked=10701000 ackErr=0 ackLag=132000 ackAvg=663.80ms | e2e p50=173.06 p99=296.96 p999=354.30 ms
load_cpu=48.7%
