== low-50/s64-r1: --queen-storage raft --sample-interval 1.0 --timeout 3600 --engines queen-rust --runs 1 --queen-prefetch 4 --profile fixed --queen-partitions 64 --queen-prefork 1 --queen-opcache-cli 1 --queen-lease-service 1 --queen-ack-async 1 --queen-pop-ahead 1 --workers 16 --dispatch-mode single --dispatch-rate 50 --jobs 6000  (15:27:17)
== low-50/s64-r1 exit 0 (15:29:43)
== paced-500/s64-r1: --queen-storage raft --sample-interval 1.0 --timeout 3600 --engines queen-rust --runs 1 --queen-prefetch 4 --profile fixed --queen-partitions 64 --queen-prefork 1 --queen-opcache-cli 1 --queen-lease-service 1 --queen-ack-async 1 --queen-pop-ahead 1 --workers 16 --dispatch-mode single --dispatch-rate 500 --jobs 30000 --no-build (15:29:43)
== paced-500/s64-r1 exit 0 (15:31:02)
== drain-64/s64-r1: --queen-storage raft --sample-interval 1.0 --timeout 3600 --engines queen-rust --runs 1 --queen-prefetch 4 --profile fixed --queen-partitions 64 --queen-prefork 1 --queen-opcache-cli 1 --queen-lease-service 1 --queen-ack-async 1 --queen-pop-ahead 1 --workers 64 --dispatch-mode bulk --jobs 50000 --backlog-first 1 --no-build (15:31:02)
== drain-64/s64-r1 exit 0 (15:31:41)
== drain-128/s64-r1: --queen-storage raft --sample-interval 1.0 --timeout 3600 --engines queen-rust --runs 1 --queen-prefetch 4 --profile fixed --queen-partitions 64 --queen-prefork 1 --queen-opcache-cli 1 --queen-lease-service 1 --queen-ack-async 1 --queen-pop-ahead 1 --workers 128 --dispatch-mode bulk --jobs 50000 --backlog-first 1 --no-build (15:31:41)
== drain-128/s64-r1 exit 0 (15:32:19)
== low-50/s128-r1: --queen-storage raft --sample-interval 1.0 --timeout 3600 --engines queen-rust --runs 1 --queen-prefetch 4 --profile fixed --queen-partitions 128 --queen-prefork 1 --queen-opcache-cli 1 --queen-lease-service 1 --queen-ack-async 1 --queen-pop-ahead 1 --workers 16 --dispatch-mode single --dispatch-rate 50 --jobs 6000 --no-build (15:32:19)
== low-50/s128-r1 exit 0 (15:34:38)
== paced-500/s128-r1: --queen-storage raft --sample-interval 1.0 --timeout 3600 --engines queen-rust --runs 1 --queen-prefetch 4 --profile fixed --queen-partitions 128 --queen-prefork 1 --queen-opcache-cli 1 --queen-lease-service 1 --queen-ack-async 1 --queen-pop-ahead 1 --workers 16 --dispatch-mode single --dispatch-rate 500 --jobs 30000 --no-build (15:34:38)
== paced-500/s128-r1 exit 0 (15:35:57)
== drain-64/s128-r1: --queen-storage raft --sample-interval 1.0 --timeout 3600 --engines queen-rust --runs 1 --queen-prefetch 4 --profile fixed --queen-partitions 128 --queen-prefork 1 --queen-opcache-cli 1 --queen-lease-service 1 --queen-ack-async 1 --queen-pop-ahead 1 --workers 64 --dispatch-mode bulk --jobs 50000 --backlog-first 1 --no-build (15:35:57)
== drain-64/s128-r1 exit 0 (15:36:33)
== drain-128/s128-r1: --queen-storage raft --sample-interval 1.0 --timeout 3600 --engines queen-rust --runs 1 --queen-prefetch 4 --profile fixed --queen-partitions 128 --queen-prefork 1 --queen-opcache-cli 1 --queen-lease-service 1 --queen-ack-async 1 --queen-pop-ahead 1 --workers 128 --dispatch-mode bulk --jobs 50000 --backlog-first 1 --no-build (15:36:33)
== drain-128/s128-r1 exit 0 (15:37:05)
== low-50/s256-r1: --queen-storage raft --sample-interval 1.0 --timeout 3600 --engines queen-rust --runs 1 --queen-prefetch 4 --profile fixed --queen-partitions 256 --queen-prefork 1 --queen-opcache-cli 1 --queen-lease-service 1 --queen-ack-async 1 --queen-pop-ahead 1 --workers 16 --dispatch-mode single --dispatch-rate 50 --jobs 6000 --no-build (15:37:05)
== low-50/s256-r1 exit 0 (15:39:24)
== paced-500/s256-r1: --queen-storage raft --sample-interval 1.0 --timeout 3600 --engines queen-rust --runs 1 --queen-prefetch 4 --profile fixed --queen-partitions 256 --queen-prefork 1 --queen-opcache-cli 1 --queen-lease-service 1 --queen-ack-async 1 --queen-pop-ahead 1 --workers 16 --dispatch-mode single --dispatch-rate 500 --jobs 30000 --no-build (15:39:24)
== paced-500/s256-r1 exit 0 (15:40:43)
== drain-64/s256-r1: --queen-storage raft --sample-interval 1.0 --timeout 3600 --engines queen-rust --runs 1 --queen-prefetch 4 --profile fixed --queen-partitions 256 --queen-prefork 1 --queen-opcache-cli 1 --queen-lease-service 1 --queen-ack-async 1 --queen-pop-ahead 1 --workers 64 --dispatch-mode bulk --jobs 50000 --backlog-first 1 --no-build (15:40:44)
== drain-64/s256-r1 exit 0 (15:41:20)
== drain-128/s256-r1: --queen-storage raft --sample-interval 1.0 --timeout 3600 --engines queen-rust --runs 1 --queen-prefetch 4 --profile fixed --queen-partitions 256 --queen-prefork 1 --queen-opcache-cli 1 --queen-lease-service 1 --queen-ack-async 1 --queen-pop-ahead 1 --workers 128 --dispatch-mode bulk --jobs 50000 --backlog-first 1 --no-build (15:41:20)
== drain-128/s256-r1 exit 0 (15:41:51)
== low-50/s64-r2: --queen-storage raft --sample-interval 1.0 --timeout 3600 --engines queen-rust --runs 1 --queen-prefetch 4 --profile fixed --queen-partitions 64 --queen-prefork 1 --queen-opcache-cli 1 --queen-lease-service 1 --queen-ack-async 1 --queen-pop-ahead 1 --workers 16 --dispatch-mode single --dispatch-rate 50 --jobs 6000 --no-build (15:41:51)
== low-50/s64-r2 exit 0 (15:44:10)
== paced-500/s64-r2: --queen-storage raft --sample-interval 1.0 --timeout 3600 --engines queen-rust --runs 1 --queen-prefetch 4 --profile fixed --queen-partitions 64 --queen-prefork 1 --queen-opcache-cli 1 --queen-lease-service 1 --queen-ack-async 1 --queen-pop-ahead 1 --workers 16 --dispatch-mode single --dispatch-rate 500 --jobs 30000 --no-build (15:44:10)
== paced-500/s64-r2 exit 0 (15:45:30)
== drain-64/s64-r2: --queen-storage raft --sample-interval 1.0 --timeout 3600 --engines queen-rust --runs 1 --queen-prefetch 4 --profile fixed --queen-partitions 64 --queen-prefork 1 --queen-opcache-cli 1 --queen-lease-service 1 --queen-ack-async 1 --queen-pop-ahead 1 --workers 64 --dispatch-mode bulk --jobs 50000 --backlog-first 1 --no-build (15:45:30)
== drain-64/s64-r2 exit 0 (15:46:09)
== drain-128/s64-r2: --queen-storage raft --sample-interval 1.0 --timeout 3600 --engines queen-rust --runs 1 --queen-prefetch 4 --profile fixed --queen-partitions 64 --queen-prefork 1 --queen-opcache-cli 1 --queen-lease-service 1 --queen-ack-async 1 --queen-pop-ahead 1 --workers 128 --dispatch-mode bulk --jobs 50000 --backlog-first 1 --no-build (15:46:09)
== drain-128/s64-r2 exit 0 (15:46:47)
== low-50/s128-r2: --queen-storage raft --sample-interval 1.0 --timeout 3600 --engines queen-rust --runs 1 --queen-prefetch 4 --profile fixed --queen-partitions 128 --queen-prefork 1 --queen-opcache-cli 1 --queen-lease-service 1 --queen-ack-async 1 --queen-pop-ahead 1 --workers 16 --dispatch-mode single --dispatch-rate 50 --jobs 6000 --no-build (15:46:47)
== low-50/s128-r2 exit 0 (15:49:06)
== paced-500/s128-r2: --queen-storage raft --sample-interval 1.0 --timeout 3600 --engines queen-rust --runs 1 --queen-prefetch 4 --profile fixed --queen-partitions 128 --queen-prefork 1 --queen-opcache-cli 1 --queen-lease-service 1 --queen-ack-async 1 --queen-pop-ahead 1 --workers 16 --dispatch-mode single --dispatch-rate 500 --jobs 30000 --no-build (15:49:06)
== paced-500/s128-r2 exit 0 (15:50:26)
== drain-64/s128-r2: --queen-storage raft --sample-interval 1.0 --timeout 3600 --engines queen-rust --runs 1 --queen-prefetch 4 --profile fixed --queen-partitions 128 --queen-prefork 1 --queen-opcache-cli 1 --queen-lease-service 1 --queen-ack-async 1 --queen-pop-ahead 1 --workers 64 --dispatch-mode bulk --jobs 50000 --backlog-first 1 --no-build (15:50:26)
== drain-64/s128-r2 exit 0 (15:51:04)
== drain-128/s128-r2: --queen-storage raft --sample-interval 1.0 --timeout 3600 --engines queen-rust --runs 1 --queen-prefetch 4 --profile fixed --queen-partitions 128 --queen-prefork 1 --queen-opcache-cli 1 --queen-lease-service 1 --queen-ack-async 1 --queen-pop-ahead 1 --workers 128 --dispatch-mode bulk --jobs 50000 --backlog-first 1 --no-build (15:51:04)
== drain-128/s128-r2 exit 0 (15:51:38)
== low-50/s256-r2: --queen-storage raft --sample-interval 1.0 --timeout 3600 --engines queen-rust --runs 1 --queen-prefetch 4 --profile fixed --queen-partitions 256 --queen-prefork 1 --queen-opcache-cli 1 --queen-lease-service 1 --queen-ack-async 1 --queen-pop-ahead 1 --workers 16 --dispatch-mode single --dispatch-rate 50 --jobs 6000 --no-build (15:51:38)
== low-50/s256-r2 exit 0 (15:53:57)
== paced-500/s256-r2: --queen-storage raft --sample-interval 1.0 --timeout 3600 --engines queen-rust --runs 1 --queen-prefetch 4 --profile fixed --queen-partitions 256 --queen-prefork 1 --queen-opcache-cli 1 --queen-lease-service 1 --queen-ack-async 1 --queen-pop-ahead 1 --workers 16 --dispatch-mode single --dispatch-rate 500 --jobs 30000 --no-build (15:53:57)
== paced-500/s256-r2 exit 0 (15:55:17)
== drain-64/s256-r2: --queen-storage raft --sample-interval 1.0 --timeout 3600 --engines queen-rust --runs 1 --queen-prefetch 4 --profile fixed --queen-partitions 256 --queen-prefork 1 --queen-opcache-cli 1 --queen-lease-service 1 --queen-ack-async 1 --queen-pop-ahead 1 --workers 64 --dispatch-mode bulk --jobs 50000 --backlog-first 1 --no-build (15:55:17)
== drain-64/s256-r2 exit 0 (15:55:53)
== drain-128/s256-r2: --queen-storage raft --sample-interval 1.0 --timeout 3600 --engines queen-rust --runs 1 --queen-prefetch 4 --profile fixed --queen-partitions 256 --queen-prefork 1 --queen-opcache-cli 1 --queen-lease-service 1 --queen-ack-async 1 --queen-pop-ahead 1 --workers 128 --dispatch-mode bulk --jobs 50000 --backlog-first 1 --no-build (15:55:53)
== drain-128/s256-r2 exit 0 (15:56:24)
== low-50/s64-r3: --queen-storage raft --sample-interval 1.0 --timeout 3600 --engines queen-rust --runs 1 --queen-prefetch 4 --profile fixed --queen-partitions 64 --queen-prefork 1 --queen-opcache-cli 1 --queen-lease-service 1 --queen-ack-async 1 --queen-pop-ahead 1 --workers 16 --dispatch-mode single --dispatch-rate 50 --jobs 6000 --no-build (15:56:24)
== low-50/s64-r3 exit 0 (15:58:44)
== paced-500/s64-r3: --queen-storage raft --sample-interval 1.0 --timeout 3600 --engines queen-rust --runs 1 --queen-prefetch 4 --profile fixed --queen-partitions 64 --queen-prefork 1 --queen-opcache-cli 1 --queen-lease-service 1 --queen-ack-async 1 --queen-pop-ahead 1 --workers 16 --dispatch-mode single --dispatch-rate 500 --jobs 30000 --no-build (15:58:44)
== paced-500/s64-r3 exit 0 (16:00:03)
== drain-64/s64-r3: --queen-storage raft --sample-interval 1.0 --timeout 3600 --engines queen-rust --runs 1 --queen-prefetch 4 --profile fixed --queen-partitions 64 --queen-prefork 1 --queen-opcache-cli 1 --queen-lease-service 1 --queen-ack-async 1 --queen-pop-ahead 1 --workers 64 --dispatch-mode bulk --jobs 50000 --backlog-first 1 --no-build (16:00:03)
== drain-64/s64-r3 exit 0 (16:00:40)
== drain-128/s64-r3: --queen-storage raft --sample-interval 1.0 --timeout 3600 --engines queen-rust --runs 1 --queen-prefetch 4 --profile fixed --queen-partitions 64 --queen-prefork 1 --queen-opcache-cli 1 --queen-lease-service 1 --queen-ack-async 1 --queen-pop-ahead 1 --workers 128 --dispatch-mode bulk --jobs 50000 --backlog-first 1 --no-build (16:00:40)
== drain-128/s64-r3 exit 0 (16:01:15)
== low-50/s128-r3: --queen-storage raft --sample-interval 1.0 --timeout 3600 --engines queen-rust --runs 1 --queen-prefetch 4 --profile fixed --queen-partitions 128 --queen-prefork 1 --queen-opcache-cli 1 --queen-lease-service 1 --queen-ack-async 1 --queen-pop-ahead 1 --workers 16 --dispatch-mode single --dispatch-rate 50 --jobs 6000 --no-build (16:01:15)
== low-50/s128-r3 exit 0 (16:03:35)
== paced-500/s128-r3: --queen-storage raft --sample-interval 1.0 --timeout 3600 --engines queen-rust --runs 1 --queen-prefetch 4 --profile fixed --queen-partitions 128 --queen-prefork 1 --queen-opcache-cli 1 --queen-lease-service 1 --queen-ack-async 1 --queen-pop-ahead 1 --workers 16 --dispatch-mode single --dispatch-rate 500 --jobs 30000 --no-build (16:03:35)
== paced-500/s128-r3 exit 0 (16:04:54)
== drain-64/s128-r3: --queen-storage raft --sample-interval 1.0 --timeout 3600 --engines queen-rust --runs 1 --queen-prefetch 4 --profile fixed --queen-partitions 128 --queen-prefork 1 --queen-opcache-cli 1 --queen-lease-service 1 --queen-ack-async 1 --queen-pop-ahead 1 --workers 64 --dispatch-mode bulk --jobs 50000 --backlog-first 1 --no-build (16:04:54)
== drain-64/s128-r3 exit 0 (16:05:32)
== drain-128/s128-r3: --queen-storage raft --sample-interval 1.0 --timeout 3600 --engines queen-rust --runs 1 --queen-prefetch 4 --profile fixed --queen-partitions 128 --queen-prefork 1 --queen-opcache-cli 1 --queen-lease-service 1 --queen-ack-async 1 --queen-pop-ahead 1 --workers 128 --dispatch-mode bulk --jobs 50000 --backlog-first 1 --no-build (16:05:32)
== drain-128/s128-r3 exit 0 (16:06:05)
== low-50/s256-r3: --queen-storage raft --sample-interval 1.0 --timeout 3600 --engines queen-rust --runs 1 --queen-prefetch 4 --profile fixed --queen-partitions 256 --queen-prefork 1 --queen-opcache-cli 1 --queen-lease-service 1 --queen-ack-async 1 --queen-pop-ahead 1 --workers 16 --dispatch-mode single --dispatch-rate 50 --jobs 6000 --no-build (16:06:05)
== low-50/s256-r3 exit 0 (16:08:24)
== paced-500/s256-r3: --queen-storage raft --sample-interval 1.0 --timeout 3600 --engines queen-rust --runs 1 --queen-prefetch 4 --profile fixed --queen-partitions 256 --queen-prefork 1 --queen-opcache-cli 1 --queen-lease-service 1 --queen-ack-async 1 --queen-pop-ahead 1 --workers 16 --dispatch-mode single --dispatch-rate 500 --jobs 30000 --no-build (16:08:24)
== paced-500/s256-r3 exit 0 (16:09:44)
== drain-64/s256-r3: --queen-storage raft --sample-interval 1.0 --timeout 3600 --engines queen-rust --runs 1 --queen-prefetch 4 --profile fixed --queen-partitions 256 --queen-prefork 1 --queen-opcache-cli 1 --queen-lease-service 1 --queen-ack-async 1 --queen-pop-ahead 1 --workers 64 --dispatch-mode bulk --jobs 50000 --backlog-first 1 --no-build (16:09:44)
== drain-64/s256-r3 exit 0 (16:10:21)
== drain-128/s256-r3: --queen-storage raft --sample-interval 1.0 --timeout 3600 --engines queen-rust --runs 1 --queen-prefetch 4 --profile fixed --queen-partitions 256 --queen-prefork 1 --queen-opcache-cli 1 --queen-lease-service 1 --queen-ack-async 1 --queen-pop-ahead 1 --workers 128 --dispatch-mode bulk --jobs 50000 --backlog-first 1 --no-build (16:10:21)
== drain-128/s256-r3 exit 0 (16:10:52)
== done (16:10:52)
