pload tag=1x200-t10-144k-p4 loader=4/9 mode=batch rate=16000 msg/s batch=10 batch-max=0 max-inflight=5000 ramp=10s duration=1m10s report=10s drain=1m0s GOMAXPROCS=16 GOGC=400 seed=1790880007870956624
  offered: 16000 msg/s = 1600.0 units/s (avg 10.0 msgs/unit) across 33 pacer workers (48.48 units/s each)
  topics: 1 x 200 partitions (x1x200-t10-144k..x1x200-t10-144k), entities/topic=0 (explicit partition) | picker: topics=rr entities: rr over space=22 starting at 0 [producer shard 4/9: partitions p % 9 == 4, entity j -> partition 4 + j*9]
  payload: goload jsonEvent target 256 B, avg 289.6 B raw, ~320 B stamped ({"ts":µs,"src":4,...}), pool 64x10
  consumers: 22 here (ci 88..109 of 198), poll=1000 proc-us=0 ack=async ack-inflight=256 local-src=[3 4 5]
  pulsar: url=pulsar://10.114.0.2:6650,10.114.0.3:6650,10.114.0.4:6650 admin=http://10.114.0.2:8080 ns=bench/ns sub=sub type=failover compression=lz4 batch=5ms/10 msgs/131072 B max-pending=100000/partition mem-limit=64 MB receiver-queue=1000 ack-group=100ms conns/broker=1 | feeder batches capped at -txn-size messages (whole entries per transaction) | txn: x1x200-t10-144k-in -> 22 workers (own client + TC each, NewTransaction timeout 10s, send+AckWithTxn on whole entries, txn-size 10, linger 1s) -> x1x200-t10-144k-out, 22 readers
  [admin] 2 topics with 200 partitions and subscription "sub" exist (checked in 0.0s)
  [txn] 22 workers (ci 88..109 of 198, 0 idle): each its own client + TC, a failover consumer on its partitions of x1x200-t10-144k-in, 22 producers on x1x200-t10-144k-out in all; txn-size 10, linger 1s, txn-timeout 10s; ready in 1.1s
  [consume] 22 consumers (ci 88..109 of 198), failover, partition slices (every partition exactly one consumer): 22 partition registrations here, 200 in total across all processes; idle 0 here, 0 in total; subscribed in 0.0s, settling 2s
  [produce] producer shard 4/9: 22 partitions per topic (p % 9 == 4) x 1 topics, per-partition producers created lazily on first use
READY 1790879746232
[start] waiting 9.362s for the common start 1790879760428
[start] GO 18:36:00.428 (unix ms 1790879760428)
[18:36:10] offered=     8004/s achieved=     7990/s shed=        0/s inflight=    14 | p50=   6.56 p99=   16.06 p999=   32.38 ms | push=79890 pop=56430 lag=23460 | errs push=0 pop=0 empty=0 gor=7095 | ack=     5644/s ackErr=0 ackAvg=0.00ms | e2e p50=280.58 p99=1564.67 p999=1662.98 n=56430 | e2e_local p50=301.06 p99=1564.67 n=15570
[txn] 18:36:10 txn=     564/s msgs=     5639/s avg=  9.99 msg/txn | commit p50=29.57 p99=73.22 p999=248.83 ms | aborts=0 errs=0 open=22 | in=     5661/s | total txns=5642 msgs=56380 aborts=0 errs=0
[18:36:20] offered=    15997/s achieved=    16001/s shed=        0/s inflight=    12 | p50=   6.24 p99=   10.82 p999=   16.32 ms | push=239900 pop=134670 lag=105230 | errs push=0 pop=0 empty=0 gor=9259 | ack=     7824/s ackErr=0 ackAvg=0.00ms | e2e p50=4046.85 p99=6586.37 p999=6782.98 n=78240 | e2e_local p50=4046.85 p99=6586.37 n=21490
[txn] 18:36:20 txn=     783/s msgs=     7829/s avg= 10.00 msg/txn | commit p50=27.52 p99=42.24 p999=55.55 ms | aborts=0 errs=0 open=22 | in=     7829/s | total txns=13471 msgs=134670 aborts=0 errs=0
[18:36:30] offered=    16001/s achieved=    15998/s shed=        0/s inflight=    11 | p50=   6.37 p99=   11.20 p999=   16.51 ms | push=399880 pop=211540 lag=188340 | errs push=0 pop=0 empty=0 gor=9111 | ack=     7687/s ackErr=0 ackAvg=0.00ms | e2e p50=8978.43 p99=11862.02 p999=12124.16 n=76870 | e2e_local p50=9109.50 p99=11993.09 n=21110
[txn] 18:36:30 txn=     769/s msgs=     7688/s avg= 10.00 msg/txn | commit p50=28.03 p99=40.70 p999=50.94 ms | aborts=0 errs=0 open=22 | in=     7688/s | total txns=21159 msgs=211550 aborts=0 errs=0
[18:36:40] offered=    15995/s achieved=    16001/s shed=        0/s inflight=     7 | p50=   6.18 p99=    9.92 p999=   11.71 ms | push=559890 pop=291130 lag=268760 | errs push=0 pop=0 empty=0 gor=9389 | ack=     7959/s ackErr=0 ackAvg=0.00ms | e2e p50=14090.24 p99=16908.29 p999=17432.58 n=79590 | e2e_local p50=14090.24 p99=17170.43 n=21830
[txn] 18:36:40 txn=     796/s msgs=     7958/s avg= 10.00 msg/txn | commit p50=27.52 p99=35.58 p999=42.75 ms | aborts=0 errs=0 open=22 | in=     7958/s | total txns=29117 msgs=291130 aborts=0 errs=0
[18:36:50] offered=    16000/s achieved=    16002/s shed=        0/s inflight=     6 | p50=   6.50 p99=   11.97 p999=   18.05 ms | push=719910 pop=364860 lag=355050 | errs push=0 pop=0 empty=0 gor=8788 | ack=     7373/s ackErr=0 ackAvg=0.00ms | e2e p50=19267.58 p99=22675.46 p999=22937.60 n=73730 | e2e_local p50=19529.73 p99=22675.46 n=20390
[txn] 18:36:50 txn=     737/s msgs=     7369/s avg= 10.00 msg/txn | commit p50=29.06 p99=42.75 p999=50.43 ms | aborts=0 errs=0 open=22 | in=     7369/s | total txns=36486 msgs=364820 aborts=0 errs=0
[18:37:00] offered=    16002/s achieved=    16002/s shed=        0/s inflight=     6 | p50=   6.30 p99=   10.30 p999=   12.35 ms | push=879940 pop=442810 lag=437130 | errs push=0 pop=0 empty=0 gor=9229 | ack=     7795/s ackErr=0 ackAvg=0.00ms | e2e p50=24510.46 p99=27656.19 p999=28180.48 n=77950 | e2e_local p50=24510.46 p99=27918.34 n=21340
[txn] 18:37:00 txn=     780/s msgs=     7799/s avg= 10.00 msg/txn | commit p50=28.03 p99=36.10 p999=40.70 ms | aborts=0 errs=0 open=22 | in=     7799/s | total txns=44285 msgs=442810 aborts=0 errs=0
[18:37:10] offered=    16003/s achieved=    15998/s shed=        0/s inflight=    10 | p50=   6.37 p99=   11.20 p999=   17.28 ms | push=1039910 pop=519970 lag=519940 | errs push=0 pop=0 empty=0 gor=9114 | ack=     7716/s ackErr=0 ackAvg=0.00ms | e2e p50=29491.20 p99=33161.22 p999=33816.58 n=77160 | e2e_local p50=29753.34 p99=33161.22 n=21160
[txn] 18:37:10 txn=     772/s msgs=     7716/s avg= 10.00 msg/txn | commit p50=28.03 p99=40.19 p999=46.85 ms | aborts=0 errs=0 open=22 | in=     7716/s | total txns=52001 msgs=519970 aborts=0 errs=0
[drain] workers and readers keep going for up to 59.989s (ends early after 3s idle; lag now 520000)
[18:37:20] offered=        0/s achieved=       10/s shed=        0/s inflight=     0 | p50=   5.98 p99=    9.41 p999=    9.41 ms | push=1040010 pop=604110 lag=435900 | errs push=0 pop=0 empty=0 gor=9818 | ack=     8413/s ackErr=0 ackAvg=0.00ms | e2e p50=34340.86 p99=38010.88 p999=38535.17 n=84140 | e2e_local p50=34865.15 p99=38010.88 n=22990
[txn] 18:37:20 txn=     841/s msgs=     8413/s avg= 10.00 msg/txn | commit p50=26.24 p99=31.62 p999=35.07 ms | aborts=0 errs=0 open=22 | in=     8413/s | total txns=60415 msgs=604110 aborts=0 errs=0
[18:37:30] offered=        0/s achieved=        0/s shed=        0/s inflight=     0 | p50=   0.00 p99=    0.00 p999=    0.00 ms | push=1040010 pop=688660 lag=351350 | errs push=0 pop=0 empty=0 gor=9855 | ack=     8456/s ackErr=0 ackAvg=0.00ms | e2e p50=39059.46 p99=42729.47 p999=43253.76 n=84550 | e2e_local p50=39059.46 p99=42729.47 n=23090
[txn] 18:37:30 txn=     846/s msgs=     8456/s avg= 10.00 msg/txn | commit p50=26.24 p99=30.85 p999=33.02 ms | aborts=0 errs=0 open=22 | in=     8456/s | total txns=68870 msgs=688660 aborts=0 errs=0
[18:37:40] offered=        0/s achieved=        0/s shed=        0/s inflight=     0 | p50=   0.00 p99=    0.00 p999=    0.00 ms | push=1040010 pop=772550 lag=267460 | errs push=0 pop=0 empty=0 gor=9776 | ack=     8389/s ackErr=0 ackAvg=0.00ms | e2e p50=43778.05 p99=47448.06 p999=48496.64 n=83890 | e2e_local p50=43778.05 p99=47448.06 n=22940
[txn] 18:37:40 txn=     839/s msgs=     8387/s avg= 10.00 msg/txn | commit p50=26.24 p99=31.10 p999=33.02 ms | aborts=0 errs=0 open=22 | in=     8387/s | total txns=77257 msgs=772530 aborts=0 errs=0
[18:37:50] offered=        0/s achieved=        0/s shed=        0/s inflight=     0 | p50=   0.00 p99=    0.00 p999=    0.00 ms | push=1040010 pop=855990 lag=184020 | errs push=0 pop=0 empty=0 gor=9741 | ack=     8344/s ackErr=0 ackAvg=0.00ms | e2e p50=48496.64 p99=52690.94 p999=53215.23 n=83440 | e2e_local p50=49020.93 p99=52690.94 n=22730
[txn] 18:37:50 txn=     835/s msgs=     8345/s avg= 10.00 msg/txn | commit p50=26.50 p99=32.38 p999=35.58 ms | aborts=0 errs=0 open=22 | in=     8345/s | total txns=85602 msgs=855980 aborts=0 errs=0
[18:38:00] offered=        0/s achieved=        0/s shed=        0/s inflight=     0 | p50=   0.00 p99=    0.00 p999=    0.00 ms | push=1040010 pop=940640 lag=99370 | errs push=0 pop=0 empty=0 gor=9858 | ack=     8465/s ackErr=0 ackAvg=0.00ms | e2e p50=53215.23 p99=57409.54 p999=57933.82 n=84650 | e2e_local p50=53739.52 p99=57409.54 n=23180
[txn] 18:38:00 txn=     847/s msgs=     8466/s avg= 10.00 msg/txn | commit p50=25.98 p99=31.10 p999=33.02 ms | aborts=0 errs=0 open=22 | in=     8466/s | total txns=94068 msgs=940640 aborts=0 errs=0
[18:38:10] offered=        0/s achieved=        0/s shed=        0/s inflight=     0 | p50=   0.00 p99=    0.00 p999=    0.00 ms | push=1040010 pop=1014510 lag=25500 | errs push=0 pop=0 empty=0 gor=8765 | ack=     7387/s ackErr=0 ackAvg=0.00ms | e2e p50=57933.82 p99=62128.13 p999=62652.42 n=73880 | e2e_local p50=57933.82 p99=62128.13 n=21910
[txn] 18:38:10 txn=     739/s msgs=     7389/s avg= 10.00 msg/txn | commit p50=26.24 p99=31.87 p999=36.61 ms | aborts=0 errs=0 open=12 | in=     7379/s | total txns=101457 msgs=1014530 aborts=0 errs=0
[info] txn workers: 0 re-subscriptions after an abort, 690 messages held outside a transaction at the stop (left unacked)
[info] producers created: 22 per-partition producers (shard), 0 creation errors, avg creation 20.8 ms
[info] steady window 60s (after the ramp, before the producers stopped): offered 16000/s pushed 16000/s popped 7726/s cpu 108.0% = 6.75 cores per 100k msg/s (produce+consume)
[final] offered=104001 achieved=104001 shed=0 (msgs: offered=1040010 achieved=1040010 shed=0) pushErr=0 | pushed=1040010 popped=1014800 lag=25210 | popErr=0 empty=0 | overall p50=6.30 p99=11.20 p999=18.05 ms | acked=1014800 ackErr=0 ackLag=25210 ackAvg=0.00ms | e2e p50=31326.21 p99=60555.26 p999=62128.13 ms
load_cpu=80.1%
[txn-final] txns=101484 msgs=1014800 aborts=0 errs=0 in=1014800 avg=10.00 msg/txn | commit p50=27.01 p99=39.68 p999=62.72 max=264.19 ms
[ids] ledger /root/bench/runs/txn/pulsar/1x200-t10-144k/ids/p4.ids: 1040010 confirmed, 0 failed, 0 unanswered
