kload tag=1x200-t1-9k-p2 loader=2/9 mode=batch rate=1000 msg/s batch=10 batch-max=0 max-inflight=5000 ramp=10s duration=1m10s report=10s drain=1m0s GOMAXPROCS=16 GOGC=400 seed=1790872894994717031
  offered: 1000 msg/s = 100.0 units/s (avg 10.0 msgs/unit) across 3 pacer workers (33.33 units/s each)
  topics: 1 x 200 partitions (x1x200-t1-9k..x1x200-t1-9k), entities/topic=0 (explicit partition) | picker: topics=rr entities: rr over space=200 starting at 44
  payload: goload jsonEvent target 256 B, avg 289.2 B raw, ~319 B stamped ({"ts":µs,"src":2,...}), pool 64x10
  consumers: 22 here (ci 44..65 of 198), poll=1000 proc-us=0 ack=async ack-inflight=256 local-src=[0 1 2]
  kafka: brokers=10.114.0.2:9092,10.114.0.3:9092,10.114.0.4:9092 rf=3 min-isr=0 producers=4 linger=5ms compression=lz4 acks=all idempotent batch-max-bytes=1048576 | consumers: protocol=classic fetch-max-wait=500ms fetch-min-bytes=1 fetch-max-partition-bytes=1048576 session=45s | txn: x1x200-t1-9k-in -> 22 workers (GroupTransactSession, transactional.id per worker, txn-timeout 10s, concurrent-txn backoff 20ms, metadata-min-age 250ms, txn-size 1, linger 1s, read_committed) -> x1x200-t1-9k-out, 22 read_committed readers
  [topic] READY after 0.0s: 2 topics x 200 partitions, leaders + full ISR
  [config] broker.default.replication.factor = 3 (STATIC_BROKER_CONFIG)
  [config] topic.compression.type = producer (DEFAULT_CONFIG)
  [config] topic.flush.ms = 100 (DEFAULT_CONFIG)
  [config] topic.max.message.bytes = 16777216 (DEFAULT_CONFIG)
  [config] topic.message.timestamp.type = CreateTime (DEFAULT_CONFIG)
  [config] topic.retention.ms = 600000 (DYNAMIC_TOPIC_CONFIG)
  [config] topic.segment.bytes = 268435456 (DYNAMIC_TOPIC_CONFIG)
  [group] 22 txn workers (GroupTransactSession) in 1 groups (x1x200-t1-9k-in-g-t0 ... ), protocol classic
  [group] 22 consumers in 1 groups (x1x200-t1-9k-out-g-t0 ... ), protocol classic
  [group] t=+0.4s waiting: x1x200-t1-9k-in-g-t0: local members 22/198 hold 0/200 partitions (group-wide PreparingRebalance members=129 assigned=0)
  [group] t=+2.4s waiting: x1x200-t1-9k-in-g-t0: local members 22/198 hold 0/200 partitions (group-wide PreparingRebalance members=198 assigned=0)
  [group] t=+4.4s waiting: x1x200-t1-9k-in-g-t0: local members 22/198 hold 0/200 partitions (group-wide PreparingRebalance members=198 assigned=0)
  [group] t=+6.5s waiting: x1x200-t1-9k-in-g-t0: local members 22/198 hold 22/200 partitions (group-wide PreparingRebalance members=198 assigned=0)
  [group] t=+8.5s waiting: x1x200-t1-9k-in-g-t0: local members 22/198 hold 22/200 partitions (group-wide Stable members=198 assigned=200)
  [group] STABLE after 10.1s: 1 groups, 22 local members holding 22 partitions, assignEv=22 revokeEv=0 lostEv=0
  [group] t=+0.0s waiting: x1x200-t1-9k-out-g-t0: local members 22/198 hold 22/200 partitions (group-wide Stable members=198 assigned=200)
  [group] t=+2.0s waiting: x1x200-t1-9k-out-g-t0: local members 22/198 hold 22/200 partitions (group-wide Stable members=198 assigned=200)
  [group] STABLE after 3.0s: 1 groups, 22 local members holding 22 partitions, assignEv=22 revokeEv=0 lostEv=0
  [produce] 4 clients connected to every broker with producer IDs in 0.02s; max buffered 51024 records per client
READY 1790872706082
[start] waiting 9.336s for the common start 1790872762092
[start] GO 16:39:22.092 (unix ms 1790872762092)
[16:39:32] offered=      500/s achieved=      499/s shed=        0/s inflight=     1 | p50=   8.64 p99=   85.50 p999=  118.27 ms | push=4990 pop=1298 lag=3692 | errs push=0 pop=0 empty=0 gor=457 | ack=      130/s ackErr=0 ackAvg=2.29ms | e2e p50=1761.28 p99=4947.97 p999=5144.58 n=1298 | e2e_local p50=3194.88 p99=5013.50 n=271
[txn] 16:39:32 txn=     131/s msgs=      131/s avg=  1.00 msg/txn | commit p50=132.10 p99=305.15 p999=374.78 ms | aborts=0 errs=0 open=22 | in=      133/s | total txns=1332 msgs=1332 aborts=0 errs=0
[16:39:42] offered=     1000/s achieved=      999/s shed=        0/s inflight=     2 | p50=   8.38 p99=   80.38 p999=  114.18 ms | push=14980 pop=2699 lag=12281 | errs push=0 pop=0 empty=0 gor=445 | ack=      140/s ackErr=0 ackAvg=2.33ms | e2e p50=8454.14 p99=12517.38 p999=12910.59 n=1401 | e2e_local p50=6782.98 p99=11993.09 n=458
[txn] 16:39:42 txn=     139/s msgs=      139/s avg=  1.00 msg/txn | commit p50=150.53 p99=313.34 p999=374.78 ms | aborts=0 errs=0 open=22 | in=      139/s | total txns=2726 msgs=2726 aborts=0 errs=0
[16:39:52] offered=     1000/s achieved=     1000/s shed=        0/s inflight=     2 | p50=   8.38 p99=   67.07 p999=   83.46 ms | push=24980 pop=4158 lag=20822 | errs push=0 pop=0 empty=0 gor=455 | ack=      146/s ackErr=0 ackAvg=2.38ms | e2e p50=16580.61 p99=20840.45 p999=21364.74 n=1459 | e2e_local p50=16580.61 p99=21102.59 n=581
[txn] 16:39:52 txn=     146/s msgs=      146/s avg=  1.00 msg/txn | commit p50=150.53 p99=284.67 p999=329.73 ms | aborts=0 errs=0 open=22 | in=      146/s | total txns=4190 msgs=4190 aborts=0 errs=0
[16:40:02] offered=     1000/s achieved=     1002/s shed=        0/s inflight=     0 | p50=   8.51 p99=   79.36 p999=  125.44 ms | push=35000 pop=5650 lag=29350 | errs push=0 pop=0 empty=0 gor=445 | ack=      149/s ackErr=0 ackAvg=2.41ms | e2e p50=25034.75 p99=29491.20 p999=29753.34 n=1492 | e2e_local p50=25034.75 p99=29753.34 n=446
[txn] 16:40:02 txn=     149/s msgs=      149/s avg=  1.00 msg/txn | commit p50=140.29 p99=284.67 p999=329.73 ms | aborts=0 errs=0 open=22 | in=      149/s | total txns=5681 msgs=5681 aborts=0 errs=0
[16:40:12] offered=     1000/s achieved=      995/s shed=        0/s inflight=     5 | p50=   8.51 p99=   75.26 p999=  103.94 ms | push=44950 pop=7067 lag=37883 | errs push=0 pop=0 empty=0 gor=453 | ack=      142/s ackErr=0 ackAvg=2.46ms | e2e p50=33423.36 p99=38010.88 p999=38535.17 n=1417 | e2e_local p50=32636.93 p99=37486.59 n=482
[txn] 16:40:12 txn=     142/s msgs=      142/s avg=  1.00 msg/txn | commit p50=148.48 p99=296.96 p999=337.92 ms | aborts=0 errs=0 open=22 | in=      142/s | total txns=7099 msgs=7099 aborts=0 errs=0
[16:40:22] offered=     1000/s achieved=     1005/s shed=        0/s inflight=     0 | p50=   8.51 p99=   89.60 p999=  148.48 ms | push=55000 pop=8482 lag=46518 | errs push=0 pop=0 empty=0 gor=442 | ack=      142/s ackErr=0 ackAvg=2.45ms | e2e p50=42205.18 p99=46923.78 p999=47448.06 n=1415 | e2e_local p50=42729.47 p99=46923.78 n=536
[txn] 16:40:22 txn=     141/s msgs=      141/s avg=  1.00 msg/txn | commit p50=150.53 p99=321.54 p999=370.69 ms | aborts=0 errs=0 open=22 | in=      141/s | total txns=8510 msgs=8510 aborts=0 errs=0
[16:40:32] offered=     1000/s achieved=      999/s shed=        0/s inflight=     1 | p50=   8.64 p99=   85.50 p999=  130.56 ms | push=64990 pop=9849 lag=55141 | errs push=0 pop=0 empty=0 gor=443 | ack=      137/s ackErr=0 ackAvg=2.46ms | e2e p50=50069.50 p99=55312.38 p999=55836.67 n=1367 | e2e_local p50=52166.66 p99=55836.67 n=368
[txn] 16:40:32 txn=     137/s msgs=      137/s avg=  1.00 msg/txn | commit p50=150.53 p99=317.44 p999=370.69 ms | aborts=0 errs=0 open=22 | in=      137/s | total txns=9879 msgs=9879 aborts=0 errs=0
[drain] workers and readers keep going for up to 59.979s (ends early after 3s idle; lag now 55147)
[16:40:42] offered=        0/s achieved=        1/s shed=        0/s inflight=     0 | p50=  54.53 p99=   54.53 p999=   54.53 ms | push=65000 pop=11130 lag=53870 | errs push=0 pop=0 empty=0 gor=435 | ack=      128/s ackErr=0 ackAvg=2.44ms | e2e p50=58982.40 p99=64225.28 p999=64749.57 n=1281 | e2e_local p50=56885.25 p99=64225.28 n=417
[txn] 16:40:42 txn=     128/s msgs=      128/s avg=  1.00 msg/txn | commit p50=162.82 p99=378.88 p999=436.22 ms | aborts=0 errs=0 open=22 | in=      128/s | total txns=11157 msgs=11157 aborts=0 errs=0
[16:40:52] offered=        0/s achieved=        0/s shed=        0/s inflight=     0 | p50=   0.00 p99=    0.00 p999=    0.00 ms | push=65000 pop=12489 lag=52511 | errs push=0 pop=0 empty=0 gor=445 | ack=      136/s ackErr=0 ackAvg=2.44ms | e2e p50=67633.15 p99=72876.03 p999=73924.61 n=1359 | e2e_local p50=67633.15 p99=72876.03 n=546
[txn] 16:40:52 txn=     136/s msgs=      136/s avg=  1.00 msg/txn | commit p50=158.72 p99=301.06 p999=452.61 ms | aborts=0 errs=0 open=22 | in=      136/s | total txns=12521 msgs=12521 aborts=0 errs=0
[16:41:02] offered=        0/s achieved=        0/s shed=        0/s inflight=     0 | p50=   0.00 p99=    0.00 p999=    0.00 ms | push=65000 pop=13888 lag=51112 | errs push=0 pop=0 empty=0 gor=440 | ack=      140/s ackErr=0 ackAvg=2.45ms | e2e p50=77070.34 p99=82313.22 p999=82313.22 n=1399 | e2e_local p50=77070.34 p99=81264.64 n=416
[txn] 16:41:02 txn=     140/s msgs=      140/s avg=  1.00 msg/txn | commit p50=156.67 p99=325.63 p999=374.78 ms | aborts=0 errs=0 open=22 | in=      140/s | total txns=13919 msgs=13919 aborts=0 errs=0
[16:41:12] offered=        0/s achieved=        0/s shed=        0/s inflight=     0 | p50=   0.00 p99=    0.00 p999=    0.00 ms | push=65000 pop=15171 lag=49829 | errs push=0 pop=0 empty=0 gor=438 | ack=      128/s ackErr=0 ackAvg=2.44ms | e2e p50=85458.94 p99=90701.82 p999=90701.82 n=1283 | e2e_local p50=85458.94 p99=90701.82 n=418
[txn] 16:41:12 txn=     128/s msgs=      128/s avg=  1.00 msg/txn | commit p50=164.86 p99=387.07 p999=464.90 ms | aborts=0 errs=0 open=22 | in=      128/s | total txns=15198 msgs=15198 aborts=0 errs=0
[16:41:22] offered=        0/s achieved=        0/s shed=        0/s inflight=     0 | p50=   0.00 p99=    0.00 p999=    0.00 ms | push=65000 pop=16528 lag=48472 | errs push=0 pop=0 empty=0 gor=429 | ack=      136/s ackErr=0 ackAvg=2.42ms | e2e p50=93847.55 p99=99090.43 p999=100139.01 n=1357 | e2e_local p50=94896.13 p99=99090.43 n=465
[txn] 16:41:22 txn=     136/s msgs=      136/s avg=  1.00 msg/txn | commit p50=160.77 p99=296.96 p999=374.78 ms | aborts=0 errs=0 open=22 | in=      136/s | total txns=16553 msgs=16553 aborts=0 errs=0
[16:41:32] offered=        0/s achieved=        0/s shed=        0/s inflight=     0 | p50=   0.00 p99=    0.00 p999=    0.00 ms | push=65000 pop=17842 lag=47158 | errs push=0 pop=0 empty=0 gor=440 | ack=      131/s ackErr=0 ackAvg=2.42ms | e2e p50=102236.16 p99=108527.62 p999=108527.62 n=1314 | e2e_local p50=100139.01 p99=108527.62 n=380
[txn] 16:41:32 txn=     132/s msgs=      132/s avg=  1.00 msg/txn | commit p50=164.86 p99=296.96 p999=350.21 ms | aborts=0 errs=0 open=22 | in=      132/s | total txns=17872 msgs=17872 aborts=0 errs=0
[info] txn workers began 17913 transactions
[info] steady window 60s (after the ramp, before the producers stopped): offered 1000/s pushed 1000/s popped 143/s cpu 23.2% = 23.19 cores per 100k msg/s (produce+consume)
[info] 44 warm-up messages (no "ts") received and not counted as load
[final] offered=6500 achieved=6500 shed=0 (msgs: offered=65000 achieved=65000 shed=0) pushErr=0 | pushed=65000 popped=17870 lag=47130 | popErr=0 empty=0 | overall p50=8.51 p99=79.36 p999=124.42 ms | acked=17870 ackErr=0 ackLag=47130 ackAvg=2.42ms | e2e p50=49020.93 p99=106430.46 p999=108527.62 ms
load_cpu=13.9%
[txn-final] txns=17913 msgs=17913 aborts=0 errs=0 in=17913 avg=1.00 msg/txn | commit p50=152.58 p99=321.54 p999=448.51 max=2441.22 ms
[ids] ledger /root/bench/runs/txn/redpanda/1x200-t1-9k/ids/p2.ids: 65000 confirmed, 0 failed, 0 unanswered
