kload tag=1x2000-1000k-p5 loader=5/9 mode=batch rate=111111 msg/s batch=100 batch-max=0 max-inflight=5000 ramp=10s duration=1m10s report=10s drain=0s GOMAXPROCS=16 GOGC=400 seed=1790754365813186232
  offered: 111111 msg/s = 1111.1 units/s (avg 100.0 msgs/unit) across 23 pacer workers (48.31 units/s each)
  topics: 1 x 2000 partitions (k1x2000-1000k..k1x2000-1000k), entities/topic=0 (explicit partition) | picker: topics=rr entities: rr over space=2000 starting at 1111
  payload: goload jsonEvent target 256 B, avg 289.5 B raw, ~320 B stamped ({"ts":µs,"src":5,...}), pool 64x100
  consumers: 33 here (ci 165..197 of 297), poll=1000 proc-us=0 ack=async ack-inflight=256 local-src=[3 4 5]
  kafka: brokers=10.114.0.2:9092,10.114.0.3:9092,10.114.0.4:9092 rf=3 min-isr=2 producers=4 linger=5ms compression=lz4 acks=all idempotent batch-max-bytes=1048576 | consumers: protocol=consumer fetch-max-wait=500ms fetch-min-bytes=1 fetch-max-partition-bytes=1048576 session=45s
  [topic] READY after 0.0s: 1 topics x 2000 partitions, leaders + full ISR
  [config] broker.compression.type = producer (STATIC_BROKER_CONFIG)
  [config] broker.default.replication.factor = 3 (STATIC_BROKER_CONFIG)
  [config] broker.group.consumer.assignors = uniform,range (DEFAULT_CONFIG)
  [config] broker.group.coordinator.rebalance.protocols = classic,consumer,streams (DEFAULT_CONFIG)
  [config] broker.group.initial.rebalance.delay.ms = 3000 (DEFAULT_CONFIG)
  [config] broker.log.flush.interval.messages = 9223372036854775807 (DEFAULT_CONFIG)
  [config] broker.log.flush.interval.ms = <nil> (DEFAULT_CONFIG)
  [config] broker.max.incremental.fetch.session.cache.slots = 4000 (STATIC_BROKER_CONFIG)
  [config] broker.min.insync.replicas = 2 (DYNAMIC_DEFAULT_BROKER_CONFIG)
  [config] broker.num.io.threads = 16 (STATIC_BROKER_CONFIG)
  [config] broker.num.network.threads = 8 (STATIC_BROKER_CONFIG)
  [config] broker.num.replica.fetchers = 4 (STATIC_BROKER_CONFIG)
  [config] topic.compression.type = producer (STATIC_BROKER_CONFIG)
  [config] topic.flush.messages = 9223372036854775807 (DEFAULT_CONFIG)
  [config] topic.flush.ms = 9223372036854775807 (DEFAULT_CONFIG)
  [config] topic.max.message.bytes = 1048588 (DEFAULT_CONFIG)
  [config] topic.message.timestamp.type = CreateTime (DEFAULT_CONFIG)
  [config] topic.min.insync.replicas = 2 (DYNAMIC_TOPIC_CONFIG)
  [config] topic.retention.ms = 600000 (DYNAMIC_TOPIC_CONFIG)
  [config] topic.segment.bytes = 268435456 (DYNAMIC_TOPIC_CONFIG)
  [config] topic.unclean.leader.election.enable = false (STATIC_BROKER_CONFIG)
  [group] 33 consumers in 1 groups (k1x2000-1000k-g-t0 ... ), protocol consumer
  [group] t=+0.0s waiting: k1x2000-1000k-g-t0: local members 33/297 hold 0/2000 partitions (group-wide ? members=0 assigned=0)
  [group] t=+2.0s waiting: k1x2000-1000k-g-t0: local members 33/297 hold 0/2000 partitions (group-wide Assigning members=297 assigned=2000)
  [group] t=+4.0s waiting: k1x2000-1000k-g-t0: local members 33/297 hold 0/2000 partitions (group-wide Assigning members=297 assigned=2000)
  [group] t=+6.1s waiting: k1x2000-1000k-g-t0: local members 33/297 hold 0/2000 partitions (group-wide Reconciling members=297 assigned=14)
  [group] t=+8.1s waiting: k1x2000-1000k-g-t0: local members 33/297 hold 0/2000 partitions (group-wide Reconciling members=297 assigned=14)
  [group] t=+10.1s waiting: k1x2000-1000k-g-t0: local members 33/297 hold 0/2000 partitions (group-wide Reconciling members=297 assigned=14)
  [group] t=+12.1s waiting: k1x2000-1000k-g-t0: local members 33/297 hold 220/2000 partitions (group-wide Stable members=297 assigned=2000)
  [group] STABLE after 14.1s: 1 groups, 33 local members holding 220 partitions, assignEv=66 revokeEv=0 lostEv=0
  [produce] 4 clients connected to every broker with producer IDs in 0.01s; max buffered 501024 records per client
READY 1790754365816
[start] waiting 4.369s for the common start 1790754376408
[start] GO 07:46:16.408 (unix ms 1790754376408)
[07:46:26] offered=    55565/s achieved=    55495/s shed=        0/s inflight=     7 | p50=   9.54 p99=   19.58 p999=   57.09 ms | push=554900 pop=549500 lag=5400 | errs push=0 pop=0 empty=0 gor=497 | ack=    54785/s ackErr=0 ackAvg=12.43ms | e2e p50=9.41 p99=18.56 p999=51.97 n=549500 | e2e_local p50=9.79 p99=17.28 n=183500
[07:46:36] offered=   111140/s achieved=   111100/s shed=        0/s inflight=    12 | p50=   9.15 p99=   26.24 p999=   75.26 ms | push=1665900 pop=1649400 lag=16500 | errs push=0 pop=0 empty=0 gor=496 | ack=   110005/s ackErr=0 ackAvg=12.30ms | e2e p50=8.90 p99=21.12 p999=77.31 n=1099900 | e2e_local p50=9.28 p99=40.19 n=359900
[07:46:46] offered=   111101/s achieved=   111101/s shed=        0/s inflight=    11 | p50=   9.02 p99=   21.63 p999=   76.29 ms | push=2776900 pop=2749400 lag=27500 | errs push=0 pop=0 empty=0 gor=493 | ack=   110006/s ackErr=0 ackAvg=12.11ms | e2e p50=8.90 p99=23.42 p999=76.29 n=1100000 | e2e_local p50=9.28 p99=25.47 n=373800
[07:46:56] offered=   111103/s achieved=   111103/s shed=        0/s inflight=    11 | p50=   9.15 p99=   18.82 p999=   83.46 ms | push=3888000 pop=3849800 lag=38200 | errs push=0 pop=0 empty=0 gor=513 | ack=   109963/s ackErr=0 ackAvg=12.05ms | e2e p50=8.90 p99=18.05 p999=84.48 n=1100400 | e2e_local p50=9.28 p99=20.86 n=360600
[07:47:06] offered=   111104/s achieved=   111134/s shed=        0/s inflight=     5 | p50=   9.15 p99=   18.82 p999=   83.46 ms | push=4999300 pop=4949700 lag=49600 | errs push=0 pop=0 empty=0 gor=503 | ack=   110023/s ackErr=0 ackAvg=12.15ms | e2e p50=8.90 p99=20.61 p999=86.53 n=1099900 | e2e_local p50=9.28 p99=17.28 n=372200
[07:47:16] offered=   111098/s achieved=   111118/s shed=        0/s inflight=     5 | p50=   9.02 p99=  156.67 p999=  288.77 ms | push=6110500 pop=6049751 lag=60749 | errs push=0 pop=0 empty=0 gor=508 | ack=   109948/s ackErr=0 ackAvg=12.12ms | e2e p50=8.90 p99=142.34 p999=280.58 n=1100051 | e2e_local p50=9.28 p99=199.68 n=364500
[07:47:26] offered=   111113/s achieved=   111083/s shed=        0/s inflight=     9 | p50=   9.02 p99=   21.89 p999=   48.90 ms | push=7221300 pop=7148400 lag=72900 | errs push=0 pop=0 empty=0 gor=479 | ack=   109923/s ackErr=0 ackAvg=12.07ms | e2e p50=8.90 p99=17.79 p999=50.94 n=1098649 | e2e_local p50=9.28 p99=22.66 n=367100
[info] steady window 60s (after the ramp, before the producers stopped): offered 111110/s pushed 111106/s popped 109981/s cpu 91.1% = 0.82 cores per 100k msg/s (produce+consume)
[final] offered=72222 achieved=72222 shed=0 (msgs: offered=7222200 achieved=7222200 shed=0) pushErr=0 | pushed=7222200 popped=7150000 lag=72200 | popErr=0 empty=0 | overall p50=9.15 p99=25.22 p999=214.02 ms | acked=7150000 ackErr=0 ackLag=72200 ackAvg=12.07ms | e2e p50=8.90 p99=22.40 p999=209.92 ms
load_cpu=64.7%
