[2026-10-01T20:55:20Z] txn pulsar/1x200-t100-576k-w198-b100: start: pulsar, rate=576000 over N=9 processes (3 loader hosts x 3) = 64000 msg/s each; in 200 x out 200 partitions; txn-size 100 (linger 1s); feeder units of 100; 22 workers + 22 readers per process (198 each in total); out=/Users/alice/Work/queen/benchmark-queen/2026-09-30-kafka-pulsar/runs/txn/pulsar/1x200-t100-576k-w198-b100
[2026-10-01T20:55:20Z] txn pulsar/1x200-t100-576k-w198-b100: durability: E3/Qw3/Qa2 with journal fsync (ack after 2 bookie fsyncs) for data, the transaction log, the pending-ack logs and the transaction buffer snapshots; 16 transaction coordinators
[2026-10-01T20:55:24Z] txn pulsar/1x200-t100-576k-w198-b100: 1. cluster reset
    [2026-10-01T20:55:50Z] brokers healthy: brokers active=3 10.114.0.2:8080=ok 10.114.0.3:8080=ok 10.114.0.4:8080=ok
      proof persistent://bench/ns/probe-health-1790888156: ledger 9 (1 ledgers, state=LedgerOpened) ensembleSize=3 writeQuorumSize=3 ackQuorumSize=2 ensemble=[10.114.0.2:3181, 10.114.0.3:3181, 10.114.
    [2026-10-01T20:55:58Z] reset done
[2026-10-01T20:55:59Z] txn pulsar/1x200-t100-576k-w198-b100:    transaction coordinator assign topic: {"partitions":16,"deleted":false}
    transactionCoordinatorEnabled=true
    transactionMetadataStoreProviderClassName=org.apache.pulsar.transaction.coordinator.impl.MLTransactionMetadataStoreProvider
    transactionBufferSnapshotMaxTransactionCount=1000
    transactionBufferSnapshotMinTimeInMillis=5000
    transactionBufferSegmentedSnapshotEnabled=false
    transactionBufferSnapshotSegmentSize=262144
    transactionBufferClientMaxConcurrentRequests=1000
    transactionPendingAckLogIndexMinLag=500
    transactionBufferClientOperationTimeoutInMills=3000
    transactionLogBatchedWriteEnabled=true
    transactionLogBatchedWriteMaxRecords=512
    transactionLogBatchedWriteMaxSize=4194304
    transactionLogBatchedWriteMaxDelayInMillis=1
    transactionPendingAckBatchedWriteEnabled=true
    transactionPendingAckBatchedWriteMaxRecords=512
    transactionPendingAckBatchedWriteMaxSize=4194304
    transactionPendingAckBatchedWriteMaxDelayInMillis=1
[2026-10-01T20:55:59Z] txn pulsar/1x200-t100-576k-w198-b100: 2. samplers start (txn-pulsar-1x200-t100-576k-w198-b100, every 2s) on 3 brokers + 3 loader hosts
[2026-10-01T20:56:01Z] txn pulsar/1x200-t100-576k-w198-b100: 3. create x1x200-t100-576k-w198-b100-in (200) + x1x200-t100-576k-w198-b100-out (200), warm on loader 1
    time="2026-10-01T20:57:03Z" level=error msg="Failed to create consumer" consumerID=3 error="server error: ServiceNotReady: Topic is temporarily unavailable" name=pload-warm subscription=sub topic="persistent://bench/ns/x1x200-t100-576k-w198-b100-in-partition-4"
    time="2026-10-01T20:57:03Z" level=error msg="Failed to create consumer at reconnect" consumerID=3 error="server error: ServiceNotReady: Topic is temporarily unavailable" name=pload-warm subscription=sub topic="persistent://bench/ns/x1x200-t100-576k-w198-b100-in-partition-4"
    time="2026-10-01T20:57:03Z" level=error msg="Failed to create consumer" consumerID=342 error="server error: ServiceNotReady: Topic is temporarily unavailable" name=pload-warm subscription=sub topic="persistent://bench/ns/x1x200-t100-576k-w198-b100-out-partition-88"
    time="2026-10-01T20:57:03Z" level=error msg="Failed to create consumer at reconnect" consumerID=342 error="server error: ServiceNotReady: Topic is temporarily unavailable" name=pload-warm subscription=sub topic="persistent://bench/ns/x1x200-t100-576k-w198-b100-out-partition-88"
    time="2026-10-01T20:57:03Z" level=error msg="Failed to create consumer" consumerID=26 error="server error: ServiceNotReady: Topic is temporarily unavailable" name=pload-warm subscription=sub topic="persistent://bench/ns/x1x200-t100-576k-w198-b100-in-partition-79"
    time="2026-10-01T20:57:03Z" level=error msg="Failed to create consumer at reconnect" consumerID=26 error="server error: ServiceNotReady: Topic is temporarily unavailable" name=pload-warm subscription=sub topic="persistent://bench/ns/x1x200-t100-576k-w198-b100-in-partition-79"
    time="2026-10-01T20:57:03Z" level=error msg="Failed to create consumer" consumerID=322 error="server error: ServiceNotReady: Topic is temporarily unavailable" name=pload-warm subscription=sub topic="persistent://bench/ns/x1x200-t100-576k-w198-b100-out-partition-126"
    time="2026-10-01T20:57:03Z" level=error msg="Failed to create consumer at reconnect" consumerID=322 error="server error: ServiceNotReady: Topic is temporarily unavailable" name=pload-warm subscription=sub topic="persistent://bench/ns/x1x200-t100-576k-w198-b100-out-partition-126"
      [warm] one message (no "ts") into each of 400 partitions in 0.2s; consumed and acked in 59.6s
    [create] done: x1x200-t100-576k-w198-b100-in, x1x200-t100-576k-w198-b100-out x 200 partitions, subscription "sub" on both, verify on x1x200-t100-576k-w198-b100-out
[2026-10-01T20:57:09Z] txn pulsar/1x200-t100-576k-w198-b100:    topics ready after 109s since start
    node=1 zk     pid=1111318 up=102s cpu=9s rss=1233MB thr=116 fds=412 | gc cycles=3 (major 3) pauses=15 max=0.04ms sum=0.3ms stalls=0 max=0.0ms safepoint_max=0.44ms | log ERROR=0 WARN=6 (since start)
    node=1 bookie pid=1111915 up=94s cpu=10s rss=3313MB thr=190 fds=842 | gc cycles=2 (major 2) pauses=10 max=0.02ms sum=0.1ms stalls=0 max=0.0ms safepoint_max=0.49ms | log ERROR=1 WARN=2 (since start)
    node=1 bookie   ERROR x1: Problems reading from /root/bench/data/pulsar/bookie/ledgers/current/lastMark (this is okay if it is the first time starting this bookie {}
    node=1 broker pid=1112360 up=90s cpu=40s rss=6635MB thr=298 fds=640 | gc cycles=3 (major 3) pauses=15 max=0.02ms sum=0.2ms stalls=0 max=0.0ms safepoint_max=5.47ms | log ERROR=2 WARN=12 (since start)
    node=1 broker   ERROR x1: [null] Failed to create tenant bench {}
    node=1 broker   ERROR x1: [persistent://bench/ns/xNxN-tN-Nk-wN-bN-in-partition-N]Transaction buffer failed to recover snapshot! {}
    node=1 disk   data=153MB zk=1MB journal=3MB (1 .txn in 1 dirs) ledgers=150MB (entry logs=2, 0MB; locations=75MB ledgers-index=75MB) | fs 5% used, 371G free
    node=1 broker bench/ns metrics: producers_count=3 rate_out=0 storage_size=134013 throughput_in=0 rate_in=0 throughput_out=7 topics_count=132 msg_backlog=68 subscriptions_count=201 consumers_count=2
    node=2 zk     pid=953199 up=102s cpu=8s rss=1236MB thr=121 fds=414 | gc cycles=3 (major 3) pauses=15 max=0.03ms sum=0.3ms stalls=0 max=0.0ms safepoint_max=0.36ms | log ERROR=0 WARN=7 (since start)
    node=2 bookie pid=953485 up=94s cpu=9s rss=3305MB thr=186 fds=842 | gc cycles=2 (major 2) pauses=10 max=0.01ms sum=0.1ms stalls=0 max=0.0ms safepoint_max=0.52ms | log ERROR=1 WARN=2 (since start)
    node=2 bookie   ERROR x1: Problems reading from /root/bench/data/pulsar/bookie/ledgers/current/lastMark (this is okay if it is the first time starting this bookie {}
    node=2 broker pid=953816 up=90s cpu=46s rss=6673MB thr=274 fds=576 | gc cycles=3 (major 3) pauses=15 max=0.02ms sum=0.3ms stalls=0 max=0.0ms safepoint_max=0.81ms | log ERROR=15 WARN=54 (since start)
    node=2 broker   ERROR x8: [persistent://bench/ns/xNxN-tN-Nk-wN-bN-in-partition-N]Transaction buffer failed to recover snapshot! {}
    node=2 broker   ERROR x7: [persistent://bench/ns/xNxN-tN-Nk-wN-bN-out-partition-N]Transaction buffer failed to recover snapshot! {}
    node=2 disk   data=153MB zk=1MB journal=3MB (1 .txn in 1 dirs) ledgers=150MB (entry logs=2, 0MB; locations=75MB ledgers-index=75MB) | fs 6% used, 367G free
    node=2 broker bench/ns metrics: producers_count=0 rate_out=0 storage_size=147000 throughput_in=0 rate_in=0 throughput_out=0 topics_count=145 msg_backlog=74 subscriptions_count=222 consumers_count=3
    node=3 zk     pid=952162 up=102s cpu=6s rss=1205MB thr=120 fds=412 | gc cycles=3 (major 3) pauses=15 max=0.02ms sum=0.2ms stalls=0 max=0.0ms safepoint_max=0.32ms | log ERROR=0 WARN=9 (since start)
    node=3 bookie pid=952418 up=94s cpu=8s rss=3304MB thr=191 fds=842 | gc cycles=2 (major 2) pauses=10 max=0.01ms sum=0.1ms stalls=0 max=0.0ms safepoint_max=0.33ms | log ERROR=1 WARN=5 (since start)
    node=3 bookie   ERROR x1: Problems reading from /root/bench/data/pulsar/bookie/ledgers/current/lastMark (this is okay if it is the first time starting this bookie {}
    node=3 broker pid=952832 up=90s cpu=27s rss=6626MB thr=271 fds=575 | gc cycles=3 (major 3) pauses=15 max=0.02ms sum=0.2ms stalls=0 max=0.0ms safepoint_max=2.10ms | log ERROR=0 WARN=8 (since start)
    node=3 disk   data=153MB zk=1MB journal=3MB (1 .txn in 1 dirs) ledgers=150MB (entry logs=2, 0MB; locations=75MB ledgers-index=75MB) | fs 4% used, 372G free
    node=3 broker bench/ns metrics: producers_count=0 rate_out=0 storage_size=127563 throughput_in=0 rate_in=0 throughput_out=0 topics_count=125 msg_backlog=59 subscriptions_count=184 consumers_count=0
[2026-10-01T20:57:10Z] txn pulsar/1x200-t100-576k-w198-b100: 4. launch 9 pload processes
    launched 6 7 8 on queen-loader-03
    launched 3 4 5 on queen-loader-02
    launched 0 1 2 on queen-loader-01
[2026-10-01T20:57:21Z] txn pulsar/1x200-t100-576k-w198-b100:    READY 0/9
[2026-10-01T20:57:25Z] txn pulsar/1x200-t100-576k-w198-b100:    all 9 READY after 125s since start
[2026-10-01T20:57:27Z] txn pulsar/1x200-t100-576k-w198-b100: 5. start instant 1790888257238 (loader-1 clock + 10s) written to 9 start files; producing 70s (ramp 10s), drain <= 60s
[2026-10-01T20:57:35Z] txn pulsar/1x200-t100-576k-w198-b100:    0/9 exited | p0: 
[2026-10-01T20:58:11Z] txn pulsar/1x200-t100-576k-w198-b100:    0/9 exited | p0: [20:58:07] offered=    64004/s achieved=    63984/s shed=        0/s inflight=     7 | p50=   6.94 p99=   14.91 p999=   21.12 ms | push=1599300 pop=16 [txn] 20:58:07 txn=     646/s msgs=    64444/s avg= 99.81 msg/txn | commit p50=29.82 p99=48.90 p999=57.60 ms | aborts=0 errs=0 open=22 | in=    64444/ 
[2026-10-01T20:58:40Z] txn pulsar/1x200-t100-576k-w198-b100:    0/9 exited | p0: [20:58:37] offered=    64021/s achieved=    63971/s shed=        0/s inflight=     6 | p50=   6.94 p99=   15.55 p999=   18.82 ms | push=3519200 pop=35 [txn] 20:58:37 txn=     643/s msgs=    64161/s avg= 99.86 msg/txn | commit p50=30.08 p99=45.82 p999=55.55 ms | aborts=0 errs=0 open=21 | in=    64221/ 
[2026-10-01T20:59:16Z] txn pulsar/1x200-t100-576k-w198-b100:    8/9 exited | p0: [20:59:07] offered=        0/s achieved=        0/s shed=        0/s inflight=     0 | p50=   0.00 p99=    0.00 p999=    0.00 ms | push=4160000 pop=43 [txn] 20:59:07 txn=      81/s msgs=     7927/s avg= 97.50 msg/txn | commit p50=24.70 p99=30.59 p999=34.56 ms | aborts=0 errs=0 open=2 | in=     7922/s 
[2026-10-01T20:59:30Z] txn pulsar/1x200-t100-576k-w198-b100:    load finished after 250s since start
[2026-10-01T20:59:31Z] txn pulsar/1x200-t100-576k-w198-b100: 6. verifier: collect the 9 id ledgers, run pload -verify on loader 1
    [verify] pulsar pulsar://10.114.0.2:6650,10.114.0.3:6650,10.114.0.4:6650: 9 ledgers from /root/bench/runs/txn/pulsar/1x200-t100-576k-w198-b100/verify-ids; reading x1x200-t100-576k-w198-b100-out on subscription verify, then the rest of x1x200-t100-576k-w198-b100-in on sub
    [verify] out x1x200-t100-576k-w198-b100-out: 16 consumers on verify subscribed in 0.0s
    [verify] out x1x200-t100-576k-w198-b100-out: 21328912 records after 10s
    [verify] out x1x200-t100-576k-w198-b100-out: 37440200 records after 20s
    [verify] out x1x200-t100-576k-w198-b100-out: 37440200 records, idle 10s: scan complete after 27.4s
    [verify] rest of x1x200-t100-576k-w198-b100-in: 16 consumers on sub subscribed in 0.0s
    [verify] rest of x1x200-t100-576k-w198-b100-in: 0 records, idle 10s: scan complete after 10.0s
    [verify] system=pulsar ledgers=9 produced=37440000 ambiguous=0 out_records=37440200 out_unique=37440000 duplicates=0 dup_records=0 missing=0 pending_in=0 in_and_out=0 extra=0 ambiguous_in_out=0 rereads=0 unparsed=0 warm=200 scan=38.1s | VERDICT PASS
[2026-10-01T21:00:26Z] txn pulsar/1x200-t100-576k-w198-b100:    verifier: PASS: duplicates=0 dup_records=0 missing=0 pending_in=0 in_and_out=0 extra=0
[2026-10-01T21:00:26Z] txn pulsar/1x200-t100-576k-w198-b100: 7. collect
    node=1 zk     pid=1111318 up=299s cpu=11s rss=1233MB thr=117 fds=413 | gc cycles=0 (major 0) pauses=0 max=0.00ms sum=0.0ms stalls=0 max=0.0ms safepoint_max=3.91ms | log ERROR=0 WARN=0 (since mark 20:57:26Z)
    node=1 bookie pid=1111915 up=291s cpu=175s rss=6103MB thr=191 fds=854 | gc cycles=1 (major 1) pauses=5 max=0.07ms sum=0.2ms stalls=0 max=0.0ms safepoint_max=5.82ms | log ERROR=0 WARN=0 (since mark 20:57:26Z)
    node=1 broker pid=1112360 up=286s cpu=408s rss=7379MB thr=313 fds=641 | gc cycles=4 (major 3) pauses=15 max=0.05ms sum=0.4ms stalls=0 max=0.0ms safepoint_max=5.35ms | log ERROR=0 WARN=0 (since mark 20:57:26Z)
    node=1 disk   data=21781MB zk=2MB journal=10905MB (6 .txn in 1 dirs) ledgers=10875MB (entry logs=12, 10711MB; locations=89MB ledgers-index=75MB) | fs 10% used, 350G free
    node=1 broker bench/ns metrics: producers_count=3 throughput_in=717 rate_in=4 throughput_out=0 consumers_count=0 rate_out=0 storage_size=10820395368 topics_count=132 msg_backlog=125367 subscriptions_count=199
    node=2 zk     pid=953199 up=299s cpu=9s rss=1237MB thr=122 fds=415 | gc cycles=0 (major 0) pauses=0 max=0.00ms sum=0.0ms stalls=0 max=0.0ms safepoint_max=3.58ms | log ERROR=0 WARN=0 (since mark 20:57:26Z)
    node=2 bookie pid=953485 up=290s cpu=180s rss=6124MB thr=187 fds=854 | gc cycles=1 (major 1) pauses=5 max=0.06ms sum=0.1ms stalls=0 max=0.0ms safepoint_max=4.12ms | log ERROR=0 WARN=0 (since mark 20:57:26Z)
    node=2 broker pid=953816 up=286s cpu=428s rss=7445MB thr=285 fds=577 | gc cycles=6 (major 5) pauses=25 max=0.04ms sum=0.6ms stalls=0 max=0.0ms safepoint_max=6.19ms | log ERROR=0 WARN=0 (since mark 20:57:26Z)
    node=2 disk   data=21780MB zk=2MB journal=10905MB (6 .txn in 1 dirs) ledgers=10875MB (entry logs=12, 10711MB; locations=89MB ledgers-index=75MB) | fs 11% used, 346G free
    node=2 broker bench/ns metrics: producers_count=0 throughput_in=0 rate_in=0 throughput_out=0 consumers_count=3 rate_out=0 storage_size=11920246086 topics_count=145 msg_backlog=138740 subscriptions_count=222
    node=3 zk     pid=952162 up=298s cpu=7s rss=1206MB thr=121 fds=413 | gc cycles=0 (major 0) pauses=0 max=0.00ms sum=0.0ms stalls=0 max=0.0ms safepoint_max=2.47ms | log ERROR=0 WARN=0 (since mark 20:57:26Z)
    node=3 bookie pid=952418 up=290s cpu=134s rss=6136MB thr=192 fds=854 | gc cycles=1 (major 1) pauses=5 max=0.02ms sum=0.1ms stalls=0 max=0.0ms safepoint_max=3.17ms | log ERROR=0 WARN=0 (since mark 20:57:26Z)
    node=3 broker pid=952832 up=286s cpu=254s rss=7413MB thr=279 fds=577 | gc cycles=5 (major 5) pauses=25 max=0.03ms sum=0.4ms stalls=0 max=0.0ms safepoint_max=4.45ms | log ERROR=0 WARN=0 (since mark 20:57:26Z)
    node=3 disk   data=21778MB zk=2MB journal=10902MB (6 .txn in 1 dirs) ledgers=10875MB (entry logs=12, 10711MB; locations=89MB ledgers-index=75MB) | fs 10% used, 351G free
    node=3 broker bench/ns metrics: producers_count=0 throughput_in=0 rate_in=0 throughput_out=0 consumers_count=0 rate_out=0 storage_size=10359326865 topics_count=125 msg_backlog=110755 subscriptions_count=184
[2026-10-01T21:00:43Z] txn pulsar/1x200-t100-576k-w198-b100:    collected 2.1M into /Users/alice/Work/queen/benchmark-queen/2026-09-30-kafka-pulsar/runs/txn/pulsar/1x200-t100-576k-w198-b100
    p0: in offered=4160000 achieved=4160000 shed=0 | out consumed=4472600 errs push=0 pop=0 ack=0 | produce p99=15.68 ms | e2e p50/p99/p999=42.24/35389.44/38010.88 ms | txns=44891 msgs=4472600 aborts=0 errs=0 avg=99.63 commit p50/p99/p999=29.57/48.90/78.34 ms | cpu=83.4%
    p1: in offered=4160000 achieved=4160000 shed=0 | out consumed=4127400 errs push=0 pop=0 ack=0 | produce p99=15.30 ms | e2e p50/p99/p999=39.68/199.68/234.50 ms | txns=41274 msgs=4127400 aborts=0 errs=0 avg=100.00 commit p50/p99/p999=30.08/49.92/73.22 ms | cpu=109.0%
    p2: in offered=4160000 achieved=4160000 shed=0 | out consumed=4111000 errs push=0 pop=0 ack=0 | produce p99=15.42 ms | e2e p50/p99/p999=38.14/183.30/226.30 ms | txns=41110 msgs=4111000 aborts=0 errs=0 avg=100.00 commit p50/p99/p999=30.08/48.90/67.07 ms | cpu=107.9%
    p3: in offered=4160000 achieved=4160000 shed=0 | out consumed=4127400 errs push=0 pop=0 ack=0 | produce p99=15.55 ms | e2e p50/p99/p999=40.70/201.73/232.45 ms | txns=41274 msgs=4127400 aborts=0 errs=0 avg=100.00 commit p50/p99/p999=30.34/49.92/68.10 ms | cpu=117.8%
    p4: in offered=4160000 achieved=4160000 shed=0 | out consumed=4111000 errs push=0 pop=0 ack=0 | produce p99=15.42 ms | e2e p50/p99/p999=39.17/193.54/226.30 ms | txns=41110 msgs=4111000 aborts=0 errs=0 avg=100.00 commit p50/p99/p999=30.34/49.41/66.05 ms | cpu=116.3%
    p5: in offered=4160000 achieved=4160000 shed=0 | out consumed=4127400 errs push=0 pop=0 ack=0 | produce p99=15.55 ms | e2e p50/p99/p999=41.22/201.73/234.50 ms | txns=41274 msgs=4127400 aborts=0 errs=0 avg=100.00 commit p50/p99/p999=30.59/49.92/69.12 ms | cpu=116.3%
    p6: in offered=4160000 achieved=4160000 shed=0 | out consumed=4118900 errs push=0 pop=0 ack=0 | produce p99=15.55 ms | e2e p50/p99/p999=41.73/203.78/230.40 ms | txns=41189 msgs=4118900 aborts=0 errs=0 avg=100.00 commit p50/p99/p999=30.59/50.43/71.17 ms | cpu=111.1%
    p7: in offered=4160000 achieved=4160000 shed=0 | out consumed=4118700 errs push=0 pop=0 ack=0 | produce p99=15.68 ms | e2e p50/p99/p999=40.70/199.68/230.40 ms | txns=41187 msgs=4118700 aborts=0 errs=0 avg=100.00 commit p50/p99/p999=30.34/49.41/70.14 ms | cpu=111.9%
    p8: in offered=4160000 achieved=4160000 shed=0 | out consumed=4125600 errs push=0 pop=0 ack=0 | produce p99=14.91 ms | e2e p50/p99/p999=41.22/203.78/226.30 ms | txns=41256 msgs=4125600 aborts=0 errs=0 avg=100.00 commit p50/p99/p999=30.34/49.92/71.17 ms | cpu=111.9%
    total: 9/9 processes with a final line | input msgs offered=37440000 achieved=37440000 shed=0 | output consumed=37440000 | transactions=374565 msgs=37440000 avg=99.96 msg/txn aborts=0 txnErrors=0 | errors=0 | worst produce p99=15.68 ms | worst e2e p99=35389.44 ms | worst commit p99=50.43 ms
    verifier: PASS: duplicates=0 dup_records=0 missing=0 pending_in=0 in_and_out=0 extra=0
    durability (pulsar): E3/Qw3/Qa2 with journal fsync (ack after 2 bookie fsyncs) for data, the transaction log, the pending-ack logs and the transaction buffer snapshots; 16 transaction coordinators
[2026-10-01T21:00:45Z] txn pulsar/1x200-t100-576k-w198-b100:    stopping the cluster (data kept until the next reset)
[2026-10-01T21:01:19Z] txn pulsar/1x200-t100-576k-w198-b100: DONE in 359s -> /Users/alice/Work/queen/benchmark-queen/2026-09-30-kafka-pulsar/runs/txn/pulsar/1x200-t100-576k-w198-b100 (PASS: duplicates=0 dup_records=0 missing=0 pending_in=0 in_and_out=0 extra=0)
