pload tag=1x200-t1-9k-p0 loader=0/9 mode=batch rate=1000 msg/s batch=10 batch-max=0 max-inflight=5000 ramp=10s duration=1m10s report=10s drain=1m0s GOMAXPROCS=16 GOGC=400 seed=1790878255533767703
  offered: 1000 msg/s = 100.0 units/s (avg 10.0 msgs/unit) across 3 pacer workers (33.33 units/s each)
  topics: 1 x 200 partitions (x1x200-t1-9k..x1x200-t1-9k), entities/topic=0 (explicit partition) | picker: topics=rr entities: rr over space=23 starting at 0 [producer shard 0/9: partitions p % 9 == 0, entity j -> partition 0 + j*9]
  payload: goload jsonEvent target 256 B, avg 289.6 B raw, ~320 B stamped ({"ts":µs,"src":0,...}), pool 64x10
  consumers: 22 here (ci 0..21 of 198), poll=1000 proc-us=0 ack=async ack-inflight=256 local-src=[0 1 2]
  pulsar: url=pulsar://10.114.0.2:6650,10.114.0.3:6650,10.114.0.4:6650 admin=http://10.114.0.2:8080 ns=bench/ns sub=sub type=failover compression=lz4 batch=5ms/1 msgs/131072 B max-pending=100000/partition mem-limit=64 MB receiver-queue=1000 ack-group=100ms conns/broker=1 | feeder batches capped at -txn-size messages (whole entries per transaction) | txn: x1x200-t1-9k-in -> 22 workers (own client + TC each, NewTransaction timeout 10s, send+AckWithTxn on whole entries, txn-size 1, linger 1s) -> x1x200-t1-9k-out, 22 readers
  [admin] 2 topics with 200 partitions and subscription "sub" exist (checked in 0.0s)
  [txn] 22 workers (ci 0..21 of 198, 0 idle): each its own client + TC, a failover consumer on its partitions of x1x200-t1-9k-in, 24 producers on x1x200-t1-9k-out in all; txn-size 1, linger 1s, txn-timeout 10s; ready in 1.1s
  [consume] 22 consumers (ci 0..21 of 198), failover, partition slices (every partition exactly one consumer): 24 partition registrations here, 200 in total across all processes; idle 0 here, 0 in total; subscribed in 0.0s, settling 2s
  [produce] producer shard 0/9: 23 partitions per topic (p % 9 == 0) x 1 topics, per-partition producers created lazily on first use
READY 1790878119101
[start] waiting 9.301s for the common start 1790878133628
[start] GO 18:08:53.628 (unix ms 1790878133628)
[18:09:03] offered=      500/s achieved=      500/s shed=        0/s inflight=     0 | p50=   6.37 p99=   21.63 p999=   25.22 ms | push=5000 pop=4870 lag=130 | errs push=0 pop=0 empty=0 gor=6330 | ack=      487/s ackErr=0 ackAvg=0.00ms | e2e p50=189.44 p99=1646.59 p999=1941.50 n=4870 | e2e_local p50=209.92 p99=1826.82 n=2051
[txn] 18:09:03 txn=     487/s msgs=      487/s avg=  1.00 msg/txn | commit p50=27.01 p99=54.02 p999=107.01 ms | aborts=0 errs=0 open=22 | in=      489/s | total txns=4870 msgs=4870 aborts=0 errs=0
[18:09:13] offered=     1000/s achieved=     1000/s shed=        0/s inflight=     0 | p50=   5.60 p99=    8.26 p999=   12.35 ms | push=15000 pop=13152 lag=1848 | errs push=0 pop=0 empty=0 gor=9700 | ack=      828/s ackErr=0 ackAvg=0.00ms | e2e p50=1253.38 p99=6848.51 p999=7372.80 n=8282 | e2e_local p50=1286.14 p99=7241.73 n=3381
[txn] 18:09:13 txn=     828/s msgs=      828/s avg=  1.00 msg/txn | commit p50=26.50 p99=34.56 p999=45.31 ms | aborts=0 errs=0 open=22 | in=      828/s | total txns=13150 msgs=13150 aborts=0 errs=0
[18:09:23] offered=     1000/s achieved=      999/s shed=        0/s inflight=     1 | p50=   5.47 p99=    7.97 p999=    8.26 ms | push=24990 pop=21667 lag=3323 | errs push=0 pop=0 empty=0 gor=9950 | ack=      852/s ackErr=0 ackAvg=0.00ms | e2e p50=2736.13 p99=12386.30 p999=12910.59 n=8515 | e2e_local p50=2703.36 p99=12779.52 n=3481
[txn] 18:09:23 txn=     852/s msgs=      852/s avg=  1.00 msg/txn | commit p50=25.98 p99=32.38 p999=38.14 ms | aborts=0 errs=0 open=22 | in=      852/s | total txns=21665 msgs=21665 aborts=0 errs=0
[18:09:33] offered=     1000/s achieved=     1001/s shed=        0/s inflight=     0 | p50=   5.47 p99=    8.38 p999=   13.38 ms | push=35000 pop=30194 lag=4806 | errs push=0 pop=0 empty=0 gor=9952 | ack=      853/s ackErr=0 ackAvg=0.00ms | e2e p50=4177.92 p99=17956.86 p999=18481.15 n=8527 | e2e_local p50=4112.38 p99=18219.01 n=3488
[txn] 18:09:33 txn=     853/s msgs=      853/s avg=  1.00 msg/txn | commit p50=25.73 p99=31.87 p999=35.58 ms | aborts=0 errs=0 open=22 | in=      853/s | total txns=30194 msgs=30194 aborts=0 errs=0
[18:09:43] offered=     1000/s achieved=     1000/s shed=        0/s inflight=     0 | p50=   5.54 p99=    8.64 p999=   10.43 ms | push=45000 pop=38487 lag=6513 | errs push=0 pop=0 empty=0 gor=9713 | ack=      829/s ackErr=0 ackAvg=0.00ms | e2e p50=5734.40 p99=23461.89 p999=24248.32 n=8293 | e2e_local p50=5668.86 p99=23986.18 n=3382
[txn] 18:09:43 txn=     829/s msgs=      829/s avg=  1.00 msg/txn | commit p50=26.50 p99=34.05 p999=39.68 ms | aborts=0 errs=0 open=22 | in=      829/s | total txns=38487 msgs=38487 aborts=0 errs=0
[18:09:53] offered=     1000/s achieved=      999/s shed=        0/s inflight=     1 | p50=   5.54 p99=    8.26 p999=   16.19 ms | push=54990 pop=46823 lag=8167 | errs push=0 pop=0 empty=0 gor=9769 | ack=      834/s ackErr=0 ackAvg=0.00ms | e2e p50=7372.80 p99=28966.91 p999=29753.34 n=8336 | e2e_local p50=7241.73 p99=29753.34 n=3409
[txn] 18:09:53 txn=     833/s msgs=      833/s avg=  1.00 msg/txn | commit p50=26.24 p99=34.05 p999=41.73 ms | aborts=0 errs=0 open=22 | in=      833/s | total txns=46821 msgs=46821 aborts=0 errs=0
[drain] workers and readers keep going for up to 59.999s (ends early after 3s idle; lag now 9856)
[18:10:03] offered=     1000/s achieved=     1001/s shed=        0/s inflight=     0 | p50=   5.54 p99=    8.90 p999=   14.78 ms | push=65000 pop=55144 lag=9856 | errs push=0 pop=0 empty=0 gor=9747 | ack=      832/s ackErr=0 ackAvg=0.00ms | e2e p50=9109.50 p99=35389.44 p999=36962.30 n=8321 | e2e_local p50=8847.36 p99=36962.30 n=3407
[txn] 18:10:03 txn=     832/s msgs=      832/s avg=  1.00 msg/txn | commit p50=26.24 p99=34.05 p999=39.17 ms | aborts=0 errs=0 open=22 | in=      832/s | total txns=55145 msgs=55145 aborts=0 errs=0
[18:10:13] offered=        0/s achieved=        0/s shed=        0/s inflight=     0 | p50=   0.00 p99=    0.00 p999=    0.00 ms | push=65000 pop=63521 lag=1479 | errs push=0 pop=0 empty=0 gor=9811 | ack=      838/s ackErr=0 ackAvg=0.00ms | e2e p50=10551.30 p99=41156.61 p999=42729.47 n=8377 | e2e_local p50=10420.22 p99=42205.18 n=3295
[txn] 18:10:13 txn=     838/s msgs=      838/s avg=  1.00 msg/txn | commit p50=25.73 p99=30.85 p999=33.54 ms | aborts=0 errs=0 open=19 | in=      837/s | total txns=63521 msgs=63521 aborts=0 errs=0
[18:10:23] offered=        0/s achieved=        0/s shed=        0/s inflight=     0 | p50=   0.00 p99=    0.00 p999=    0.00 ms | push=65000 pop=65447 lag=-447 | errs push=0 pop=0 empty=0 gor=3323 | ack=      193/s ackErr=0 ackAvg=0.00ms | e2e p50=13828.10 p99=47972.35 p999=49545.22 n=1926 | e2e_local p50=42205.18 p99=47972.35 n=1073
[txn] 18:10:23 txn=     193/s msgs=      193/s avg=  1.00 msg/txn | commit p50=24.45 p99=29.57 p999=34.05 ms | aborts=0 errs=0 open=2 | in=      191/s | total txns=65447 msgs=65447 aborts=0 errs=0
[18:10:33] offered=        0/s achieved=        0/s shed=        0/s inflight=     0 | p50=   0.00 p99=    0.00 p999=    0.00 ms | push=65000 pop=66280 lag=-1280 | errs push=0 pop=0 empty=0 gor=2243 | ack=       83/s ackErr=0 ackAvg=0.00ms | e2e p50=46923.78 p99=55312.38 p999=55312.38 n=833 | e2e_local p50=46923.78 p99=55312.38 n=833
[txn] 18:10:33 txn=      83/s msgs=       83/s avg=  1.00 msg/txn | commit p50=24.19 p99=28.54 p999=30.34 ms | aborts=0 errs=0 open=2 | in=       83/s | total txns=66279 msgs=66279 aborts=0 errs=0
[18:10:43] offered=        0/s achieved=        0/s shed=        0/s inflight=     0 | p50=   0.00 p99=    0.00 p999=    0.00 ms | push=65000 pop=67104 lag=-2104 | errs push=0 pop=0 empty=0 gor=2235 | ack=       82/s ackErr=0 ackAvg=0.00ms | e2e p50=51118.08 p99=60030.98 p999=61603.84 n=824 | e2e_local p50=51118.08 p99=60030.98 n=824
[txn] 18:10:43 txn=      83/s msgs=       83/s avg=  1.00 msg/txn | commit p50=24.45 p99=28.54 p999=29.82 ms | aborts=0 errs=0 open=2 | in=       83/s | total txns=67104 msgs=67104 aborts=0 errs=0
[18:10:53] offered=        0/s achieved=        0/s shed=        0/s inflight=     0 | p50=   0.00 p99=    0.00 p999=    0.00 ms | push=65000 pop=67926 lag=-2926 | errs push=0 pop=0 empty=0 gor=2238 | ack=       82/s ackErr=0 ackAvg=0.00ms | e2e p50=63176.70 p99=65798.14 p999=65798.14 n=822 | e2e_local p50=63176.70 p99=65798.14 n=822
[txn] 18:10:53 txn=      82/s msgs=       82/s avg=  1.00 msg/txn | commit p50=24.45 p99=28.80 p999=42.24 ms | aborts=0 errs=0 open=2 | in=       82/s | total txns=67926 msgs=67926 aborts=0 errs=0
[18:11:03] offered=        0/s achieved=        0/s shed=        0/s inflight=     0 | p50=   0.00 p99=    0.00 p999=    0.00 ms | push=65000 pop=68745 lag=-3745 | errs push=0 pop=0 empty=0 gor=2234 | ack=       82/s ackErr=0 ackAvg=0.00ms | e2e p50=65273.86 p99=73924.61 p999=73924.61 n=819 | e2e_local p50=65273.86 p99=73924.61 n=819
[txn] 18:11:03 txn=      82/s msgs=       82/s avg=  1.00 msg/txn | commit p50=24.45 p99=28.54 p999=30.59 ms | aborts=0 errs=0 open=2 | in=       82/s | total txns=68745 msgs=68745 aborts=0 errs=0
[info] txn workers: 0 re-subscriptions after an abort, 69 messages held outside a transaction at the stop (left unacked)
[info] producers created: 23 per-partition producers (shard), 0 creation errors, avg creation 13.3 ms
[info] steady window 60s (after the ramp, before the producers stopped): offered 1000/s pushed 1000/s popped 838/s cpu 66.0% = 66.04 cores per 100k msg/s (produce+consume)
[final] offered=6500 achieved=6500 shed=0 (msgs: offered=65000 achieved=65000 shed=0) pushErr=0 | pushed=65000 popped=68751 lag=-3751 | popErr=0 empty=0 | overall p50=5.54 p99=9.28 p999=21.63 ms | acked=68751 ackErr=0 ackLag=-3751 ackAvg=0.00ms | e2e p50=5931.01 p99=64749.57 p999=65798.14 ms
load_cpu=38.0%
[txn-final] txns=68751 msgs=68751 aborts=0 errs=0 in=68751 avg=1.00 msg/txn | commit p50=25.98 p99=34.05 p999=50.43 max=111.10 ms
[ids] ledger /root/bench/runs/txn/pulsar/1x200-t1-9k/ids/p0.ids: 65000 confirmed, 0 failed, 0 unanswered
