pload tag=1x200-t1-9k-p2 loader=2/9 mode=batch rate=1000 msg/s batch=10 batch-max=0 max-inflight=5000 ramp=10s duration=1m10s report=10s drain=1m0s GOMAXPROCS=16 GOGC=400 seed=1790878255522692901
  offered: 1000 msg/s = 100.0 units/s (avg 10.0 msgs/unit) across 3 pacer workers (33.33 units/s each)
  topics: 1 x 200 partitions (x1x200-t1-9k..x1x200-t1-9k), entities/topic=0 (explicit partition) | picker: topics=rr entities: rr over space=22 starting at 0 [producer shard 2/9: partitions p % 9 == 2, entity j -> partition 2 + j*9]
  payload: goload jsonEvent target 256 B, avg 289.5 B raw, ~320 B stamped ({"ts":µs,"src":2,...}), pool 64x10
  consumers: 22 here (ci 44..65 of 198), poll=1000 proc-us=0 ack=async ack-inflight=256 local-src=[0 1 2]
  pulsar: url=pulsar://10.114.0.2:6650,10.114.0.3:6650,10.114.0.4:6650 admin=http://10.114.0.2:8080 ns=bench/ns sub=sub type=failover compression=lz4 batch=5ms/1 msgs/131072 B max-pending=100000/partition mem-limit=64 MB receiver-queue=1000 ack-group=100ms conns/broker=1 | feeder batches capped at -txn-size messages (whole entries per transaction) | txn: x1x200-t1-9k-in -> 22 workers (own client + TC each, NewTransaction timeout 10s, send+AckWithTxn on whole entries, txn-size 1, linger 1s) -> x1x200-t1-9k-out, 22 readers
  [admin] 2 topics with 200 partitions and subscription "sub" exist (checked in 0.0s)
  [txn] 22 workers (ci 44..65 of 198, 0 idle): each its own client + TC, a failover consumer on its partitions of x1x200-t1-9k-in, 22 producers on x1x200-t1-9k-out in all; txn-size 1, linger 1s, txn-timeout 10s; ready in 1.1s
  [consume] 22 consumers (ci 44..65 of 198), failover, partition slices (every partition exactly one consumer): 22 partition registrations here, 200 in total across all processes; idle 0 here, 0 in total; subscribed in 0.0s, settling 2s
  [produce] producer shard 2/9: 22 partitions per topic (p % 9 == 2) x 1 topics, per-partition producers created lazily on first use
READY 1790878119096
[start] waiting 9.29s for the common start 1790878133628
[start] GO 18:08:53.628 (unix ms 1790878133628)
[18:09:03] offered=      501/s achieved=      501/s shed=        0/s inflight=     0 | p50=   6.30 p99=   23.94 p999=   26.75 ms | push=5010 pop=4668 lag=342 | errs push=0 pop=0 empty=0 gor=6099 | ack=      467/s ackErr=0 ackAvg=0.00ms | e2e p50=173.06 p99=411.65 p999=489.47 n=4668 | e2e_local p50=171.01 p99=387.07 n=1883
[txn] 18:09:03 txn=     467/s msgs=      467/s avg=  1.00 msg/txn | commit p50=27.01 p99=41.22 p999=64.26 ms | aborts=0 errs=0 open=22 | in=      469/s | total txns=4668 msgs=4668 aborts=0 errs=0
[18:09:13] offered=      999/s achieved=      999/s shed=        0/s inflight=     0 | p50=   5.92 p99=   10.43 p999=   18.05 ms | push=15000 pop=12933 lag=2067 | errs push=0 pop=0 empty=0 gor=9659 | ack=      826/s ackErr=0 ackAvg=0.00ms | e2e p50=1171.46 p99=2211.84 p999=2375.68 n=8265 | e2e_local p50=1105.92 p99=2146.30 n=3367
[txn] 18:09:13 txn=     826/s msgs=      826/s avg=  1.00 msg/txn | commit p50=26.50 p99=35.07 p999=44.80 ms | aborts=0 errs=0 open=22 | in=      826/s | total txns=12931 msgs=12931 aborts=0 errs=0
[18:09:23] offered=     1000/s achieved=      999/s shed=        0/s inflight=     1 | p50=   5.66 p99=    9.41 p999=   11.84 ms | push=24990 pop=21410 lag=3580 | errs push=0 pop=0 empty=0 gor=9869 | ack=      848/s ackErr=0 ackAvg=0.00ms | e2e p50=2637.82 p99=3883.01 p999=4014.08 n=8477 | e2e_local p50=2408.45 p99=3817.47 n=3457
[txn] 18:09:23 txn=     848/s msgs=      848/s avg=  1.00 msg/txn | commit p50=25.98 p99=32.13 p999=40.19 ms | aborts=0 errs=0 open=22 | in=      848/s | total txns=21407 msgs=21407 aborts=0 errs=0
[18:09:33] offered=     1001/s achieved=     1001/s shed=        0/s inflight=     1 | p50=   5.79 p99=    9.54 p999=   11.97 ms | push=35000 pop=29895 lag=5105 | errs push=0 pop=0 empty=0 gor=9877 | ack=      849/s ackErr=0 ackAvg=0.00ms | e2e p50=4079.62 p99=5537.79 p999=5734.40 n=8486 | e2e_local p50=3719.17 p99=5537.79 n=3459
[txn] 18:09:33 txn=     849/s msgs=      849/s avg=  1.00 msg/txn | commit p50=25.98 p99=32.13 p999=36.61 ms | aborts=0 errs=0 open=22 | in=      849/s | total txns=29897 msgs=29897 aborts=0 errs=0
[18:09:43] offered=      999/s achieved=     1000/s shed=        0/s inflight=     0 | p50=   5.79 p99=    9.79 p999=   11.71 ms | push=45000 pop=38163 lag=6837 | errs push=0 pop=0 empty=0 gor=9654 | ack=      827/s ackErr=0 ackAvg=0.00ms | e2e p50=5668.86 p99=7438.34 p999=7700.48 n=8268 | e2e_local p50=5144.58 p99=7569.41 n=3368
[txn] 18:09:43 txn=     826/s msgs=      826/s avg=  1.00 msg/txn | commit p50=26.50 p99=34.05 p999=38.66 ms | aborts=0 errs=0 open=22 | in=      826/s | total txns=38162 msgs=38162 aborts=0 errs=0
[18:09:53] offered=     1001/s achieved=      999/s shed=        0/s inflight=     2 | p50=   5.86 p99=   10.05 p999=   17.02 ms | push=54990 pop=46482 lag=8508 | errs push=0 pop=0 empty=0 gor=9721 | ack=      832/s ackErr=0 ackAvg=0.00ms | e2e p50=7307.26 p99=9240.58 p999=9633.79 n=8318 | e2e_local p50=6586.37 p99=9502.72 n=3390
[txn] 18:09:53 txn=     832/s msgs=      832/s avg=  1.00 msg/txn | commit p50=26.24 p99=34.05 p999=39.17 ms | aborts=0 errs=0 open=22 | in=      832/s | total txns=46484 msgs=46484 aborts=0 errs=0
[drain] workers and readers keep going for up to 59.999s (ends early after 3s idle; lag now 10225)
[18:10:03] offered=     1000/s achieved=     1002/s shed=        0/s inflight=     0 | p50=   5.86 p99=    9.41 p999=   11.58 ms | push=65010 pop=54785 lag=10225 | errs push=0 pop=0 empty=0 gor=9697 | ack=      830/s ackErr=0 ackAvg=0.00ms | e2e p50=8978.43 p99=11206.66 p999=11599.87 n=8303 | e2e_local p50=8159.23 p99=11468.80 n=3379
[txn] 18:10:03 txn=     830/s msgs=      830/s avg=  1.00 msg/txn | commit p50=26.24 p99=34.56 p999=40.19 ms | aborts=0 errs=0 open=22 | in=      830/s | total txns=54785 msgs=54785 aborts=0 errs=0
[18:10:13] offered=        0/s achieved=        0/s shed=        0/s inflight=     0 | p50=   0.00 p99=    0.00 p999=    0.00 ms | push=65010 pop=63034 lag=1976 | errs push=0 pop=0 empty=0 gor=9640 | ack=      825/s ackErr=0 ackAvg=0.00ms | e2e p50=10551.30 p99=12910.59 p999=13303.81 n=8249 | e2e_local p50=9895.94 p99=13172.74 n=3186
[txn] 18:10:13 txn=     825/s msgs=      825/s avg=  1.00 msg/txn | commit p50=25.73 p99=31.36 p999=34.56 ms | aborts=0 errs=0 open=17 | in=      824/s | total txns=63034 msgs=63034 aborts=0 errs=0
[drain] idle for 3s after 16.8s: ending the drain (lag 670)
[info] txn workers: 0 re-subscriptions after an abort, 0 messages held outside a transaction at the stop (left unacked)
[info] producers created: 22 per-partition producers (shard), 0 creation errors, avg creation 13.2 ms
[info] steady window 60s (after the ramp, before the producers stopped): offered 1000/s pushed 1000/s popped 835/s cpu 65.7% = 65.73 cores per 100k msg/s (produce+consume)
[final] offered=6501 achieved=6501 shed=0 (msgs: offered=65010 achieved=65010 shed=0) pushErr=0 | pushed=65010 popped=64340 lag=670 | popErr=0 empty=0 | overall p50=5.86 p99=10.18 p999=23.42 ms | acked=64340 ackErr=0 ackLag=670 ackAvg=0.00ms | e2e p50=5144.58 p99=12648.45 p999=13565.95 ms
load_cpu=48.6%
[txn-final] txns=64340 msgs=64340 aborts=0 errs=0 in=64340 avg=1.00 msg/txn | commit p50=26.24 p99=34.05 p999=43.26 max=66.05 ms
[ids] ledger /root/bench/runs/txn/pulsar/1x200-t1-9k/ids/p2.ids: 65010 confirmed, 0 failed, 0 unanswered
