qload tag= loader=0/1 mode=batch rate=300000 msg/s batch=100 batch-max=0 max-inflight=5000 ramp=10s duration=1m30s report=2s drain=10s GOMAXPROCS=10 GOGC=400(default) seed=1791582272675196805
  offered: 300000 msg/s = 3000.0 units/s (avg 100.0 msgs/unit) across 61 pacer workers (49.18 units/s each)
  topics: 1 x 200 partitions (mix..mix), entities/topic=0 (explicit partition) | picker: topics=rr entities: rr over space=200 starting at 0
  payload: goload jsonEvent target 256 B, avg 289.5 B raw, ~319 B stamped ({"ts":µs,"src":0,...}), pool 64x100
  consumers: 16 here (ci 0..15 of 16), poll=1000 proc-us=0 ack=async ack-inflight=256 local-src=[0]
  queen: url=http://127.0.0.1:6632 (of 1) conns=2048 timeout=30s pop-width=10 pop-batch=1000 pop-timeout=2s lease=30s | configure: leaseTime=30 completedRetention=3600 dedup=0 retryLimit=1000000 | plain: consumers pop+ack the queue
  [queen] http://127.0.0.1:6632 healthy: version 2.1.0, this node leader
  [consume] 16 consumers of mix: pop width 10, batch 1000, long poll 2s, lease 30s, async batch acks (ack-inflight 256)
READY 1791582345170
[start] GO 21:45:45.170 (unix ms 1791582345170)
[21:45:47] offered=    30486/s achieved=    30486/s shed=        0/s inflight=     0 | p50=   6.88 p99=   15.30 p999=   16.32 ms | push=61000 pop=61000 lag=0 | errs push=0 pop=0 empty=0 gor=202 | ack=    30486/s ackErr=0 ackAvg=9.52ms | e2e p50=18.05 p99=32.64 p999=35.07 n=61000 | e2e_local p50=18.05 p99=32.64 n=61000
[21:45:49] offered=    91113/s achieved=    89913/s shed=        0/s inflight=    24 | p50=   4.32 p99=   20.61 p999=   24.19 ms | push=240800 pop=239700 lag=1100 | errs push=0 pop=0 empty=0 gor=231 | ack=    88713/s ackErr=0 ackAvg=8.11ms | e2e p50=12.99 p99=33.54 p999=37.12 n=178700 | e2e_local p50=12.99 p99=33.54 n=178700
[21:45:51] offered=   149496/s achieved=   149846/s shed=        0/s inflight=    17 | p50=   4.45 p99=   14.91 p999=   17.02 ms | push=540400 pop=538300 lag=2100 | errs push=0 pop=0 empty=0 gor=246 | ack=   149546/s ackErr=0 ackAvg=7.84ms | e2e p50=13.25 p99=24.70 p999=29.82 n=298600 | e2e_local p50=13.25 p99=24.70 n=298600
[21:45:53] offered=   209092/s achieved=   208992/s shed=        0/s inflight=    19 | p50=   5.22 p99=   30.34 p999=   34.56 ms | push=958400 pop=958200 lag=200 | errs push=0 pop=0 empty=0 gor=313 | ack=   209042/s ackErr=0 ackAvg=7.97ms | e2e p50=13.89 p99=64.77 p999=78.34 n=419900 | e2e_local p50=13.89 p99=64.77 n=419900
[21:45:55] offered=   269620/s achieved=   269471/s shed=        0/s inflight=    23 | p50=   7.78 p99=   24.45 p999=   31.10 ms | push=1497600 pop=1494700 lag=2900 | errs push=0 pop=0 empty=0 gor=353 | ack=   267422/s ackErr=0 ackAvg=8.86ms | e2e p50=20.10 p99=50.43 p999=59.14 n=536500 | e2e_local p50=20.10 p99=50.43 n=536500
[21:45:57] offered=   299952/s achieved=   299602/s shed=        0/s inflight=    26 | p50=   9.54 p99=   48.38 p999=   58.11 ms | push=2096500 pop=2091100 lag=5400 | errs push=0 pop=0 empty=0 gor=546 | ack=   298801/s ackErr=0 ackAvg=9.90ms | e2e p50=25.47 p99=84.48 p999=101.89 n=596400 | e2e_local p50=25.47 p99=84.48 n=596400
[21:45:59] offered=   300093/s achieved=   299693/s shed=        0/s inflight=    34 | p50=   9.66 p99=   38.66 p999=   49.41 ms | push=2695900 pop=2690100 lag=5800 | errs push=0 pop=0 empty=0 gor=554 | ack=   299043/s ackErr=0 ackAvg=10.64ms | e2e p50=25.98 p99=72.19 p999=88.58 n=599000 | e2e_local p50=25.98 p99=72.19 n=599000
[21:46:01] offered=   299907/s achieved=   300207/s shed=        0/s inflight=    31 | p50=  10.43 p99=   31.10 p999=   39.17 ms | push=3297000 pop=3290500 lag=6500 | errs push=0 pop=0 empty=0 gor=548 | ack=   298758/s ackErr=0 ackAvg=11.23ms | e2e p50=28.03 p99=61.70 p999=72.19 n=600400 | e2e_local p50=28.03 p99=61.70 n=600400
[21:46:03] offered=   300199/s achieved=   299948/s shed=        0/s inflight=    37 | p50=   9.92 p99=   43.26 p999=   47.87 ms | push=3896200 pop=3892500 lag=3700 | errs push=0 pop=0 empty=0 gor=553 | ack=   303002/s ackErr=0 ackAvg=11.68ms | e2e p50=26.75 p99=76.29 p999=92.67 n=602000 | e2e_local p50=26.75 p99=76.29 n=602000
[21:46:05] offered=   299805/s achieved=   300005/s shed=        0/s inflight=    32 | p50=   8.77 p99=   38.66 p999=   54.53 ms | push=4496200 pop=4493700 lag=2500 | errs push=0 pop=0 empty=0 gor=554 | ack=   299155/s ackErr=0 ackAvg=11.86ms | e2e p50=23.68 p99=68.10 p999=78.34 n=601200 | e2e_local p50=23.68 p99=68.10 n=601200
[21:46:07] offered=   299903/s achieved=   300902/s shed=        0/s inflight=    12 | p50=   9.02 p99=   47.36 p999=   51.46 ms | push=5098500 pop=5094100 lag=4400 | errs push=0 pop=0 empty=0 gor=525 | ack=   302051/s ackErr=0 ackAvg=12.01ms | e2e p50=24.19 p99=83.46 p999=95.74 n=600400 | e2e_local p50=24.19 p99=83.46 n=600400
[21:46:09] offered=   300338/s achieved=   299637/s shed=        0/s inflight=    26 | p50=   8.64 p99=   38.14 p999=   42.24 ms | push=5697300 pop=5692800 lag=4500 | errs push=0 pop=0 empty=0 gor=549 | ack=   297535/s ackErr=0 ackAvg=12.11ms | e2e p50=24.19 p99=81.41 p999=91.65 n=598700 | e2e_local p50=24.19 p99=81.41 n=598700
[21:46:11] offered=   299594/s achieved=   296850/s shed=        0/s inflight=    82 | p50=  17.02 p99=   81.41 p999=  101.89 ms | push=6292400 pop=6196900 lag=95500 | errs push=0 pop=0 empty=0 gor=661 | ack=   249362/s ackErr=0 ackAvg=12.61ms | e2e p50=30.85 p99=423.94 p999=518.14 n=504100 | e2e_local p50=30.85 p99=423.94 n=504100
[21:46:13] offered=   299161/s achieved=   294651/s shed=        0/s inflight=   170 | p50=  41.22 p99=  154.62 p999=  205.82 ms | push=6880400 pop=6636900 lag=243500 | errs push=0 pop=0 empty=0 gor=936 | ack=   220988/s ackErr=0 ackAvg=13.70ms | e2e p50=477.18 p99=1581.06 p999=1843.20 n=440000 | e2e_local p50=477.18 p99=1581.06 n=440000
[21:46:15] offered=   301215/s achieved=   302015/s shed=        0/s inflight=   155 | p50=  41.73 p99=  132.10 p999=  150.53 ms | push=7484400 pop=7090900 lag=393500 | errs push=0 pop=0 empty=0 gor=951 | ack=   222011/s ackErr=0 ackAvg=14.74ms | e2e p50=823.30 p99=2801.66 p999=3096.58 n=454000 | e2e_local p50=823.30 p99=2801.66 n=454000
[21:46:17] offered=   298787/s achieved=   300937/s shed=        0/s inflight=   115 | p50=  37.63 p99=   98.82 p999=  138.24 ms | push=8086200 pop=7557900 lag=528300 | errs push=0 pop=0 empty=0 gor=906 | ack=   236529/s ackErr=0 ackAvg=15.72ms | e2e p50=1466.37 p99=3883.01 p999=4423.68 n=467000 | e2e_local p50=1466.37 p99=3883.01 n=467000
[21:46:19] offered=   300980/s achieved=   302627/s shed=        0/s inflight=    81 | p50=  39.17 p99=  103.94 p999=  142.34 ms | push=8692700 pop=8026900 lag=665800 | errs push=0 pop=0 empty=0 gor=871 | ack=   235016/s ackErr=0 ackAvg=16.65ms | e2e p50=2023.42 p99=4751.36 p999=5603.33 n=469000 | e2e_local p50=2023.42 p99=4751.36 n=469021
[21:46:21] offered=   299399/s achieved=   299349/s shed=        0/s inflight=    81 | p50=  42.75 p99=  101.89 p999=  130.56 ms | push=9292100 pop=8472900 lag=819200 | errs push=0 pop=0 empty=0 gor=874 | ack=   220741/s ackErr=0 ackAvg=17.54ms | e2e p50=2506.75 p99=6127.62 p999=6782.98 n=446000 | e2e_local p50=2506.75 p99=6127.62 n=445990
[21:46:23] offered=   299940/s achieved=   298738/s shed=        0/s inflight=   105 | p50=  37.12 p99=   85.50 p999=  111.10 ms | push=9888500 pop=8959900 lag=928600 | errs push=0 pop=0 empty=0 gor=901 | ack=   242437/s ackErr=0 ackAvg=18.35ms | e2e p50=2998.27 p99=6651.90 p999=7176.19 n=487000 | e2e_local p50=2998.27 p99=6651.90 n=486989
[21:46:25] offered=   300760/s achieved=   299108/s shed=        0/s inflight=   140 | p50=  36.10 p99=   91.65 p999=  113.15 ms | push=10485900 pop=9455900 lag=1030000 | errs push=0 pop=0 empty=0 gor=932 | ack=   250341/s ackErr=0 ackAvg=19.11ms | e2e p50=3358.72 p99=6848.51 p999=7372.80 n=496000 | e2e_local p50=3358.72 p99=6848.51 n=496000
[21:46:27] offered=   299893/s achieved=   298343/s shed=        0/s inflight=   168 | p50=  38.14 p99=   89.60 p999=  107.01 ms | push=11082600 pop=9921900 lag=1160700 | errs push=0 pop=0 empty=0 gor=937 | ack=   233494/s ackErr=0 ackAvg=19.84ms | e2e p50=3719.17 p99=7241.73 p999=7766.02 n=466000 | e2e_local p50=3719.17 p99=7241.73 n=466000
[21:46:29] offered=   300207/s achieved=   302257/s shed=        0/s inflight=   127 | p50=  39.68 p99=  108.03 p999=  134.14 ms | push=11687100 pop=10389900 lag=1297200 | errs push=0 pop=0 empty=0 gor=919 | ack=   233505/s ackErr=0 ackAvg=20.60ms | e2e p50=4227.07 p99=7503.87 p999=8093.70 n=468000 | e2e_local p50=4227.07 p99=7503.87 n=468000
[21:46:31] offered=   299283/s achieved=   300330/s shed=        0/s inflight=    93 | p50=  39.17 p99=  103.94 p999=  132.10 ms | push=12289500 pop=10847900 lag=1441600 | errs push=0 pop=0 empty=0 gor=870 | ack=   230333/s ackErr=0 ackAvg=21.30ms | e2e p50=4685.82 p99=8093.70 p999=8585.22 n=458000 | e2e_local p50=4685.82 p99=8093.70 n=458000
[21:46:33] offered=   300280/s achieved=   301182/s shed=        0/s inflight=    88 | p50=  38.66 p99=   85.50 p999=  134.14 ms | push=12890900 pop=11297900 lag=1593000 | errs push=0 pop=0 empty=0 gor=875 | ack=   225361/s ackErr=0 ackAvg=21.97ms | e2e p50=5210.11 p99=8454.14 p999=8978.43 n=450000 | e2e_local p50=5210.11 p99=8454.14 n=450000
[21:46:35] offered=   299118/s achieved=   300119/s shed=        0/s inflight=    68 | p50=  37.12 p99=   90.62 p999=  105.98 ms | push=13490400 pop=11743900 lag=1746500 | errs push=0 pop=0 empty=0 gor=861 | ack=   220771/s ackErr=0 ackAvg=22.59ms | e2e p50=5734.40 p99=8847.36 p999=9371.65 n=446000 | e2e_local p50=5734.40 p99=8847.36 n=446000
[21:46:37] offered=   300020/s achieved=   297882/s shed=        0/s inflight=   111 | p50=  36.10 p99=   79.36 p999=   93.70 ms | push=14089700 pop=12212900 lag=1876800 | errs push=0 pop=0 empty=0 gor=898 | ack=   235105/s ackErr=0 ackAvg=23.16ms | e2e p50=6258.69 p99=9371.65 p999=9764.86 n=469000 | e2e_local p50=6258.69 p99=9371.65 n=469000
[21:46:39] offered=   299469/s achieved=   300274/s shed=        0/s inflight=    95 | p50=  38.14 p99=  115.20 p999=  134.14 ms | push=14686600 pop=12654900 lag=2031700 | errs push=0 pop=0 empty=0 gor=890 | ack=   219835/s ackErr=0 ackAvg=23.73ms | e2e p50=6717.44 p99=9764.86 p999=10158.08 n=442000 | e2e_local p50=6717.44 p99=9764.86 n=442000
[21:46:41] offered=   301509/s achieved=   300660/s shed=        0/s inflight=   114 | p50=  42.24 p99=  103.94 p999=  123.39 ms | push=15288400 pop=13069900 lag=2218500 | errs push=0 pop=0 empty=0 gor=903 | ack=   209832/s ackErr=0 ackAvg=24.32ms | e2e p50=7307.26 p99=10420.22 p999=10682.37 n=415000 | e2e_local p50=7307.26 p99=10420.22 n=415000
[21:46:43] offered=   300281/s achieved=   299980/s shed=        0/s inflight=   118 | p50=  37.63 p99=   96.77 p999=  109.06 ms | push=15887900 pop=13507900 lag=2380000 | errs push=0 pop=0 empty=0 gor=910 | ack=   217667/s ackErr=0 ackAvg=24.84ms | e2e p50=7897.09 p99=10944.51 p999=11337.73 n=438000 | e2e_local p50=7897.09 p99=10944.51 n=438000
[21:46:45] offered=   299394/s achieved=   299692/s shed=        0/s inflight=   114 | p50=  39.68 p99=  102.91 p999=  117.25 ms | push=16490500 pop=13932900 lag=2557600 | errs push=0 pop=0 empty=0 gor=903 | ack=   212858/s ackErr=0 ackAvg=25.37ms | e2e p50=8454.14 p99=11468.80 p999=11993.09 n=425000 | e2e_local p50=8454.14 p99=11468.80 n=425000
[21:46:47] offered=   299730/s achieved=   300231/s shed=        0/s inflight=   101 | p50=  37.63 p99=   98.82 p999=  119.30 ms | push=17089700 pop=14352900 lag=2736800 | errs push=0 pop=0 empty=0 gor=891 | ack=   208939/s ackErr=0 ackAvg=25.86ms | e2e p50=9109.50 p99=12124.16 p999=12648.45 n=420000 | e2e_local p50=9109.50 p99=12124.16 n=420000
[21:46:49] offered=   300690/s achieved=   300590/s shed=        0/s inflight=   104 | p50=  41.22 p99=  103.94 p999=  124.42 ms | push=17689000 pop=14763900 lag=2925100 | errs push=0 pop=0 empty=0 gor=894 | ack=   207148/s ackErr=0 ackAvg=26.36ms | e2e p50=9633.79 p99=12779.52 p999=13303.81 n=411000 | e2e_local p50=9633.79 p99=12779.52 n=411000
[21:46:51] offered=   299506/s achieved=   296207/s shed=        0/s inflight=   170 | p50=  41.73 p99=  103.94 p999=  119.30 ms | push=18281700 pop=15176900 lag=3104800 | errs push=0 pop=0 empty=0 gor=951 | ack=   204901/s ackErr=0 ackAvg=26.84ms | e2e p50=10289.15 p99=13303.81 p999=13959.17 n=413000 | e2e_local p50=10289.15 p99=13303.81 n=413000
[21:46:53] offered=   300713/s achieved=   303514/s shed=        0/s inflight=   114 | p50=  39.68 p99=  101.89 p999=  116.22 ms | push=18888500 pop=15594900 lag=3293600 | errs push=0 pop=0 empty=0 gor=902 | ack=   211579/s ackErr=0 ackAvg=27.29ms | e2e p50=10944.51 p99=13828.10 p999=14614.53 n=418000 | e2e_local p50=10944.51 p99=13828.10 n=418000
[21:46:55] offered=   299569/s achieved=   301420/s shed=        0/s inflight=    77 | p50=  41.22 p99=  128.51 p999=  158.72 ms | push=19491200 pop=16009900 lag=3481300 | errs push=0 pop=0 empty=0 gor=868 | ack=   205548/s ackErr=0 ackAvg=27.73ms | e2e p50=11599.87 p99=14614.53 p999=15269.89 n=415000 | e2e_local p50=11599.87 p99=14614.53 n=415000
[21:46:57] offered=   299863/s achieved=   295267/s shed=        0/s inflight=   169 | p50=  40.70 p99=   97.79 p999=  116.22 ms | push=20082200 pop=16434900 lag=3647300 | errs push=0 pop=0 empty=0 gor=923 | ack=   212332/s ackErr=0 ackAvg=28.16ms | e2e p50=12255.23 p99=15269.89 p999=15925.25 n=425000 | e2e_local p50=12255.23 p99=15269.89 n=425000
[21:46:59] offered=   299961/s achieved=   305008/s shed=        0/s inflight=    72 | p50=  37.63 p99=   98.82 p999=  114.18 ms | push=20692600 pop=16890900 lag=3801700 | errs push=0 pop=0 empty=0 gor=862 | ack=   228856/s ackErr=0 ackAvg=28.55ms | e2e p50=12779.52 p99=15794.18 p999=16580.61 n=456000 | e2e_local p50=12779.52 p99=15794.18 n=456000
[21:47:01] offered=   300050/s achieved=   299800/s shed=        0/s inflight=    72 | p50=  34.05 p99=   83.46 p999=  105.98 ms | push=21292200 pop=17383900 lag=3908300 | errs push=0 pop=0 empty=0 gor=861 | ack=   246500/s ackErr=0 ackAvg=28.91ms | e2e p50=13303.81 p99=16187.39 p999=16908.29 n=493000 | e2e_local p50=13303.81 p99=16187.39 n=493000
[21:47:03] offered=   300344/s achieved=   297842/s shed=        0/s inflight=   123 | p50=  36.10 p99=   78.34 p999=   91.65 ms | push=21887400 pop=17849900 lag=4037500 | errs push=0 pop=0 empty=0 gor=913 | ack=   232689/s ackErr=0 ackAvg=29.28ms | e2e p50=13697.02 p99=16580.61 p999=17432.58 n=466000 | e2e_local p50=13697.02 p99=16580.61 n=466000
[21:47:05] offered=   299359/s achieved=   301942/s shed=        0/s inflight=    71 | p50=  39.17 p99=   89.60 p999=  122.37 ms | push=22495400 pop=18277900 lag=4217500 | errs push=0 pop=0 empty=0 gor=860 | ack=   213544/s ackErr=0 ackAvg=29.67ms | e2e p50=14221.31 p99=17170.43 p999=17956.86 n=428000 | e2e_local p50=14221.31 p99=17170.43 n=428000
[21:47:07] offered=   300897/s achieved=   298277/s shed=        0/s inflight=   122 | p50=  37.63 p99=   84.48 p999=  103.94 ms | push=23087500 pop=18740900 lag=4346600 | errs push=0 pop=0 empty=0 gor=909 | ack=   234753/s ackErr=0 ackAvg=30.04ms | e2e p50=14745.60 p99=17956.86 p999=18481.15 n=463000 | e2e_local p50=14745.60 p99=17956.86 n=463000
[21:47:09] offered=   299838/s achieved=   295888/s shed=        0/s inflight=   202 | p50=  35.58 p99=   86.53 p999=  105.98 ms | push=23679400 pop=19200900 lag=4478500 | errs push=0 pop=0 empty=0 gor=995 | ack=   226453/s ackErr=0 ackAvg=30.37ms | e2e p50=15269.89 p99=18481.15 p999=19005.44 n=460000 | e2e_local p50=15269.89 p99=18481.15 n=460000
[21:47:11] offered=   300064/s achieved=   304955/s shed=        0/s inflight=   104 | p50=  37.63 p99=  100.86 p999=  116.22 ms | push=24290400 pop=19653900 lag=4636500 | errs push=0 pop=0 empty=0 gor=893 | ack=   228093/s ackErr=0 ackAvg=30.69ms | e2e p50=15794.18 p99=19005.44 p999=19791.87 n=453000 | e2e_local p50=15794.18 p99=19005.44 n=453000
[21:47:13] offered=   300132/s achieved=   302737/s shed=        0/s inflight=    51 | p50=  15.30 p99=   56.58 p999=   66.05 ms | push=24894700 pop=20544900 lag=4349800 | errs push=0 pop=0 empty=0 gor=839 | ack=   446866/s ackErr=0 ackAvg=30.54ms | e2e p50=15663.10 p99=18743.30 p999=19529.73 n=891000 | e2e_local p50=15663.10 p99=18743.30 n=891000
[21:47:15] offered=   299686/s achieved=   300585/s shed=        0/s inflight=    34 | p50=  16.19 p99=   42.75 p999=   65.28 ms | push=25496600 pop=21405900 lag=4090700 | errs push=0 pop=0 empty=0 gor=764 | ack=   428480/s ackErr=0 ackAvg=30.41ms | e2e p50=14745.60 p99=17956.86 p999=18743.30 n=861000 | e2e_local p50=14745.60 p99=17956.86 n=861000
[drain] consumers keep going for 9.976s (lag now 4083100)
[21:47:17] offered=        0/s achieved=     1702/s shed=        0/s inflight=     0 | p50=  18.82 p99=   23.68 p999=   23.68 ms | push=25500000 pop=22612900 lag=2887100 | errs push=0 pop=0 empty=0 gor=730 | ack=   603718/s ackErr=0 ackAvg=29.97ms | e2e p50=13172.74 p99=16908.29 p999=17956.86 n=1207000 | e2e_local p50=13172.74 p99=16908.29 n=1207000
[21:47:19] offered=        0/s achieved=        0/s shed=        0/s inflight=     0 | p50=   0.00 p99=    0.00 p999=    0.00 ms | push=25500000 pop=23888900 lag=1611100 | errs push=0 pop=0 empty=0 gor=734 | ack=   636093/s ackErr=0 ackAvg=29.53ms | e2e p50=11075.58 p99=14876.67 p999=15925.25 n=1276000 | e2e_local p50=11075.58 p99=14876.67 n=1276000
[21:47:21] offered=        0/s achieved=        0/s shed=        0/s inflight=     0 | p50=   0.00 p99=    0.00 p999=    0.00 ms | push=25500000 pop=25261900 lag=238100 | errs push=0 pop=0 empty=0 gor=731 | ack=   687930/s ackErr=0 ackAvg=29.10ms | e2e p50=8978.43 p99=12779.52 p999=13828.10 n=1373000 | e2e_local p50=8978.43 p99=12779.52 n=1373000
[21:47:23] offered=        0/s achieved=        0/s shed=        0/s inflight=     0 | p50=   0.00 p99=    0.00 p999=    0.00 ms | push=25500000 pop=25500000 lag=0 | errs push=0 pop=0 empty=0 gor=717 | ack=   126485/s ackErr=0 ackAvg=29.01ms | e2e p50=7634.94 p99=10027.01 p999=10551.30 n=238100 | e2e_local p50=7634.94 p99=10027.01 n=238100
[21:47:25] offered=        0/s achieved=        0/s shed=        0/s inflight=     0 | p50=   0.00 p99=    0.00 p999=    0.00 ms | push=25500000 pop=25500000 lag=0 | errs push=0 pop=0 empty=32 gor=717 | ack=        0/s ackErr=0 ackAvg=29.01ms | e2e p50=0.00 p99=0.00 p999=0.00 n=0 | e2e_local p50=0.00 p99=0.00 n=0
[info] steady window 80s (after the ramp, before the producers stopped): offered 299997/s pushed 299982/s popped 248885/s cpu 307.4% = 1.02 cores per 100k msg/s (produce+consume)
[final] offered=255000 achieved=255000 shed=0 (msgs: offered=25500000 achieved=25500000 shed=0) pushErr=0 | pushed=25500000 popped=25500000 lag=0 | popErr=0 empty=32 | overall p50=32.64 p99=96.77 p999=134.14 ms | acked=25500000 ackErr=0 ackLag=0 ackAvg=29.01ms | e2e p50=6455.30 p99=17432.58 p999=18481.15 ms
load_cpu=300.6%
