WARN max-pending 1000000 per partition producer would preallocate 5081 MB over 222 partitions (24 B/slot); using 12595 (-pending-budget-mb 64)
pload tag=pB-p2000 loader=2/9 mode=batch rate=111111 msg/s batch=100 batch-max=0 max-inflight=5000 ramp=10s duration=1m10s report=10s drain=0s GOMAXPROCS=16 GOGC=400(default) seed=1790838190185005099
  offered: 111111 msg/s = 1111.1 units/s (avg 100.0 msgs/unit) across 23 pacer workers (48.31 units/s each)
  topics: 1 x 2000 partitions (load..load), entities/topic=0 (explicit partition) | picker: topics=rr entities: rr over space=222 starting at 0 [producer shard 2/9: partitions p % 9 == 2, entity j -> partition 2 + j*9]
  payload: goload jsonEvent target 256 B, avg 289.5 B raw, ~319 B stamped ({"ts":µs,"src":2,...}), pool 64x100
  consumers: 33 here (ci 66..98 of 297), poll=1000 proc-us=0 ack=async ack-inflight=256 local-src=[0 1 2]
  pulsar: url=pulsar://10.114.0.2:6650,10.114.0.3:6650,10.114.0.4:6650 admin=http://10.114.0.2:8080 ns=bench/ns sub=sub type=failover compression=lz4 batch=5ms/1000 msgs/131072 B key-batching=false max-pending=12595/partition mem-limit=365 MB receiver-queue=1000 ack-group=100ms conns/broker=1
  [admin] 1 topics with 2000 partitions and subscription "sub" exist (checked in 1.0s)
  [consume] 33 consumers (ci 66..98 of 297), failover, partition slices (every partition exactly one consumer): 231 partition registrations here, 2000 in total across all processes; idle 0 here, 0 in total; subscribed in 0.1s, settling 2s
  [produce] producer shard 2/9: 222 partitions per topic (p % 9 == 2) x 1 topics, per-partition producers created lazily on first use
READY 1790838358101
[start] waiting 9.478s for the common start 1790838375826
[start] GO 07:06:15.826 (unix ms 1790838375826)
[07:06:25] offered=    55584/s achieved=    55504/s shed=        0/s inflight=     8 | p50=   6.50 p99=   25.22 p999=   31.87 ms | push=555000 pop=576900 lag=-21900 | errs push=0 pop=0 empty=0 gor=2116 | ack=    57694/s ackErr=0 ackAvg=0.01ms | e2e p50=6.94 p99=29.57 p999=39.68 n=576900 | e2e_local p50=6.82 p99=28.29 n=156900
[07:06:35] offered=   111113/s achieved=   111143/s shed=        0/s inflight=     5 | p50=   6.30 p99=   15.55 p999=   19.33 ms | push=1666400 pop=1733500 lag=-67100 | errs push=0 pop=0 empty=0 gor=2114 | ack=   115653/s ackErr=0 ackAvg=0.01ms | e2e p50=6.62 p99=16.06 p999=21.12 n=1156700 | e2e_local p50=6.43 p99=15.42 n=314700
[07:06:45] offered=   111100/s achieved=   111090/s shed=        0/s inflight=     6 | p50=   6.24 p99=   13.76 p999=   34.56 ms | push=2777300 pop=2888302 lag=-111002 | errs push=0 pop=0 empty=0 gor=2114 | ack=   115490/s ackErr=0 ackAvg=0.01ms | e2e p50=6.62 p99=15.94 p999=44.29 n=1154702 | e2e_local p50=6.50 p99=14.91 n=314302
[07:06:55] offered=   111108/s achieved=   111118/s shed=        0/s inflight=     6 | p50=   6.18 p99=   12.74 p999=   20.10 ms | push=3888500 pop=4042730 lag=-154230 | errs push=0 pop=0 empty=0 gor=2114 | ack=   115440/s ackErr=0 ackAvg=0.01ms | e2e p50=6.50 p99=14.78 p999=22.40 n=1154428 | e2e_local p50=6.30 p99=14.66 n=314428
[07:07:05] offered=   111111/s achieved=   111091/s shed=        0/s inflight=     6 | p50=   6.24 p99=   12.61 p999=   17.79 ms | push=4999400 pop=5198404 lag=-199004 | errs push=0 pop=0 empty=0 gor=2114 | ack=   115569/s ackErr=0 ackAvg=0.01ms | e2e p50=6.62 p99=15.17 p999=19.58 n=1155674 | e2e_local p50=6.43 p99=14.78 n=314270
[07:07:15] offered=   111101/s achieved=   111151/s shed=        0/s inflight=     2 | p50=   6.18 p99=   12.35 p999=   18.05 ms | push=6110900 pop=6353700 lag=-242800 | errs push=0 pop=0 empty=0 gor=2114 | ack=   115531/s ackErr=0 ackAvg=0.01ms | e2e p50=6.56 p99=14.78 p999=19.33 n=1155296 | e2e_local p50=6.50 p99=14.91 n=314300
[07:07:25] offered=   111107/s achieved=   111077/s shed=        0/s inflight=     5 | p50=   6.18 p99=   13.12 p999=   18.56 ms | push=7221700 pop=7508100 lag=-286400 | errs push=0 pop=0 empty=0 gor=2091 | ack=   115437/s ackErr=0 ackAvg=0.01ms | e2e p50=6.56 p99=15.55 p999=19.07 n=1154400 | e2e_local p50=6.43 p99=14.78 n=314400
[info] producers created: 222 per-partition producers (shard), 0 creation errors, avg creation 15.1 ms
[info] steady window 60s (after the ramp, before the producers stopped): offered 111107/s pushed 111112/s popped 115520/s cpu 115.2% = 1.04 cores per 100k msg/s (produce+consume)
[final] offered=72222 achieved=72222 shed=0 (msgs: offered=7222200 achieved=7222200 shed=0) pushErr=0 | pushed=7222200 popped=7508100 lag=-285900 | popErr=0 empty=0 | overall p50=6.24 p99=14.66 p999=25.22 ms | acked=7508100 ackErr=0 ackLag=-285900 ackAvg=0.01ms | e2e p50=6.62 p99=16.06 p999=29.31 ms
load_cpu=86.4%
