kload tag=1000x10-1000k-p1 loader=1/9 mode=batch rate=111111 msg/s batch=100 batch-max=0 max-inflight=5000 ramp=10s duration=1m10s report=10s drain=0s GOMAXPROCS=16 GOGC=400 seed=1790856665985188715
  offered: 111111 msg/s = 1111.1 units/s (avg 100.0 msgs/unit) across 23 pacer workers (48.31 units/s each)
  topics: 1000 x 10 partitions (r1000x10-1000k-t0..r1000x10-1000k-t999), entities/topic=0 (explicit partition) | picker: topics=rr entities: rr over space=10 starting at 1
  payload: goload jsonEvent target 256 B, avg 289.5 B raw, ~319 B stamped ({"ts":µs,"src":1,...}), pool 64x100
  consumers: 33 here (ci 33..65 of 297), poll=1000 proc-us=0 ack=async ack-inflight=256 local-src=[0 1 2]
  kafka: brokers=10.114.0.2:9092,10.114.0.3:9092,10.114.0.4:9092 rf=3 min-isr=0 producers=4 linger=5ms compression=lz4 acks=all idempotent batch-max-bytes=1048576 | consumers: protocol=classic fetch-max-wait=500ms fetch-min-bytes=1 fetch-max-partition-bytes=1048576 session=45s
  [topic] READY after 0.0s: 1000 topics x 10 partitions, leaders + full ISR
  [config] broker.default.replication.factor = 3 (STATIC_BROKER_CONFIG)
  [config] topic.compression.type = producer (DEFAULT_CONFIG)
  [config] topic.flush.ms = 100 (DEFAULT_CONFIG)
  [config] topic.max.message.bytes = 16777216 (DEFAULT_CONFIG)
  [config] topic.message.timestamp.type = CreateTime (DEFAULT_CONFIG)
  [config] topic.retention.ms = 600000 (DYNAMIC_TOPIC_CONFIG)
  [config] topic.segment.bytes = 268435456 (DYNAMIC_TOPIC_CONFIG)
  [group] 33 consumers in 33 groups (r1000x10-1000k-g-c33 ... ), protocol classic
  [group] t=+2.5s waiting: r1000x10-1000k-g-c33: local members 1/1 hold 0/40 partitions (group-wide PreparingRebalance members=1 assigned=0); r1000x10-1000k-g-c34: local members 1/1 hold 0/40 partitions (group-wide PreparingRebalance members=1 assigned=0); r1000x10-1000k-g-c35: local members 1/1 hold 0/40 partitions (group-wide PreparingRebalance members=1 assigned=0)
  [group] t=+4.5s waiting: r1000x10-1000k-g-c33: local members 1/1 hold 40/40 partitions (group-wide Stable members=1 assigned=40); r1000x10-1000k-g-c34: local members 1/1 hold 0/40 partitions (group-wide PreparingRebalance members=1 assigned=0); r1000x10-1000k-g-c35: local members 1/1 hold 40/40 partitions (group-wide Stable members=1 assigned=40)
  [group] t=+6.5s waiting: r1000x10-1000k-g-c33: local members 1/1 hold 40/40 partitions (group-wide Stable members=1 assigned=40); r1000x10-1000k-g-c34: local members 1/1 hold 40/40 partitions (group-wide Stable members=1 assigned=40); r1000x10-1000k-g-c35: local members 1/1 hold 40/40 partitions (group-wide Stable members=1 assigned=40)
  [group] t=+8.5s waiting: r1000x10-1000k-g-c34: local members 1/1 hold 40/40 partitions (group-wide Stable members=1 assigned=40); r1000x10-1000k-g-c37: local members 1/1 hold 40/40 partitions (group-wide Stable members=1 assigned=40); r1000x10-1000k-g-c39: local members 1/1 hold 40/40 partitions (group-wide Stable members=1 assigned=40)
  [group] STABLE after 8.6s: 33 groups, 33 local members holding 1320 partitions, assignEv=33 revokeEv=0 lostEv=0
  [produce] 4 clients connected to every broker with producer IDs in 0.01s; max buffered 501024 records per client
READY 1790856631658
[start] waiting 9.469s for the common start 1790856677532
[start] GO 12:11:17.532 (unix ms 1790856677532)
[12:11:27] offered=    55539/s achieved=    51639/s shed=        0/s inflight=   393 | p50=  45.31 p99=  585.73 p999=  757.76 ms | push=516400 pop=592400 lag=-76000 | errs push=0 pop=0 empty=0 gor=732 | ack=    49098/s ackErr=0 ackAvg=156.50ms | e2e p50=38.66 p99=733.18 p999=987.14 n=592400 | e2e_local p50=38.14 p99=716.80 n=197200
[12:11:37] offered=   111128/s achieved=   103848/s shed=        0/s inflight=  1118 | p50= 248.83 p99= 2572.29 p999= 2867.20 ms | push=1554800 pop=1821800 lag=-267000 | errs push=0 pop=0 empty=0 gor=720 | ack=   114869/s ackErr=0 ackAvg=444.31ms | e2e p50=473.09 p99=2146.30 p999=2736.13 n=1229400 | e2e_local p50=477.18 p99=2088.96 n=408400
[12:11:47] offered=   111088/s achieved=   112668/s shed=        0/s inflight=   962 | p50= 309.25 p99= 2801.66 p999= 3096.58 ms | push=2681600 pop=3118176 lag=-436576 | errs push=0 pop=0 empty=0 gor=701 | ack=   127594/s ackErr=0 ackAvg=586.35ms | e2e p50=798.72 p99=2637.82 p999=3129.34 n=1296376 | e2e_local p50=815.10 p99=2834.43 n=434076
[12:11:57] offered=   111140/s achieved=   120571/s shed=        0/s inflight=    17 | p50= 234.50 p99= 1548.29 p999= 1974.27 ms | push=3887200 pop=4603500 lag=-716300 | errs push=0 pop=0 empty=0 gor=587 | ack=   166497/s ackErr=0 ackAvg=639.30ms | e2e p50=436.22 p99=1875.97 p999=2637.82 n=1485324 | e2e_local p50=432.13 p99=1843.20 n=494824
[12:12:07] offered=   111122/s achieved=   109602/s shed=        0/s inflight=   169 | p50= 129.54 p99= 2007.04 p999= 2342.91 ms | push=4983200 pop=5914817 lag=-931617 | errs push=0 pop=0 empty=0 gor=765 | ack=   130683/s ackErr=0 ackAvg=574.70ms | e2e p50=216.06 p99=1515.52 p999=2088.96 n=1311517 | e2e_local p50=216.06 p99=1662.98 n=437300
[12:12:17] offered=   111100/s achieved=   107320/s shed=        0/s inflight=   547 | p50= 181.25 p99=  954.37 p999= 1171.46 ms | push=6056400 pop=7186400 lag=-1130000 | errs push=0 pop=0 empty=0 gor=746 | ack=   119910/s ackErr=0 ackAvg=537.99ms | e2e p50=272.38 p99=937.98 p999=1122.30 n=1271383 | e2e_local p50=268.29 p99=962.56 n=424300
[12:12:27] offered=   111127/s achieved=   111267/s shed=        0/s inflight=   533 | p50= 185.34 p99= 1019.90 p999= 1286.14 ms | push=7169100 pop=8505400 lag=-1336300 | errs push=0 pop=0 empty=0 gor=728 | ack=   132679/s ackErr=0 ackAvg=515.82ms | e2e p50=264.19 p99=1028.10 p999=1351.68 n=1319000 | e2e_local p50=261.12 p99=1056.77 n=440000
[info] steady window 60s (after the ramp, before the producers stopped): offered 111118/s pushed 110879/s popped 131885/s cpu 63.6% = 0.57 cores per 100k msg/s (produce+consume)
[info] 1320 warm-up messages (no "ts") received and not counted as load
[final] offered=72224 achieved=72224 shed=0 (msgs: offered=7222400 achieved=7222400 shed=0) pushErr=0 | pushed=7222400 popped=8582300 lag=-1359900 | popErr=0 empty=0 | overall p50=193.54 p99=2244.61 p999=2899.97 ms | acked=8575100 ackErr=0 ackLag=-1352700 ackAvg=519.08ms | e2e p50=354.30 p99=2072.58 p999=2801.66 ms
load_cpu=36.8%
