kload tag=1x50000-1000k-p2 loader=2/9 mode=batch rate=111111 msg/s batch=100 batch-max=0 max-inflight=5000 ramp=10s duration=1m10s report=10s drain=0s GOMAXPROCS=16 GOGC=400 seed=1790757582456139715
  offered: 111111 msg/s = 1111.1 units/s (avg 100.0 msgs/unit) across 23 pacer workers (48.31 units/s each)
  topics: 1 x 50000 partitions (k1x50000-1000k..k1x50000-1000k), entities/topic=0 (explicit partition) | picker: topics=rr entities: rr over space=50000 starting at 11111
  payload: goload jsonEvent target 256 B, avg 289.6 B raw, ~320 B stamped ({"ts":µs,"src":2,...}), pool 64x100
  consumers: 33 here (ci 66..98 of 297), poll=1000 proc-us=0 ack=async ack-inflight=256 local-src=[0 1 2]
  kafka: brokers=10.114.0.2:9092,10.114.0.3:9092,10.114.0.4:9092 rf=3 min-isr=2 producers=4 linger=5ms compression=lz4 acks=all idempotent batch-max-bytes=1048576 | consumers: protocol=consumer fetch-max-wait=500ms fetch-min-bytes=1 fetch-max-partition-bytes=1048576 session=45s
  [topic] READY after 0.1s: 1 topics x 50000 partitions, leaders + full ISR
  [config] broker.compression.type = producer (STATIC_BROKER_CONFIG)
  [config] broker.default.replication.factor = 3 (STATIC_BROKER_CONFIG)
  [config] broker.group.consumer.assignors = uniform,range (DEFAULT_CONFIG)
  [config] broker.group.coordinator.rebalance.protocols = classic,consumer,streams (DEFAULT_CONFIG)
  [config] broker.group.initial.rebalance.delay.ms = 3000 (DEFAULT_CONFIG)
  [config] broker.log.flush.interval.messages = 9223372036854775807 (DEFAULT_CONFIG)
  [config] broker.log.flush.interval.ms = <nil> (DEFAULT_CONFIG)
  [config] broker.max.incremental.fetch.session.cache.slots = 4000 (STATIC_BROKER_CONFIG)
  [config] broker.min.insync.replicas = 2 (DYNAMIC_DEFAULT_BROKER_CONFIG)
  [config] broker.num.io.threads = 16 (STATIC_BROKER_CONFIG)
  [config] broker.num.network.threads = 8 (STATIC_BROKER_CONFIG)
  [config] broker.num.replica.fetchers = 8 (STATIC_BROKER_CONFIG)
  [config] topic.compression.type = producer (STATIC_BROKER_CONFIG)
  [config] topic.flush.messages = 9223372036854775807 (DEFAULT_CONFIG)
  [config] topic.flush.ms = 9223372036854775807 (DEFAULT_CONFIG)
  [config] topic.max.message.bytes = 16777216 (STATIC_BROKER_CONFIG)
  [config] topic.message.timestamp.type = CreateTime (DEFAULT_CONFIG)
  [config] topic.min.insync.replicas = 2 (DYNAMIC_TOPIC_CONFIG)
  [config] topic.retention.ms = 600000 (DYNAMIC_TOPIC_CONFIG)
  [config] topic.segment.bytes = 268435456 (DYNAMIC_TOPIC_CONFIG)
  [config] topic.unclean.leader.election.enable = false (STATIC_BROKER_CONFIG)
  [group] 33 consumers in 1 groups (k1x50000-1000k-g-t0 ... ), protocol consumer
  [group] t=+0.4s waiting: k1x50000-1000k-g-t0: local members 33/297 hold 0/50000 partitions (group-wide ? members=0 assigned=0)
  [group] t=+2.5s waiting: k1x50000-1000k-g-t0: local members 33/297 hold 0/50000 partitions (group-wide Assigning members=297 assigned=50000)
  [group] t=+4.5s waiting: k1x50000-1000k-g-t0: local members 33/297 hold 0/50000 partitions (group-wide Assigning members=297 assigned=50000)
  [group] t=+6.5s waiting: k1x50000-1000k-g-t0: local members 33/297 hold 0/50000 partitions (group-wide Reconciling members=297 assigned=169)
  [group] t=+8.6s waiting: k1x50000-1000k-g-t0: local members 33/297 hold 0/50000 partitions (group-wide Reconciling members=297 assigned=169)
  [group] t=+10.6s waiting: k1x50000-1000k-g-t0: local members 33/297 hold 0/50000 partitions (group-wide Reconciling members=297 assigned=169)
  [group] t=+12.6s waiting: k1x50000-1000k-g-t0: local members 33/297 hold 5558/50000 partitions (group-wide Stable members=297 assigned=50000)
  [group] STABLE after 14.4s: 1 groups, 33 local members holding 5558 partitions, assignEv=66 revokeEv=0 lostEv=0
  [produce] 4 clients connected to every broker with producer IDs in 0.31s; max buffered 501024 records per client
READY 1790757576987
[start] waiting 9.203s for the common start 1790757593124
[start] GO 08:39:53.124 (unix ms 1790757593124)
[08:40:03] offered=    55532/s achieved=    51052/s shed=        0/s inflight=   450 | p50= 230.40 p99=  456.70 p999=  577.54 ms | push=510500 pop=451100 lag=59400 | errs push=0 pop=0 empty=0 gor=759 | ack=    39069/s ackErr=0 ackAvg=1192.67ms | e2e p50=261.12 p99=460.80 p999=561.15 n=451100 | e2e_local p50=261.12 p99=411.65 n=122000
[08:40:13] offered=   111122/s achieved=   110922/s shed=        0/s inflight=   468 | p50= 428.03 p99=  741.38 p999=  831.49 ms | push=1619700 pop=1563500 lag=56200 | errs push=0 pop=0 empty=0 gor=776 | ack=   108674/s ackErr=0 ackAvg=1215.38ms | e2e p50=552.96 p99=1011.71 p999=1073.15 n=1112400 | e2e_local p50=561.15 p99=1003.52 n=413100
[08:40:23] offered=   111113/s achieved=   112352/s shed=        0/s inflight=   344 | p50= 350.21 p99=  561.15 p999=  684.03 ms | push=2743300 pop=2695400 lag=47900 | errs push=0 pop=0 empty=0 gor=768 | ack=   114395/s ackErr=0 ackAvg=1207.37ms | e2e p50=428.03 p99=798.72 p999=872.45 n=1131900 | e2e_local p50=415.74 p99=790.53 n=343800
[08:40:33] offered=   111107/s achieved=   109807/s shed=        0/s inflight=   475 | p50= 382.98 p99=  634.88 p999=  700.42 ms | push=3841400 pop=3786900 lag=54500 | errs push=0 pop=0 empty=0 gor=772 | ack=   108564/s ackErr=0 ackAvg=1184.64ms | e2e p50=464.90 p99=798.72 p999=864.26 n=1091500 | e2e_local p50=468.99 p99=790.53 n=406700
[08:40:43] offered=   111120/s achieved=   111320/s shed=        0/s inflight=   449 | p50= 452.61 p99=  675.84 p999=  774.14 ms | push=4954500 pop=4903300 lag=51200 | errs push=0 pop=0 empty=0 gor=778 | ack=   110200/s ackErr=0 ackAvg=1214.62ms | e2e p50=561.15 p99=937.98 p999=1036.29 n=1116400 | e2e_local p50=561.15 p99=937.98 n=320500
[08:40:53] offered=   111109/s achieved=   109819/s shed=        0/s inflight=   583 | p50= 509.95 p99=  790.53 p999=  937.98 ms | push=6052700 pop=5998300 lag=54400 | errs push=0 pop=0 empty=0 gor=781 | ack=   103490/s ackErr=0 ackAvg=1243.20ms | e2e p50=651.26 p99=1138.69 p999=1236.99 n=1095000 | e2e_local p50=667.65 p99=1138.69 n=398000
[08:41:03] offered=   111114/s achieved=   111204/s shed=        0/s inflight=   571 | p50= 509.95 p99=  823.30 p999=  921.60 ms | push=7164800 pop=7101517 lag=63283 | errs push=0 pop=0 empty=0 gor=763 | ack=   110534/s ackErr=0 ackAvg=1265.03ms | e2e p50=626.69 p99=1056.77 p999=1122.30 n=1103217 | e2e_local p50=626.69 p99=1036.29 n=343500
[info] steady window 60s (after the ramp, before the producers stopped): offered 111114/s pushed 110904/s popped 110839/s cpu 75.9% = 0.68 cores per 100k msg/s (produce+consume)
[final] offered=72222 achieved=72222 shed=0 (msgs: offered=7222200 achieved=7222200 shed=0) pushErr=0 | pushed=7222200 popped=7225200 lag=-3000 | popErr=0 empty=0 | overall p50=428.03 p99=749.57 p999=880.64 ms | acked=7225200 ackErr=0 ackLag=-3000 ackAvg=1276.72ms | e2e p50=522.24 p99=1028.10 p999=1155.07 ms
load_cpu=60.9%
