kload tag=c3-1x200-600k-p2 loader=2/9 mode=batch rate=66666 msg/s batch=100 batch-max=0 max-inflight=5000 ramp=10s duration=1m10s report=10s drain=0s GOMAXPROCS=16 GOGC=400 seed=1790897439529787761
  offered: 66666 msg/s = 666.7 units/s (avg 100.0 msgs/unit) across 14 pacer workers (47.62 units/s each)
  topics: 1 x 200 partitions (kc3-1x200-600k..kc3-1x200-600k), entities/topic=0 (explicit partition) | picker: topics=rr entities: rr over space=200 starting at 44
  payload: goload jsonEvent target 256 B, avg 289.6 B raw, ~320 B stamped ({"ts":µs,"src":2,...}), pool 64x100
  consumers: 22 here (ci 44..65 of 198), poll=1000 proc-us=0 ack=async ack-inflight=256 local-src=[0 1 2]
  kafka: brokers=10.114.0.2:9092,10.114.0.3:9092,10.114.0.4:9092 rf=3 min-isr=2 producers=4 linger=5ms compression=lz4 acks=all idempotent batch-max-bytes=1048576 | consumers: protocol=classic fetch-max-wait=500ms fetch-min-bytes=1 fetch-max-partition-bytes=1048576 session=45s
  [topic] READY after 0.0s: 1 topics x 200 partitions, leaders + full ISR
  [config] broker.compression.type = producer (DEFAULT_CONFIG)
  [config] broker.group.initial.rebalance.delay.ms = 3000 (STATIC_BROKER_CONFIG)
  [config] topic.min.insync.replicas = 1 (DYNAMIC_TOPIC_CONFIG)
  [config] topic.retention.ms = 600000 (DYNAMIC_TOPIC_CONFIG)
  [group] 22 consumers in 1 groups (kc3-1x200-600k-g-t0 ... ), protocol classic
  [group] t=+0.0s waiting: kc3-1x200-600k-g-t0: local members 22/198 hold 0/200 partitions (group-wide PreparingRebalance members=164 assigned=0)
  [group] t=+2.0s waiting: kc3-1x200-600k-g-t0: local members 22/198 hold 0/200 partitions (group-wide PreparingRebalance members=198 assigned=0)
  [group] t=+4.0s waiting: kc3-1x200-600k-g-t0: local members 22/198 hold 0/200 partitions (group-wide PreparingRebalance members=198 assigned=0)
  [group] t=+6.0s waiting: kc3-1x200-600k-g-t0: local members 22/198 hold 22/200 partitions (group-wide Stable members=198 assigned=200)
  [group] t=+8.0s waiting: kc3-1x200-600k-g-t0: local members 22/198 hold 22/200 partitions (group-wide Stable members=198 assigned=200)
  [group] STABLE after 9.0s: 1 groups, 22 local members holding 22 partitions, assignEv=22 revokeEv=0 lostEv=0
  [produce] 4 clients connected to every broker with producer IDs in 0.01s; max buffered 501024 records per client
READY 1790896854383
[start] waiting 9.375s for the common start 1790896871183
[start] GO 23:21:11.183 (unix ms 1790896871183)
[23:21:21] offered=    33329/s achieved=    33249/s shed=        0/s inflight=     8 | p50=  10.30 p99=   21.89 p999=   34.05 ms | push=332500 pop=329300 lag=3200 | errs push=0 pop=0 empty=0 gor=257 | ack=    32859/s ackErr=0 ackAvg=7.17ms | e2e p50=10.94 p99=22.91 p999=38.14 n=329300 | e2e_local p50=10.82 p99=28.54 n=107900
[23:21:31] offered=    66671/s achieved=    66651/s shed=        0/s inflight=    11 | p50=  10.43 p99=   29.82 p999=   38.66 ms | push=999000 pop=989600 lag=9400 | errs push=0 pop=0 empty=0 gor=259 | ack=    66033/s ackErr=0 ackAvg=8.04ms | e2e p50=10.94 p99=31.10 p999=39.68 n=660300 | e2e_local p50=10.82 p99=32.13 n=222000
[23:21:41] offered=    66655/s achieved=    66695/s shed=        0/s inflight=     6 | p50=  10.43 p99=   30.85 p999=   43.26 ms | push=1665900 pop=1649300 lag=16600 | errs push=0 pop=0 empty=0 gor=249 | ack=    65993/s ackErr=0 ackAvg=8.23ms | e2e p50=10.94 p99=32.64 p999=45.82 n=659700 | e2e_local p50=10.94 p99=33.02 n=218200
[23:21:51] offered=    66655/s achieved=    66655/s shed=        0/s inflight=     6 | p50=  10.56 p99=   29.06 p999=   38.14 ms | push=2332500 pop=2309000 lag=23500 | errs push=0 pop=0 empty=0 gor=248 | ack=    65975/s ackErr=0 ackAvg=8.37ms | e2e p50=11.07 p99=29.82 p999=39.68 n=659700 | e2e_local p50=10.94 p99=30.34 n=219800
[23:22:01] offered=    66671/s achieved=    66681/s shed=        0/s inflight=     5 | p50=  10.56 p99=   35.58 p999=   47.36 ms | push=2999300 pop=2969400 lag=29900 | errs push=0 pop=0 empty=0 gor=244 | ack=    66021/s ackErr=0 ackAvg=8.52ms | e2e p50=11.20 p99=35.07 p999=48.38 n=660400 | e2e_local p50=11.07 p99=35.58 n=222000
[23:22:11] offered=    66694/s achieved=    66664/s shed=        0/s inflight=     8 | p50=  10.43 p99=   37.12 p999=   47.87 ms | push=3665900 pop=3629300 lag=36600 | errs push=0 pop=0 empty=0 gor=242 | ack=    66014/s ackErr=0 ackAvg=8.59ms | e2e p50=11.07 p99=37.12 p999=47.87 n=659900 | e2e_local p50=11.07 p99=40.19 n=218200
[23:22:21] offered=    66645/s achieved=    66655/s shed=        0/s inflight=     7 | p50=  10.43 p99=   33.54 p999=   42.24 ms | push=4332500 pop=4289300 lag=43200 | errs push=0 pop=0 empty=0 gor=245 | ack=    65965/s ackErr=0 ackAvg=8.61ms | e2e p50=11.07 p99=35.07 p999=43.26 n=660000 | e2e_local p50=10.82 p99=34.05 n=219700
[info] steady window 60s (after the ramp, before the producers stopped): offered 66665/s pushed 66667/s popped 66000/s cpu 51.9% = 0.78 cores per 100k msg/s (produce+consume)
[final] offered=43332 achieved=43332 shed=0 (msgs: offered=4333200 achieved=4333200 shed=0) pushErr=0 | pushed=4333200 popped=4290000 lag=43200 | popErr=0 empty=0 | overall p50=10.43 p99=32.38 p999=43.78 ms | acked=4290000 ackErr=0 ackLag=43200 ackAvg=8.60ms | e2e p50=11.07 p99=33.54 p999=44.80 ms
load_cpu=36.3%
