kload tag=1x200-2000k-p5 loader=5/9 mode=batch rate=222222 msg/s batch=100 batch-max=0 max-inflight=5000 ramp=10s duration=1m10s report=10s drain=0s GOMAXPROCS=16 GOGC=400 seed=1790756727943671605
  offered: 222222 msg/s = 2222.2 units/s (avg 100.0 msgs/unit) across 45 pacer workers (49.38 units/s each)
  topics: 1 x 200 partitions (k1x200-2000k..k1x200-2000k), entities/topic=0 (explicit partition) | picker: topics=rr entities: rr over space=200 starting at 111
  payload: goload jsonEvent target 256 B, avg 289.6 B raw, ~320 B stamped ({"ts":µs,"src":5,...}), pool 64x100
  consumers: 22 here (ci 110..131 of 198), poll=1000 proc-us=0 ack=async ack-inflight=256 local-src=[3 4 5]
  kafka: brokers=10.114.0.2:9092,10.114.0.3:9092,10.114.0.4:9092 rf=3 min-isr=2 producers=4 linger=5ms compression=lz4 acks=all idempotent batch-max-bytes=1048576 | consumers: protocol=consumer fetch-max-wait=500ms fetch-min-bytes=1 fetch-max-partition-bytes=1048576 session=45s
  [topic] READY after 0.0s: 1 topics x 200 partitions, leaders + full ISR
  [config] broker.compression.type = producer (STATIC_BROKER_CONFIG)
  [config] broker.default.replication.factor = 3 (STATIC_BROKER_CONFIG)
  [config] broker.group.consumer.assignors = uniform,range (DEFAULT_CONFIG)
  [config] broker.group.coordinator.rebalance.protocols = classic,consumer,streams (DEFAULT_CONFIG)
  [config] broker.group.initial.rebalance.delay.ms = 3000 (DEFAULT_CONFIG)
  [config] broker.log.flush.interval.messages = 9223372036854775807 (DEFAULT_CONFIG)
  [config] broker.log.flush.interval.ms = <nil> (DEFAULT_CONFIG)
  [config] broker.max.incremental.fetch.session.cache.slots = 4000 (STATIC_BROKER_CONFIG)
  [config] broker.min.insync.replicas = 2 (DYNAMIC_DEFAULT_BROKER_CONFIG)
  [config] broker.num.io.threads = 16 (STATIC_BROKER_CONFIG)
  [config] broker.num.network.threads = 8 (STATIC_BROKER_CONFIG)
  [config] broker.num.replica.fetchers = 8 (STATIC_BROKER_CONFIG)
  [config] topic.compression.type = producer (STATIC_BROKER_CONFIG)
  [config] topic.flush.messages = 9223372036854775807 (DEFAULT_CONFIG)
  [config] topic.flush.ms = 9223372036854775807 (DEFAULT_CONFIG)
  [config] topic.max.message.bytes = 16777216 (STATIC_BROKER_CONFIG)
  [config] topic.message.timestamp.type = CreateTime (DEFAULT_CONFIG)
  [config] topic.min.insync.replicas = 2 (DYNAMIC_TOPIC_CONFIG)
  [config] topic.retention.ms = 600000 (DYNAMIC_TOPIC_CONFIG)
  [config] topic.segment.bytes = 268435456 (DYNAMIC_TOPIC_CONFIG)
  [config] topic.unclean.leader.election.enable = false (STATIC_BROKER_CONFIG)
  [group] 22 consumers in 1 groups (k1x200-2000k-g-t0 ... ), protocol consumer
  [group] t=+0.0s waiting: k1x200-2000k-g-t0: local members 22/198 hold 0/200 partitions (group-wide ? members=0 assigned=0)
  [group] t=+2.0s waiting: k1x200-2000k-g-t0: local members 22/198 hold 0/200 partitions (group-wide Assigning members=198 assigned=200)
  [group] t=+4.0s waiting: k1x200-2000k-g-t0: local members 22/198 hold 0/200 partitions (group-wide Assigning members=198 assigned=200)
  [group] t=+6.0s waiting: k1x200-2000k-g-t0: local members 22/198 hold 0/200 partitions (group-wide Reconciling members=198 assigned=2)
  [group] t=+8.1s waiting: k1x200-2000k-g-t0: local members 22/198 hold 0/200 partitions (group-wide Reconciling members=198 assigned=2)
  [group] t=+10.1s waiting: k1x200-2000k-g-t0: local members 22/198 hold 0/200 partitions (group-wide Reconciling members=198 assigned=2)
  [group] t=+12.1s waiting: k1x200-2000k-g-t0: local members 22/198 hold 22/200 partitions (group-wide Stable members=198 assigned=200)
  [group] STABLE after 14.1s: 1 groups, 22 local members holding 22 partitions, assignEv=44 revokeEv=0 lostEv=0
  [produce] 4 clients connected to every broker with producer IDs in 0.30s; max buffered 501024 records per client
READY 1790756761758
[start] waiting 9.315s for the common start 1790756776593
[start] GO 08:26:16.593 (unix ms 1790756776593)
[08:26:26] offered=   111116/s achieved=   110986/s shed=        0/s inflight=    16 | p50=   8.10 p99=   20.61 p999=   97.79 ms | push=1109800 pop=764900 lag=344900 | errs push=0 pop=0 empty=0 gor=289 | ack=    76444/s ackErr=0 ackAvg=3.72ms | e2e p50=7.65 p99=17.54 p999=97.79 n=765000 | e2e_local p50=7.97 p99=17.79 n=366100
[08:26:36] offered=   222269/s achieved=   222229/s shed=        0/s inflight=    17 | p50=   7.90 p99=   20.86 p999=   40.19 ms | push=3332000 pop=2781100 lag=550900 | errs push=0 pop=0 empty=0 gor=281 | ack=   201639/s ackErr=0 ackAvg=3.46ms | e2e p50=7.39 p99=21.38 p999=41.22 n=2016300 | e2e_local p50=7.71 p99=21.63 n=733300
[08:26:46] offered=   222164/s achieved=   222204/s shed=        0/s inflight=    13 | p50=   7.97 p99=   61.70 p999=  160.77 ms | push=5554200 pop=4981300 lag=572900 | errs push=0 pop=0 empty=0 gor=285 | ack=   219974/s ackErr=0 ackAvg=3.93ms | e2e p50=7.46 p99=48.38 p999=146.43 n=2200000 | e2e_local p50=7.84 p99=47.36 n=733300
[08:26:56] offered=   222237/s achieved=   222207/s shed=        0/s inflight=    17 | p50=   8.03 p99=   45.31 p999=   69.12 ms | push=7776200 pop=7181100 lag=595100 | errs push=0 pop=0 empty=0 gor=290 | ack=   219976/s ackErr=0 ackAvg=4.08ms | e2e p50=7.46 p99=46.34 p999=73.22 n=2199800 | e2e_local p50=7.84 p99=46.85 n=733300
[08:27:06] offered=   222239/s achieved=   222239/s shed=        0/s inflight=    16 | p50=   8.03 p99=   45.82 p999=   82.43 ms | push=9998500 pop=9381100 lag=617400 | errs push=0 pop=0 empty=0 gor=281 | ack=   220039/s ackErr=0 ackAvg=4.17ms | e2e p50=7.52 p99=41.73 p999=66.05 n=2200000 | e2e_local p50=7.84 p99=41.22 n=733500
[08:27:16] offered=   222198/s achieved=   222208/s shed=        0/s inflight=    12 | p50=   8.16 p99=   48.38 p999=   90.62 ms | push=12220600 pop=11581200 lag=639400 | errs push=0 pop=0 empty=0 gor=291 | ack=   219948/s ackErr=0 ackAvg=4.55ms | e2e p50=7.58 p99=48.38 p999=95.74 n=2200100 | e2e_local p50=7.90 p99=49.41 n=733200
[08:27:26] offered=   222235/s achieved=   222085/s shed=        0/s inflight=    30 | p50=   8.03 p99=   57.60 p999=  146.43 ms | push=14441600 pop=13780300 lag=661300 | errs push=0 pop=0 empty=0 gor=321 | ack=   219456/s ackErr=0 ackAvg=4.49ms | e2e p50=7.52 p99=48.90 p999=140.29 n=2199100 | e2e_local p50=7.84 p99=49.41 n=733100
[info] steady window 60s (after the ramp, before the producers stopped): offered 222224/s pushed 222195/s popped 216922/s cpu 154.8% = 0.70 cores per 100k msg/s (produce+consume)
[final] offered=144446 achieved=144446 shed=0 (msgs: offered=14444600 achieved=14444600 shed=0) pushErr=0 | pushed=14444600 popped=13784300 lag=660300 | popErr=0 empty=0 | overall p50=8.03 p99=45.31 p999=129.54 ms | acked=13784300 ackErr=0 ackLag=660300 ackAvg=4.50ms | e2e p50=7.52 p99=42.75 p999=112.13 ms
load_cpu=101.8%
