qload tag=1x200-t10-9k-p3 loader=3/9 mode=batch rate=1000 msg/s batch=10 batch-max=0 max-inflight=5000 ramp=10s duration=1m10s report=10s drain=1m0s GOMAXPROCS=16 GOGC=400 seed=1790879766925637611
  offered: 1000 msg/s = 100.0 units/s (avg 10.0 msgs/unit) across 3 pacer workers (33.33 units/s each)
  topics: 1 x 200 partitions (x1x200-t10-9k..x1x200-t10-9k), entities/topic=0 (explicit partition) | picker: topics=rr entities: rr over space=200 starting at 66
  payload: goload jsonEvent target 256 B, avg 289.4 B raw, ~319 B stamped ({"ts":µs,"src":3,...}), pool 64x10
  consumers: 22 here (ci 66..87 of 198), poll=1000 proc-us=0 ack=async ack-inflight=256 local-src=[3 4 5]
  queen: url=http://10.114.0.2:6632 (of 3) conns=2048 timeout=30s pop-width=10 pop-batch=1000 pop-timeout=2s lease=10s | configure: leaseTime=30 completedRetention=3600 dedup=0 retryLimit=1000000 | txn: x1x200-t10-9k-in -> workers (txn-size 10, linger 1s, one /transaction = acks with leases + pushes) -> x1x200-t10-9k-out, 22 read-committed readers
  [queen] http://10.114.0.2:6632 healthy: version 2.0.0-beta.2, this node leader
  [txn] 22 workers (ci 66..87 of 198): x1x200-t10-9k-in -> x1x200-t10-9k-out, txn-size 10, linger 1s, pop width 10, lease 10s
  [consume] 22 consumers of x1x200-t10-9k-out: pop width 10, batch 1000, long poll 2s, lease 10s, async batch acks (ack-inflight 256)
READY 1790880059166
[start] waiting 9.34s for the common start 1790880072118
[start] GO 18:41:12.118 (unix ms 1790880072118)
[18:41:22] offered=      500/s achieved=      500/s shed=        0/s inflight=     1 | p50=   2.29 p99=    3.47 p999=    5.15 ms | push=5000 pop=5190 lag=-190 | errs push=0 pop=0 empty=176 gor=153 | ack=      519/s ackErr=0 ackAvg=4.68ms | e2e p50=11.20 p99=14.91 p999=18.30 n=5190 | e2e_local p50=11.07 p99=14.66 n=1560
[txn] 18:41:22 txn=      50/s msgs=      497/s avg= 10.00 msg/txn | commit p50=2.22 p99=3.15 p999=3.79 ms | aborts=0 errs=0 open=0 | in=      497/s | total txns=497 msgs=4970 aborts=0 errs=0
[18:41:32] offered=     1000/s achieved=     1000/s shed=        0/s inflight=     0 | p50=   2.29 p99=    3.31 p999=    3.63 ms | push=15000 pop=15310 lag=-310 | errs push=0 pop=0 empty=176 gor=152 | ack=     1011/s ackErr=0 ackAvg=4.71ms | e2e p50=11.33 p99=14.91 p999=17.79 n=10120 | e2e_local p50=11.58 p99=15.30 n=3350
[txn] 18:41:32 txn=     101/s msgs=     1008/s avg= 10.00 msg/txn | commit p50=2.22 p99=3.12 p999=4.32 ms | aborts=0 errs=0 open=0 | in=     1008/s | total txns=1505 msgs=15050 aborts=0 errs=0
[18:41:42] offered=      999/s achieved=      999/s shed=        0/s inflight=     0 | p50=   2.26 p99=    3.41 p999=    3.98 ms | push=24990 pop=25500 lag=-510 | errs push=0 pop=0 empty=176 gor=152 | ack=     1020/s ackErr=0 ackAvg=4.70ms | e2e p50=10.94 p99=15.30 p999=18.82 n=10190 | e2e_local p50=11.58 p99=15.04 n=3390
[txn] 18:41:42 txn=     100/s msgs=      998/s avg= 10.00 msg/txn | commit p50=2.19 p99=3.18 p999=3.95 ms | aborts=0 errs=0 open=0 | in=      998/s | total txns=2503 msgs=25030 aborts=0 errs=0
[18:41:52] offered=     1002/s achieved=     1001/s shed=        0/s inflight=     1 | p50=   2.32 p99=    3.38 p999=    3.70 ms | push=35000 pop=35620 lag=-620 | errs push=0 pop=0 empty=176 gor=153 | ack=     1012/s ackErr=0 ackAvg=4.69ms | e2e p50=11.20 p99=15.42 p999=18.56 n=10120 | e2e_local p50=11.58 p99=15.04 n=3310
[txn] 18:41:52 txn=     101/s msgs=     1011/s avg= 10.00 msg/txn | commit p50=2.22 p99=3.25 p999=3.95 ms | aborts=0 errs=0 open=0 | in=     1011/s | total txns=3514 msgs=35140 aborts=0 errs=0
[18:42:02] offered=      999/s achieved=     1000/s shed=        0/s inflight=     0 | p50=   2.29 p99=    3.41 p999=    4.13 ms | push=45000 pop=45610 lag=-610 | errs push=0 pop=0 empty=176 gor=152 | ack=      999/s ackErr=0 ackAvg=4.69ms | e2e p50=11.33 p99=15.04 p999=19.07 n=9990 | e2e_local p50=11.97 p99=15.04 n=3320
[txn] 18:42:02 txn=     101/s msgs=     1013/s avg= 10.00 msg/txn | commit p50=2.22 p99=3.18 p999=4.05 ms | aborts=0 errs=0 open=1 | in=     1014/s | total txns=4527 msgs=45270 aborts=0 errs=0
[18:42:12] offered=      999/s achieved=      999/s shed=        0/s inflight=     0 | p50=   2.32 p99=    3.57 p999=    8.38 ms | push=54990 pop=55700 lag=-710 | errs push=0 pop=0 empty=176 gor=152 | ack=     1009/s ackErr=0 ackAvg=4.70ms | e2e p50=11.20 p99=15.68 p999=18.56 n=10090 | e2e_local p50=11.84 p99=14.91 n=3230
[txn] 18:42:12 txn=     102/s msgs=     1019/s avg= 10.00 msg/txn | commit p50=2.26 p99=3.28 p999=4.70 ms | aborts=0 errs=0 open=0 | in=     1018/s | total txns=5546 msgs=55460 aborts=0 errs=0
[18:42:22] offered=     1002/s achieved=     1001/s shed=        0/s inflight=     1 | p50=   2.29 p99=    3.38 p999=    3.86 ms | push=65000 pop=65830 lag=-830 | errs push=0 pop=0 empty=176 gor=151 | ack=     1012/s ackErr=0 ackAvg=4.70ms | e2e p50=11.20 p99=15.30 p999=18.56 n=10130 | e2e_local p50=11.71 p99=15.17 n=3400
[txn] 18:42:22 txn=     100/s msgs=     1000/s avg= 10.00 msg/txn | commit p50=2.26 p99=3.34 p999=4.90 ms | aborts=0 errs=0 open=1 | in=     1001/s | total txns=6546 msgs=65460 aborts=0 errs=0
[drain] workers and readers keep going for up to 59.993s (ends early after 3s idle; lag now -820)
[drain] idle for 3s after 3.0s: ending the drain (lag -820)
[info] steady window 60s (after the ramp, before the producers stopped): offered 1000/s pushed 1000/s popped 1011/s cpu 15.4% = 15.44 cores per 100k msg/s (produce+consume)
[final] offered=6501 achieved=6501 shed=0 (msgs: offered=65010 achieved=65010 shed=0) pushErr=0 | pushed=65010 popped=65830 lag=-820 | popErr=0 empty=220 | overall p50=2.29 p99=3.41 p999=4.32 ms | acked=65830 ackErr=0 ackLag=-820 ackAvg=4.70ms | e2e p50=11.20 p99=15.17 p999=18.56 ms
load_cpu=12.2%
[txn-final] txns=6547 msgs=65470 aborts=0 errs=0 in=65470 avg=10.00 msg/txn | commit p50=2.22 p99=3.18 p999=4.70 max=4.96 ms
[ids] ledger /root/bench/runs/txn/queen/1x200-t10-9k/ids/p3.ids: 65010 confirmed, 0 failed, 0 unanswered
