qload tag=1x200-t10-9k-p5 loader=5/9 mode=batch rate=1000 msg/s batch=10 batch-max=0 max-inflight=5000 ramp=10s duration=1m10s report=10s drain=1m0s GOMAXPROCS=16 GOGC=400 seed=1790879766954102279
  offered: 1000 msg/s = 100.0 units/s (avg 10.0 msgs/unit) across 3 pacer workers (33.33 units/s each)
  topics: 1 x 200 partitions (x1x200-t10-9k..x1x200-t10-9k), entities/topic=0 (explicit partition) | picker: topics=rr entities: rr over space=200 starting at 111
  payload: goload jsonEvent target 256 B, avg 289.5 B raw, ~320 B stamped ({"ts":µs,"src":5,...}), pool 64x10
  consumers: 22 here (ci 110..131 of 198), poll=1000 proc-us=0 ack=async ack-inflight=256 local-src=[3 4 5]
  queen: url=http://10.114.0.4:6632 (of 3) conns=2048 timeout=30s pop-width=10 pop-batch=1000 pop-timeout=2s lease=10s | configure: leaseTime=30 completedRetention=3600 dedup=0 retryLimit=1000000 | txn: x1x200-t10-9k-in -> workers (txn-size 10, linger 1s, one /transaction = acks with leases + pushes) -> x1x200-t10-9k-out, 22 read-committed readers
  [queen] http://10.114.0.4:6632 healthy: version 2.0.0-beta.2, this node follower
  [txn] 22 workers (ci 110..131 of 198): x1x200-t10-9k-in -> x1x200-t10-9k-out, txn-size 10, linger 1s, pop width 10, lease 10s
  [consume] 22 consumers of x1x200-t10-9k-out: pop width 10, batch 1000, long poll 2s, lease 10s, async batch acks (ack-inflight 256)
READY 1790880059169
[start] waiting 9.338s for the common start 1790880072118
[start] GO 18:41:12.118 (unix ms 1790880072118)
[18:41:22] offered=      500/s achieved=      500/s shed=        0/s inflight=     0 | p50=   2.64 p99=    3.79 p999=    4.70 ms | push=5000 pop=4810 lag=190 | errs push=0 pop=0 empty=176 gor=152 | ack=      481/s ackErr=0 ackAvg=4.67ms | e2e p50=11.33 p99=15.68 p999=18.56 n=4810 | e2e_local p50=11.84 p99=18.56 n=1730
[txn] 18:41:22 txn=      50/s msgs=      495/s avg= 10.00 msg/txn | commit p50=2.32 p99=2.99 p999=3.63 ms | aborts=0 errs=0 open=0 | in=      495/s | total txns=495 msgs=4950 aborts=0 errs=0
[18:41:32] offered=     1000/s achieved=     1000/s shed=        0/s inflight=     0 | p50=   2.42 p99=    3.50 p999=    4.26 ms | push=15000 pop=14810 lag=190 | errs push=0 pop=0 empty=176 gor=152 | ack=     1000/s ackErr=0 ackAvg=4.68ms | e2e p50=11.20 p99=16.77 p999=19.07 n=10000 | e2e_local p50=11.84 p99=15.81 n=3430
[txn] 18:41:32 txn=     100/s msgs=     1003/s avg= 10.00 msg/txn | commit p50=2.29 p99=3.18 p999=3.70 ms | aborts=0 errs=0 open=0 | in=     1003/s | total txns=1498 msgs=14980 aborts=0 errs=0
[18:41:42] offered=     1001/s achieved=     1001/s shed=        0/s inflight=     0 | p50=   2.42 p99=    3.60 p999=    4.38 ms | push=25010 pop=24790 lag=220 | errs push=0 pop=0 empty=176 gor=152 | ack=      998/s ackErr=0 ackAvg=4.69ms | e2e p50=11.33 p99=15.42 p999=19.33 n=9980 | e2e_local p50=11.97 p99=17.54 n=3140
[txn] 18:41:42 txn=      99/s msgs=      993/s avg= 10.00 msg/txn | commit p50=2.29 p99=3.02 p999=3.50 ms | aborts=0 errs=0 open=0 | in=      993/s | total txns=2491 msgs=24910 aborts=0 errs=0
[18:41:52] offered=      999/s achieved=      999/s shed=        0/s inflight=     0 | p50=   2.42 p99=    3.70 p999=    4.70 ms | push=35000 pop=34890 lag=110 | errs push=0 pop=0 empty=176 gor=153 | ack=     1010/s ackErr=0 ackAvg=4.70ms | e2e p50=11.20 p99=16.77 p999=18.30 n=10100 | e2e_local p50=11.84 p99=17.02 n=3500
[txn] 18:41:52 txn=      98/s msgs=      981/s avg= 10.00 msg/txn | commit p50=2.29 p99=3.06 p999=3.47 ms | aborts=0 errs=0 open=0 | in=      981/s | total txns=3472 msgs=34720 aborts=0 errs=0
[18:42:02] offered=     1000/s achieved=     1000/s shed=        0/s inflight=     0 | p50=   2.45 p99=    3.66 p999=    4.05 ms | push=45000 pop=44960 lag=40 | errs push=0 pop=0 empty=176 gor=152 | ack=     1007/s ackErr=0 ackAvg=4.71ms | e2e p50=11.33 p99=17.28 p999=19.33 n=10070 | e2e_local p50=11.84 p99=18.56 n=3350
[txn] 18:42:02 txn=     100/s msgs=     1002/s avg= 10.00 msg/txn | commit p50=2.32 p99=3.22 p999=3.63 ms | aborts=0 errs=0 open=1 | in=     1003/s | total txns=4474 msgs=44740 aborts=0 errs=0
[18:42:12] offered=     1001/s achieved=     1001/s shed=        0/s inflight=     0 | p50=   2.45 p99=    3.70 p999=    4.51 ms | push=55010 pop=54830 lag=180 | errs push=0 pop=0 empty=176 gor=152 | ack=      987/s ackErr=0 ackAvg=4.72ms | e2e p50=11.33 p99=16.06 p999=22.14 n=9870 | e2e_local p50=11.97 p99=17.79 n=3370
[txn] 18:42:12 txn=     100/s msgs=      995/s avg= 10.00 msg/txn | commit p50=2.35 p99=3.15 p999=4.13 ms | aborts=0 errs=0 open=0 | in=      994/s | total txns=5469 msgs=54690 aborts=0 errs=0
[drain] workers and readers keep going for up to 59.999s (ends early after 3s idle; lag now 200)
[18:42:22] offered=      999/s achieved=      999/s shed=        0/s inflight=     0 | p50=   2.45 p99=    3.66 p999=    4.58 ms | push=65000 pop=64800 lag=200 | errs push=0 pop=0 empty=176 gor=149 | ack=      997/s ackErr=0 ackAvg=4.72ms | e2e p50=11.20 p99=16.32 p999=19.33 n=9970 | e2e_local p50=11.84 p99=15.04 n=3190
[txn] 18:42:22 txn=      99/s msgs=      994/s avg= 10.00 msg/txn | commit p50=2.29 p99=3.25 p999=4.58 ms | aborts=0 errs=0 open=0 | in=      994/s | total txns=6463 msgs=64630 aborts=0 errs=0
[drain] idle for 3s after 3.1s: ending the drain (lag 180)
[info] steady window 60s (after the ramp, before the producers stopped): offered 1000/s pushed 1000/s popped 1000/s cpu 15.5% = 15.50 cores per 100k msg/s (produce+consume)
[final] offered=6500 achieved=6500 shed=0 (msgs: offered=65000 achieved=65000 shed=0) pushErr=0 | pushed=65000 popped=64820 lag=180 | popErr=0 empty=218 | overall p50=2.45 p99=3.66 p999=4.58 ms | acked=64820 ackErr=0 ackLag=180 ackAvg=4.72ms | e2e p50=11.20 p99=16.51 p999=19.07 ms
load_cpu=12.1%
[txn-final] txns=6463 msgs=64630 aborts=0 errs=0 in=64630 avg=10.00 msg/txn | commit p50=2.32 p99=3.15 p999=3.82 max=4.58 ms
[ids] ledger /root/bench/runs/txn/queen/1x200-t10-9k/ids/p5.ids: 65000 confirmed, 0 failed, 0 unanswered
