pload tag=1x200-t10-72k-p6 loader=6/9 mode=batch rate=8000 msg/s batch=10 batch-max=0 max-inflight=5000 ramp=10s duration=1m10s report=10s drain=1m0s GOMAXPROCS=16 GOGC=400 seed=1790879120072391477
  offered: 8000 msg/s = 800.0 units/s (avg 10.0 msgs/unit) across 17 pacer workers (47.06 units/s each)
  topics: 1 x 200 partitions (x1x200-t10-72k..x1x200-t10-72k), entities/topic=0 (explicit partition) | picker: topics=rr entities: rr over space=22 starting at 0 [producer shard 6/9: partitions p % 9 == 6, entity j -> partition 6 + j*9]
  payload: goload jsonEvent target 256 B, avg 289.4 B raw, ~319 B stamped ({"ts":µs,"src":6,...}), pool 64x10
  consumers: 22 here (ci 132..153 of 198), poll=1000 proc-us=0 ack=async ack-inflight=256 local-src=[6 7 8]
  pulsar: url=pulsar://10.114.0.2:6650,10.114.0.3:6650,10.114.0.4:6650 admin=http://10.114.0.2:8080 ns=bench/ns sub=sub type=failover compression=lz4 batch=5ms/10 msgs/131072 B max-pending=100000/partition mem-limit=64 MB receiver-queue=1000 ack-group=100ms conns/broker=1 | feeder batches capped at -txn-size messages (whole entries per transaction) | txn: x1x200-t10-72k-in -> 22 workers (own client + TC each, NewTransaction timeout 10s, send+AckWithTxn on whole entries, txn-size 10, linger 1s) -> x1x200-t10-72k-out, 22 readers
  [admin] 2 topics with 200 partitions and subscription "sub" exist (checked in 0.0s)
  [txn] 22 workers (ci 132..153 of 198, 0 idle): each its own client + TC, a failover consumer on its partitions of x1x200-t10-72k-in, 22 producers on x1x200-t10-72k-out in all; txn-size 10, linger 1s, txn-timeout 10s; ready in 1.1s
  [consume] 22 consumers (ci 132..153 of 198), failover, partition slices (every partition exactly one consumer): 22 partition registrations here, 200 in total across all processes; idle 0 here, 0 in total; subscribed in 0.0s, settling 2s
  [produce] producer shard 6/9: 22 partitions per topic (p % 9 == 6) x 1 topics, per-partition producers created lazily on first use
READY 1790879393352
[start] waiting 9.319s for the common start 1790879407298
[start] GO 18:30:07.298 (unix ms 1790879407298)
[18:30:17] offered=     4000/s achieved=     3995/s shed=        0/s inflight=     6 | p50=   5.92 p99=   10.56 p999=   31.10 ms | push=39950 pop=39050 lag=900 | errs push=0 pop=0 empty=0 gor=5345 | ack=     3905/s ackErr=0 ackAvg=0.00ms | e2e p50=33.54 p99=75.26 p999=207.87 n=39050 | e2e_local p50=34.05 p99=79.36 n=16110
[txn] 18:30:17 txn=     391/s msgs=     3905/s avg= 10.00 msg/txn | commit p50=28.03 p99=59.14 p999=181.25 ms | aborts=0 errs=0 open=22 | in=     3927/s | total txns=3905 msgs=39050 aborts=0 errs=0
[18:30:27] offered=     8000/s achieved=     8002/s shed=        0/s inflight=     3 | p50=   5.92 p99=    9.66 p999=   13.25 ms | push=119970 pop=118230 lag=1740 | errs push=0 pop=0 empty=0 gor=9314 | ack=     7918/s ackErr=0 ackAvg=0.00ms | e2e p50=63.74 p99=207.87 p999=218.11 n=79180 | e2e_local p50=87.55 p99=211.97 n=32710
[txn] 18:30:27 txn=     792/s msgs=     7918/s avg= 10.00 msg/txn | commit p50=27.01 p99=37.12 p999=51.46 ms | aborts=0 errs=0 open=22 | in=     7918/s | total txns=11823 msgs=118230 aborts=0 errs=0
[18:30:37] offered=     8001/s achieved=     7999/s shed=        0/s inflight=     5 | p50=   5.98 p99=   10.56 p999=   16.77 ms | push=199960 pop=197410 lag=2550 | errs push=0 pop=0 empty=0 gor=9329 | ack=     7918/s ackErr=0 ackAvg=0.00ms | e2e p50=120.32 p99=321.54 p999=362.50 n=79180 | e2e_local p50=201.73 p99=342.02 n=32630
[txn] 18:30:37 txn=     792/s msgs=     7916/s avg= 10.00 msg/txn | commit p50=27.01 p99=39.68 p999=51.97 ms | aborts=0 errs=0 open=22 | in=     7916/s | total txns=19739 msgs=197390 aborts=0 errs=0
[18:30:47] offered=     8000/s achieved=     8000/s shed=        0/s inflight=     5 | p50=   5.86 p99=    9.15 p999=   11.58 ms | push=279960 pop=276790 lag=3170 | errs push=0 pop=0 empty=0 gor=9352 | ack=     7938/s ackErr=0 ackAvg=0.00ms | e2e p50=45.31 p99=183.30 p999=244.74 n=79380 | e2e_local p50=56.06 p99=224.26 n=32890
[txn] 18:30:47 txn=     794/s msgs=     7940/s avg= 10.00 msg/txn | commit p50=27.01 p99=34.05 p999=40.19 ms | aborts=0 errs=0 open=22 | in=     7940/s | total txns=27679 msgs=276790 aborts=0 errs=0
[18:30:57] offered=     8000/s achieved=     8000/s shed=        0/s inflight=     5 | p50=   6.05 p99=   10.56 p999=   14.27 ms | push=359960 pop=353610 lag=6350 | errs push=0 pop=0 empty=0 gor=9091 | ack=     7682/s ackErr=0 ackAvg=0.00ms | e2e p50=89.60 p99=485.38 p999=528.38 n=76820 | e2e_local p50=108.03 p99=509.95 n=31480
[txn] 18:30:57 txn=     768/s msgs=     7677/s avg= 10.00 msg/txn | commit p50=28.03 p99=39.68 p999=46.34 ms | aborts=0 errs=0 open=22 | in=     7677/s | total txns=35356 msgs=353560 aborts=0 errs=0
[18:31:07] offered=     7999/s achieved=     7999/s shed=        0/s inflight=     4 | p50=   5.98 p99=    9.41 p999=   11.20 ms | push=439950 pop=434200 lag=5750 | errs push=0 pop=0 empty=0 gor=9468 | ack=     8059/s ackErr=0 ackAvg=0.00ms | e2e p50=228.35 p99=577.54 p999=593.92 n=80590 | e2e_local p50=436.22 p99=585.73 n=33090
[txn] 18:31:07 txn=     807/s msgs=     8065/s avg= 10.00 msg/txn | commit p50=26.75 p99=34.05 p999=38.66 ms | aborts=0 errs=0 open=22 | in=     8065/s | total txns=43421 msgs=434210 aborts=0 errs=0
[18:31:17] offered=     8001/s achieved=     8002/s shed=        0/s inflight=     4 | p50=   5.86 p99=    9.28 p999=   10.18 ms | push=519970 pop=513840 lag=6130 | errs push=0 pop=0 empty=0 gor=9349 | ack=     7964/s ackErr=0 ackAvg=0.00ms | e2e p50=46.85 p99=536.58 p999=544.77 n=79640 | e2e_local p50=195.58 p99=536.58 n=33010
[txn] 18:31:17 txn=     796/s msgs=     7960/s avg= 10.00 msg/txn | commit p50=27.01 p99=33.54 p999=35.58 ms | aborts=0 errs=0 open=21 | in=     7959/s | total txns=51381 msgs=513810 aborts=0 errs=0
[drain] workers and readers keep going for up to 59.989s (ends early after 3s idle; lag now 6110)
[drain] idle for 3s after 3.4s: ending the drain (lag 5230)
[info] txn workers: 0 re-subscriptions after an abort, 0 messages held outside a transaction at the stop (left unacked)
[info] producers created: 22 per-partition producers (shard), 0 creation errors, avg creation 19.1 ms
[info] steady window 60s (after the ramp, before the producers stopped): offered 8000/s pushed 8000/s popped 7913/s cpu 91.9% = 11.49 cores per 100k msg/s (produce+consume)
[final] offered=52001 achieved=52001 shed=0 (msgs: offered=520010 achieved=520010 shed=0) pushErr=0 | pushed=520010 popped=514780 lag=5230 | popErr=0 empty=0 | overall p50=5.92 p99=9.79 p999=14.78 ms | acked=514780 ackErr=0 ackLag=5230 ackAvg=0.00ms | e2e p50=57.60 p99=528.38 p999=577.54 ms
load_cpu=67.8%
[txn-final] txns=51478 msgs=514780 aborts=0 errs=0 in=514780 avg=10.00 msg/txn | commit p50=27.26 p99=38.14 p999=58.62 max=191.49 ms
[ids] ledger /root/bench/runs/txn/pulsar/1x200-t10-72k/ids/p6.ids: 520010 confirmed, 0 failed, 0 unanswered
