qload tag=1x100000-t10-9k-p0 loader=0/9 mode=batch rate=1000 msg/s batch=10 batch-max=0 max-inflight=5000 ramp=10s duration=1m10s report=10s drain=1m0s GOMAXPROCS=16 GOGC=400 seed=1790880413501686678
  offered: 1000 msg/s = 100.0 units/s (avg 10.0 msgs/unit) across 3 pacer workers (33.33 units/s each)
  topics: 1 x 100000 partitions (x1x100000-t10-9k..x1x100000-t10-9k), entities/topic=0 (explicit partition) | picker: topics=rr entities: rr over space=100000 starting at 0
  payload: goload jsonEvent target 256 B, avg 289.6 B raw, ~320 B stamped ({"ts":µs,"src":0,...}), pool 64x10
  consumers: 33 here (ci 0..32 of 297), poll=1000 proc-us=0 ack=async ack-inflight=256 local-src=[0 1 2]
  queen: url=http://10.114.0.2:6632 (of 3) conns=2048 timeout=30s pop-width=10 pop-batch=1000 pop-timeout=2s lease=10s | configure: leaseTime=30 completedRetention=3600 dedup=0 retryLimit=1000000 | txn: x1x100000-t10-9k-in -> workers (txn-size 10, linger 1s, one /transaction = acks with leases + pushes) -> x1x100000-t10-9k-out, 33 read-committed readers
  [queen] http://10.114.0.2:6632 healthy: version 2.0.0-beta.2, this node leader
  [txn] 33 workers (ci 0..32 of 297): x1x100000-t10-9k-in -> x1x100000-t10-9k-out, txn-size 10, linger 1s, pop width 10, lease 10s
  [consume] 33 consumers of x1x100000-t10-9k-out: pop width 10, batch 1000, long poll 2s, lease 10s, async batch acks (ack-inflight 256)
READY 1790880520207
[start] waiting 9.148s for the common start 1790880532767
[start] GO 18:48:52.767 (unix ms 1790880532767)
[18:49:02] offered=      499/s achieved=      499/s shed=        0/s inflight=     0 | p50=   2.29 p99=    3.47 p999=    4.19 ms | push=4990 pop=5890 lag=-900 | errs push=0 pop=0 empty=231 gor=236 | ack=      589/s ackErr=0 ackAvg=4.63ms | e2e p50=12.48 p99=21.89 p999=23.42 n=5890 | e2e_local p50=12.10 p99=22.40 n=1870
[txn] 18:49:02 txn=      53/s msgs=      534/s avg= 10.00 msg/txn | commit p50=2.45 p99=4.58 p999=11.46 ms | aborts=0 errs=0 open=0 | in=      534/s | total txns=534 msgs=5340 aborts=0 errs=0
[18:49:12] offered=     1001/s achieved=     1001/s shed=        0/s inflight=     0 | p50=   2.26 p99=    3.63 p999=    3.86 ms | push=15000 pop=15660 lag=-660 | errs push=0 pop=0 empty=231 gor=236 | ack=      977/s ackErr=0 ackAvg=4.66ms | e2e p50=11.71 p99=15.17 p999=17.79 n=9770 | e2e_local p50=10.82 p99=15.30 n=3390
[txn] 18:49:12 txn=     101/s msgs=     1010/s avg= 10.00 msg/txn | commit p50=2.38 p99=3.34 p999=4.19 ms | aborts=0 errs=0 open=0 | in=     1010/s | total txns=1544 msgs=15440 aborts=0 errs=0
[18:49:22] offered=     1000/s achieved=      999/s shed=        0/s inflight=     1 | p50=   2.26 p99=    3.60 p999=    4.51 ms | push=24990 pop=25600 lag=-610 | errs push=0 pop=0 empty=231 gor=237 | ack=      994/s ackErr=0 ackAvg=4.67ms | e2e p50=11.58 p99=16.32 p999=19.58 n=9940 | e2e_local p50=10.82 p99=15.17 n=3290
[txn] 18:49:22 txn=     100/s msgs=     1004/s avg= 10.00 msg/txn | commit p50=2.35 p99=3.38 p999=3.66 ms | aborts=0 errs=0 open=0 | in=     1004/s | total txns=2548 msgs=25480 aborts=0 errs=0
[18:49:32] offered=     1000/s achieved=     1000/s shed=        0/s inflight=     1 | p50=   2.22 p99=    3.54 p999=    4.45 ms | push=34990 pop=36310 lag=-1320 | errs push=0 pop=0 empty=231 gor=237 | ack=     1071/s ackErr=0 ackAvg=4.67ms | e2e p50=11.46 p99=14.66 p999=16.19 n=10710 | e2e_local p50=10.69 p99=14.66 n=3270
[txn] 18:49:32 txn=     100/s msgs=     1004/s avg= 10.00 msg/txn | commit p50=2.32 p99=3.25 p999=7.52 ms | aborts=0 errs=0 open=0 | in=     1004/s | total txns=3552 msgs=35520 aborts=0 errs=0
[18:49:42] offered=     1000/s achieved=     1001/s shed=        0/s inflight=     0 | p50=   2.26 p99=    3.54 p999=    4.45 ms | push=45000 pop=46120 lag=-1120 | errs push=0 pop=0 empty=231 gor=236 | ack=      981/s ackErr=0 ackAvg=4.67ms | e2e p50=11.58 p99=21.38 p999=26.50 n=9810 | e2e_local p50=10.69 p99=15.42 n=3210
[txn] 18:49:42 txn=     100/s msgs=     1004/s avg= 10.00 msg/txn | commit p50=2.35 p99=3.60 p999=12.86 ms | aborts=0 errs=0 open=0 | in=     1004/s | total txns=4556 msgs=45560 aborts=0 errs=0
[18:49:52] offered=     1000/s achieved=      999/s shed=        0/s inflight=     1 | p50=   2.29 p99=    3.63 p999=    5.60 ms | push=54990 pop=56250 lag=-1260 | errs push=0 pop=0 empty=231 gor=237 | ack=     1013/s ackErr=0 ackAvg=4.68ms | e2e p50=11.71 p99=22.40 p999=62.21 n=10130 | e2e_local p50=11.20 p99=25.22 n=3340
[txn] 18:49:52 txn=     100/s msgs=      999/s avg= 10.00 msg/txn | commit p50=2.38 p99=12.61 p999=19.07 ms | aborts=0 errs=0 open=0 | in=      999/s | total txns=5555 msgs=55550 aborts=0 errs=0
[drain] workers and readers keep going for up to 59.999s (ends early after 3s idle; lag now -630)
[18:50:02] offered=      999/s achieved=     1000/s shed=        0/s inflight=     0 | p50=   2.29 p99=    3.66 p999=    5.41 ms | push=64990 pop=65620 lag=-630 | errs push=0 pop=0 empty=231 gor=233 | ack=      937/s ackErr=0 ackAvg=4.68ms | e2e p50=11.71 p99=15.42 p999=18.56 n=9370 | e2e_local p50=10.69 p99=14.27 n=3050
[txn] 18:50:02 txn=     101/s msgs=     1009/s avg= 10.00 msg/txn | commit p50=2.42 p99=4.13 p999=19.58 ms | aborts=0 errs=0 open=0 | in=     1009/s | total txns=6564 msgs=65640 aborts=0 errs=0
[drain] idle for 3s after 3.1s: ending the drain (lag -650)
[info] steady window 60s (after the ramp, before the producers stopped): offered 1000/s pushed 1000/s popped 995/s cpu 14.2% = 14.17 cores per 100k msg/s (produce+consume)
[final] offered=6499 achieved=6499 shed=0 (msgs: offered=64990 achieved=64990 shed=0) pushErr=0 | pushed=64990 popped=65640 lag=-650 | popErr=0 empty=314 | overall p50=2.26 p99=3.60 p999=5.02 ms | acked=65640 ackErr=0 ackLag=-650 ackAvg=4.68ms | e2e p50=11.71 p99=18.30 p999=26.50 ms
load_cpu=11.1%
[txn-final] txns=6565 msgs=65650 aborts=0 errs=0 in=65650 avg=10.00 msg/txn | commit p50=2.38 p99=3.73 p999=16.19 max=23.68 ms
[ids] ledger /root/bench/runs/txn/queen/1x100000-t10-9k/ids/p0.ids: 64990 confirmed, 0 failed, 0 unanswered
