WARN max-pending 1000000 per partition producer would preallocate 526 MB over 23 partitions (24 B/slot); using 121574 (-pending-budget-mb 64)
pload tag=pA-r300k loader=0/9 mode=batch rate=33334 msg/s batch=100 batch-max=0 max-inflight=5000 ramp=10s duration=1m10s report=10s drain=0s GOMAXPROCS=16 GOGC=400(default) seed=1790837363755820566
  offered: 33334 msg/s = 333.3 units/s (avg 100.0 msgs/unit) across 7 pacer workers (47.62 units/s each)
  topics: 1 x 200 partitions (load..load), entities/topic=0 (explicit partition) | picker: topics=rr entities: rr over space=23 starting at 0 [producer shard 0/9: partitions p % 9 == 0, entity j -> partition 0 + j*9]
  payload: goload jsonEvent target 256 B, avg 289.5 B raw, ~319 B stamped ({"ts":µs,"src":0,...}), pool 64x100
  consumers: 22 here (ci 0..21 of 198), poll=1000 proc-us=0 ack=async ack-inflight=256 local-src=[0 1 2]
  pulsar: url=pulsar://10.114.0.2:6650,10.114.0.3:6650,10.114.0.4:6650 admin=http://10.114.0.2:8080 ns=bench/ns sub=sub type=failover compression=lz4 batch=5ms/1000 msgs/131072 B key-batching=false max-pending=121574/partition mem-limit=365 MB receiver-queue=1000 ack-group=100ms conns/broker=1
  [admin] 1 topics with 200 partitions and subscription "sub" exist (checked in 0.5s)
  [consume] 22 consumers (ci 0..21 of 198), failover, partition slices (every partition exactly one consumer): 24 partition registrations here, 200 in total across all processes; idle 0 here, 0 in total; subscribed in 0.0s, settling 2s
  [produce] producer shard 0/9: 23 partitions per topic (p % 9 == 0) x 1 topics, per-partition producers created lazily on first use
READY 1790837525704
[start] waiting 9.418s for the common start 1790837544549
[start] GO 06:52:24.549 (unix ms 1790837544549)
[06:52:34] offered=    16661/s achieved=    16661/s shed=        0/s inflight=     0 | p50=   6.43 p99=   19.58 p999=   27.26 ms | push=166600 pop=179800 lag=-13200 | errs push=0 pop=0 empty=0 gor=256 | ack=    17981/s ackErr=0 ackAvg=0.01ms | e2e p50=6.75 p99=24.70 p999=33.02 n=179800 | e2e_local p50=6.69 p99=24.70 n=81000
[06:52:44] offered=    33330/s achieved=    33320/s shed=        0/s inflight=     1 | p50=   6.11 p99=    9.15 p999=   10.05 ms | push=499800 pop=538908 lag=-39108 | errs push=0 pop=0 empty=0 gor=256 | ack=    35911/s ackErr=0 ackAvg=0.01ms | e2e p50=6.30 p99=13.89 p999=14.66 n=359108 | e2e_local p50=6.24 p99=13.89 n=161600
[06:52:54] offered=    33350/s achieved=    33330/s shed=        0/s inflight=     3 | p50=   6.18 p99=   13.89 p999=   19.84 ms | push=833100 pop=896600 lag=-63500 | errs push=0 pop=0 empty=0 gor=256 | ack=    35769/s ackErr=0 ackAvg=0.01ms | e2e p50=6.37 p99=14.40 p999=21.12 n=357692 | e2e_local p50=6.24 p99=14.27 n=161300
[06:53:04] offered=    33329/s achieved=    33329/s shed=        0/s inflight=     5 | p50=   6.11 p99=    9.15 p999=   10.05 ms | push=1166400 pop=1255700 lag=-89300 | errs push=0 pop=0 empty=0 gor=256 | ack=    35909/s ackErr=0 ackAvg=0.01ms | e2e p50=6.30 p99=13.89 p999=14.91 n=359100 | e2e_local p50=6.30 p99=13.89 n=161500
[06:53:14] offered=    33338/s achieved=    33358/s shed=        0/s inflight=     1 | p50=   6.11 p99=    9.66 p999=   14.14 ms | push=1500000 pop=1613202 lag=-113202 | errs push=0 pop=0 empty=0 gor=256 | ack=    35748/s ackErr=0 ackAvg=0.01ms | e2e p50=6.37 p99=14.02 p999=16.32 n=357502 | e2e_local p50=6.30 p99=14.02 n=161302
[06:53:24] offered=    33322/s achieved=    33332/s shed=        0/s inflight=     0 | p50=   6.05 p99=    9.02 p999=    9.92 ms | push=1833300 pop=1972200 lag=-138900 | errs push=0 pop=0 empty=0 gor=256 | ack=    35901/s ackErr=0 ackAvg=0.01ms | e2e p50=6.30 p99=14.02 p999=14.78 n=358998 | e2e_local p50=6.18 p99=13.89 n=161298
[06:53:34] offered=    33328/s achieved=    33318/s shed=        0/s inflight=     1 | p50=   6.11 p99=   12.48 p999=   19.33 ms | push=2166500 pop=2329400 lag=-162900 | errs push=0 pop=0 empty=0 gor=249 | ack=    35718/s ackErr=0 ackAvg=0.01ms | e2e p50=6.37 p99=14.78 p999=20.86 n=357200 | e2e_local p50=6.37 p99=14.78 n=160900
[info] producers created: 23 per-partition producers (shard), 0 creation errors, avg creation 14.3 ms
[info] steady window 60s (after the ramp, before the producers stopped): offered 33333/s pushed 33331/s popped 35826/s cpu 34.9% = 1.05 cores per 100k msg/s (produce+consume)
[final] offered=21666 achieved=21666 shed=0 (msgs: offered=2166600 achieved=2166600 shed=0) pushErr=0 | pushed=2166600 popped=2329700 lag=-163100 | popErr=0 empty=0 | overall p50=6.11 p99=9.92 p999=19.84 ms | acked=2329700 ackErr=0 ackLag=-163100 ackAvg=0.01ms | e2e p50=6.37 p99=14.14 p999=23.94 ms
load_cpu=26.0%
