kload tag=c3-1x100k-1000k-p4 loader=4/9 mode=batch rate=111111 msg/s batch=100 batch-max=0 max-inflight=5000 ramp=10s duration=1m10s report=10s drain=0s GOMAXPROCS=16 GOGC=400 seed=1790894524680906053
  offered: 111111 msg/s = 1111.1 units/s (avg 100.0 msgs/unit) across 23 pacer workers (48.31 units/s each)
  topics: 1 x 100000 partitions (kc3-1x100k-1000k..kc3-1x100k-1000k), entities/topic=0 (explicit partition) | picker: topics=rr entities: rr over space=100000 starting at 44444
  payload: goload jsonEvent target 256 B, avg 289.6 B raw, ~320 B stamped ({"ts":µs,"src":4,...}), pool 64x100
  consumers: 33 here (ci 132..164 of 297), poll=1000 proc-us=0 ack=async ack-inflight=256 local-src=[3 4 5]
  kafka: brokers=10.114.0.2:9092,10.114.0.3:9092,10.114.0.4:9092 rf=3 min-isr=2 producers=4 linger=5ms compression=lz4 acks=all idempotent batch-max-bytes=1048576 | consumers: protocol=classic fetch-max-wait=500ms fetch-min-bytes=1 fetch-max-partition-bytes=1048576 session=45s
  [topic] READY after 0.2s: 1 topics x 100000 partitions, leaders + full ISR
  [config] broker.compression.type = producer (DEFAULT_CONFIG)
  [config] broker.group.initial.rebalance.delay.ms = 3000 (STATIC_BROKER_CONFIG)
  [config] topic.min.insync.replicas = 1 (DYNAMIC_TOPIC_CONFIG)
  [config] topic.retention.ms = 600000 (DYNAMIC_TOPIC_CONFIG)
  [group] 33 consumers in 1 groups (kc3-1x100k-1000k-g-t0 ... ), protocol classic
  [group] t=+0.4s waiting: kc3-1x100k-1000k-g-t0: local members 33/297 hold 0/100000 partitions (group-wide PreparingRebalance members=2 assigned=0)
  [group] t=+2.4s waiting: kc3-1x100k-1000k-g-t0: local members 33/297 hold 0/100000 partitions (group-wide PreparingRebalance members=297 assigned=0)
  [group] t=+4.5s waiting: kc3-1x100k-1000k-g-t0: local members 33/297 hold 0/100000 partitions (group-wide PreparingRebalance members=297 assigned=0)
  [group] t=+6.5s waiting: kc3-1x100k-1000k-g-t0: local members 33/297 hold 11110/100000 partitions (group-wide Stable members=297 assigned=100000)
  [group] t=+8.6s waiting: kc3-1x100k-1000k-g-t0: local members 33/297 hold 11110/100000 partitions (group-wide Stable members=297 assigned=100000)
  [group] STABLE after 9.4s: 1 groups, 33 local members holding 11110 partitions, assignEv=33 revokeEv=0 lostEv=0
  [produce] 4 clients connected to every broker with producer IDs in 0.02s; max buffered 501024 records per client
READY 1790894733766
[start] waiting 9.33s for the common start 1790894749028
[start] GO 22:45:49.028 (unix ms 1790894749028)
[22:45:59] offered=    55531/s achieved=    54951/s shed=        0/s inflight=    58 | p50=  19.07 p99=   74.24 p999=  325.63 ms | push=549500 pop=543112 lag=6388 | errs push=0 pop=0 empty=0 gor=737 | ack=    51151/s ackErr=0 ackAvg=54.74ms | e2e p50=20.35 p99=91.65 p999=268.29 n=543112 | e2e_local p50=21.12 p99=81.41 n=180712
[22:46:09] offered=   111096/s achieved=   111096/s shed=        0/s inflight=    68 | p50=  51.46 p99=  111.10 p999=  207.87 ms | push=1661300 pop=1655100 lag=6200 | errs push=0 pop=0 empty=0 gor=741 | ack=   106812/s ackErr=0 ackAvg=283.24ms | e2e p50=111.10 p99=264.19 p999=354.30 n=1111988 | e2e_local p50=113.15 p99=272.38 n=372288
[22:46:19] offered=   111118/s achieved=   110978/s shed=        0/s inflight=    72 | p50=  48.38 p99=   91.65 p999=  112.13 ms | push=2770200 pop=2763800 lag=6400 | errs push=0 pop=0 empty=0 gor=747 | ack=   112587/s ackErr=0 ackAvg=356.93ms | e2e p50=102.91 p99=197.63 p999=224.26 n=1108700 | e2e_local p50=102.91 p99=197.63 n=369700
[22:46:29] offered=   111140/s achieved=   111020/s shed=        0/s inflight=    84 | p50=  55.04 p99=  107.01 p999=  129.54 ms | push=3880400 pop=3872800 lag=7600 | errs push=0 pop=0 empty=0 gor=733 | ack=   109560/s ackErr=0 ackAvg=404.02ms | e2e p50=121.34 p99=240.64 p999=272.38 n=1109000 | e2e_local p50=120.32 p99=234.50 n=369900
[22:46:39] offered=   111111/s achieved=   111261/s shed=        0/s inflight=    69 | p50=  58.62 p99=  114.18 p999=  138.24 ms | push=4993000 pop=4987000 lag=6000 | errs push=0 pop=0 empty=0 gor=741 | ack=   111501/s ackErr=0 ackAvg=438.44ms | e2e p50=132.10 p99=244.74 p999=280.58 n=1114200 | e2e_local p50=130.56 p99=244.74 n=370500
[22:46:49] offered=   111109/s achieved=   110809/s shed=        0/s inflight=   100 | p50=  55.55 p99=  105.98 p999=  140.29 ms | push=6101100 pop=6094800 lag=6300 | errs push=0 pop=0 empty=0 gor=762 | ack=   111019/s ackErr=0 ackAvg=459.12ms | e2e p50=124.42 p99=230.40 p999=259.07 n=1107800 | e2e_local p50=123.39 p99=230.40 n=369600
[22:46:59] offered=   111104/s achieved=   111274/s shed=        0/s inflight=    82 | p50=  57.60 p99=  124.42 p999=  158.72 ms | push=7213900 pop=7206290 lag=7610 | errs push=0 pop=0 empty=0 gor=740 | ack=   111084/s ackErr=0 ackAvg=475.02ms | e2e p50=126.46 p99=250.88 p999=284.67 n=1111490 | e2e_local p50=125.44 p99=250.88 n=370400
[info] steady window 60s (after the ramp, before the producers stopped): offered 111113/s pushed 111073/s popped 111053/s cpu 327.3% = 2.95 cores per 100k msg/s (produce+consume)
[info] 11110 warm-up messages (no "ts") received and not counted as load
[final] offered=72221 achieved=72221 shed=0 (msgs: offered=7222100 achieved=7222100 shed=0) pushErr=0 | pushed=7222100 popped=7217100 lag=5000 | popErr=0 empty=0 | overall p50=52.48 p99=110.08 p999=156.67 ms | acked=7207890 ackErr=0 ackLag=14210 ackAvg=475.45ms | e2e p50=114.18 p99=238.59 p999=292.86 ms
load_cpu=249.2%
