kload tag=1x200-3000k-p1 loader=1/9 mode=batch rate=333333 msg/s batch=100 batch-max=0 max-inflight=5000 ramp=10s duration=1m10s report=10s drain=0s GOMAXPROCS=16 GOGC=400 seed=1790761301211864153
  offered: 333333 msg/s = 3333.3 units/s (avg 100.0 msgs/unit) across 64 pacer workers (52.08 units/s each)
  topics: 1 x 200 partitions (k1x200-3000k..k1x200-3000k), entities/topic=0 (explicit partition) | picker: topics=rr entities: rr over space=200 starting at 22
  payload: goload jsonEvent target 256 B, avg 289.5 B raw, ~320 B stamped ({"ts":µs,"src":1,...}), pool 64x100
  consumers: 22 here (ci 22..43 of 198), poll=1000 proc-us=0 ack=async ack-inflight=256 local-src=[0 1 2]
  kafka: brokers=10.114.0.2:9092,10.114.0.3:9092,10.114.0.4:9092 rf=3 min-isr=2 producers=4 linger=5ms compression=lz4 acks=all idempotent batch-max-bytes=1048576 | consumers: protocol=consumer fetch-max-wait=500ms fetch-min-bytes=1 fetch-max-partition-bytes=1048576 session=45s
  [topic] READY after 0.0s: 1 topics x 200 partitions, leaders + full ISR
  [config] broker.compression.type = producer (STATIC_BROKER_CONFIG)
  [config] broker.default.replication.factor = 3 (STATIC_BROKER_CONFIG)
  [config] broker.group.consumer.assignors = uniform,range (DEFAULT_CONFIG)
  [config] broker.group.coordinator.rebalance.protocols = classic,consumer,streams (DEFAULT_CONFIG)
  [config] broker.group.initial.rebalance.delay.ms = 3000 (DEFAULT_CONFIG)
  [config] broker.log.flush.interval.messages = 9223372036854775807 (DEFAULT_CONFIG)
  [config] broker.log.flush.interval.ms = <nil> (DEFAULT_CONFIG)
  [config] broker.max.incremental.fetch.session.cache.slots = 4000 (STATIC_BROKER_CONFIG)
  [config] broker.min.insync.replicas = 2 (DYNAMIC_DEFAULT_BROKER_CONFIG)
  [config] broker.num.io.threads = 16 (STATIC_BROKER_CONFIG)
  [config] broker.num.network.threads = 8 (STATIC_BROKER_CONFIG)
  [config] broker.num.replica.fetchers = 8 (STATIC_BROKER_CONFIG)
  [config] topic.compression.type = producer (STATIC_BROKER_CONFIG)
  [config] topic.flush.messages = 9223372036854775807 (DEFAULT_CONFIG)
  [config] topic.flush.ms = 9223372036854775807 (DEFAULT_CONFIG)
  [config] topic.max.message.bytes = 16777216 (STATIC_BROKER_CONFIG)
  [config] topic.message.timestamp.type = CreateTime (DEFAULT_CONFIG)
  [config] topic.min.insync.replicas = 2 (DYNAMIC_TOPIC_CONFIG)
  [config] topic.retention.ms = 600000 (DYNAMIC_TOPIC_CONFIG)
  [config] topic.segment.bytes = 268435456 (DYNAMIC_TOPIC_CONFIG)
  [config] topic.unclean.leader.election.enable = false (STATIC_BROKER_CONFIG)
  [group] 22 consumers in 1 groups (k1x200-3000k-g-t0 ... ), protocol consumer
  [group] t=+0.0s waiting: k1x200-3000k-g-t0: local members 22/198 hold 0/200 partitions (group-wide ? members=0 assigned=0)
  [group] t=+2.0s waiting: k1x200-3000k-g-t0: local members 22/198 hold 200/200 partitions (group-wide Assigning members=198 assigned=200)
  [group] t=+4.0s waiting: k1x200-3000k-g-t0: local members 22/198 hold 200/200 partitions (group-wide Assigning members=198 assigned=200)
  [group] t=+6.1s waiting: k1x200-3000k-g-t0: local members 22/198 hold 2/200 partitions (group-wide Reconciling members=198 assigned=2)
  [group] t=+8.1s waiting: k1x200-3000k-g-t0: local members 22/198 hold 2/200 partitions (group-wide Reconciling members=198 assigned=2)
  [group] t=+10.1s waiting: k1x200-3000k-g-t0: local members 22/198 hold 2/200 partitions (group-wide Reconciling members=198 assigned=2)
  [group] t=+12.1s waiting: k1x200-3000k-g-t0: local members 22/198 hold 23/200 partitions (group-wide Stable members=198 assigned=200)
  [group] STABLE after 14.1s: 1 groups, 22 local members holding 23 partitions, assignEv=44 revokeEv=1 lostEv=0
  [produce] 4 clients connected to every broker with producer IDs in 0.29s; max buffered 501024 records per client
READY 1790761386529
[start] waiting 9.331s for the common start 1790761400878
[start] GO 09:43:20.878 (unix ms 1790761400878)
[09:43:30] offered=   166723/s achieved=   166413/s shed=        0/s inflight=    31 | p50=   8.90 p99=   54.02 p999=  127.49 ms | push=1664000 pop=1722200 lag=-58200 | errs push=0 pop=0 empty=0 gor=351 | ack=   171963/s ackErr=0 ackAvg=6.92ms | e2e p50=8.64 p99=50.43 p999=121.34 n=1722200 | e2e_local p50=8.51 p99=47.36 n=573900
[09:43:40] offered=   333312/s achieved=   333402/s shed=        0/s inflight=    21 | p50=   8.51 p99=   41.22 p999=   60.67 ms | push=4998000 pop=5172500 lag=-174500 | errs push=0 pop=0 empty=0 gor=536 | ack=   342612/s ackErr=0 ackAvg=32.83ms | e2e p50=8.26 p99=44.80 p999=66.05 n=3450300 | e2e_local p50=8.26 p99=43.26 n=1150800
[09:43:50] offered=   333312/s achieved=   333332/s shed=        0/s inflight=    20 | p50=   8.51 p99=   33.54 p999=   79.36 ms | push=8331400 pop=8622100 lag=-290700 | errs push=0 pop=0 empty=0 gor=574 | ack=   344771/s ackErr=0 ackAvg=50.02ms | e2e p50=8.64 p99=46.85 p999=96.77 n=3449600 | e2e_local p50=8.51 p99=46.34 n=1149500
[09:44:00] offered=   333357/s achieved=   333327/s shed=        0/s inflight=    23 | p50=   8.77 p99=   61.70 p999=  113.15 ms | push=11664700 pop=12071100 lag=-406400 | errs push=0 pop=0 empty=0 gor=548 | ack=   344306/s ackErr=0 ackAvg=58.01ms | e2e p50=9.02 p99=71.17 p999=140.29 n=3449000 | e2e_local p50=9.02 p99=70.14 n=1149400
[09:44:10] offered=   333313/s achieved=   333343/s shed=        0/s inflight=    22 | p50=   8.64 p99=   51.97 p999=   91.65 ms | push=14998000 pop=15522200 lag=-524200 | errs push=0 pop=0 empty=0 gor=563 | ack=   345799/s ackErr=0 ackAvg=62.46ms | e2e p50=8.77 p99=62.21 p999=95.74 n=3451200 | e2e_local p50=8.77 p99=61.70 n=1151000
[09:44:20] offered=   333380/s achieved=   333330/s shed=        0/s inflight=    25 | p50=   8.64 p99=   45.82 p999=   68.10 ms | push=18331300 pop=18972000 lag=-640700 | errs push=0 pop=0 empty=0 gor=547 | ack=   344444/s ackErr=0 ackAvg=65.33ms | e2e p50=8.77 p99=57.60 p999=79.36 n=3449700 | e2e_local p50=8.77 p99=57.09 n=1149600
[09:44:30] offered=   333314/s achieved=   333184/s shed=        0/s inflight=    38 | p50=   8.64 p99=   33.54 p999=   58.11 ms | push=21663400 pop=22421600 lag=-758200 | errs push=0 pop=0 empty=0 gor=505 | ack=   344523/s ackErr=0 ackAvg=67.20ms | e2e p50=8.90 p99=39.17 p999=56.06 n=3449600 | e2e_local p50=8.90 p99=39.17 n=1149500
[info] steady window 60s (after the ramp, before the producers stopped): offered 333331/s pushed 333320/s popped 344986/s cpu 216.2% = 0.65 cores per 100k msg/s (produce+consume)
[final] offered=216672 achieved=216672 shed=0 (msgs: offered=21667200 achieved=21667200 shed=0) pushErr=0 | pushed=21667200 popped=22424800 lag=-757600 | popErr=0 empty=0 | overall p50=8.64 p99=45.31 p999=92.67 ms | acked=22424800 ackErr=0 ackLag=-757600 ackAvg=67.98ms | e2e p50=8.64 p99=53.50 p999=103.94 ms
load_cpu=143.7%
