qload tag=1x200-t10-72k-p6 loader=6/9 mode=batch rate=8000 msg/s batch=10 batch-max=0 max-inflight=5000 ramp=10s duration=1m10s report=10s drain=1m0s GOMAXPROCS=16 GOGC=400 seed=1790881352850848403
  offered: 8000 msg/s = 800.0 units/s (avg 10.0 msgs/unit) across 17 pacer workers (47.06 units/s each)
  topics: 1 x 200 partitions (x1x200-t10-72k..x1x200-t10-72k), entities/topic=0 (explicit partition) | picker: topics=rr entities: rr over space=200 starting at 133
  payload: goload jsonEvent target 256 B, avg 289.5 B raw, ~320 B stamped ({"ts":µs,"src":6,...}), pool 64x10
  consumers: 22 here (ci 132..153 of 198), poll=1000 proc-us=0 ack=async ack-inflight=256 local-src=[6 7 8]
  queen: url=http://10.114.0.2:6632 (of 3) conns=2048 timeout=30s pop-width=10 pop-batch=1000 pop-timeout=2s lease=10s | configure: leaseTime=30 completedRetention=3600 dedup=0 retryLimit=1000000 | txn: x1x200-t10-72k-in -> workers (txn-size 10, linger 1s, one /transaction = acks with leases + pushes) -> x1x200-t10-72k-out, 22 read-committed readers
  [queen] http://10.114.0.2:6632 healthy: version 2.0.0-beta.2, this node leader
  [txn] 22 workers (ci 132..153 of 198): x1x200-t10-72k-in -> x1x200-t10-72k-out, txn-size 10, linger 1s, pop width 10, lease 10s
  [consume] 22 consumers of x1x200-t10-72k-out: pop width 10, batch 1000, long poll 2s, lease 10s, async batch acks (ack-inflight 256)
READY 1790881639291
[start] waiting 9.316s for the common start 1790881652118
[start] GO 19:07:32.118 (unix ms 1790881652118)
[19:07:42] offered=     3997/s achieved=     3996/s shed=        0/s inflight=     1 | p50=   3.06 p99=    5.60 p999=    8.26 ms | push=39960 pop=42090 lag=-2130 | errs push=0 pop=0 empty=176 gor=188 | ack=     4208/s ackErr=0 ackAvg=5.09ms | e2e p50=18.05 p99=23.94 p999=26.24 n=42090 | e2e_local p50=18.05 p99=24.19 n=13840
[txn] 19:07:42 txn=     411/s msgs=     4106/s avg= 10.00 msg/txn | commit p50=3.50 p99=6.69 p999=8.51 ms | aborts=0 errs=0 open=3 | in=     4109/s | total txns=4106 msgs=41060 aborts=0 errs=0
[19:07:52] offered=     8003/s achieved=     8000/s shed=        0/s inflight=     5 | p50=   3.79 p99=    7.07 p999=   10.69 ms | push=119960 pop=125180 lag=-5220 | errs push=0 pop=0 empty=176 gor=191 | ack=     8310/s ackErr=0 ackAvg=6.42ms | e2e p50=20.86 p99=31.10 p999=38.66 n=83090 | e2e_local p50=20.86 p99=32.13 n=27520
[txn] 19:07:52 txn=     824/s msgs=     8243/s avg= 10.00 msg/txn | commit p50=4.83 p99=8.64 p999=13.89 ms | aborts=0 errs=0 open=3 | in=     8243/s | total txns=12349 msgs=123490 aborts=0 errs=0
[19:08:02] offered=     7998/s achieved=     7997/s shed=        0/s inflight=     4 | p50=   3.92 p99=    7.07 p999=    9.15 ms | push=199930 pop=206580 lag=-6650 | errs push=0 pop=0 empty=176 gor=193 | ack=     8137/s ackErr=0 ackAvg=6.80ms | e2e p50=21.38 p99=30.08 p999=32.64 n=81400 | e2e_local p50=21.38 p99=29.57 n=27740
[txn] 19:08:02 txn=     824/s msgs=     8242/s avg= 10.00 msg/txn | commit p50=5.15 p99=8.90 p999=10.94 ms | aborts=0 errs=0 open=5 | in=     8244/s | total txns=20591 msgs=205910 aborts=0 errs=0
[19:08:12] offered=     8001/s achieved=     8005/s shed=        0/s inflight=     1 | p50=   4.02 p99=    7.52 p999=   13.89 ms | push=279980 pop=286240 lag=-6260 | errs push=0 pop=0 empty=176 gor=189 | ack=     7969/s ackErr=0 ackAvg=7.03ms | e2e p50=22.14 p99=31.87 p999=44.80 n=79660 | e2e_local p50=22.14 p99=32.13 n=26140
[txn] 19:08:12 txn=     821/s msgs=     8213/s avg= 10.00 msg/txn | commit p50=5.41 p99=9.28 p999=10.56 ms | aborts=0 errs=0 open=12 | in=     8219/s | total txns=28804 msgs=288040 aborts=0 errs=0
[19:08:22] offered=     7999/s achieved=     7997/s shed=        0/s inflight=     2 | p50=   4.02 p99=    7.39 p999=    9.54 ms | push=359950 pop=365570 lag=-5620 | errs push=0 pop=0 empty=176 gor=191 | ack=     7933/s ackErr=0 ackAvg=7.18ms | e2e p50=22.14 p99=31.10 p999=37.12 n=79330 | e2e_local p50=22.14 p99=31.10 n=26590
[txn] 19:08:22 txn=     821/s msgs=     8213/s avg= 10.00 msg/txn | commit p50=5.41 p99=9.54 p999=11.46 ms | aborts=0 errs=0 open=7 | in=     8208/s | total txns=37017 msgs=370170 aborts=0 errs=0
[19:08:32] offered=     7998/s achieved=     8000/s shed=        0/s inflight=     1 | p50=   4.05 p99=    7.52 p999=   10.05 ms | push=439960 pop=446860 lag=-6900 | errs push=0 pop=0 empty=176 gor=190 | ack=     8118/s ackErr=0 ackAvg=7.29ms | e2e p50=22.40 p99=31.10 p999=33.02 n=81290 | e2e_local p50=22.40 p99=31.10 n=27090
[txn] 19:08:32 txn=     822/s msgs=     8222/s avg= 10.00 msg/txn | commit p50=5.54 p99=9.41 p999=11.20 ms | aborts=0 errs=0 open=9 | in=     8225/s | total txns=45240 msgs=452400 aborts=0 errs=0
[19:08:42] offered=     8003/s achieved=     8000/s shed=        0/s inflight=     3 | p50=   4.05 p99=    7.46 p999=    9.41 ms | push=519960 pop=526200 lag=-6240 | errs push=0 pop=0 empty=176 gor=179 | ack=     7931/s ackErr=0 ackAvg=7.37ms | e2e p50=22.40 p99=31.87 p999=36.61 n=79340 | e2e_local p50=22.40 p99=31.62 n=26280
[txn] 19:08:42 txn=     819/s msgs=     8190/s avg= 10.00 msg/txn | commit p50=5.47 p99=9.54 p999=18.82 ms | aborts=0 errs=0 open=6 | in=     8187/s | total txns=53430 msgs=534300 aborts=0 errs=0
[drain] workers and readers keep going for up to 59.994s (ends early after 3s idle; lag now -6230)
[drain] idle for 3s after 3.0s: ending the drain (lag -6340)
[info] steady window 60s (after the ramp, before the producers stopped): offered 8000/s pushed 8000/s popped 8068/s cpu 74.7% = 9.34 cores per 100k msg/s (produce+consume)
[final] offered=52000 achieved=52000 shed=0 (msgs: offered=520000 achieved=520000 shed=0) pushErr=0 | pushed=520000 popped=526340 lag=-6340 | popErr=0 empty=218 | overall p50=3.89 p99=7.33 p999=10.05 ms | acked=526340 ackErr=0 ackLag=-6340 ackAvg=7.37ms | e2e p50=21.63 p99=31.10 p999=37.63 ms
load_cpu=57.2%
[txn-final] txns=53446 msgs=534460 aborts=0 errs=0 in=534460 avg=10.00 msg/txn | commit p50=5.15 p99=9.28 p999=11.97 max=24.45 ms
[ids] ledger /root/bench/runs/txn/queen/1x200-t10-72k/ids/p6.ids: 520000 confirmed, 0 failed, 0 unanswered
