qload tag=1x200-t10-72k-p8 loader=8/9 mode=batch rate=8000 msg/s batch=10 batch-max=0 max-inflight=5000 ramp=10s duration=1m10s report=10s drain=1m0s GOMAXPROCS=16 GOGC=400 seed=1790881352885306663
  offered: 8000 msg/s = 800.0 units/s (avg 10.0 msgs/unit) across 17 pacer workers (47.06 units/s each)
  topics: 1 x 200 partitions (x1x200-t10-72k..x1x200-t10-72k), entities/topic=0 (explicit partition) | picker: topics=rr entities: rr over space=200 starting at 177
  payload: goload jsonEvent target 256 B, avg 289.6 B raw, ~320 B stamped ({"ts":µs,"src":8,...}), pool 64x10
  consumers: 22 here (ci 176..197 of 198), poll=1000 proc-us=0 ack=async ack-inflight=256 local-src=[6 7 8]
  queen: url=http://10.114.0.4:6632 (of 3) conns=2048 timeout=30s pop-width=10 pop-batch=1000 pop-timeout=2s lease=10s | configure: leaseTime=30 completedRetention=3600 dedup=0 retryLimit=1000000 | txn: x1x200-t10-72k-in -> workers (txn-size 10, linger 1s, one /transaction = acks with leases + pushes) -> x1x200-t10-72k-out, 22 read-committed readers
  [queen] http://10.114.0.4:6632 healthy: version 2.0.0-beta.2, this node follower
  [txn] 22 workers (ci 176..197 of 198): x1x200-t10-72k-in -> x1x200-t10-72k-out, txn-size 10, linger 1s, pop width 10, lease 10s
  [consume] 22 consumers of x1x200-t10-72k-out: pop width 10, batch 1000, long poll 2s, lease 10s, async batch acks (ack-inflight 256)
READY 1790881639291
[start] waiting 9.317s for the common start 1790881652118
[start] GO 19:07:32.118 (unix ms 1790881652118)
[19:07:42] offered=     3997/s achieved=     3996/s shed=        0/s inflight=     2 | p50=   3.31 p99=    5.79 p999=    9.15 ms | push=39960 pop=37550 lag=2410 | errs push=0 pop=0 empty=176 gor=189 | ack=     3751/s ackErr=0 ackAvg=5.08ms | e2e p50=17.79 p99=23.17 p999=27.26 n=37550 | e2e_local p50=17.79 p99=22.91 n=12500
[txn] 19:07:42 txn=     404/s msgs=     4045/s avg= 10.00 msg/txn | commit p50=3.73 p99=6.43 p999=9.92 ms | aborts=0 errs=0 open=1 | in=     4046/s | total txns=4045 msgs=40450 aborts=0 errs=0
[19:07:52] offered=     8001/s achieved=     7998/s shed=        0/s inflight=     5 | p50=   3.98 p99=    7.39 p999=   10.05 ms | push=119940 pop=118550 lag=1390 | errs push=0 pop=0 empty=176 gor=189 | ack=     8104/s ackErr=0 ackAvg=6.43ms | e2e p50=20.86 p99=30.34 p999=35.07 n=81000 | e2e_local p50=21.12 p99=30.34 n=27050
[txn] 19:07:52 txn=     807/s msgs=     8067/s avg= 10.00 msg/txn | commit p50=4.96 p99=9.02 p999=13.89 ms | aborts=0 errs=0 open=6 | in=     8072/s | total txns=12112 msgs=121120 aborts=0 errs=0
[19:08:02] offered=     7998/s achieved=     8000/s shed=        0/s inflight=     2 | p50=   4.13 p99=    7.20 p999=    9.02 ms | push=199940 pop=196710 lag=3230 | errs push=0 pop=0 empty=176 gor=188 | ack=     7814/s ackErr=0 ackAvg=6.81ms | e2e p50=21.63 p99=30.34 p999=35.07 n=78160 | e2e_local p50=21.63 p99=30.08 n=25820
[txn] 19:08:02 txn=     808/s msgs=     8083/s avg= 10.00 msg/txn | commit p50=5.28 p99=8.90 p999=10.43 ms | aborts=0 errs=0 open=4 | in=     8081/s | total txns=20195 msgs=201950 aborts=0 errs=0
[19:08:12] offered=     8003/s achieved=     7999/s shed=        0/s inflight=     4 | p50=   4.19 p99=    7.46 p999=   11.07 ms | push=279930 pop=279770 lag=160 | errs push=0 pop=0 empty=176 gor=192 | ack=     8308/s ackErr=0 ackAvg=7.03ms | e2e p50=22.14 p99=31.36 p999=39.17 n=83060 | e2e_local p50=22.14 p99=31.36 n=27780
[txn] 19:08:12 txn=     811/s msgs=     8109/s avg= 10.00 msg/txn | commit p50=5.41 p99=9.15 p999=12.35 ms | aborts=0 errs=0 open=2 | in=     8107/s | total txns=28304 msgs=283040 aborts=0 errs=0
[19:08:22] offered=     7998/s achieved=     8000/s shed=        0/s inflight=     4 | p50=   4.19 p99=    7.52 p999=    9.54 ms | push=359930 pop=359950 lag=-20 | errs push=0 pop=0 empty=176 gor=197 | ack=     8000/s ackErr=0 ackAvg=7.17ms | e2e p50=22.14 p99=31.36 p999=37.12 n=80190 | e2e_local p50=22.40 p99=31.36 n=27060
[txn] 19:08:22 txn=     814/s msgs=     8145/s avg= 10.00 msg/txn | commit p50=5.41 p99=9.66 p999=11.97 ms | aborts=0 errs=0 open=10 | in=     8153/s | total txns=36449 msgs=364490 aborts=0 errs=0
[19:08:32] offered=     8001/s achieved=     8003/s shed=        0/s inflight=     2 | p50=   4.26 p99=    7.58 p999=    9.92 ms | push=439960 pop=440280 lag=-320 | errs push=0 pop=0 empty=176 gor=190 | ack=     8051/s ackErr=0 ackAvg=7.27ms | e2e p50=22.40 p99=31.62 p999=34.56 n=80320 | e2e_local p50=22.40 p99=31.62 n=27480
[txn] 19:08:32 txn=     813/s msgs=     8132/s avg= 10.00 msg/txn | commit p50=5.47 p99=9.54 p999=11.33 ms | aborts=0 errs=0 open=6 | in=     8128/s | total txns=44581 msgs=445810 aborts=0 errs=0
[19:08:42] offered=     8000/s achieved=     7999/s shed=        0/s inflight=     3 | p50=   4.26 p99=    7.71 p999=    9.41 ms | push=519950 pop=520480 lag=-530 | errs push=0 pop=0 empty=176 gor=177 | ack=     8012/s ackErr=0 ackAvg=7.34ms | e2e p50=22.40 p99=33.02 p999=43.26 n=80200 | e2e_local p50=22.40 p99=32.64 n=27570
[txn] 19:08:42 txn=     815/s msgs=     8147/s avg= 10.00 msg/txn | commit p50=5.47 p99=9.54 p999=12.86 ms | aborts=0 errs=0 open=6 | in=     8147/s | total txns=52728 msgs=527280 aborts=0 errs=0
[drain] workers and readers keep going for up to 59.995s (ends early after 3s idle; lag now -530)
[drain] idle for 3s after 3.1s: ending the drain (lag -590)
[info] steady window 60s (after the ramp, before the producers stopped): offered 8000/s pushed 8000/s popped 8049/s cpu 74.0% = 9.25 cores per 100k msg/s (produce+consume)
[final] offered=51998 achieved=51998 shed=0 (msgs: offered=519980 achieved=519980 shed=0) pushErr=0 | pushed=519980 popped=520570 lag=-590 | popErr=0 empty=220 | overall p50=4.13 p99=7.46 p999=9.92 ms | acked=520570 ackErr=0 ackLag=-590 ackAvg=7.34ms | e2e p50=21.63 p99=31.36 p999=37.63 ms
load_cpu=56.5%
[txn-final] txns=52743 msgs=527430 aborts=0 errs=0 in=527430 avg=10.00 msg/txn | commit p50=5.22 p99=9.28 p999=11.84 max=20.86 ms
[ids] ledger /root/bench/runs/txn/queen/1x200-t10-72k/ids/p8.ids: 519980 confirmed, 0 failed, 0 unanswered
