{"role":"consumer","event":"start","queues":["bench-hi-part-10000"],"queueCount":1,"consumerGroup":null,"numWorkers":2,"conns":50,"duration":300,"batchSize":100,"timestamp":"2026-06-07T09:30:51.094Z"}
(node:48157) [MODULE_TYPELESS_PACKAGE_JSON] Warning: Module type of file:///home/queen/examples/bench-consumer.js is not specified and it doesn't parse as CommonJS.
Reparsing as ES module because module syntax was detected. This incurs a performance overhead.
To eliminate this warning, add "type": "module" to /home/queen/examples/package.json.
(Use `node --trace-warnings ...` to show where the warning was created)
(node:48176) [MODULE_TYPELESS_PACKAGE_JSON] Warning: Module type of file:///home/queen/examples/bench-consumer.js is not specified and it doesn't parse as CommonJS.
Reparsing as ES module because module syntax was detected. This incurs a performance overhead.
To eliminate this warning, add "type": "module" to /home/queen/examples/package.json.
(Use `node --trace-warnings ...` to show where the warning was created)
(node:48175) [MODULE_TYPELESS_PACKAGE_JSON] Warning: Module type of file:///home/queen/examples/bench-consumer.js is not specified and it doesn't parse as CommonJS.
Reparsing as ES module because module syntax was detected. This incurs a performance overhead.
To eliminate this warning, add "type": "module" to /home/queen/examples/package.json.
(Use `node --trace-warnings ...` to show where the warning was created)
{
  "role": "consumer",
  "event": "result",
  "consumerGroup": null,
  "totalRequests": 227040,
  "reqPerSec": 757,
  "maxMsgPerSecCeiling": 75700,
  "latency": {
    "p50": 102,
    "p90": 243.5,
    "p99": 500,
    "avg": 127.215,
    "max": 3613
  },
  "errors": 100,
  "non2xx": 0,
  "timeouts": 100,
  "durationSec": 300
}
